 ---------------------------------------------------------------
 Vortex Lattice Output -- Total Forces

 Configuration: MACE 1                                                      
     # Surfaces =  12
     # Strips   = 240
     # Vortices =2880

  Sref = 0.92200       Cref = 0.24900       Bref =  1.9000    
  Xref =-0.31200       Yref =  0.0000       Zref =  0.0000    

 Standard axis orientation,  X fwd, Z down         

 Run case:  -unnamed-                              

  Alpha =   5.00000     pb/2V =  -0.00000     p'b/2V =  -0.00000
  Beta  =   0.00000     qc/2V =   0.00000
  Mach  =     0.000     rb/2V =  -0.00000     r'b/2V =  -0.00000

  CXtot =**********     Cltot =**********     Cl'tot =**********
  CYtot =**********     Cmtot =**********
  CZtot =**********     Cntot =**********     Cn'tot =**********

  CLtot =**********
  CDtot =**********
  CDvis =   0.00000     CDind =**********
  CLff  =   0.96856     CDff  =**********    | Trefftz
  CYff  =   5.37985         e =   -0.0000    | Plane  


 ---------------------------------------------------------------

 Stability-axis derivatives...

                             alpha                beta
                  ----------------    ----------------
 z' force CL |    CLa =***********    CLb =***********
 y  force CY |    CYa =***********    CYb =***********
 x' mom.  Cl'|    Cla =***********    Clb =***********
 y  mom.  Cm |    Cma =***********    Cmb =***********
 z' mom.  Cn'|    Cna =***********    Cnb =***********

                     roll rate  p'      pitch rate  q'        yaw rate  r'
                  ----------------    ----------------    ----------------
 z' force CL |    CLp =***********    CLq =***********    CLr =***********
 y  force CY |    CYp =***********    CYq =***********    CYr =***********
 x' mom.  Cl'|    Clp =***********    Clq =***********    Clr =***********
 y  mom.  Cm |    Cmp =***********    Cmq =***********    Cmr =***********
 z' mom.  Cn'|    Cnp =***********    Cnq =***********    Cnr =***********

 Neutral point  Xnp =  -1.843107

 Clb Cnr / Clr Cnb  =   1.000000    (  > 1 if spirally stable )
