 ---------------------------------------------------------------
 Surface and Strip Forces by surface

  Sref =  1.2850       Cref = 0.25900       Bref =  4.9540    
  Xref =-0.65000E-01   Yref =  0.0000       Zref =  0.0000    

  Surface # 1     Wing                                    
     # Chordwise = 12   # Spanwise = 50     First strip =  1
     Surface area Ssurf =    0.641762     Ave. chord Cave =    0.259089

 Forces referred to Sref, Cref, Bref about Xref, Yref, Zref
 Standard axis orientation,  X fwd, Z down         
     CLsurf  =   0.44154     Clsurf  =  -0.09763
     CYsurf  =  -0.00115     Cmsurf  =  -0.27588
     CDsurf  =   0.00654     Cnsurf  =  -0.00798
     CDisurf =   0.00654     CDvsurf =   0.00000

 Forces referred to Ssurf, Cave 
     CLsurf  =   0.88409     CDsurf  =   0.01310

 Strip Forces referred to Strip Area, Chord
    j     Xle      Yle      Zle      Chord    Area     c_cl     ai     cl_norm    cl       cd       cdv    cm_c/4     cm_LE   C.P.x/c
     1   0.0000   0.0255   0.0000   0.2900   0.0148   0.2659   0.0216   0.9205   0.9205   0.0099   0.0000  -0.0820  -0.3113    0.339
     2   0.0000   0.0760   0.0000   0.2900   0.0145   0.2659   0.0216   0.9205   0.9205   0.0099   0.0000  -0.0820  -0.3113    0.339
     3   0.0000   0.1265   0.0000   0.2900   0.0148   0.2659   0.0217   0.9203   0.9203   0.0100   0.0000  -0.0820  -0.3112    0.339
     4   0.0000   0.1770   0.0000   0.2900   0.0145   0.2658   0.0217   0.9200   0.9200   0.0100   0.0000  -0.0820  -0.3112    0.339
     5   0.0000   0.2275   0.0000   0.2900   0.0148   0.2657   0.0218   0.9197   0.9197   0.0100   0.0000  -0.0820  -0.3111    0.339
     6   0.0000   0.2780   0.0000   0.2900   0.0145   0.2656   0.0220   0.9193   0.9193   0.0101   0.0000  -0.0820  -0.3110    0.339
     7   0.0000   0.3285   0.0000   0.2900   0.0148   0.2654   0.0221   0.9188   0.9188   0.0101   0.0000  -0.0820  -0.3108    0.339
     8   0.0000   0.3790   0.0000   0.2900   0.0145   0.2653   0.0223   0.9182   0.9182   0.0102   0.0000  -0.0820  -0.3107    0.339
     9   0.0000   0.4295   0.0000   0.2900   0.0148   0.2651   0.0225   0.9175   0.9175   0.0103   0.0000  -0.0820  -0.3105    0.339
    10   0.0000   0.4805   0.0000   0.2900   0.0148   0.2648   0.0227   0.9167   0.9167   0.0104   0.0000  -0.0820  -0.3103    0.339
    11   0.0000   0.5310   0.0000   0.2900   0.0145   0.2646   0.0229   0.9157   0.9157   0.0105   0.0000  -0.0819  -0.3100    0.339
    12   0.0000   0.5815   0.0000   0.2900   0.0148   0.2643   0.0232   0.9147   0.9147   0.0106   0.0000  -0.0819  -0.3097    0.340
    13   0.0000   0.6320   0.0000   0.2900   0.0145   0.2639   0.0235   0.9136   0.9136   0.0107   0.0000  -0.0819  -0.3094    0.340
    14   0.0000   0.6825   0.0000   0.2900   0.0148   0.2636   0.0239   0.9123   0.9123   0.0109   0.0000  -0.0819  -0.3091    0.340
    15   0.0000   0.7330   0.0000   0.2900   0.0145   0.2632   0.0243   0.9108   0.9108   0.0110   0.0000  -0.0818  -0.3087    0.340
    16   0.0000   0.7835   0.0000   0.2900   0.0148   0.2627   0.0247   0.9092   0.9092   0.0112   0.0000  -0.0818  -0.3083    0.340
    17   0.0000   0.8340   0.0000   0.2900   0.0145   0.2622   0.0252   0.9075   0.9075   0.0114   0.0000  -0.0818  -0.3078    0.340
    18   0.0000   0.8845   0.0000   0.2900   0.0148   0.2616   0.0257   0.9055   0.9055   0.0116   0.0000  -0.0817  -0.3073    0.340
    19   0.0000   0.9355   0.0000   0.2900   0.0148   0.2610   0.0263   0.9033   0.9033   0.0118   0.0000  -0.0817  -0.3067    0.340
    20   0.0000   0.9860   0.0000   0.2900   0.0145   0.2603   0.0269   0.9009   0.9009   0.0121   0.0000  -0.0816  -0.3060    0.341
    21   0.0000   1.0365   0.0000   0.2900   0.0148   0.2596   0.0276   0.8983   0.8983   0.0124   0.0000  -0.0815  -0.3053    0.341
    22   0.0000   1.0870   0.0000   0.2900   0.0145   0.2587   0.0284   0.8953   0.8953   0.0127   0.0000  -0.0815  -0.3045    0.341
    23   0.0000   1.1375   0.0000   0.2900   0.0148   0.2578   0.0293   0.8920   0.8920   0.0130   0.0000  -0.0814  -0.3036    0.341
    24   0.0000   1.1880   0.0000   0.2900   0.0145   0.2568   0.0303   0.8884   0.8884   0.0133   0.0000  -0.0813  -0.3026    0.341
    25   0.0000   1.2258   0.0000   0.2900   0.0074   0.2559   0.0311   0.8853   0.8853   0.0136   0.0000  -0.0811  -0.3017    0.342
    26   0.0000   1.2512   0.0000   0.2900   0.0074   0.2551   0.0318   0.8825   0.8825   0.0139   0.0000  -0.0810  -0.3009    0.342
    27   0.0000   1.2890   0.0000   0.2900   0.0145   0.2540   0.0329   0.8789   0.8789   0.0142   0.0000  -0.0809  -0.2999    0.342
    28   0.0000   1.3395   0.0000   0.2895   0.0148   0.2524   0.0338   0.8747   0.8747   0.0147   0.0000  -0.0809  -0.2989    0.342
    29   0.0005   1.3905   0.0000   0.2885   0.0147   0.2505   0.0352   0.8713   0.8711   0.0148   0.0000  -0.0805  -0.2975    0.342
    30   0.0010   1.4410   0.0000   0.2870   0.0144   0.2482   0.0363   0.8677   0.8676   0.0150   0.0000  -0.0803  -0.2965    0.343
    31   0.0015   1.4915   0.0000   0.2845   0.0145   0.2454   0.0364   0.8654   0.8654   0.0153   0.0000  -0.0803  -0.2960    0.343
    32   0.0020   1.5420   0.0000   0.2820   0.0141   0.2423   0.0372   0.8621   0.8621   0.0156   0.0000  -0.0803  -0.2951    0.343
    33   0.0025   1.5925   0.0000   0.2790   0.0142   0.2388   0.0377   0.8587   0.8587   0.0161   0.0000  -0.0803  -0.2942    0.343
    34   0.0035   1.6430   0.0000   0.2750   0.0137   0.2349   0.0379   0.8568   0.8568   0.0162   0.0000  -0.0802  -0.2937    0.344
    35   0.0045   1.6935   0.0000   0.2710   0.0138   0.2306   0.0388   0.8535   0.8535   0.0165   0.0000  -0.0800  -0.2927    0.344
    36   0.0060   1.7440   0.0000   0.2660   0.0133   0.2258   0.0394   0.8515   0.8514   0.0164   0.0000  -0.0797  -0.2916    0.344
    37   0.0075   1.7945   0.0000   0.2600   0.0133   0.2204   0.0392   0.8502   0.8501   0.0165   0.0000  -0.0797  -0.2915    0.344
    38   0.0090   1.8455   0.0000   0.2540   0.0130   0.2145   0.0399   0.8470   0.8469   0.0167   0.0000  -0.0795  -0.2904    0.344
    39   0.0110   1.8960   0.0000   0.2470   0.0124   0.2080   0.0404   0.8446   0.8446   0.0166   0.0000  -0.0791  -0.2894    0.344
    40   0.0130   1.9465   0.0000   0.2390   0.0122   0.2008   0.0404   0.8426   0.8426   0.0167   0.0000  -0.0789  -0.2887    0.344
    41   0.0150   1.9970   0.0000   0.2305   0.0115   0.1929   0.0406   0.8392   0.8392   0.0170   0.0000  -0.0787  -0.2877    0.344
    42   0.0175   2.0475   0.0000   0.2210   0.0113   0.1842   0.0412   0.8359   0.8358   0.0169   0.0000  -0.0782  -0.2861    0.344
    43   0.0200   2.0980   0.0000   0.2100   0.0105   0.1744   0.0404   0.8331   0.8327   0.0171   0.0000  -0.0780  -0.2854    0.344
    44   0.0230   2.1485   0.0000   0.1980   0.0101   0.1636   0.0409   0.8291   0.8288   0.0170   0.0000  -0.0775  -0.2833    0.344
    45   0.0265   2.1990   0.0000   0.1845   0.0092   0.1515   0.0409   0.8235   0.8233   0.0168   0.0000  -0.0764  -0.2811    0.343
    46   0.0300   2.2495   0.0000   0.1685   0.0086   0.1375   0.0394   0.8184   0.8183   0.0170   0.0000  -0.0760  -0.2792    0.343
    47   0.0345   2.3005   0.0000   0.1500   0.0077   0.1213   0.0383   0.8113   0.8113   0.0167   0.0000  -0.0749  -0.2758    0.342
    48   0.0405   2.3510   0.0000   0.1280   0.0064   0.1023   0.0373   0.8019   0.8016   0.0157   0.0000  -0.0725  -0.2697    0.340
    49   0.0480   2.4015   0.0000   0.0995   0.0051   0.0780   0.0321   0.7868   0.7868   0.0135   0.0000  -0.0676  -0.2605    0.336
    50   0.0620   2.4520   0.0000   0.0415   0.0021   0.0407  -0.0524   0.9865   0.9863  -0.0188   0.0000  -0.0563  -0.2797    0.307
 ---------------------------------------------------------------
