 ---------------------------------------------------------------
 Surface and Strip Forces by surface

  Sref =  1.2850       Cref = 0.25900       Bref =  4.9540    
  Xref =-0.65000E-01   Yref =  0.0000       Zref =  0.0000    

  Surface # 1     Wing                                    
     # Chordwise = 12   # Spanwise = 50     First strip =  1
     Surface area Ssurf =    0.641762     Ave. chord Cave =    0.259089

 Forces referred to Sref, Cref, Bref about Xref, Yref, Zref
 Standard axis orientation,  X fwd, Z down         
     CLsurf  =   0.54278     Clsurf  =  -0.11961
     CYsurf  =  -0.00212     Cmsurf  =  -0.32794
     CDsurf  =   0.00986     Cnsurf  =  -0.01374
     CDisurf =   0.00986     CDvsurf =   0.00000

 Forces referred to Ssurf, Cave 
     CLsurf  =   1.08680     CDsurf  =   0.01974

 Strip Forces referred to Strip Area, Chord
    j     Xle      Yle      Zle      Chord    Area     c_cl     ai     cl_norm    cl       cd       cdv    cm_c/4     cm_LE   C.P.x/c
     1   0.0000   0.0255   0.0000   0.2900   0.0148   0.3259   0.0266   1.1321   1.1321   0.0150   0.0000  -0.0812  -0.3621    0.322
     2   0.0000   0.0760   0.0000   0.2900   0.0145   0.3258   0.0266   1.1320   1.1320   0.0150   0.0000  -0.0812  -0.3621    0.322
     3   0.0000   0.1265   0.0000   0.2900   0.0148   0.3258   0.0267   1.1318   1.1318   0.0150   0.0000  -0.0812  -0.3621    0.322
     4   0.0000   0.1770   0.0000   0.2900   0.0145   0.3257   0.0268   1.1315   1.1315   0.0151   0.0000  -0.0812  -0.3620    0.322
     5   0.0000   0.2275   0.0000   0.2900   0.0148   0.3256   0.0269   1.1311   1.1311   0.0151   0.0000  -0.0812  -0.3619    0.322
     6   0.0000   0.2780   0.0000   0.2900   0.0145   0.3254   0.0270   1.1306   1.1306   0.0152   0.0000  -0.0812  -0.3617    0.322
     7   0.0000   0.3285   0.0000   0.2900   0.0148   0.3253   0.0272   1.1299   1.1299   0.0153   0.0000  -0.0812  -0.3616    0.322
     8   0.0000   0.3790   0.0000   0.2900   0.0145   0.3250   0.0274   1.1292   1.1292   0.0154   0.0000  -0.0812  -0.3614    0.322
     9   0.0000   0.4295   0.0000   0.2900   0.0148   0.3248   0.0276   1.1283   1.1283   0.0155   0.0000  -0.0812  -0.3611    0.322
    10   0.0000   0.4805   0.0000   0.2900   0.0148   0.3245   0.0279   1.1273   1.1273   0.0156   0.0000  -0.0811  -0.3609    0.322
    11   0.0000   0.5310   0.0000   0.2900   0.0145   0.3242   0.0282   1.1261   1.1261   0.0158   0.0000  -0.0811  -0.3606    0.322
    12   0.0000   0.5815   0.0000   0.2900   0.0148   0.3238   0.0286   1.1249   1.1249   0.0160   0.0000  -0.0811  -0.3602    0.322
    13   0.0000   0.6320   0.0000   0.2900   0.0145   0.3234   0.0290   1.1234   1.1234   0.0162   0.0000  -0.0811  -0.3599    0.322
    14   0.0000   0.6825   0.0000   0.2900   0.0148   0.3230   0.0294   1.1218   1.1218   0.0164   0.0000  -0.0810  -0.3594    0.322
    15   0.0000   0.7330   0.0000   0.2900   0.0145   0.3225   0.0299   1.1200   1.1200   0.0166   0.0000  -0.0810  -0.3590    0.322
    16   0.0000   0.7835   0.0000   0.2900   0.0148   0.3219   0.0304   1.1180   1.1180   0.0169   0.0000  -0.0809  -0.3584    0.322
    17   0.0000   0.8340   0.0000   0.2900   0.0145   0.3213   0.0310   1.1158   1.1158   0.0172   0.0000  -0.0809  -0.3579    0.323
    18   0.0000   0.8845   0.0000   0.2900   0.0148   0.3206   0.0316   1.1134   1.1134   0.0175   0.0000  -0.0808  -0.3572    0.323
    19   0.0000   0.9355   0.0000   0.2900   0.0148   0.3198   0.0324   1.1106   1.1106   0.0178   0.0000  -0.0808  -0.3565    0.323
    20   0.0000   0.9860   0.0000   0.2900   0.0145   0.3190   0.0331   1.1076   1.1076   0.0182   0.0000  -0.0807  -0.3557    0.323
    21   0.0000   1.0365   0.0000   0.2900   0.0148   0.3180   0.0340   1.1043   1.1043   0.0186   0.0000  -0.0806  -0.3548    0.323
    22   0.0000   1.0870   0.0000   0.2900   0.0145   0.3170   0.0350   1.1006   1.1006   0.0191   0.0000  -0.0805  -0.3538    0.323
    23   0.0000   1.1375   0.0000   0.2900   0.0148   0.3158   0.0361   1.0965   1.0965   0.0196   0.0000  -0.0804  -0.3527    0.323
    24   0.0000   1.1880   0.0000   0.2900   0.0145   0.3145   0.0373   1.0919   1.0919   0.0201   0.0000  -0.0803  -0.3514    0.324
    25   0.0000   1.2258   0.0000   0.2900   0.0074   0.3134   0.0383   1.0880   1.0880   0.0206   0.0000  -0.0802  -0.3503    0.324
    26   0.0000   1.2512   0.0000   0.2900   0.0074   0.3124   0.0391   1.0845   1.0845   0.0209   0.0000  -0.0800  -0.3494    0.324
    27   0.0000   1.2890   0.0000   0.2900   0.0145   0.3112   0.0404   1.0800   1.0800   0.0214   0.0000  -0.0799  -0.3481    0.324
    28   0.0000   1.3395   0.0000   0.2895   0.0148   0.3091   0.0415   1.0748   1.0748   0.0223   0.0000  -0.0799  -0.3468    0.324
    29   0.0005   1.3905   0.0000   0.2885   0.0147   0.3068   0.0432   1.0705   1.0702   0.0224   0.0000  -0.0794  -0.3452    0.324
    30   0.0010   1.4410   0.0000   0.2870   0.0144   0.3040   0.0445   1.0660   1.0659   0.0227   0.0000  -0.0791  -0.3439    0.324
    31   0.0015   1.4915   0.0000   0.2845   0.0145   0.3006   0.0447   1.0632   1.0632   0.0231   0.0000  -0.0792  -0.3433    0.324
    32   0.0020   1.5420   0.0000   0.2820   0.0141   0.2968   0.0456   1.0591   1.0590   0.0236   0.0000  -0.0791  -0.3422    0.325
    33   0.0025   1.5925   0.0000   0.2790   0.0142   0.2925   0.0463   1.0548   1.0548   0.0243   0.0000  -0.0792  -0.3412    0.325
    34   0.0035   1.6430   0.0000   0.2750   0.0137   0.2877   0.0466   1.0524   1.0524   0.0244   0.0000  -0.0790  -0.3405    0.325
    35   0.0045   1.6935   0.0000   0.2710   0.0138   0.2824   0.0476   1.0483   1.0483   0.0249   0.0000  -0.0788  -0.3393    0.325
    36   0.0060   1.7440   0.0000   0.2660   0.0133   0.2765   0.0484   1.0459   1.0458   0.0247   0.0000  -0.0784  -0.3380    0.325
    37   0.0075   1.7945   0.0000   0.2600   0.0133   0.2699   0.0481   1.0444   1.0443   0.0248   0.0000  -0.0784  -0.3378    0.325
    38   0.0090   1.8455   0.0000   0.2540   0.0130   0.2627   0.0490   1.0404   1.0403   0.0253   0.0000  -0.0782  -0.3365    0.325
    39   0.0110   1.8960   0.0000   0.2470   0.0124   0.2547   0.0496   1.0375   1.0375   0.0251   0.0000  -0.0777  -0.3352    0.325
    40   0.0130   1.9465   0.0000   0.2390   0.0122   0.2459   0.0496   1.0351   1.0351   0.0252   0.0000  -0.0775  -0.3345    0.325
    41   0.0150   1.9970   0.0000   0.2305   0.0115   0.2362   0.0498   1.0310   1.0309   0.0256   0.0000  -0.0773  -0.3333    0.325
    42   0.0175   2.0475   0.0000   0.2210   0.0113   0.2256   0.0506   1.0270   1.0269   0.0254   0.0000  -0.0767  -0.3313    0.325
    43   0.0200   2.0980   0.0000   0.2100   0.0105   0.2136   0.0496   1.0236   1.0232   0.0257   0.0000  -0.0764  -0.3305    0.325
    44   0.0230   2.1485   0.0000   0.1980   0.0101   0.2005   0.0503   1.0188   1.0184   0.0256   0.0000  -0.0759  -0.3280    0.325
    45   0.0265   2.1990   0.0000   0.1845   0.0092   0.1856   0.0503   1.0121   1.0119   0.0251   0.0000  -0.0746  -0.3255    0.324
    46   0.0300   2.2495   0.0000   0.1685   0.0086   0.1685   0.0485   1.0061   1.0060   0.0254   0.0000  -0.0742  -0.3232    0.324
    47   0.0345   2.3005   0.0000   0.1500   0.0077   0.1488   0.0472   0.9978   0.9978   0.0250   0.0000  -0.0728  -0.3193    0.323
    48   0.0405   2.3510   0.0000   0.1280   0.0064   0.1255   0.0459   0.9868   0.9864   0.0232   0.0000  -0.0700  -0.3121    0.321
    49   0.0480   2.4015   0.0000   0.0995   0.0051   0.0959   0.0397   0.9697   0.9697   0.0199   0.0000  -0.0645  -0.3017    0.316
    50   0.0620   2.4520   0.0000   0.0415   0.0021   0.0503  -0.0618   1.2281   1.2279  -0.0298   0.0000  -0.0519  -0.3296    0.292
 ---------------------------------------------------------------
