 ---------------------------------------------------------------
 Surface and Strip Forces by surface

  Sref =  1.2850       Cref = 0.25900       Bref =  4.9540    
  Xref =-0.65000E-01   Yref =  0.0000       Zref =  0.0000    

  Surface # 1     Wing                                    
     # Chordwise = 12   # Spanwise = 50     First strip =  1
     Surface area Ssurf =    0.641762     Ave. chord Cave =    0.259089

 Forces referred to Sref, Cref, Bref about Xref, Yref, Zref
 Standard axis orientation,  X fwd, Z down         
     CLsurf  =   0.81473     Clsurf  =  -0.17683
     CYsurf  =  -0.00612     Cmsurf  =  -0.46281
     CDsurf  =   0.02196     Cnsurf  =  -0.03680
     CDisurf =   0.02196     CDvsurf =   0.00000

 Forces referred to Ssurf, Cave 
     CLsurf  =   1.63133     CDsurf  =   0.04396

 Strip Forces referred to Strip Area, Chord
    j     Xle      Yle      Zle      Chord    Area     c_cl     ai     cl_norm    cl       cd       cdv    cm_c/4     cm_LE   C.P.x/c
     1   0.0000   0.0255   0.0000   0.2900   0.0148   0.4819   0.0401   1.7017   1.7017   0.0334   0.0000  -0.0779  -0.4933    0.296
     2   0.0000   0.0760   0.0000   0.2900   0.0145   0.4818   0.0402   1.7015   1.7015   0.0334   0.0000  -0.0779  -0.4933    0.296
     3   0.0000   0.1265   0.0000   0.2900   0.0148   0.4818   0.0403   1.7012   1.7012   0.0335   0.0000  -0.0779  -0.4932    0.296
     4   0.0000   0.1770   0.0000   0.2900   0.0145   0.4816   0.0404   1.7007   1.7007   0.0336   0.0000  -0.0779  -0.4931    0.296
     5   0.0000   0.2275   0.0000   0.2900   0.0148   0.4815   0.0406   1.7001   1.7001   0.0337   0.0000  -0.0779  -0.4929    0.296
     6   0.0000   0.2780   0.0000   0.2900   0.0145   0.4812   0.0408   1.6992   1.6992   0.0339   0.0000  -0.0779  -0.4927    0.296
     7   0.0000   0.3285   0.0000   0.2900   0.0148   0.4810   0.0411   1.6982   1.6982   0.0341   0.0000  -0.0778  -0.4925    0.296
     8   0.0000   0.3790   0.0000   0.2900   0.0145   0.4806   0.0414   1.6971   1.6971   0.0343   0.0000  -0.0778  -0.4922    0.296
     9   0.0000   0.4295   0.0000   0.2900   0.0148   0.4803   0.0417   1.6957   1.6957   0.0346   0.0000  -0.0778  -0.4918    0.296
    10   0.0000   0.4805   0.0000   0.2900   0.0148   0.4798   0.0421   1.6941   1.6941   0.0349   0.0000  -0.0778  -0.4914    0.296
    11   0.0000   0.5310   0.0000   0.2900   0.0145   0.4794   0.0426   1.6923   1.6923   0.0352   0.0000  -0.0777  -0.4910    0.296
    12   0.0000   0.5815   0.0000   0.2900   0.0148   0.4788   0.0431   1.6903   1.6903   0.0356   0.0000  -0.0777  -0.4905    0.296
    13   0.0000   0.6320   0.0000   0.2900   0.0145   0.4782   0.0437   1.6880   1.6880   0.0361   0.0000  -0.0777  -0.4899    0.296
    14   0.0000   0.6825   0.0000   0.2900   0.0148   0.4775   0.0444   1.6855   1.6855   0.0365   0.0000  -0.0776  -0.4893    0.296
    15   0.0000   0.7330   0.0000   0.2900   0.0145   0.4768   0.0451   1.6827   1.6827   0.0371   0.0000  -0.0776  -0.4886    0.296
    16   0.0000   0.7835   0.0000   0.2900   0.0148   0.4759   0.0459   1.6795   1.6795   0.0377   0.0000  -0.0775  -0.4878    0.296
    17   0.0000   0.8340   0.0000   0.2900   0.0145   0.4750   0.0468   1.6761   1.6761   0.0383   0.0000  -0.0774  -0.4869    0.296
    18   0.0000   0.8845   0.0000   0.2900   0.0148   0.4740   0.0477   1.6722   1.6722   0.0390   0.0000  -0.0773  -0.4859    0.296
    19   0.0000   0.9355   0.0000   0.2900   0.0148   0.4728   0.0488   1.6679   1.6679   0.0398   0.0000  -0.0772  -0.4848    0.296
    20   0.0000   0.9860   0.0000   0.2900   0.0145   0.4715   0.0500   1.6632   1.6632   0.0406   0.0000  -0.0771  -0.4836    0.296
    21   0.0000   1.0365   0.0000   0.2900   0.0148   0.4701   0.0513   1.6580   1.6580   0.0416   0.0000  -0.0770  -0.4823    0.296
    22   0.0000   1.0870   0.0000   0.2900   0.0145   0.4686   0.0528   1.6522   1.6522   0.0426   0.0000  -0.0769  -0.4808    0.297
    23   0.0000   1.1375   0.0000   0.2900   0.0148   0.4668   0.0544   1.6457   1.6457   0.0437   0.0000  -0.0767  -0.4791    0.297
    24   0.0000   1.1880   0.0000   0.2900   0.0145   0.4649   0.0562   1.6386   1.6386   0.0449   0.0000  -0.0765  -0.4773    0.297
    25   0.0000   1.2258   0.0000   0.2900   0.0074   0.4632   0.0577   1.6324   1.6324   0.0459   0.0000  -0.0764  -0.4757    0.297
    26   0.0000   1.2512   0.0000   0.2900   0.0074   0.4617   0.0589   1.6269   1.6269   0.0467   0.0000  -0.0762  -0.4742    0.297
    27   0.0000   1.2890   0.0000   0.2900   0.0145   0.4598   0.0608   1.6198   1.6198   0.0479   0.0000  -0.0760  -0.4724    0.297
    28   0.0000   1.3395   0.0000   0.2895   0.0148   0.4568   0.0625   1.6115   1.6115   0.0500   0.0000  -0.0760  -0.4705    0.297
    29   0.0005   1.3905   0.0000   0.2885   0.0147   0.4533   0.0649   1.6048   1.6045   0.0501   0.0000  -0.0754  -0.4681    0.297
    30   0.0010   1.4410   0.0000   0.2870   0.0144   0.4491   0.0668   1.5979   1.5977   0.0508   0.0000  -0.0749  -0.4661    0.297
    31   0.0015   1.4915   0.0000   0.2845   0.0145   0.4441   0.0672   1.5935   1.5935   0.0516   0.0000  -0.0750  -0.4651    0.297
    32   0.0020   1.5420   0.0000   0.2820   0.0141   0.4384   0.0686   1.5871   1.5870   0.0528   0.0000  -0.0749  -0.4636    0.297
    33   0.0025   1.5925   0.0000   0.2790   0.0142   0.4321   0.0695   1.5804   1.5804   0.0545   0.0000  -0.0750  -0.4621    0.297
    34   0.0035   1.6430   0.0000   0.2750   0.0137   0.4250   0.0701   1.5769   1.5769   0.0545   0.0000  -0.0748  -0.4610    0.297
    35   0.0045   1.6935   0.0000   0.2710   0.0138   0.4172   0.0716   1.5705   1.5705   0.0557   0.0000  -0.0746  -0.4593    0.297
    36   0.0060   1.7440   0.0000   0.2660   0.0133   0.4085   0.0727   1.5669   1.5668   0.0551   0.0000  -0.0739  -0.4575    0.297
    37   0.0075   1.7945   0.0000   0.2600   0.0133   0.3987   0.0724   1.5646   1.5645   0.0554   0.0000  -0.0739  -0.4571    0.297
    38   0.0090   1.8455   0.0000   0.2540   0.0130   0.3881   0.0737   1.5585   1.5583   0.0564   0.0000  -0.0737  -0.4553    0.297
    39   0.0110   1.8960   0.0000   0.2470   0.0124   0.3764   0.0746   1.5543   1.5543   0.0558   0.0000  -0.0729  -0.4535    0.297
    40   0.0130   1.9465   0.0000   0.2390   0.0122   0.3634   0.0746   1.5508   1.5508   0.0559   0.0000  -0.0726  -0.4524    0.297
    41   0.0150   1.9970   0.0000   0.2305   0.0115   0.3491   0.0750   1.5445   1.5445   0.0569   0.0000  -0.0724  -0.4506    0.297
    42   0.0175   2.0475   0.0000   0.2210   0.0113   0.3334   0.0761   1.5388   1.5386   0.0563   0.0000  -0.0715  -0.4479    0.296
    43   0.0200   2.0980   0.0000   0.2100   0.0105   0.3157   0.0748   1.5338   1.5333   0.0570   0.0000  -0.0712  -0.4467    0.296
    44   0.0230   2.1485   0.0000   0.1980   0.0101   0.2964   0.0757   1.5269   1.5264   0.0566   0.0000  -0.0704  -0.4433    0.296
    45   0.0265   2.1990   0.0000   0.1845   0.0092   0.2744   0.0757   1.5175   1.5171   0.0554   0.0000  -0.0686  -0.4397    0.295
    46   0.0300   2.2495   0.0000   0.1685   0.0086   0.2493   0.0732   1.5089   1.5089   0.0560   0.0000  -0.0681  -0.4366    0.295
    47   0.0345   2.3005   0.0000   0.1500   0.0077   0.2202   0.0712   1.4974   1.4974   0.0549   0.0000  -0.0663  -0.4313    0.294
    48   0.0405   2.3510   0.0000   0.1280   0.0064   0.1859   0.0693   1.4828   1.4822   0.0505   0.0000  -0.0625  -0.4215    0.292
    49   0.0480   2.4015   0.0000   0.0995   0.0051   0.1423   0.0602   1.4611   1.4610   0.0429   0.0000  -0.0552  -0.4077    0.288
    50   0.0620   2.4520   0.0000   0.0415   0.0021   0.0755  -0.0873   1.8898   1.8894  -0.0717   0.0000  -0.0393  -0.4588    0.271
 ---------------------------------------------------------------
