 ---------------------------------------------------------------
 Surface and Strip Forces by surface

  Sref =  1.2850       Cref = 0.25900       Bref =  4.9540    
  Xref =-0.65000E-01   Yref =  0.0000       Zref =  0.0000    

  Surface # 1     Wing                                    
     # Chordwise = 12   # Spanwise = 50     First strip =  1
     Surface area Ssurf =    0.641762     Ave. chord Cave =    0.259089

 Forces referred to Sref, Cref, Bref about Xref, Yref, Zref
 Standard axis orientation,  X fwd, Z down         
     CLsurf  =   0.37701     Clsurf  =  -0.08349
     CYsurf  =  -0.00067     Cmsurf  =  -0.24233
     CDsurf  =   0.00478     Cnsurf  =  -0.00508
     CDisurf =   0.00478     CDvsurf =   0.00000

 Forces referred to Ssurf, Cave 
     CLsurf  =   0.75489     CDsurf  =   0.00956

 Strip Forces referred to Strip Area, Chord
    j     Xle      Yle      Zle      Chord    Area     c_cl     ai     cl_norm    cl       cd       cdv    cm_c/4     cm_LE   C.P.x/c
     1   0.0000   0.0255   0.0000   0.2900   0.0148   0.2274   0.0184   0.7858   0.7858   0.0072   0.0000  -0.0824  -0.2784    0.355
     2   0.0000   0.0760   0.0000   0.2900   0.0145   0.2274   0.0184   0.7857   0.7857   0.0072   0.0000  -0.0824  -0.2784    0.355
     3   0.0000   0.1265   0.0000   0.2900   0.0148   0.2273   0.0185   0.7856   0.7856   0.0073   0.0000  -0.0824  -0.2784    0.355
     4   0.0000   0.1770   0.0000   0.2900   0.0145   0.2273   0.0185   0.7854   0.7854   0.0073   0.0000  -0.0824  -0.2783    0.355
     5   0.0000   0.2275   0.0000   0.2900   0.0148   0.2272   0.0186   0.7851   0.7851   0.0073   0.0000  -0.0824  -0.2783    0.355
     6   0.0000   0.2780   0.0000   0.2900   0.0145   0.2271   0.0187   0.7847   0.7847   0.0073   0.0000  -0.0824  -0.2782    0.355
     7   0.0000   0.3285   0.0000   0.2900   0.0148   0.2270   0.0188   0.7843   0.7843   0.0074   0.0000  -0.0824  -0.2781    0.355
     8   0.0000   0.3790   0.0000   0.2900   0.0145   0.2268   0.0190   0.7838   0.7838   0.0074   0.0000  -0.0824  -0.2779    0.355
     9   0.0000   0.4295   0.0000   0.2900   0.0148   0.2266   0.0191   0.7832   0.7832   0.0075   0.0000  -0.0824  -0.2778    0.355
    10   0.0000   0.4805   0.0000   0.2900   0.0148   0.2264   0.0193   0.7825   0.7825   0.0076   0.0000  -0.0824  -0.2776    0.355
    11   0.0000   0.5310   0.0000   0.2900   0.0145   0.2262   0.0195   0.7817   0.7817   0.0076   0.0000  -0.0824  -0.2774    0.355
    12   0.0000   0.5815   0.0000   0.2900   0.0148   0.2260   0.0198   0.7809   0.7809   0.0077   0.0000  -0.0823  -0.2771    0.355
    13   0.0000   0.6320   0.0000   0.2900   0.0145   0.2257   0.0201   0.7799   0.7799   0.0078   0.0000  -0.0823  -0.2769    0.356
    14   0.0000   0.6825   0.0000   0.2900   0.0148   0.2254   0.0204   0.7788   0.7788   0.0079   0.0000  -0.0823  -0.2766    0.356
    15   0.0000   0.7330   0.0000   0.2900   0.0145   0.2250   0.0207   0.7776   0.7776   0.0080   0.0000  -0.0823  -0.2763    0.356
    16   0.0000   0.7835   0.0000   0.2900   0.0148   0.2246   0.0211   0.7762   0.7762   0.0082   0.0000  -0.0822  -0.2759    0.356
    17   0.0000   0.8340   0.0000   0.2900   0.0145   0.2242   0.0215   0.7747   0.7747   0.0083   0.0000  -0.0822  -0.2755    0.356
    18   0.0000   0.8845   0.0000   0.2900   0.0148   0.2237   0.0219   0.7731   0.7731   0.0085   0.0000  -0.0822  -0.2750    0.356
    19   0.0000   0.9355   0.0000   0.2900   0.0148   0.2232   0.0224   0.7713   0.7713   0.0086   0.0000  -0.0821  -0.2745    0.356
    20   0.0000   0.9860   0.0000   0.2900   0.0145   0.2226   0.0230   0.7692   0.7692   0.0088   0.0000  -0.0821  -0.2740    0.357
    21   0.0000   1.0365   0.0000   0.2900   0.0148   0.2220   0.0236   0.7670   0.7670   0.0090   0.0000  -0.0820  -0.2734    0.357
    22   0.0000   1.0870   0.0000   0.2900   0.0145   0.2213   0.0242   0.7645   0.7645   0.0092   0.0000  -0.0819  -0.2727    0.357
    23   0.0000   1.1375   0.0000   0.2900   0.0148   0.2205   0.0250   0.7617   0.7617   0.0095   0.0000  -0.0819  -0.2719    0.357
    24   0.0000   1.1880   0.0000   0.2900   0.0145   0.2196   0.0259   0.7587   0.7587   0.0097   0.0000  -0.0818  -0.2711    0.358
    25   0.0000   1.2258   0.0000   0.2900   0.0074   0.2188   0.0266   0.7561   0.7561   0.0099   0.0000  -0.0817  -0.2703    0.358
    26   0.0000   1.2512   0.0000   0.2900   0.0074   0.2182   0.0271   0.7537   0.7537   0.0101   0.0000  -0.0816  -0.2697    0.358
    27   0.0000   1.2890   0.0000   0.2900   0.0145   0.2173   0.0281   0.7507   0.7507   0.0103   0.0000  -0.0814  -0.2688    0.358
    28   0.0000   1.3395   0.0000   0.2895   0.0148   0.2159   0.0289   0.7472   0.7472   0.0107   0.0000  -0.0814  -0.2679    0.359
    29   0.0005   1.3905   0.0000   0.2885   0.0147   0.2143   0.0301   0.7443   0.7441   0.0108   0.0000  -0.0811  -0.2668    0.359
    30   0.0010   1.4410   0.0000   0.2870   0.0144   0.2123   0.0310   0.7413   0.7412   0.0109   0.0000  -0.0809  -0.2659    0.359
    31   0.0015   1.4915   0.0000   0.2845   0.0145   0.2100   0.0311   0.7393   0.7393   0.0112   0.0000  -0.0810  -0.2654    0.360
    32   0.0020   1.5420   0.0000   0.2820   0.0141   0.2073   0.0318   0.7365   0.7365   0.0114   0.0000  -0.0809  -0.2647    0.360
    33   0.0025   1.5925   0.0000   0.2790   0.0142   0.2043   0.0322   0.7336   0.7336   0.0117   0.0000  -0.0809  -0.2639    0.360
    34   0.0035   1.6430   0.0000   0.2750   0.0137   0.2010   0.0324   0.7320   0.7320   0.0118   0.0000  -0.0808  -0.2635    0.360
    35   0.0045   1.6935   0.0000   0.2710   0.0138   0.1973   0.0332   0.7292   0.7292   0.0120   0.0000  -0.0807  -0.2626    0.361
    36   0.0060   1.7440   0.0000   0.2660   0.0133   0.1932   0.0337   0.7275   0.7274   0.0119   0.0000  -0.0804  -0.2617    0.360
    37   0.0075   1.7945   0.0000   0.2600   0.0133   0.1885   0.0335   0.7264   0.7263   0.0120   0.0000  -0.0804  -0.2616    0.361
    38   0.0090   1.8455   0.0000   0.2540   0.0130   0.1835   0.0341   0.7236   0.7235   0.0122   0.0000  -0.0802  -0.2606    0.361
    39   0.0110   1.8960   0.0000   0.2470   0.0124   0.1779   0.0346   0.7215   0.7215   0.0121   0.0000  -0.0798  -0.2597    0.361
    40   0.0130   1.9465   0.0000   0.2390   0.0122   0.1718   0.0345   0.7198   0.7198   0.0122   0.0000  -0.0797  -0.2592    0.361
    41   0.0150   1.9970   0.0000   0.2305   0.0115   0.1650   0.0346   0.7169   0.7169   0.0124   0.0000  -0.0795  -0.2583    0.361
    42   0.0175   2.0475   0.0000   0.2210   0.0113   0.1575   0.0352   0.7141   0.7140   0.0123   0.0000  -0.0791  -0.2569    0.361
    43   0.0200   2.0980   0.0000   0.2100   0.0105   0.1491   0.0345   0.7115   0.7113   0.0125   0.0000  -0.0789  -0.2562    0.361
    44   0.0230   2.1485   0.0000   0.1980   0.0101   0.1399   0.0350   0.7081   0.7078   0.0125   0.0000  -0.0785  -0.2544    0.361
    45   0.0265   2.1990   0.0000   0.1845   0.0092   0.1295   0.0350   0.7032   0.7031   0.0123   0.0000  -0.0775  -0.2525    0.360
    46   0.0300   2.2495   0.0000   0.1685   0.0086   0.1175   0.0336   0.6986   0.6986   0.0125   0.0000  -0.0771  -0.2508    0.360
    47   0.0345   2.3005   0.0000   0.1500   0.0077   0.1037   0.0326   0.6924   0.6924   0.0123   0.0000  -0.0761  -0.2478    0.360
    48   0.0405   2.3510   0.0000   0.1280   0.0064   0.0874   0.0318   0.6840   0.6837   0.0116   0.0000  -0.0740  -0.2423    0.358
    49   0.0480   2.4015   0.0000   0.0995   0.0051   0.0666   0.0273   0.6702   0.6702   0.0101   0.0000  -0.0695  -0.2339    0.354
    50   0.0620   2.4520   0.0000   0.0415   0.0021   0.0344  -0.0464   0.8334   0.8333  -0.0131   0.0000  -0.0591  -0.2475    0.321
 ---------------------------------------------------------------
