 ---------------------------------------------------------------
 Surface and Strip Forces by surface

  Sref =  1.2850       Cref = 0.25900       Bref =  4.9540    
  Xref =-0.65000E-01   Yref =  0.0000       Zref =  0.0000    

  Surface # 1     Wing                                    
     # Chordwise = 12   # Spanwise = 50     First strip =  1
     Surface area Ssurf =    0.641762     Ave. chord Cave =    0.259089

 Forces referred to Sref, Cref, Bref about Xref, Yref, Zref
 Standard axis orientation,  X fwd, Z down         
     CLsurf  =   1.01374     Clsurf  =  -0.21615
     CYsurf  =  -0.01037     Cmsurf  =  -0.55483
     CDsurf  =   0.03353     Cnsurf  =  -0.06098
     CDisurf =   0.03353     CDvsurf =   0.00000

 Forces referred to Ssurf, Cave 
     CLsurf  =   2.02981     CDsurf  =   0.06713

 Strip Forces referred to Strip Area, Chord
    j     Xle      Yle      Zle      Chord    Area     c_cl     ai     cl_norm    cl       cd       cdv    cm_c/4     cm_LE   C.P.x/c
     1   0.0000   0.0255   0.0000   0.2900   0.0148   0.5891   0.0502   2.1200   2.1200   0.0510   0.0000  -0.0744  -0.5822    0.285
     2   0.0000   0.0760   0.0000   0.2900   0.0145   0.5891   0.0502   2.1198   2.1198   0.0510   0.0000  -0.0744  -0.5822    0.285
     3   0.0000   0.1265   0.0000   0.2900   0.0148   0.5889   0.0504   2.1194   2.1194   0.0511   0.0000  -0.0744  -0.5821    0.285
     4   0.0000   0.1770   0.0000   0.2900   0.0145   0.5888   0.0505   2.1187   2.1187   0.0513   0.0000  -0.0743  -0.5819    0.285
     5   0.0000   0.2275   0.0000   0.2900   0.0148   0.5886   0.0507   2.1179   2.1179   0.0515   0.0000  -0.0743  -0.5817    0.285
     6   0.0000   0.2780   0.0000   0.2900   0.0145   0.5883   0.0510   2.1168   2.1168   0.0517   0.0000  -0.0743  -0.5815    0.285
     7   0.0000   0.3285   0.0000   0.2900   0.0148   0.5880   0.0513   2.1155   2.1155   0.0520   0.0000  -0.0743  -0.5812    0.285
     8   0.0000   0.3790   0.0000   0.2900   0.0145   0.5876   0.0517   2.1140   2.1140   0.0524   0.0000  -0.0743  -0.5808    0.285
     9   0.0000   0.4295   0.0000   0.2900   0.0148   0.5871   0.0522   2.1122   2.1122   0.0528   0.0000  -0.0742  -0.5804    0.285
    10   0.0000   0.4805   0.0000   0.2900   0.0148   0.5866   0.0527   2.1102   2.1102   0.0533   0.0000  -0.0742  -0.5799    0.285
    11   0.0000   0.5310   0.0000   0.2900   0.0145   0.5860   0.0533   2.1078   2.1078   0.0538   0.0000  -0.0742  -0.5793    0.285
    12   0.0000   0.5815   0.0000   0.2900   0.0148   0.5853   0.0539   2.1052   2.1052   0.0544   0.0000  -0.0741  -0.5787    0.285
    13   0.0000   0.6320   0.0000   0.2900   0.0145   0.5846   0.0546   2.1023   2.1023   0.0551   0.0000  -0.0741  -0.5780    0.285
    14   0.0000   0.6825   0.0000   0.2900   0.0148   0.5838   0.0555   2.0990   2.0990   0.0558   0.0000  -0.0740  -0.5772    0.285
    15   0.0000   0.7330   0.0000   0.2900   0.0145   0.5828   0.0564   2.0954   2.0954   0.0566   0.0000  -0.0739  -0.5764    0.285
    16   0.0000   0.7835   0.0000   0.2900   0.0148   0.5818   0.0574   2.0914   2.0914   0.0575   0.0000  -0.0739  -0.5754    0.285
    17   0.0000   0.8340   0.0000   0.2900   0.0145   0.5807   0.0585   2.0869   2.0869   0.0585   0.0000  -0.0738  -0.5743    0.285
    18   0.0000   0.8845   0.0000   0.2900   0.0148   0.5794   0.0597   2.0819   2.0819   0.0596   0.0000  -0.0737  -0.5731    0.285
    19   0.0000   0.9355   0.0000   0.2900   0.0148   0.5780   0.0610   2.0764   2.0764   0.0608   0.0000  -0.0736  -0.5718    0.285
    20   0.0000   0.9860   0.0000   0.2900   0.0145   0.5764   0.0625   2.0703   2.0703   0.0621   0.0000  -0.0734  -0.5703    0.285
    21   0.0000   1.0365   0.0000   0.2900   0.0148   0.5747   0.0641   2.0635   2.0635   0.0635   0.0000  -0.0733  -0.5687    0.286
    22   0.0000   1.0870   0.0000   0.2900   0.0145   0.5727   0.0660   2.0560   2.0560   0.0650   0.0000  -0.0731  -0.5668    0.286
    23   0.0000   1.1375   0.0000   0.2900   0.0148   0.5706   0.0680   2.0477   2.0477   0.0667   0.0000  -0.0729  -0.5648    0.286
    24   0.0000   1.1880   0.0000   0.2900   0.0145   0.5682   0.0702   2.0385   2.0385   0.0686   0.0000  -0.0727  -0.5625    0.286
    25   0.0000   1.2258   0.0000   0.2900   0.0074   0.5661   0.0721   2.0305   2.0305   0.0702   0.0000  -0.0725  -0.5605    0.286
    26   0.0000   1.2512   0.0000   0.2900   0.0074   0.5643   0.0735   2.0235   2.0235   0.0714   0.0000  -0.0723  -0.5588    0.286
    27   0.0000   1.2890   0.0000   0.2900   0.0145   0.5620   0.0759   2.0143   2.0143   0.0733   0.0000  -0.0721  -0.5565    0.286
    28   0.0000   1.3395   0.0000   0.2895   0.0148   0.5583   0.0780   2.0034   2.0033   0.0766   0.0000  -0.0721  -0.5542    0.286
    29   0.0005   1.3905   0.0000   0.2885   0.0147   0.5539   0.0809   1.9949   1.9945   0.0766   0.0000  -0.0713  -0.5513    0.286
    30   0.0010   1.4410   0.0000   0.2870   0.0144   0.5488   0.0833   1.9861   1.9859   0.0777   0.0000  -0.0708  -0.5489    0.286
    31   0.0015   1.4915   0.0000   0.2845   0.0145   0.5427   0.0839   1.9805   1.9805   0.0789   0.0000  -0.0709  -0.5476    0.286
    32   0.0020   1.5420   0.0000   0.2820   0.0141   0.5358   0.0856   1.9723   1.9721   0.0807   0.0000  -0.0707  -0.5457    0.286
    33   0.0025   1.5925   0.0000   0.2790   0.0142   0.5280   0.0868   1.9634   1.9634   0.0834   0.0000  -0.0709  -0.5439    0.286
    34   0.0035   1.6430   0.0000   0.2750   0.0137   0.5193   0.0875   1.9591   1.9591   0.0834   0.0000  -0.0706  -0.5426    0.286
    35   0.0045   1.6935   0.0000   0.2710   0.0138   0.5098   0.0893   1.9509   1.9509   0.0852   0.0000  -0.0704  -0.5405    0.286
    36   0.0060   1.7440   0.0000   0.2660   0.0133   0.4992   0.0907   1.9465   1.9464   0.0842   0.0000  -0.0696  -0.5383    0.286
    37   0.0075   1.7945   0.0000   0.2600   0.0133   0.4872   0.0904   1.9437   1.9435   0.0845   0.0000  -0.0695  -0.5379    0.286
    38   0.0090   1.8455   0.0000   0.2540   0.0130   0.4742   0.0920   1.9358   1.9357   0.0862   0.0000  -0.0693  -0.5356    0.286
    39   0.0110   1.8960   0.0000   0.2470   0.0124   0.4599   0.0931   1.9307   1.9307   0.0852   0.0000  -0.0684  -0.5334    0.285
    40   0.0130   1.9465   0.0000   0.2390   0.0122   0.4441   0.0932   1.9265   1.9265   0.0853   0.0000  -0.0680  -0.5321    0.285
    41   0.0150   1.9970   0.0000   0.2305   0.0115   0.4266   0.0936   1.9185   1.9185   0.0868   0.0000  -0.0677  -0.5300    0.285
    42   0.0175   2.0475   0.0000   0.2210   0.0113   0.4075   0.0950   1.9115   1.9113   0.0858   0.0000  -0.0667  -0.5267    0.285
    43   0.0200   2.0980   0.0000   0.2100   0.0105   0.3859   0.0934   1.9053   1.9046   0.0869   0.0000  -0.0663  -0.5253    0.285
    44   0.0230   2.1485   0.0000   0.1980   0.0101   0.3623   0.0945   1.8969   1.8962   0.0861   0.0000  -0.0654  -0.5212    0.285
    45   0.0265   2.1990   0.0000   0.1845   0.0092   0.3355   0.0945   1.8855   1.8852   0.0844   0.0000  -0.0632  -0.5169    0.284
    46   0.0300   2.2495   0.0000   0.1685   0.0086   0.3048   0.0915   1.8751   1.8750   0.0851   0.0000  -0.0626  -0.5133    0.283
    47   0.0345   2.3005   0.0000   0.1500   0.0077   0.2693   0.0891   1.8613   1.8613   0.0833   0.0000  -0.0606  -0.5070    0.283
    48   0.0405   2.3510   0.0000   0.1280   0.0064   0.2274   0.0867   1.8446   1.8440   0.0763   0.0000  -0.0560  -0.4954    0.280
    49   0.0480   2.4015   0.0000   0.0995   0.0051   0.1742   0.0754   1.8205   1.8204   0.0647   0.0000  -0.0477  -0.4795    0.276
    50   0.0620   2.4520   0.0000   0.0415   0.0021   0.0928  -0.1061   2.3905   2.3900  -0.1129   0.0000  -0.0295  -0.5467    0.262
 ---------------------------------------------------------------
