 ---------------------------------------------------------------
 Surface and Strip Forces by surface

  Sref =  1.2850       Cref = 0.25900       Bref =  4.9540    
  Xref =-0.65000E-01   Yref =  0.0000       Zref =  0.0000    

  Surface # 1     Wing                                    
     # Chordwise = 12   # Spanwise = 50     First strip =  1
     Surface area Ssurf =    0.641762     Ave. chord Cave =    0.259089

 Forces referred to Sref, Cref, Bref about Xref, Yref, Zref
 Standard axis orientation,  X fwd, Z down         
     CLsurf  =   0.32680     Clsurf  =  -0.07232
     CYsurf  =  -0.00079     Cmsurf  =  -0.19707
     CDsurf  =   0.00358     Cnsurf  =  -0.00504
     CDisurf =   0.00358     CDvsurf =   0.00000

 Forces referred to Ssurf, Cave 
     CLsurf  =   0.65435     CDsurf  =   0.00718

 Strip Forces referred to Strip Area, Chord
    j     Xle      Yle      Zle      Chord    Area     c_cl     ai     cl_norm    cl       cd       cdv    cm_c/4     cm_LE   C.P.x/c
     1   0.0000   0.0255   0.0000   0.2900   0.0148   0.1971   0.0160   0.6814   0.6814   0.0054   0.0000  -0.0468  -0.2166    0.319
     2   0.0000   0.0760   0.0000   0.2900   0.0145   0.1970   0.0160   0.6813   0.6813   0.0054   0.0000  -0.0468  -0.2166    0.319
     3   0.0000   0.1265   0.0000   0.2900   0.0148   0.1970   0.0160   0.6812   0.6812   0.0055   0.0000  -0.0468  -0.2166    0.319
     4   0.0000   0.1770   0.0000   0.2900   0.0145   0.1969   0.0161   0.6810   0.6810   0.0055   0.0000  -0.0468  -0.2165    0.319
     5   0.0000   0.2275   0.0000   0.2900   0.0148   0.1969   0.0162   0.6808   0.6808   0.0055   0.0000  -0.0468  -0.2165    0.319
     6   0.0000   0.2780   0.0000   0.2900   0.0145   0.1968   0.0163   0.6804   0.6804   0.0055   0.0000  -0.0467  -0.2164    0.319
     7   0.0000   0.3285   0.0000   0.2900   0.0148   0.1967   0.0164   0.6801   0.6801   0.0056   0.0000  -0.0467  -0.2163    0.319
     8   0.0000   0.3790   0.0000   0.2900   0.0145   0.1966   0.0165   0.6796   0.6796   0.0056   0.0000  -0.0467  -0.2162    0.319
     9   0.0000   0.4295   0.0000   0.2900   0.0148   0.1964   0.0166   0.6791   0.6791   0.0056   0.0000  -0.0467  -0.2160    0.319
    10   0.0000   0.4805   0.0000   0.2900   0.0148   0.1962   0.0168   0.6785   0.6785   0.0057   0.0000  -0.0467  -0.2159    0.319
    11   0.0000   0.5310   0.0000   0.2900   0.0145   0.1960   0.0170   0.6778   0.6778   0.0057   0.0000  -0.0467  -0.2157    0.319
    12   0.0000   0.5815   0.0000   0.2900   0.0148   0.1958   0.0172   0.6770   0.6770   0.0058   0.0000  -0.0467  -0.2155    0.319
    13   0.0000   0.6320   0.0000   0.2900   0.0145   0.1956   0.0174   0.6762   0.6762   0.0059   0.0000  -0.0467  -0.2153    0.319
    14   0.0000   0.6825   0.0000   0.2900   0.0148   0.1953   0.0177   0.6752   0.6752   0.0060   0.0000  -0.0466  -0.2150    0.319
    15   0.0000   0.7330   0.0000   0.2900   0.0145   0.1950   0.0180   0.6742   0.6742   0.0060   0.0000  -0.0466  -0.2147    0.319
    16   0.0000   0.7835   0.0000   0.2900   0.0148   0.1946   0.0183   0.6730   0.6730   0.0061   0.0000  -0.0466  -0.2144    0.319
    17   0.0000   0.8340   0.0000   0.2900   0.0145   0.1943   0.0186   0.6717   0.6717   0.0062   0.0000  -0.0466  -0.2140    0.319
    18   0.0000   0.8845   0.0000   0.2900   0.0148   0.1938   0.0190   0.6702   0.6702   0.0064   0.0000  -0.0465  -0.2136    0.319
    19   0.0000   0.9355   0.0000   0.2900   0.0148   0.1934   0.0195   0.6686   0.6686   0.0065   0.0000  -0.0465  -0.2132    0.320
    20   0.0000   0.9860   0.0000   0.2900   0.0145   0.1929   0.0199   0.6668   0.6668   0.0066   0.0000  -0.0465  -0.2127    0.320
    21   0.0000   1.0365   0.0000   0.2900   0.0148   0.1923   0.0204   0.6648   0.6648   0.0068   0.0000  -0.0464  -0.2122    0.320
    22   0.0000   1.0870   0.0000   0.2900   0.0145   0.1917   0.0210   0.6626   0.6626   0.0069   0.0000  -0.0463  -0.2116    0.320
    23   0.0000   1.1375   0.0000   0.2900   0.0148   0.1910   0.0217   0.6602   0.6602   0.0071   0.0000  -0.0463  -0.2109    0.320
    24   0.0000   1.1880   0.0000   0.2900   0.0145   0.1902   0.0224   0.6575   0.6575   0.0073   0.0000  -0.0462  -0.2102    0.320
    25   0.0000   1.2258   0.0000   0.2900   0.0074   0.1895   0.0230   0.6551   0.6551   0.0075   0.0000  -0.0461  -0.2095    0.320
    26   0.0000   1.2512   0.0000   0.2900   0.0074   0.1889   0.0235   0.6531   0.6531   0.0076   0.0000  -0.0461  -0.2089    0.321
    27   0.0000   1.2890   0.0000   0.2900   0.0145   0.1882   0.0243   0.6504   0.6504   0.0078   0.0000  -0.0460  -0.2082    0.321
    28   0.0000   1.3395   0.0000   0.2895   0.0148   0.1869   0.0250   0.6473   0.6473   0.0081   0.0000  -0.0460  -0.2074    0.321
    29   0.0005   1.3905   0.0000   0.2885   0.0147   0.1855   0.0260   0.6447   0.6445   0.0082   0.0000  -0.0457  -0.2064    0.321
    30   0.0010   1.4410   0.0000   0.2870   0.0144   0.1838   0.0268   0.6420   0.6420   0.0083   0.0000  -0.0456  -0.2057    0.321
    31   0.0015   1.4915   0.0000   0.2845   0.0145   0.1817   0.0269   0.6403   0.6403   0.0084   0.0000  -0.0456  -0.2052    0.321
    32   0.0020   1.5420   0.0000   0.2820   0.0141   0.1795   0.0274   0.6379   0.6378   0.0086   0.0000  -0.0455  -0.2046    0.321
    33   0.0025   1.5925   0.0000   0.2790   0.0142   0.1769   0.0278   0.6353   0.6353   0.0089   0.0000  -0.0455  -0.2040    0.322
    34   0.0035   1.6430   0.0000   0.2750   0.0137   0.1739   0.0280   0.6339   0.6339   0.0089   0.0000  -0.0455  -0.2035    0.322
    35   0.0045   1.6935   0.0000   0.2710   0.0138   0.1708   0.0286   0.6315   0.6315   0.0091   0.0000  -0.0454  -0.2028    0.322
    36   0.0060   1.7440   0.0000   0.2660   0.0133   0.1672   0.0291   0.6300   0.6300   0.0090   0.0000  -0.0451  -0.2021    0.322
    37   0.0075   1.7945   0.0000   0.2600   0.0133   0.1632   0.0289   0.6291   0.6290   0.0090   0.0000  -0.0451  -0.2019    0.322
    38   0.0090   1.8455   0.0000   0.2540   0.0130   0.1588   0.0295   0.6267   0.6267   0.0092   0.0000  -0.0450  -0.2011    0.322
    39   0.0110   1.8960   0.0000   0.2470   0.0124   0.1540   0.0298   0.6249   0.6249   0.0091   0.0000  -0.0446  -0.2004    0.321
    40   0.0130   1.9465   0.0000   0.2390   0.0122   0.1487   0.0298   0.6235   0.6235   0.0091   0.0000  -0.0445  -0.1999    0.321
    41   0.0150   1.9970   0.0000   0.2305   0.0115   0.1428   0.0299   0.6210   0.6210   0.0093   0.0000  -0.0444  -0.1991    0.321
    42   0.0175   2.0475   0.0000   0.2210   0.0113   0.1364   0.0305   0.6186   0.6186   0.0092   0.0000  -0.0440  -0.1980    0.321
    43   0.0200   2.0980   0.0000   0.2100   0.0105   0.1291   0.0298   0.6166   0.6163   0.0093   0.0000  -0.0438  -0.1974    0.321
    44   0.0230   2.1485   0.0000   0.1980   0.0101   0.1212   0.0303   0.6137   0.6135   0.0093   0.0000  -0.0435  -0.1959    0.321
    45   0.0265   2.1990   0.0000   0.1845   0.0092   0.1122   0.0302   0.6096   0.6095   0.0091   0.0000  -0.0426  -0.1943    0.320
    46   0.0300   2.2495   0.0000   0.1685   0.0086   0.1019   0.0291   0.6060   0.6060   0.0092   0.0000  -0.0424  -0.1929    0.320
    47   0.0345   2.3005   0.0000   0.1500   0.0077   0.0899   0.0283   0.6009   0.6009   0.0090   0.0000  -0.0415  -0.1905    0.319
    48   0.0405   2.3510   0.0000   0.1280   0.0064   0.0759   0.0276   0.5943   0.5940   0.0084   0.0000  -0.0398  -0.1861    0.317
    49   0.0480   2.4015   0.0000   0.0995   0.0051   0.0579   0.0238   0.5838   0.5837   0.0071   0.0000  -0.0362  -0.1796    0.312
    50   0.0620   2.4520   0.0000   0.0415   0.0021   0.0304  -0.0371   0.7368   0.7366  -0.0112   0.0000  -0.0273  -0.1955    0.287
 ---------------------------------------------------------------
