 ---------------------------------------------------------------
 Surface and Strip Forces by surface

  Sref =  1.2850       Cref = 0.25900       Bref =  4.9540    
  Xref =-0.65000E-01   Yref =  0.0000       Zref =  0.0000    

  Surface # 1     Wing                                    
     # Chordwise = 12   # Spanwise = 50     First strip =  1
     Surface area Ssurf =    0.641762     Ave. chord Cave =    0.259089

 Forces referred to Sref, Cref, Bref about Xref, Yref, Zref
 Standard axis orientation,  X fwd, Z down         
     CLsurf  =   1.95997     Clsurf  =  -0.32906
     CYsurf  =  -0.04943     Cmsurf  =  -0.80744
     CDsurf  =   0.10249     Cnsurf  =  -0.27809
     CDisurf =   0.10249     CDvsurf =   0.00000

 Forces referred to Ssurf, Cave 
     CLsurf  =   3.92444     CDsurf  =   0.20521

 Strip Forces referred to Strip Area, Chord
    j     Xle      Yle      Zle      Chord    Area     c_cl     ai     cl_norm    cl       cd       cdv    cm_c/4     cm_LE   C.P.x/c
     1   0.0000   0.0255   0.0000   0.2900   0.0148   0.8971   0.1009   4.1434   4.1434   0.1561   0.0000  -0.0419  -0.8152    0.260
     2   0.0000   0.0760   0.0000   0.2900   0.0145   0.8970   0.1011   4.1429   4.1429   0.1562   0.0000  -0.0419  -0.8151    0.260
     3   0.0000   0.1265   0.0000   0.2900   0.0148   0.8968   0.1013   4.1418   4.1418   0.1565   0.0000  -0.0418  -0.8150    0.260
     4   0.0000   0.1770   0.0000   0.2900   0.0145   0.8966   0.1016   4.1402   4.1402   0.1570   0.0000  -0.0418  -0.8147    0.260
     5   0.0000   0.2275   0.0000   0.2900   0.0148   0.8962   0.1020   4.1380   4.1380   0.1576   0.0000  -0.0418  -0.8144    0.260
     6   0.0000   0.2780   0.0000   0.2900   0.0145   0.8958   0.1026   4.1353   4.1353   0.1583   0.0000  -0.0418  -0.8140    0.260
     7   0.0000   0.3285   0.0000   0.2900   0.0148   0.8953   0.1032   4.1320   4.1320   0.1593   0.0000  -0.0417  -0.8136    0.260
     8   0.0000   0.3790   0.0000   0.2900   0.0145   0.8947   0.1040   4.1281   4.1281   0.1604   0.0000  -0.0417  -0.8130    0.260
     9   0.0000   0.4295   0.0000   0.2900   0.0148   0.8940   0.1049   4.1235   4.1235   0.1616   0.0000  -0.0417  -0.8124    0.260
    10   0.0000   0.4805   0.0000   0.2900   0.0148   0.8932   0.1059   4.1183   4.1183   0.1631   0.0000  -0.0416  -0.8116    0.260
    11   0.0000   0.5310   0.0000   0.2900   0.0145   0.8923   0.1071   4.1123   4.1123   0.1647   0.0000  -0.0416  -0.8108    0.260
    12   0.0000   0.5815   0.0000   0.2900   0.0148   0.8913   0.1084   4.1057   4.1057   0.1665   0.0000  -0.0415  -0.8098    0.260
    13   0.0000   0.6320   0.0000   0.2900   0.0145   0.8901   0.1099   4.0982   4.0982   0.1686   0.0000  -0.0414  -0.8088    0.260
    14   0.0000   0.6825   0.0000   0.2900   0.0148   0.8888   0.1115   4.0899   4.0899   0.1708   0.0000  -0.0413  -0.8076    0.260
    15   0.0000   0.7330   0.0000   0.2900   0.0145   0.8874   0.1134   4.0807   4.0807   0.1733   0.0000  -0.0412  -0.8062    0.260
    16   0.0000   0.7835   0.0000   0.2900   0.0148   0.8858   0.1154   4.0704   4.0704   0.1760   0.0000  -0.0411  -0.8047    0.260
    17   0.0000   0.8340   0.0000   0.2900   0.0145   0.8841   0.1176   4.0591   4.0591   0.1790   0.0000  -0.0410  -0.8031    0.260
    18   0.0000   0.8845   0.0000   0.2900   0.0148   0.8821   0.1200   4.0465   4.0465   0.1823   0.0000  -0.0408  -0.8012    0.260
    19   0.0000   0.9355   0.0000   0.2900   0.0148   0.8799   0.1227   4.0326   4.0326   0.1860   0.0000  -0.0406  -0.7992    0.260
    20   0.0000   0.9860   0.0000   0.2900   0.0145   0.8775   0.1257   4.0172   4.0172   0.1899   0.0000  -0.0404  -0.7969    0.260
    21   0.0000   1.0365   0.0000   0.2900   0.0148   0.8748   0.1290   4.0002   4.0002   0.1943   0.0000  -0.0402  -0.7944    0.260
    22   0.0000   1.0870   0.0000   0.2900   0.0145   0.8718   0.1326   3.9813   3.9813   0.1990   0.0000  -0.0400  -0.7915    0.260
    23   0.0000   1.1375   0.0000   0.2900   0.0148   0.8685   0.1366   3.9604   3.9604   0.2043   0.0000  -0.0397  -0.7884    0.260
    24   0.0000   1.1880   0.0000   0.2900   0.0145   0.8649   0.1411   3.9373   3.9373   0.2101   0.0000  -0.0393  -0.7849    0.260
    25   0.0000   1.2258   0.0000   0.2900   0.0074   0.8617   0.1448   3.9173   3.9173   0.2150   0.0000  -0.0391  -0.7819    0.260
    26   0.0000   1.2512   0.0000   0.2900   0.0074   0.8589   0.1476   3.9002   3.9002   0.2187   0.0000  -0.0388  -0.7792    0.260
    27   0.0000   1.2890   0.0000   0.2900   0.0145   0.8552   0.1522   3.8769   3.8769   0.2248   0.0000  -0.0385  -0.7757    0.260
    28   0.0000   1.3395   0.0000   0.2895   0.0148   0.8495   0.1564   3.8463   3.8463   0.2356   0.0000  -0.0386  -0.7722    0.260
    29   0.0005   1.3905   0.0000   0.2885   0.0147   0.8429   0.1621   3.8292   3.8288   0.2352   0.0000  -0.0375  -0.7677    0.260
    30   0.0010   1.4410   0.0000   0.2870   0.0144   0.8350   0.1668   3.8092   3.8090   0.2383   0.0000  -0.0367  -0.7641    0.260
    31   0.0015   1.4915   0.0000   0.2845   0.0145   0.8257   0.1681   3.7955   3.7954   0.2419   0.0000  -0.0367  -0.7621    0.260
    32   0.0020   1.5420   0.0000   0.2820   0.0141   0.8152   0.1715   3.7744   3.7742   0.2475   0.0000  -0.0366  -0.7593    0.260
    33   0.0025   1.5925   0.0000   0.2790   0.0142   0.8034   0.1739   3.7498   3.7498   0.2566   0.0000  -0.0368  -0.7566    0.260
    34   0.0035   1.6430   0.0000   0.2750   0.0137   0.7901   0.1754   3.7421   3.7421   0.2555   0.0000  -0.0364  -0.7545    0.260
    35   0.0045   1.6935   0.0000   0.2710   0.0138   0.7756   0.1789   3.7208   3.7208   0.2616   0.0000  -0.0361  -0.7514    0.260
    36   0.0060   1.7440   0.0000   0.2660   0.0133   0.7595   0.1818   3.7151   3.7150   0.2577   0.0000  -0.0349  -0.7481    0.259
    37   0.0075   1.7945   0.0000   0.2600   0.0133   0.7413   0.1814   3.7091   3.7089   0.2585   0.0000  -0.0347  -0.7474    0.259
    38   0.0090   1.8455   0.0000   0.2540   0.0130   0.7216   0.1844   3.6889   3.6887   0.2643   0.0000  -0.0345  -0.7441    0.259
    39   0.0110   1.8960   0.0000   0.2470   0.0124   0.6998   0.1866   3.6822   3.6822   0.2602   0.0000  -0.0331  -0.7408    0.259
    40   0.0130   1.9465   0.0000   0.2390   0.0122   0.6757   0.1869   3.6738   3.6738   0.2604   0.0000  -0.0326  -0.7388    0.259
    41   0.0150   1.9970   0.0000   0.2305   0.0115   0.6492   0.1877   3.6542   3.6541   0.2654   0.0000  -0.0322  -0.7358    0.259
    42   0.0175   2.0475   0.0000   0.2210   0.0113   0.6201   0.1903   3.6435   3.6433   0.2614   0.0000  -0.0307  -0.7310    0.258
    43   0.0200   2.0980   0.0000   0.2100   0.0105   0.5874   0.1876   3.6286   3.6278   0.2649   0.0000  -0.0302  -0.7289    0.258
    44   0.0230   2.1485   0.0000   0.1980   0.0101   0.5515   0.1894   3.6146   3.6139   0.2619   0.0000  -0.0289  -0.7230    0.258
    45   0.0265   2.1990   0.0000   0.1845   0.0092   0.5109   0.1896   3.5977   3.5973   0.2557   0.0000  -0.0257  -0.7167    0.257
    46   0.0300   2.2495   0.0000   0.1685   0.0086   0.4643   0.1839   3.5768   3.5767   0.2580   0.0000  -0.0250  -0.7118    0.257
    47   0.0345   2.3005   0.0000   0.1500   0.0077   0.4105   0.1793   3.5561   3.5561   0.2515   0.0000  -0.0221  -0.7029    0.256
    48   0.0405   2.3510   0.0000   0.1280   0.0064   0.3469   0.1743   3.5429   3.5422   0.2277   0.0000  -0.0158  -0.6866    0.254
    49   0.0480   2.4015   0.0000   0.0995   0.0051   0.2662   0.1523   3.5284   3.5283   0.1920   0.0000  -0.0047  -0.6653    0.251
    50   0.0620   2.4520   0.0000   0.0415   0.0021   0.1432  -0.1997   5.1473   5.1467  -0.3696   0.0000   0.0184  -0.7841    0.246
 ---------------------------------------------------------------
