 ---------------------------------------------------------------
 Surface and Strip Forces by surface

  Sref =  1.2850       Cref = 0.25900       Bref =  4.9540    
  Xref =-0.65000E-01   Yref =  0.0000       Zref =  0.0000    

  Surface # 1     Wing                                    
     # Chordwise = 12   # Spanwise = 50     First strip =  1
     Surface area Ssurf =    0.641762     Ave. chord Cave =    0.259089

 Forces referred to Sref, Cref, Bref about Xref, Yref, Zref
 Standard axis orientation,  X fwd, Z down         
     CLsurf  =   0.62836     Clsurf  =  -0.13795
     CYsurf  =  -0.00316     Cmsurf  =  -0.37127
     CDsurf  =   0.01318     Cnsurf  =  -0.01979
     CDisurf =   0.01318     CDvsurf =   0.00000

 Forces referred to Ssurf, Cave 
     CLsurf  =   1.25816     CDsurf  =   0.02638

 Strip Forces referred to Strip Area, Chord
    j     Xle      Yle      Zle      Chord    Area     c_cl     ai     cl_norm    cl       cd       cdv    cm_c/4     cm_LE   C.P.x/c
     1   0.0000   0.0255   0.0000   0.2900   0.0148   0.3759   0.0309   1.3112   1.3112   0.0200   0.0000  -0.0804  -0.4044    0.311
     2   0.0000   0.0760   0.0000   0.2900   0.0145   0.3758   0.0309   1.3110   1.3110   0.0200   0.0000  -0.0804  -0.4044    0.311
     3   0.0000   0.1265   0.0000   0.2900   0.0148   0.3758   0.0309   1.3108   1.3108   0.0201   0.0000  -0.0804  -0.4043    0.311
     4   0.0000   0.1770   0.0000   0.2900   0.0145   0.3757   0.0310   1.3104   1.3104   0.0201   0.0000  -0.0803  -0.4042    0.311
     5   0.0000   0.2275   0.0000   0.2900   0.0148   0.3755   0.0312   1.3099   1.3099   0.0202   0.0000  -0.0803  -0.4041    0.311
     6   0.0000   0.2780   0.0000   0.2900   0.0145   0.3754   0.0313   1.3093   1.3093   0.0203   0.0000  -0.0803  -0.4039    0.311
     7   0.0000   0.3285   0.0000   0.2900   0.0148   0.3752   0.0315   1.3086   1.3086   0.0204   0.0000  -0.0803  -0.4037    0.311
     8   0.0000   0.3790   0.0000   0.2900   0.0145   0.3749   0.0318   1.3077   1.3077   0.0206   0.0000  -0.0803  -0.4035    0.311
     9   0.0000   0.4295   0.0000   0.2900   0.0148   0.3746   0.0321   1.3067   1.3067   0.0207   0.0000  -0.0803  -0.4032    0.311
    10   0.0000   0.4805   0.0000   0.2900   0.0148   0.3743   0.0324   1.3055   1.3055   0.0209   0.0000  -0.0803  -0.4029    0.311
    11   0.0000   0.5310   0.0000   0.2900   0.0145   0.3739   0.0327   1.3041   1.3041   0.0211   0.0000  -0.0802  -0.4026    0.312
    12   0.0000   0.5815   0.0000   0.2900   0.0148   0.3735   0.0331   1.3026   1.3026   0.0214   0.0000  -0.0802  -0.4022    0.312
    13   0.0000   0.6320   0.0000   0.2900   0.0145   0.3730   0.0336   1.3009   1.3009   0.0216   0.0000  -0.0802  -0.4017    0.312
    14   0.0000   0.6825   0.0000   0.2900   0.0148   0.3725   0.0341   1.2990   1.2990   0.0219   0.0000  -0.0801  -0.4013    0.312
    15   0.0000   0.7330   0.0000   0.2900   0.0145   0.3719   0.0346   1.2969   1.2969   0.0222   0.0000  -0.0801  -0.4007    0.312
    16   0.0000   0.7835   0.0000   0.2900   0.0148   0.3713   0.0353   1.2946   1.2946   0.0226   0.0000  -0.0800  -0.4001    0.312
    17   0.0000   0.8340   0.0000   0.2900   0.0145   0.3705   0.0359   1.2920   1.2920   0.0230   0.0000  -0.0800  -0.3994    0.312
    18   0.0000   0.8845   0.0000   0.2900   0.0148   0.3697   0.0367   1.2891   1.2891   0.0234   0.0000  -0.0799  -0.3987    0.312
    19   0.0000   0.9355   0.0000   0.2900   0.0148   0.3688   0.0375   1.2859   1.2859   0.0239   0.0000  -0.0799  -0.3978    0.312
    20   0.0000   0.9860   0.0000   0.2900   0.0145   0.3679   0.0384   1.2824   1.2824   0.0244   0.0000  -0.0798  -0.3969    0.312
    21   0.0000   1.0365   0.0000   0.2900   0.0148   0.3668   0.0394   1.2785   1.2785   0.0249   0.0000  -0.0797  -0.3958    0.312
    22   0.0000   1.0870   0.0000   0.2900   0.0145   0.3655   0.0406   1.2741   1.2741   0.0255   0.0000  -0.0796  -0.3947    0.312
    23   0.0000   1.1375   0.0000   0.2900   0.0148   0.3642   0.0418   1.2693   1.2693   0.0262   0.0000  -0.0794  -0.3934    0.313
    24   0.0000   1.1880   0.0000   0.2900   0.0145   0.3627   0.0432   1.2640   1.2640   0.0269   0.0000  -0.0793  -0.3920    0.313
    25   0.0000   1.2258   0.0000   0.2900   0.0074   0.3614   0.0444   1.2593   1.2593   0.0275   0.0000  -0.0791  -0.3907    0.313
    26   0.0000   1.2512   0.0000   0.2900   0.0074   0.3603   0.0453   1.2553   1.2553   0.0280   0.0000  -0.0790  -0.3896    0.313
    27   0.0000   1.2890   0.0000   0.2900   0.0145   0.3588   0.0468   1.2500   1.2500   0.0287   0.0000  -0.0788  -0.3881    0.313
    28   0.0000   1.3395   0.0000   0.2895   0.0148   0.3565   0.0481   1.2438   1.2438   0.0299   0.0000  -0.0789  -0.3867    0.313
    29   0.0005   1.3905   0.0000   0.2885   0.0147   0.3537   0.0500   1.2387   1.2385   0.0300   0.0000  -0.0783  -0.3848    0.313
    30   0.0010   1.4410   0.0000   0.2870   0.0144   0.3505   0.0515   1.2335   1.2334   0.0304   0.0000  -0.0780  -0.3833    0.313
    31   0.0015   1.4915   0.0000   0.2845   0.0145   0.3466   0.0517   1.2302   1.2302   0.0309   0.0000  -0.0781  -0.3825    0.313
    32   0.0020   1.5420   0.0000   0.2820   0.0141   0.3422   0.0528   1.2254   1.2253   0.0316   0.0000  -0.0780  -0.3813    0.314
    33   0.0025   1.5925   0.0000   0.2790   0.0142   0.3372   0.0536   1.2204   1.2204   0.0326   0.0000  -0.0780  -0.3801    0.314
    34   0.0035   1.6430   0.0000   0.2750   0.0137   0.3317   0.0539   1.2177   1.2177   0.0327   0.0000  -0.0779  -0.3793    0.314
    35   0.0045   1.6935   0.0000   0.2710   0.0138   0.3256   0.0551   1.2129   1.2129   0.0333   0.0000  -0.0777  -0.3780    0.314
    36   0.0060   1.7440   0.0000   0.2660   0.0133   0.3188   0.0560   1.2101   1.2099   0.0330   0.0000  -0.0772  -0.3765    0.314
    37   0.0075   1.7945   0.0000   0.2600   0.0133   0.3112   0.0558   1.2083   1.2082   0.0332   0.0000  -0.0771  -0.3763    0.314
    38   0.0090   1.8455   0.0000   0.2540   0.0130   0.3028   0.0568   1.2037   1.2036   0.0338   0.0000  -0.0770  -0.3748    0.314
    39   0.0110   1.8960   0.0000   0.2470   0.0124   0.2937   0.0575   1.2003   1.2003   0.0335   0.0000  -0.0764  -0.3733    0.314
    40   0.0130   1.9465   0.0000   0.2390   0.0122   0.2836   0.0575   1.1976   1.1976   0.0336   0.0000  -0.0762  -0.3725    0.314
    41   0.0150   1.9970   0.0000   0.2305   0.0115   0.2724   0.0577   1.1928   1.1928   0.0341   0.0000  -0.0759  -0.3711    0.314
    42   0.0175   2.0475   0.0000   0.2210   0.0113   0.2601   0.0586   1.1883   1.1882   0.0338   0.0000  -0.0752  -0.3689    0.313
    43   0.0200   2.0980   0.0000   0.2100   0.0105   0.2463   0.0575   1.1844   1.1839   0.0343   0.0000  -0.0749  -0.3679    0.313
    44   0.0230   2.1485   0.0000   0.1980   0.0101   0.2312   0.0582   1.1789   1.1785   0.0341   0.0000  -0.0744  -0.3651    0.313
    45   0.0265   2.1990   0.0000   0.1845   0.0092   0.2141   0.0582   1.1714   1.1711   0.0334   0.0000  -0.0728  -0.3623    0.312
    46   0.0300   2.2495   0.0000   0.1685   0.0086   0.1944   0.0563   1.1645   1.1645   0.0338   0.0000  -0.0724  -0.3598    0.312
    47   0.0345   2.3005   0.0000   0.1500   0.0077   0.1717   0.0547   1.1552   1.1552   0.0332   0.0000  -0.0709  -0.3554    0.311
    48   0.0405   2.3510   0.0000   0.1280   0.0064   0.1449   0.0532   1.1430   1.1426   0.0307   0.0000  -0.0678  -0.3474    0.309
    49   0.0480   2.4015   0.0000   0.0995   0.0051   0.1107   0.0461   1.1244   1.1243   0.0263   0.0000  -0.0617  -0.3358    0.305
    50   0.0620   2.4520   0.0000   0.0415   0.0021   0.0584  -0.0698   1.4341   1.4338  -0.0411   0.0000  -0.0480  -0.3712    0.284
 ---------------------------------------------------------------
