 ---------------------------------------------------------------
 Surface and Strip Forces by surface

  Sref =  1.2850       Cref = 0.25900       Bref =  4.9540    
  Xref =-0.65000E-01   Yref =  0.0000       Zref =  0.0000    

  Surface # 1     Wing                                    
     # Chordwise = 12   # Spanwise = 50     First strip =  1
     Surface area Ssurf =    0.641762     Ave. chord Cave =    0.259089

 Forces referred to Sref, Cref, Bref about Xref, Yref, Zref
 Standard axis orientation,  X fwd, Z down         
     CLsurf  =   0.85368     Clsurf  =  -0.18473
     CYsurf  =  -0.00686     Cmsurf  =  -0.48135
     CDsurf  =   0.02405     Cnsurf  =  -0.04103
     CDisurf =   0.02405     CDvsurf =   0.00000

 Forces referred to Ssurf, Cave 
     CLsurf  =   1.70931     CDsurf  =   0.04815

 Strip Forces referred to Strip Area, Chord
    j     Xle      Yle      Zle      Chord    Area     c_cl     ai     cl_norm    cl       cd       cdv    cm_c/4     cm_LE   C.P.x/c
     1   0.0000   0.0255   0.0000   0.2900   0.0148   0.5034   0.0421   1.7834   1.7834   0.0366   0.0000  -0.0773  -0.5113    0.293
     2   0.0000   0.0760   0.0000   0.2900   0.0145   0.5034   0.0421   1.7833   1.7833   0.0366   0.0000  -0.0773  -0.5112    0.293
     3   0.0000   0.1265   0.0000   0.2900   0.0148   0.5033   0.0422   1.7829   1.7829   0.0367   0.0000  -0.0773  -0.5111    0.293
     4   0.0000   0.1770   0.0000   0.2900   0.0145   0.5032   0.0424   1.7824   1.7824   0.0368   0.0000  -0.0773  -0.5110    0.293
     5   0.0000   0.2275   0.0000   0.2900   0.0148   0.5030   0.0426   1.7817   1.7817   0.0369   0.0000  -0.0773  -0.5109    0.293
     6   0.0000   0.2780   0.0000   0.2900   0.0145   0.5027   0.0428   1.7808   1.7808   0.0371   0.0000  -0.0772  -0.5106    0.293
     7   0.0000   0.3285   0.0000   0.2900   0.0148   0.5025   0.0431   1.7798   1.7798   0.0373   0.0000  -0.0772  -0.5104    0.293
     8   0.0000   0.3790   0.0000   0.2900   0.0145   0.5021   0.0434   1.7785   1.7785   0.0376   0.0000  -0.0772  -0.5101    0.293
     9   0.0000   0.4295   0.0000   0.2900   0.0148   0.5017   0.0438   1.7771   1.7771   0.0379   0.0000  -0.0772  -0.5097    0.293
    10   0.0000   0.4805   0.0000   0.2900   0.0148   0.5013   0.0442   1.7754   1.7754   0.0382   0.0000  -0.0771  -0.5093    0.293
    11   0.0000   0.5310   0.0000   0.2900   0.0145   0.5008   0.0447   1.7735   1.7735   0.0386   0.0000  -0.0771  -0.5088    0.293
    12   0.0000   0.5815   0.0000   0.2900   0.0148   0.5002   0.0452   1.7714   1.7714   0.0390   0.0000  -0.0771  -0.5083    0.294
    13   0.0000   0.6320   0.0000   0.2900   0.0145   0.4996   0.0458   1.7690   1.7690   0.0395   0.0000  -0.0770  -0.5077    0.294
    14   0.0000   0.6825   0.0000   0.2900   0.0148   0.4989   0.0465   1.7663   1.7663   0.0400   0.0000  -0.0770  -0.5070    0.294
    15   0.0000   0.7330   0.0000   0.2900   0.0145   0.4981   0.0473   1.7633   1.7633   0.0406   0.0000  -0.0769  -0.5063    0.294
    16   0.0000   0.7835   0.0000   0.2900   0.0148   0.4972   0.0481   1.7600   1.7600   0.0412   0.0000  -0.0769  -0.5055    0.294
    17   0.0000   0.8340   0.0000   0.2900   0.0145   0.4962   0.0490   1.7564   1.7564   0.0420   0.0000  -0.0768  -0.5046    0.294
    18   0.0000   0.8845   0.0000   0.2900   0.0148   0.4951   0.0501   1.7523   1.7523   0.0427   0.0000  -0.0767  -0.5035    0.294
    19   0.0000   0.9355   0.0000   0.2900   0.0148   0.4939   0.0512   1.7478   1.7478   0.0436   0.0000  -0.0766  -0.5024    0.294
    20   0.0000   0.9860   0.0000   0.2900   0.0145   0.4926   0.0524   1.7428   1.7428   0.0445   0.0000  -0.0765  -0.5012    0.294
    21   0.0000   1.0365   0.0000   0.2900   0.0148   0.4911   0.0538   1.7373   1.7373   0.0455   0.0000  -0.0764  -0.4998    0.294
    22   0.0000   1.0870   0.0000   0.2900   0.0145   0.4895   0.0553   1.7312   1.7312   0.0466   0.0000  -0.0762  -0.4982    0.294
    23   0.0000   1.1375   0.0000   0.2900   0.0148   0.4877   0.0570   1.7243   1.7243   0.0478   0.0000  -0.0760  -0.4964    0.294
    24   0.0000   1.1880   0.0000   0.2900   0.0145   0.4856   0.0589   1.7168   1.7168   0.0492   0.0000  -0.0759  -0.4945    0.294
    25   0.0000   1.2258   0.0000   0.2900   0.0074   0.4839   0.0605   1.7103   1.7103   0.0503   0.0000  -0.0757  -0.4928    0.294
    26   0.0000   1.2512   0.0000   0.2900   0.0074   0.4823   0.0617   1.7046   1.7046   0.0512   0.0000  -0.0755  -0.4913    0.294
    27   0.0000   1.2890   0.0000   0.2900   0.0145   0.4803   0.0637   1.6971   1.6971   0.0525   0.0000  -0.0753  -0.4894    0.294
    28   0.0000   1.3395   0.0000   0.2895   0.0148   0.4772   0.0655   1.6883   1.6882   0.0548   0.0000  -0.0753  -0.4874    0.295
    29   0.0005   1.3905   0.0000   0.2885   0.0147   0.4735   0.0680   1.6812   1.6809   0.0549   0.0000  -0.0747  -0.4849    0.294
    30   0.0010   1.4410   0.0000   0.2870   0.0144   0.4691   0.0700   1.6739   1.6738   0.0557   0.0000  -0.0742  -0.4829    0.294
    31   0.0015   1.4915   0.0000   0.2845   0.0145   0.4639   0.0704   1.6694   1.6693   0.0566   0.0000  -0.0743  -0.4818    0.294
    32   0.0020   1.5420   0.0000   0.2820   0.0141   0.4580   0.0719   1.6626   1.6624   0.0578   0.0000  -0.0742  -0.4802    0.295
    33   0.0025   1.5925   0.0000   0.2790   0.0142   0.4514   0.0729   1.6554   1.6554   0.0597   0.0000  -0.0743  -0.4786    0.295
    34   0.0035   1.6430   0.0000   0.2750   0.0137   0.4439   0.0734   1.6518   1.6518   0.0597   0.0000  -0.0740  -0.4775    0.295
    35   0.0045   1.6935   0.0000   0.2710   0.0138   0.4358   0.0750   1.6450   1.6450   0.0610   0.0000  -0.0738  -0.4757    0.295
    36   0.0060   1.7440   0.0000   0.2660   0.0133   0.4267   0.0762   1.6413   1.6412   0.0603   0.0000  -0.0732  -0.4738    0.295
    37   0.0075   1.7945   0.0000   0.2600   0.0133   0.4165   0.0759   1.6389   1.6388   0.0606   0.0000  -0.0731  -0.4735    0.295
    38   0.0090   1.8455   0.0000   0.2540   0.0130   0.4054   0.0773   1.6325   1.6323   0.0618   0.0000  -0.0729  -0.4715    0.295
    39   0.0110   1.8960   0.0000   0.2470   0.0124   0.3931   0.0782   1.6281   1.6281   0.0611   0.0000  -0.0721  -0.4696    0.294
    40   0.0130   1.9465   0.0000   0.2390   0.0122   0.3796   0.0783   1.6244   1.6244   0.0612   0.0000  -0.0718  -0.4685    0.294
    41   0.0150   1.9970   0.0000   0.2305   0.0115   0.3647   0.0786   1.6179   1.6178   0.0623   0.0000  -0.0715  -0.4667    0.294
    42   0.0175   2.0475   0.0000   0.2210   0.0113   0.3483   0.0798   1.6119   1.6117   0.0616   0.0000  -0.0706  -0.4638    0.294
    43   0.0200   2.0980   0.0000   0.2100   0.0105   0.3298   0.0784   1.6067   1.6061   0.0624   0.0000  -0.0703  -0.4626    0.294
    44   0.0230   2.1485   0.0000   0.1980   0.0101   0.3096   0.0793   1.5995   1.5989   0.0619   0.0000  -0.0695  -0.4590    0.293
    45   0.0265   2.1990   0.0000   0.1845   0.0092   0.2867   0.0793   1.5896   1.5893   0.0607   0.0000  -0.0676  -0.4553    0.293
    46   0.0300   2.2495   0.0000   0.1685   0.0086   0.2605   0.0768   1.5807   1.5806   0.0613   0.0000  -0.0671  -0.4521    0.292
    47   0.0345   2.3005   0.0000   0.1500   0.0077   0.2301   0.0747   1.5687   1.5687   0.0600   0.0000  -0.0652  -0.4466    0.292
    48   0.0405   2.3510   0.0000   0.1280   0.0064   0.1942   0.0727   1.5537   1.5531   0.0552   0.0000  -0.0613  -0.4364    0.289
    49   0.0480   2.4015   0.0000   0.0995   0.0051   0.1487   0.0631   1.5314   1.5314   0.0469   0.0000  -0.0538  -0.4222    0.285
    50   0.0620   2.4520   0.0000   0.0415   0.0021   0.0790  -0.0909   1.9865   1.9861  -0.0791   0.0000  -0.0374  -0.4765    0.269
 ---------------------------------------------------------------
