 ---------------------------------------------------------------
 Surface and Strip Forces by surface

  Sref =  1.2850       Cref = 0.25900       Bref =  4.9540    
  Xref =-0.65000E-01   Yref =  0.0000       Zref =  0.0000    

  Surface # 1     Wing                                    
     # Chordwise = 12   # Spanwise = 50     First strip =  1
     Surface area Ssurf =    0.641762     Ave. chord Cave =    0.259089

 Forces referred to Sref, Cref, Bref about Xref, Yref, Zref
 Standard axis orientation,  X fwd, Z down         
     CLsurf  =   0.21711     Clsurf  =  -0.04817
     CYsurf  =   0.00005     Cmsurf  =  -0.15832
     CDsurf  =   0.00159     Cnsurf  =  -0.00048
     CDisurf =   0.00159     CDvsurf =   0.00000

 Forces referred to Ssurf, Cave 
     CLsurf  =   0.43472     CDsurf  =   0.00318

 Strip Forces referred to Strip Area, Chord
    j     Xle      Yle      Zle      Chord    Area     c_cl     ai     cl_norm    cl       cd       cdv    cm_c/4     cm_LE   C.P.x/c
     1   0.0000   0.0255   0.0000   0.2900   0.0148   0.1311   0.0106   0.4520   0.4520   0.0024   0.0000  -0.0830  -0.1960    0.434
     2   0.0000   0.0760   0.0000   0.2900   0.0145   0.1311   0.0106   0.4520   0.4520   0.0024   0.0000  -0.0830  -0.1960    0.434
     3   0.0000   0.1265   0.0000   0.2900   0.0148   0.1310   0.0106   0.4519   0.4519   0.0024   0.0000  -0.0830  -0.1960    0.434
     4   0.0000   0.1770   0.0000   0.2900   0.0145   0.1310   0.0106   0.4518   0.4518   0.0024   0.0000  -0.0830  -0.1960    0.434
     5   0.0000   0.2275   0.0000   0.2900   0.0148   0.1310   0.0107   0.4517   0.4517   0.0024   0.0000  -0.0830  -0.1959    0.434
     6   0.0000   0.2780   0.0000   0.2900   0.0145   0.1309   0.0107   0.4515   0.4515   0.0024   0.0000  -0.0830  -0.1959    0.434
     7   0.0000   0.3285   0.0000   0.2900   0.0148   0.1308   0.0108   0.4512   0.4512   0.0024   0.0000  -0.0830  -0.1958    0.434
     8   0.0000   0.3790   0.0000   0.2900   0.0145   0.1308   0.0109   0.4509   0.4509   0.0025   0.0000  -0.0830  -0.1957    0.434
     9   0.0000   0.4295   0.0000   0.2900   0.0148   0.1307   0.0110   0.4506   0.4506   0.0025   0.0000  -0.0830  -0.1956    0.434
    10   0.0000   0.4805   0.0000   0.2900   0.0148   0.1306   0.0111   0.4502   0.4502   0.0025   0.0000  -0.0830  -0.1955    0.434
    11   0.0000   0.5310   0.0000   0.2900   0.0145   0.1304   0.0112   0.4498   0.4498   0.0025   0.0000  -0.0830  -0.1954    0.434
    12   0.0000   0.5815   0.0000   0.2900   0.0148   0.1303   0.0113   0.4493   0.4493   0.0026   0.0000  -0.0830  -0.1953    0.435
    13   0.0000   0.6320   0.0000   0.2900   0.0145   0.1301   0.0115   0.4488   0.4488   0.0026   0.0000  -0.0830  -0.1951    0.435
    14   0.0000   0.6825   0.0000   0.2900   0.0148   0.1300   0.0117   0.4482   0.4482   0.0026   0.0000  -0.0829  -0.1950    0.435
    15   0.0000   0.7330   0.0000   0.2900   0.0145   0.1298   0.0119   0.4475   0.4475   0.0027   0.0000  -0.0829  -0.1948    0.435
    16   0.0000   0.7835   0.0000   0.2900   0.0148   0.1296   0.0121   0.4468   0.4468   0.0027   0.0000  -0.0829  -0.1946    0.436
    17   0.0000   0.8340   0.0000   0.2900   0.0145   0.1293   0.0123   0.4460   0.4460   0.0028   0.0000  -0.0829  -0.1944    0.436
    18   0.0000   0.8845   0.0000   0.2900   0.0148   0.1291   0.0126   0.4450   0.4450   0.0028   0.0000  -0.0829  -0.1941    0.436
    19   0.0000   0.9355   0.0000   0.2900   0.0148   0.1288   0.0128   0.4440   0.4440   0.0029   0.0000  -0.0828  -0.1939    0.437
    20   0.0000   0.9860   0.0000   0.2900   0.0145   0.1284   0.0132   0.4429   0.4429   0.0029   0.0000  -0.0828  -0.1935    0.437
    21   0.0000   1.0365   0.0000   0.2900   0.0148   0.1281   0.0135   0.4417   0.4417   0.0030   0.0000  -0.0828  -0.1932    0.437
    22   0.0000   1.0870   0.0000   0.2900   0.0145   0.1277   0.0139   0.4404   0.4404   0.0031   0.0000  -0.0827  -0.1928    0.438
    23   0.0000   1.1375   0.0000   0.2900   0.0148   0.1273   0.0144   0.4389   0.4389   0.0031   0.0000  -0.0827  -0.1924    0.438
    24   0.0000   1.1880   0.0000   0.2900   0.0145   0.1268   0.0149   0.4372   0.4372   0.0032   0.0000  -0.0826  -0.1919    0.439
    25   0.0000   1.2258   0.0000   0.2900   0.0074   0.1264   0.0153   0.4358   0.4358   0.0033   0.0000  -0.0826  -0.1915    0.439
    26   0.0000   1.2512   0.0000   0.2900   0.0074   0.1260   0.0157   0.4345   0.4345   0.0033   0.0000  -0.0825  -0.1911    0.440
    27   0.0000   1.2890   0.0000   0.2900   0.0145   0.1255   0.0163   0.4329   0.4329   0.0034   0.0000  -0.0824  -0.1906    0.440
    28   0.0000   1.3395   0.0000   0.2895   0.0148   0.1248   0.0167   0.4310   0.4310   0.0035   0.0000  -0.0824  -0.1901    0.441
    29   0.0005   1.3905   0.0000   0.2885   0.0147   0.1239   0.0175   0.4294   0.4293   0.0035   0.0000  -0.0822  -0.1895    0.441
    30   0.0010   1.4410   0.0000   0.2870   0.0144   0.1228   0.0181   0.4278   0.4277   0.0036   0.0000  -0.0820  -0.1889    0.442
    31   0.0015   1.4915   0.0000   0.2845   0.0145   0.1214   0.0180   0.4267   0.4267   0.0037   0.0000  -0.0821  -0.1887    0.442
    32   0.0020   1.5420   0.0000   0.2820   0.0141   0.1199   0.0184   0.4251   0.4251   0.0037   0.0000  -0.0820  -0.1883    0.443
    33   0.0025   1.5925   0.0000   0.2790   0.0142   0.1181   0.0187   0.4235   0.4235   0.0038   0.0000  -0.0820  -0.1878    0.444
    34   0.0035   1.6430   0.0000   0.2750   0.0137   0.1162   0.0188   0.4225   0.4225   0.0039   0.0000  -0.0820  -0.1876    0.444
    35   0.0045   1.6935   0.0000   0.2710   0.0138   0.1141   0.0192   0.4209   0.4209   0.0039   0.0000  -0.0819  -0.1871    0.444
    36   0.0060   1.7440   0.0000   0.2660   0.0133   0.1117   0.0196   0.4199   0.4199   0.0039   0.0000  -0.0817  -0.1865    0.445
    37   0.0075   1.7945   0.0000   0.2600   0.0133   0.1090   0.0194   0.4192   0.4192   0.0040   0.0000  -0.0817  -0.1865    0.445
    38   0.0090   1.8455   0.0000   0.2540   0.0130   0.1061   0.0198   0.4176   0.4176   0.0040   0.0000  -0.0816  -0.1858    0.445
    39   0.0110   1.8960   0.0000   0.2470   0.0124   0.1029   0.0201   0.4164   0.4164   0.0040   0.0000  -0.0813  -0.1853    0.445
    40   0.0130   1.9465   0.0000   0.2390   0.0122   0.0993   0.0200   0.4153   0.4153   0.0041   0.0000  -0.0813  -0.1850    0.446
    41   0.0150   1.9970   0.0000   0.2305   0.0115   0.0953   0.0201   0.4135   0.4135   0.0041   0.0000  -0.0811  -0.1844    0.446
    42   0.0175   2.0475   0.0000   0.2210   0.0113   0.0910   0.0205   0.4118   0.4117   0.0041   0.0000  -0.0808  -0.1835    0.446
    43   0.0200   2.0980   0.0000   0.2100   0.0105   0.0861   0.0199   0.4101   0.4099   0.0042   0.0000  -0.0807  -0.1830    0.447
    44   0.0230   2.1485   0.0000   0.1980   0.0101   0.0807   0.0202   0.4079   0.4078   0.0042   0.0000  -0.0804  -0.1818    0.447
    45   0.0265   2.1990   0.0000   0.1845   0.0092   0.0747   0.0202   0.4048   0.4047   0.0042   0.0000  -0.0797  -0.1806    0.447
    46   0.0300   2.2495   0.0000   0.1685   0.0086   0.0677   0.0193   0.4017   0.4016   0.0043   0.0000  -0.0795  -0.1793    0.448
    47   0.0345   2.3005   0.0000   0.1500   0.0077   0.0596   0.0187   0.3974   0.3974   0.0043   0.0000  -0.0787  -0.1772    0.448
    48   0.0405   2.3510   0.0000   0.1280   0.0064   0.0501   0.0182   0.3915   0.3914   0.0041   0.0000  -0.0772  -0.1734    0.447
    49   0.0480   2.4015   0.0000   0.0995   0.0051   0.0379   0.0154   0.3812   0.3812   0.0037   0.0000  -0.0738  -0.1671    0.444
    50   0.0620   2.4520   0.0000   0.0415   0.0021   0.0189  -0.0315   0.4564   0.4563  -0.0035   0.0000  -0.0655  -0.1667    0.394
 ---------------------------------------------------------------
