 ---------------------------------------------------------------
 Vortex Lattice Output -- Total Forces

 Configuration: MACE 1                                                      
     # Surfaces =   1
     # Strips   =  50
     # Vortices = 600

  Sref =  1.2850       Cref = 0.25900       Bref =  4.9540    
  Xref =-0.65000E-01   Yref =  0.0000       Zref =  0.0000    

 Standard axis orientation,  X fwd, Z down         

 Run case:  -unnamed-                              

  Alpha =  -0.71439     pb/2V =  -0.00000     p'b/2V =  -0.00000
  Beta  =   0.00000     qc/2V =   0.00000
  Mach  =     0.000     rb/2V =  -0.00000     r'b/2V =  -0.00000

  CXtot =  -0.00285     Cltot =  -0.00000     Cl'tot =  -0.00000
  CYtot =   0.00000     Cmtot =  -0.16125
  CZtot =  -0.18232     Cntot =  -0.00000     Cn'tot =  -0.00000

  CLtot =   0.18234
  CDtot =   0.00057
  CDvis =   0.00000     CDind = 0.0005721
  CLff  =   0.18234     CDff  = 0.0005711    | Trefftz
  CYff  =   0.00000         e =    0.9702    | Plane  


 ---------------------------------------------------------------
