 ---------------------------------------------------------------
 Vortex Lattice Output -- Total Forces

 Configuration: MACE 1                                                      
     # Surfaces =  12
     # Strips   = 240
     # Vortices =2880

  Sref = 0.99000       Cref = 0.24700       Bref =  2.0000    
  Xref =-0.31200       Yref =  0.0000       Zref =  0.0000    

 Standard axis orientation,  X fwd, Z down         

 Run case:  -unnamed-                              

  Alpha =  -1.00000     pb/2V =  -0.00000     p'b/2V =  -0.00000
  Beta  =   0.00000     qc/2V =   0.00000
  Mach  =     0.000     rb/2V =  -0.00000     r'b/2V =  -0.00000

  CXtot =  -0.92035     Cltot =  -0.00000     Cl'tot =  -0.00000
  CYtot =  -0.00000     Cmtot =   2.49803
  CZtot =   0.27705     Cntot =   0.00000     Cn'tot =   0.00000

  CLtot =  -0.26094
  CDtot =   0.92504
  CDvis =   0.00000     CDind = 0.9250417
  CLff  =  -0.12033     CDff  =       NaN    | Trefftz
  CYff  =   0.00000         e =       NaN    | Plane  


 ---------------------------------------------------------------

 Stability-axis derivatives...

                             alpha                beta
                  ----------------    ----------------
 z' force CL |    CLa =  22.080093    CLb =  -0.001351
 y  force CY |    CYa =   0.000001    CYb =  -4.024928
 x' mom.  Cl'|    Cla =   0.000035    Clb = -24.368946
 y  mom.  Cm |    Cma =-244.787186    Cmb =   0.003935
 z' mom.  Cn'|    Cna =  -0.000060    Cnb =-189.765917

                     roll rate  p'      pitch rate  q'        yaw rate  r'
                  ----------------    ----------------    ----------------
 z' force CL |    CLp =  -0.000198    CLq = 155.108497    CLr =   0.001504
 y  force CY |    CYp =  -0.883166    CYq =   0.000003    CYr =   3.251905
 x' mom.  Cl'|    Clp =  -5.460812    Clq =   0.000223    Clr =  15.585230
 y  mom.  Cm |    Cmp =   0.001154    Cmq =***********    Cmr =  -0.001425
 z' mom.  Cn'|    Cnp = -44.126855    Cnq =  -0.000395    Cnr = 105.257114

 Neutral point  Xnp =   2.426323

 Clb Cnr / Clr Cnb  =   0.867275    (  > 1 if spirally stable )
