 ---------------------------------------------------------------
 Vortex Lattice Output -- Total Forces

 Configuration: MACE 1                                                      
     # Surfaces =  12
     # Strips   = 240
     # Vortices =2880

  Sref = 0.99000       Cref = 0.24700       Bref =  2.0000    
  Xref =-0.31200       Yref =  0.0000       Zref =  0.0000    

 Standard axis orientation,  X fwd, Z down         

 Run case:  -unnamed-                              

  Alpha =  -2.00000     pb/2V =  -0.00000     p'b/2V =  -0.00000
  Beta  =   0.00000     qc/2V =   0.00000
  Mach  =     0.000     rb/2V =  -0.00000     r'b/2V =  -0.00000

  CXtot =  -3.68027     Cltot =  -0.00000     Cl'tot =  -0.00000
  CYtot =  -0.00000     Cmtot =   8.54295
  CZtot =   0.86723     Cntot =   0.00000     Cn'tot =   0.00000

  CLtot =  -0.73826
  CDtot =   3.70829
  CDvis =   0.00000     CDind = 3.7082898
  CLff  =  -0.24062     CDff  =       NaN    | Trefftz
  CYff  =   0.00000         e =       NaN    | Plane  


 ---------------------------------------------------------------

 Stability-axis derivatives...

                             alpha                beta
                  ----------------    ----------------
 z' force CL |    CLa =  31.683437    CLb =  -0.002723
 y  force CY |    CYa =   0.000001    CYb =  -6.825340
 x' mom.  Cl'|    Cla =   0.000073    Clb = -40.555964
 y  mom.  Cm |    Cma =-447.839120    Cmb =   0.007909
 z' mom.  Cn'|    Cna =  -0.000120    Cnb =-381.397246

                     roll rate  p'      pitch rate  q'        yaw rate  r'
                  ----------------    ----------------    ----------------
 z' force CL |    CLp =  -0.000442    CLq = 234.638558    CLr =   0.003080
 y  force CY |    CYp =  -1.685011    CYq =   0.000007    CYr =   5.124357
 x' mom.  Cl'|    Clp =  -9.399217    Clq =   0.000459    Clr =  26.037761
 y  mom.  Cm |    Cmp =   0.002369    Cmq =***********    Cmr =  -0.002822
 z' mom.  Cn'|    Cnp = -92.241021    Cnq =  -0.000787    Cnr = 210.720493

 Neutral point  Xnp =   3.179296

 Clb Cnr / Clr Cnb  =   0.860558    (  > 1 if spirally stable )
