 ---------------------------------------------------------------
 Vortex Lattice Output -- Total Forces

 Configuration: MACE 1                                                      
     # Surfaces =   1
     # Strips   =  50
     # Vortices = 600

  Sref =  1.2850       Cref = 0.25900       Bref =  4.9540    
  Xref =-0.65000E-01   Yref =  0.0000       Zref =  0.0000    

 Standard axis orientation,  X fwd, Z down         

 Run case:  -unnamed-                              

  Alpha =  19.19678     pb/2V =  -0.00000     p'b/2V =  -0.00000
  Beta  =   0.00000     qc/2V =   0.00000
  Mach  =     0.000     rb/2V =  -0.00000     r'b/2V =  -0.00000

  CXtot =   0.63001     Cltot =  -0.00000     Cl'tot =  -0.00000
  CYtot =   0.00000     Cmtot =  -1.15337
  CZtot =  -2.03297     Cntot =  -0.00000     Cn'tot =  -0.00000

  CLtot =   2.12709
  CDtot =   0.07349
  CDvis =   0.00000     CDind = 0.0734878
  CLff  =   2.15267     CDff  = 0.0778849    | Trefftz
  CYff  =   0.00000         e =    0.9916    | Plane  


 ---------------------------------------------------------------
