 ---------------------------------------------------------------
 Vortex Lattice Output -- Total Forces

 Configuration: MACE 1                                                      
     # Surfaces =   1
     # Strips   =  50
     # Vortices = 600

  Sref =  1.2850       Cref = 0.25900       Bref =  4.9540    
  Xref =-0.65000E-01   Yref =  0.0000       Zref =  0.0000    

 Standard axis orientation,  X fwd, Z down         

 Run case:  -unnamed-                              

  Alpha =  14.24349     pb/2V =  -0.00000     p'b/2V =  -0.00000
  Beta  =   0.00000     qc/2V =   0.00000
  Mach  =     0.000     rb/2V =  -0.00000     r'b/2V =  -0.00000

  CXtot =   0.36938     Cltot =  -0.00000     Cl'tot =  -0.00000
  CYtot =   0.00000     Cmtot =  -0.95269
  CZtot =  -1.64596     Cntot =  -0.00000     Cn'tot =  -0.00000

  CLtot =   1.68624
  CDtot =   0.04695
  CDvis =   0.00000     CDind = 0.0469471
  CLff  =   1.69816     CDff  = 0.0484760    | Trefftz
  CYff  =   0.00000         e =    0.9915    | Plane  


 ---------------------------------------------------------------
