 ---------------------------------------------------------------
 Vortex Lattice Output -- Total Forces

 Configuration: MACE 1                                                      
     # Surfaces =  12
     # Strips   = 240
     # Vortices =2880

  Sref = 0.99000       Cref = 0.24700       Bref =  2.0000    
  Xref =-0.31200       Yref =  0.0000       Zref =  0.0000    

 Standard axis orientation,  X fwd, Z down         

 Run case:  -unnamed-                              

  Alpha =  -3.00000     pb/2V =  -0.00000     p'b/2V =  -0.00000
  Beta  =   0.00000     qc/2V =   0.00000
  Mach  =     0.000     rb/2V =  -0.00000     r'b/2V =  -0.00000

  CXtot =  -8.27639     Cltot =  -0.00000     Cl'tot =  -0.00000
  CYtot =  -0.00000     Cmtot =  18.12739
  CZtot =   1.76983     Cntot =   0.00000     Cn'tot =   0.00000

  CLtot =  -1.33425
  CDtot =   8.35768
  CDvis =   0.00000     CDind = 8.3576782
  CLff  =  -0.36083     CDff  =       NaN    | Trefftz
  CYff  =   0.00000         e =       NaN    | Plane  


 ---------------------------------------------------------------

 Stability-axis derivatives...

                             alpha                beta
                  ----------------    ----------------
 z' force CL |    CLa =  35.675321    CLb =  -0.004103
 y  force CY |    CYa =   0.000002    CYb =  -9.623673
 x' mom.  Cl'|    Cla =   0.000114    Clb = -50.045285
 y  mom.  Cm |    Cma =-650.345435    Cmb =   0.012012
 z' mom.  Cn'|    Cna =  -0.000175    Cnb =-573.476763

                     roll rate  p'      pitch rate  q'        yaw rate  r'
                  ----------------    ----------------    ----------------
 z' force CL |    CLp =  -0.000733    CLq = 290.618113    CLr =   0.004716
 y  force CY |    CYp =  -2.551715    CYq =   0.000010    CYr =   6.967683
 x' mom.  Cl'|    Clp = -12.020912    Clq =   0.000709    Clr =  32.668671
 y  mom.  Cm |    Cmp =   0.003661    Cmq =***********    Cmr =  -0.004277
 z' mom.  Cn'|    Cnp =-144.140782    Cnq =  -0.001159    Cnr = 314.805841

 Neutral point  Xnp =   4.190702

 Clb Cnr / Clr Cnb  =   0.840928    (  > 1 if spirally stable )
