 ---------------------------------------------------------------
 Vortex Lattice Output -- Total Forces

 Configuration: MACE 1                                                      
     # Surfaces =  12
     # Strips   = 240
     # Vortices =2880

  Sref = 0.99000       Cref = 0.24700       Bref =  2.0000    
  Xref =-0.31200       Yref =  0.0000       Zref =  0.0000    

 Standard axis orientation,  X fwd, Z down         

 Run case:  -unnamed-                              

  Alpha =   0.00000     pb/2V =  -0.00000     p'b/2V =  -0.00000
  Beta  =   0.00000     qc/2V =   0.00000
  Mach  =     0.000     rb/2V =  -0.00000     r'b/2V =  -0.00000

  CXtot =  -0.00000     Cltot =  -0.00000     Cl'tot =  -0.00000
  CYtot =   0.00000     Cmtot =   0.00000
  CZtot =  -0.00000     Cntot =  -0.00000     Cn'tot =  -0.00000

  CLtot =   0.00000
  CDtot =   0.00000
  CDvis =   0.00000     CDind = 0.0000000
  CLff  =   0.00000     CDff  =       NaN    | Trefftz
  CYff  =   0.00000         e =       NaN    | Plane  


 ---------------------------------------------------------------

 Stability-axis derivatives...

                             alpha                beta
                  ----------------    ----------------
 z' force CL |    CLa =   6.894559    CLb =   0.000015
 y  force CY |    CYa =  -0.000000    CYb =  -1.223290
 x' mom.  Cl'|    Cla =  -0.000000    Clb =  -1.503952
 y  mom.  Cm |    Cma = -41.437023    Cmb =  -0.000126
 z' mom.  Cn'|    Cna =   0.000000    Cnb =   1.183754

                     roll rate  p'      pitch rate  q'        yaw rate  r'
                  ----------------    ----------------    ----------------
 z' force CL |    CLp =   0.000004    CLq =  52.124813    CLr =  -0.000008
 y  force CY |    CYp =  -0.147158    CYq =  -0.000000    CYr =   1.352611
 x' mom.  Cl'|    Clp =  -0.408292    Clq =  -0.000000    Clr =   1.250724
 y  mom.  Cm |    Cmp =  -0.000031    Cmq =-334.510837    Cmr =   0.000069
 z' mom.  Cn'|    Cnp =   0.123527    Cnq =   0.000000    Cnr =  -1.350777

 Neutral point  Xnp =   1.172496

 Clb Cnr / Clr Cnb  =   1.372128    (  > 1 if spirally stable )
