 ---------------------------------------------------------------
 Vortex Lattice Output -- Total Forces

 Configuration: MACE 1                                                      
     # Surfaces =  12
     # Strips   = 240
     # Vortices =2880

  Sref = 0.99000       Cref = 0.24700       Bref =  2.0000    
  Xref =-0.31200       Yref =  0.0000       Zref =  0.0000    

 Standard axis orientation,  X fwd, Z down         

 Run case:  -unnamed-                              

  Alpha =   2.00000     pb/2V =  -0.00000     p'b/2V =  -0.00000
  Beta  =   0.00000     qc/2V =   0.00000
  Mach  =     0.000     rb/2V =  -0.00000     r'b/2V =  -0.00000

  CXtot =  -3.68027     Cltot =  -0.00000     Cl'tot =  -0.00000
  CYtot =  -0.00000     Cmtot =   5.65245
  CZtot =   0.38629     Cntot =   0.00000     Cn'tot =   0.00000

  CLtot =  -0.51449
  CDtot =   3.66454
  CDvis =   0.00000     CDind = 3.6645426
  CLff  =   0.24062     CDff  =       NaN    | Trefftz
  CYff  =  -0.00000         e =       NaN    | Plane  


 ---------------------------------------------------------------

 Stability-axis derivatives...

                             alpha                beta
                  ----------------    ----------------
 z' force CL |    CLa = -40.021217    CLb =   0.002707
 y  force CY |    CYa =  -0.000001    CYb =   4.380250
 x' mom.  Cl'|    Cla =  -0.000060    Clb =  64.140432
 y  mom.  Cm |    Cma = 365.166951    Cmb =  -0.008162
 z' mom.  Cn'|    Cna =   0.000127    Cnb = 380.108676

                     roll rate  p'      pitch rate  q'        yaw rate  r'
                  ----------------    ----------------    ----------------
 z' force CL |    CLp =   0.000291    CLq =-223.673101    CLr =  -0.002818
 y  force CY |    CYp =   1.123846    CYq =  -0.000007    CYr =  -2.517223
 x' mom.  Cl'|    Clp =  12.212402    Clq =  -0.000404    Clr = -39.246400
 y  mom.  Cm |    Cmp =  -0.002223    Cmq =2247.362126    Cmr =   0.003121
 z' mom.  Cn'|    Cnp =  76.779360    Cnq =   0.000817    Cnr =-217.049673

 Neutral point  Xnp =   1.941710

 Clb Cnr / Clr Cnb  =   0.933219    (  > 1 if spirally stable )
