 ---------------------------------------------------------------
 Surface and Strip Forces by surface

  Sref =  1.7740       Cref = 0.39400       Bref =  4.5000    
  Xref = 0.50000       Yref =  0.0000       Zref =  0.0000    

  Surface # 1     main_wing_panel_0                       
     # Chordwise = 12   # Spanwise = 20     First strip =  1
     Surface area Ssurf =    0.434600     Ave. chord Cave =    0.410000

 Forces referred to Sref, Cref, Bref about Xref, Yref, Zref
 Standard axis orientation,  X fwd, Z down         
     CLsurf  =   0.08039     Clsurf  =  -0.00940
     CYsurf  =  -0.00000     Cmsurf  =   0.00022
     CDsurf  =   0.00054     Cnsurf  =  -0.00005
     CDisurf =   0.00054     CDvsurf =   0.00000

 Forces referred to Ssurf, Cave 
     CLsurf  =   0.32815     CDsurf  =   0.00221

 Strip Forces referred to Strip Area, Chord
    j     Xle      Yle      Zle      Chord    Area     c_cl     ai     cl_norm    cl       cd       cdv    cm_c/4     cm_LE   C.P.x/c
     1   0.4000   0.0016   0.0000   0.4100   0.0027   0.1365   0.0125   0.3328   0.3328   0.0021   0.0000   0.0028  -0.0804    0.242
     2   0.4000   0.0146   0.0000   0.4100   0.0080   0.1365   0.0125   0.3328   0.3328   0.0021   0.0000   0.0028  -0.0804    0.242
     3   0.4000   0.0403   0.0000   0.4100   0.0130   0.1365   0.0125   0.3328   0.3328   0.0021   0.0000   0.0028  -0.0804    0.242
     4   0.4000   0.0781   0.0000   0.4100   0.0178   0.1364   0.0126   0.3328   0.3328   0.0021   0.0000   0.0028  -0.0804    0.242
     5   0.4000   0.1270   0.0000   0.4100   0.0221   0.1364   0.0126   0.3327   0.3327   0.0021   0.0000   0.0028  -0.0804    0.242
     6   0.4000   0.1858   0.0000   0.4100   0.0259   0.1363   0.0126   0.3325   0.3325   0.0021   0.0000   0.0028  -0.0803    0.242
     7   0.4000   0.2531   0.0000   0.4100   0.0291   0.1362   0.0126   0.3321   0.3321   0.0021   0.0000   0.0028  -0.0803    0.242
     8   0.4000   0.3272   0.0000   0.4100   0.0315   0.1360   0.0126   0.3317   0.3317   0.0021   0.0000   0.0028  -0.0801    0.242
     9   0.4000   0.4063   0.0000   0.4100   0.0332   0.1357   0.0125   0.3310   0.3310   0.0021   0.0000   0.0028  -0.0800    0.242
    10   0.4000   0.4884   0.0000   0.4100   0.0340   0.1354   0.0124   0.3302   0.3302   0.0021   0.0000   0.0028  -0.0797    0.241
    11   0.4000   0.5716   0.0000   0.4100   0.0340   0.1349   0.0142   0.3291   0.3291   0.0022   0.0000   0.0028  -0.0794    0.241
    12   0.4000   0.6537   0.0000   0.4100   0.0332   0.1344   0.0140   0.3278   0.3278   0.0022   0.0000   0.0029  -0.0791    0.241
    13   0.4000   0.7328   0.0000   0.4100   0.0315   0.1338   0.0142   0.3264   0.3264   0.0023   0.0000   0.0029  -0.0787    0.241
    14   0.4000   0.8069   0.0000   0.4100   0.0291   0.1332   0.0144   0.3248   0.3248   0.0023   0.0000   0.0029  -0.0783    0.241
    15   0.4000   0.8742   0.0000   0.4100   0.0259   0.1325   0.0148   0.3231   0.3231   0.0024   0.0000   0.0030  -0.0778    0.241
    16   0.4000   0.9330   0.0000   0.4100   0.0221   0.1318   0.0151   0.3214   0.3214   0.0024   0.0000   0.0030  -0.0774    0.241
    17   0.4000   0.9819   0.0000   0.4100   0.0178   0.1312   0.0155   0.3199   0.3199   0.0025   0.0000   0.0030  -0.0769    0.241
    18   0.4000   1.0197   0.0000   0.4100   0.0130   0.1306   0.0158   0.3185   0.3185   0.0025   0.0000   0.0031  -0.0766    0.240
    19   0.4000   1.0454   0.0000   0.4100   0.0080   0.1302   0.0161   0.3176   0.3176   0.0026   0.0000   0.0031  -0.0763    0.240
    20   0.4000   1.0584   0.0000   0.4100   0.0027   0.1300   0.0163   0.3170   0.3170   0.0028   0.0000   0.0031  -0.0761    0.240

  Surface # 2     main_wing_panel_0 (YDUP)                
     # Chordwise = 12   # Spanwise = 20     First strip = 21
     Surface area Ssurf =    0.434600     Ave. chord Cave =    0.410000

 Forces referred to Sref, Cref, Bref about Xref, Yref, Zref
 Standard axis orientation,  X fwd, Z down         
     CLsurf  =   0.08039     Clsurf  =   0.00940
     CYsurf  =  -0.00000     Cmsurf  =   0.00022
     CDsurf  =   0.00054     Cnsurf  =   0.00005
     CDisurf =   0.00054     CDvsurf =   0.00000

 Forces referred to Ssurf, Cave 
     CLsurf  =   0.32815     CDsurf  =   0.00221

 Strip Forces referred to Strip Area, Chord
    j     Xle      Yle      Zle      Chord    Area     c_cl     ai     cl_norm    cl       cd       cdv    cm_c/4     cm_LE   C.P.x/c
    21   0.4000  -0.0016   0.0000   0.4100   0.0027   0.1365   0.0125   0.3328   0.3328   0.0021   0.0000   0.0028   0.0804    0.242
    22   0.4000  -0.0146   0.0000   0.4100   0.0080   0.1365   0.0125   0.3328   0.3328   0.0021   0.0000   0.0028   0.0804    0.242
    23   0.4000  -0.0403   0.0000   0.4100   0.0130   0.1365   0.0125   0.3328   0.3328   0.0021   0.0000   0.0028   0.0804    0.242
    24   0.4000  -0.0781   0.0000   0.4100   0.0178   0.1364   0.0125   0.3328   0.3328   0.0021   0.0000   0.0028   0.0804    0.242
    25   0.4000  -0.1270   0.0000   0.4100   0.0221   0.1364   0.0126   0.3327   0.3327   0.0021   0.0000   0.0028   0.0804    0.242
    26   0.4000  -0.1858   0.0000   0.4100   0.0259   0.1363   0.0126   0.3325   0.3325   0.0021   0.0000   0.0028   0.0803    0.242
    27   0.4000  -0.2531   0.0000   0.4100   0.0291   0.1362   0.0126   0.3321   0.3321   0.0021   0.0000   0.0028   0.0803    0.242
    28   0.4000  -0.3272   0.0000   0.4100   0.0315   0.1360   0.0126   0.3317   0.3317   0.0021   0.0000   0.0028   0.0801    0.242
    29   0.4000  -0.4063   0.0000   0.4100   0.0332   0.1357   0.0125   0.3310   0.3310   0.0021   0.0000   0.0028   0.0800    0.242
    30   0.4000  -0.4884   0.0000   0.4100   0.0340   0.1354   0.0124   0.3302   0.3302   0.0021   0.0000   0.0028   0.0797    0.241
    31   0.4000  -0.5716   0.0000   0.4100   0.0340   0.1349   0.0142   0.3291   0.3291   0.0022   0.0000   0.0028   0.0794    0.241
    32   0.4000  -0.6537   0.0000   0.4100   0.0332   0.1344   0.0140   0.3278   0.3278   0.0022   0.0000   0.0029   0.0791    0.241
    33   0.4000  -0.7328   0.0000   0.4100   0.0315   0.1338   0.0142   0.3264   0.3264   0.0023   0.0000   0.0029   0.0787    0.241
    34   0.4000  -0.8069   0.0000   0.4100   0.0291   0.1332   0.0144   0.3248   0.3248   0.0023   0.0000   0.0029   0.0783    0.241
    35   0.4000  -0.8742   0.0000   0.4100   0.0259   0.1325   0.0148   0.3231   0.3231   0.0024   0.0000   0.0030   0.0778    0.241
    36   0.4000  -0.9330   0.0000   0.4100   0.0221   0.1318   0.0151   0.3214   0.3214   0.0024   0.0000   0.0030   0.0774    0.241
    37   0.4000  -0.9819   0.0000   0.4100   0.0178   0.1312   0.0155   0.3199   0.3199   0.0025   0.0000   0.0030   0.0769    0.241
    38   0.4000  -1.0197   0.0000   0.4100   0.0130   0.1306   0.0158   0.3185   0.3185   0.0025   0.0000   0.0031   0.0766    0.240
    39   0.4000  -1.0454   0.0000   0.4100   0.0080   0.1302   0.0161   0.3176   0.3176   0.0026   0.0000   0.0031   0.0763    0.240
    40   0.4000  -1.0584   0.0000   0.4100   0.0027   0.1300   0.0163   0.3170   0.3170   0.0028   0.0000   0.0031   0.0761    0.240

  Surface # 3     main_wing_panel_1                       
     # Chordwise = 12   # Spanwise = 20     First strip = 41
     Surface area Ssurf =    0.452200     Ave. chord Cave =    0.380000

 Forces referred to Sref, Cref, Bref about Xref, Yref, Zref
 Standard axis orientation,  X fwd, Z down         
     CLsurf  =   0.06896     Clsurf  =  -0.02415
     CYsurf  =   0.00000     Cmsurf  =   0.00090
     CDsurf  =   0.00074     Cnsurf  =  -0.00003
     CDisurf =   0.00074     CDvsurf =   0.00000

 Forces referred to Ssurf, Cave 
     CLsurf  =   0.27055     CDsurf  =   0.00291

 Strip Forces referred to Strip Area, Chord
    j     Xle      Yle      Zle      Chord    Area     c_cl     ai     cl_norm    cl       cd       cdv    cm_c/4     cm_LE   C.P.x/c
    41   0.4000   1.0618   0.0000   0.4099   0.0030   0.1299   0.0163   0.3170   0.3170   0.0028   0.0000   0.0031  -0.0761    0.240
    42   0.4002   1.0764   0.0000   0.4092   0.0089   0.1297   0.0162   0.3169   0.3169   0.0026   0.0000   0.0032  -0.0761    0.240
    43   0.4006   1.1053   0.0000   0.4077   0.0146   0.1291   0.0162   0.3167   0.3167   0.0026   0.0000   0.0032  -0.0759    0.240
    44   0.4011   1.1477   0.0000   0.4056   0.0198   0.1282   0.0163   0.3161   0.3161   0.0026   0.0000   0.0034  -0.0757    0.239
    45   0.4018   1.2026   0.0000   0.4028   0.0244   0.1270   0.0164   0.3152   0.3152   0.0026   0.0000   0.0035  -0.0753    0.239
    46   0.4026   1.2686   0.0000   0.3995   0.0284   0.1253   0.0167   0.3137   0.3137   0.0026   0.0000   0.0037  -0.0747    0.238
    47   0.4036   1.3441   0.0000   0.3957   0.0315   0.1232   0.0172   0.3114   0.3114   0.0027   0.0000   0.0040  -0.0739    0.237
    48   0.4046   1.4273   0.0000   0.3915   0.0338   0.1206   0.0178   0.3082   0.3082   0.0027   0.0000   0.0043  -0.0727    0.236
    49   0.4057   1.5161   0.0000   0.3870   0.0351   0.1175   0.0187   0.3036   0.3036   0.0028   0.0000   0.0047  -0.0712    0.235
    50   0.4069   1.6083   0.0000   0.3824   0.0356   0.1137   0.0199   0.2973   0.2973   0.0029   0.0000   0.0051  -0.0692    0.233
    51   0.4081   1.7017   0.0000   0.3776   0.0352   0.1091   0.0214   0.2889   0.2889   0.0031   0.0000   0.0056  -0.0666    0.231
    52   0.4093   1.7939   0.0000   0.3730   0.0339   0.1036   0.0233   0.2778   0.2778   0.0032   0.0000   0.0061  -0.0633    0.228
    53   0.4104   1.8827   0.0000   0.3685   0.0318   0.0970   0.0255   0.2633   0.2633   0.0033   0.0000   0.0068  -0.0590    0.224
    54   0.4114   1.9659   0.0000   0.3643   0.0290   0.0891   0.0281   0.2446   0.2446   0.0034   0.0000   0.0075  -0.0537    0.219
    55   0.4124   2.0414   0.0000   0.3605   0.0256   0.0797   0.0310   0.2210   0.2210   0.0034   0.0000   0.0081  -0.0471    0.213
    56   0.4132   2.1074   0.0000   0.3572   0.0217   0.0685   0.0338   0.1919   0.1919   0.0033   0.0000   0.0086  -0.0394    0.205
    57   0.4139   2.1623   0.0000   0.3544   0.0173   0.0557   0.0365   0.1570   0.1570   0.0030   0.0000   0.0085  -0.0307    0.196
    58   0.4144   2.2047   0.0000   0.3523   0.0126   0.0411   0.0388   0.1168   0.1168   0.0026   0.0000   0.0076  -0.0216    0.185
    59   0.4148   2.2336   0.0000   0.3508   0.0076   0.0253   0.0406   0.0721   0.0721   0.0018   0.0000   0.0054  -0.0126    0.175
    60   0.4150   2.2482   0.0000   0.3501   0.0026   0.0085   0.0416   0.0244   0.0244   0.0007   0.0000   0.0020  -0.0041    0.169

  Surface # 4     main_wing_panel_1 (YDUP)                
     # Chordwise = 12   # Spanwise = 20     First strip = 61
     Surface area Ssurf =    0.452200     Ave. chord Cave =    0.380000

 Forces referred to Sref, Cref, Bref about Xref, Yref, Zref
 Standard axis orientation,  X fwd, Z down         
     CLsurf  =   0.06896     Clsurf  =   0.02415
     CYsurf  =  -0.00000     Cmsurf  =   0.00090
     CDsurf  =   0.00074     Cnsurf  =   0.00003
     CDisurf =   0.00074     CDvsurf =   0.00000

 Forces referred to Ssurf, Cave 
     CLsurf  =   0.27055     CDsurf  =   0.00291

 Strip Forces referred to Strip Area, Chord
    j     Xle      Yle      Zle      Chord    Area     c_cl     ai     cl_norm    cl       cd       cdv    cm_c/4     cm_LE   C.P.x/c
    61   0.4000  -1.0618   0.0000   0.4099   0.0030   0.1299   0.0163   0.3170   0.3170   0.0028   0.0000   0.0031   0.0761    0.240
    62   0.4002  -1.0764   0.0000   0.4092   0.0089   0.1297   0.0162   0.3169   0.3169   0.0026   0.0000   0.0032   0.0761    0.240
    63   0.4006  -1.1053   0.0000   0.4077   0.0146   0.1291   0.0162   0.3167   0.3167   0.0026   0.0000   0.0032   0.0759    0.240
    64   0.4011  -1.1477   0.0000   0.4056   0.0198   0.1282   0.0163   0.3161   0.3161   0.0026   0.0000   0.0034   0.0757    0.239
    65   0.4018  -1.2026   0.0000   0.4028   0.0244   0.1270   0.0164   0.3152   0.3152   0.0026   0.0000   0.0035   0.0753    0.239
    66   0.4026  -1.2686   0.0000   0.3995   0.0284   0.1253   0.0167   0.3137   0.3137   0.0026   0.0000   0.0037   0.0747    0.238
    67   0.4036  -1.3441   0.0000   0.3957   0.0315   0.1232   0.0172   0.3114   0.3114   0.0027   0.0000   0.0040   0.0739    0.237
    68   0.4046  -1.4273   0.0000   0.3915   0.0338   0.1206   0.0178   0.3082   0.3082   0.0027   0.0000   0.0043   0.0727    0.236
    69   0.4057  -1.5161   0.0000   0.3870   0.0351   0.1175   0.0187   0.3036   0.3036   0.0028   0.0000   0.0047   0.0712    0.235
    70   0.4069  -1.6083   0.0000   0.3824   0.0356   0.1137   0.0199   0.2973   0.2973   0.0029   0.0000   0.0051   0.0692    0.233
    71   0.4081  -1.7017   0.0000   0.3776   0.0352   0.1091   0.0214   0.2889   0.2889   0.0031   0.0000   0.0056   0.0666    0.231
    72   0.4093  -1.7939   0.0000   0.3730   0.0339   0.1036   0.0233   0.2778   0.2778   0.0032   0.0000   0.0061   0.0633    0.228
    73   0.4104  -1.8827   0.0000   0.3685   0.0318   0.0970   0.0255   0.2633   0.2633   0.0033   0.0000   0.0068   0.0590    0.224
    74   0.4114  -1.9659   0.0000   0.3643   0.0290   0.0891   0.0281   0.2446   0.2446   0.0034   0.0000   0.0075   0.0537    0.219
    75   0.4124  -2.0414   0.0000   0.3605   0.0256   0.0797   0.0310   0.2210   0.2210   0.0034   0.0000   0.0081   0.0471    0.213
    76   0.4132  -2.1074   0.0000   0.3572   0.0217   0.0685   0.0338   0.1919   0.1919   0.0033   0.0000   0.0086   0.0394    0.205
    77   0.4139  -2.1623   0.0000   0.3544   0.0173   0.0557   0.0365   0.1570   0.1570   0.0030   0.0000   0.0085   0.0307    0.196
    78   0.4144  -2.2047   0.0000   0.3523   0.0126   0.0411   0.0388   0.1168   0.1168   0.0026   0.0000   0.0076   0.0216    0.185
    79   0.4148  -2.2336   0.0000   0.3508   0.0076   0.0253   0.0406   0.0721   0.0721   0.0018   0.0000   0.0054   0.0126    0.175
    80   0.4150  -2.2482   0.0000   0.3501   0.0026   0.0085   0.0416   0.0244   0.0244   0.0007   0.0000   0.0020   0.0041    0.169

  Surface # 5     hstab_panel_0                           
     # Chordwise = 12   # Spanwise = 20     First strip = 81
     Surface area Ssurf =    0.118800     Ave. chord Cave =    0.220000

 Forces referred to Sref, Cref, Bref about Xref, Yref, Zref
 Standard axis orientation,  X fwd, Z down         
     CLsurf  =   0.00027     Clsurf  =  -0.00001
     CYsurf  =   0.00000     Cmsurf  =  -0.00112
     CDsurf  =   0.00000     Cnsurf  =   0.00000
     CDisurf =   0.00000     CDvsurf =   0.00000

 Forces referred to Ssurf, Cave 
     CLsurf  =   0.00404     CDsurf  =   0.00006

 Strip Forces referred to Strip Area, Chord
    j     Xle      Yle      Zle      Chord    Area     c_cl     ai     cl_norm    cl       cd       cdv    cm_c/4     cm_LE   C.P.x/c
    81   1.9000   0.0008   0.4000   0.2200   0.0007   0.0012   0.0119   0.0055   0.0055   0.0001   0.0000  -0.0035  -0.0048    0.878
    82   1.9000   0.0075   0.4000   0.2200   0.0022   0.0012   0.0119   0.0055   0.0055   0.0001   0.0000  -0.0035  -0.0048    0.878
    83   1.9000   0.0206   0.4000   0.2200   0.0036   0.0012   0.0119   0.0055   0.0055   0.0001   0.0000  -0.0035  -0.0048    0.878
    84   1.9000   0.0398   0.4000   0.2200   0.0049   0.0012   0.0119   0.0055   0.0055   0.0001   0.0000  -0.0035  -0.0048    0.879
    85   1.9000   0.0647   0.4000   0.2200   0.0061   0.0012   0.0119   0.0055   0.0055   0.0001   0.0000  -0.0035  -0.0048    0.882
    86   1.9000   0.0946   0.4000   0.2200   0.0071   0.0012   0.0119   0.0054   0.0054   0.0001   0.0000  -0.0035  -0.0048    0.887
    87   1.9000   0.1289   0.4000   0.2200   0.0079   0.0012   0.0119   0.0053   0.0053   0.0001   0.0000  -0.0035  -0.0048    0.896
    88   1.9000   0.1667   0.4000   0.2200   0.0086   0.0011   0.0119   0.0052   0.0052   0.0001   0.0000  -0.0034  -0.0048    0.910
    89   1.9000   0.2070   0.4000   0.2200   0.0091   0.0011   0.0120   0.0051   0.0051   0.0001   0.0000  -0.0034  -0.0047    0.931
    90   1.9000   0.2488   0.4000   0.2200   0.0093   0.0011   0.0120   0.0048   0.0048   0.0001   0.0000  -0.0034  -0.0046    0.961
    91   1.9000   0.2912   0.4000   0.2200   0.0093   0.0010   0.0121   0.0045   0.0045   0.0001   0.0000  -0.0034  -0.0045    1.003
    92   1.9000   0.3330   0.4000   0.2200   0.0091   0.0009   0.0122   0.0041   0.0041   0.0001   0.0000  -0.0034  -0.0044    1.065
    93   1.9000   0.3733   0.4000   0.2200   0.0086   0.0008   0.0123   0.0037   0.0037   0.0001   0.0000  -0.0033  -0.0042    1.154
    94   1.9000   0.4111   0.4000   0.2200   0.0079   0.0007   0.0125   0.0031   0.0031   0.0000   0.0000  -0.0033  -0.0040    1.291
    95   1.9000   0.4454   0.4000   0.2200   0.0071   0.0006   0.0126   0.0025   0.0025   0.0000   0.0000  -0.0032  -0.0038    1.516
    96   1.9000   0.4753   0.4000   0.2200   0.0061   0.0004   0.0128   0.0018   0.0018   0.0000   0.0000  -0.0030  -0.0035    1.943
    97   1.9000   0.5002   0.4000   0.2200   0.0049   0.0002   0.0131   0.0010   0.0010   0.0000   0.0000  -0.0029  -0.0031  999.000
    98   1.9000   0.5194   0.4000   0.2200   0.0036   0.0000   0.0133   0.0002   0.0002   0.0000   0.0000  -0.0026  -0.0027  999.000
    99   1.9000   0.5325   0.4000   0.2200   0.0022  -0.0001   0.0136  -0.0006  -0.0006  -0.0000   0.0000  -0.0023  -0.0022  999.000
   100   1.9000   0.5392   0.4000   0.2200   0.0007  -0.0003   0.0138  -0.0013  -0.0013  -0.0000   0.0000  -0.0020  -0.0017  999.000

  Surface # 6     hstab_panel_0 (YDUP)                    
     # Chordwise = 12   # Spanwise = 20     First strip =101
     Surface area Ssurf =    0.118800     Ave. chord Cave =    0.220000

 Forces referred to Sref, Cref, Bref about Xref, Yref, Zref
 Standard axis orientation,  X fwd, Z down         
     CLsurf  =   0.00027     Clsurf  =   0.00001
     CYsurf  =  -0.00000     Cmsurf  =  -0.00111
     CDsurf  =   0.00000     Cnsurf  =  -0.00000
     CDisurf =   0.00000     CDvsurf =   0.00000

 Forces referred to Ssurf, Cave 
     CLsurf  =   0.00397     CDsurf  =   0.00006

 Strip Forces referred to Strip Area, Chord
    j     Xle      Yle      Zle      Chord    Area     c_cl     ai     cl_norm    cl       cd       cdv    cm_c/4     cm_LE   C.P.x/c
   101   1.9000  -0.0008   0.4000   0.2200   0.0007   0.0012   0.0119   0.0055   0.0055   0.0001   0.0000  -0.0035   0.0048    0.878
   102   1.9000  -0.0075   0.4000   0.2200   0.0022   0.0012   0.0119   0.0055   0.0055   0.0001   0.0000  -0.0035   0.0048    0.878
   103   1.9000  -0.0206   0.4000   0.2200   0.0036   0.0012   0.0119   0.0055   0.0055   0.0001   0.0000  -0.0035   0.0048    0.878
   104   1.9000  -0.0398   0.4000   0.2200   0.0049   0.0012   0.0119   0.0055   0.0055   0.0001   0.0000  -0.0035   0.0048    0.880
   105   1.9000  -0.0647   0.4000   0.2200   0.0061   0.0012   0.0119   0.0055   0.0055   0.0001   0.0000  -0.0035   0.0048    0.883
   106   1.9000  -0.0946   0.4000   0.2200   0.0071   0.0012   0.0119   0.0054   0.0054   0.0001   0.0000  -0.0035   0.0048    0.889
   107   1.9000  -0.1289   0.4000   0.2200   0.0079   0.0012   0.0119   0.0053   0.0053   0.0001   0.0000  -0.0035   0.0048    0.899
   108   1.9000  -0.1667   0.4000   0.2200   0.0086   0.0011   0.0119   0.0052   0.0052   0.0001   0.0000  -0.0034   0.0047    0.914
   109   1.9000  -0.2070   0.4000   0.2200   0.0091   0.0011   0.0120   0.0050   0.0050   0.0001   0.0000  -0.0034   0.0047    0.936
   110   1.9000  -0.2488   0.4000   0.2200   0.0093   0.0010   0.0120   0.0048   0.0048   0.0001   0.0000  -0.0034   0.0046    0.969
   111   1.9000  -0.2912   0.4000   0.2200   0.0093   0.0010   0.0121   0.0044   0.0044   0.0001   0.0000  -0.0034   0.0045    1.016
   112   1.9000  -0.3330   0.4000   0.2200   0.0091   0.0009   0.0122   0.0040   0.0040   0.0001   0.0000  -0.0034   0.0044    1.084
   113   1.9000  -0.3733   0.4000   0.2200   0.0086   0.0008   0.0123   0.0036   0.0036   0.0001   0.0000  -0.0033   0.0042    1.185
   114   1.9000  -0.4111   0.4000   0.2200   0.0079   0.0007   0.0124   0.0030   0.0030   0.0000   0.0000  -0.0033   0.0040    1.343
   115   1.9000  -0.4454   0.4000   0.2200   0.0071   0.0005   0.0126   0.0024   0.0024   0.0000   0.0000  -0.0032   0.0038    1.613
   116   1.9000  -0.4753   0.4000   0.2200   0.0061   0.0004   0.0128   0.0016   0.0016   0.0000   0.0000  -0.0031   0.0035  999.000
   117   1.9000  -0.5002   0.4000   0.2200   0.0049   0.0002   0.0130   0.0009   0.0009   0.0000   0.0000  -0.0030   0.0032  999.000
   118   1.9000  -0.5194   0.4000   0.2200   0.0036   0.0000   0.0133   0.0001   0.0001   0.0000   0.0000  -0.0028   0.0028  999.000
   119   1.9000  -0.5325   0.4000   0.2200   0.0022  -0.0002   0.0136  -0.0008  -0.0008  -0.0000   0.0000  -0.0026   0.0024  999.000
   120   1.9000  -0.5392   0.4000   0.2200   0.0007  -0.0003   0.0138  -0.0015  -0.0015  -0.0000   0.0000  -0.0023   0.0019  999.000

  Surface # 7     fin_panel_0                             
     # Chordwise = 12   # Spanwise = 20     First strip =121
     Surface area Ssurf =    0.080000     Ave. chord Cave =    0.200000

 Forces referred to Sref, Cref, Bref about Xref, Yref, Zref
 Standard axis orientation,  X fwd, Z down         
     CLsurf  =   0.00000     Clsurf  =  -0.00001
     CYsurf  =  -0.00017     Cmsurf  =  -0.00000
     CDsurf  =  -0.00000     Cnsurf  =   0.00006
     CDisurf =  -0.00000     CDvsurf =   0.00000

 Forces referred to Ssurf, Cave 
     CLsurf  =  -0.00388     CDsurf  =  -0.00000

 Strip Forces referred to Strip Area, Chord
    j     Xle      Yle      Zle      Chord    Area     c_cl     ai     cl_norm    cl       cd       cdv    cm_c/4     cm_LE   C.P.x/c
   121   1.9000   0.5400   0.3994   0.2000   0.0005  -0.0004  -0.0021  -0.0019  -0.0019   0.0000   0.0000  -0.0022  -0.0018   -0.917
   122   1.9000   0.5400   0.3945   0.2000   0.0015  -0.0005  -0.0010  -0.0025  -0.0025  -0.0000   0.0000  -0.0018  -0.0012   -0.464
   123   1.9000   0.5400   0.3848   0.2000   0.0024  -0.0007  -0.0009  -0.0033  -0.0033  -0.0000   0.0000  -0.0014  -0.0005   -0.166
   124   1.9000   0.5400   0.3705   0.2000   0.0033  -0.0008  -0.0007  -0.0039  -0.0039  -0.0000   0.0000  -0.0009   0.0000    0.012
   125   1.9000   0.5400   0.3521   0.2000   0.0041  -0.0009  -0.0004  -0.0045  -0.0044  -0.0000   0.0000  -0.0006   0.0005    0.119
   126   1.9000   0.5400   0.3299   0.2000   0.0048  -0.0010  -0.0002  -0.0048  -0.0048  -0.0000   0.0000  -0.0003   0.0009    0.183
   127   1.9000   0.5400   0.3045   0.2000   0.0054  -0.0010   0.0000  -0.0050  -0.0050  -0.0000   0.0000  -0.0001   0.0011    0.222
   128   1.9000   0.5400   0.2765   0.2000   0.0058  -0.0010   0.0002  -0.0051  -0.0051  -0.0000   0.0000  -0.0000   0.0013    0.247
   129   1.9000   0.5400   0.2467   0.2000   0.0061  -0.0010   0.0003  -0.0051  -0.0051  -0.0000   0.0000   0.0001   0.0013    0.262
   130   1.9000   0.5400   0.2157   0.2000   0.0063  -0.0010   0.0004  -0.0049  -0.0049  -0.0000   0.0000   0.0001   0.0013    0.273
   131   1.9000   0.5400   0.1843   0.2000   0.0063  -0.0009   0.0005  -0.0047  -0.0047  -0.0000   0.0000   0.0001   0.0013    0.281
   132   1.9000   0.5400   0.1533   0.2000   0.0061  -0.0009   0.0005  -0.0043  -0.0043  -0.0000   0.0000   0.0002   0.0012    0.288
   133   1.9000   0.5400   0.1235   0.2000   0.0058  -0.0008   0.0006  -0.0038  -0.0038  -0.0000   0.0000   0.0002   0.0011    0.296
   134   1.9000   0.5400   0.0955   0.2000   0.0054  -0.0007   0.0007  -0.0033  -0.0033  -0.0000   0.0000   0.0002   0.0010    0.307
   135   1.9000   0.5400   0.0701   0.2000   0.0048  -0.0005   0.0008  -0.0027  -0.0027  -0.0000   0.0000   0.0002   0.0009    0.321
   136   1.9000   0.5400   0.0479   0.2000   0.0041  -0.0004   0.0010  -0.0021  -0.0021  -0.0000   0.0000   0.0002   0.0007    0.340
   137   1.9000   0.5400   0.0295   0.2000   0.0033  -0.0003   0.0012  -0.0016  -0.0016  -0.0000   0.0000   0.0002   0.0006    0.364
   138   1.9000   0.5400   0.0152   0.2000   0.0024  -0.0002   0.0017  -0.0010  -0.0010  -0.0000   0.0000   0.0001   0.0004    0.390
   139   1.9000   0.5400   0.0055   0.2000   0.0015  -0.0001   0.0015  -0.0006  -0.0006  -0.0000   0.0000   0.0001   0.0002    0.412
   140   1.9000   0.5400   0.0006   0.2000   0.0005  -0.0000   0.0002  -0.0002  -0.0002  -0.0000   0.0000   0.0000   0.0001    0.425

  Surface # 8     fin_panel_0                             
     # Chordwise = 12   # Spanwise = 20     First strip =141
     Surface area Ssurf =    0.080000     Ave. chord Cave =    0.200000

 Forces referred to Sref, Cref, Bref about Xref, Yref, Zref
 Standard axis orientation,  X fwd, Z down         
     CLsurf  =   0.00000     Clsurf  =   0.00001
     CYsurf  =   0.00018     Cmsurf  =  -0.00000
     CDsurf  =  -0.00000     Cnsurf  =  -0.00006
     CDisurf =  -0.00000     CDvsurf =   0.00000

 Forces referred to Ssurf, Cave 
     CLsurf  =   0.00395     CDsurf  =  -0.00000

 Strip Forces referred to Strip Area, Chord
    j     Xle      Yle      Zle      Chord    Area     c_cl     ai     cl_norm    cl       cd       cdv    cm_c/4     cm_LE   C.P.x/c
   141   1.9000  -0.5400   0.3994   0.2000   0.0005   0.0004   0.0020   0.0020   0.0020   0.0000   0.0000   0.0026   0.0021  999.000
   142   1.9000  -0.5400   0.3945   0.2000   0.0015   0.0005   0.0010   0.0027   0.0027  -0.0000   0.0000   0.0022   0.0016   -0.588
   143   1.9000  -0.5400   0.3848   0.2000   0.0024   0.0007   0.0009   0.0034   0.0034  -0.0000   0.0000   0.0018   0.0010   -0.286
   144   1.9000  -0.5400   0.3705   0.2000   0.0033   0.0008   0.0007   0.0040   0.0040  -0.0000   0.0000   0.0014   0.0004   -0.101
   145   1.9000  -0.5400   0.3521   0.2000   0.0041   0.0009   0.0004   0.0046   0.0046  -0.0000   0.0000   0.0011  -0.0001    0.011
   146   1.9000  -0.5400   0.3299   0.2000   0.0048   0.0010   0.0002   0.0049   0.0049  -0.0000   0.0000   0.0008  -0.0004    0.079
   147   1.9000  -0.5400   0.3045   0.2000   0.0054   0.0010  -0.0000   0.0052   0.0052  -0.0000   0.0000   0.0007  -0.0006    0.120
   148   1.9000  -0.5400   0.2765   0.2000   0.0058   0.0010  -0.0002   0.0052   0.0052  -0.0000   0.0000   0.0006  -0.0008    0.144
   149   1.9000  -0.5400   0.2467   0.2000   0.0061   0.0010  -0.0003   0.0052   0.0052  -0.0000   0.0000   0.0005  -0.0008    0.158
   150   1.9000  -0.5400   0.2157   0.2000   0.0063   0.0010  -0.0004   0.0050   0.0050  -0.0000   0.0000   0.0004  -0.0008    0.165
   151   1.9000  -0.5400   0.1843   0.2000   0.0063   0.0010  -0.0004   0.0048   0.0048  -0.0000   0.0000   0.0004  -0.0008    0.167
   152   1.9000  -0.5400   0.1533   0.2000   0.0061   0.0009  -0.0005   0.0044   0.0044  -0.0000   0.0000   0.0004  -0.0007    0.164
   153   1.9000  -0.5400   0.1235   0.2000   0.0058   0.0008  -0.0006   0.0039   0.0039  -0.0000   0.0000   0.0004  -0.0006    0.158
   154   1.9000  -0.5400   0.0955   0.2000   0.0054   0.0007  -0.0007   0.0033   0.0033  -0.0000   0.0000   0.0003  -0.0005    0.149
   155   1.9000  -0.5400   0.0701   0.2000   0.0048   0.0005  -0.0008   0.0027   0.0027  -0.0000   0.0000   0.0003  -0.0004    0.136
   156   1.9000  -0.5400   0.0479   0.2000   0.0041   0.0004  -0.0010   0.0021   0.0021  -0.0000   0.0000   0.0003  -0.0002    0.119
   157   1.9000  -0.5400   0.0295   0.2000   0.0033   0.0003  -0.0013   0.0015   0.0015  -0.0000   0.0000   0.0002  -0.0001    0.099
   158   1.9000  -0.5400   0.0152   0.2000   0.0024   0.0002  -0.0018   0.0010   0.0010  -0.0000   0.0000   0.0002  -0.0001    0.077
   159   1.9000  -0.5400   0.0055   0.2000   0.0015   0.0001  -0.0017   0.0006   0.0006  -0.0000   0.0000   0.0001  -0.0000    0.058
   160   1.9000  -0.5400   0.0006   0.2000   0.0005   0.0000  -0.0004   0.0002   0.0002   0.0000   0.0000   0.0000  -0.0000    0.045
 ---------------------------------------------------------------
