 ---------------------------------------------------------------
 Surface and Strip Forces by surface

  Sref =  2.7910       Cref = 0.47500       Bref =  5.8800    
  Xref = 0.50000       Yref =  0.0000       Zref =  0.0000    

  Surface # 1     main_wing_panel_0                       
     # Chordwise = 12   # Spanwise = 20     First strip =  1
     Surface area Ssurf =    0.683400     Ave. chord Cave =    0.510000

 Forces referred to Sref, Cref, Bref about Xref, Yref, Zref
 Standard axis orientation,  X fwd, Z down         
     CLsurf  =   0.07866     Clsurf  =  -0.00889
     CYsurf  =   0.00000     Cmsurf  =  -0.00415
     CDsurf  =   0.00052     Cnsurf  =  -0.00004
     CDisurf =   0.00052     CDvsurf =   0.00000

 Forces referred to Ssurf, Cave 
     CLsurf  =   0.32125     CDsurf  =   0.00211

 Strip Forces referred to Strip Area, Chord
    j     Xle      Yle      Zle      Chord    Area     c_cl     ai     cl_norm    cl       cd       cdv    cm_c/4     cm_LE   C.P.x/c
     1   0.4000   0.0021   0.0000   0.5100   0.0042   0.1662   0.0093   0.3259   0.3259   0.0020   0.0000   0.0014  -0.0801    0.246
     2   0.4000   0.0185   0.0000   0.5100   0.0125   0.1662   0.0093   0.3259   0.3259   0.0020   0.0000   0.0014  -0.0801    0.246
     3   0.4000   0.0510   0.0000   0.5100   0.0205   0.1662   0.0093   0.3259   0.3259   0.0020   0.0000   0.0014  -0.0800    0.246
     4   0.4000   0.0987   0.0000   0.5100   0.0280   0.1662   0.0093   0.3258   0.3258   0.0020   0.0000   0.0014  -0.0800    0.246
     5   0.4000   0.1605   0.0000   0.5100   0.0348   0.1661   0.0093   0.3257   0.3257   0.0020   0.0000   0.0014  -0.0800    0.246
     6   0.4000   0.2349   0.0000   0.5100   0.0408   0.1660   0.0093   0.3255   0.3255   0.0020   0.0000   0.0014  -0.0800    0.246
     7   0.4000   0.3199   0.0000   0.5100   0.0457   0.1659   0.0093   0.3252   0.3252   0.0020   0.0000   0.0014  -0.0799    0.246
     8   0.4000   0.4136   0.0000   0.5100   0.0495   0.1656   0.0092   0.3248   0.3248   0.0020   0.0000   0.0014  -0.0797    0.246
     9   0.4000   0.5136   0.0000   0.5100   0.0521   0.1653   0.0085   0.3241   0.3241   0.0020   0.0000   0.0015  -0.0796    0.245
    10   0.4000   0.6174   0.0000   0.5100   0.0535   0.1649   0.0147   0.3233   0.3233   0.0020   0.0000   0.0015  -0.0793    0.245
    11   0.4000   0.7226   0.0000   0.5100   0.0535   0.1644   0.0142   0.3223   0.3223   0.0021   0.0000   0.0015  -0.0791    0.245
    12   0.4000   0.8264   0.0000   0.5100   0.0521   0.1637   0.0142   0.3210   0.3210   0.0021   0.0000   0.0015  -0.0787    0.245
    13   0.4000   0.9264   0.0000   0.5100   0.0495   0.1630   0.0144   0.3196   0.3196   0.0022   0.0000   0.0016  -0.0783    0.245
    14   0.4000   1.0201   0.0000   0.5100   0.0457   0.1622   0.0146   0.3180   0.3180   0.0022   0.0000   0.0016  -0.0779    0.245
    15   0.4000   1.1051   0.0000   0.5100   0.0408   0.1613   0.0149   0.3163   0.3163   0.0023   0.0000   0.0017  -0.0774    0.245
    16   0.4000   1.1795   0.0000   0.5100   0.0348   0.1604   0.0152   0.3145   0.3145   0.0023   0.0000   0.0017  -0.0769    0.245
    17   0.4000   1.2413   0.0000   0.5100   0.0280   0.1596   0.0156   0.3129   0.3129   0.0024   0.0000   0.0018  -0.0765    0.244
    18   0.4000   1.2890   0.0000   0.5100   0.0205   0.1589   0.0159   0.3115   0.3115   0.0024   0.0000   0.0018  -0.0761    0.244
    19   0.4000   1.3215   0.0000   0.5100   0.0125   0.1583   0.0163   0.3105   0.3105   0.0025   0.0000   0.0018  -0.0758    0.244
    20   0.4000   1.3379   0.0000   0.5100   0.0042   0.1580   0.0165   0.3099   0.3099   0.0029   0.0000   0.0018  -0.0756    0.244

  Surface # 2     main_wing_panel_0 (YDUP)                
     # Chordwise = 12   # Spanwise = 20     First strip = 21
     Surface area Ssurf =    0.683400     Ave. chord Cave =    0.510000

 Forces referred to Sref, Cref, Bref about Xref, Yref, Zref
 Standard axis orientation,  X fwd, Z down         
     CLsurf  =   0.07866     Clsurf  =   0.00889
     CYsurf  =   0.00000     Cmsurf  =  -0.00415
     CDsurf  =   0.00052     Cnsurf  =   0.00004
     CDisurf =   0.00052     CDvsurf =   0.00000

 Forces referred to Ssurf, Cave 
     CLsurf  =   0.32126     CDsurf  =   0.00211

 Strip Forces referred to Strip Area, Chord
    j     Xle      Yle      Zle      Chord    Area     c_cl     ai     cl_norm    cl       cd       cdv    cm_c/4     cm_LE   C.P.x/c
    21   0.4000  -0.0021   0.0000   0.5100   0.0042   0.1662   0.0093   0.3259   0.3259   0.0020   0.0000   0.0014   0.0801    0.246
    22   0.4000  -0.0185   0.0000   0.5100   0.0125   0.1662   0.0093   0.3259   0.3259   0.0020   0.0000   0.0014   0.0801    0.246
    23   0.4000  -0.0510   0.0000   0.5100   0.0205   0.1662   0.0093   0.3259   0.3259   0.0020   0.0000   0.0014   0.0800    0.246
    24   0.4000  -0.0987   0.0000   0.5100   0.0280   0.1662   0.0093   0.3258   0.3258   0.0020   0.0000   0.0014   0.0800    0.246
    25   0.4000  -0.1605   0.0000   0.5100   0.0348   0.1661   0.0093   0.3257   0.3257   0.0020   0.0000   0.0014   0.0800    0.246
    26   0.4000  -0.2349   0.0000   0.5100   0.0408   0.1660   0.0094   0.3255   0.3255   0.0020   0.0000   0.0014   0.0800    0.246
    27   0.4000  -0.3199   0.0000   0.5100   0.0457   0.1659   0.0094   0.3252   0.3252   0.0020   0.0000   0.0014   0.0799    0.246
    28   0.4000  -0.4136   0.0000   0.5100   0.0495   0.1656   0.0093   0.3248   0.3248   0.0020   0.0000   0.0014   0.0797    0.246
    29   0.4000  -0.5136   0.0000   0.5100   0.0521   0.1653   0.0085   0.3241   0.3241   0.0020   0.0000   0.0015   0.0796    0.245
    30   0.4000  -0.6174   0.0000   0.5100   0.0535   0.1649   0.0147   0.3233   0.3233   0.0020   0.0000   0.0015   0.0793    0.245
    31   0.4000  -0.7226   0.0000   0.5100   0.0535   0.1644   0.0141   0.3223   0.3223   0.0021   0.0000   0.0015   0.0791    0.245
    32   0.4000  -0.8264   0.0000   0.5100   0.0521   0.1637   0.0142   0.3210   0.3210   0.0021   0.0000   0.0015   0.0787    0.245
    33   0.4000  -0.9264   0.0000   0.5100   0.0495   0.1630   0.0143   0.3196   0.3196   0.0022   0.0000   0.0016   0.0783    0.245
    34   0.4000  -1.0201   0.0000   0.5100   0.0457   0.1622   0.0146   0.3180   0.3180   0.0022   0.0000   0.0016   0.0779    0.245
    35   0.4000  -1.1051   0.0000   0.5100   0.0408   0.1613   0.0149   0.3163   0.3163   0.0023   0.0000   0.0017   0.0774    0.245
    36   0.4000  -1.1795   0.0000   0.5100   0.0348   0.1604   0.0152   0.3145   0.3145   0.0023   0.0000   0.0017   0.0769    0.245
    37   0.4000  -1.2413   0.0000   0.5100   0.0280   0.1596   0.0156   0.3129   0.3129   0.0024   0.0000   0.0018   0.0765    0.244
    38   0.4000  -1.2890   0.0000   0.5100   0.0205   0.1589   0.0159   0.3115   0.3115   0.0024   0.0000   0.0018   0.0761    0.244
    39   0.4000  -1.3215   0.0000   0.5100   0.0125   0.1583   0.0162   0.3105   0.3105   0.0025   0.0000   0.0018   0.0758    0.244
    40   0.4000  -1.3379   0.0000   0.5100   0.0042   0.1580   0.0165   0.3099   0.3099   0.0029   0.0000   0.0018   0.0756    0.244

  Surface # 3     main_wing_panel_1                       
     # Chordwise = 12   # Spanwise = 20     First strip = 41
     Surface area Ssurf =    0.712000     Ave. chord Cave =    0.445000

 Forces referred to Sref, Cref, Bref about Xref, Yref, Zref
 Standard axis orientation,  X fwd, Z down         
     CLsurf  =   0.07001     Clsurf  =  -0.02414
     CYsurf  =   0.00001     Cmsurf  =  -0.00295
     CDsurf  =   0.00066     Cnsurf  =  -0.00004
     CDisurf =   0.00066     CDvsurf =   0.00000

 Forces referred to Ssurf, Cave 
     CLsurf  =   0.27443     CDsurf  =   0.00257

 Strip Forces referred to Strip Area, Chord
    j     Xle      Yle      Zle      Chord    Area     c_cl     ai     cl_norm    cl       cd       cdv    cm_c/4     cm_LE   C.P.x/c
    41   0.4001   1.3425   0.0000   0.5098   0.0050   0.1580   0.0165   0.3099   0.3099   0.0028   0.0000   0.0018  -0.0756    0.244
    42   0.4005   1.3621   0.0000   0.5082   0.0149   0.1576   0.0163   0.3101   0.3101   0.0025   0.0000   0.0019  -0.0756    0.244
    43   0.4013   1.4009   0.0000   0.5051   0.0243   0.1567   0.0160   0.3103   0.3103   0.0024   0.0000   0.0020  -0.0756    0.244
    44   0.4024   1.4579   0.0000   0.5004   0.0328   0.1554   0.0158   0.3105   0.3105   0.0024   0.0000   0.0022  -0.0754    0.243
    45   0.4040   1.5317   0.0000   0.4944   0.0403   0.1535   0.0157   0.3104   0.3104   0.0024   0.0000   0.0024  -0.0752    0.242
    46   0.4058   1.6204   0.0000   0.4872   0.0465   0.1510   0.0156   0.3098   0.3098   0.0024   0.0000   0.0027  -0.0747    0.241
    47   0.4079   1.7220   0.0000   0.4790   0.0513   0.1478   0.0157   0.3087   0.3087   0.0024   0.0000   0.0031  -0.0741    0.240
    48   0.4102   1.8339   0.0000   0.4699   0.0545   0.1441   0.0159   0.3066   0.3066   0.0024   0.0000   0.0035  -0.0731    0.239
    49   0.4126   1.9532   0.0000   0.4602   0.0562   0.1396   0.0164   0.3034   0.3034   0.0024   0.0000   0.0040  -0.0719    0.237
    50   0.4152   2.0772   0.0000   0.4501   0.0563   0.1344   0.0171   0.2987   0.2987   0.0025   0.0000   0.0045  -0.0701    0.235
    51   0.4178   2.2028   0.0000   0.4399   0.0551   0.1284   0.0181   0.2920   0.2920   0.0026   0.0000   0.0052  -0.0678    0.232
    52   0.4204   2.3268   0.0000   0.4298   0.0525   0.1215   0.0195   0.2827   0.2827   0.0027   0.0000   0.0058  -0.0648    0.229
    53   0.4228   2.4461   0.0000   0.4201   0.0487   0.1135   0.0213   0.2700   0.2700   0.0028   0.0000   0.0066  -0.0609    0.226
    54   0.4251   2.5580   0.0000   0.4110   0.0440   0.1041   0.0236   0.2531   0.2531   0.0029   0.0000   0.0074  -0.0559    0.221
    55   0.4272   2.6596   0.0000   0.4028   0.0384   0.0930   0.0262   0.2310   0.2310   0.0030   0.0000   0.0082  -0.0496    0.215
    56   0.4290   2.7483   0.0000   0.3956   0.0323   0.0802   0.0291   0.2026   0.2026   0.0030   0.0000   0.0088  -0.0419    0.207
    57   0.4306   2.8221   0.0000   0.3896   0.0256   0.0652   0.0319   0.1674   0.1674   0.0028   0.0000   0.0089  -0.0329    0.197
    58   0.4317   2.8791   0.0000   0.3849   0.0185   0.0483   0.0343   0.1255   0.1255   0.0024   0.0000   0.0081  -0.0233    0.186
    59   0.4325   2.9179   0.0000   0.3818   0.0112   0.0298   0.0362   0.0779   0.0779   0.0017   0.0000   0.0058  -0.0136    0.175
    60   0.4329   2.9375   0.0000   0.3802   0.0037   0.0101   0.0374   0.0265   0.0265   0.0007   0.0000   0.0022  -0.0044    0.167

  Surface # 4     main_wing_panel_1 (YDUP)                
     # Chordwise = 12   # Spanwise = 20     First strip = 61
     Surface area Ssurf =    0.712000     Ave. chord Cave =    0.445000

 Forces referred to Sref, Cref, Bref about Xref, Yref, Zref
 Standard axis orientation,  X fwd, Z down         
     CLsurf  =   0.07001     Clsurf  =   0.02414
     CYsurf  =  -0.00001     Cmsurf  =  -0.00295
     CDsurf  =   0.00066     Cnsurf  =   0.00004
     CDisurf =   0.00066     CDvsurf =   0.00000

 Forces referred to Ssurf, Cave 
     CLsurf  =   0.27443     CDsurf  =   0.00257

 Strip Forces referred to Strip Area, Chord
    j     Xle      Yle      Zle      Chord    Area     c_cl     ai     cl_norm    cl       cd       cdv    cm_c/4     cm_LE   C.P.x/c
    61   0.4001  -1.3425   0.0000   0.5098   0.0050   0.1580   0.0165   0.3099   0.3099   0.0028   0.0000   0.0018   0.0756    0.244
    62   0.4005  -1.3621   0.0000   0.5082   0.0149   0.1576   0.0163   0.3101   0.3101   0.0025   0.0000   0.0019   0.0756    0.244
    63   0.4013  -1.4009   0.0000   0.5051   0.0243   0.1567   0.0160   0.3103   0.3103   0.0024   0.0000   0.0020   0.0756    0.244
    64   0.4024  -1.4579   0.0000   0.5004   0.0328   0.1554   0.0158   0.3105   0.3105   0.0024   0.0000   0.0022   0.0754    0.243
    65   0.4040  -1.5317   0.0000   0.4944   0.0403   0.1535   0.0157   0.3104   0.3104   0.0024   0.0000   0.0024   0.0752    0.242
    66   0.4058  -1.6204   0.0000   0.4872   0.0465   0.1510   0.0156   0.3098   0.3098   0.0024   0.0000   0.0027   0.0747    0.241
    67   0.4079  -1.7220   0.0000   0.4790   0.0513   0.1478   0.0157   0.3087   0.3087   0.0024   0.0000   0.0031   0.0741    0.240
    68   0.4102  -1.8339   0.0000   0.4699   0.0545   0.1441   0.0159   0.3066   0.3066   0.0024   0.0000   0.0035   0.0731    0.239
    69   0.4126  -1.9532   0.0000   0.4602   0.0562   0.1396   0.0164   0.3034   0.3034   0.0024   0.0000   0.0040   0.0719    0.237
    70   0.4152  -2.0772   0.0000   0.4501   0.0563   0.1344   0.0171   0.2987   0.2987   0.0025   0.0000   0.0045   0.0701    0.235
    71   0.4178  -2.2028   0.0000   0.4399   0.0551   0.1284   0.0181   0.2920   0.2920   0.0026   0.0000   0.0052   0.0678    0.232
    72   0.4204  -2.3268   0.0000   0.4298   0.0525   0.1215   0.0195   0.2827   0.2827   0.0027   0.0000   0.0058   0.0648    0.229
    73   0.4228  -2.4461   0.0000   0.4201   0.0487   0.1135   0.0213   0.2700   0.2700   0.0028   0.0000   0.0066   0.0609    0.226
    74   0.4251  -2.5580   0.0000   0.4110   0.0440   0.1041   0.0236   0.2531   0.2531   0.0029   0.0000   0.0074   0.0559    0.221
    75   0.4272  -2.6596   0.0000   0.4028   0.0384   0.0930   0.0262   0.2310   0.2310   0.0030   0.0000   0.0082   0.0496    0.215
    76   0.4290  -2.7483   0.0000   0.3956   0.0323   0.0802   0.0291   0.2026   0.2026   0.0030   0.0000   0.0088   0.0419    0.207
    77   0.4306  -2.8221   0.0000   0.3896   0.0256   0.0652   0.0319   0.1674   0.1674   0.0028   0.0000   0.0089   0.0329    0.197
    78   0.4317  -2.8791   0.0000   0.3849   0.0185   0.0483   0.0343   0.1255   0.1255   0.0024   0.0000   0.0081   0.0233    0.186
    79   0.4325  -2.9179   0.0000   0.3818   0.0112   0.0298   0.0362   0.0779   0.0779   0.0017   0.0000   0.0058   0.0136    0.175
    80   0.4329  -2.9375   0.0000   0.3802   0.0037   0.0101   0.0374   0.0265   0.0265   0.0007   0.0000   0.0022   0.0044    0.167

  Surface # 5     hstab_panel_0                           
     # Chordwise = 12   # Spanwise = 20     First strip = 81
     Surface area Ssurf =    0.201600     Ave. chord Cave =    0.360000

 Forces referred to Sref, Cref, Bref about Xref, Yref, Zref
 Standard axis orientation,  X fwd, Z down         
     CLsurf  =  -0.00224     Clsurf  =   0.00010
     CYsurf  =  -0.00000     Cmsurf  =   0.00713
     CDsurf  =  -0.00003     Cnsurf  =  -0.00000
     CDisurf =  -0.00003     CDvsurf =   0.00000

 Forces referred to Ssurf, Cave 
     CLsurf  =  -0.03102     CDsurf  =  -0.00041

 Strip Forces referred to Strip Area, Chord
    j     Xle      Yle      Zle      Chord    Area     c_cl     ai     cl_norm    cl       cd       cdv    cm_c/4     cm_LE   C.P.x/c
    81   1.9000   0.0009   0.4500   0.3600   0.0012  -0.0118   0.0074  -0.0328  -0.0328  -0.0004   0.0000   0.0022   0.0104    0.316
    82   1.9000   0.0077   0.4500   0.3600   0.0037  -0.0118   0.0074  -0.0328  -0.0328  -0.0004   0.0000   0.0022   0.0104    0.316
    83   1.9000   0.0213   0.4500   0.3600   0.0061  -0.0118   0.0074  -0.0328  -0.0328  -0.0004   0.0000   0.0022   0.0104    0.316
    84   1.9000   0.0413   0.4500   0.3600   0.0083  -0.0118   0.0073  -0.0328  -0.0328  -0.0004   0.0000   0.0022   0.0104    0.316
    85   1.9000   0.0671   0.4500   0.3600   0.0103  -0.0118   0.0073  -0.0328  -0.0328  -0.0004   0.0000   0.0022   0.0104    0.316
    86   1.9000   0.0982   0.4500   0.3600   0.0120  -0.0118   0.0073  -0.0327  -0.0327  -0.0004   0.0000   0.0021   0.0103    0.316
    87   1.9000   0.1337   0.4500   0.3600   0.0135  -0.0118   0.0073  -0.0327  -0.0327  -0.0004   0.0000   0.0021   0.0103    0.316
    88   1.9000   0.1728   0.4500   0.3600   0.0146  -0.0117   0.0072  -0.0325  -0.0325  -0.0004   0.0000   0.0021   0.0103    0.315
    89   1.9000   0.2146   0.4500   0.3600   0.0154  -0.0116   0.0072  -0.0323  -0.0323  -0.0004   0.0000   0.0021   0.0102    0.315
    90   1.9000   0.2580   0.4500   0.3600   0.0158  -0.0115   0.0071  -0.0320  -0.0320  -0.0004   0.0000   0.0021   0.0101    0.315
    91   1.9000   0.3020   0.4500   0.3600   0.0158  -0.0114   0.0069  -0.0317  -0.0317  -0.0004   0.0000   0.0020   0.0100    0.314
    92   1.9000   0.3454   0.4500   0.3600   0.0154  -0.0112   0.0068  -0.0312  -0.0312  -0.0004   0.0000   0.0020   0.0098    0.313
    93   1.9000   0.3872   0.4500   0.3600   0.0146  -0.0110   0.0066  -0.0307  -0.0307  -0.0004   0.0000   0.0019   0.0096    0.312
    94   1.9000   0.4263   0.4500   0.3600   0.0135  -0.0108   0.0063  -0.0300  -0.0300  -0.0004   0.0000   0.0018   0.0093    0.309
    95   1.9000   0.4618   0.4500   0.3600   0.0120  -0.0105   0.0060  -0.0292  -0.0292  -0.0004   0.0000   0.0016   0.0089    0.305
    96   1.9000   0.4929   0.4500   0.3600   0.0103  -0.0102   0.0056  -0.0282  -0.0282  -0.0004   0.0000   0.0014   0.0084    0.299
    97   1.9000   0.5187   0.4500   0.3600   0.0083  -0.0098   0.0053  -0.0271  -0.0271  -0.0004   0.0000   0.0011   0.0079    0.291
    98   1.9000   0.5387   0.4500   0.3600   0.0061  -0.0093   0.0049  -0.0259  -0.0259  -0.0003   0.0000   0.0008   0.0073    0.281
    99   1.9000   0.5523   0.4500   0.3600   0.0037  -0.0089   0.0046  -0.0246  -0.0246  -0.0003   0.0000   0.0004   0.0066    0.268
   100   1.9000   0.5591   0.4500   0.3600   0.0012  -0.0085   0.0044  -0.0235  -0.0235  -0.0007   0.0000   0.0001   0.0060    0.255

  Surface # 6     hstab_panel_0 (YDUP)                    
     # Chordwise = 12   # Spanwise = 20     First strip =101
     Surface area Ssurf =    0.201600     Ave. chord Cave =    0.360000

 Forces referred to Sref, Cref, Bref about Xref, Yref, Zref
 Standard axis orientation,  X fwd, Z down         
     CLsurf  =  -0.00222     Clsurf  =  -0.00010
     CYsurf  =   0.00000     Cmsurf  =   0.00707
     CDsurf  =  -0.00003     Cnsurf  =   0.00000
     CDisurf =  -0.00003     CDvsurf =   0.00000

 Forces referred to Ssurf, Cave 
     CLsurf  =  -0.03071     CDsurf  =  -0.00040

 Strip Forces referred to Strip Area, Chord
    j     Xle      Yle      Zle      Chord    Area     c_cl     ai     cl_norm    cl       cd       cdv    cm_c/4     cm_LE   C.P.x/c
   101   1.9000  -0.0009   0.4500   0.3600   0.0012  -0.0118   0.0074  -0.0328  -0.0328  -0.0004   0.0000   0.0022  -0.0104    0.316
   102   1.9000  -0.0077   0.4500   0.3600   0.0037  -0.0118   0.0074  -0.0328  -0.0328  -0.0004   0.0000   0.0022  -0.0104    0.316
   103   1.9000  -0.0213   0.4500   0.3600   0.0061  -0.0118   0.0074  -0.0328  -0.0328  -0.0004   0.0000   0.0022  -0.0104    0.316
   104   1.9000  -0.0413   0.4500   0.3600   0.0083  -0.0118   0.0073  -0.0328  -0.0328  -0.0004   0.0000   0.0022  -0.0104    0.316
   105   1.9000  -0.0671   0.4500   0.3600   0.0103  -0.0118   0.0073  -0.0327  -0.0327  -0.0004   0.0000   0.0022  -0.0103    0.316
   106   1.9000  -0.0982   0.4500   0.3600   0.0120  -0.0118   0.0073  -0.0326  -0.0326  -0.0004   0.0000   0.0022  -0.0103    0.316
   107   1.9000  -0.1337   0.4500   0.3600   0.0135  -0.0117   0.0073  -0.0325  -0.0325  -0.0004   0.0000   0.0021  -0.0103    0.316
   108   1.9000  -0.1728   0.4500   0.3600   0.0146  -0.0116   0.0073  -0.0323  -0.0323  -0.0004   0.0000   0.0021  -0.0102    0.316
   109   1.9000  -0.2146   0.4500   0.3600   0.0154  -0.0116   0.0072  -0.0321  -0.0321  -0.0004   0.0000   0.0021  -0.0101    0.316
   110   1.9000  -0.2580   0.4500   0.3600   0.0158  -0.0114   0.0071  -0.0318  -0.0318  -0.0004   0.0000   0.0021  -0.0100    0.316
   111   1.9000  -0.3020   0.4500   0.3600   0.0158  -0.0113   0.0070  -0.0313  -0.0313  -0.0004   0.0000   0.0021  -0.0099    0.317
   112   1.9000  -0.3454   0.4500   0.3600   0.0154  -0.0111   0.0069  -0.0308  -0.0308  -0.0004   0.0000   0.0021  -0.0098    0.317
   113   1.9000  -0.3872   0.4500   0.3600   0.0146  -0.0109   0.0067  -0.0302  -0.0302  -0.0004   0.0000   0.0020  -0.0096    0.317
   114   1.9000  -0.4263   0.4500   0.3600   0.0135  -0.0106   0.0065  -0.0295  -0.0295  -0.0004   0.0000   0.0020  -0.0093    0.317
   115   1.9000  -0.4618   0.4500   0.3600   0.0120  -0.0103   0.0062  -0.0286  -0.0286  -0.0004   0.0000   0.0019  -0.0091    0.317
   116   1.9000  -0.4929   0.4500   0.3600   0.0103  -0.0100   0.0058  -0.0276  -0.0276  -0.0004   0.0000   0.0018  -0.0087    0.316
   117   1.9000  -0.5187   0.4500   0.3600   0.0083  -0.0096   0.0054  -0.0266  -0.0266  -0.0003   0.0000   0.0017  -0.0083    0.314
   118   1.9000  -0.5387   0.4500   0.3600   0.0061  -0.0091   0.0050  -0.0253  -0.0253  -0.0003   0.0000   0.0015  -0.0079    0.311
   119   1.9000  -0.5523   0.4500   0.3600   0.0037  -0.0087   0.0046  -0.0241  -0.0241  -0.0003   0.0000   0.0013  -0.0074    0.305
   120   1.9000  -0.5591   0.4500   0.3600   0.0012  -0.0083   0.0045  -0.0230  -0.0230  -0.0005   0.0000   0.0011  -0.0068    0.298

  Surface # 7     fin_panel_0                             
     # Chordwise = 12   # Spanwise = 20     First strip =121
     Surface area Ssurf =    0.135000     Ave. chord Cave =    0.300000

 Forces referred to Sref, Cref, Bref about Xref, Yref, Zref
 Standard axis orientation,  X fwd, Z down         
     CLsurf  =   0.00000     Clsurf  =  -0.00003
     CYsurf  =  -0.00066     Cmsurf  =  -0.00000
     CDsurf  =  -0.00000     Cnsurf  =   0.00016
     CDisurf =  -0.00000     CDvsurf =   0.00000

 Forces referred to Ssurf, Cave 
     CLsurf  =  -0.01358     CDsurf  =  -0.00002

 Strip Forces referred to Strip Area, Chord
    j     Xle      Yle      Zle      Chord    Area     c_cl     ai     cl_norm    cl       cd       cdv    cm_c/4     cm_LE   C.P.x/c
   121   1.9000   0.5600   0.4493   0.3000   0.0008  -0.0083   0.0107  -0.0275  -0.0275   0.0005   0.0000   0.0013   0.0082    0.297
   122   1.9000   0.5600   0.4438   0.3000   0.0025  -0.0079   0.0049  -0.0264  -0.0264  -0.0000   0.0000   0.0011   0.0077    0.292
   123   1.9000   0.5600   0.4329   0.3000   0.0041  -0.0075   0.0043  -0.0250  -0.0250  -0.0000   0.0000   0.0009   0.0071    0.284
   124   1.9000   0.5600   0.4168   0.3000   0.0055  -0.0071   0.0039  -0.0236  -0.0235  -0.0000   0.0000   0.0006   0.0065    0.276
   125   1.9000   0.5600   0.3961   0.3000   0.0069  -0.0066   0.0036  -0.0220  -0.0220  -0.0000   0.0000   0.0004   0.0059    0.268
   126   1.9000   0.5600   0.3711   0.3000   0.0081  -0.0061   0.0034  -0.0204  -0.0204  -0.0000   0.0000   0.0002   0.0053    0.259
   127   1.9000   0.5600   0.3426   0.3000   0.0090  -0.0056   0.0032  -0.0188  -0.0188  -0.0000   0.0000   0.0000   0.0047    0.250
   128   1.9000   0.5600   0.3111   0.3000   0.0098  -0.0052   0.0030  -0.0172  -0.0172  -0.0000   0.0000  -0.0002   0.0041    0.240
   129   1.9000   0.5600   0.2775   0.3000   0.0103  -0.0047   0.0028  -0.0156  -0.0156  -0.0000   0.0000  -0.0003   0.0036    0.230
   130   1.9000   0.5600   0.2427   0.3000   0.0106  -0.0042   0.0026  -0.0141  -0.0141  -0.0000   0.0000  -0.0004   0.0031    0.218
   131   1.9000   0.5600   0.2073   0.3000   0.0106  -0.0038   0.0025  -0.0126  -0.0126  -0.0000   0.0000  -0.0006   0.0026    0.206
   132   1.9000   0.5600   0.1725   0.3000   0.0103  -0.0033   0.0023  -0.0112  -0.0111  -0.0000   0.0000  -0.0006   0.0021    0.192
   133   1.9000   0.5600   0.1389   0.3000   0.0098  -0.0029   0.0022  -0.0097  -0.0097  -0.0000   0.0000  -0.0007   0.0017    0.177
   134   1.9000   0.5600   0.1074   0.3000   0.0090  -0.0025   0.0022  -0.0083  -0.0083  -0.0000   0.0000  -0.0007   0.0013    0.160
   135   1.9000   0.5600   0.0789   0.3000   0.0081  -0.0021   0.0022  -0.0069  -0.0068  -0.0000   0.0000  -0.0007   0.0010    0.141
   136   1.9000   0.5600   0.0539   0.3000   0.0069  -0.0016   0.0023  -0.0055  -0.0055  -0.0000   0.0000  -0.0007   0.0007    0.121
   137   1.9000   0.5600   0.0332   0.3000   0.0055  -0.0012   0.0026  -0.0042  -0.0042  -0.0000   0.0000  -0.0006   0.0004    0.101
   138   1.9000   0.5600   0.0171   0.3000   0.0041  -0.0009   0.0033  -0.0029  -0.0029  -0.0000   0.0000  -0.0005   0.0002    0.081
   139   1.9000   0.5600   0.0062   0.3000   0.0025  -0.0005   0.0046  -0.0017  -0.0017   0.0000   0.0000  -0.0003   0.0001    0.066
   140   1.9000   0.5600   0.0007   0.3000   0.0008  -0.0002   0.0022  -0.0006  -0.0006   0.0000   0.0000  -0.0001   0.0000    0.057

  Surface # 8     fin_panel_0                             
     # Chordwise = 12   # Spanwise = 20     First strip =141
     Surface area Ssurf =    0.135000     Ave. chord Cave =    0.300000

 Forces referred to Sref, Cref, Bref about Xref, Yref, Zref
 Standard axis orientation,  X fwd, Z down         
     CLsurf  =   0.00000     Clsurf  =   0.00003
     CYsurf  =   0.00064     Cmsurf  =  -0.00000
     CDsurf  =  -0.00000     Cnsurf  =  -0.00016
     CDisurf =  -0.00000     CDvsurf =   0.00000

 Forces referred to Ssurf, Cave 
     CLsurf  =   0.01318     CDsurf  =  -0.00002

 Strip Forces referred to Strip Area, Chord
    j     Xle      Yle      Zle      Chord    Area     c_cl     ai     cl_norm    cl       cd       cdv    cm_c/4     cm_LE   C.P.x/c
   141   1.9000  -0.5600   0.4493   0.3000   0.0008   0.0080  -0.0114   0.0268   0.0268   0.0002   0.0000  -0.0028  -0.0095    0.353
   142   1.9000  -0.5600   0.4438   0.3000   0.0025   0.0077  -0.0049   0.0258   0.0258  -0.0001   0.0000  -0.0027  -0.0092    0.356
   143   1.9000  -0.5600   0.4329   0.3000   0.0041   0.0073  -0.0042   0.0244   0.0244  -0.0001   0.0000  -0.0026  -0.0087    0.357
   144   1.9000  -0.5600   0.4168   0.3000   0.0055   0.0069  -0.0039   0.0230   0.0230  -0.0001   0.0000  -0.0025  -0.0082    0.359
   145   1.9000  -0.5600   0.3961   0.3000   0.0069   0.0064  -0.0036   0.0214   0.0214  -0.0001   0.0000  -0.0024  -0.0077    0.361
   146   1.9000  -0.5600   0.3711   0.3000   0.0081   0.0059  -0.0034   0.0198   0.0198  -0.0000   0.0000  -0.0023  -0.0072    0.364
   147   1.9000  -0.5600   0.3426   0.3000   0.0090   0.0055  -0.0033   0.0182   0.0182  -0.0000   0.0000  -0.0021  -0.0067    0.367
   148   1.9000  -0.5600   0.3111   0.3000   0.0098   0.0050  -0.0031   0.0166   0.0166  -0.0000   0.0000  -0.0020  -0.0061    0.370
   149   1.9000  -0.5600   0.2775   0.3000   0.0103   0.0045  -0.0030   0.0151   0.0151  -0.0000   0.0000  -0.0019  -0.0056    0.373
   150   1.9000  -0.5600   0.2427   0.3000   0.0106   0.0041  -0.0028   0.0136   0.0136  -0.0000   0.0000  -0.0017  -0.0051    0.377
   151   1.9000  -0.5600   0.2073   0.3000   0.0106   0.0036  -0.0026   0.0121   0.0121  -0.0000   0.0000  -0.0016  -0.0046    0.383
   152   1.9000  -0.5600   0.1725   0.3000   0.0103   0.0032  -0.0025   0.0107   0.0107  -0.0000   0.0000  -0.0015  -0.0042    0.390
   153   1.9000  -0.5600   0.1389   0.3000   0.0098   0.0028  -0.0023   0.0094   0.0094  -0.0000   0.0000  -0.0014  -0.0037    0.399
   154   1.9000  -0.5600   0.1074   0.3000   0.0090   0.0024  -0.0022   0.0080   0.0080  -0.0000   0.0000  -0.0013  -0.0033    0.410
   155   1.9000  -0.5600   0.0789   0.3000   0.0081   0.0020  -0.0021   0.0068   0.0068  -0.0000   0.0000  -0.0012  -0.0029    0.423
   156   1.9000  -0.5600   0.0539   0.3000   0.0069   0.0016  -0.0021   0.0055   0.0055  -0.0000   0.0000  -0.0010  -0.0024    0.438
   157   1.9000  -0.5600   0.0332   0.3000   0.0055   0.0013  -0.0022   0.0042   0.0042  -0.0000   0.0000  -0.0009  -0.0019    0.453
   158   1.9000  -0.5600   0.0171   0.3000   0.0041   0.0009  -0.0028   0.0030   0.0030  -0.0000   0.0000  -0.0007  -0.0014    0.467
   159   1.9000  -0.5600   0.0062   0.3000   0.0025   0.0005  -0.0041   0.0018   0.0018  -0.0000   0.0000  -0.0004  -0.0009    0.477
   160   1.9000  -0.5600   0.0007   0.3000   0.0008   0.0002  -0.0016   0.0006   0.0006  -0.0000   0.0000  -0.0001  -0.0003    0.483
 ---------------------------------------------------------------
