 ---------------------------------------------------------------
 Surface and Strip Forces by surface

  Sref =  2.7910       Cref = 0.47500       Bref =  5.8800    
  Xref = 0.50000       Yref =  0.0000       Zref =  0.0000    

  Surface # 1     main_wing_panel_0                       
     # Chordwise = 12   # Spanwise = 20     First strip =  1
     Surface area Ssurf =    0.683400     Ave. chord Cave =    0.510000

 Forces referred to Sref, Cref, Bref about Xref, Yref, Zref
 Standard axis orientation,  X fwd, Z down         
     CLsurf  =   0.12258     Clsurf  =  -0.01385
     CYsurf  =   0.00000     Cmsurf  =  -0.00438
     CDsurf  =   0.00126     Cnsurf  =  -0.00044
     CDisurf =   0.00126     CDvsurf =   0.00000

 Forces referred to Ssurf, Cave 
     CLsurf  =   0.50060     CDsurf  =   0.00513

 Strip Forces referred to Strip Area, Chord
    j     Xle      Yle      Zle      Chord    Area     c_cl     ai     cl_norm    cl       cd       cdv    cm_c/4     cm_LE   C.P.x/c
     1   0.4000   0.0021   0.0000   0.5100   0.0042   0.2591   0.0167   0.5084   0.5084   0.0048   0.0000   0.0103  -0.1168    0.230
     2   0.4000   0.0185   0.0000   0.5100   0.0125   0.2591   0.0167   0.5083   0.5083   0.0048   0.0000   0.0103  -0.1168    0.230
     3   0.4000   0.0510   0.0000   0.5100   0.0205   0.2591   0.0167   0.5083   0.5083   0.0048   0.0000   0.0103  -0.1167    0.230
     4   0.4000   0.0987   0.0000   0.5100   0.0280   0.2591   0.0167   0.5083   0.5083   0.0048   0.0000   0.0103  -0.1167    0.230
     5   0.4000   0.1605   0.0000   0.5100   0.0348   0.2590   0.0168   0.5081   0.5081   0.0048   0.0000   0.0103  -0.1167    0.230
     6   0.4000   0.2349   0.0000   0.5100   0.0408   0.2588   0.0169   0.5078   0.5078   0.0048   0.0000   0.0103  -0.1166    0.230
     7   0.4000   0.3199   0.0000   0.5100   0.0457   0.2586   0.0170   0.5072   0.5072   0.0048   0.0000   0.0103  -0.1165    0.230
     8   0.4000   0.4136   0.0000   0.5100   0.0495   0.2582   0.0172   0.5065   0.5065   0.0049   0.0000   0.0103  -0.1163    0.230
     9   0.4000   0.5136   0.0000   0.5100   0.0521   0.2576   0.0170   0.5054   0.5054   0.0049   0.0000   0.0103  -0.1160    0.230
    10   0.4000   0.6174   0.0000   0.5100   0.0535   0.2569   0.0208   0.5040   0.5040   0.0050   0.0000   0.0103  -0.1156    0.230
    11   0.4000   0.7226   0.0000   0.5100   0.0535   0.2560   0.0208   0.5023   0.5023   0.0050   0.0000   0.0103  -0.1152    0.229
    12   0.4000   0.8264   0.0000   0.5100   0.0521   0.2550   0.0212   0.5002   0.5002   0.0051   0.0000   0.0103  -0.1147    0.229
    13   0.4000   0.9264   0.0000   0.5100   0.0495   0.2537   0.0217   0.4977   0.4977   0.0052   0.0000   0.0103  -0.1140    0.229
    14   0.4000   1.0201   0.0000   0.5100   0.0457   0.2524   0.0222   0.4951   0.4951   0.0054   0.0000   0.0104  -0.1134    0.229
    15   0.4000   1.1051   0.0000   0.5100   0.0408   0.2509   0.0227   0.4923   0.4923   0.0055   0.0000   0.0104  -0.1126    0.229
    16   0.4000   1.1795   0.0000   0.5100   0.0348   0.2495   0.0233   0.4894   0.4894   0.0056   0.0000   0.0104  -0.1119    0.229
    17   0.4000   1.2413   0.0000   0.5100   0.0280   0.2481   0.0239   0.4867   0.4867   0.0057   0.0000   0.0104  -0.1112    0.229
    18   0.4000   1.2890   0.0000   0.5100   0.0205   0.2470   0.0244   0.4844   0.4844   0.0059   0.0000   0.0104  -0.1106    0.228
    19   0.4000   1.3215   0.0000   0.5100   0.0125   0.2461   0.0249   0.4827   0.4827   0.0062   0.0000   0.0105  -0.1102    0.228
    20   0.4000   1.3379   0.0000   0.5100   0.0042   0.2456   0.0252   0.4817   0.4817   0.0072   0.0000   0.0105  -0.1099    0.228

  Surface # 2     main_wing_panel_0 (YDUP)                
     # Chordwise = 12   # Spanwise = 20     First strip = 21
     Surface area Ssurf =    0.683400     Ave. chord Cave =    0.510000

 Forces referred to Sref, Cref, Bref about Xref, Yref, Zref
 Standard axis orientation,  X fwd, Z down         
     CLsurf  =   0.12258     Clsurf  =   0.01385
     CYsurf  =   0.00000     Cmsurf  =  -0.00438
     CDsurf  =   0.00126     Cnsurf  =   0.00044
     CDisurf =   0.00126     CDvsurf =   0.00000

 Forces referred to Ssurf, Cave 
     CLsurf  =   0.50060     CDsurf  =   0.00513

 Strip Forces referred to Strip Area, Chord
    j     Xle      Yle      Zle      Chord    Area     c_cl     ai     cl_norm    cl       cd       cdv    cm_c/4     cm_LE   C.P.x/c
    21   0.4000  -0.0021   0.0000   0.5100   0.0042   0.2591   0.0167   0.5084   0.5084   0.0048   0.0000   0.0103   0.1168    0.230
    22   0.4000  -0.0185   0.0000   0.5100   0.0125   0.2591   0.0167   0.5083   0.5083   0.0048   0.0000   0.0103   0.1168    0.230
    23   0.4000  -0.0510   0.0000   0.5100   0.0205   0.2591   0.0167   0.5083   0.5083   0.0048   0.0000   0.0103   0.1167    0.230
    24   0.4000  -0.0987   0.0000   0.5100   0.0280   0.2591   0.0167   0.5083   0.5083   0.0048   0.0000   0.0103   0.1167    0.230
    25   0.4000  -0.1605   0.0000   0.5100   0.0348   0.2590   0.0167   0.5081   0.5081   0.0048   0.0000   0.0103   0.1167    0.230
    26   0.4000  -0.2349   0.0000   0.5100   0.0408   0.2588   0.0168   0.5078   0.5078   0.0048   0.0000   0.0103   0.1166    0.230
    27   0.4000  -0.3199   0.0000   0.5100   0.0457   0.2586   0.0170   0.5072   0.5072   0.0048   0.0000   0.0103   0.1165    0.230
    28   0.4000  -0.4136   0.0000   0.5100   0.0495   0.2582   0.0172   0.5065   0.5065   0.0049   0.0000   0.0103   0.1163    0.230
    29   0.4000  -0.5136   0.0000   0.5100   0.0521   0.2576   0.0170   0.5054   0.5054   0.0049   0.0000   0.0103   0.1160    0.230
    30   0.4000  -0.6174   0.0000   0.5100   0.0535   0.2569   0.0208   0.5040   0.5040   0.0050   0.0000   0.0103   0.1156    0.230
    31   0.4000  -0.7226   0.0000   0.5100   0.0535   0.2560   0.0208   0.5023   0.5023   0.0050   0.0000   0.0103   0.1152    0.229
    32   0.4000  -0.8264   0.0000   0.5100   0.0521   0.2550   0.0212   0.5002   0.5002   0.0051   0.0000   0.0103   0.1147    0.229
    33   0.4000  -0.9264   0.0000   0.5100   0.0495   0.2537   0.0217   0.4977   0.4977   0.0052   0.0000   0.0103   0.1140    0.229
    34   0.4000  -1.0201   0.0000   0.5100   0.0457   0.2524   0.0222   0.4951   0.4951   0.0054   0.0000   0.0104   0.1134    0.229
    35   0.4000  -1.1051   0.0000   0.5100   0.0408   0.2509   0.0227   0.4923   0.4923   0.0055   0.0000   0.0104   0.1126    0.229
    36   0.4000  -1.1795   0.0000   0.5100   0.0348   0.2495   0.0233   0.4894   0.4894   0.0056   0.0000   0.0104   0.1119    0.229
    37   0.4000  -1.2413   0.0000   0.5100   0.0280   0.2481   0.0239   0.4867   0.4867   0.0057   0.0000   0.0104   0.1112    0.229
    38   0.4000  -1.2890   0.0000   0.5100   0.0205   0.2470   0.0244   0.4844   0.4844   0.0059   0.0000   0.0104   0.1106    0.228
    39   0.4000  -1.3215   0.0000   0.5100   0.0125   0.2461   0.0249   0.4827   0.4827   0.0062   0.0000   0.0105   0.1102    0.228
    40   0.4000  -1.3379   0.0000   0.5100   0.0042   0.2456   0.0252   0.4817   0.4817   0.0072   0.0000   0.0105   0.1099    0.228

  Surface # 3     main_wing_panel_1                       
     # Chordwise = 12   # Spanwise = 20     First strip = 41
     Surface area Ssurf =    0.712000     Ave. chord Cave =    0.445000

 Forces referred to Sref, Cref, Bref about Xref, Yref, Zref
 Standard axis orientation,  X fwd, Z down         
     CLsurf  =   0.10818     Clsurf  =  -0.03725
     CYsurf  =  -0.00014     Cmsurf  =  -0.00301
     CDsurf  =   0.00155     Cnsurf  =  -0.00101
     CDisurf =   0.00155     CDvsurf =   0.00000

 Forces referred to Ssurf, Cave 
     CLsurf  =   0.42406     CDsurf  =   0.00606

 Strip Forces referred to Strip Area, Chord
    j     Xle      Yle      Zle      Chord    Area     c_cl     ai     cl_norm    cl       cd       cdv    cm_c/4     cm_LE   C.P.x/c
    41   0.4001   1.3425   0.0000   0.5098   0.0050   0.2455   0.0252   0.4817   0.4817   0.0070   0.0000   0.0105  -0.1099    0.228
    42   0.4005   1.3621   0.0000   0.5082   0.0149   0.2449   0.0249   0.4820   0.4820   0.0061   0.0000   0.0106  -0.1099    0.228
    43   0.4013   1.4009   0.0000   0.5051   0.0243   0.2435   0.0246   0.4823   0.4823   0.0059   0.0000   0.0107  -0.1098    0.228
    44   0.4024   1.4579   0.0000   0.5004   0.0328   0.2413   0.0243   0.4824   0.4824   0.0058   0.0000   0.0110  -0.1096    0.227
    45   0.4040   1.5317   0.0000   0.4944   0.0403   0.2383   0.0242   0.4821   0.4821   0.0057   0.0000   0.0113  -0.1092    0.227
    46   0.4058   1.6204   0.0000   0.4872   0.0465   0.2343   0.0241   0.4810   0.4810   0.0057   0.0000   0.0117  -0.1085    0.226
    47   0.4079   1.7220   0.0000   0.4790   0.0513   0.2293   0.0242   0.4789   0.4789   0.0057   0.0000   0.0122  -0.1075    0.225
    48   0.4102   1.8339   0.0000   0.4699   0.0545   0.2233   0.0245   0.4754   0.4754   0.0058   0.0000   0.0127  -0.1061    0.223
    49   0.4126   1.9532   0.0000   0.4602   0.0562   0.2162   0.0252   0.4699   0.4699   0.0058   0.0000   0.0133  -0.1041    0.222
    50   0.4152   2.0772   0.0000   0.4501   0.0563   0.2079   0.0262   0.4620   0.4620   0.0060   0.0000   0.0140  -0.1015    0.220
    51   0.4178   2.2028   0.0000   0.4399   0.0551   0.1983   0.0277   0.4509   0.4509   0.0062   0.0000   0.0147  -0.0980    0.217
    52   0.4204   2.3268   0.0000   0.4298   0.0525   0.1873   0.0297   0.4358   0.4358   0.0064   0.0000   0.0154  -0.0935    0.215
    53   0.4228   2.4461   0.0000   0.4201   0.0487   0.1745   0.0323   0.4154   0.4154   0.0066   0.0000   0.0161  -0.0877    0.211
    54   0.4251   2.5580   0.0000   0.4110   0.0440   0.1597   0.0356   0.3886   0.3886   0.0068   0.0000   0.0168  -0.0803    0.207
    55   0.4272   2.6596   0.0000   0.4028   0.0384   0.1424   0.0393   0.3536   0.3536   0.0069   0.0000   0.0173  -0.0711    0.201
    56   0.4290   2.7483   0.0000   0.3956   0.0323   0.1224   0.0434   0.3094   0.3094   0.0068   0.0000   0.0174  -0.0599    0.194
    57   0.4306   2.8221   0.0000   0.3896   0.0256   0.0994   0.0473   0.2550   0.2550   0.0063   0.0000   0.0166  -0.0471    0.185
    58   0.4317   2.8791   0.0000   0.3849   0.0185   0.0735   0.0507   0.1908   0.1908   0.0053   0.0000   0.0143  -0.0334    0.175
    59   0.4325   2.9179   0.0000   0.3818   0.0112   0.0452   0.0533   0.1183   0.1183   0.0038   0.0000   0.0100  -0.0196    0.166
    60   0.4329   2.9375   0.0000   0.3802   0.0037   0.0153   0.0549   0.0401   0.0401   0.0015   0.0000   0.0036  -0.0064    0.160

  Surface # 4     main_wing_panel_1 (YDUP)                
     # Chordwise = 12   # Spanwise = 20     First strip = 61
     Surface area Ssurf =    0.712000     Ave. chord Cave =    0.445000

 Forces referred to Sref, Cref, Bref about Xref, Yref, Zref
 Standard axis orientation,  X fwd, Z down         
     CLsurf  =   0.10818     Clsurf  =   0.03725
     CYsurf  =   0.00014     Cmsurf  =  -0.00301
     CDsurf  =   0.00155     Cnsurf  =   0.00101
     CDisurf =   0.00155     CDvsurf =   0.00000

 Forces referred to Ssurf, Cave 
     CLsurf  =   0.42406     CDsurf  =   0.00606

 Strip Forces referred to Strip Area, Chord
    j     Xle      Yle      Zle      Chord    Area     c_cl     ai     cl_norm    cl       cd       cdv    cm_c/4     cm_LE   C.P.x/c
    61   0.4001  -1.3425   0.0000   0.5098   0.0050   0.2455   0.0252   0.4817   0.4817   0.0070   0.0000   0.0105   0.1099    0.228
    62   0.4005  -1.3621   0.0000   0.5082   0.0149   0.2449   0.0249   0.4820   0.4820   0.0061   0.0000   0.0106   0.1099    0.228
    63   0.4013  -1.4009   0.0000   0.5051   0.0243   0.2435   0.0246   0.4823   0.4823   0.0059   0.0000   0.0107   0.1098    0.228
    64   0.4024  -1.4579   0.0000   0.5004   0.0328   0.2413   0.0243   0.4824   0.4824   0.0058   0.0000   0.0110   0.1096    0.227
    65   0.4040  -1.5317   0.0000   0.4944   0.0403   0.2383   0.0242   0.4821   0.4821   0.0057   0.0000   0.0113   0.1092    0.227
    66   0.4058  -1.6204   0.0000   0.4872   0.0465   0.2343   0.0241   0.4810   0.4810   0.0057   0.0000   0.0117   0.1085    0.226
    67   0.4079  -1.7220   0.0000   0.4790   0.0513   0.2293   0.0242   0.4789   0.4789   0.0057   0.0000   0.0122   0.1075    0.225
    68   0.4102  -1.8339   0.0000   0.4699   0.0545   0.2233   0.0245   0.4754   0.4754   0.0058   0.0000   0.0127   0.1061    0.223
    69   0.4126  -1.9532   0.0000   0.4602   0.0562   0.2162   0.0252   0.4699   0.4699   0.0058   0.0000   0.0133   0.1041    0.222
    70   0.4152  -2.0772   0.0000   0.4501   0.0563   0.2079   0.0262   0.4620   0.4620   0.0060   0.0000   0.0140   0.1015    0.220
    71   0.4178  -2.2028   0.0000   0.4399   0.0551   0.1983   0.0277   0.4509   0.4509   0.0062   0.0000   0.0147   0.0980    0.217
    72   0.4204  -2.3268   0.0000   0.4298   0.0525   0.1873   0.0297   0.4358   0.4358   0.0064   0.0000   0.0154   0.0935    0.215
    73   0.4228  -2.4461   0.0000   0.4201   0.0487   0.1745   0.0323   0.4154   0.4154   0.0066   0.0000   0.0161   0.0877    0.211
    74   0.4251  -2.5580   0.0000   0.4110   0.0440   0.1597   0.0356   0.3886   0.3886   0.0068   0.0000   0.0168   0.0803    0.207
    75   0.4272  -2.6596   0.0000   0.4028   0.0384   0.1424   0.0393   0.3536   0.3536   0.0069   0.0000   0.0173   0.0711    0.201
    76   0.4290  -2.7483   0.0000   0.3956   0.0323   0.1224   0.0434   0.3094   0.3094   0.0068   0.0000   0.0174   0.0599    0.194
    77   0.4306  -2.8221   0.0000   0.3896   0.0256   0.0994   0.0473   0.2550   0.2550   0.0063   0.0000   0.0166   0.0471    0.185
    78   0.4317  -2.8791   0.0000   0.3849   0.0185   0.0735   0.0507   0.1908   0.1908   0.0053   0.0000   0.0143   0.0334    0.175
    79   0.4325  -2.9179   0.0000   0.3818   0.0112   0.0452   0.0533   0.1183   0.1183   0.0038   0.0000   0.0100   0.0196    0.166
    80   0.4329  -2.9375   0.0000   0.3802   0.0037   0.0153   0.0549   0.0401   0.0401   0.0015   0.0000   0.0036   0.0064    0.160

  Surface # 5     hstab_panel_0                           
     # Chordwise = 12   # Spanwise = 20     First strip = 81
     Surface area Ssurf =    0.201600     Ave. chord Cave =    0.360000

 Forces referred to Sref, Cref, Bref about Xref, Yref, Zref
 Standard axis orientation,  X fwd, Z down         
     CLsurf  =  -0.00194     Clsurf  =   0.00009
     CYsurf  =  -0.00000     Cmsurf  =   0.00739
     CDsurf  =  -0.00004     Cnsurf  =   0.00000
     CDisurf =  -0.00004     CDvsurf =   0.00000

 Forces referred to Ssurf, Cave 
     CLsurf  =  -0.02685     CDsurf  =  -0.00054

 Strip Forces referred to Strip Area, Chord
    j     Xle      Yle      Zle      Chord    Area     c_cl     ai     cl_norm    cl       cd       cdv    cm_c/4     cm_LE   C.P.x/c
    81   1.9000   0.0009   0.4500   0.3600   0.0012  -0.0103   0.0139  -0.0286  -0.0286  -0.0006   0.0000   0.0244   0.0315    1.104
    82   1.9000   0.0077   0.4500   0.3600   0.0037  -0.0103   0.0139  -0.0286  -0.0286  -0.0006   0.0000   0.0244   0.0315    1.104
    83   1.9000   0.0213   0.4500   0.3600   0.0061  -0.0103   0.0139  -0.0286  -0.0286  -0.0006   0.0000   0.0244   0.0315    1.104
    84   1.9000   0.0413   0.4500   0.3600   0.0083  -0.0103   0.0139  -0.0286  -0.0286  -0.0006   0.0000   0.0244   0.0315    1.104
    85   1.9000   0.0671   0.4500   0.3600   0.0103  -0.0103   0.0139  -0.0286  -0.0286  -0.0006   0.0000   0.0244   0.0315    1.104
    86   1.9000   0.0982   0.4500   0.3600   0.0120  -0.0103   0.0139  -0.0285  -0.0285  -0.0006   0.0000   0.0244   0.0315    1.104
    87   1.9000   0.1337   0.4500   0.3600   0.0135  -0.0102   0.0138  -0.0285  -0.0285  -0.0006   0.0000   0.0243   0.0315    1.105
    88   1.9000   0.1728   0.4500   0.3600   0.0146  -0.0102   0.0137  -0.0284  -0.0284  -0.0006   0.0000   0.0243   0.0314    1.106
    89   1.9000   0.2146   0.4500   0.3600   0.0154  -0.0102   0.0136  -0.0283  -0.0283  -0.0006   0.0000   0.0242   0.0313    1.108
    90   1.9000   0.2580   0.4500   0.3600   0.0158  -0.0101   0.0133  -0.0281  -0.0281  -0.0006   0.0000   0.0242   0.0312    1.109
    91   1.9000   0.3020   0.4500   0.3600   0.0158  -0.0100   0.0130  -0.0279  -0.0279  -0.0006   0.0000   0.0240   0.0310    1.111
    92   1.9000   0.3454   0.4500   0.3600   0.0154  -0.0099   0.0126  -0.0276  -0.0276  -0.0006   0.0000   0.0238   0.0307    1.113
    93   1.9000   0.3872   0.4500   0.3600   0.0146  -0.0098   0.0119  -0.0271  -0.0271  -0.0005   0.0000   0.0234   0.0302    1.114
    94   1.9000   0.4263   0.4500   0.3600   0.0135  -0.0095   0.0111  -0.0264  -0.0264  -0.0005   0.0000   0.0229   0.0295    1.115
    95   1.9000   0.4618   0.4500   0.3600   0.0120  -0.0092   0.0099  -0.0254  -0.0254  -0.0005   0.0000   0.0220   0.0284    1.115
    96   1.9000   0.4929   0.4500   0.3600   0.0103  -0.0087   0.0084  -0.0241  -0.0241  -0.0005   0.0000   0.0208   0.0268    1.114
    97   1.9000   0.5187   0.4500   0.3600   0.0083  -0.0080   0.0067  -0.0222  -0.0222  -0.0004   0.0000   0.0191   0.0247    1.112
    98   1.9000   0.5387   0.4500   0.3600   0.0061  -0.0071   0.0049  -0.0197  -0.0197  -0.0004   0.0000   0.0169   0.0219    1.110
    99   1.9000   0.5523   0.4500   0.3600   0.0037  -0.0061   0.0035  -0.0168  -0.0168  -0.0004   0.0000   0.0144   0.0186    1.106
   100   1.9000   0.5591   0.4500   0.3600   0.0012  -0.0049   0.0026  -0.0138  -0.0138  -0.0001   0.0000   0.0118   0.0152    1.107

  Surface # 6     hstab_panel_0 (YDUP)                    
     # Chordwise = 12   # Spanwise = 20     First strip =101
     Surface area Ssurf =    0.201600     Ave. chord Cave =    0.360000

 Forces referred to Sref, Cref, Bref about Xref, Yref, Zref
 Standard axis orientation,  X fwd, Z down         
     CLsurf  =  -0.00194     Clsurf  =  -0.00009
     CYsurf  =   0.00000     Cmsurf  =   0.00740
     CDsurf  =  -0.00004     Cnsurf  =  -0.00000
     CDisurf =  -0.00004     CDvsurf =   0.00000

 Forces referred to Ssurf, Cave 
     CLsurf  =  -0.02689     CDsurf  =  -0.00054

 Strip Forces referred to Strip Area, Chord
    j     Xle      Yle      Zle      Chord    Area     c_cl     ai     cl_norm    cl       cd       cdv    cm_c/4     cm_LE   C.P.x/c
   101   1.9000  -0.0009   0.4500   0.3600   0.0012  -0.0103   0.0139  -0.0286  -0.0286  -0.0006   0.0000   0.0244  -0.0315    1.104
   102   1.9000  -0.0077   0.4500   0.3600   0.0037  -0.0103   0.0139  -0.0286  -0.0286  -0.0006   0.0000   0.0244  -0.0315    1.104
   103   1.9000  -0.0213   0.4500   0.3600   0.0061  -0.0103   0.0139  -0.0286  -0.0286  -0.0006   0.0000   0.0244  -0.0315    1.104
   104   1.9000  -0.0413   0.4500   0.3600   0.0083  -0.0103   0.0139  -0.0286  -0.0286  -0.0006   0.0000   0.0244  -0.0315    1.104
   105   1.9000  -0.0671   0.4500   0.3600   0.0103  -0.0103   0.0139  -0.0286  -0.0286  -0.0006   0.0000   0.0244  -0.0315    1.104
   106   1.9000  -0.0982   0.4500   0.3600   0.0120  -0.0103   0.0139  -0.0285  -0.0285  -0.0006   0.0000   0.0244  -0.0315    1.104
   107   1.9000  -0.1337   0.4500   0.3600   0.0135  -0.0103   0.0138  -0.0285  -0.0285  -0.0006   0.0000   0.0243  -0.0315    1.105
   108   1.9000  -0.1728   0.4500   0.3600   0.0146  -0.0102   0.0137  -0.0284  -0.0284  -0.0006   0.0000   0.0243  -0.0314    1.106
   109   1.9000  -0.2146   0.4500   0.3600   0.0154  -0.0102   0.0136  -0.0283  -0.0283  -0.0006   0.0000   0.0242  -0.0313    1.107
   110   1.9000  -0.2580   0.4500   0.3600   0.0158  -0.0101   0.0133  -0.0281  -0.0281  -0.0006   0.0000   0.0242  -0.0312    1.108
   111   1.9000  -0.3020   0.4500   0.3600   0.0158  -0.0101   0.0130  -0.0279  -0.0279  -0.0006   0.0000   0.0240  -0.0310    1.109
   112   1.9000  -0.3454   0.4500   0.3600   0.0154  -0.0099   0.0126  -0.0276  -0.0276  -0.0006   0.0000   0.0238  -0.0307    1.111
   113   1.9000  -0.3872   0.4500   0.3600   0.0146  -0.0098   0.0119  -0.0271  -0.0271  -0.0005   0.0000   0.0234  -0.0302    1.112
   114   1.9000  -0.4263   0.4500   0.3600   0.0135  -0.0095   0.0110  -0.0265  -0.0265  -0.0005   0.0000   0.0228  -0.0294    1.112
   115   1.9000  -0.4618   0.4500   0.3600   0.0120  -0.0092   0.0099  -0.0255  -0.0255  -0.0005   0.0000   0.0220  -0.0284    1.112
   116   1.9000  -0.4929   0.4500   0.3600   0.0103  -0.0087   0.0084  -0.0241  -0.0241  -0.0005   0.0000   0.0207  -0.0268    1.110
   117   1.9000  -0.5187   0.4500   0.3600   0.0083  -0.0080   0.0067  -0.0222  -0.0222  -0.0004   0.0000   0.0190  -0.0246    1.107
   118   1.9000  -0.5387   0.4500   0.3600   0.0061  -0.0071   0.0049  -0.0198  -0.0198  -0.0004   0.0000   0.0169  -0.0218    1.102
   119   1.9000  -0.5523   0.4500   0.3600   0.0037  -0.0061   0.0035  -0.0169  -0.0169  -0.0004   0.0000   0.0143  -0.0185    1.097
   120   1.9000  -0.5591   0.4500   0.3600   0.0012  -0.0050   0.0026  -0.0138  -0.0138  -0.0001   0.0000   0.0117  -0.0151    1.094

  Surface # 7     fin_panel_0                             
     # Chordwise = 12   # Spanwise = 20     First strip =121
     Surface area Ssurf =    0.135000     Ave. chord Cave =    0.300000

 Forces referred to Sref, Cref, Bref about Xref, Yref, Zref
 Standard axis orientation,  X fwd, Z down         
     CLsurf  =   0.00000     Clsurf  =  -0.00001
     CYsurf  =  -0.00030     Cmsurf  =  -0.00000
     CDsurf  =  -0.00000     Cnsurf  =   0.00008
     CDisurf =  -0.00000     CDvsurf =   0.00000

 Forces referred to Ssurf, Cave 
     CLsurf  =  -0.00629     CDsurf  =  -0.00001

 Strip Forces referred to Strip Area, Chord
    j     Xle      Yle      Zle      Chord    Area     c_cl     ai     cl_norm    cl       cd       cdv    cm_c/4     cm_LE   C.P.x/c
   121   1.9000   0.5600   0.4493   0.3000   0.0008  -0.0044   0.0536  -0.0146  -0.0145  -0.0005   0.0000   0.0159   0.0195    1.343
   122   1.9000   0.5600   0.4438   0.3000   0.0025  -0.0039   0.0212  -0.0132  -0.0132  -0.0000   0.0000   0.0137   0.0170    1.293
   123   1.9000   0.5600   0.4329   0.3000   0.0041  -0.0034   0.0173  -0.0113  -0.0113  -0.0000   0.0000   0.0109   0.0138    1.222
   124   1.9000   0.5600   0.4168   0.3000   0.0055  -0.0029   0.0142  -0.0097  -0.0097  -0.0000   0.0000   0.0083   0.0108    1.111
   125   1.9000   0.5600   0.3961   0.3000   0.0069  -0.0026   0.0113  -0.0086  -0.0086  -0.0000   0.0000   0.0062   0.0083    0.967
   126   1.9000   0.5600   0.3711   0.3000   0.0081  -0.0024   0.0091  -0.0080  -0.0079  -0.0000   0.0000   0.0045   0.0065    0.813
   127   1.9000   0.5600   0.3426   0.3000   0.0090  -0.0023   0.0073  -0.0075  -0.0075  -0.0000   0.0000   0.0032   0.0051    0.674
   128   1.9000   0.5600   0.3111   0.3000   0.0098  -0.0022   0.0060  -0.0073  -0.0073  -0.0000   0.0000   0.0023   0.0041    0.563
   129   1.9000   0.5600   0.2775   0.3000   0.0103  -0.0021   0.0050  -0.0070  -0.0070  -0.0000   0.0000   0.0016   0.0034    0.482
   130   1.9000   0.5600   0.2427   0.3000   0.0106  -0.0020   0.0042  -0.0068  -0.0068  -0.0000   0.0000   0.0012   0.0029    0.426
   131   1.9000   0.5600   0.2073   0.3000   0.0106  -0.0019   0.0036  -0.0064  -0.0064  -0.0000   0.0000   0.0009   0.0025    0.388
   132   1.9000   0.5600   0.1725   0.3000   0.0103  -0.0018   0.0032  -0.0059  -0.0059  -0.0000   0.0000   0.0007   0.0022    0.364
   133   1.9000   0.5600   0.1389   0.3000   0.0098  -0.0016   0.0029  -0.0053  -0.0053  -0.0000   0.0000   0.0005   0.0019    0.350
   134   1.9000   0.5600   0.1074   0.3000   0.0090  -0.0014   0.0028  -0.0047  -0.0047  -0.0000   0.0000   0.0004   0.0016    0.342
   135   1.9000   0.5600   0.0789   0.3000   0.0081  -0.0012   0.0027  -0.0039  -0.0039  -0.0000   0.0000   0.0004   0.0013    0.341
   136   1.9000   0.5600   0.0539   0.3000   0.0069  -0.0009   0.0029  -0.0031  -0.0031  -0.0000   0.0000   0.0003   0.0011    0.345
   137   1.9000   0.5600   0.0332   0.3000   0.0055  -0.0007   0.0033  -0.0024  -0.0024  -0.0000   0.0000   0.0002   0.0008    0.352
   138   1.9000   0.5600   0.0171   0.3000   0.0041  -0.0005   0.0045  -0.0017  -0.0017  -0.0000   0.0000   0.0002   0.0006    0.361
   139   1.9000   0.5600   0.0062   0.3000   0.0025  -0.0003   0.0067  -0.0010  -0.0010  -0.0000   0.0000   0.0001   0.0004    0.368
   140   1.9000   0.5600   0.0007   0.3000   0.0008  -0.0001   0.0027  -0.0003  -0.0003  -0.0000   0.0000   0.0000   0.0001    0.373

  Surface # 8     fin_panel_0                             
     # Chordwise = 12   # Spanwise = 20     First strip =141
     Surface area Ssurf =    0.135000     Ave. chord Cave =    0.300000

 Forces referred to Sref, Cref, Bref about Xref, Yref, Zref
 Standard axis orientation,  X fwd, Z down         
     CLsurf  =   0.00000     Clsurf  =   0.00001
     CYsurf  =   0.00031     Cmsurf  =  -0.00000
     CDsurf  =  -0.00000     Cnsurf  =  -0.00008
     CDisurf =  -0.00000     CDvsurf =   0.00000

 Forces referred to Ssurf, Cave 
     CLsurf  =   0.00633     CDsurf  =  -0.00001

 Strip Forces referred to Strip Area, Chord
    j     Xle      Yle      Zle      Chord    Area     c_cl     ai     cl_norm    cl       cd       cdv    cm_c/4     cm_LE   C.P.x/c
   141   1.9000  -0.5600   0.4493   0.3000   0.0008   0.0044  -0.0535   0.0146   0.0146  -0.0005   0.0000  -0.0157  -0.0194    1.326
   142   1.9000  -0.5600   0.4438   0.3000   0.0025   0.0040  -0.0212   0.0132   0.0132  -0.0000   0.0000  -0.0135  -0.0168    1.273
   143   1.9000  -0.5600   0.4329   0.3000   0.0041   0.0034  -0.0173   0.0113   0.0113  -0.0000   0.0000  -0.0107  -0.0136    1.197
   144   1.9000  -0.5600   0.4168   0.3000   0.0055   0.0029  -0.0142   0.0098   0.0098  -0.0000   0.0000  -0.0081  -0.0105    1.081
   145   1.9000  -0.5600   0.3961   0.3000   0.0069   0.0026  -0.0113   0.0087   0.0087  -0.0000   0.0000  -0.0059  -0.0081    0.933
   146   1.9000  -0.5600   0.3711   0.3000   0.0081   0.0024  -0.0091   0.0080   0.0080  -0.0000   0.0000  -0.0042  -0.0062    0.776
   147   1.9000  -0.5600   0.3426   0.3000   0.0090   0.0023  -0.0073   0.0076   0.0076  -0.0000   0.0000  -0.0029  -0.0048    0.636
   148   1.9000  -0.5600   0.3111   0.3000   0.0098   0.0022  -0.0060   0.0074   0.0073  -0.0000   0.0000  -0.0020  -0.0038    0.524
   149   1.9000  -0.5600   0.2775   0.3000   0.0103   0.0021  -0.0049   0.0071   0.0071  -0.0000   0.0000  -0.0014  -0.0031    0.442
   150   1.9000  -0.5600   0.2427   0.3000   0.0106   0.0020  -0.0042   0.0068   0.0068  -0.0000   0.0000  -0.0009  -0.0026    0.384
   151   1.9000  -0.5600   0.2073   0.3000   0.0106   0.0019  -0.0036   0.0065   0.0065  -0.0000   0.0000  -0.0006  -0.0022    0.345
   152   1.9000  -0.5600   0.1725   0.3000   0.0103   0.0018  -0.0032   0.0060   0.0060  -0.0000   0.0000  -0.0004  -0.0019    0.318
   153   1.9000  -0.5600   0.1389   0.3000   0.0098   0.0016  -0.0029   0.0054   0.0054  -0.0000   0.0000  -0.0003  -0.0016    0.300
   154   1.9000  -0.5600   0.1074   0.3000   0.0090   0.0014  -0.0028   0.0047   0.0047  -0.0000   0.0000  -0.0002  -0.0013    0.288
   155   1.9000  -0.5600   0.0789   0.3000   0.0081   0.0012  -0.0028   0.0039   0.0039  -0.0000   0.0000  -0.0001  -0.0011    0.280
   156   1.9000  -0.5600   0.0539   0.3000   0.0069   0.0009  -0.0029   0.0031   0.0031  -0.0000   0.0000  -0.0001  -0.0009    0.276
   157   1.9000  -0.5600   0.0332   0.3000   0.0055   0.0007  -0.0033   0.0024   0.0024  -0.0000   0.0000  -0.0001  -0.0007    0.275
   158   1.9000  -0.5600   0.0171   0.3000   0.0041   0.0005  -0.0045   0.0016   0.0016  -0.0000   0.0000  -0.0000  -0.0005    0.275
   159   1.9000  -0.5600   0.0062   0.3000   0.0025   0.0003  -0.0067   0.0010   0.0010  -0.0000   0.0000  -0.0000  -0.0003    0.276
   160   1.9000  -0.5600   0.0007   0.3000   0.0008   0.0001  -0.0027   0.0003   0.0003  -0.0000   0.0000  -0.0000  -0.0001    0.276
 ---------------------------------------------------------------
