 ---------------------------------------------------------------
 Surface and Strip Forces by surface

  Sref =  2.7910       Cref = 0.47500       Bref =  5.8800    
  Xref = 0.50000       Yref =  0.0000       Zref =  0.0000    

  Surface # 1     main_wing_panel_0                       
     # Chordwise = 12   # Spanwise = 20     First strip =  1
     Surface area Ssurf =    0.683400     Ave. chord Cave =    0.510000

 Forces referred to Sref, Cref, Bref about Xref, Yref, Zref
 Standard axis orientation,  X fwd, Z down         
     CLsurf  =   0.04698     Clsurf  =  -0.00531
     CYsurf  =   0.00000     Cmsurf  =  -0.00294
     CDsurf  =   0.00019     Cnsurf  =   0.00009
     CDisurf =   0.00019     CDvsurf =   0.00000

 Forces referred to Ssurf, Cave 
     CLsurf  =   0.19187     CDsurf  =   0.00076

 Strip Forces referred to Strip Area, Chord
    j     Xle      Yle      Zle      Chord    Area     c_cl     ai     cl_norm    cl       cd       cdv    cm_c/4     cm_LE   C.P.x/c
     1   0.4000   0.0021   0.0000   0.5100   0.0042   0.0992   0.0046   0.1946   0.1946   0.0007   0.0000  -0.0009  -0.0496    0.255
     2   0.4000   0.0185   0.0000   0.5100   0.0125   0.0992   0.0046   0.1946   0.1946   0.0007   0.0000  -0.0009  -0.0496    0.255
     3   0.4000   0.0510   0.0000   0.5100   0.0205   0.0992   0.0046   0.1946   0.1946   0.0007   0.0000  -0.0009  -0.0496    0.255
     4   0.4000   0.0987   0.0000   0.5100   0.0280   0.0992   0.0046   0.1946   0.1946   0.0007   0.0000  -0.0009  -0.0496    0.255
     5   0.4000   0.1605   0.0000   0.5100   0.0348   0.0992   0.0046   0.1945   0.1945   0.0007   0.0000  -0.0009  -0.0496    0.255
     6   0.4000   0.2349   0.0000   0.5100   0.0408   0.0991   0.0045   0.1944   0.1944   0.0007   0.0000  -0.0009  -0.0495    0.255
     7   0.4000   0.3199   0.0000   0.5100   0.0457   0.0990   0.0044   0.1942   0.1942   0.0007   0.0000  -0.0009  -0.0495    0.255
     8   0.4000   0.4136   0.0000   0.5100   0.0495   0.0989   0.0040   0.1940   0.1940   0.0007   0.0000  -0.0009  -0.0494    0.255
     9   0.4000   0.5136   0.0000   0.5100   0.0521   0.0987   0.0028   0.1936   0.1936   0.0007   0.0000  -0.0009  -0.0493    0.255
    10   0.4000   0.6174   0.0000   0.5100   0.0535   0.0985   0.0104   0.1931   0.1931   0.0007   0.0000  -0.0009  -0.0491    0.255
    11   0.4000   0.7226   0.0000   0.5100   0.0535   0.0982   0.0095   0.1925   0.1925   0.0007   0.0000  -0.0009  -0.0490    0.254
    12   0.4000   0.8264   0.0000   0.5100   0.0521   0.0978   0.0092   0.1917   0.1917   0.0008   0.0000  -0.0008  -0.0488    0.254
    13   0.4000   0.9264   0.0000   0.5100   0.0495   0.0973   0.0091   0.1909   0.1909   0.0008   0.0000  -0.0008  -0.0485    0.254
    14   0.4000   1.0201   0.0000   0.5100   0.0457   0.0968   0.0092   0.1899   0.1899   0.0008   0.0000  -0.0008  -0.0482    0.254
    15   0.4000   1.1051   0.0000   0.5100   0.0408   0.0963   0.0093   0.1889   0.1889   0.0008   0.0000  -0.0007  -0.0479    0.254
    16   0.4000   1.1795   0.0000   0.5100   0.0348   0.0958   0.0095   0.1879   0.1879   0.0008   0.0000  -0.0007  -0.0476    0.254
    17   0.4000   1.2413   0.0000   0.5100   0.0280   0.0953   0.0096   0.1869   0.1869   0.0009   0.0000  -0.0007  -0.0474    0.254
    18   0.4000   1.2890   0.0000   0.5100   0.0205   0.0949   0.0098   0.1860   0.1860   0.0009   0.0000  -0.0006  -0.0471    0.253
    19   0.4000   1.3215   0.0000   0.5100   0.0125   0.0945   0.0100   0.1854   0.1854   0.0009   0.0000  -0.0006  -0.0470    0.253
    20   0.4000   1.3379   0.0000   0.5100   0.0042   0.0943   0.0102   0.1850   0.1850   0.0010   0.0000  -0.0006  -0.0469    0.253

  Surface # 2     main_wing_panel_0 (YDUP)                
     # Chordwise = 12   # Spanwise = 20     First strip = 21
     Surface area Ssurf =    0.683400     Ave. chord Cave =    0.510000

 Forces referred to Sref, Cref, Bref about Xref, Yref, Zref
 Standard axis orientation,  X fwd, Z down         
     CLsurf  =   0.04698     Clsurf  =   0.00531
     CYsurf  =   0.00000     Cmsurf  =  -0.00294
     CDsurf  =   0.00019     Cnsurf  =  -0.00009
     CDisurf =   0.00019     CDvsurf =   0.00000

 Forces referred to Ssurf, Cave 
     CLsurf  =   0.19187     CDsurf  =   0.00076

 Strip Forces referred to Strip Area, Chord
    j     Xle      Yle      Zle      Chord    Area     c_cl     ai     cl_norm    cl       cd       cdv    cm_c/4     cm_LE   C.P.x/c
    21   0.4000  -0.0021   0.0000   0.5100   0.0042   0.0992   0.0046   0.1946   0.1946   0.0007   0.0000  -0.0009   0.0496    0.255
    22   0.4000  -0.0185   0.0000   0.5100   0.0125   0.0992   0.0046   0.1946   0.1946   0.0007   0.0000  -0.0009   0.0496    0.255
    23   0.4000  -0.0510   0.0000   0.5100   0.0205   0.0992   0.0046   0.1946   0.1946   0.0007   0.0000  -0.0009   0.0496    0.255
    24   0.4000  -0.0987   0.0000   0.5100   0.0280   0.0992   0.0046   0.1946   0.1946   0.0007   0.0000  -0.0009   0.0496    0.255
    25   0.4000  -0.1605   0.0000   0.5100   0.0348   0.0992   0.0046   0.1945   0.1945   0.0007   0.0000  -0.0009   0.0496    0.255
    26   0.4000  -0.2349   0.0000   0.5100   0.0408   0.0991   0.0046   0.1944   0.1944   0.0007   0.0000  -0.0009   0.0495    0.255
    27   0.4000  -0.3199   0.0000   0.5100   0.0457   0.0990   0.0044   0.1942   0.1942   0.0007   0.0000  -0.0009   0.0495    0.255
    28   0.4000  -0.4136   0.0000   0.5100   0.0495   0.0989   0.0041   0.1940   0.1940   0.0007   0.0000  -0.0009   0.0494    0.255
    29   0.4000  -0.5136   0.0000   0.5100   0.0521   0.0987   0.0029   0.1936   0.1936   0.0007   0.0000  -0.0009   0.0493    0.255
    30   0.4000  -0.6174   0.0000   0.5100   0.0535   0.0985   0.0104   0.1931   0.1931   0.0007   0.0000  -0.0009   0.0491    0.255
    31   0.4000  -0.7226   0.0000   0.5100   0.0535   0.0982   0.0094   0.1925   0.1925   0.0007   0.0000  -0.0009   0.0490    0.254
    32   0.4000  -0.8264   0.0000   0.5100   0.0521   0.0978   0.0092   0.1918   0.1918   0.0008   0.0000  -0.0008   0.0488    0.254
    33   0.4000  -0.9264   0.0000   0.5100   0.0495   0.0973   0.0091   0.1909   0.1909   0.0008   0.0000  -0.0008   0.0485    0.254
    34   0.4000  -1.0201   0.0000   0.5100   0.0457   0.0968   0.0092   0.1899   0.1899   0.0008   0.0000  -0.0008   0.0482    0.254
    35   0.4000  -1.1051   0.0000   0.5100   0.0408   0.0963   0.0093   0.1889   0.1889   0.0008   0.0000  -0.0007   0.0479    0.254
    36   0.4000  -1.1795   0.0000   0.5100   0.0348   0.0958   0.0094   0.1879   0.1879   0.0008   0.0000  -0.0007   0.0476    0.254
    37   0.4000  -1.2413   0.0000   0.5100   0.0280   0.0953   0.0096   0.1869   0.1869   0.0009   0.0000  -0.0007   0.0474    0.254
    38   0.4000  -1.2890   0.0000   0.5100   0.0205   0.0949   0.0098   0.1860   0.1860   0.0009   0.0000  -0.0006   0.0471    0.253
    39   0.4000  -1.3215   0.0000   0.5100   0.0125   0.0945   0.0100   0.1854   0.1854   0.0009   0.0000  -0.0006   0.0470    0.253
    40   0.4000  -1.3379   0.0000   0.5100   0.0042   0.0943   0.0102   0.1850   0.1850   0.0010   0.0000  -0.0006   0.0469    0.253

  Surface # 3     main_wing_panel_1                       
     # Chordwise = 12   # Spanwise = 20     First strip = 41
     Surface area Ssurf =    0.712000     Ave. chord Cave =    0.445000

 Forces referred to Sref, Cref, Bref about Xref, Yref, Zref
 Standard axis orientation,  X fwd, Z down         
     CLsurf  =   0.04164     Clsurf  =  -0.01435
     CYsurf  =   0.00005     Cmsurf  =  -0.00224
     CDsurf  =   0.00023     Cnsurf  =   0.00028
     CDisurf =   0.00023     CDvsurf =   0.00000

 Forces referred to Ssurf, Cave 
     CLsurf  =   0.16323     CDsurf  =   0.00091

 Strip Forces referred to Strip Area, Chord
    j     Xle      Yle      Zle      Chord    Area     c_cl     ai     cl_norm    cl       cd       cdv    cm_c/4     cm_LE   C.P.x/c
    41   0.4001   1.3425   0.0000   0.5098   0.0050   0.0943   0.0102   0.1850   0.1850   0.0010   0.0000  -0.0006  -0.0468    0.253
    42   0.4005   1.3621   0.0000   0.5082   0.0149   0.0941   0.0100   0.1851   0.1851   0.0009   0.0000  -0.0006  -0.0468    0.253
    43   0.4013   1.4009   0.0000   0.5051   0.0243   0.0935   0.0098   0.1852   0.1852   0.0009   0.0000  -0.0005  -0.0468    0.253
    44   0.4024   1.4579   0.0000   0.5004   0.0328   0.0927   0.0097   0.1852   0.1852   0.0009   0.0000  -0.0005  -0.0468    0.253
    45   0.4040   1.5317   0.0000   0.4944   0.0403   0.0915   0.0095   0.1851   0.1851   0.0009   0.0000  -0.0004  -0.0467    0.252
    46   0.4058   1.6204   0.0000   0.4872   0.0465   0.0899   0.0095   0.1846   0.1846   0.0008   0.0000  -0.0003  -0.0464    0.252
    47   0.4079   1.7220   0.0000   0.4790   0.0513   0.0880   0.0094   0.1838   0.1838   0.0008   0.0000  -0.0002  -0.0461    0.251
    48   0.4102   1.8339   0.0000   0.4699   0.0545   0.0857   0.0095   0.1824   0.1824   0.0008   0.0000  -0.0000  -0.0456    0.250
    49   0.4126   1.9532   0.0000   0.4602   0.0562   0.0830   0.0097   0.1803   0.1803   0.0009   0.0000   0.0002  -0.0449    0.249
    50   0.4152   2.0772   0.0000   0.4501   0.0563   0.0798   0.0101   0.1773   0.1773   0.0009   0.0000   0.0004  -0.0439    0.247
    51   0.4178   2.2028   0.0000   0.4399   0.0551   0.0762   0.0106   0.1732   0.1732   0.0009   0.0000   0.0007  -0.0425    0.246
    52   0.4204   2.3268   0.0000   0.4298   0.0525   0.0721   0.0114   0.1677   0.1677   0.0009   0.0000   0.0011  -0.0408    0.243
    53   0.4228   2.4461   0.0000   0.4201   0.0487   0.0673   0.0125   0.1602   0.1602   0.0010   0.0000   0.0016  -0.0385    0.240
    54   0.4251   2.5580   0.0000   0.4110   0.0440   0.0617   0.0139   0.1503   0.1503   0.0010   0.0000   0.0021  -0.0355    0.236
    55   0.4272   2.6596   0.0000   0.4028   0.0384   0.0553   0.0156   0.1373   0.1373   0.0011   0.0000   0.0027  -0.0316    0.230
    56   0.4290   2.7483   0.0000   0.3956   0.0323   0.0477   0.0174   0.1206   0.1206   0.0011   0.0000   0.0034  -0.0268    0.222
    57   0.4306   2.8221   0.0000   0.3896   0.0256   0.0389   0.0192   0.0999   0.0999   0.0010   0.0000   0.0038  -0.0211    0.212
    58   0.4317   2.8791   0.0000   0.3849   0.0185   0.0289   0.0209   0.0750   0.0750   0.0009   0.0000   0.0038  -0.0149    0.199
    59   0.4325   2.9179   0.0000   0.3818   0.0112   0.0178   0.0221   0.0467   0.0467   0.0006   0.0000   0.0029  -0.0087    0.187
    60   0.4329   2.9375   0.0000   0.3802   0.0037   0.0060   0.0229   0.0158   0.0158   0.0003   0.0000   0.0011  -0.0028    0.178

  Surface # 4     main_wing_panel_1 (YDUP)                
     # Chordwise = 12   # Spanwise = 20     First strip = 61
     Surface area Ssurf =    0.712000     Ave. chord Cave =    0.445000

 Forces referred to Sref, Cref, Bref about Xref, Yref, Zref
 Standard axis orientation,  X fwd, Z down         
     CLsurf  =   0.04164     Clsurf  =   0.01435
     CYsurf  =  -0.00005     Cmsurf  =  -0.00224
     CDsurf  =   0.00023     Cnsurf  =  -0.00028
     CDisurf =   0.00023     CDvsurf =   0.00000

 Forces referred to Ssurf, Cave 
     CLsurf  =   0.16323     CDsurf  =   0.00091

 Strip Forces referred to Strip Area, Chord
    j     Xle      Yle      Zle      Chord    Area     c_cl     ai     cl_norm    cl       cd       cdv    cm_c/4     cm_LE   C.P.x/c
    61   0.4001  -1.3425   0.0000   0.5098   0.0050   0.0943   0.0102   0.1850   0.1850   0.0010   0.0000  -0.0006   0.0468    0.253
    62   0.4005  -1.3621   0.0000   0.5082   0.0149   0.0941   0.0100   0.1851   0.1851   0.0009   0.0000  -0.0006   0.0468    0.253
    63   0.4013  -1.4009   0.0000   0.5051   0.0243   0.0935   0.0098   0.1852   0.1852   0.0009   0.0000  -0.0005   0.0468    0.253
    64   0.4024  -1.4579   0.0000   0.5004   0.0328   0.0927   0.0097   0.1852   0.1852   0.0009   0.0000  -0.0005   0.0468    0.253
    65   0.4040  -1.5317   0.0000   0.4944   0.0403   0.0915   0.0095   0.1851   0.1851   0.0009   0.0000  -0.0004   0.0467    0.252
    66   0.4058  -1.6204   0.0000   0.4872   0.0465   0.0899   0.0094   0.1846   0.1846   0.0008   0.0000  -0.0003   0.0464    0.252
    67   0.4079  -1.7220   0.0000   0.4790   0.0513   0.0880   0.0094   0.1838   0.1838   0.0008   0.0000  -0.0002   0.0461    0.251
    68   0.4102  -1.8339   0.0000   0.4699   0.0545   0.0857   0.0095   0.1824   0.1824   0.0008   0.0000  -0.0000   0.0456    0.250
    69   0.4126  -1.9532   0.0000   0.4602   0.0562   0.0830   0.0097   0.1803   0.1803   0.0009   0.0000   0.0002   0.0449    0.249
    70   0.4152  -2.0772   0.0000   0.4501   0.0563   0.0798   0.0101   0.1773   0.1773   0.0009   0.0000   0.0004   0.0439    0.247
    71   0.4178  -2.2028   0.0000   0.4399   0.0551   0.0762   0.0106   0.1732   0.1732   0.0009   0.0000   0.0007   0.0425    0.246
    72   0.4204  -2.3268   0.0000   0.4298   0.0525   0.0721   0.0114   0.1677   0.1677   0.0009   0.0000   0.0011   0.0408    0.243
    73   0.4228  -2.4461   0.0000   0.4201   0.0487   0.0673   0.0125   0.1602   0.1602   0.0010   0.0000   0.0016   0.0385    0.240
    74   0.4251  -2.5580   0.0000   0.4110   0.0440   0.0617   0.0139   0.1503   0.1503   0.0010   0.0000   0.0021   0.0355    0.236
    75   0.4272  -2.6596   0.0000   0.4028   0.0384   0.0553   0.0156   0.1373   0.1373   0.0011   0.0000   0.0027   0.0316    0.230
    76   0.4290  -2.7483   0.0000   0.3956   0.0323   0.0477   0.0174   0.1206   0.1206   0.0011   0.0000   0.0034   0.0268    0.222
    77   0.4306  -2.8221   0.0000   0.3896   0.0256   0.0389   0.0192   0.0999   0.0999   0.0010   0.0000   0.0038   0.0211    0.212
    78   0.4317  -2.8791   0.0000   0.3849   0.0185   0.0289   0.0209   0.0750   0.0750   0.0009   0.0000   0.0038   0.0149    0.199
    79   0.4325  -2.9179   0.0000   0.3818   0.0112   0.0178   0.0221   0.0467   0.0467   0.0006   0.0000   0.0029   0.0087    0.187
    80   0.4329  -2.9375   0.0000   0.3802   0.0037   0.0060   0.0229   0.0158   0.0158   0.0003   0.0000   0.0011   0.0028    0.178

  Surface # 5     hstab_panel_0                           
     # Chordwise = 12   # Spanwise = 20     First strip = 81
     Surface area Ssurf =    0.201600     Ave. chord Cave =    0.360000

 Forces referred to Sref, Cref, Bref about Xref, Yref, Zref
 Standard axis orientation,  X fwd, Z down         
     CLsurf  =  -0.00199     Clsurf  =   0.00009
     CYsurf  =   0.00000     Cmsurf  =   0.00523
     CDsurf  =  -0.00001     Cnsurf  =  -0.00000
     CDisurf =  -0.00001     CDvsurf =   0.00000

 Forces referred to Ssurf, Cave 
     CLsurf  =  -0.02754     CDsurf  =  -0.00020

 Strip Forces referred to Strip Area, Chord
    j     Xle      Yle      Zle      Chord    Area     c_cl     ai     cl_norm    cl       cd       cdv    cm_c/4     cm_LE   C.P.x/c
    81   1.9000   0.0009   0.4500   0.3600   0.0012  -0.0103   0.0036  -0.0287  -0.0287  -0.0002   0.0000  -0.0185  -0.0113   -0.394
    82   1.9000   0.0077   0.4500   0.3600   0.0037  -0.0103   0.0036  -0.0287  -0.0287  -0.0002   0.0000  -0.0185  -0.0113   -0.394
    83   1.9000   0.0213   0.4500   0.3600   0.0061  -0.0103   0.0036  -0.0287  -0.0287  -0.0002   0.0000  -0.0185  -0.0113   -0.394
    84   1.9000   0.0413   0.4500   0.3600   0.0083  -0.0103   0.0036  -0.0287  -0.0287  -0.0002   0.0000  -0.0185  -0.0113   -0.394
    85   1.9000   0.0671   0.4500   0.3600   0.0103  -0.0103   0.0036  -0.0287  -0.0287  -0.0002   0.0000  -0.0185  -0.0113   -0.394
    86   1.9000   0.0982   0.4500   0.3600   0.0120  -0.0103   0.0036  -0.0286  -0.0286  -0.0002   0.0000  -0.0185  -0.0113   -0.395
    87   1.9000   0.1337   0.4500   0.3600   0.0135  -0.0103   0.0036  -0.0285  -0.0285  -0.0002   0.0000  -0.0185  -0.0113   -0.397
    88   1.9000   0.1728   0.4500   0.3600   0.0146  -0.0102   0.0036  -0.0284  -0.0284  -0.0002   0.0000  -0.0185  -0.0114   -0.400
    89   1.9000   0.2146   0.4500   0.3600   0.0154  -0.0102   0.0036  -0.0282  -0.0282  -0.0002   0.0000  -0.0184  -0.0114   -0.404
    90   1.9000   0.2580   0.4500   0.3600   0.0158  -0.0101   0.0037  -0.0279  -0.0279  -0.0002   0.0000  -0.0184  -0.0114   -0.409
    91   1.9000   0.3020   0.4500   0.3600   0.0158  -0.0099   0.0038  -0.0276  -0.0276  -0.0002   0.0000  -0.0183  -0.0114   -0.414
    92   1.9000   0.3454   0.4500   0.3600   0.0154  -0.0098   0.0039  -0.0272  -0.0272  -0.0002   0.0000  -0.0182  -0.0114   -0.420
    93   1.9000   0.3872   0.4500   0.3600   0.0146  -0.0096   0.0041  -0.0268  -0.0268  -0.0002   0.0000  -0.0180  -0.0113   -0.423
    94   1.9000   0.4263   0.4500   0.3600   0.0135  -0.0095   0.0045  -0.0264  -0.0264  -0.0002   0.0000  -0.0177  -0.0111   -0.422
    95   1.9000   0.4618   0.4500   0.3600   0.0120  -0.0094   0.0050  -0.0260  -0.0260  -0.0001   0.0000  -0.0172  -0.0107   -0.413
    96   1.9000   0.4929   0.4500   0.3600   0.0103  -0.0093   0.0058  -0.0258  -0.0258  -0.0001   0.0000  -0.0165  -0.0100   -0.389
    97   1.9000   0.5187   0.4500   0.3600   0.0083  -0.0093   0.0067  -0.0258  -0.0258  -0.0001   0.0000  -0.0154  -0.0090   -0.347
    98   1.9000   0.5387   0.4500   0.3600   0.0061  -0.0094   0.0076  -0.0262  -0.0262  -0.0000   0.0000  -0.0140  -0.0075   -0.284
    99   1.9000   0.5523   0.4500   0.3600   0.0037  -0.0097   0.0084  -0.0270  -0.0270  -0.0000   0.0000  -0.0123  -0.0055   -0.205
   100   1.9000   0.5591   0.4500   0.3600   0.0012  -0.0103   0.0089  -0.0285  -0.0285  -0.0024   0.0000  -0.0107  -0.0036   -0.125

  Surface # 6     hstab_panel_0 (YDUP)                    
     # Chordwise = 12   # Spanwise = 20     First strip =101
     Surface area Ssurf =    0.201600     Ave. chord Cave =    0.360000

 Forces referred to Sref, Cref, Bref about Xref, Yref, Zref
 Standard axis orientation,  X fwd, Z down         
     CLsurf  =  -0.00195     Clsurf  =  -0.00009
     CYsurf  =   0.00000     Cmsurf  =   0.00513
     CDsurf  =  -0.00001     Cnsurf  =   0.00000
     CDisurf =  -0.00001     CDvsurf =   0.00000

 Forces referred to Ssurf, Cave 
     CLsurf  =  -0.02704     CDsurf  =  -0.00018

 Strip Forces referred to Strip Area, Chord
    j     Xle      Yle      Zle      Chord    Area     c_cl     ai     cl_norm    cl       cd       cdv    cm_c/4     cm_LE   C.P.x/c
   101   1.9000  -0.0009   0.4500   0.3600   0.0012  -0.0103   0.0036  -0.0287  -0.0287  -0.0002   0.0000  -0.0185   0.0113   -0.394
   102   1.9000  -0.0077   0.4500   0.3600   0.0037  -0.0103   0.0036  -0.0287  -0.0287  -0.0002   0.0000  -0.0185   0.0113   -0.394
   103   1.9000  -0.0213   0.4500   0.3600   0.0061  -0.0103   0.0036  -0.0287  -0.0287  -0.0002   0.0000  -0.0185   0.0113   -0.395
   104   1.9000  -0.0413   0.4500   0.3600   0.0083  -0.0103   0.0036  -0.0286  -0.0286  -0.0002   0.0000  -0.0185   0.0113   -0.395
   105   1.9000  -0.0671   0.4500   0.3600   0.0103  -0.0103   0.0036  -0.0286  -0.0286  -0.0002   0.0000  -0.0185   0.0113   -0.397
   106   1.9000  -0.0982   0.4500   0.3600   0.0120  -0.0103   0.0036  -0.0285  -0.0285  -0.0002   0.0000  -0.0185   0.0114   -0.399
   107   1.9000  -0.1337   0.4500   0.3600   0.0135  -0.0102   0.0036  -0.0283  -0.0283  -0.0002   0.0000  -0.0185   0.0114   -0.402
   108   1.9000  -0.1728   0.4500   0.3600   0.0146  -0.0101   0.0036  -0.0281  -0.0281  -0.0002   0.0000  -0.0184   0.0114   -0.406
   109   1.9000  -0.2146   0.4500   0.3600   0.0154  -0.0100   0.0037  -0.0278  -0.0278  -0.0002   0.0000  -0.0184   0.0114   -0.411
   110   1.9000  -0.2580   0.4500   0.3600   0.0158  -0.0099   0.0037  -0.0275  -0.0275  -0.0002   0.0000  -0.0184   0.0115   -0.418
   111   1.9000  -0.3020   0.4500   0.3600   0.0158  -0.0097   0.0039  -0.0271  -0.0271  -0.0002   0.0000  -0.0183   0.0115   -0.424
   112   1.9000  -0.3454   0.4500   0.3600   0.0154  -0.0096   0.0040  -0.0266  -0.0266  -0.0002   0.0000  -0.0181   0.0114   -0.431
   113   1.9000  -0.3872   0.4500   0.3600   0.0146  -0.0094   0.0043  -0.0261  -0.0261  -0.0002   0.0000  -0.0178   0.0113   -0.434
   114   1.9000  -0.4263   0.4500   0.3600   0.0135  -0.0092   0.0047  -0.0255  -0.0255  -0.0001   0.0000  -0.0174   0.0110   -0.431
   115   1.9000  -0.4618   0.4500   0.3600   0.0120  -0.0090   0.0053  -0.0251  -0.0251  -0.0001   0.0000  -0.0167   0.0105   -0.416
   116   1.9000  -0.4929   0.4500   0.3600   0.0103  -0.0090   0.0060  -0.0249  -0.0249  -0.0001   0.0000  -0.0158   0.0096   -0.384
   117   1.9000  -0.5187   0.4500   0.3600   0.0083  -0.0090   0.0069  -0.0249  -0.0249  -0.0000   0.0000  -0.0145   0.0082   -0.331
   118   1.9000  -0.5387   0.4500   0.3600   0.0061  -0.0091   0.0078  -0.0253  -0.0253   0.0000   0.0000  -0.0128   0.0065   -0.256
   119   1.9000  -0.5523   0.4500   0.3600   0.0037  -0.0094   0.0086  -0.0261  -0.0261   0.0001   0.0000  -0.0109   0.0043   -0.167
   120   1.9000  -0.5591   0.4500   0.3600   0.0012  -0.0099   0.0090  -0.0274  -0.0274  -0.0017   0.0000  -0.0091   0.0022   -0.081

  Surface # 7     fin_panel_0                             
     # Chordwise = 12   # Spanwise = 20     First strip =121
     Surface area Ssurf =    0.135000     Ave. chord Cave =    0.300000

 Forces referred to Sref, Cref, Bref about Xref, Yref, Zref
 Standard axis orientation,  X fwd, Z down         
     CLsurf  =  -0.00000     Clsurf  =  -0.00004
     CYsurf  =  -0.00087     Cmsurf  =  -0.00000
     CDsurf  =  -0.00000     Cnsurf  =   0.00021
     CDisurf =  -0.00000     CDvsurf =   0.00000

 Forces referred to Ssurf, Cave 
     CLsurf  =  -0.01800     CDsurf  =  -0.00003

 Strip Forces referred to Strip Area, Chord
    j     Xle      Yle      Zle      Chord    Area     c_cl     ai     cl_norm    cl       cd       cdv    cm_c/4     cm_LE   C.P.x/c
   121   1.9000   0.5600   0.4493   0.3000   0.0008  -0.0105  -0.0300  -0.0349  -0.0349   0.0037   0.0000  -0.0125  -0.0038   -0.109
   122   1.9000   0.5600   0.4438   0.3000   0.0025  -0.0101  -0.0106  -0.0337  -0.0336  -0.0001   0.0000  -0.0105  -0.0021   -0.064
   123   1.9000   0.5600   0.4329   0.3000   0.0041  -0.0099  -0.0081  -0.0329  -0.0329  -0.0002   0.0000  -0.0085  -0.0002   -0.007
   124   1.9000   0.5600   0.4168   0.3000   0.0055  -0.0095  -0.0060  -0.0318  -0.0318  -0.0002   0.0000  -0.0065   0.0014    0.045
   125   1.9000   0.5600   0.3961   0.3000   0.0069  -0.0090  -0.0040  -0.0301  -0.0301  -0.0001   0.0000  -0.0049   0.0026    0.088
   126   1.9000   0.5600   0.3711   0.3000   0.0081  -0.0084  -0.0023  -0.0281  -0.0281  -0.0001   0.0000  -0.0037   0.0034    0.119
   127   1.9000   0.5600   0.3426   0.3000   0.0090  -0.0077  -0.0011  -0.0258  -0.0258  -0.0001   0.0000  -0.0028   0.0036    0.141
   128   1.9000   0.5600   0.3111   0.3000   0.0098  -0.0070  -0.0002  -0.0234  -0.0234  -0.0001   0.0000  -0.0022   0.0036    0.155
   129   1.9000   0.5600   0.2775   0.3000   0.0103  -0.0063   0.0004  -0.0210  -0.0210  -0.0001   0.0000  -0.0019   0.0034    0.160
   130   1.9000   0.5600   0.2427   0.3000   0.0106  -0.0056   0.0008  -0.0186  -0.0186  -0.0000   0.0000  -0.0017   0.0030    0.160
   131   1.9000   0.5600   0.2073   0.3000   0.0106  -0.0049   0.0010  -0.0164  -0.0164  -0.0000   0.0000  -0.0016   0.0025    0.153
   132   1.9000   0.5600   0.1725   0.3000   0.0103  -0.0043   0.0012  -0.0143  -0.0143  -0.0000   0.0000  -0.0015   0.0020    0.143
   133   1.9000   0.5600   0.1389   0.3000   0.0098  -0.0037   0.0013  -0.0123  -0.0123  -0.0000   0.0000  -0.0015   0.0016    0.127
   134   1.9000   0.5600   0.1074   0.3000   0.0090  -0.0031   0.0013  -0.0104  -0.0104  -0.0000   0.0000  -0.0015   0.0011    0.108
   135   1.9000   0.5600   0.0789   0.3000   0.0081  -0.0026   0.0014  -0.0086  -0.0086  -0.0000   0.0000  -0.0014   0.0007    0.085
   136   1.9000   0.5600   0.0539   0.3000   0.0069  -0.0021   0.0015  -0.0068  -0.0068  -0.0000   0.0000  -0.0013   0.0004    0.058
   137   1.9000   0.5600   0.0332   0.3000   0.0055  -0.0016   0.0018  -0.0052  -0.0052  -0.0000   0.0000  -0.0011   0.0002    0.031
   138   1.9000   0.5600   0.0171   0.3000   0.0041  -0.0011   0.0023  -0.0036  -0.0036  -0.0000   0.0000  -0.0009   0.0000    0.005
   139   1.9000   0.5600   0.0062   0.3000   0.0025  -0.0006   0.0031  -0.0022  -0.0022   0.0000   0.0000  -0.0006  -0.0000   -0.016
   140   1.9000   0.5600   0.0007   0.3000   0.0008  -0.0002   0.0017  -0.0007  -0.0007   0.0000   0.0000  -0.0002  -0.0000   -0.028

  Surface # 8     fin_panel_0                             
     # Chordwise = 12   # Spanwise = 20     First strip =141
     Surface area Ssurf =    0.135000     Ave. chord Cave =    0.300000

 Forces referred to Sref, Cref, Bref about Xref, Yref, Zref
 Standard axis orientation,  X fwd, Z down         
     CLsurf  =  -0.00000     Clsurf  =   0.00004
     CYsurf  =   0.00084     Cmsurf  =  -0.00000
     CDsurf  =  -0.00000     Cnsurf  =  -0.00021
     CDisurf =  -0.00000     CDvsurf =   0.00000

 Forces referred to Ssurf, Cave 
     CLsurf  =   0.01736     CDsurf  =  -0.00006

 Strip Forces referred to Strip Area, Chord
    j     Xle      Yle      Zle      Chord    Area     c_cl     ai     cl_norm    cl       cd       cdv    cm_c/4     cm_LE   C.P.x/c
   141   1.9000  -0.5600   0.4493   0.3000   0.0008   0.0101   0.0288   0.0336   0.0336   0.0026   0.0000   0.0101   0.0017   -0.050
   142   1.9000  -0.5600   0.4438   0.3000   0.0025   0.0098   0.0107   0.0326   0.0326  -0.0002   0.0000   0.0079  -0.0002    0.006
   143   1.9000  -0.5600   0.4329   0.3000   0.0041   0.0096   0.0082   0.0319   0.0319  -0.0003   0.0000   0.0056  -0.0024    0.074
   144   1.9000  -0.5600   0.4168   0.3000   0.0055   0.0093   0.0061   0.0308   0.0308  -0.0002   0.0000   0.0034  -0.0043    0.138
   145   1.9000  -0.5600   0.3961   0.3000   0.0069   0.0088   0.0039   0.0292   0.0292  -0.0002   0.0000   0.0017  -0.0056    0.193
   146   1.9000  -0.5600   0.3711   0.3000   0.0081   0.0081   0.0022   0.0271   0.0271  -0.0001   0.0000   0.0003  -0.0065    0.238
   147   1.9000  -0.5600   0.3426   0.3000   0.0090   0.0074   0.0009   0.0248   0.0248  -0.0001   0.0000  -0.0006  -0.0068    0.275
   148   1.9000  -0.5600   0.3111   0.3000   0.0098   0.0067  -0.0000   0.0224   0.0224  -0.0001   0.0000  -0.0012  -0.0068    0.305
   149   1.9000  -0.5600   0.2775   0.3000   0.0103   0.0060  -0.0007   0.0200   0.0200  -0.0001   0.0000  -0.0016  -0.0066    0.331
   150   1.9000  -0.5600   0.2427   0.3000   0.0106   0.0053  -0.0011   0.0178   0.0178  -0.0001   0.0000  -0.0018  -0.0063    0.352
   151   1.9000  -0.5600   0.2073   0.3000   0.0106   0.0047  -0.0013   0.0156   0.0156  -0.0000   0.0000  -0.0019  -0.0058    0.372
   152   1.9000  -0.5600   0.1725   0.3000   0.0103   0.0041  -0.0014   0.0136   0.0136  -0.0000   0.0000  -0.0019  -0.0053    0.391
   153   1.9000  -0.5600   0.1389   0.3000   0.0098   0.0035  -0.0014   0.0118   0.0118  -0.0000   0.0000  -0.0019  -0.0048    0.409
   154   1.9000  -0.5600   0.1074   0.3000   0.0090   0.0030  -0.0014   0.0101   0.0101  -0.0000   0.0000  -0.0018  -0.0043    0.428
   155   1.9000  -0.5600   0.0789   0.3000   0.0081   0.0025  -0.0013   0.0084   0.0084  -0.0000   0.0000  -0.0017  -0.0038    0.448
   156   1.9000  -0.5600   0.0539   0.3000   0.0069   0.0021  -0.0012   0.0068   0.0068  -0.0000   0.0000  -0.0015  -0.0032    0.467
   157   1.9000  -0.5600   0.0332   0.3000   0.0055   0.0016  -0.0012   0.0053   0.0053  -0.0000   0.0000  -0.0012  -0.0026    0.485
   158   1.9000  -0.5600   0.0171   0.3000   0.0041   0.0011  -0.0015   0.0038   0.0038  -0.0000   0.0000  -0.0009  -0.0019    0.500
   159   1.9000  -0.5600   0.0062   0.3000   0.0025   0.0007  -0.0022   0.0023   0.0023  -0.0000   0.0000  -0.0006  -0.0012    0.511
   160   1.9000  -0.5600   0.0007   0.3000   0.0008   0.0002  -0.0007   0.0008   0.0008  -0.0000   0.0000  -0.0002  -0.0004    0.517
 ---------------------------------------------------------------
