 ---------------------------------------------------------------
 Surface and Strip Forces by surface

  Sref =  2.7910       Cref = 0.47500       Bref =  5.8800    
  Xref = 0.50000       Yref =  0.0000       Zref =  0.0000    

  Surface # 1     main_wing_panel_0                       
     # Chordwise = 12   # Spanwise = 20     First strip =  1
     Surface area Ssurf =    0.683400     Ave. chord Cave =    0.510000

 Forces referred to Sref, Cref, Bref about Xref, Yref, Zref
 Standard axis orientation,  X fwd, Z down         
     CLsurf  =   0.10873     Clsurf  =  -0.01229
     CYsurf  =   0.00000     Cmsurf  =  -0.00438
     CDsurf  =   0.00099     Cnsurf  =  -0.00029
     CDisurf =   0.00099     CDvsurf =   0.00000

 Forces referred to Ssurf, Cave 
     CLsurf  =   0.44404     CDsurf  =   0.00404

 Strip Forces referred to Strip Area, Chord
    j     Xle      Yle      Zle      Chord    Area     c_cl     ai     cl_norm    cl       cd       cdv    cm_c/4     cm_LE   C.P.x/c
     1   0.4000   0.0021   0.0000   0.5100   0.0042   0.2299   0.0143   0.4508   0.4508   0.0037   0.0000   0.0072  -0.1055    0.234
     2   0.4000   0.0185   0.0000   0.5100   0.0125   0.2299   0.0143   0.4508   0.4508   0.0037   0.0000   0.0072  -0.1055    0.234
     3   0.4000   0.0510   0.0000   0.5100   0.0205   0.2299   0.0143   0.4508   0.4508   0.0037   0.0000   0.0072  -0.1055    0.234
     4   0.4000   0.0987   0.0000   0.5100   0.0280   0.2298   0.0143   0.4507   0.4507   0.0038   0.0000   0.0072  -0.1054    0.234
     5   0.4000   0.1605   0.0000   0.5100   0.0348   0.2297   0.0144   0.4506   0.4506   0.0038   0.0000   0.0072  -0.1054    0.234
     6   0.4000   0.2349   0.0000   0.5100   0.0408   0.2296   0.0145   0.4503   0.4503   0.0038   0.0000   0.0072  -0.1053    0.234
     7   0.4000   0.3199   0.0000   0.5100   0.0457   0.2294   0.0146   0.4499   0.4499   0.0038   0.0000   0.0072  -0.1052    0.234
     8   0.4000   0.4136   0.0000   0.5100   0.0495   0.2290   0.0147   0.4492   0.4492   0.0038   0.0000   0.0072  -0.1050    0.234
     9   0.4000   0.5136   0.0000   0.5100   0.0521   0.2285   0.0143   0.4482   0.4482   0.0039   0.0000   0.0072  -0.1048    0.234
    10   0.4000   0.6174   0.0000   0.5100   0.0535   0.2279   0.0189   0.4470   0.4470   0.0039   0.0000   0.0073  -0.1045    0.234
    11   0.4000   0.7226   0.0000   0.5100   0.0535   0.2271   0.0187   0.4455   0.4455   0.0040   0.0000   0.0073  -0.1041    0.234
    12   0.4000   0.8264   0.0000   0.5100   0.0521   0.2262   0.0190   0.4437   0.4437   0.0040   0.0000   0.0073  -0.1036    0.234
    13   0.4000   0.9264   0.0000   0.5100   0.0495   0.2251   0.0194   0.4416   0.4416   0.0041   0.0000   0.0073  -0.1030    0.233
    14   0.4000   1.0201   0.0000   0.5100   0.0457   0.2239   0.0198   0.4392   0.4392   0.0042   0.0000   0.0074  -0.1024    0.233
    15   0.4000   1.1051   0.0000   0.5100   0.0408   0.2227   0.0203   0.4367   0.4367   0.0043   0.0000   0.0074  -0.1018    0.233
    16   0.4000   1.1795   0.0000   0.5100   0.0348   0.2214   0.0208   0.4342   0.4342   0.0044   0.0000   0.0074  -0.1011    0.233
    17   0.4000   1.2413   0.0000   0.5100   0.0280   0.2202   0.0213   0.4319   0.4319   0.0045   0.0000   0.0074  -0.1005    0.233
    18   0.4000   1.2890   0.0000   0.5100   0.0205   0.2192   0.0218   0.4298   0.4298   0.0047   0.0000   0.0075  -0.1000    0.233
    19   0.4000   1.3215   0.0000   0.5100   0.0125   0.2184   0.0222   0.4283   0.4283   0.0048   0.0000   0.0075  -0.0996    0.233
    20   0.4000   1.3379   0.0000   0.5100   0.0042   0.2180   0.0225   0.4274   0.4274   0.0056   0.0000   0.0075  -0.0994    0.232

  Surface # 2     main_wing_panel_0 (YDUP)                
     # Chordwise = 12   # Spanwise = 20     First strip = 21
     Surface area Ssurf =    0.683400     Ave. chord Cave =    0.510000

 Forces referred to Sref, Cref, Bref about Xref, Yref, Zref
 Standard axis orientation,  X fwd, Z down         
     CLsurf  =   0.10873     Clsurf  =   0.01229
     CYsurf  =   0.00000     Cmsurf  =  -0.00438
     CDsurf  =   0.00099     Cnsurf  =   0.00029
     CDisurf =   0.00099     CDvsurf =   0.00000

 Forces referred to Ssurf, Cave 
     CLsurf  =   0.44404     CDsurf  =   0.00404

 Strip Forces referred to Strip Area, Chord
    j     Xle      Yle      Zle      Chord    Area     c_cl     ai     cl_norm    cl       cd       cdv    cm_c/4     cm_LE   C.P.x/c
    21   0.4000  -0.0021   0.0000   0.5100   0.0042   0.2299   0.0143   0.4508   0.4508   0.0037   0.0000   0.0072   0.1055    0.234
    22   0.4000  -0.0185   0.0000   0.5100   0.0125   0.2299   0.0143   0.4508   0.4508   0.0037   0.0000   0.0072   0.1055    0.234
    23   0.4000  -0.0510   0.0000   0.5100   0.0205   0.2299   0.0143   0.4508   0.4508   0.0037   0.0000   0.0072   0.1055    0.234
    24   0.4000  -0.0987   0.0000   0.5100   0.0280   0.2298   0.0144   0.4507   0.4507   0.0038   0.0000   0.0072   0.1054    0.234
    25   0.4000  -0.1605   0.0000   0.5100   0.0348   0.2297   0.0144   0.4506   0.4506   0.0038   0.0000   0.0072   0.1054    0.234
    26   0.4000  -0.2349   0.0000   0.5100   0.0408   0.2296   0.0145   0.4503   0.4503   0.0038   0.0000   0.0072   0.1053    0.234
    27   0.4000  -0.3199   0.0000   0.5100   0.0457   0.2294   0.0146   0.4499   0.4499   0.0038   0.0000   0.0072   0.1052    0.234
    28   0.4000  -0.4136   0.0000   0.5100   0.0495   0.2290   0.0147   0.4492   0.4492   0.0038   0.0000   0.0072   0.1050    0.234
    29   0.4000  -0.5136   0.0000   0.5100   0.0521   0.2285   0.0143   0.4482   0.4482   0.0039   0.0000   0.0072   0.1048    0.234
    30   0.4000  -0.6174   0.0000   0.5100   0.0535   0.2279   0.0189   0.4470   0.4470   0.0039   0.0000   0.0073   0.1045    0.234
    31   0.4000  -0.7226   0.0000   0.5100   0.0535   0.2271   0.0187   0.4455   0.4455   0.0040   0.0000   0.0073   0.1041    0.234
    32   0.4000  -0.8264   0.0000   0.5100   0.0521   0.2262   0.0190   0.4437   0.4437   0.0040   0.0000   0.0073   0.1036    0.234
    33   0.4000  -0.9264   0.0000   0.5100   0.0495   0.2251   0.0194   0.4416   0.4416   0.0041   0.0000   0.0073   0.1030    0.233
    34   0.4000  -1.0201   0.0000   0.5100   0.0457   0.2239   0.0198   0.4392   0.4392   0.0042   0.0000   0.0074   0.1024    0.233
    35   0.4000  -1.1051   0.0000   0.5100   0.0408   0.2227   0.0203   0.4367   0.4367   0.0043   0.0000   0.0074   0.1018    0.233
    36   0.4000  -1.1795   0.0000   0.5100   0.0348   0.2214   0.0208   0.4342   0.4342   0.0044   0.0000   0.0074   0.1011    0.233
    37   0.4000  -1.2413   0.0000   0.5100   0.0280   0.2202   0.0213   0.4319   0.4319   0.0045   0.0000   0.0074   0.1005    0.233
    38   0.4000  -1.2890   0.0000   0.5100   0.0205   0.2192   0.0218   0.4298   0.4298   0.0047   0.0000   0.0075   0.1000    0.233
    39   0.4000  -1.3215   0.0000   0.5100   0.0125   0.2184   0.0222   0.4283   0.4283   0.0048   0.0000   0.0075   0.0996    0.233
    40   0.4000  -1.3379   0.0000   0.5100   0.0042   0.2180   0.0225   0.4274   0.4274   0.0056   0.0000   0.0075   0.0994    0.232

  Surface # 3     main_wing_panel_1                       
     # Chordwise = 12   # Spanwise = 20     First strip = 41
     Surface area Ssurf =    0.712000     Ave. chord Cave =    0.445000

 Forces referred to Sref, Cref, Bref about Xref, Yref, Zref
 Standard axis orientation,  X fwd, Z down         
     CLsurf  =   0.09602     Clsurf  =  -0.03307
     CYsurf  =  -0.00009     Cmsurf  =  -0.00304
     CDsurf  =   0.00122     Cnsurf  =  -0.00063
     CDisurf =   0.00122     CDvsurf =   0.00000

 Forces referred to Ssurf, Cave 
     CLsurf  =   0.37641     CDsurf  =   0.00478

 Strip Forces referred to Strip Area, Chord
    j     Xle      Yle      Zle      Chord    Area     c_cl     ai     cl_norm    cl       cd       cdv    cm_c/4     cm_LE   C.P.x/c
    41   0.4001   1.3425   0.0000   0.5098   0.0050   0.2179   0.0225   0.4274   0.4274   0.0055   0.0000   0.0075  -0.0993    0.232
    42   0.4005   1.3621   0.0000   0.5082   0.0149   0.2173   0.0222   0.4277   0.4277   0.0048   0.0000   0.0076  -0.0993    0.232
    43   0.4013   1.4009   0.0000   0.5051   0.0243   0.2161   0.0219   0.4280   0.4280   0.0047   0.0000   0.0077  -0.0992    0.232
    44   0.4024   1.4579   0.0000   0.5004   0.0328   0.2142   0.0217   0.4281   0.4281   0.0046   0.0000   0.0079  -0.0990    0.231
    45   0.4040   1.5317   0.0000   0.4944   0.0403   0.2115   0.0215   0.4278   0.4278   0.0045   0.0000   0.0082  -0.0987    0.231
    46   0.4058   1.6204   0.0000   0.4872   0.0465   0.2079   0.0214   0.4268   0.4268   0.0045   0.0000   0.0086  -0.0981    0.230
    47   0.4079   1.7220   0.0000   0.4790   0.0513   0.2035   0.0215   0.4249   0.4249   0.0045   0.0000   0.0090  -0.0971    0.229
    48   0.4102   1.8339   0.0000   0.4699   0.0545   0.1981   0.0218   0.4218   0.4218   0.0045   0.0000   0.0096  -0.0959    0.227
    49   0.4126   1.9532   0.0000   0.4602   0.0562   0.1918   0.0223   0.4170   0.4170   0.0046   0.0000   0.0101  -0.0941    0.226
    50   0.4152   2.0772   0.0000   0.4501   0.0563   0.1845   0.0232   0.4100   0.4100   0.0047   0.0000   0.0108  -0.0917    0.224
    51   0.4178   2.2028   0.0000   0.4399   0.0551   0.1760   0.0245   0.4002   0.4002   0.0048   0.0000   0.0114  -0.0886    0.221
    52   0.4204   2.3268   0.0000   0.4298   0.0525   0.1662   0.0264   0.3868   0.3868   0.0050   0.0000   0.0122  -0.0845    0.219
    53   0.4228   2.4461   0.0000   0.4201   0.0487   0.1550   0.0287   0.3688   0.3688   0.0052   0.0000   0.0129  -0.0793    0.215
    54   0.4251   2.5580   0.0000   0.4110   0.0440   0.1418   0.0316   0.3451   0.3451   0.0054   0.0000   0.0136  -0.0726    0.211
    55   0.4272   2.6596   0.0000   0.4028   0.0384   0.1266   0.0350   0.3142   0.3142   0.0055   0.0000   0.0142  -0.0643    0.205
    56   0.4290   2.7483   0.0000   0.3956   0.0323   0.1088   0.0387   0.2750   0.2750   0.0054   0.0000   0.0145  -0.0542    0.197
    57   0.4306   2.8221   0.0000   0.3896   0.0256   0.0884   0.0422   0.2268   0.2268   0.0050   0.0000   0.0140  -0.0427    0.188
    58   0.4317   2.8791   0.0000   0.3849   0.0185   0.0654   0.0453   0.1698   0.1698   0.0042   0.0000   0.0122  -0.0302    0.178
    59   0.4325   2.9179   0.0000   0.3818   0.0112   0.0402   0.0476   0.1053   0.1053   0.0030   0.0000   0.0086  -0.0177    0.168
    60   0.4329   2.9375   0.0000   0.3802   0.0037   0.0136   0.0491   0.0357   0.0357   0.0012   0.0000   0.0032  -0.0058    0.162

  Surface # 4     main_wing_panel_1 (YDUP)                
     # Chordwise = 12   # Spanwise = 20     First strip = 61
     Surface area Ssurf =    0.712000     Ave. chord Cave =    0.445000

 Forces referred to Sref, Cref, Bref about Xref, Yref, Zref
 Standard axis orientation,  X fwd, Z down         
     CLsurf  =   0.09602     Clsurf  =   0.03307
     CYsurf  =   0.00009     Cmsurf  =  -0.00304
     CDsurf  =   0.00122     Cnsurf  =   0.00063
     CDisurf =   0.00122     CDvsurf =   0.00000

 Forces referred to Ssurf, Cave 
     CLsurf  =   0.37641     CDsurf  =   0.00478

 Strip Forces referred to Strip Area, Chord
    j     Xle      Yle      Zle      Chord    Area     c_cl     ai     cl_norm    cl       cd       cdv    cm_c/4     cm_LE   C.P.x/c
    61   0.4001  -1.3425   0.0000   0.5098   0.0050   0.2179   0.0225   0.4274   0.4274   0.0055   0.0000   0.0075   0.0993    0.232
    62   0.4005  -1.3621   0.0000   0.5082   0.0149   0.2173   0.0222   0.4277   0.4277   0.0048   0.0000   0.0076   0.0993    0.232
    63   0.4013  -1.4009   0.0000   0.5051   0.0243   0.2161   0.0219   0.4280   0.4280   0.0047   0.0000   0.0077   0.0992    0.232
    64   0.4024  -1.4579   0.0000   0.5004   0.0328   0.2142   0.0217   0.4281   0.4281   0.0046   0.0000   0.0079   0.0990    0.231
    65   0.4040  -1.5317   0.0000   0.4944   0.0403   0.2115   0.0215   0.4278   0.4278   0.0045   0.0000   0.0082   0.0987    0.231
    66   0.4058  -1.6204   0.0000   0.4872   0.0465   0.2079   0.0214   0.4268   0.4268   0.0045   0.0000   0.0086   0.0981    0.230
    67   0.4079  -1.7220   0.0000   0.4790   0.0513   0.2035   0.0215   0.4249   0.4249   0.0045   0.0000   0.0090   0.0971    0.229
    68   0.4102  -1.8339   0.0000   0.4699   0.0545   0.1981   0.0218   0.4218   0.4218   0.0045   0.0000   0.0096   0.0959    0.227
    69   0.4126  -1.9532   0.0000   0.4602   0.0562   0.1918   0.0223   0.4170   0.4170   0.0046   0.0000   0.0101   0.0941    0.226
    70   0.4152  -2.0772   0.0000   0.4501   0.0563   0.1845   0.0232   0.4100   0.4100   0.0047   0.0000   0.0108   0.0917    0.224
    71   0.4178  -2.2028   0.0000   0.4399   0.0551   0.1760   0.0245   0.4002   0.4002   0.0048   0.0000   0.0114   0.0886    0.221
    72   0.4204  -2.3268   0.0000   0.4298   0.0525   0.1662   0.0264   0.3868   0.3868   0.0050   0.0000   0.0122   0.0845    0.219
    73   0.4228  -2.4461   0.0000   0.4201   0.0487   0.1550   0.0287   0.3688   0.3688   0.0052   0.0000   0.0129   0.0793    0.215
    74   0.4251  -2.5580   0.0000   0.4110   0.0440   0.1418   0.0316   0.3451   0.3451   0.0054   0.0000   0.0136   0.0726    0.211
    75   0.4272  -2.6596   0.0000   0.4028   0.0384   0.1266   0.0350   0.3142   0.3142   0.0055   0.0000   0.0142   0.0643    0.205
    76   0.4290  -2.7483   0.0000   0.3956   0.0323   0.1088   0.0387   0.2750   0.2750   0.0054   0.0000   0.0145   0.0542    0.197
    77   0.4306  -2.8221   0.0000   0.3896   0.0256   0.0884   0.0422   0.2268   0.2268   0.0050   0.0000   0.0140   0.0427    0.188
    78   0.4317  -2.8791   0.0000   0.3849   0.0185   0.0654   0.0453   0.1698   0.1698   0.0042   0.0000   0.0122   0.0302    0.178
    79   0.4325  -2.9179   0.0000   0.3818   0.0112   0.0402   0.0476   0.1053   0.1053   0.0030   0.0000   0.0086   0.0177    0.168
    80   0.4329  -2.9375   0.0000   0.3802   0.0037   0.0136   0.0491   0.0357   0.0357   0.0012   0.0000   0.0032   0.0058    0.162

  Surface # 5     hstab_panel_0                           
     # Chordwise = 12   # Spanwise = 20     First strip = 81
     Surface area Ssurf =    0.201600     Ave. chord Cave =    0.360000

 Forces referred to Sref, Cref, Bref about Xref, Yref, Zref
 Standard axis orientation,  X fwd, Z down         
     CLsurf  =  -0.00207     Clsurf  =   0.00009
     CYsurf  =  -0.00000     Cmsurf  =   0.00742
     CDsurf  =  -0.00004     Cnsurf  =   0.00000
     CDisurf =  -0.00004     CDvsurf =   0.00000

 Forces referred to Ssurf, Cave 
     CLsurf  =  -0.02862     CDsurf  =  -0.00052

 Strip Forces referred to Strip Area, Chord
    j     Xle      Yle      Zle      Chord    Area     c_cl     ai     cl_norm    cl       cd       cdv    cm_c/4     cm_LE   C.P.x/c
    81   1.9000   0.0009   0.4500   0.3600   0.0012  -0.0109   0.0118  -0.0304  -0.0304  -0.0006   0.0000   0.0177   0.0253    0.831
    82   1.9000   0.0077   0.4500   0.3600   0.0037  -0.0109   0.0118  -0.0304  -0.0304  -0.0006   0.0000   0.0177   0.0253    0.831
    83   1.9000   0.0213   0.4500   0.3600   0.0061  -0.0109   0.0118  -0.0304  -0.0304  -0.0006   0.0000   0.0176   0.0253    0.831
    84   1.9000   0.0413   0.4500   0.3600   0.0083  -0.0109   0.0118  -0.0304  -0.0304  -0.0006   0.0000   0.0176   0.0252    0.831
    85   1.9000   0.0671   0.4500   0.3600   0.0103  -0.0109   0.0118  -0.0304  -0.0304  -0.0006   0.0000   0.0176   0.0252    0.831
    86   1.9000   0.0982   0.4500   0.3600   0.0120  -0.0109   0.0118  -0.0303  -0.0303  -0.0006   0.0000   0.0176   0.0252    0.831
    87   1.9000   0.1337   0.4500   0.3600   0.0135  -0.0109   0.0117  -0.0303  -0.0303  -0.0006   0.0000   0.0176   0.0252    0.832
    88   1.9000   0.1728   0.4500   0.3600   0.0146  -0.0109   0.0116  -0.0302  -0.0302  -0.0006   0.0000   0.0176   0.0251    0.833
    89   1.9000   0.2146   0.4500   0.3600   0.0154  -0.0108   0.0115  -0.0300  -0.0300  -0.0006   0.0000   0.0175   0.0250    0.834
    90   1.9000   0.2580   0.4500   0.3600   0.0158  -0.0107   0.0113  -0.0298  -0.0298  -0.0005   0.0000   0.0175   0.0249    0.835
    91   1.9000   0.3020   0.4500   0.3600   0.0158  -0.0106   0.0110  -0.0295  -0.0295  -0.0005   0.0000   0.0173   0.0247    0.837
    92   1.9000   0.3454   0.4500   0.3600   0.0154  -0.0105   0.0107  -0.0292  -0.0292  -0.0005   0.0000   0.0172   0.0245    0.838
    93   1.9000   0.3872   0.4500   0.3600   0.0146  -0.0103   0.0102  -0.0287  -0.0287  -0.0005   0.0000   0.0169   0.0240    0.839
    94   1.9000   0.4263   0.4500   0.3600   0.0135  -0.0101   0.0095  -0.0280  -0.0280  -0.0005   0.0000   0.0165   0.0234    0.838
    95   1.9000   0.4618   0.4500   0.3600   0.0120  -0.0097   0.0086  -0.0270  -0.0270  -0.0005   0.0000   0.0158   0.0226    0.835
    96   1.9000   0.4929   0.4500   0.3600   0.0103  -0.0093   0.0074  -0.0258  -0.0258  -0.0005   0.0000   0.0149   0.0213    0.829
    97   1.9000   0.5187   0.4500   0.3600   0.0083  -0.0087   0.0061  -0.0241  -0.0241  -0.0004   0.0000   0.0136   0.0197    0.817
    98   1.9000   0.5387   0.4500   0.3600   0.0061  -0.0079   0.0048  -0.0220  -0.0220  -0.0004   0.0000   0.0120   0.0175    0.798
    99   1.9000   0.5523   0.4500   0.3600   0.0037  -0.0070   0.0036  -0.0195  -0.0195  -0.0004   0.0000   0.0102   0.0151    0.771
   100   1.9000   0.5591   0.4500   0.3600   0.0012  -0.0061   0.0030  -0.0170  -0.0170  -0.0001   0.0000   0.0083   0.0125    0.736

  Surface # 6     hstab_panel_0 (YDUP)                    
     # Chordwise = 12   # Spanwise = 20     First strip =101
     Surface area Ssurf =    0.201600     Ave. chord Cave =    0.360000

 Forces referred to Sref, Cref, Bref about Xref, Yref, Zref
 Standard axis orientation,  X fwd, Z down         
     CLsurf  =  -0.00206     Clsurf  =  -0.00009
     CYsurf  =   0.00000     Cmsurf  =   0.00741
     CDsurf  =  -0.00004     Cnsurf  =  -0.00000
     CDisurf =  -0.00004     CDvsurf =   0.00000

 Forces referred to Ssurf, Cave 
     CLsurf  =  -0.02853     CDsurf  =  -0.00052

 Strip Forces referred to Strip Area, Chord
    j     Xle      Yle      Zle      Chord    Area     c_cl     ai     cl_norm    cl       cd       cdv    cm_c/4     cm_LE   C.P.x/c
   101   1.9000  -0.0009   0.4500   0.3600   0.0012  -0.0109   0.0118  -0.0304  -0.0304  -0.0006   0.0000   0.0177  -0.0253    0.831
   102   1.9000  -0.0077   0.4500   0.3600   0.0037  -0.0109   0.0118  -0.0304  -0.0304  -0.0006   0.0000   0.0177  -0.0253    0.831
   103   1.9000  -0.0213   0.4500   0.3600   0.0061  -0.0109   0.0118  -0.0304  -0.0304  -0.0006   0.0000   0.0176  -0.0252    0.831
   104   1.9000  -0.0413   0.4500   0.3600   0.0083  -0.0109   0.0118  -0.0304  -0.0304  -0.0006   0.0000   0.0176  -0.0252    0.831
   105   1.9000  -0.0671   0.4500   0.3600   0.0103  -0.0109   0.0118  -0.0304  -0.0304  -0.0006   0.0000   0.0176  -0.0252    0.831
   106   1.9000  -0.0982   0.4500   0.3600   0.0120  -0.0109   0.0118  -0.0303  -0.0303  -0.0006   0.0000   0.0176  -0.0252    0.832
   107   1.9000  -0.1337   0.4500   0.3600   0.0135  -0.0109   0.0117  -0.0302  -0.0302  -0.0006   0.0000   0.0176  -0.0252    0.832
   108   1.9000  -0.1728   0.4500   0.3600   0.0146  -0.0108   0.0116  -0.0301  -0.0301  -0.0006   0.0000   0.0176  -0.0251    0.834
   109   1.9000  -0.2146   0.4500   0.3600   0.0154  -0.0108   0.0115  -0.0300  -0.0300  -0.0006   0.0000   0.0175  -0.0250    0.835
   110   1.9000  -0.2580   0.4500   0.3600   0.0158  -0.0107   0.0113  -0.0297  -0.0297  -0.0005   0.0000   0.0175  -0.0249    0.837
   111   1.9000  -0.3020   0.4500   0.3600   0.0158  -0.0106   0.0111  -0.0295  -0.0295  -0.0005   0.0000   0.0174  -0.0247    0.839
   112   1.9000  -0.3454   0.4500   0.3600   0.0154  -0.0105   0.0107  -0.0291  -0.0291  -0.0005   0.0000   0.0172  -0.0244    0.841
   113   1.9000  -0.3872   0.4500   0.3600   0.0146  -0.0103   0.0102  -0.0285  -0.0285  -0.0005   0.0000   0.0169  -0.0240    0.843
   114   1.9000  -0.4263   0.4500   0.3600   0.0135  -0.0100   0.0095  -0.0278  -0.0278  -0.0005   0.0000   0.0165  -0.0235    0.843
   115   1.9000  -0.4618   0.4500   0.3600   0.0120  -0.0097   0.0086  -0.0269  -0.0269  -0.0005   0.0000   0.0159  -0.0226    0.842
   116   1.9000  -0.4929   0.4500   0.3600   0.0103  -0.0092   0.0075  -0.0256  -0.0256  -0.0005   0.0000   0.0150  -0.0214    0.837
   117   1.9000  -0.5187   0.4500   0.3600   0.0083  -0.0086   0.0061  -0.0239  -0.0239  -0.0004   0.0000   0.0138  -0.0198    0.827
   118   1.9000  -0.5387   0.4500   0.3600   0.0061  -0.0079   0.0048  -0.0218  -0.0218  -0.0004   0.0000   0.0122  -0.0177    0.811
   119   1.9000  -0.5523   0.4500   0.3600   0.0037  -0.0070   0.0037  -0.0194  -0.0194  -0.0004   0.0000   0.0104  -0.0153    0.787
   120   1.9000  -0.5591   0.4500   0.3600   0.0012  -0.0061   0.0030  -0.0168  -0.0168  -0.0001   0.0000   0.0085  -0.0127    0.756

  Surface # 7     fin_panel_0                             
     # Chordwise = 12   # Spanwise = 20     First strip =121
     Surface area Ssurf =    0.135000     Ave. chord Cave =    0.300000

 Forces referred to Sref, Cref, Bref about Xref, Yref, Zref
 Standard axis orientation,  X fwd, Z down         
     CLsurf  =   0.00000     Clsurf  =  -0.00002
     CYsurf  =  -0.00042     Cmsurf  =  -0.00000
     CDsurf  =  -0.00000     Cnsurf  =   0.00011
     CDisurf =  -0.00000     CDvsurf =   0.00000

 Forces referred to Ssurf, Cave 
     CLsurf  =  -0.00869     CDsurf  =  -0.00001

 Strip Forces referred to Strip Area, Chord
    j     Xle      Yle      Zle      Chord    Area     c_cl     ai     cl_norm    cl       cd       cdv    cm_c/4     cm_LE   C.P.x/c
   121   1.9000   0.5600   0.4493   0.3000   0.0008  -0.0056   0.0406  -0.0188  -0.0187  -0.0006   0.0000   0.0115   0.0162    0.864
   122   1.9000   0.5600   0.4438   0.3000   0.0025  -0.0053   0.0163  -0.0175  -0.0175  -0.0000   0.0000   0.0099   0.0143    0.815
   123   1.9000   0.5600   0.4329   0.3000   0.0041  -0.0047   0.0133  -0.0158  -0.0158  -0.0000   0.0000   0.0079   0.0118    0.749
   124   1.9000   0.5600   0.4168   0.3000   0.0055  -0.0043   0.0111  -0.0143  -0.0143  -0.0000   0.0000   0.0060   0.0096    0.670
   125   1.9000   0.5600   0.3961   0.3000   0.0069  -0.0039   0.0090  -0.0130  -0.0130  -0.0000   0.0000   0.0044   0.0077    0.589
   126   1.9000   0.5600   0.3711   0.3000   0.0081  -0.0036   0.0074  -0.0120  -0.0120  -0.0000   0.0000   0.0032   0.0062    0.512
   127   1.9000   0.5600   0.3426   0.3000   0.0090  -0.0034   0.0061  -0.0113  -0.0112  -0.0000   0.0000   0.0022   0.0050    0.446
   128   1.9000   0.5600   0.3111   0.3000   0.0098  -0.0032   0.0051  -0.0106  -0.0105  -0.0000   0.0000   0.0015   0.0041    0.392
   129   1.9000   0.5600   0.2775   0.3000   0.0103  -0.0030   0.0043  -0.0099  -0.0099  -0.0000   0.0000   0.0010   0.0035    0.351
   130   1.9000   0.5600   0.2427   0.3000   0.0106  -0.0028   0.0037  -0.0092  -0.0092  -0.0000   0.0000   0.0006   0.0029    0.320
   131   1.9000   0.5600   0.2073   0.3000   0.0106  -0.0025   0.0033  -0.0085  -0.0085  -0.0000   0.0000   0.0004   0.0025    0.297
   132   1.9000   0.5600   0.1725   0.3000   0.0103  -0.0023   0.0030  -0.0077  -0.0077  -0.0000   0.0000   0.0002   0.0021    0.279
   133   1.9000   0.5600   0.1389   0.3000   0.0098  -0.0020   0.0027  -0.0068  -0.0068  -0.0000   0.0000   0.0001   0.0018    0.265
   134   1.9000   0.5600   0.1074   0.3000   0.0090  -0.0018   0.0026  -0.0059  -0.0059  -0.0000   0.0000   0.0000   0.0015    0.253
   135   1.9000   0.5600   0.0789   0.3000   0.0081  -0.0015   0.0026  -0.0049  -0.0049  -0.0000   0.0000  -0.0000   0.0012    0.244
   136   1.9000   0.5600   0.0539   0.3000   0.0069  -0.0012   0.0027  -0.0039  -0.0039  -0.0000   0.0000  -0.0001   0.0009    0.236
   137   1.9000   0.5600   0.0332   0.3000   0.0055  -0.0009   0.0031  -0.0030  -0.0030  -0.0000   0.0000  -0.0001   0.0007    0.229
   138   1.9000   0.5600   0.0171   0.3000   0.0041  -0.0006   0.0041  -0.0021  -0.0021  -0.0000   0.0000  -0.0001   0.0005    0.224
   139   1.9000   0.5600   0.0062   0.3000   0.0025  -0.0004   0.0061  -0.0012  -0.0012  -0.0000   0.0000  -0.0000   0.0003    0.220
   140   1.9000   0.5600   0.0007   0.3000   0.0008  -0.0001   0.0026  -0.0004  -0.0004  -0.0000   0.0000  -0.0000   0.0001    0.218

  Surface # 8     fin_panel_0                             
     # Chordwise = 12   # Spanwise = 20     First strip =141
     Surface area Ssurf =    0.135000     Ave. chord Cave =    0.300000

 Forces referred to Sref, Cref, Bref about Xref, Yref, Zref
 Standard axis orientation,  X fwd, Z down         
     CLsurf  =   0.00000     Clsurf  =   0.00002
     CYsurf  =   0.00042     Cmsurf  =  -0.00000
     CDsurf  =  -0.00000     Cnsurf  =  -0.00011
     CDisurf =  -0.00000     CDvsurf =   0.00000

 Forces referred to Ssurf, Cave 
     CLsurf  =   0.00858     CDsurf  =  -0.00001

 Strip Forces referred to Strip Area, Chord
    j     Xle      Yle      Zle      Chord    Area     c_cl     ai     cl_norm    cl       cd       cdv    cm_c/4     cm_LE   C.P.x/c
   141   1.9000  -0.5600   0.4493   0.3000   0.0008   0.0056  -0.0408   0.0186   0.0186  -0.0005   0.0000  -0.0119  -0.0166    0.891
   142   1.9000  -0.5600   0.4438   0.3000   0.0025   0.0052  -0.0163   0.0174   0.0174  -0.0000   0.0000  -0.0103  -0.0147    0.846
   143   1.9000  -0.5600   0.4329   0.3000   0.0041   0.0047  -0.0133   0.0157   0.0156  -0.0000   0.0000  -0.0084  -0.0123    0.785
   144   1.9000  -0.5600   0.4168   0.3000   0.0055   0.0042  -0.0111   0.0141   0.0141  -0.0000   0.0000  -0.0065  -0.0100    0.712
   145   1.9000  -0.5600   0.3961   0.3000   0.0069   0.0039  -0.0090   0.0129   0.0129  -0.0000   0.0000  -0.0050  -0.0082    0.636
   146   1.9000  -0.5600   0.3711   0.3000   0.0081   0.0036  -0.0074   0.0119   0.0119  -0.0000   0.0000  -0.0037  -0.0067    0.564
   147   1.9000  -0.5600   0.3426   0.3000   0.0090   0.0033  -0.0061   0.0111   0.0111  -0.0000   0.0000  -0.0028  -0.0056    0.502
   148   1.9000  -0.5600   0.3111   0.3000   0.0098   0.0031  -0.0051   0.0104   0.0104  -0.0000   0.0000  -0.0021  -0.0047    0.452
   149   1.9000  -0.5600   0.2775   0.3000   0.0103   0.0029  -0.0044   0.0097   0.0097  -0.0000   0.0000  -0.0016  -0.0040    0.415
   150   1.9000  -0.5600   0.2427   0.3000   0.0106   0.0027  -0.0038   0.0090   0.0090  -0.0000   0.0000  -0.0012  -0.0035    0.388
   151   1.9000  -0.5600   0.2073   0.3000   0.0106   0.0025  -0.0033   0.0083   0.0083  -0.0000   0.0000  -0.0010  -0.0031    0.370
   152   1.9000  -0.5600   0.1725   0.3000   0.0103   0.0023  -0.0030   0.0075   0.0075  -0.0000   0.0000  -0.0008  -0.0027    0.358
   153   1.9000  -0.5600   0.1389   0.3000   0.0098   0.0020  -0.0028   0.0067   0.0067  -0.0000   0.0000  -0.0007  -0.0024    0.352
   154   1.9000  -0.5600   0.1074   0.3000   0.0090   0.0017  -0.0026   0.0058   0.0058  -0.0000   0.0000  -0.0006  -0.0020    0.351
   155   1.9000  -0.5600   0.0789   0.3000   0.0081   0.0015  -0.0026   0.0049   0.0049  -0.0000   0.0000  -0.0005  -0.0017    0.353
   156   1.9000  -0.5600   0.0539   0.3000   0.0069   0.0012  -0.0026   0.0039   0.0039  -0.0000   0.0000  -0.0004  -0.0014    0.359
   157   1.9000  -0.5600   0.0332   0.3000   0.0055   0.0009  -0.0030   0.0030   0.0030  -0.0000   0.0000  -0.0003  -0.0011    0.367
   158   1.9000  -0.5600   0.0171   0.3000   0.0041   0.0006  -0.0040   0.0021   0.0021  -0.0000   0.0000  -0.0003  -0.0008    0.375
   159   1.9000  -0.5600   0.0062   0.3000   0.0025   0.0004  -0.0059   0.0012   0.0012  -0.0000   0.0000  -0.0002  -0.0005    0.382
   160   1.9000  -0.5600   0.0007   0.3000   0.0008   0.0001  -0.0024   0.0004   0.0004  -0.0000   0.0000  -0.0001  -0.0002    0.386
 ---------------------------------------------------------------
