 ---------------------------------------------------------------
 Surface and Strip Forces by surface

  Sref =  1.7740       Cref = 0.39400       Bref =  4.5000    
  Xref = 0.50000       Yref =  0.0000       Zref =  0.0000    

  Surface # 1     main_wing_panel_0                       
     # Chordwise = 12   # Spanwise = 20     First strip =  1
     Surface area Ssurf =    0.434600     Ave. chord Cave =    0.410000

 Forces referred to Sref, Cref, Bref about Xref, Yref, Zref
 Standard axis orientation,  X fwd, Z down         
     CLsurf  =   0.11361     Clsurf  =  -0.01327
     CYsurf  =  -0.00000     Cmsurf  =   0.00175
     CDsurf  =   0.00109     Cnsurf  =  -0.00035
     CDisurf =   0.00109     CDvsurf =   0.00000

 Forces referred to Ssurf, Cave 
     CLsurf  =   0.46373     CDsurf  =   0.00446

 Strip Forces referred to Strip Area, Chord
    j     Xle      Yle      Zle      Chord    Area     c_cl     ai     cl_norm    cl       cd       cdv    cm_c/4     cm_LE   C.P.x/c
     1   0.4000   0.0016   0.0000   0.4100   0.0027   0.1930   0.0187   0.4709   0.4709   0.0042   0.0000   0.0096  -0.1080    0.230
     2   0.4000   0.0146   0.0000   0.4100   0.0080   0.1930   0.0187   0.4709   0.4709   0.0042   0.0000   0.0096  -0.1080    0.230
     3   0.4000   0.0403   0.0000   0.4100   0.0130   0.1930   0.0187   0.4709   0.4709   0.0042   0.0000   0.0096  -0.1080    0.230
     4   0.4000   0.0781   0.0000   0.4100   0.0178   0.1930   0.0187   0.4708   0.4708   0.0042   0.0000   0.0096  -0.1080    0.230
     5   0.4000   0.1270   0.0000   0.4100   0.0221   0.1929   0.0188   0.4706   0.4706   0.0042   0.0000   0.0096  -0.1080    0.230
     6   0.4000   0.1858   0.0000   0.4100   0.0259   0.1928   0.0188   0.4703   0.4703   0.0042   0.0000   0.0096  -0.1079    0.230
     7   0.4000   0.2531   0.0000   0.4100   0.0291   0.1926   0.0188   0.4698   0.4698   0.0042   0.0000   0.0096  -0.1078    0.229
     8   0.4000   0.3272   0.0000   0.4100   0.0315   0.1923   0.0189   0.4691   0.4691   0.0042   0.0000   0.0096  -0.1076    0.229
     9   0.4000   0.4063   0.0000   0.4100   0.0332   0.1919   0.0189   0.4681   0.4681   0.0043   0.0000   0.0096  -0.1073    0.229
    10   0.4000   0.4884   0.0000   0.4100   0.0340   0.1913   0.0189   0.4668   0.4668   0.0043   0.0000   0.0097  -0.1070    0.229
    11   0.4000   0.5716   0.0000   0.4100   0.0340   0.1907   0.0194   0.4652   0.4652   0.0044   0.0000   0.0097  -0.1066    0.229
    12   0.4000   0.6537   0.0000   0.4100   0.0332   0.1899   0.0195   0.4633   0.4633   0.0045   0.0000   0.0097  -0.1061    0.229
    13   0.4000   0.7328   0.0000   0.4100   0.0315   0.1890   0.0198   0.4610   0.4610   0.0046   0.0000   0.0097  -0.1055    0.229
    14   0.4000   0.8069   0.0000   0.4100   0.0291   0.1880   0.0203   0.4586   0.4586   0.0047   0.0000   0.0097  -0.1049    0.229
    15   0.4000   0.8742   0.0000   0.4100   0.0259   0.1869   0.0208   0.4560   0.4560   0.0048   0.0000   0.0097  -0.1042    0.229
    16   0.4000   0.9330   0.0000   0.4100   0.0221   0.1859   0.0213   0.4535   0.4535   0.0049   0.0000   0.0098  -0.1036    0.228
    17   0.4000   0.9819   0.0000   0.4100   0.0178   0.1849   0.0219   0.4511   0.4511   0.0050   0.0000   0.0098  -0.1030    0.228
    18   0.4000   1.0197   0.0000   0.4100   0.0130   0.1841   0.0224   0.4490   0.4490   0.0051   0.0000   0.0098  -0.1024    0.228
    19   0.4000   1.0454   0.0000   0.4100   0.0080   0.1834   0.0227   0.4475   0.4475   0.0052   0.0000   0.0098  -0.1020    0.228
    20   0.4000   1.0584   0.0000   0.4100   0.0027   0.1831   0.0230   0.4467   0.4467   0.0058   0.0000   0.0098  -0.1018    0.228

  Surface # 2     main_wing_panel_0 (YDUP)                
     # Chordwise = 12   # Spanwise = 20     First strip = 21
     Surface area Ssurf =    0.434600     Ave. chord Cave =    0.410000

 Forces referred to Sref, Cref, Bref about Xref, Yref, Zref
 Standard axis orientation,  X fwd, Z down         
     CLsurf  =   0.11361     Clsurf  =   0.01327
     CYsurf  =   0.00000     Cmsurf  =   0.00175
     CDsurf  =   0.00109     Cnsurf  =   0.00035
     CDisurf =   0.00109     CDvsurf =   0.00000

 Forces referred to Ssurf, Cave 
     CLsurf  =   0.46373     CDsurf  =   0.00446

 Strip Forces referred to Strip Area, Chord
    j     Xle      Yle      Zle      Chord    Area     c_cl     ai     cl_norm    cl       cd       cdv    cm_c/4     cm_LE   C.P.x/c
    21   0.4000  -0.0016   0.0000   0.4100   0.0027   0.1930   0.0187   0.4709   0.4709   0.0042   0.0000   0.0096   0.1080    0.230
    22   0.4000  -0.0146   0.0000   0.4100   0.0080   0.1930   0.0187   0.4709   0.4709   0.0042   0.0000   0.0096   0.1080    0.230
    23   0.4000  -0.0403   0.0000   0.4100   0.0130   0.1930   0.0187   0.4709   0.4709   0.0042   0.0000   0.0096   0.1080    0.230
    24   0.4000  -0.0781   0.0000   0.4100   0.0178   0.1930   0.0187   0.4708   0.4708   0.0042   0.0000   0.0096   0.1080    0.230
    25   0.4000  -0.1270   0.0000   0.4100   0.0221   0.1929   0.0188   0.4706   0.4706   0.0042   0.0000   0.0096   0.1080    0.230
    26   0.4000  -0.1858   0.0000   0.4100   0.0259   0.1928   0.0188   0.4703   0.4703   0.0042   0.0000   0.0096   0.1079    0.230
    27   0.4000  -0.2531   0.0000   0.4100   0.0291   0.1926   0.0188   0.4698   0.4698   0.0042   0.0000   0.0096   0.1078    0.229
    28   0.4000  -0.3272   0.0000   0.4100   0.0315   0.1923   0.0188   0.4691   0.4691   0.0042   0.0000   0.0096   0.1076    0.229
    29   0.4000  -0.4063   0.0000   0.4100   0.0332   0.1919   0.0189   0.4681   0.4681   0.0043   0.0000   0.0096   0.1073    0.229
    30   0.4000  -0.4884   0.0000   0.4100   0.0340   0.1913   0.0189   0.4668   0.4668   0.0043   0.0000   0.0097   0.1070    0.229
    31   0.4000  -0.5716   0.0000   0.4100   0.0340   0.1907   0.0193   0.4652   0.4652   0.0044   0.0000   0.0097   0.1066    0.229
    32   0.4000  -0.6537   0.0000   0.4100   0.0332   0.1899   0.0195   0.4633   0.4633   0.0045   0.0000   0.0097   0.1061    0.229
    33   0.4000  -0.7328   0.0000   0.4100   0.0315   0.1890   0.0198   0.4610   0.4610   0.0046   0.0000   0.0097   0.1055    0.229
    34   0.4000  -0.8069   0.0000   0.4100   0.0291   0.1880   0.0203   0.4586   0.4586   0.0047   0.0000   0.0097   0.1049    0.229
    35   0.4000  -0.8742   0.0000   0.4100   0.0259   0.1869   0.0208   0.4560   0.4560   0.0048   0.0000   0.0097   0.1042    0.229
    36   0.4000  -0.9330   0.0000   0.4100   0.0221   0.1859   0.0214   0.4535   0.4535   0.0049   0.0000   0.0098   0.1036    0.228
    37   0.4000  -0.9819   0.0000   0.4100   0.0178   0.1849   0.0219   0.4511   0.4511   0.0050   0.0000   0.0098   0.1030    0.228
    38   0.4000  -1.0197   0.0000   0.4100   0.0130   0.1841   0.0224   0.4490   0.4490   0.0051   0.0000   0.0098   0.1024    0.228
    39   0.4000  -1.0454   0.0000   0.4100   0.0080   0.1834   0.0228   0.4475   0.4475   0.0052   0.0000   0.0098   0.1020    0.228
    40   0.4000  -1.0584   0.0000   0.4100   0.0027   0.1831   0.0230   0.4467   0.4467   0.0058   0.0000   0.0098   0.1018    0.228

  Surface # 3     main_wing_panel_1                       
     # Chordwise = 12   # Spanwise = 20     First strip = 41
     Surface area Ssurf =    0.452200     Ave. chord Cave =    0.380000

 Forces referred to Sref, Cref, Bref about Xref, Yref, Zref
 Standard axis orientation,  X fwd, Z down         
     CLsurf  =   0.09617     Clsurf  =  -0.03361
     CYsurf  =  -0.00007     Cmsurf  =   0.00232
     CDsurf  =   0.00142     Cnsurf  =  -0.00069
     CDisurf =   0.00142     CDvsurf =   0.00000

 Forces referred to Ssurf, Cave 
     CLsurf  =   0.37728     CDsurf  =   0.00558

 Strip Forces referred to Strip Area, Chord
    j     Xle      Yle      Zle      Chord    Area     c_cl     ai     cl_norm    cl       cd       cdv    cm_c/4     cm_LE   C.P.x/c
    41   0.4000   1.0618   0.0000   0.4099   0.0030   0.1830   0.0230   0.4466   0.4466   0.0057   0.0000   0.0098  -0.1018    0.228
    42   0.4002   1.0764   0.0000   0.4092   0.0089   0.1826   0.0229   0.4465   0.4465   0.0053   0.0000   0.0099  -0.1017    0.228
    43   0.4006   1.1053   0.0000   0.4077   0.0146   0.1818   0.0229   0.4460   0.4460   0.0052   0.0000   0.0100  -0.1015    0.228
    44   0.4011   1.1477   0.0000   0.4056   0.0198   0.1804   0.0230   0.4450   0.4450   0.0051   0.0000   0.0101  -0.1011    0.227
    45   0.4018   1.2026   0.0000   0.4028   0.0244   0.1785   0.0231   0.4433   0.4433   0.0051   0.0000   0.0103  -0.1005    0.227
    46   0.4026   1.2686   0.0000   0.3995   0.0284   0.1760   0.0235   0.4407   0.4407   0.0052   0.0000   0.0105  -0.0996    0.226
    47   0.4036   1.3441   0.0000   0.3957   0.0315   0.1729   0.0241   0.4370   0.4370   0.0052   0.0000   0.0108  -0.0984    0.225
    48   0.4046   1.4273   0.0000   0.3915   0.0338   0.1690   0.0249   0.4317   0.4317   0.0053   0.0000   0.0112  -0.0967    0.224
    49   0.4057   1.5161   0.0000   0.3870   0.0351   0.1642   0.0260   0.4245   0.4245   0.0055   0.0000   0.0115  -0.0946    0.223
    50   0.4069   1.6083   0.0000   0.3824   0.0356   0.1586   0.0275   0.4148   0.4148   0.0057   0.0000   0.0119  -0.0917    0.221
    51   0.4081   1.7017   0.0000   0.3776   0.0352   0.1519   0.0294   0.4022   0.4022   0.0059   0.0000   0.0124  -0.0881    0.219
    52   0.4093   1.7939   0.0000   0.3730   0.0339   0.1438   0.0318   0.3857   0.3857   0.0061   0.0000   0.0129  -0.0835    0.217
    53   0.4104   1.8827   0.0000   0.3685   0.0318   0.1343   0.0346   0.3645   0.3645   0.0062   0.0000   0.0134  -0.0777    0.213
    54   0.4114   1.9659   0.0000   0.3643   0.0290   0.1230   0.0379   0.3377   0.3377   0.0064   0.0000   0.0140  -0.0705    0.209
    55   0.4124   2.0414   0.0000   0.3605   0.0256   0.1097   0.0415   0.3042   0.3042   0.0063   0.0000   0.0144  -0.0617    0.203
    56   0.4132   2.1074   0.0000   0.3572   0.0217   0.0941   0.0451   0.2634   0.2634   0.0061   0.0000   0.0144  -0.0515    0.195
    57   0.4139   2.1623   0.0000   0.3544   0.0173   0.0762   0.0485   0.2150   0.2150   0.0055   0.0000   0.0136  -0.0401    0.187
    58   0.4144   2.2047   0.0000   0.3523   0.0126   0.0562   0.0514   0.1596   0.1596   0.0046   0.0000   0.0116  -0.0283    0.177
    59   0.4148   2.2336   0.0000   0.3508   0.0076   0.0345   0.0535   0.0983   0.0983   0.0033   0.0000   0.0080  -0.0166    0.169
    60   0.4150   2.2482   0.0000   0.3501   0.0026   0.0116   0.0548   0.0332   0.0332   0.0013   0.0000   0.0029  -0.0054    0.163

  Surface # 4     main_wing_panel_1 (YDUP)                
     # Chordwise = 12   # Spanwise = 20     First strip = 61
     Surface area Ssurf =    0.452200     Ave. chord Cave =    0.380000

 Forces referred to Sref, Cref, Bref about Xref, Yref, Zref
 Standard axis orientation,  X fwd, Z down         
     CLsurf  =   0.09617     Clsurf  =   0.03361
     CYsurf  =   0.00007     Cmsurf  =   0.00232
     CDsurf  =   0.00142     Cnsurf  =   0.00069
     CDisurf =   0.00142     CDvsurf =   0.00000

 Forces referred to Ssurf, Cave 
     CLsurf  =   0.37728     CDsurf  =   0.00558

 Strip Forces referred to Strip Area, Chord
    j     Xle      Yle      Zle      Chord    Area     c_cl     ai     cl_norm    cl       cd       cdv    cm_c/4     cm_LE   C.P.x/c
    61   0.4000  -1.0618   0.0000   0.4099   0.0030   0.1830   0.0230   0.4466   0.4466   0.0057   0.0000   0.0098   0.1018    0.228
    62   0.4002  -1.0764   0.0000   0.4092   0.0089   0.1826   0.0229   0.4465   0.4465   0.0053   0.0000   0.0099   0.1017    0.228
    63   0.4006  -1.1053   0.0000   0.4077   0.0146   0.1818   0.0229   0.4460   0.4460   0.0052   0.0000   0.0100   0.1015    0.228
    64   0.4011  -1.1477   0.0000   0.4056   0.0198   0.1804   0.0230   0.4450   0.4450   0.0051   0.0000   0.0101   0.1011    0.227
    65   0.4018  -1.2026   0.0000   0.4028   0.0244   0.1785   0.0232   0.4433   0.4433   0.0051   0.0000   0.0103   0.1005    0.227
    66   0.4026  -1.2686   0.0000   0.3995   0.0284   0.1760   0.0235   0.4407   0.4407   0.0052   0.0000   0.0105   0.0996    0.226
    67   0.4036  -1.3441   0.0000   0.3957   0.0315   0.1729   0.0241   0.4370   0.4370   0.0052   0.0000   0.0108   0.0984    0.225
    68   0.4046  -1.4273   0.0000   0.3915   0.0338   0.1690   0.0249   0.4317   0.4317   0.0053   0.0000   0.0112   0.0967    0.224
    69   0.4057  -1.5161   0.0000   0.3870   0.0351   0.1642   0.0260   0.4245   0.4245   0.0055   0.0000   0.0115   0.0946    0.223
    70   0.4069  -1.6083   0.0000   0.3824   0.0356   0.1586   0.0275   0.4148   0.4148   0.0057   0.0000   0.0119   0.0917    0.221
    71   0.4081  -1.7017   0.0000   0.3776   0.0352   0.1519   0.0294   0.4022   0.4022   0.0059   0.0000   0.0124   0.0881    0.219
    72   0.4093  -1.7939   0.0000   0.3730   0.0339   0.1438   0.0318   0.3857   0.3857   0.0061   0.0000   0.0129   0.0835    0.217
    73   0.4104  -1.8827   0.0000   0.3685   0.0318   0.1343   0.0346   0.3645   0.3645   0.0062   0.0000   0.0134   0.0777    0.213
    74   0.4114  -1.9659   0.0000   0.3643   0.0290   0.1230   0.0379   0.3377   0.3377   0.0064   0.0000   0.0140   0.0705    0.209
    75   0.4124  -2.0414   0.0000   0.3605   0.0256   0.1097   0.0415   0.3042   0.3042   0.0063   0.0000   0.0144   0.0617    0.203
    76   0.4132  -2.1074   0.0000   0.3572   0.0217   0.0941   0.0451   0.2634   0.2634   0.0061   0.0000   0.0144   0.0515    0.195
    77   0.4139  -2.1623   0.0000   0.3544   0.0173   0.0762   0.0485   0.2150   0.2150   0.0055   0.0000   0.0136   0.0401    0.187
    78   0.4144  -2.2047   0.0000   0.3523   0.0126   0.0562   0.0514   0.1596   0.1596   0.0046   0.0000   0.0116   0.0283    0.177
    79   0.4148  -2.2336   0.0000   0.3508   0.0076   0.0345   0.0535   0.0983   0.0983   0.0033   0.0000   0.0080   0.0166    0.169
    80   0.4150  -2.2482   0.0000   0.3501   0.0026   0.0116   0.0548   0.0332   0.0332   0.0013   0.0000   0.0029   0.0054    0.163

  Surface # 5     hstab_panel_0                           
     # Chordwise = 12   # Spanwise = 20     First strip = 81
     Surface area Ssurf =    0.118800     Ave. chord Cave =    0.220000

 Forces referred to Sref, Cref, Bref about Xref, Yref, Zref
 Standard axis orientation,  X fwd, Z down         
     CLsurf  =   0.00123     Clsurf  =  -0.00007
     CYsurf  =  -0.00000     Cmsurf  =  -0.00411
     CDsurf  =   0.00003     Cnsurf  =  -0.00000
     CDisurf =   0.00003     CDvsurf =   0.00000

 Forces referred to Ssurf, Cave 
     CLsurf  =   0.01833     CDsurf  =   0.00041

 Strip Forces referred to Strip Area, Chord
    j     Xle      Yle      Zle      Chord    Area     c_cl     ai     cl_norm    cl       cd       cdv    cm_c/4     cm_LE   C.P.x/c
    81   1.9000   0.0008   0.4000   0.2200   0.0007   0.0047   0.0179   0.0215   0.0215   0.0005   0.0000   0.0120   0.0066   -0.306
    82   1.9000   0.0075   0.4000   0.2200   0.0022   0.0047   0.0179   0.0215   0.0215   0.0005   0.0000   0.0120   0.0066   -0.306
    83   1.9000   0.0206   0.4000   0.2200   0.0036   0.0047   0.0179   0.0215   0.0215   0.0005   0.0000   0.0120   0.0066   -0.306
    84   1.9000   0.0398   0.4000   0.2200   0.0049   0.0047   0.0179   0.0215   0.0215   0.0005   0.0000   0.0120   0.0066   -0.307
    85   1.9000   0.0647   0.4000   0.2200   0.0061   0.0047   0.0179   0.0214   0.0214   0.0005   0.0000   0.0120   0.0066   -0.308
    86   1.9000   0.0946   0.4000   0.2200   0.0071   0.0047   0.0180   0.0213   0.0213   0.0005   0.0000   0.0120   0.0066   -0.311
    87   1.9000   0.1289   0.4000   0.2200   0.0079   0.0047   0.0180   0.0211   0.0211   0.0005   0.0000   0.0120   0.0067   -0.316
    88   1.9000   0.1667   0.4000   0.2200   0.0086   0.0046   0.0180   0.0209   0.0209   0.0005   0.0000   0.0120   0.0068   -0.324
    89   1.9000   0.2070   0.4000   0.2200   0.0091   0.0045   0.0181   0.0205   0.0205   0.0004   0.0000   0.0120   0.0069   -0.336
    90   1.9000   0.2488   0.4000   0.2200   0.0093   0.0044   0.0182   0.0199   0.0199   0.0004   0.0000   0.0120   0.0070   -0.353
    91   1.9000   0.2912   0.4000   0.2200   0.0093   0.0042   0.0182   0.0193   0.0193   0.0004   0.0000   0.0120   0.0072   -0.375
    92   1.9000   0.3330   0.4000   0.2200   0.0091   0.0040   0.0183   0.0184   0.0184   0.0004   0.0000   0.0121   0.0075   -0.405
    93   1.9000   0.3733   0.4000   0.2200   0.0086   0.0038   0.0184   0.0173   0.0173   0.0004   0.0000   0.0121   0.0077   -0.445
    94   1.9000   0.4111   0.4000   0.2200   0.0079   0.0035   0.0184   0.0161   0.0161   0.0004   0.0000   0.0120   0.0080   -0.494
    95   1.9000   0.4454   0.4000   0.2200   0.0071   0.0033   0.0182   0.0148   0.0148   0.0003   0.0000   0.0119   0.0082   -0.554
    96   1.9000   0.4753   0.4000   0.2200   0.0061   0.0029   0.0179   0.0134   0.0134   0.0003   0.0000   0.0116   0.0083   -0.619
    97   1.9000   0.5002   0.4000   0.2200   0.0049   0.0026   0.0174   0.0120   0.0120   0.0003   0.0000   0.0111   0.0081   -0.677
    98   1.9000   0.5194   0.4000   0.2200   0.0036   0.0024   0.0166   0.0108   0.0108   0.0003   0.0000   0.0103   0.0076   -0.702
    99   1.9000   0.5325   0.4000   0.2200   0.0022   0.0022   0.0157   0.0100   0.0100   0.0003   0.0000   0.0092   0.0067   -0.668
   100   1.9000   0.5392   0.4000   0.2200   0.0007   0.0021   0.0151   0.0095   0.0095   0.0001   0.0000   0.0079   0.0055   -0.581

  Surface # 6     hstab_panel_0 (YDUP)                    
     # Chordwise = 12   # Spanwise = 20     First strip =101
     Surface area Ssurf =    0.118800     Ave. chord Cave =    0.220000

 Forces referred to Sref, Cref, Bref about Xref, Yref, Zref
 Standard axis orientation,  X fwd, Z down         
     CLsurf  =   0.00120     Clsurf  =   0.00006
     CYsurf  =  -0.00000     Cmsurf  =  -0.00402
     CDsurf  =   0.00003     Cnsurf  =   0.00000
     CDisurf =   0.00003     CDvsurf =   0.00000

 Forces referred to Ssurf, Cave 
     CLsurf  =   0.01795     CDsurf  =   0.00040

 Strip Forces referred to Strip Area, Chord
    j     Xle      Yle      Zle      Chord    Area     c_cl     ai     cl_norm    cl       cd       cdv    cm_c/4     cm_LE   C.P.x/c
   101   1.9000  -0.0008   0.4000   0.2200   0.0007   0.0047   0.0179   0.0215   0.0215   0.0005   0.0000   0.0120  -0.0066   -0.306
   102   1.9000  -0.0075   0.4000   0.2200   0.0022   0.0047   0.0179   0.0215   0.0215   0.0005   0.0000   0.0120  -0.0066   -0.306
   103   1.9000  -0.0206   0.4000   0.2200   0.0036   0.0047   0.0179   0.0215   0.0215   0.0005   0.0000   0.0120  -0.0066   -0.307
   104   1.9000  -0.0398   0.4000   0.2200   0.0049   0.0047   0.0179   0.0214   0.0214   0.0005   0.0000   0.0120  -0.0066   -0.308
   105   1.9000  -0.0647   0.4000   0.2200   0.0061   0.0047   0.0179   0.0214   0.0214   0.0005   0.0000   0.0120  -0.0066   -0.310
   106   1.9000  -0.0946   0.4000   0.2200   0.0071   0.0047   0.0180   0.0212   0.0212   0.0005   0.0000   0.0120  -0.0067   -0.314
   107   1.9000  -0.1289   0.4000   0.2200   0.0079   0.0046   0.0180   0.0210   0.0210   0.0005   0.0000   0.0120  -0.0067   -0.320
   108   1.9000  -0.1667   0.4000   0.2200   0.0086   0.0046   0.0180   0.0207   0.0207   0.0005   0.0000   0.0120  -0.0068   -0.329
   109   1.9000  -0.2070   0.4000   0.2200   0.0091   0.0045   0.0181   0.0203   0.0203   0.0004   0.0000   0.0120  -0.0069   -0.343
   110   1.9000  -0.2488   0.4000   0.2200   0.0093   0.0043   0.0182   0.0197   0.0197   0.0004   0.0000   0.0120  -0.0071   -0.362
   111   1.9000  -0.2912   0.4000   0.2200   0.0093   0.0042   0.0182   0.0189   0.0189   0.0004   0.0000   0.0120  -0.0073   -0.387
   112   1.9000  -0.3330   0.4000   0.2200   0.0091   0.0039   0.0183   0.0179   0.0179   0.0004   0.0000   0.0120  -0.0076   -0.421
   113   1.9000  -0.3733   0.4000   0.2200   0.0086   0.0037   0.0183   0.0168   0.0168   0.0004   0.0000   0.0120  -0.0078   -0.465
   114   1.9000  -0.4111   0.4000   0.2200   0.0079   0.0034   0.0182   0.0155   0.0155   0.0004   0.0000   0.0119  -0.0080   -0.520
   115   1.9000  -0.4454   0.4000   0.2200   0.0071   0.0031   0.0180   0.0140   0.0140   0.0003   0.0000   0.0117  -0.0082   -0.583
   116   1.9000  -0.4753   0.4000   0.2200   0.0061   0.0028   0.0176   0.0125   0.0125   0.0003   0.0000   0.0112  -0.0081   -0.645
   117   1.9000  -0.5002   0.4000   0.2200   0.0049   0.0025   0.0171   0.0112   0.0112   0.0003   0.0000   0.0105  -0.0077   -0.687
   118   1.9000  -0.5194   0.4000   0.2200   0.0036   0.0022   0.0163   0.0101   0.0101   0.0003   0.0000   0.0094  -0.0069   -0.679
   119   1.9000  -0.5325   0.4000   0.2200   0.0022   0.0021   0.0155   0.0094   0.0094   0.0003   0.0000   0.0080  -0.0056   -0.599
   120   1.9000  -0.5392   0.4000   0.2200   0.0007   0.0020   0.0149   0.0090   0.0090   0.0001   0.0000   0.0065  -0.0042   -0.470

  Surface # 7     fin_panel_0                             
     # Chordwise = 12   # Spanwise = 20     First strip =121
     Surface area Ssurf =    0.080000     Ave. chord Cave =    0.200000

 Forces referred to Sref, Cref, Bref about Xref, Yref, Zref
 Standard axis orientation,  X fwd, Z down         
     CLsurf  =  -0.00000     Clsurf  =   0.00001
     CYsurf  =   0.00008     Cmsurf  =   0.00000
     CDsurf  =   0.00000     Cnsurf  =  -0.00002
     CDisurf =   0.00000     CDvsurf =   0.00000

 Forces referred to Ssurf, Cave 
     CLsurf  =   0.00175     CDsurf  =   0.00000

 Strip Forces referred to Strip Area, Chord
    j     Xle      Yle      Zle      Chord    Area     c_cl     ai     cl_norm    cl       cd       cdv    cm_c/4     cm_LE   C.P.x/c
   121   1.9000   0.5400   0.3994   0.2000   0.0005   0.0020   0.0073   0.0102   0.0102   0.0003   0.0000   0.0088   0.0063   -0.614
   122   1.9000   0.5400   0.3945   0.2000   0.0015   0.0020   0.0043   0.0100   0.0100  -0.0000   0.0000   0.0073   0.0048   -0.480
   123   1.9000   0.5400   0.3848   0.2000   0.0024   0.0019   0.0040   0.0094   0.0094  -0.0000   0.0000   0.0055   0.0032   -0.338
   124   1.9000   0.5400   0.3705   0.2000   0.0033   0.0017   0.0034   0.0084   0.0084  -0.0000   0.0000   0.0040   0.0019   -0.221
   125   1.9000   0.5400   0.3521   0.2000   0.0041   0.0014   0.0025   0.0071   0.0071  -0.0000   0.0000   0.0028   0.0010   -0.143
   126   1.9000   0.5400   0.3299   0.2000   0.0048   0.0011   0.0017   0.0055   0.0055   0.0000   0.0000   0.0020   0.0006   -0.110
   127   1.9000   0.5400   0.3045   0.2000   0.0054   0.0008   0.0011   0.0039   0.0039   0.0000   0.0000   0.0015   0.0005   -0.136
   128   1.9000   0.5400   0.2765   0.2000   0.0058   0.0005   0.0007   0.0024   0.0024   0.0000   0.0000   0.0013   0.0006   -0.264
   129   1.9000   0.5400   0.2467   0.2000   0.0061   0.0002   0.0005   0.0012   0.0012   0.0000   0.0000   0.0011   0.0008   -0.704
   130   1.9000   0.5400   0.2157   0.2000   0.0063   0.0000   0.0004   0.0002   0.0002   0.0000   0.0000   0.0011   0.0010  999.000
   131   1.9000   0.5400   0.1843   0.2000   0.0063  -0.0001   0.0004  -0.0005  -0.0005   0.0000   0.0000   0.0011   0.0012  999.000
   132   1.9000   0.5400   0.1533   0.2000   0.0061  -0.0002   0.0004  -0.0009  -0.0009   0.0000   0.0000   0.0011   0.0013    1.541
   133   1.9000   0.5400   0.1235   0.2000   0.0058  -0.0002   0.0005  -0.0010  -0.0010   0.0000   0.0000   0.0011   0.0014    1.344
   134   1.9000   0.5400   0.0955   0.2000   0.0054  -0.0002   0.0006  -0.0010  -0.0010   0.0000   0.0000   0.0011   0.0014    1.374
   135   1.9000   0.5400   0.0701   0.2000   0.0048  -0.0002   0.0007  -0.0009  -0.0009   0.0000   0.0000   0.0011   0.0014    1.556
   136   1.9000   0.5400   0.0479   0.2000   0.0041  -0.0001   0.0010  -0.0007  -0.0007   0.0000   0.0000   0.0011   0.0013    1.908
   137   1.9000   0.5400   0.0295   0.2000   0.0033  -0.0001   0.0014  -0.0004  -0.0004   0.0000   0.0000   0.0010   0.0011  999.000
   138   1.9000   0.5400   0.0152   0.2000   0.0024  -0.0001   0.0020  -0.0003  -0.0003   0.0000   0.0000   0.0008   0.0009  999.000
   139   1.9000   0.5400   0.0055   0.2000   0.0015  -0.0000   0.0017  -0.0001  -0.0001   0.0000   0.0000   0.0005   0.0006  999.000
   140   1.9000   0.5400   0.0006   0.2000   0.0005  -0.0000  -0.0003  -0.0000  -0.0000   0.0000   0.0000   0.0002   0.0002  999.000

  Surface # 8     fin_panel_0                             
     # Chordwise = 12   # Spanwise = 20     First strip =141
     Surface area Ssurf =    0.080000     Ave. chord Cave =    0.200000

 Forces referred to Sref, Cref, Bref about Xref, Yref, Zref
 Standard axis orientation,  X fwd, Z down         
     CLsurf  =   0.00000     Clsurf  =  -0.00001
     CYsurf  =  -0.00006     Cmsurf  =  -0.00000
     CDsurf  =  -0.00000     Cnsurf  =   0.00002
     CDisurf =  -0.00000     CDvsurf =   0.00000

 Forces referred to Ssurf, Cave 
     CLsurf  =  -0.00140     CDsurf  =  -0.00000

 Strip Forces referred to Strip Area, Chord
    j     Xle      Yle      Zle      Chord    Area     c_cl     ai     cl_norm    cl       cd       cdv    cm_c/4     cm_LE   C.P.x/c
   141   1.9000  -0.5400   0.3994   0.2000   0.0005  -0.0019  -0.0075  -0.0097  -0.0097   0.0002   0.0000  -0.0069  -0.0045   -0.464
   142   1.9000  -0.5400   0.3945   0.2000   0.0015  -0.0019  -0.0047  -0.0094  -0.0094  -0.0001   0.0000  -0.0052  -0.0028   -0.298
   143   1.9000  -0.5400   0.3848   0.2000   0.0024  -0.0018  -0.0043  -0.0089  -0.0089  -0.0000   0.0000  -0.0032  -0.0010   -0.113
   144   1.9000  -0.5400   0.3705   0.2000   0.0033  -0.0016  -0.0035  -0.0079  -0.0079  -0.0000   0.0000  -0.0015   0.0005    0.060
   145   1.9000  -0.5400   0.3521   0.2000   0.0041  -0.0013  -0.0026  -0.0066  -0.0065  -0.0000   0.0000  -0.0002   0.0014    0.220
   146   1.9000  -0.5400   0.3299   0.2000   0.0048  -0.0010  -0.0017  -0.0050  -0.0050  -0.0000   0.0000   0.0007   0.0019    0.389
   147   1.9000  -0.5400   0.3045   0.2000   0.0054  -0.0007  -0.0011  -0.0033  -0.0033  -0.0000   0.0000   0.0012   0.0020    0.616
   148   1.9000  -0.5400   0.2765   0.2000   0.0058  -0.0004  -0.0006  -0.0018  -0.0018  -0.0000   0.0000   0.0015   0.0020    1.070
   149   1.9000  -0.5400   0.2467   0.2000   0.0061  -0.0001  -0.0004  -0.0006  -0.0006  -0.0000   0.0000   0.0016   0.0018  999.000
   150   1.9000  -0.5400   0.2157   0.2000   0.0063   0.0001  -0.0002   0.0003   0.0003  -0.0000   0.0000   0.0017   0.0016  999.000
   151   1.9000  -0.5400   0.1843   0.2000   0.0063   0.0002  -0.0002   0.0010   0.0010  -0.0000   0.0000   0.0017   0.0014  999.000
   152   1.9000  -0.5400   0.1533   0.2000   0.0061   0.0003  -0.0003   0.0013   0.0013  -0.0000   0.0000   0.0017   0.0013  999.000
   153   1.9000  -0.5400   0.1235   0.2000   0.0058   0.0003  -0.0004   0.0013   0.0013  -0.0000   0.0000   0.0016   0.0013   -0.961
   154   1.9000  -0.5400   0.0955   0.2000   0.0054   0.0002  -0.0006   0.0012   0.0012  -0.0000   0.0000   0.0015   0.0013  999.000
   155   1.9000  -0.5400   0.0701   0.2000   0.0048   0.0002  -0.0009   0.0009   0.0009  -0.0000   0.0000   0.0014   0.0012  999.000
   156   1.9000  -0.5400   0.0479   0.2000   0.0041   0.0001  -0.0013   0.0005   0.0005  -0.0000   0.0000   0.0013   0.0012  999.000
   157   1.9000  -0.5400   0.0295   0.2000   0.0033   0.0000  -0.0019   0.0002   0.0002   0.0000   0.0000   0.0011   0.0011  999.000
   158   1.9000  -0.5400   0.0152   0.2000   0.0024  -0.0000  -0.0027  -0.0000  -0.0000   0.0000   0.0000   0.0009   0.0009  999.000
   159   1.9000  -0.5400   0.0055   0.2000   0.0015  -0.0000  -0.0026  -0.0001  -0.0001   0.0000   0.0000   0.0005   0.0006  999.000
   160   1.9000  -0.5400   0.0006   0.2000   0.0005  -0.0000  -0.0007  -0.0000  -0.0000   0.0000   0.0000   0.0002   0.0002  999.000
 ---------------------------------------------------------------
