 ---------------------------------------------------------------
 Surface and Strip Forces by surface

  Sref =  2.7910       Cref = 0.47500       Bref =  5.8800    
  Xref = 0.50000       Yref =  0.0000       Zref =  0.0000    

  Surface # 1     main_wing_panel_0                       
     # Chordwise = 12   # Spanwise = 20     First strip =  1
     Surface area Ssurf =    0.683400     Ave. chord Cave =    0.510000

 Forces referred to Sref, Cref, Bref about Xref, Yref, Zref
 Standard axis orientation,  X fwd, Z down         
     CLsurf  =   0.38280     Clsurf  =  -0.04249
     CYsurf  =   0.00000     Cmsurf  =  -0.00170
     CDsurf  =   0.01197     Cnsurf  =  -0.00811
     CDisurf =   0.01197     CDvsurf =   0.00000

 Forces referred to Ssurf, Cave 
     CLsurf  =   1.56337     CDsurf  =   0.04888

 Strip Forces referred to Strip Area, Chord
    j     Xle      Yle      Zle      Chord    Area     c_cl     ai     cl_norm    cl       cd       cdv    cm_c/4     cm_LE   C.P.x/c
     1   0.4000   0.0021   0.0000   0.5100   0.0042   0.7960   0.0617   1.5896   1.5896   0.0455   0.0000   0.0770  -0.3132    0.202
     2   0.4000   0.0185   0.0000   0.5100   0.0125   0.7960   0.0617   1.5896   1.5896   0.0455   0.0000   0.0770  -0.3132    0.202
     3   0.4000   0.0510   0.0000   0.5100   0.0205   0.7960   0.0618   1.5895   1.5895   0.0455   0.0000   0.0770  -0.3131    0.202
     4   0.4000   0.0987   0.0000   0.5100   0.0280   0.7958   0.0619   1.5892   1.5892   0.0456   0.0000   0.0770  -0.3131    0.202
     5   0.4000   0.1605   0.0000   0.5100   0.0348   0.7956   0.0622   1.5886   1.5886   0.0456   0.0000   0.0770  -0.3130    0.202
     6   0.4000   0.2349   0.0000   0.5100   0.0408   0.7950   0.0627   1.5875   1.5875   0.0458   0.0000   0.0770  -0.3127    0.202
     7   0.4000   0.3199   0.0000   0.5100   0.0457   0.7942   0.0637   1.5858   1.5858   0.0460   0.0000   0.0769  -0.3123    0.201
     8   0.4000   0.4136   0.0000   0.5100   0.0495   0.7929   0.0652   1.5831   1.5831   0.0463   0.0000   0.0769  -0.3118    0.201
     9   0.4000   0.5136   0.0000   0.5100   0.0521   0.7911   0.0684   1.5795   1.5795   0.0468   0.0000   0.0768  -0.3110    0.201
    10   0.4000   0.6174   0.0000   0.5100   0.0535   0.7888   0.0559   1.5747   1.5747   0.0473   0.0000   0.0767  -0.3100    0.201
    11   0.4000   0.7226   0.0000   0.5100   0.0535   0.7859   0.0591   1.5688   1.5688   0.0480   0.0000   0.0765  -0.3088    0.201
    12   0.4000   0.8264   0.0000   0.5100   0.0521   0.7825   0.0615   1.5617   1.5617   0.0489   0.0000   0.0763  -0.3073    0.201
    13   0.4000   0.9264   0.0000   0.5100   0.0495   0.7786   0.0637   1.5536   1.5536   0.0498   0.0000   0.0761  -0.3055    0.201
    14   0.4000   1.0201   0.0000   0.5100   0.0457   0.7743   0.0657   1.5447   1.5447   0.0508   0.0000   0.0759  -0.3037    0.201
    15   0.4000   1.1051   0.0000   0.5100   0.0408   0.7697   0.0677   1.5353   1.5353   0.0519   0.0000   0.0756  -0.3017    0.201
    16   0.4000   1.1795   0.0000   0.5100   0.0348   0.7652   0.0695   1.5260   1.5260   0.0531   0.0000   0.0754  -0.2997    0.201
    17   0.4000   1.2413   0.0000   0.5100   0.0280   0.7610   0.0713   1.5172   1.5172   0.0545   0.0000   0.0751  -0.2979    0.201
    18   0.4000   1.2890   0.0000   0.5100   0.0205   0.7574   0.0728   1.5095   1.5095   0.0563   0.0000   0.0748  -0.2964    0.200
    19   0.4000   1.3215   0.0000   0.5100   0.0125   0.7547   0.0741   1.5035   1.5035   0.0595   0.0000   0.0746  -0.2953    0.200
    20   0.4000   1.3379   0.0000   0.5100   0.0042   0.7533   0.0750   1.4970   1.4970   0.0752   0.0000   0.0745  -0.2948    0.200

  Surface # 2     main_wing_panel_0 (YDUP)                
     # Chordwise = 12   # Spanwise = 20     First strip = 21
     Surface area Ssurf =    0.683400     Ave. chord Cave =    0.510000

 Forces referred to Sref, Cref, Bref about Xref, Yref, Zref
 Standard axis orientation,  X fwd, Z down         
     CLsurf  =   0.38280     Clsurf  =   0.04249
     CYsurf  =   0.00000     Cmsurf  =  -0.00170
     CDsurf  =   0.01197     Cnsurf  =   0.00811
     CDisurf =   0.01197     CDvsurf =   0.00000

 Forces referred to Ssurf, Cave 
     CLsurf  =   1.56336     CDsurf  =   0.04888

 Strip Forces referred to Strip Area, Chord
    j     Xle      Yle      Zle      Chord    Area     c_cl     ai     cl_norm    cl       cd       cdv    cm_c/4     cm_LE   C.P.x/c
    21   0.4000  -0.0021   0.0000   0.5100   0.0042   0.7960   0.0617   1.5896   1.5896   0.0455   0.0000   0.0770   0.3132    0.202
    22   0.4000  -0.0185   0.0000   0.5100   0.0125   0.7960   0.0617   1.5896   1.5896   0.0455   0.0000   0.0770   0.3132    0.202
    23   0.4000  -0.0510   0.0000   0.5100   0.0205   0.7960   0.0618   1.5895   1.5895   0.0455   0.0000   0.0770   0.3131    0.202
    24   0.4000  -0.0987   0.0000   0.5100   0.0280   0.7958   0.0619   1.5892   1.5892   0.0456   0.0000   0.0770   0.3131    0.202
    25   0.4000  -0.1605   0.0000   0.5100   0.0348   0.7956   0.0621   1.5886   1.5886   0.0456   0.0000   0.0770   0.3130    0.202
    26   0.4000  -0.2349   0.0000   0.5100   0.0408   0.7950   0.0626   1.5875   1.5875   0.0458   0.0000   0.0770   0.3127    0.202
    27   0.4000  -0.3199   0.0000   0.5100   0.0457   0.7942   0.0635   1.5858   1.5858   0.0460   0.0000   0.0769   0.3123    0.201
    28   0.4000  -0.4136   0.0000   0.5100   0.0495   0.7929   0.0650   1.5831   1.5831   0.0463   0.0000   0.0769   0.3118    0.201
    29   0.4000  -0.5136   0.0000   0.5100   0.0521   0.7911   0.0682   1.5795   1.5795   0.0468   0.0000   0.0768   0.3110    0.201
    30   0.4000  -0.6174   0.0000   0.5100   0.0535   0.7888   0.0560   1.5747   1.5747   0.0473   0.0000   0.0767   0.3100    0.201
    31   0.4000  -0.7226   0.0000   0.5100   0.0535   0.7859   0.0593   1.5687   1.5687   0.0480   0.0000   0.0765   0.3087    0.201
    32   0.4000  -0.8264   0.0000   0.5100   0.0521   0.7825   0.0616   1.5617   1.5617   0.0489   0.0000   0.0763   0.3072    0.201
    33   0.4000  -0.9264   0.0000   0.5100   0.0495   0.7786   0.0637   1.5536   1.5536   0.0498   0.0000   0.0761   0.3055    0.201
    34   0.4000  -1.0201   0.0000   0.5100   0.0457   0.7743   0.0658   1.5447   1.5447   0.0508   0.0000   0.0759   0.3036    0.201
    35   0.4000  -1.1051   0.0000   0.5100   0.0408   0.7697   0.0677   1.5353   1.5353   0.0519   0.0000   0.0756   0.3017    0.201
    36   0.4000  -1.1795   0.0000   0.5100   0.0348   0.7652   0.0696   1.5260   1.5260   0.0531   0.0000   0.0754   0.2997    0.201
    37   0.4000  -1.2413   0.0000   0.5100   0.0280   0.7610   0.0713   1.5172   1.5172   0.0545   0.0000   0.0751   0.2979    0.201
    38   0.4000  -1.2890   0.0000   0.5100   0.0205   0.7574   0.0728   1.5095   1.5095   0.0563   0.0000   0.0748   0.2964    0.200
    39   0.4000  -1.3215   0.0000   0.5100   0.0125   0.7547   0.0741   1.5035   1.5035   0.0595   0.0000   0.0746   0.2953    0.200
    40   0.4000  -1.3379   0.0000   0.5100   0.0042   0.7533   0.0750   1.4970   1.4970   0.0752   0.0000   0.0745   0.2948    0.200

  Surface # 3     main_wing_panel_1                       
     # Chordwise = 12   # Spanwise = 20     First strip = 41
     Surface area Ssurf =    0.712000     Ave. chord Cave =    0.445000

 Forces referred to Sref, Cref, Bref about Xref, Yref, Zref
 Standard axis orientation,  X fwd, Z down         
     CLsurf  =   0.33904     Clsurf  =  -0.11517
     CYsurf  =  -0.00328     Cmsurf  =  -0.00129
     CDsurf  =   0.01510     Cnsurf  =  -0.02006
     CDisurf =   0.01510     CDvsurf =   0.00000

 Forces referred to Ssurf, Cave 
     CLsurf  =   1.32902     CDsurf  =   0.05921

 Strip Forces referred to Strip Area, Chord
    j     Xle      Yle      Zle      Chord    Area     c_cl     ai     cl_norm    cl       cd       cdv    cm_c/4     cm_LE   C.P.x/c
    41   0.4001   1.3425   0.0000   0.5098   0.0050   0.7530   0.0750   1.4977   1.4977   0.0724   0.0000   0.0745  -0.2947    0.200
    42   0.4005   1.3621   0.0000   0.5082   0.0149   0.7511   0.0745   1.5017   1.5017   0.0591   0.0000   0.0747  -0.2947    0.200
    43   0.4013   1.4009   0.0000   0.5051   0.0243   0.7472   0.0740   1.5037   1.5037   0.0565   0.0000   0.0751  -0.2947    0.200
    44   0.4024   1.4579   0.0000   0.5004   0.0328   0.7409   0.0738   1.5051   1.5051   0.0554   0.0000   0.0756  -0.2945    0.200
    45   0.4040   1.5317   0.0000   0.4944   0.0403   0.7321   0.0738   1.5054   1.5054   0.0549   0.0000   0.0762  -0.2940    0.199
    46   0.4058   1.6204   0.0000   0.4872   0.0465   0.7206   0.0743   1.5037   1.5037   0.0549   0.0000   0.0768  -0.2929    0.199
    47   0.4079   1.7220   0.0000   0.4790   0.0513   0.7062   0.0752   1.4988   1.4988   0.0552   0.0000   0.0774  -0.2912    0.198
    48   0.4102   1.8339   0.0000   0.4699   0.0545   0.6886   0.0769   1.4895   1.4895   0.0559   0.0000   0.0780  -0.2883    0.198
    49   0.4126   1.9532   0.0000   0.4602   0.0562   0.6676   0.0795   1.4742   1.4742   0.0571   0.0000   0.0785  -0.2841    0.197
    50   0.4152   2.0772   0.0000   0.4501   0.0563   0.6430   0.0832   1.4510   1.4510   0.0587   0.0000   0.0789  -0.2781    0.196
    51   0.4178   2.2028   0.0000   0.4399   0.0551   0.6142   0.0884   1.4175   1.4175   0.0608   0.0000   0.0792  -0.2698    0.194
    52   0.4204   2.3268   0.0000   0.4298   0.0525   0.5807   0.0952   1.3706   1.3706   0.0632   0.0000   0.0792  -0.2585    0.192
    53   0.4228   2.4461   0.0000   0.4201   0.0487   0.5416   0.1038   1.3067   1.3067   0.0657   0.0000   0.0789  -0.2434    0.190
    54   0.4251   2.5580   0.0000   0.4110   0.0440   0.4959   0.1142   1.2214   1.2214   0.0676   0.0000   0.0779  -0.2237    0.186
    55   0.4272   2.6596   0.0000   0.4028   0.0384   0.4424   0.1260   1.1104   1.1104   0.0683   0.0000   0.0760  -0.1986    0.182
    56   0.4290   2.7483   0.0000   0.3956   0.0323   0.3801   0.1385   0.9699   0.9699   0.0664   0.0000   0.0722  -0.1680    0.176
    57   0.4306   2.8221   0.0000   0.3896   0.0256   0.3085   0.1504   0.7979   0.7979   0.0610   0.0000   0.0653  -0.1326    0.168
    58   0.4317   2.8791   0.0000   0.3849   0.0185   0.2280   0.1606   0.5956   0.5956   0.0510   0.0000   0.0536  -0.0945    0.160
    59   0.4325   2.9179   0.0000   0.3818   0.0112   0.1401   0.1684   0.3681   0.3681   0.0357   0.0000   0.0358  -0.0559    0.153
    60   0.4329   2.9375   0.0000   0.3802   0.0037   0.0473   0.1731   0.1244   0.1244   0.0141   0.0000   0.0127  -0.0184    0.148

  Surface # 4     main_wing_panel_1 (YDUP)                
     # Chordwise = 12   # Spanwise = 20     First strip = 61
     Surface area Ssurf =    0.712000     Ave. chord Cave =    0.445000

 Forces referred to Sref, Cref, Bref about Xref, Yref, Zref
 Standard axis orientation,  X fwd, Z down         
     CLsurf  =   0.33904     Clsurf  =   0.11517
     CYsurf  =   0.00328     Cmsurf  =  -0.00129
     CDsurf  =   0.01510     Cnsurf  =   0.02006
     CDisurf =   0.01510     CDvsurf =   0.00000

 Forces referred to Ssurf, Cave 
     CLsurf  =   1.32901     CDsurf  =   0.05921

 Strip Forces referred to Strip Area, Chord
    j     Xle      Yle      Zle      Chord    Area     c_cl     ai     cl_norm    cl       cd       cdv    cm_c/4     cm_LE   C.P.x/c
    61   0.4001  -1.3425   0.0000   0.5098   0.0050   0.7530   0.0750   1.4977   1.4977   0.0724   0.0000   0.0745   0.2947    0.200
    62   0.4005  -1.3621   0.0000   0.5082   0.0149   0.7511   0.0745   1.5016   1.5016   0.0591   0.0000   0.0747   0.2947    0.200
    63   0.4013  -1.4009   0.0000   0.5051   0.0243   0.7472   0.0740   1.5037   1.5037   0.0565   0.0000   0.0751   0.2947    0.200
    64   0.4024  -1.4579   0.0000   0.5004   0.0328   0.7409   0.0738   1.5051   1.5051   0.0554   0.0000   0.0756   0.2945    0.200
    65   0.4040  -1.5317   0.0000   0.4944   0.0403   0.7321   0.0738   1.5054   1.5054   0.0549   0.0000   0.0762   0.2940    0.199
    66   0.4058  -1.6204   0.0000   0.4872   0.0465   0.7206   0.0743   1.5037   1.5037   0.0549   0.0000   0.0768   0.2929    0.199
    67   0.4079  -1.7220   0.0000   0.4790   0.0513   0.7062   0.0752   1.4988   1.4988   0.0552   0.0000   0.0774   0.2912    0.198
    68   0.4102  -1.8339   0.0000   0.4699   0.0545   0.6886   0.0769   1.4895   1.4895   0.0559   0.0000   0.0780   0.2883    0.198
    69   0.4126  -1.9532   0.0000   0.4602   0.0562   0.6676   0.0795   1.4742   1.4742   0.0571   0.0000   0.0785   0.2841    0.197
    70   0.4152  -2.0772   0.0000   0.4501   0.0563   0.6430   0.0832   1.4510   1.4510   0.0587   0.0000   0.0789   0.2781    0.196
    71   0.4178  -2.2028   0.0000   0.4399   0.0551   0.6142   0.0884   1.4175   1.4175   0.0608   0.0000   0.0792   0.2698    0.194
    72   0.4204  -2.3268   0.0000   0.4298   0.0525   0.5807   0.0952   1.3706   1.3706   0.0632   0.0000   0.0792   0.2585    0.192
    73   0.4228  -2.4461   0.0000   0.4201   0.0487   0.5416   0.1038   1.3067   1.3067   0.0657   0.0000   0.0789   0.2434    0.190
    74   0.4251  -2.5580   0.0000   0.4110   0.0440   0.4959   0.1142   1.2214   1.2214   0.0676   0.0000   0.0779   0.2237    0.186
    75   0.4272  -2.6596   0.0000   0.4028   0.0384   0.4424   0.1260   1.1104   1.1104   0.0683   0.0000   0.0760   0.1986    0.182
    76   0.4290  -2.7483   0.0000   0.3956   0.0323   0.3801   0.1385   0.9699   0.9699   0.0664   0.0000   0.0722   0.1680    0.176
    77   0.4306  -2.8221   0.0000   0.3896   0.0256   0.3085   0.1504   0.7979   0.7979   0.0610   0.0000   0.0653   0.1326    0.168
    78   0.4317  -2.8791   0.0000   0.3849   0.0185   0.2280   0.1606   0.5956   0.5956   0.0510   0.0000   0.0536   0.0945    0.160
    79   0.4325  -2.9179   0.0000   0.3818   0.0112   0.1401   0.1684   0.3681   0.3681   0.0357   0.0000   0.0358   0.0559    0.153
    80   0.4329  -2.9375   0.0000   0.3802   0.0037   0.0473   0.1731   0.1244   0.1244   0.0141   0.0000   0.0127   0.0184    0.148

  Surface # 5     hstab_panel_0                           
     # Chordwise = 12   # Spanwise = 20     First strip = 81
     Surface area Ssurf =    0.201600     Ave. chord Cave =    0.360000

 Forces referred to Sref, Cref, Bref about Xref, Yref, Zref
 Standard axis orientation,  X fwd, Z down         
     CLsurf  =   0.00134     Clsurf  =  -0.00006
     CYsurf  =   0.00000     Cmsurf  =   0.00294
     CDsurf  =   0.00021     Cnsurf  =  -0.00000
     CDisurf =   0.00021     CDvsurf =   0.00000

 Forces referred to Ssurf, Cave 
     CLsurf  =   0.01862     CDsurf  =   0.00291

 Strip Forces referred to Strip Area, Chord
    j     Xle      Yle      Zle      Chord    Area     c_cl     ai     cl_norm    cl       cd       cdv    cm_c/4     cm_LE   C.P.x/c
    81   1.9000   0.0009   0.4500   0.3600   0.0012   0.0080   0.0560   0.0221   0.0221   0.0026   0.0000   0.1401   0.1346  999.000
    82   1.9000   0.0077   0.4500   0.3600   0.0037   0.0080   0.0560   0.0221   0.0221   0.0026   0.0000   0.1401   0.1346  999.000
    83   1.9000   0.0213   0.4500   0.3600   0.0061   0.0080   0.0560   0.0221   0.0221   0.0026   0.0000   0.1401   0.1346  999.000
    84   1.9000   0.0413   0.4500   0.3600   0.0083   0.0080   0.0559   0.0221   0.0221   0.0026   0.0000   0.1401   0.1346  999.000
    85   1.9000   0.0671   0.4500   0.3600   0.0103   0.0079   0.0559   0.0219   0.0219   0.0026   0.0000   0.1401   0.1346  999.000
    86   1.9000   0.0982   0.4500   0.3600   0.0120   0.0078   0.0558   0.0217   0.0217   0.0026   0.0000   0.1400   0.1346  999.000
    87   1.9000   0.1337   0.4500   0.3600   0.0135   0.0077   0.0555   0.0213   0.0213   0.0025   0.0000   0.1399   0.1346  999.000
    88   1.9000   0.1728   0.4500   0.3600   0.0146   0.0075   0.0552   0.0207   0.0207   0.0025   0.0000   0.1398   0.1346  999.000
    89   1.9000   0.2146   0.4500   0.3600   0.0154   0.0071   0.0546   0.0198   0.0198   0.0025   0.0000   0.1395   0.1346  999.000
    90   1.9000   0.2580   0.4500   0.3600   0.0158   0.0068   0.0537   0.0187   0.0187   0.0025   0.0000   0.1391   0.1344  999.000
    91   1.9000   0.3020   0.4500   0.3600   0.0158   0.0063   0.0524   0.0173   0.0173   0.0025   0.0000   0.1384   0.1340  999.000
    92   1.9000   0.3454   0.4500   0.3600   0.0154   0.0058   0.0503   0.0159   0.0159   0.0026   0.0000   0.1372   0.1332  999.000
    93   1.9000   0.3872   0.4500   0.3600   0.0146   0.0053   0.0474   0.0144   0.0144   0.0027   0.0000   0.1353   0.1316  999.000
    94   1.9000   0.4263   0.4500   0.3600   0.0135   0.0049   0.0431   0.0133   0.0133   0.0031   0.0000   0.1323   0.1289  999.000
    95   1.9000   0.4618   0.4500   0.3600   0.0120   0.0048   0.0370   0.0129   0.0129   0.0036   0.0000   0.1277   0.1243  999.000
    96   1.9000   0.4929   0.4500   0.3600   0.0103   0.0053   0.0291   0.0140   0.0140   0.0043   0.0000   0.1208   0.1172  999.000
    97   1.9000   0.5187   0.4500   0.3600   0.0083   0.0065   0.0195   0.0172   0.0172   0.0054   0.0000   0.1111   0.1067  999.000
    98   1.9000   0.5387   0.4500   0.3600   0.0061   0.0086   0.0096   0.0229   0.0229   0.0066   0.0000   0.0984   0.0925  999.000
    99   1.9000   0.5523   0.4500   0.3600   0.0037   0.0112   0.0011   0.0304   0.0304   0.0068   0.0000   0.0834   0.0756  999.000
   100   1.9000   0.5591   0.4500   0.3600   0.0012   0.0135  -0.0039   0.0435   0.0435  -0.0221   0.0000   0.0638   0.0544  999.000

  Surface # 6     hstab_panel_0 (YDUP)                    
     # Chordwise = 12   # Spanwise = 20     First strip =101
     Surface area Ssurf =    0.201600     Ave. chord Cave =    0.360000

 Forces referred to Sref, Cref, Bref about Xref, Yref, Zref
 Standard axis orientation,  X fwd, Z down         
     CLsurf  =   0.00129     Clsurf  =   0.00006
     CYsurf  =  -0.00000     Cmsurf  =   0.00309
     CDsurf  =   0.00021     Cnsurf  =   0.00000
     CDisurf =   0.00021     CDvsurf =   0.00000

 Forces referred to Ssurf, Cave 
     CLsurf  =   0.01791     CDsurf  =   0.00293

 Strip Forces referred to Strip Area, Chord
    j     Xle      Yle      Zle      Chord    Area     c_cl     ai     cl_norm    cl       cd       cdv    cm_c/4     cm_LE   C.P.x/c
   101   1.9000  -0.0009   0.4500   0.3600   0.0012   0.0080   0.0560   0.0221   0.0221   0.0026   0.0000   0.1401  -0.1346  999.000
   102   1.9000  -0.0077   0.4500   0.3600   0.0037   0.0080   0.0560   0.0221   0.0221   0.0026   0.0000   0.1401  -0.1346  999.000
   103   1.9000  -0.0213   0.4500   0.3600   0.0061   0.0079   0.0560   0.0221   0.0221   0.0026   0.0000   0.1401  -0.1346  999.000
   104   1.9000  -0.0413   0.4500   0.3600   0.0083   0.0079   0.0559   0.0220   0.0220   0.0026   0.0000   0.1401  -0.1346  999.000
   105   1.9000  -0.0671   0.4500   0.3600   0.0103   0.0079   0.0559   0.0218   0.0218   0.0026   0.0000   0.1401  -0.1346  999.000
   106   1.9000  -0.0982   0.4500   0.3600   0.0120   0.0077   0.0557   0.0215   0.0215   0.0025   0.0000   0.1400  -0.1347  999.000
   107   1.9000  -0.1337   0.4500   0.3600   0.0135   0.0076   0.0555   0.0210   0.0210   0.0025   0.0000   0.1399  -0.1347  999.000
   108   1.9000  -0.1728   0.4500   0.3600   0.0146   0.0073   0.0551   0.0202   0.0202   0.0025   0.0000   0.1398  -0.1347  999.000
   109   1.9000  -0.2146   0.4500   0.3600   0.0154   0.0070   0.0545   0.0192   0.0192   0.0025   0.0000   0.1395  -0.1347  999.000
   110   1.9000  -0.2580   0.4500   0.3600   0.0158   0.0065   0.0536   0.0180   0.0180   0.0024   0.0000   0.1390  -0.1345  999.000
   111   1.9000  -0.3020   0.4500   0.3600   0.0158   0.0060   0.0522   0.0165   0.0165   0.0025   0.0000   0.1383  -0.1341  999.000
   112   1.9000  -0.3454   0.4500   0.3600   0.0154   0.0054   0.0502   0.0149   0.0149   0.0025   0.0000   0.1370  -0.1332  999.000
   113   1.9000  -0.3872   0.4500   0.3600   0.0146   0.0049   0.0471   0.0133   0.0133   0.0027   0.0000   0.1350  -0.1316  999.000
   114   1.9000  -0.4263   0.4500   0.3600   0.0135   0.0045   0.0427   0.0121   0.0121   0.0030   0.0000   0.1319  -0.1287  999.000
   115   1.9000  -0.4618   0.4500   0.3600   0.0120   0.0044   0.0366   0.0117   0.0117   0.0036   0.0000   0.1270  -0.1240  999.000
   116   1.9000  -0.4929   0.4500   0.3600   0.0103   0.0048   0.0287   0.0128   0.0128   0.0044   0.0000   0.1199  -0.1165  999.000
   117   1.9000  -0.5187   0.4500   0.3600   0.0083   0.0061   0.0191   0.0161   0.0161   0.0055   0.0000   0.1098  -0.1056  999.000
   118   1.9000  -0.5387   0.4500   0.3600   0.0061   0.0082   0.0093   0.0219   0.0219   0.0068   0.0000   0.0967  -0.0910  999.000
   119   1.9000  -0.5523   0.4500   0.3600   0.0037   0.0110   0.0009   0.0296   0.0296   0.0072   0.0000   0.0814  -0.0738  999.000
   120   1.9000  -0.5591   0.4500   0.3600   0.0012   0.0135  -0.0041   0.0423   0.0423  -0.0176   0.0000   0.0619  -0.0525  999.000

  Surface # 7     fin_panel_0                             
     # Chordwise = 12   # Spanwise = 20     First strip =121
     Surface area Ssurf =    0.135000     Ave. chord Cave =    0.300000

 Forces referred to Sref, Cref, Bref about Xref, Yref, Zref
 Standard axis orientation,  X fwd, Z down         
     CLsurf  =   0.00001     Clsurf  =   0.00007
     CYsurf  =   0.00186     Cmsurf  =  -0.00002
     CDsurf  =  -0.00003     Cnsurf  =  -0.00044
     CDisurf =  -0.00003     CDvsurf =   0.00000

 Forces referred to Ssurf, Cave 
     CLsurf  =   0.03841     CDsurf  =  -0.00053

 Strip Forces referred to Strip Area, Chord
    j     Xle      Yle      Zle      Chord    Area     c_cl     ai     cl_norm    cl       cd       cdv    cm_c/4     cm_LE   C.P.x/c
   121   1.9000   0.5600   0.4493   0.3000   0.0008   0.0150   0.3052   0.0527   0.0502   0.0355   0.0000   0.0770   0.0645  999.000
   122   1.9000   0.5600   0.4438   0.3000   0.0025   0.0189   0.1157   0.0663   0.0631  -0.0047   0.0000   0.0705   0.0547   -0.867
   123   1.9000   0.5600   0.4329   0.3000   0.0041   0.0214   0.0912   0.0750   0.0714  -0.0047   0.0000   0.0544   0.0365   -0.512
   124   1.9000   0.5600   0.4168   0.3000   0.0055   0.0225   0.0709   0.0787   0.0749  -0.0034   0.0000   0.0396   0.0209   -0.279
   125   1.9000   0.5600   0.3961   0.3000   0.0069   0.0221   0.0525   0.0774   0.0736  -0.0023   0.0000   0.0276   0.0092   -0.125
   126   1.9000   0.5600   0.3711   0.3000   0.0081   0.0206   0.0381   0.0723   0.0688  -0.0015   0.0000   0.0186   0.0014   -0.021
   127   1.9000   0.5600   0.3426   0.3000   0.0090   0.0185   0.0273   0.0649   0.0618  -0.0010   0.0000   0.0123  -0.0032    0.051
   128   1.9000   0.5600   0.3111   0.3000   0.0098   0.0161   0.0194   0.0565   0.0538  -0.0006   0.0000   0.0080  -0.0054    0.101
   129   1.9000   0.5600   0.2775   0.3000   0.0103   0.0137   0.0138   0.0481   0.0457  -0.0004   0.0000   0.0054  -0.0061    0.133
   130   1.9000   0.5600   0.2427   0.3000   0.0106   0.0115   0.0100   0.0402   0.0383  -0.0002   0.0000   0.0037  -0.0058    0.152
   131   1.9000   0.5600   0.2073   0.3000   0.0106   0.0095   0.0074   0.0334   0.0318  -0.0001   0.0000   0.0028  -0.0051    0.161
   132   1.9000   0.5600   0.1725   0.3000   0.0103   0.0079   0.0058   0.0275   0.0262  -0.0001   0.0000   0.0024  -0.0042    0.160
   133   1.9000   0.5600   0.1389   0.3000   0.0098   0.0065   0.0050   0.0227   0.0216  -0.0000   0.0000   0.0021  -0.0033    0.152
   134   1.9000   0.5600   0.1074   0.3000   0.0090   0.0053   0.0046   0.0187   0.0178  -0.0000   0.0000   0.0020  -0.0024    0.136
   135   1.9000   0.5600   0.0789   0.3000   0.0081   0.0044   0.0047   0.0153   0.0146  -0.0000   0.0000   0.0020  -0.0017    0.114
   136   1.9000   0.5600   0.0539   0.3000   0.0069   0.0035   0.0054   0.0124   0.0118  -0.0000   0.0000   0.0019  -0.0010    0.088
   137   1.9000   0.5600   0.0332   0.3000   0.0055   0.0027   0.0070   0.0096   0.0091  -0.0000   0.0000   0.0017  -0.0006    0.060
   138   1.9000   0.5600   0.0171   0.3000   0.0041   0.0020   0.0112   0.0069   0.0066  -0.0000   0.0000   0.0014  -0.0002    0.035
   139   1.9000   0.5600   0.0062   0.3000   0.0025   0.0012   0.0187   0.0042   0.0040  -0.0000   0.0000   0.0009  -0.0001    0.015
   140   1.9000   0.5600   0.0007   0.3000   0.0008   0.0004   0.0053   0.0014   0.0013   0.0000   0.0000   0.0003  -0.0000    0.003

  Surface # 8     fin_panel_0                             
     # Chordwise = 12   # Spanwise = 20     First strip =141
     Surface area Ssurf =    0.135000     Ave. chord Cave =    0.300000

 Forces referred to Sref, Cref, Bref about Xref, Yref, Zref
 Standard axis orientation,  X fwd, Z down         
     CLsurf  =   0.00001     Clsurf  =  -0.00007
     CYsurf  =  -0.00181     Cmsurf  =  -0.00002
     CDsurf  =  -0.00003     Cnsurf  =   0.00044
     CDisurf =  -0.00003     CDvsurf =   0.00000

 Forces referred to Ssurf, Cave 
     CLsurf  =  -0.03743     CDsurf  =  -0.00063

 Strip Forces referred to Strip Area, Chord
    j     Xle      Yle      Zle      Chord    Area     c_cl     ai     cl_norm    cl       cd       cdv    cm_c/4     cm_LE   C.P.x/c
   141   1.9000  -0.5600   0.4493   0.3000   0.0008  -0.0150  -0.3030  -0.0526  -0.0501   0.0290   0.0000  -0.0742  -0.0616  999.000
   142   1.9000  -0.5600   0.4438   0.3000   0.0025  -0.0187  -0.1157  -0.0655  -0.0624  -0.0052   0.0000  -0.0668  -0.0513   -0.822
   143   1.9000  -0.5600   0.4329   0.3000   0.0041  -0.0211  -0.0912  -0.0740  -0.0704  -0.0049   0.0000  -0.0504  -0.0328   -0.465
   144   1.9000  -0.5600   0.4168   0.3000   0.0055  -0.0221  -0.0708  -0.0775  -0.0738  -0.0035   0.0000  -0.0352  -0.0168   -0.228
   145   1.9000  -0.5600   0.3961   0.3000   0.0069  -0.0217  -0.0523  -0.0760  -0.0724  -0.0024   0.0000  -0.0230  -0.0049   -0.068
   146   1.9000  -0.5600   0.3711   0.3000   0.0081  -0.0202  -0.0379  -0.0708  -0.0674  -0.0016   0.0000  -0.0138   0.0030    0.045
   147   1.9000  -0.5600   0.3426   0.3000   0.0090  -0.0181  -0.0270  -0.0633  -0.0603  -0.0010   0.0000  -0.0073   0.0078    0.129
   148   1.9000  -0.5600   0.3111   0.3000   0.0098  -0.0157  -0.0190  -0.0549  -0.0522  -0.0007   0.0000  -0.0030   0.0101    0.193
   149   1.9000  -0.5600   0.2775   0.3000   0.0103  -0.0133  -0.0134  -0.0464  -0.0442  -0.0004   0.0000  -0.0003   0.0108    0.244
   150   1.9000  -0.5600   0.2427   0.3000   0.0106  -0.0110  -0.0095  -0.0387  -0.0368  -0.0003   0.0000   0.0014   0.0106    0.287
   151   1.9000  -0.5600   0.2073   0.3000   0.0106  -0.0091  -0.0070  -0.0320  -0.0304  -0.0002   0.0000   0.0023   0.0099    0.325
   152   1.9000  -0.5600   0.1725   0.3000   0.0103  -0.0075  -0.0055  -0.0263  -0.0251  -0.0001   0.0000   0.0027   0.0090    0.359
   153   1.9000  -0.5600   0.1389   0.3000   0.0098  -0.0062  -0.0047  -0.0218  -0.0207  -0.0001   0.0000   0.0029   0.0080    0.389
   154   1.9000  -0.5600   0.1074   0.3000   0.0090  -0.0052  -0.0046  -0.0181  -0.0172  -0.0001   0.0000   0.0028   0.0071    0.413
   155   1.9000  -0.5600   0.0789   0.3000   0.0081  -0.0043  -0.0049  -0.0150  -0.0143  -0.0000   0.0000   0.0026   0.0062    0.431
   156   1.9000  -0.5600   0.0539   0.3000   0.0069  -0.0035  -0.0059  -0.0123  -0.0117  -0.0000   0.0000   0.0023   0.0052    0.442
   157   1.9000  -0.5600   0.0332   0.3000   0.0055  -0.0028  -0.0079  -0.0098  -0.0093  -0.0000   0.0000   0.0018   0.0042    0.447
   158   1.9000  -0.5600   0.0171   0.3000   0.0041  -0.0020  -0.0124  -0.0072  -0.0068  -0.0000   0.0000   0.0013   0.0030    0.448
   159   1.9000  -0.5600   0.0062   0.3000   0.0025  -0.0013  -0.0202  -0.0044  -0.0042  -0.0000   0.0000   0.0008   0.0019    0.447
   160   1.9000  -0.5600   0.0007   0.3000   0.0008  -0.0004  -0.0070  -0.0015  -0.0014  -0.0000   0.0000   0.0003   0.0006    0.445
 ---------------------------------------------------------------
