 ---------------------------------------------------------------
 Surface and Strip Forces by surface

  Sref =  2.7910       Cref = 0.47500       Bref =  5.8800    
  Xref = 0.50000       Yref =  0.0000       Zref =  0.0000    

  Surface # 1     main_wing_panel_0                       
     # Chordwise = 12   # Spanwise = 20     First strip =  1
     Surface area Ssurf =    0.683400     Ave. chord Cave =    0.510000

 Forces referred to Sref, Cref, Bref about Xref, Yref, Zref
 Standard axis orientation,  X fwd, Z down         
     CLsurf  =   0.25753     Clsurf  =  -0.02891
     CYsurf  =   0.00000     Cmsurf  =  -0.00284
     CDsurf  =   0.00551     Cnsurf  =  -0.00327
     CDisurf =   0.00551     CDvsurf =   0.00000

 Forces referred to Ssurf, Cave 
     CLsurf  =   1.05176     CDsurf  =   0.02250

 Strip Forces referred to Strip Area, Chord
    j     Xle      Yle      Zle      Chord    Area     c_cl     ai     cl_norm    cl       cd       cdv    cm_c/4     cm_LE   C.P.x/c
     1   0.4000   0.0021   0.0000   0.5100   0.0042   0.5418   0.0403   1.0693   1.0693   0.0209   0.0000   0.0459  -0.2197    0.207
     2   0.4000   0.0185   0.0000   0.5100   0.0125   0.5418   0.0403   1.0693   1.0693   0.0209   0.0000   0.0459  -0.2197    0.207
     3   0.4000   0.0510   0.0000   0.5100   0.0205   0.5418   0.0403   1.0692   1.0692   0.0209   0.0000   0.0459  -0.2197    0.207
     4   0.4000   0.0987   0.0000   0.5100   0.0280   0.5417   0.0404   1.0691   1.0691   0.0210   0.0000   0.0459  -0.2196    0.207
     5   0.4000   0.1605   0.0000   0.5100   0.0348   0.5415   0.0406   1.0687   1.0687   0.0210   0.0000   0.0459  -0.2196    0.207
     6   0.4000   0.2349   0.0000   0.5100   0.0408   0.5411   0.0409   1.0679   1.0679   0.0211   0.0000   0.0459  -0.2194    0.207
     7   0.4000   0.3199   0.0000   0.5100   0.0457   0.5405   0.0415   1.0668   1.0668   0.0212   0.0000   0.0458  -0.2191    0.207
     8   0.4000   0.4136   0.0000   0.5100   0.0495   0.5397   0.0424   1.0650   1.0650   0.0213   0.0000   0.0458  -0.2187    0.207
     9   0.4000   0.5136   0.0000   0.5100   0.0521   0.5384   0.0440   1.0626   1.0626   0.0215   0.0000   0.0458  -0.2182    0.207
    10   0.4000   0.6174   0.0000   0.5100   0.0535   0.5369   0.0390   1.0594   1.0594   0.0218   0.0000   0.0457  -0.2175    0.207
    11   0.4000   0.7226   0.0000   0.5100   0.0535   0.5349   0.0408   1.0554   1.0554   0.0221   0.0000   0.0456  -0.2166    0.207
    12   0.4000   0.8264   0.0000   0.5100   0.0521   0.5325   0.0422   1.0507   1.0507   0.0225   0.0000   0.0455  -0.2155    0.207
    13   0.4000   0.9264   0.0000   0.5100   0.0495   0.5298   0.0436   1.0452   1.0452   0.0229   0.0000   0.0454  -0.2143    0.207
    14   0.4000   1.0201   0.0000   0.5100   0.0457   0.5268   0.0449   1.0392   1.0392   0.0234   0.0000   0.0453  -0.2129    0.206
    15   0.4000   1.1051   0.0000   0.5100   0.0408   0.5236   0.0462   1.0329   1.0329   0.0239   0.0000   0.0452  -0.2115    0.206
    16   0.4000   1.1795   0.0000   0.5100   0.0348   0.5205   0.0475   1.0266   1.0266   0.0245   0.0000   0.0450  -0.2101    0.206
    17   0.4000   1.2413   0.0000   0.5100   0.0280   0.5175   0.0486   1.0207   1.0207   0.0251   0.0000   0.0449  -0.2088    0.206
    18   0.4000   1.2890   0.0000   0.5100   0.0205   0.5150   0.0497   1.0155   1.0155   0.0260   0.0000   0.0448  -0.2077    0.206
    19   0.4000   1.3215   0.0000   0.5100   0.0125   0.5131   0.0506   1.0116   1.0116   0.0273   0.0000   0.0446  -0.2069    0.206
    20   0.4000   1.3379   0.0000   0.5100   0.0042   0.5121   0.0512   1.0087   1.0087   0.0339   0.0000   0.0446  -0.2065    0.206

  Surface # 2     main_wing_panel_0 (YDUP)                
     # Chordwise = 12   # Spanwise = 20     First strip = 21
     Surface area Ssurf =    0.683400     Ave. chord Cave =    0.510000

 Forces referred to Sref, Cref, Bref about Xref, Yref, Zref
 Standard axis orientation,  X fwd, Z down         
     CLsurf  =   0.25753     Clsurf  =   0.02891
     CYsurf  =   0.00000     Cmsurf  =  -0.00284
     CDsurf  =   0.00551     Cnsurf  =   0.00327
     CDisurf =   0.00551     CDvsurf =   0.00000

 Forces referred to Ssurf, Cave 
     CLsurf  =   1.05175     CDsurf  =   0.02250

 Strip Forces referred to Strip Area, Chord
    j     Xle      Yle      Zle      Chord    Area     c_cl     ai     cl_norm    cl       cd       cdv    cm_c/4     cm_LE   C.P.x/c
    21   0.4000  -0.0021   0.0000   0.5100   0.0042   0.5418   0.0403   1.0693   1.0693   0.0209   0.0000   0.0459   0.2197    0.207
    22   0.4000  -0.0185   0.0000   0.5100   0.0125   0.5418   0.0403   1.0693   1.0693   0.0209   0.0000   0.0459   0.2197    0.207
    23   0.4000  -0.0510   0.0000   0.5100   0.0205   0.5418   0.0403   1.0692   1.0692   0.0209   0.0000   0.0459   0.2197    0.207
    24   0.4000  -0.0987   0.0000   0.5100   0.0280   0.5417   0.0403   1.0691   1.0691   0.0210   0.0000   0.0459   0.2196    0.207
    25   0.4000  -0.1605   0.0000   0.5100   0.0348   0.5415   0.0405   1.0687   1.0687   0.0210   0.0000   0.0459   0.2196    0.207
    26   0.4000  -0.2349   0.0000   0.5100   0.0408   0.5411   0.0408   1.0679   1.0679   0.0211   0.0000   0.0459   0.2194    0.207
    27   0.4000  -0.3199   0.0000   0.5100   0.0457   0.5405   0.0414   1.0668   1.0668   0.0212   0.0000   0.0458   0.2191    0.207
    28   0.4000  -0.4136   0.0000   0.5100   0.0495   0.5397   0.0422   1.0650   1.0650   0.0213   0.0000   0.0458   0.2187    0.207
    29   0.4000  -0.5136   0.0000   0.5100   0.0521   0.5384   0.0439   1.0625   1.0625   0.0215   0.0000   0.0458   0.2182    0.207
    30   0.4000  -0.6174   0.0000   0.5100   0.0535   0.5369   0.0391   1.0594   1.0594   0.0218   0.0000   0.0457   0.2175    0.207
    31   0.4000  -0.7226   0.0000   0.5100   0.0535   0.5349   0.0408   1.0554   1.0554   0.0221   0.0000   0.0456   0.2166    0.207
    32   0.4000  -0.8264   0.0000   0.5100   0.0521   0.5325   0.0423   1.0507   1.0507   0.0225   0.0000   0.0455   0.2155    0.207
    33   0.4000  -0.9264   0.0000   0.5100   0.0495   0.5298   0.0436   1.0452   1.0452   0.0229   0.0000   0.0454   0.2143    0.207
    34   0.4000  -1.0201   0.0000   0.5100   0.0457   0.5268   0.0450   1.0392   1.0392   0.0234   0.0000   0.0453   0.2129    0.206
    35   0.4000  -1.1051   0.0000   0.5100   0.0408   0.5236   0.0462   1.0329   1.0329   0.0239   0.0000   0.0452   0.2115    0.206
    36   0.4000  -1.1795   0.0000   0.5100   0.0348   0.5205   0.0475   1.0266   1.0266   0.0245   0.0000   0.0450   0.2101    0.206
    37   0.4000  -1.2413   0.0000   0.5100   0.0280   0.5175   0.0487   1.0207   1.0207   0.0251   0.0000   0.0449   0.2088    0.206
    38   0.4000  -1.2890   0.0000   0.5100   0.0205   0.5150   0.0497   1.0155   1.0155   0.0260   0.0000   0.0448   0.2077    0.206
    39   0.4000  -1.3215   0.0000   0.5100   0.0125   0.5131   0.0506   1.0116   1.0116   0.0273   0.0000   0.0446   0.2069    0.206
    40   0.4000  -1.3379   0.0000   0.5100   0.0042   0.5121   0.0513   1.0087   1.0087   0.0339   0.0000   0.0446   0.2065    0.206

  Surface # 3     main_wing_panel_1                       
     # Chordwise = 12   # Spanwise = 20     First strip = 41
     Surface area Ssurf =    0.712000     Ave. chord Cave =    0.445000

 Forces referred to Sref, Cref, Bref about Xref, Yref, Zref
 Standard axis orientation,  X fwd, Z down         
     CLsurf  =   0.22672     Clsurf  =  -0.07768
     CYsurf  =  -0.00129     Cmsurf  =  -0.00212
     CDsurf  =   0.00673     Cnsurf  =  -0.00800
     CDisurf =   0.00673     CDvsurf =   0.00000

 Forces referred to Ssurf, Cave 
     CLsurf  =   0.88871     CDsurf  =   0.02638

 Strip Forces referred to Strip Area, Chord
    j     Xle      Yle      Zle      Chord    Area     c_cl     ai     cl_norm    cl       cd       cdv    cm_c/4     cm_LE   C.P.x/c
    41   0.4001   1.3425   0.0000   0.5098   0.0050   0.5119   0.0513   1.0089   1.0089   0.0327   0.0000   0.0446  -0.2064    0.206
    42   0.4005   1.3621   0.0000   0.5082   0.0149   0.5106   0.0508   1.0102   1.0102   0.0271   0.0000   0.0447  -0.2064    0.206
    43   0.4013   1.4009   0.0000   0.5051   0.0243   0.5077   0.0504   1.0110   1.0110   0.0260   0.0000   0.0450  -0.2063    0.206
    44   0.4024   1.4579   0.0000   0.5004   0.0328   0.5033   0.0500   1.0115   1.0115   0.0254   0.0000   0.0453  -0.2061    0.205
    45   0.4040   1.5317   0.0000   0.4944   0.0403   0.4970   0.0499   1.0110   1.0110   0.0251   0.0000   0.0457  -0.2056    0.205
    46   0.4058   1.6204   0.0000   0.4872   0.0465   0.4888   0.0500   1.0090   1.0090   0.0250   0.0000   0.0461  -0.2047    0.204
    47   0.4079   1.7220   0.0000   0.4790   0.0513   0.4785   0.0504   1.0047   1.0047   0.0250   0.0000   0.0465  -0.2032    0.204
    48   0.4102   1.8339   0.0000   0.4699   0.0545   0.4660   0.0512   0.9974   0.9974   0.0252   0.0000   0.0469  -0.2010    0.203
    49   0.4126   1.9532   0.0000   0.4602   0.0562   0.4512   0.0527   0.9860   0.9860   0.0255   0.0000   0.0473  -0.1978    0.202
    50   0.4152   2.0772   0.0000   0.4501   0.0563   0.4339   0.0549   0.9693   0.9693   0.0261   0.0000   0.0477  -0.1933    0.201
    51   0.4178   2.2028   0.0000   0.4399   0.0551   0.4139   0.0580   0.9458   0.9458   0.0269   0.0000   0.0480  -0.1872    0.199
    52   0.4204   2.3268   0.0000   0.4298   0.0525   0.3907   0.0623   0.9136   0.9136   0.0278   0.0000   0.0482  -0.1791    0.197
    53   0.4228   2.4461   0.0000   0.4201   0.0487   0.3639   0.0677   0.8703   0.8703   0.0288   0.0000   0.0482  -0.1684    0.195
    54   0.4251   2.5580   0.0000   0.4110   0.0440   0.3328   0.0744   0.8131   0.8131   0.0296   0.0000   0.0479  -0.1545    0.191
    55   0.4272   2.6596   0.0000   0.4028   0.0384   0.2966   0.0820   0.7390   0.7390   0.0298   0.0000   0.0470  -0.1370    0.186
    56   0.4290   2.7483   0.0000   0.3956   0.0323   0.2546   0.0901   0.6456   0.6456   0.0290   0.0000   0.0451  -0.1158    0.180
    57   0.4306   2.8221   0.0000   0.3896   0.0256   0.2065   0.0979   0.5313   0.5313   0.0267   0.0000   0.0412  -0.0913    0.172
    58   0.4317   2.8791   0.0000   0.3849   0.0185   0.1526   0.1047   0.3969   0.3969   0.0224   0.0000   0.0341  -0.0650    0.164
    59   0.4325   2.9179   0.0000   0.3818   0.0112   0.0937   0.1098   0.2457   0.2457   0.0158   0.0000   0.0230  -0.0384    0.156
    60   0.4329   2.9375   0.0000   0.3802   0.0037   0.0316   0.1129   0.0831   0.0831   0.0063   0.0000   0.0082  -0.0126    0.151

  Surface # 4     main_wing_panel_1 (YDUP)                
     # Chordwise = 12   # Spanwise = 20     First strip = 61
     Surface area Ssurf =    0.712000     Ave. chord Cave =    0.445000

 Forces referred to Sref, Cref, Bref about Xref, Yref, Zref
 Standard axis orientation,  X fwd, Z down         
     CLsurf  =   0.22671     Clsurf  =   0.07768
     CYsurf  =   0.00129     Cmsurf  =  -0.00212
     CDsurf  =   0.00673     Cnsurf  =   0.00800
     CDisurf =   0.00673     CDvsurf =   0.00000

 Forces referred to Ssurf, Cave 
     CLsurf  =   0.88870     CDsurf  =   0.02638

 Strip Forces referred to Strip Area, Chord
    j     Xle      Yle      Zle      Chord    Area     c_cl     ai     cl_norm    cl       cd       cdv    cm_c/4     cm_LE   C.P.x/c
    61   0.4001  -1.3425   0.0000   0.5098   0.0050   0.5119   0.0513   1.0089   1.0089   0.0327   0.0000   0.0446   0.2064    0.206
    62   0.4005  -1.3621   0.0000   0.5082   0.0149   0.5106   0.0508   1.0102   1.0102   0.0271   0.0000   0.0447   0.2064    0.206
    63   0.4013  -1.4009   0.0000   0.5051   0.0243   0.5077   0.0504   1.0110   1.0110   0.0260   0.0000   0.0450   0.2063    0.206
    64   0.4024  -1.4579   0.0000   0.5004   0.0328   0.5033   0.0500   1.0115   1.0115   0.0254   0.0000   0.0453   0.2061    0.205
    65   0.4040  -1.5317   0.0000   0.4944   0.0403   0.4970   0.0499   1.0110   1.0110   0.0251   0.0000   0.0457   0.2056    0.205
    66   0.4058  -1.6204   0.0000   0.4872   0.0465   0.4888   0.0500   1.0090   1.0090   0.0250   0.0000   0.0461   0.2047    0.204
    67   0.4079  -1.7220   0.0000   0.4790   0.0513   0.4785   0.0504   1.0047   1.0047   0.0250   0.0000   0.0465   0.2032    0.204
    68   0.4102  -1.8339   0.0000   0.4699   0.0545   0.4660   0.0512   0.9974   0.9974   0.0252   0.0000   0.0469   0.2010    0.203
    69   0.4126  -1.9532   0.0000   0.4602   0.0562   0.4512   0.0527   0.9860   0.9860   0.0255   0.0000   0.0473   0.1978    0.202
    70   0.4152  -2.0772   0.0000   0.4501   0.0563   0.4339   0.0549   0.9693   0.9693   0.0261   0.0000   0.0477   0.1933    0.201
    71   0.4178  -2.2028   0.0000   0.4399   0.0551   0.4139   0.0580   0.9458   0.9458   0.0269   0.0000   0.0480   0.1872    0.199
    72   0.4204  -2.3268   0.0000   0.4298   0.0525   0.3907   0.0623   0.9136   0.9136   0.0278   0.0000   0.0482   0.1791    0.197
    73   0.4228  -2.4461   0.0000   0.4201   0.0487   0.3639   0.0677   0.8703   0.8703   0.0288   0.0000   0.0482   0.1684    0.195
    74   0.4251  -2.5580   0.0000   0.4110   0.0440   0.3328   0.0744   0.8131   0.8131   0.0296   0.0000   0.0479   0.1545    0.191
    75   0.4272  -2.6596   0.0000   0.4028   0.0384   0.2966   0.0820   0.7390   0.7390   0.0298   0.0000   0.0470   0.1370    0.186
    76   0.4290  -2.7483   0.0000   0.3956   0.0323   0.2546   0.0901   0.6456   0.6456   0.0290   0.0000   0.0451   0.1158    0.180
    77   0.4306  -2.8221   0.0000   0.3896   0.0256   0.2065   0.0979   0.5313   0.5313   0.0267   0.0000   0.0412   0.0913    0.172
    78   0.4317  -2.8791   0.0000   0.3849   0.0185   0.1526   0.1047   0.3969   0.3969   0.0224   0.0000   0.0341   0.0650    0.164
    79   0.4325  -2.9179   0.0000   0.3818   0.0112   0.0937   0.1098   0.2457   0.2457   0.0158   0.0000   0.0230   0.0384    0.156
    80   0.4329  -2.9375   0.0000   0.3802   0.0037   0.0316   0.1129   0.0831   0.0831   0.0063   0.0000   0.0082   0.0126    0.151

  Surface # 5     hstab_panel_0                           
     # Chordwise = 12   # Spanwise = 20     First strip = 81
     Surface area Ssurf =    0.201600     Ave. chord Cave =    0.360000

 Forces referred to Sref, Cref, Bref about Xref, Yref, Zref
 Standard axis orientation,  X fwd, Z down         
     CLsurf  =  -0.00012     Clsurf  =   0.00000
     CYsurf  =  -0.00000     Cmsurf  =   0.00490
     CDsurf  =   0.00003     Cnsurf  =   0.00000
     CDisurf =   0.00003     CDvsurf =   0.00000

 Forces referred to Ssurf, Cave 
     CLsurf  =  -0.00165     CDsurf  =   0.00048

 Strip Forces referred to Strip Area, Chord
    j     Xle      Yle      Zle      Chord    Area     c_cl     ai     cl_norm    cl       cd       cdv    cm_c/4     cm_LE   C.P.x/c
    81   1.9000   0.0009   0.4500   0.3600   0.0012  -0.0004   0.0359  -0.0010  -0.0010   0.0003   0.0000   0.0865   0.0868  999.000
    82   1.9000   0.0077   0.4500   0.3600   0.0037  -0.0003   0.0359  -0.0010  -0.0010   0.0003   0.0000   0.0865   0.0868  999.000
    83   1.9000   0.0213   0.4500   0.3600   0.0061  -0.0003   0.0359  -0.0010  -0.0010   0.0003   0.0000   0.0865   0.0868  999.000
    84   1.9000   0.0413   0.4500   0.3600   0.0083  -0.0004   0.0359  -0.0010  -0.0010   0.0003   0.0000   0.0865   0.0868  999.000
    85   1.9000   0.0671   0.4500   0.3600   0.0103  -0.0004   0.0359  -0.0011  -0.0011   0.0003   0.0000   0.0865   0.0868  999.000
    86   1.9000   0.0982   0.4500   0.3600   0.0120  -0.0004   0.0358  -0.0012  -0.0012   0.0003   0.0000   0.0865   0.0867  999.000
    87   1.9000   0.1337   0.4500   0.3600   0.0135  -0.0005   0.0356  -0.0014  -0.0014   0.0003   0.0000   0.0864   0.0867  999.000
    88   1.9000   0.1728   0.4500   0.3600   0.0146  -0.0006   0.0354  -0.0016  -0.0016   0.0003   0.0000   0.0863   0.0867  999.000
    89   1.9000   0.2146   0.4500   0.3600   0.0154  -0.0007   0.0350  -0.0020  -0.0020   0.0003   0.0000   0.0861   0.0866  999.000
    90   1.9000   0.2580   0.4500   0.3600   0.0158  -0.0009   0.0345  -0.0025  -0.0025   0.0003   0.0000   0.0859   0.0865  999.000
    91   1.9000   0.3020   0.4500   0.3600   0.0158  -0.0011   0.0336  -0.0030  -0.0030   0.0003   0.0000   0.0854   0.0861  999.000
    92   1.9000   0.3454   0.4500   0.3600   0.0154  -0.0012   0.0324  -0.0036  -0.0036   0.0003   0.0000   0.0847   0.0855  999.000
    93   1.9000   0.3872   0.4500   0.3600   0.0146  -0.0014   0.0305  -0.0040  -0.0040   0.0004   0.0000   0.0835   0.0845  999.000
    94   1.9000   0.4263   0.4500   0.3600   0.0135  -0.0014   0.0279  -0.0041  -0.0041   0.0005   0.0000   0.0817   0.0827  999.000
    95   1.9000   0.4618   0.4500   0.3600   0.0120  -0.0013   0.0242  -0.0036  -0.0036   0.0008   0.0000   0.0789   0.0798  999.000
    96   1.9000   0.4929   0.4500   0.3600   0.0103  -0.0007   0.0194  -0.0021  -0.0021   0.0011   0.0000   0.0747   0.0752  999.000
    97   1.9000   0.5187   0.4500   0.3600   0.0083   0.0004   0.0137   0.0008   0.0008   0.0015   0.0000   0.0688   0.0686  999.000
    98   1.9000   0.5387   0.4500   0.3600   0.0061   0.0021   0.0077   0.0055   0.0055   0.0020   0.0000   0.0611   0.0597  999.000
    99   1.9000   0.5523   0.4500   0.3600   0.0037   0.0042   0.0027   0.0114   0.0114   0.0021   0.0000   0.0521   0.0492  999.000
   100   1.9000   0.5591   0.4500   0.3600   0.0012   0.0063  -0.0003   0.0187   0.0187  -0.0073   0.0000   0.0413   0.0369  999.000

  Surface # 6     hstab_panel_0 (YDUP)                    
     # Chordwise = 12   # Spanwise = 20     First strip =101
     Surface area Ssurf =    0.201600     Ave. chord Cave =    0.360000

 Forces referred to Sref, Cref, Bref about Xref, Yref, Zref
 Standard axis orientation,  X fwd, Z down         
     CLsurf  =  -0.00016     Clsurf  =  -0.00001
     CYsurf  =  -0.00000     Cmsurf  =   0.00503
     CDsurf  =   0.00003     Cnsurf  =  -0.00000
     CDisurf =   0.00003     CDvsurf =   0.00000

 Forces referred to Ssurf, Cave 
     CLsurf  =  -0.00226     CDsurf  =   0.00048

 Strip Forces referred to Strip Area, Chord
    j     Xle      Yle      Zle      Chord    Area     c_cl     ai     cl_norm    cl       cd       cdv    cm_c/4     cm_LE   C.P.x/c
   101   1.9000  -0.0009   0.4500   0.3600   0.0012  -0.0004   0.0359  -0.0010  -0.0010   0.0003   0.0000   0.0865  -0.0868  999.000
   102   1.9000  -0.0077   0.4500   0.3600   0.0037  -0.0004   0.0359  -0.0010  -0.0010   0.0003   0.0000   0.0865  -0.0868  999.000
   103   1.9000  -0.0213   0.4500   0.3600   0.0061  -0.0004   0.0359  -0.0011  -0.0011   0.0003   0.0000   0.0865  -0.0868  999.000
   104   1.9000  -0.0413   0.4500   0.3600   0.0083  -0.0004   0.0359  -0.0011  -0.0011   0.0003   0.0000   0.0865  -0.0868  999.000
   105   1.9000  -0.0671   0.4500   0.3600   0.0103  -0.0004   0.0359  -0.0012  -0.0012   0.0003   0.0000   0.0865  -0.0868  999.000
   106   1.9000  -0.0982   0.4500   0.3600   0.0120  -0.0005   0.0358  -0.0014  -0.0014   0.0003   0.0000   0.0865  -0.0868  999.000
   107   1.9000  -0.1337   0.4500   0.3600   0.0135  -0.0006   0.0356  -0.0016  -0.0016   0.0003   0.0000   0.0864  -0.0868  999.000
   108   1.9000  -0.1728   0.4500   0.3600   0.0146  -0.0007   0.0354  -0.0020  -0.0020   0.0003   0.0000   0.0863  -0.0868  999.000
   109   1.9000  -0.2146   0.4500   0.3600   0.0154  -0.0009   0.0350  -0.0025  -0.0025   0.0003   0.0000   0.0861  -0.0867  999.000
   110   1.9000  -0.2580   0.4500   0.3600   0.0158  -0.0011   0.0344  -0.0030  -0.0030   0.0003   0.0000   0.0858  -0.0866  999.000
   111   1.9000  -0.3020   0.4500   0.3600   0.0158  -0.0013   0.0335  -0.0037  -0.0037   0.0003   0.0000   0.0853  -0.0862  999.000
   112   1.9000  -0.3454   0.4500   0.3600   0.0154  -0.0015   0.0322  -0.0044  -0.0044   0.0003   0.0000   0.0845  -0.0856  999.000
   113   1.9000  -0.3872   0.4500   0.3600   0.0146  -0.0017   0.0303  -0.0049  -0.0049   0.0004   0.0000   0.0833  -0.0845  999.000
   114   1.9000  -0.4263   0.4500   0.3600   0.0135  -0.0018   0.0276  -0.0051  -0.0051   0.0005   0.0000   0.0813  -0.0826  999.000
   115   1.9000  -0.4618   0.4500   0.3600   0.0120  -0.0016   0.0239  -0.0047  -0.0047   0.0007   0.0000   0.0783  -0.0794  999.000
   116   1.9000  -0.4929   0.4500   0.3600   0.0103  -0.0011   0.0191  -0.0032  -0.0032   0.0011   0.0000   0.0739  -0.0746  999.000
   117   1.9000  -0.5187   0.4500   0.3600   0.0083   0.0000   0.0133  -0.0002  -0.0002   0.0015   0.0000   0.0677  -0.0677  999.000
   118   1.9000  -0.5387   0.4500   0.3600   0.0061   0.0017   0.0074   0.0046   0.0046   0.0020   0.0000   0.0597  -0.0585  999.000
   119   1.9000  -0.5523   0.4500   0.3600   0.0037   0.0039   0.0025   0.0106   0.0106   0.0023   0.0000   0.0503  -0.0476  999.000
   120   1.9000  -0.5591   0.4500   0.3600   0.0012   0.0061  -0.0005   0.0179   0.0179  -0.0051   0.0000   0.0395  -0.0352  999.000

  Surface # 7     fin_panel_0                             
     # Chordwise = 12   # Spanwise = 20     First strip =121
     Surface area Ssurf =    0.135000     Ave. chord Cave =    0.300000

 Forces referred to Sref, Cref, Bref about Xref, Yref, Zref
 Standard axis orientation,  X fwd, Z down         
     CLsurf  =   0.00000     Clsurf  =   0.00004
     CYsurf  =   0.00088     Cmsurf  =  -0.00001
     CDsurf  =  -0.00001     Cnsurf  =  -0.00020
     CDisurf =  -0.00001     CDvsurf =   0.00000

 Forces referred to Ssurf, Cave 
     CLsurf  =   0.01829     CDsurf  =  -0.00014

 Strip Forces referred to Strip Area, Chord
    j     Xle      Yle      Zle      Chord    Area     c_cl     ai     cl_norm    cl       cd       cdv    cm_c/4     cm_LE   C.P.x/c
   121   1.9000   0.5600   0.4493   0.3000   0.0008   0.0076   0.1835   0.0257   0.0252   0.0123   0.0000   0.0510   0.0447  999.000
   122   1.9000   0.5600   0.4438   0.3000   0.0025   0.0092   0.0700   0.0314   0.0308  -0.0014   0.0000   0.0454   0.0377  999.000
   123   1.9000   0.5600   0.4329   0.3000   0.0041   0.0106   0.0555   0.0358   0.0352  -0.0015   0.0000   0.0355   0.0267   -0.759
   124   1.9000   0.5600   0.4168   0.3000   0.0055   0.0112   0.0436   0.0379   0.0372  -0.0010   0.0000   0.0264   0.0171   -0.460
   125   1.9000   0.5600   0.3961   0.3000   0.0069   0.0110   0.0328   0.0372   0.0366  -0.0007   0.0000   0.0189   0.0098   -0.268
   126   1.9000   0.5600   0.3711   0.3000   0.0081   0.0102   0.0244   0.0347   0.0340  -0.0004   0.0000   0.0133   0.0048   -0.140
   127   1.9000   0.5600   0.3426   0.3000   0.0090   0.0091   0.0179   0.0309   0.0303  -0.0003   0.0000   0.0092   0.0016   -0.053
   128   1.9000   0.5600   0.3111   0.3000   0.0098   0.0078   0.0132   0.0265   0.0261  -0.0002   0.0000   0.0064  -0.0001    0.003
   129   1.9000   0.5600   0.2775   0.3000   0.0103   0.0065   0.0097   0.0222   0.0218  -0.0001   0.0000   0.0046  -0.0008    0.037
   130   1.9000   0.5600   0.2427   0.3000   0.0106   0.0054   0.0073   0.0182   0.0179  -0.0000   0.0000   0.0035  -0.0010    0.053
   131   1.9000   0.5600   0.2073   0.3000   0.0106   0.0044   0.0057   0.0148   0.0145  -0.0000   0.0000   0.0029  -0.0008    0.053
   132   1.9000   0.5600   0.1725   0.3000   0.0103   0.0035   0.0047   0.0119   0.0117  -0.0000   0.0000   0.0025  -0.0005    0.040
   133   1.9000   0.5600   0.1389   0.3000   0.0098   0.0028   0.0041   0.0096   0.0094  -0.0000   0.0000   0.0022  -0.0001    0.013
   134   1.9000   0.5600   0.1074   0.3000   0.0090   0.0023   0.0038   0.0078   0.0076  -0.0000   0.0000   0.0021   0.0002   -0.025
   135   1.9000   0.5600   0.0789   0.3000   0.0081   0.0019   0.0038   0.0063   0.0062  -0.0000   0.0000   0.0020   0.0004   -0.071
   136   1.9000   0.5600   0.0539   0.3000   0.0069   0.0015   0.0042   0.0051   0.0050  -0.0000   0.0000   0.0018   0.0006   -0.120
   137   1.9000   0.5600   0.0332   0.3000   0.0055   0.0012   0.0052   0.0039   0.0039   0.0000   0.0000   0.0016   0.0007   -0.169
   138   1.9000   0.5600   0.0171   0.3000   0.0041   0.0008   0.0079   0.0028   0.0028   0.0000   0.0000   0.0013   0.0006   -0.211
   139   1.9000   0.5600   0.0062   0.3000   0.0025   0.0005   0.0129   0.0017   0.0017   0.0000   0.0000   0.0008   0.0004   -0.244
   140   1.9000   0.5600   0.0007   0.3000   0.0008   0.0002   0.0039   0.0006   0.0006   0.0000   0.0000   0.0003   0.0001   -0.263

  Surface # 8     fin_panel_0                             
     # Chordwise = 12   # Spanwise = 20     First strip =141
     Surface area Ssurf =    0.135000     Ave. chord Cave =    0.300000

 Forces referred to Sref, Cref, Bref about Xref, Yref, Zref
 Standard axis orientation,  X fwd, Z down         
     CLsurf  =   0.00000     Clsurf  =  -0.00004
     CYsurf  =  -0.00084     Cmsurf  =  -0.00001
     CDsurf  =  -0.00001     Cnsurf  =   0.00020
     CDisurf =  -0.00001     CDvsurf =   0.00000

 Forces referred to Ssurf, Cave 
     CLsurf  =  -0.01747     CDsurf  =  -0.00018

 Strip Forces referred to Strip Area, Chord
    j     Xle      Yle      Zle      Chord    Area     c_cl     ai     cl_norm    cl       cd       cdv    cm_c/4     cm_LE   C.P.x/c
   141   1.9000  -0.5600   0.4493   0.3000   0.0008  -0.0074  -0.1817  -0.0251  -0.0247   0.0089   0.0000  -0.0483  -0.0421  999.000
   142   1.9000  -0.5600   0.4438   0.3000   0.0025  -0.0090  -0.0700  -0.0305  -0.0300  -0.0016   0.0000  -0.0422  -0.0347  999.000
   143   1.9000  -0.5600   0.4329   0.3000   0.0041  -0.0103  -0.0556  -0.0349  -0.0342  -0.0016   0.0000  -0.0320  -0.0234   -0.683
   144   1.9000  -0.5600   0.4168   0.3000   0.0055  -0.0108  -0.0436  -0.0368  -0.0361  -0.0011   0.0000  -0.0226  -0.0135   -0.374
   145   1.9000  -0.5600   0.3961   0.3000   0.0069  -0.0106  -0.0328  -0.0361  -0.0355  -0.0007   0.0000  -0.0149  -0.0060   -0.170
   146   1.9000  -0.5600   0.3711   0.3000   0.0081  -0.0099  -0.0242  -0.0334  -0.0328  -0.0005   0.0000  -0.0090  -0.0008   -0.025
   147   1.9000  -0.5600   0.3426   0.3000   0.0090  -0.0087  -0.0177  -0.0296  -0.0291  -0.0003   0.0000  -0.0049   0.0024    0.083
   148   1.9000  -0.5600   0.3111   0.3000   0.0098  -0.0074  -0.0128  -0.0252  -0.0248  -0.0002   0.0000  -0.0020   0.0042    0.168
   149   1.9000  -0.5600   0.2775   0.3000   0.0103  -0.0062  -0.0094  -0.0209  -0.0205  -0.0001   0.0000  -0.0002   0.0049    0.241
   150   1.9000  -0.5600   0.2427   0.3000   0.0106  -0.0050  -0.0070  -0.0170  -0.0167  -0.0001   0.0000   0.0009   0.0051    0.306
   151   1.9000  -0.5600   0.2073   0.3000   0.0106  -0.0040  -0.0054  -0.0137  -0.0134  -0.0000   0.0000   0.0016   0.0050    0.370
   152   1.9000  -0.5600   0.1725   0.3000   0.0103  -0.0032  -0.0044  -0.0110  -0.0108  -0.0000   0.0000   0.0020   0.0046    0.432
   153   1.9000  -0.5600   0.1389   0.3000   0.0098  -0.0026  -0.0039  -0.0089  -0.0087  -0.0000   0.0000   0.0021   0.0043    0.492
   154   1.9000  -0.5600   0.1074   0.3000   0.0090  -0.0021  -0.0037  -0.0073  -0.0072  -0.0000   0.0000   0.0021   0.0039    0.544
   155   1.9000  -0.5600   0.0789   0.3000   0.0081  -0.0018  -0.0040  -0.0061  -0.0060  -0.0000   0.0000   0.0020   0.0035    0.583
   156   1.9000  -0.5600   0.0539   0.3000   0.0069  -0.0015  -0.0046  -0.0051  -0.0050  -0.0000   0.0000   0.0018   0.0030    0.607
   157   1.9000  -0.5600   0.0332   0.3000   0.0055  -0.0012  -0.0059  -0.0041  -0.0040  -0.0000   0.0000   0.0015   0.0025    0.617
   158   1.9000  -0.5600   0.0171   0.3000   0.0041  -0.0009  -0.0089  -0.0031  -0.0030  -0.0000   0.0000   0.0011   0.0019    0.618
   159   1.9000  -0.5600   0.0062   0.3000   0.0025  -0.0006  -0.0142  -0.0019  -0.0019  -0.0000   0.0000   0.0007   0.0011    0.617
   160   1.9000  -0.5600   0.0007   0.3000   0.0008  -0.0002  -0.0053  -0.0006  -0.0006  -0.0000   0.0000   0.0002   0.0004    0.615
 ---------------------------------------------------------------
