 ---------------------------------------------------------------
 Surface and Strip Forces by surface

  Sref =  2.7910       Cref = 0.47500       Bref =  5.8800    
  Xref = 0.50000       Yref =  0.0000       Zref =  0.0000    

  Surface # 1     main_wing_panel_0                       
     # Chordwise = 12   # Spanwise = 20     First strip =  1
     Surface area Ssurf =    0.683400     Ave. chord Cave =    0.510000

 Forces referred to Sref, Cref, Bref about Xref, Yref, Zref
 Standard axis orientation,  X fwd, Z down         
     CLsurf  =   0.04366     Clsurf  =  -0.00494
     CYsurf  =   0.00000     Cmsurf  =  -0.00276
     CDsurf  =   0.00016     Cnsurf  =   0.00010
     CDisurf =   0.00016     CDvsurf =   0.00000

 Forces referred to Ssurf, Cave 
     CLsurf  =   0.17832     CDsurf  =   0.00066

 Strip Forces referred to Strip Area, Chord
    j     Xle      Yle      Zle      Chord    Area     c_cl     ai     cl_norm    cl       cd       cdv    cm_c/4     cm_LE   C.P.x/c
     1   0.4000   0.0021   0.0000   0.5100   0.0042   0.0922   0.0042   0.1809   0.1809   0.0006   0.0000  -0.0010  -0.0462    0.256
     2   0.4000   0.0185   0.0000   0.5100   0.0125   0.0922   0.0042   0.1809   0.1809   0.0006   0.0000  -0.0010  -0.0462    0.255
     3   0.4000   0.0510   0.0000   0.5100   0.0205   0.0922   0.0042   0.1809   0.1809   0.0006   0.0000  -0.0010  -0.0462    0.255
     4   0.4000   0.0987   0.0000   0.5100   0.0280   0.0922   0.0042   0.1809   0.1809   0.0006   0.0000  -0.0010  -0.0462    0.255
     5   0.4000   0.1605   0.0000   0.5100   0.0348   0.0922   0.0041   0.1808   0.1808   0.0006   0.0000  -0.0010  -0.0462    0.255
     6   0.4000   0.2349   0.0000   0.5100   0.0408   0.0921   0.0040   0.1807   0.1807   0.0006   0.0000  -0.0010  -0.0462    0.255
     7   0.4000   0.3199   0.0000   0.5100   0.0457   0.0921   0.0039   0.1805   0.1805   0.0006   0.0000  -0.0010  -0.0461    0.255
     8   0.4000   0.4136   0.0000   0.5100   0.0495   0.0919   0.0035   0.1803   0.1803   0.0006   0.0000  -0.0010  -0.0460    0.255
     9   0.4000   0.5136   0.0000   0.5100   0.0521   0.0918   0.0023   0.1799   0.1799   0.0006   0.0000  -0.0010  -0.0459    0.255
    10   0.4000   0.6174   0.0000   0.5100   0.0535   0.0915   0.0100   0.1795   0.1795   0.0006   0.0000  -0.0009  -0.0458    0.255
    11   0.4000   0.7226   0.0000   0.5100   0.0535   0.0912   0.0090   0.1789   0.1789   0.0007   0.0000  -0.0009  -0.0456    0.255
    12   0.4000   0.8264   0.0000   0.5100   0.0521   0.0909   0.0087   0.1782   0.1782   0.0007   0.0000  -0.0009  -0.0454    0.255
    13   0.4000   0.9264   0.0000   0.5100   0.0495   0.0905   0.0086   0.1774   0.1774   0.0007   0.0000  -0.0009  -0.0452    0.255
    14   0.4000   1.0201   0.0000   0.5100   0.0457   0.0900   0.0086   0.1765   0.1765   0.0007   0.0000  -0.0008  -0.0450    0.255
    15   0.4000   1.1051   0.0000   0.5100   0.0408   0.0895   0.0087   0.1755   0.1755   0.0007   0.0000  -0.0008  -0.0447    0.255
    16   0.4000   1.1795   0.0000   0.5100   0.0348   0.0890   0.0089   0.1746   0.1746   0.0007   0.0000  -0.0008  -0.0444    0.254
    17   0.4000   1.2413   0.0000   0.5100   0.0280   0.0885   0.0090   0.1736   0.1736   0.0007   0.0000  -0.0007  -0.0441    0.254
    18   0.4000   1.2890   0.0000   0.5100   0.0205   0.0881   0.0092   0.1728   0.1728   0.0008   0.0000  -0.0007  -0.0439    0.254
    19   0.4000   1.3215   0.0000   0.5100   0.0125   0.0878   0.0094   0.1722   0.1722   0.0008   0.0000  -0.0007  -0.0437    0.254
    20   0.4000   1.3379   0.0000   0.5100   0.0042   0.0876   0.0095   0.1719   0.1719   0.0009   0.0000  -0.0007  -0.0437    0.254

  Surface # 2     main_wing_panel_0 (YDUP)                
     # Chordwise = 12   # Spanwise = 20     First strip = 21
     Surface area Ssurf =    0.683400     Ave. chord Cave =    0.510000

 Forces referred to Sref, Cref, Bref about Xref, Yref, Zref
 Standard axis orientation,  X fwd, Z down         
     CLsurf  =   0.04367     Clsurf  =   0.00494
     CYsurf  =   0.00000     Cmsurf  =  -0.00276
     CDsurf  =   0.00016     Cnsurf  =  -0.00010
     CDisurf =   0.00016     CDvsurf =   0.00000

 Forces referred to Ssurf, Cave 
     CLsurf  =   0.17833     CDsurf  =   0.00066

 Strip Forces referred to Strip Area, Chord
    j     Xle      Yle      Zle      Chord    Area     c_cl     ai     cl_norm    cl       cd       cdv    cm_c/4     cm_LE   C.P.x/c
    21   0.4000  -0.0021   0.0000   0.5100   0.0042   0.0922   0.0042   0.1809   0.1809   0.0006   0.0000  -0.0010   0.0462    0.256
    22   0.4000  -0.0185   0.0000   0.5100   0.0125   0.0922   0.0042   0.1809   0.1809   0.0006   0.0000  -0.0010   0.0462    0.255
    23   0.4000  -0.0510   0.0000   0.5100   0.0205   0.0922   0.0042   0.1809   0.1809   0.0006   0.0000  -0.0010   0.0462    0.255
    24   0.4000  -0.0987   0.0000   0.5100   0.0280   0.0922   0.0042   0.1809   0.1809   0.0006   0.0000  -0.0010   0.0462    0.255
    25   0.4000  -0.1605   0.0000   0.5100   0.0348   0.0922   0.0042   0.1808   0.1808   0.0006   0.0000  -0.0010   0.0462    0.255
    26   0.4000  -0.2349   0.0000   0.5100   0.0408   0.0921   0.0041   0.1807   0.1807   0.0006   0.0000  -0.0010   0.0462    0.255
    27   0.4000  -0.3199   0.0000   0.5100   0.0457   0.0921   0.0039   0.1805   0.1805   0.0006   0.0000  -0.0010   0.0461    0.255
    28   0.4000  -0.4136   0.0000   0.5100   0.0495   0.0919   0.0036   0.1803   0.1803   0.0006   0.0000  -0.0010   0.0460    0.255
    29   0.4000  -0.5136   0.0000   0.5100   0.0521   0.0918   0.0023   0.1799   0.1799   0.0006   0.0000  -0.0010   0.0459    0.255
    30   0.4000  -0.6174   0.0000   0.5100   0.0535   0.0915   0.0099   0.1795   0.1795   0.0006   0.0000  -0.0009   0.0458    0.255
    31   0.4000  -0.7226   0.0000   0.5100   0.0535   0.0912   0.0089   0.1789   0.1789   0.0007   0.0000  -0.0009   0.0456    0.255
    32   0.4000  -0.8264   0.0000   0.5100   0.0521   0.0909   0.0086   0.1782   0.1782   0.0007   0.0000  -0.0009   0.0454    0.255
    33   0.4000  -0.9264   0.0000   0.5100   0.0495   0.0905   0.0086   0.1774   0.1774   0.0007   0.0000  -0.0009   0.0452    0.255
    34   0.4000  -1.0201   0.0000   0.5100   0.0457   0.0900   0.0086   0.1765   0.1765   0.0007   0.0000  -0.0008   0.0450    0.255
    35   0.4000  -1.1051   0.0000   0.5100   0.0408   0.0895   0.0087   0.1755   0.1755   0.0007   0.0000  -0.0008   0.0447    0.255
    36   0.4000  -1.1795   0.0000   0.5100   0.0348   0.0890   0.0089   0.1746   0.1746   0.0007   0.0000  -0.0008   0.0444    0.254
    37   0.4000  -1.2413   0.0000   0.5100   0.0280   0.0885   0.0090   0.1736   0.1736   0.0007   0.0000  -0.0007   0.0441    0.254
    38   0.4000  -1.2890   0.0000   0.5100   0.0205   0.0881   0.0092   0.1728   0.1728   0.0008   0.0000  -0.0007   0.0439    0.254
    39   0.4000  -1.3215   0.0000   0.5100   0.0125   0.0878   0.0094   0.1722   0.1722   0.0008   0.0000  -0.0007   0.0437    0.254
    40   0.4000  -1.3379   0.0000   0.5100   0.0042   0.0876   0.0095   0.1719   0.1719   0.0009   0.0000  -0.0007   0.0437    0.254

  Surface # 3     main_wing_panel_1                       
     # Chordwise = 12   # Spanwise = 20     First strip = 41
     Surface area Ssurf =    0.712000     Ave. chord Cave =    0.445000

 Forces referred to Sref, Cref, Bref about Xref, Yref, Zref
 Standard axis orientation,  X fwd, Z down         
     CLsurf  =   0.03861     Clsurf  =  -0.01330
     CYsurf  =   0.00006     Cmsurf  =  -0.00213
     CDsurf  =   0.00020     Cnsurf  =   0.00029
     CDisurf =   0.00020     CDvsurf =   0.00000

 Forces referred to Ssurf, Cave 
     CLsurf  =   0.15134     CDsurf  =   0.00078

 Strip Forces referred to Strip Area, Chord
    j     Xle      Yle      Zle      Chord    Area     c_cl     ai     cl_norm    cl       cd       cdv    cm_c/4     cm_LE   C.P.x/c
    41   0.4001   1.3425   0.0000   0.5098   0.0050   0.0876   0.0095   0.1719   0.1719   0.0009   0.0000  -0.0007  -0.0436    0.254
    42   0.4005   1.3621   0.0000   0.5082   0.0149   0.0874   0.0094   0.1720   0.1720   0.0008   0.0000  -0.0007  -0.0436    0.254
    43   0.4013   1.4009   0.0000   0.5051   0.0243   0.0869   0.0092   0.1720   0.1720   0.0008   0.0000  -0.0006  -0.0436    0.254
    44   0.4024   1.4579   0.0000   0.5004   0.0328   0.0861   0.0090   0.1720   0.1720   0.0008   0.0000  -0.0006  -0.0436    0.253
    45   0.4040   1.5317   0.0000   0.4944   0.0403   0.0850   0.0089   0.1719   0.1719   0.0007   0.0000  -0.0005  -0.0435    0.253
    46   0.4058   1.6204   0.0000   0.4872   0.0465   0.0835   0.0088   0.1714   0.1714   0.0007   0.0000  -0.0005  -0.0433    0.253
    47   0.4079   1.7220   0.0000   0.4790   0.0513   0.0817   0.0088   0.1706   0.1706   0.0007   0.0000  -0.0003  -0.0430    0.252
    48   0.4102   1.8339   0.0000   0.4699   0.0545   0.0795   0.0088   0.1692   0.1692   0.0007   0.0000  -0.0002  -0.0425    0.251
    49   0.4126   1.9532   0.0000   0.4602   0.0562   0.0769   0.0090   0.1672   0.1672   0.0007   0.0000  -0.0000  -0.0418    0.250
    50   0.4152   2.0772   0.0000   0.4501   0.0563   0.0740   0.0093   0.1644   0.1644   0.0007   0.0000   0.0002  -0.0409    0.249
    51   0.4178   2.2028   0.0000   0.4399   0.0551   0.0706   0.0098   0.1605   0.1605   0.0008   0.0000   0.0004  -0.0397    0.247
    52   0.4204   2.3268   0.0000   0.4298   0.0525   0.0667   0.0105   0.1553   0.1553   0.0008   0.0000   0.0007  -0.0381    0.245
    53   0.4228   2.4461   0.0000   0.4201   0.0487   0.0623   0.0116   0.1483   0.1483   0.0008   0.0000   0.0011  -0.0359    0.242
    54   0.4251   2.5580   0.0000   0.4110   0.0440   0.0572   0.0128   0.1391   0.1391   0.0009   0.0000   0.0016  -0.0331    0.238
    55   0.4272   2.6596   0.0000   0.4028   0.0384   0.0512   0.0144   0.1270   0.1270   0.0009   0.0000   0.0022  -0.0295    0.232
    56   0.4290   2.7483   0.0000   0.3956   0.0323   0.0441   0.0161   0.1116   0.1116   0.0009   0.0000   0.0028  -0.0250    0.224
    57   0.4306   2.8221   0.0000   0.3896   0.0256   0.0360   0.0178   0.0924   0.0924   0.0009   0.0000   0.0033  -0.0198    0.214
    58   0.4317   2.8791   0.0000   0.3849   0.0185   0.0267   0.0193   0.0695   0.0695   0.0007   0.0000   0.0034  -0.0140    0.201
    59   0.4325   2.9179   0.0000   0.3818   0.0112   0.0165   0.0205   0.0432   0.0432   0.0006   0.0000   0.0026  -0.0081    0.189
    60   0.4329   2.9375   0.0000   0.3802   0.0037   0.0056   0.0213   0.0147   0.0147   0.0002   0.0000   0.0010  -0.0026    0.179

  Surface # 4     main_wing_panel_1 (YDUP)                
     # Chordwise = 12   # Spanwise = 20     First strip = 61
     Surface area Ssurf =    0.712000     Ave. chord Cave =    0.445000

 Forces referred to Sref, Cref, Bref about Xref, Yref, Zref
 Standard axis orientation,  X fwd, Z down         
     CLsurf  =   0.03861     Clsurf  =   0.01330
     CYsurf  =  -0.00006     Cmsurf  =  -0.00213
     CDsurf  =   0.00020     Cnsurf  =  -0.00029
     CDisurf =   0.00020     CDvsurf =   0.00000

 Forces referred to Ssurf, Cave 
     CLsurf  =   0.15135     CDsurf  =   0.00078

 Strip Forces referred to Strip Area, Chord
    j     Xle      Yle      Zle      Chord    Area     c_cl     ai     cl_norm    cl       cd       cdv    cm_c/4     cm_LE   C.P.x/c
    61   0.4001  -1.3425   0.0000   0.5098   0.0050   0.0876   0.0095   0.1719   0.1719   0.0009   0.0000  -0.0007   0.0436    0.254
    62   0.4005  -1.3621   0.0000   0.5082   0.0149   0.0874   0.0094   0.1720   0.1720   0.0008   0.0000  -0.0007   0.0436    0.254
    63   0.4013  -1.4009   0.0000   0.5051   0.0243   0.0869   0.0092   0.1720   0.1720   0.0008   0.0000  -0.0006   0.0436    0.254
    64   0.4024  -1.4579   0.0000   0.5004   0.0328   0.0861   0.0090   0.1720   0.1720   0.0008   0.0000  -0.0006   0.0436    0.253
    65   0.4040  -1.5317   0.0000   0.4944   0.0403   0.0850   0.0089   0.1719   0.1719   0.0007   0.0000  -0.0005   0.0435    0.253
    66   0.4058  -1.6204   0.0000   0.4872   0.0465   0.0835   0.0088   0.1714   0.1714   0.0007   0.0000  -0.0005   0.0433    0.253
    67   0.4079  -1.7220   0.0000   0.4790   0.0513   0.0817   0.0088   0.1706   0.1706   0.0007   0.0000  -0.0003   0.0430    0.252
    68   0.4102  -1.8339   0.0000   0.4699   0.0545   0.0795   0.0088   0.1692   0.1692   0.0007   0.0000  -0.0002   0.0425    0.251
    69   0.4126  -1.9532   0.0000   0.4602   0.0562   0.0769   0.0090   0.1672   0.1672   0.0007   0.0000  -0.0000   0.0418    0.250
    70   0.4152  -2.0772   0.0000   0.4501   0.0563   0.0740   0.0093   0.1644   0.1644   0.0007   0.0000   0.0002   0.0409    0.249
    71   0.4178  -2.2028   0.0000   0.4399   0.0551   0.0706   0.0098   0.1605   0.1605   0.0008   0.0000   0.0004   0.0397    0.247
    72   0.4204  -2.3268   0.0000   0.4298   0.0525   0.0667   0.0105   0.1553   0.1553   0.0008   0.0000   0.0007   0.0381    0.245
    73   0.4228  -2.4461   0.0000   0.4201   0.0487   0.0623   0.0115   0.1483   0.1483   0.0008   0.0000   0.0011   0.0359    0.242
    74   0.4251  -2.5580   0.0000   0.4110   0.0440   0.0572   0.0128   0.1391   0.1391   0.0009   0.0000   0.0016   0.0331    0.238
    75   0.4272  -2.6596   0.0000   0.4028   0.0384   0.0512   0.0144   0.1271   0.1271   0.0009   0.0000   0.0022   0.0295    0.232
    76   0.4290  -2.7483   0.0000   0.3956   0.0323   0.0441   0.0161   0.1116   0.1116   0.0009   0.0000   0.0028   0.0250    0.224
    77   0.4306  -2.8221   0.0000   0.3896   0.0256   0.0360   0.0178   0.0924   0.0924   0.0009   0.0000   0.0033   0.0198    0.214
    78   0.4317  -2.8791   0.0000   0.3849   0.0185   0.0267   0.0193   0.0695   0.0695   0.0007   0.0000   0.0034   0.0140    0.201
    79   0.4325  -2.9179   0.0000   0.3818   0.0112   0.0165   0.0205   0.0432   0.0432   0.0006   0.0000   0.0026   0.0081    0.189
    80   0.4329  -2.9375   0.0000   0.3802   0.0037   0.0056   0.0213   0.0147   0.0147   0.0002   0.0000   0.0010   0.0026    0.179

  Surface # 5     hstab_panel_0                           
     # Chordwise = 12   # Spanwise = 20     First strip = 81
     Surface area Ssurf =    0.201600     Ave. chord Cave =    0.360000

 Forces referred to Sref, Cref, Bref about Xref, Yref, Zref
 Standard axis orientation,  X fwd, Z down         
     CLsurf  =  -0.00194     Clsurf  =   0.00009
     CYsurf  =   0.00000     Cmsurf  =   0.00495
     CDsurf  =  -0.00001     Cnsurf  =  -0.00000
     CDisurf =  -0.00001     CDvsurf =   0.00000

 Forces referred to Ssurf, Cave 
     CLsurf  =  -0.02687     CDsurf  =  -0.00018

 Strip Forces referred to Strip Area, Chord
    j     Xle      Yle      Zle      Chord    Area     c_cl     ai     cl_norm    cl       cd       cdv    cm_c/4     cm_LE   C.P.x/c
    81   1.9000   0.0009   0.4500   0.3600   0.0012  -0.0100   0.0032  -0.0279  -0.0279  -0.0002   0.0000  -0.0209  -0.0139   -0.498
    82   1.9000   0.0077   0.4500   0.3600   0.0037  -0.0101   0.0032  -0.0279  -0.0279  -0.0002   0.0000  -0.0209  -0.0139   -0.498
    83   1.9000   0.0213   0.4500   0.3600   0.0061  -0.0101   0.0032  -0.0279  -0.0279  -0.0002   0.0000  -0.0209  -0.0139   -0.498
    84   1.9000   0.0413   0.4500   0.3600   0.0083  -0.0101   0.0032  -0.0279  -0.0279  -0.0002   0.0000  -0.0209  -0.0139   -0.498
    85   1.9000   0.0671   0.4500   0.3600   0.0103  -0.0100   0.0032  -0.0279  -0.0279  -0.0002   0.0000  -0.0209  -0.0139   -0.498
    86   1.9000   0.0982   0.4500   0.3600   0.0120  -0.0100   0.0032  -0.0279  -0.0279  -0.0002   0.0000  -0.0209  -0.0139   -0.500
    87   1.9000   0.1337   0.4500   0.3600   0.0135  -0.0100   0.0033  -0.0278  -0.0278  -0.0002   0.0000  -0.0209  -0.0139   -0.502
    88   1.9000   0.1728   0.4500   0.3600   0.0146  -0.0099   0.0033  -0.0276  -0.0276  -0.0002   0.0000  -0.0209  -0.0140   -0.505
    89   1.9000   0.2146   0.4500   0.3600   0.0154  -0.0099   0.0033  -0.0274  -0.0274  -0.0002   0.0000  -0.0208  -0.0140   -0.509
    90   1.9000   0.2580   0.4500   0.3600   0.0158  -0.0098   0.0034  -0.0272  -0.0272  -0.0002   0.0000  -0.0208  -0.0140   -0.515
    91   1.9000   0.3020   0.4500   0.3600   0.0158  -0.0097   0.0035  -0.0269  -0.0269  -0.0002   0.0000  -0.0207  -0.0140   -0.521
    92   1.9000   0.3454   0.4500   0.3600   0.0154  -0.0095   0.0037  -0.0265  -0.0265  -0.0002   0.0000  -0.0206  -0.0140   -0.527
    93   1.9000   0.3872   0.4500   0.3600   0.0146  -0.0094   0.0040  -0.0261  -0.0261  -0.0002   0.0000  -0.0203  -0.0138   -0.530
    94   1.9000   0.4263   0.4500   0.3600   0.0135  -0.0092   0.0044  -0.0257  -0.0257  -0.0001   0.0000  -0.0200  -0.0136   -0.528
    95   1.9000   0.4618   0.4500   0.3600   0.0120  -0.0091   0.0050  -0.0254  -0.0254  -0.0001   0.0000  -0.0194  -0.0131   -0.515
    96   1.9000   0.4929   0.4500   0.3600   0.0103  -0.0091   0.0059  -0.0253  -0.0253  -0.0001   0.0000  -0.0186  -0.0123   -0.485
    97   1.9000   0.5187   0.4500   0.3600   0.0083  -0.0092   0.0069  -0.0255  -0.0255  -0.0000   0.0000  -0.0174  -0.0110   -0.431
    98   1.9000   0.5387   0.4500   0.3600   0.0061  -0.0094   0.0080  -0.0261  -0.0261   0.0000   0.0000  -0.0157  -0.0092   -0.353
    99   1.9000   0.5523   0.4500   0.3600   0.0037  -0.0098   0.0090  -0.0271  -0.0271   0.0000   0.0000  -0.0138  -0.0070   -0.258
   100   1.9000   0.5591   0.4500   0.3600   0.0012  -0.0104   0.0095  -0.0290  -0.0290  -0.0026   0.0000  -0.0120  -0.0048   -0.164

  Surface # 6     hstab_panel_0 (YDUP)                    
     # Chordwise = 12   # Spanwise = 20     First strip =101
     Surface area Ssurf =    0.201600     Ave. chord Cave =    0.360000

 Forces referred to Sref, Cref, Bref about Xref, Yref, Zref
 Standard axis orientation,  X fwd, Z down         
     CLsurf  =  -0.00190     Clsurf  =  -0.00009
     CYsurf  =  -0.00000     Cmsurf  =   0.00484
     CDsurf  =  -0.00001     Cnsurf  =   0.00000
     CDisurf =  -0.00001     CDvsurf =   0.00000

 Forces referred to Ssurf, Cave 
     CLsurf  =  -0.02634     CDsurf  =  -0.00016

 Strip Forces referred to Strip Area, Chord
    j     Xle      Yle      Zle      Chord    Area     c_cl     ai     cl_norm    cl       cd       cdv    cm_c/4     cm_LE   C.P.x/c
   101   1.9000  -0.0009   0.4500   0.3600   0.0012  -0.0100   0.0032  -0.0279  -0.0279  -0.0002   0.0000  -0.0209   0.0139   -0.498
   102   1.9000  -0.0077   0.4500   0.3600   0.0037  -0.0100   0.0032  -0.0279  -0.0279  -0.0002   0.0000  -0.0209   0.0139   -0.499
   103   1.9000  -0.0213   0.4500   0.3600   0.0061  -0.0100   0.0032  -0.0279  -0.0279  -0.0002   0.0000  -0.0209   0.0139   -0.499
   104   1.9000  -0.0413   0.4500   0.3600   0.0083  -0.0100   0.0032  -0.0279  -0.0279  -0.0002   0.0000  -0.0209   0.0139   -0.500
   105   1.9000  -0.0671   0.4500   0.3600   0.0103  -0.0100   0.0032  -0.0278  -0.0278  -0.0002   0.0000  -0.0209   0.0139   -0.501
   106   1.9000  -0.0982   0.4500   0.3600   0.0120  -0.0100   0.0033  -0.0277  -0.0277  -0.0002   0.0000  -0.0209   0.0140   -0.504
   107   1.9000  -0.1337   0.4500   0.3600   0.0135  -0.0099   0.0033  -0.0276  -0.0276  -0.0002   0.0000  -0.0209   0.0140   -0.507
   108   1.9000  -0.1728   0.4500   0.3600   0.0146  -0.0098   0.0033  -0.0273  -0.0273  -0.0002   0.0000  -0.0208   0.0140   -0.512
   109   1.9000  -0.2146   0.4500   0.3600   0.0154  -0.0097   0.0034  -0.0271  -0.0271  -0.0002   0.0000  -0.0208   0.0140   -0.519
   110   1.9000  -0.2580   0.4500   0.3600   0.0158  -0.0096   0.0034  -0.0267  -0.0267  -0.0002   0.0000  -0.0207   0.0141   -0.527
   111   1.9000  -0.3020   0.4500   0.3600   0.0158  -0.0095   0.0036  -0.0263  -0.0263  -0.0002   0.0000  -0.0206   0.0141   -0.535
   112   1.9000  -0.3454   0.4500   0.3600   0.0154  -0.0093   0.0038  -0.0258  -0.0258  -0.0002   0.0000  -0.0204   0.0140   -0.542
   113   1.9000  -0.3872   0.4500   0.3600   0.0146  -0.0091   0.0041  -0.0253  -0.0253  -0.0001   0.0000  -0.0201   0.0138   -0.545
   114   1.9000  -0.4263   0.4500   0.3600   0.0135  -0.0089   0.0046  -0.0248  -0.0248  -0.0001   0.0000  -0.0196   0.0134   -0.541
   115   1.9000  -0.4618   0.4500   0.3600   0.0120  -0.0088   0.0053  -0.0245  -0.0245  -0.0001   0.0000  -0.0189   0.0128   -0.522
   116   1.9000  -0.4929   0.4500   0.3600   0.0103  -0.0088   0.0062  -0.0243  -0.0243  -0.0000   0.0000  -0.0178   0.0117   -0.483
   117   1.9000  -0.5187   0.4500   0.3600   0.0083  -0.0088   0.0072  -0.0245  -0.0245   0.0000   0.0000  -0.0164   0.0102   -0.417
   118   1.9000  -0.5387   0.4500   0.3600   0.0061  -0.0090   0.0082  -0.0251  -0.0251   0.0001   0.0000  -0.0145   0.0082   -0.325
   119   1.9000  -0.5523   0.4500   0.3600   0.0037  -0.0094   0.0091  -0.0261  -0.0261   0.0001   0.0000  -0.0123   0.0057   -0.219
   120   1.9000  -0.5591   0.4500   0.3600   0.0012  -0.0100   0.0096  -0.0278  -0.0278  -0.0018   0.0000  -0.0102   0.0033   -0.118

  Surface # 7     fin_panel_0                             
     # Chordwise = 12   # Spanwise = 20     First strip =121
     Surface area Ssurf =    0.135000     Ave. chord Cave =    0.300000

 Forces referred to Sref, Cref, Bref about Xref, Yref, Zref
 Standard axis orientation,  X fwd, Z down         
     CLsurf  =  -0.00000     Clsurf  =  -0.00004
     CYsurf  =  -0.00089     Cmsurf  =  -0.00000
     CDsurf  =  -0.00000     Cnsurf  =   0.00022
     CDisurf =  -0.00000     CDvsurf =   0.00000

 Forces referred to Ssurf, Cave 
     CLsurf  =  -0.01845     CDsurf  =  -0.00003

 Strip Forces referred to Strip Area, Chord
    j     Xle      Yle      Zle      Chord    Area     c_cl     ai     cl_norm    cl       cd       cdv    cm_c/4     cm_LE   C.P.x/c
   121   1.9000   0.5600   0.4493   0.3000   0.0008  -0.0107  -0.0348  -0.0357  -0.0357   0.0041   0.0000  -0.0142  -0.0053   -0.148
   122   1.9000   0.5600   0.4438   0.3000   0.0025  -0.0103  -0.0125  -0.0344  -0.0344  -0.0001   0.0000  -0.0119  -0.0034   -0.098
   123   1.9000   0.5600   0.4329   0.3000   0.0041  -0.0101  -0.0096  -0.0337  -0.0337  -0.0002   0.0000  -0.0096  -0.0012   -0.034
   124   1.9000   0.5600   0.4168   0.3000   0.0055  -0.0098  -0.0071  -0.0326  -0.0326  -0.0002   0.0000  -0.0074   0.0008    0.024
   125   1.9000   0.5600   0.3961   0.3000   0.0069  -0.0093  -0.0049  -0.0310  -0.0309  -0.0002   0.0000  -0.0056   0.0022    0.070
   126   1.9000   0.5600   0.3711   0.3000   0.0081  -0.0087  -0.0030  -0.0289  -0.0289  -0.0001   0.0000  -0.0042   0.0030    0.106
   127   1.9000   0.5600   0.3426   0.3000   0.0090  -0.0079  -0.0016  -0.0265  -0.0265  -0.0001   0.0000  -0.0032   0.0034    0.130
   128   1.9000   0.5600   0.3111   0.3000   0.0098  -0.0072  -0.0006  -0.0240  -0.0240  -0.0001   0.0000  -0.0025   0.0035    0.145
   129   1.9000   0.5600   0.2775   0.3000   0.0103  -0.0065   0.0001  -0.0215  -0.0215  -0.0001   0.0000  -0.0021   0.0033    0.152
   130   1.9000   0.5600   0.2427   0.3000   0.0106  -0.0057   0.0006  -0.0191  -0.0191  -0.0000   0.0000  -0.0019   0.0029    0.152
   131   1.9000   0.5600   0.2073   0.3000   0.0106  -0.0050   0.0009  -0.0168  -0.0168  -0.0000   0.0000  -0.0018   0.0025    0.146
   132   1.9000   0.5600   0.1725   0.3000   0.0103  -0.0044   0.0010  -0.0146  -0.0146  -0.0000   0.0000  -0.0017   0.0020    0.135
   133   1.9000   0.5600   0.1389   0.3000   0.0098  -0.0038   0.0011  -0.0126  -0.0126  -0.0000   0.0000  -0.0016   0.0015    0.119
   134   1.9000   0.5600   0.1074   0.3000   0.0090  -0.0032   0.0012  -0.0106  -0.0106  -0.0000   0.0000  -0.0016   0.0010    0.098
   135   1.9000   0.5600   0.0789   0.3000   0.0081  -0.0026   0.0013  -0.0088  -0.0087  -0.0000   0.0000  -0.0015   0.0006    0.074
   136   1.9000   0.5600   0.0539   0.3000   0.0069  -0.0021   0.0015  -0.0070  -0.0070  -0.0000   0.0000  -0.0014   0.0003    0.047
   137   1.9000   0.5600   0.0332   0.3000   0.0055  -0.0016   0.0017  -0.0053  -0.0053  -0.0000   0.0000  -0.0012   0.0001    0.018
   138   1.9000   0.5600   0.0171   0.3000   0.0041  -0.0011   0.0021  -0.0037  -0.0037   0.0000   0.0000  -0.0010  -0.0000   -0.009
   139   1.9000   0.5600   0.0062   0.3000   0.0025  -0.0007   0.0029  -0.0022  -0.0022   0.0000   0.0000  -0.0006  -0.0001   -0.031
   140   1.9000   0.5600   0.0007   0.3000   0.0008  -0.0002   0.0016  -0.0007  -0.0007   0.0000   0.0000  -0.0002  -0.0000   -0.044

  Surface # 8     fin_panel_0                             
     # Chordwise = 12   # Spanwise = 20     First strip =141
     Surface area Ssurf =    0.135000     Ave. chord Cave =    0.300000

 Forces referred to Sref, Cref, Bref about Xref, Yref, Zref
 Standard axis orientation,  X fwd, Z down         
     CLsurf  =  -0.00000     Clsurf  =   0.00004
     CYsurf  =   0.00086     Cmsurf  =  -0.00000
     CDsurf  =  -0.00000     Cnsurf  =  -0.00022
     CDisurf =  -0.00000     CDvsurf =   0.00000

 Forces referred to Ssurf, Cave 
     CLsurf  =   0.01776     CDsurf  =  -0.00006

 Strip Forces referred to Strip Area, Chord
    j     Xle      Yle      Zle      Chord    Area     c_cl     ai     cl_norm    cl       cd       cdv    cm_c/4     cm_LE   C.P.x/c
   141   1.9000  -0.5600   0.4493   0.3000   0.0008   0.0103   0.0335   0.0342   0.0342   0.0029   0.0000   0.0116   0.0030   -0.088
   142   1.9000  -0.5600   0.4438   0.3000   0.0025   0.0100   0.0126   0.0332   0.0332  -0.0002   0.0000   0.0091   0.0008   -0.025
   143   1.9000  -0.5600   0.4329   0.3000   0.0041   0.0098   0.0097   0.0326   0.0326  -0.0003   0.0000   0.0065  -0.0016    0.050
   144   1.9000  -0.5600   0.4168   0.3000   0.0055   0.0095   0.0072   0.0316   0.0316  -0.0002   0.0000   0.0041  -0.0038    0.120
   145   1.9000  -0.5600   0.3961   0.3000   0.0069   0.0090   0.0049   0.0299   0.0299  -0.0002   0.0000   0.0021  -0.0054    0.179
   146   1.9000  -0.5600   0.3711   0.3000   0.0081   0.0084   0.0029   0.0278   0.0278  -0.0002   0.0000   0.0006  -0.0064    0.229
   147   1.9000  -0.5600   0.3426   0.3000   0.0090   0.0076   0.0014   0.0255   0.0255  -0.0001   0.0000  -0.0005  -0.0068    0.269
   148   1.9000  -0.5600   0.3111   0.3000   0.0098   0.0069   0.0004   0.0230   0.0230  -0.0001   0.0000  -0.0012  -0.0069    0.302
   149   1.9000  -0.5600   0.2775   0.3000   0.0103   0.0062  -0.0004   0.0205   0.0205  -0.0001   0.0000  -0.0016  -0.0068    0.329
   150   1.9000  -0.5600   0.2427   0.3000   0.0106   0.0055  -0.0009   0.0182   0.0182  -0.0001   0.0000  -0.0019  -0.0064    0.353
   151   1.9000  -0.5600   0.2073   0.3000   0.0106   0.0048  -0.0011   0.0160   0.0160  -0.0000   0.0000  -0.0020  -0.0060    0.374
   152   1.9000  -0.5600   0.1725   0.3000   0.0103   0.0042  -0.0013   0.0139   0.0139  -0.0000   0.0000  -0.0020  -0.0055    0.394
   153   1.9000  -0.5600   0.1389   0.3000   0.0098   0.0036  -0.0013   0.0120   0.0120  -0.0000   0.0000  -0.0020  -0.0050    0.414
   154   1.9000  -0.5600   0.1074   0.3000   0.0090   0.0031  -0.0013   0.0103   0.0103  -0.0000   0.0000  -0.0019  -0.0045    0.434
   155   1.9000  -0.5600   0.0789   0.3000   0.0081   0.0026  -0.0012   0.0086   0.0086  -0.0000   0.0000  -0.0018  -0.0039    0.455
   156   1.9000  -0.5600   0.0539   0.3000   0.0069   0.0021  -0.0011   0.0070   0.0070  -0.0000   0.0000  -0.0016  -0.0033    0.475
   157   1.9000  -0.5600   0.0332   0.3000   0.0055   0.0016  -0.0011   0.0054   0.0054  -0.0000   0.0000  -0.0013  -0.0027    0.494
   158   1.9000  -0.5600   0.0171   0.3000   0.0041   0.0012  -0.0014   0.0039   0.0039  -0.0000   0.0000  -0.0010  -0.0020    0.510
   159   1.9000  -0.5600   0.0062   0.3000   0.0025   0.0007  -0.0020   0.0023   0.0023  -0.0000   0.0000  -0.0006  -0.0012    0.521
   160   1.9000  -0.5600   0.0007   0.3000   0.0008   0.0002  -0.0006   0.0008   0.0008  -0.0000   0.0000  -0.0002  -0.0004    0.528
 ---------------------------------------------------------------
