 ---------------------------------------------------------------
 Surface and Strip Forces by surface

  Sref =  1.7740       Cref = 0.39400       Bref =  4.5000    
  Xref = 0.50000       Yref =  0.0000       Zref =  0.0000    

  Surface # 1     main_wing_panel_0                       
     # Chordwise = 12   # Spanwise = 20     First strip =  1
     Surface area Ssurf =    0.434600     Ave. chord Cave =    0.410000

 Forces referred to Sref, Cref, Bref about Xref, Yref, Zref
 Standard axis orientation,  X fwd, Z down         
     CLsurf  =   0.08968     Clsurf  =  -0.01048
     CYsurf  =   0.00000     Cmsurf  =   0.00062
     CDsurf  =   0.00068     Cnsurf  =  -0.00012
     CDisurf =   0.00068     CDvsurf =   0.00000

 Forces referred to Ssurf, Cave 
     CLsurf  =   0.36608     CDsurf  =   0.00276

 Strip Forces referred to Strip Area, Chord
    j     Xle      Yle      Zle      Chord    Area     c_cl     ai     cl_norm    cl       cd       cdv    cm_c/4     cm_LE   C.P.x/c
     1   0.4000   0.0016   0.0000   0.4100   0.0027   0.1523   0.0143   0.3715   0.3715   0.0026   0.0000   0.0046  -0.0883    0.238
     2   0.4000   0.0146   0.0000   0.4100   0.0080   0.1523   0.0143   0.3715   0.3715   0.0026   0.0000   0.0046  -0.0883    0.238
     3   0.4000   0.0403   0.0000   0.4100   0.0130   0.1523   0.0143   0.3715   0.3715   0.0026   0.0000   0.0046  -0.0883    0.238
     4   0.4000   0.0781   0.0000   0.4100   0.0178   0.1523   0.0143   0.3714   0.3714   0.0026   0.0000   0.0046  -0.0883    0.238
     5   0.4000   0.1270   0.0000   0.4100   0.0221   0.1522   0.0143   0.3713   0.3713   0.0026   0.0000   0.0046  -0.0883    0.238
     6   0.4000   0.1858   0.0000   0.4100   0.0259   0.1521   0.0143   0.3710   0.3710   0.0026   0.0000   0.0046  -0.0882    0.238
     7   0.4000   0.2531   0.0000   0.4100   0.0291   0.1520   0.0143   0.3707   0.3707   0.0026   0.0000   0.0046  -0.0881    0.238
     8   0.4000   0.3272   0.0000   0.4100   0.0315   0.1517   0.0144   0.3701   0.3701   0.0026   0.0000   0.0046  -0.0880    0.238
     9   0.4000   0.4063   0.0000   0.4100   0.0332   0.1514   0.0143   0.3694   0.3694   0.0026   0.0000   0.0046  -0.0878    0.238
    10   0.4000   0.4884   0.0000   0.4100   0.0340   0.1510   0.0142   0.3684   0.3684   0.0027   0.0000   0.0046  -0.0875    0.237
    11   0.4000   0.5716   0.0000   0.4100   0.0340   0.1505   0.0157   0.3672   0.3672   0.0027   0.0000   0.0046  -0.0872    0.237
    12   0.4000   0.6537   0.0000   0.4100   0.0332   0.1499   0.0156   0.3657   0.3657   0.0028   0.0000   0.0046  -0.0868    0.237
    13   0.4000   0.7328   0.0000   0.4100   0.0315   0.1493   0.0158   0.3641   0.3641   0.0028   0.0000   0.0047  -0.0863    0.237
    14   0.4000   0.8069   0.0000   0.4100   0.0291   0.1485   0.0161   0.3622   0.3622   0.0029   0.0000   0.0047  -0.0858    0.237
    15   0.4000   0.8742   0.0000   0.4100   0.0259   0.1477   0.0165   0.3603   0.3603   0.0030   0.0000   0.0047  -0.0853    0.237
    16   0.4000   0.9330   0.0000   0.4100   0.0221   0.1469   0.0169   0.3584   0.3584   0.0030   0.0000   0.0048  -0.0848    0.237
    17   0.4000   0.9819   0.0000   0.4100   0.0178   0.1462   0.0173   0.3566   0.3566   0.0031   0.0000   0.0048  -0.0843    0.237
    18   0.4000   1.0197   0.0000   0.4100   0.0130   0.1456   0.0177   0.3550   0.3550   0.0032   0.0000   0.0048  -0.0839    0.236
    19   0.4000   1.0454   0.0000   0.4100   0.0080   0.1451   0.0180   0.3539   0.3539   0.0032   0.0000   0.0049  -0.0836    0.236
    20   0.4000   1.0584   0.0000   0.4100   0.0027   0.1448   0.0182   0.3532   0.3532   0.0036   0.0000   0.0049  -0.0834    0.236

  Surface # 2     main_wing_panel_0 (YDUP)                
     # Chordwise = 12   # Spanwise = 20     First strip = 21
     Surface area Ssurf =    0.434600     Ave. chord Cave =    0.410000

 Forces referred to Sref, Cref, Bref about Xref, Yref, Zref
 Standard axis orientation,  X fwd, Z down         
     CLsurf  =   0.08968     Clsurf  =   0.01048
     CYsurf  =  -0.00000     Cmsurf  =   0.00062
     CDsurf  =   0.00068     Cnsurf  =   0.00012
     CDisurf =   0.00068     CDvsurf =   0.00000

 Forces referred to Ssurf, Cave 
     CLsurf  =   0.36608     CDsurf  =   0.00276

 Strip Forces referred to Strip Area, Chord
    j     Xle      Yle      Zle      Chord    Area     c_cl     ai     cl_norm    cl       cd       cdv    cm_c/4     cm_LE   C.P.x/c
    21   0.4000  -0.0016   0.0000   0.4100   0.0027   0.1523   0.0143   0.3715   0.3715   0.0026   0.0000   0.0046   0.0883    0.238
    22   0.4000  -0.0146   0.0000   0.4100   0.0080   0.1523   0.0143   0.3715   0.3715   0.0026   0.0000   0.0046   0.0883    0.238
    23   0.4000  -0.0403   0.0000   0.4100   0.0130   0.1523   0.0143   0.3715   0.3715   0.0026   0.0000   0.0046   0.0883    0.238
    24   0.4000  -0.0781   0.0000   0.4100   0.0178   0.1523   0.0143   0.3714   0.3714   0.0026   0.0000   0.0046   0.0883    0.238
    25   0.4000  -0.1270   0.0000   0.4100   0.0221   0.1522   0.0143   0.3713   0.3713   0.0026   0.0000   0.0046   0.0883    0.238
    26   0.4000  -0.1858   0.0000   0.4100   0.0259   0.1521   0.0143   0.3710   0.3710   0.0026   0.0000   0.0046   0.0882    0.238
    27   0.4000  -0.2531   0.0000   0.4100   0.0291   0.1520   0.0143   0.3707   0.3707   0.0026   0.0000   0.0046   0.0881    0.238
    28   0.4000  -0.3272   0.0000   0.4100   0.0315   0.1517   0.0143   0.3701   0.3701   0.0026   0.0000   0.0046   0.0879    0.238
    29   0.4000  -0.4063   0.0000   0.4100   0.0332   0.1514   0.0143   0.3694   0.3694   0.0026   0.0000   0.0046   0.0878    0.238
    30   0.4000  -0.4884   0.0000   0.4100   0.0340   0.1510   0.0142   0.3684   0.3684   0.0027   0.0000   0.0046   0.0875    0.237
    31   0.4000  -0.5716   0.0000   0.4100   0.0340   0.1505   0.0157   0.3672   0.3672   0.0027   0.0000   0.0046   0.0872    0.237
    32   0.4000  -0.6537   0.0000   0.4100   0.0332   0.1499   0.0156   0.3657   0.3657   0.0028   0.0000   0.0046   0.0868    0.237
    33   0.4000  -0.7328   0.0000   0.4100   0.0315   0.1493   0.0158   0.3641   0.3641   0.0028   0.0000   0.0047   0.0863    0.237
    34   0.4000  -0.8069   0.0000   0.4100   0.0291   0.1485   0.0161   0.3622   0.3622   0.0029   0.0000   0.0047   0.0858    0.237
    35   0.4000  -0.8742   0.0000   0.4100   0.0259   0.1477   0.0165   0.3603   0.3603   0.0030   0.0000   0.0047   0.0853    0.237
    36   0.4000  -0.9330   0.0000   0.4100   0.0221   0.1469   0.0169   0.3584   0.3584   0.0030   0.0000   0.0048   0.0848    0.237
    37   0.4000  -0.9819   0.0000   0.4100   0.0178   0.1462   0.0173   0.3565   0.3565   0.0031   0.0000   0.0048   0.0843    0.237
    38   0.4000  -1.0197   0.0000   0.4100   0.0130   0.1456   0.0177   0.3550   0.3550   0.0032   0.0000   0.0048   0.0839    0.236
    39   0.4000  -1.0454   0.0000   0.4100   0.0080   0.1451   0.0180   0.3539   0.3539   0.0032   0.0000   0.0049   0.0836    0.236
    40   0.4000  -1.0584   0.0000   0.4100   0.0027   0.1448   0.0182   0.3532   0.3532   0.0036   0.0000   0.0049   0.0834    0.236

  Surface # 3     main_wing_panel_1                       
     # Chordwise = 12   # Spanwise = 20     First strip = 41
     Surface area Ssurf =    0.452200     Ave. chord Cave =    0.380000

 Forces referred to Sref, Cref, Bref about Xref, Yref, Zref
 Standard axis orientation,  X fwd, Z down         
     CLsurf  =   0.07650     Clsurf  =  -0.02677
     CYsurf  =  -0.00001     Cmsurf  =   0.00127
     CDsurf  =   0.00091     Cnsurf  =  -0.00018
     CDisurf =   0.00091     CDvsurf =   0.00000

 Forces referred to Ssurf, Cave 
     CLsurf  =   0.30013     CDsurf  =   0.00356

 Strip Forces referred to Strip Area, Chord
    j     Xle      Yle      Zle      Chord    Area     c_cl     ai     cl_norm    cl       cd       cdv    cm_c/4     cm_LE   C.P.x/c
    41   0.4000   1.0618   0.0000   0.4099   0.0030   0.1448   0.0182   0.3532   0.3532   0.0035   0.0000   0.0049  -0.0834    0.236
    42   0.4002   1.0764   0.0000   0.4092   0.0089   0.1445   0.0181   0.3531   0.3531   0.0033   0.0000   0.0049  -0.0833    0.236
    43   0.4006   1.1053   0.0000   0.4077   0.0146   0.1438   0.0181   0.3528   0.3528   0.0032   0.0000   0.0050  -0.0832    0.236
    44   0.4011   1.1477   0.0000   0.4056   0.0198   0.1428   0.0182   0.3521   0.3521   0.0032   0.0000   0.0051  -0.0829    0.235
    45   0.4018   1.2026   0.0000   0.4028   0.0244   0.1414   0.0183   0.3509   0.3509   0.0032   0.0000   0.0053  -0.0824    0.235
    46   0.4026   1.2686   0.0000   0.3995   0.0284   0.1395   0.0186   0.3491   0.3491   0.0032   0.0000   0.0055  -0.0817    0.234
    47   0.4036   1.3441   0.0000   0.3957   0.0315   0.1371   0.0191   0.3464   0.3464   0.0033   0.0000   0.0058  -0.0808    0.233
    48   0.4046   1.4273   0.0000   0.3915   0.0338   0.1341   0.0198   0.3425   0.3425   0.0034   0.0000   0.0061  -0.0795    0.232
    49   0.4057   1.5161   0.0000   0.3870   0.0351   0.1305   0.0207   0.3371   0.3371   0.0035   0.0000   0.0065  -0.0778    0.231
    50   0.4069   1.6083   0.0000   0.3824   0.0356   0.1261   0.0220   0.3299   0.3299   0.0036   0.0000   0.0069  -0.0755    0.229
    51   0.4081   1.7017   0.0000   0.3776   0.0352   0.1209   0.0236   0.3202   0.3202   0.0037   0.0000   0.0074  -0.0727    0.227
    52   0.4093   1.7939   0.0000   0.3730   0.0339   0.1147   0.0256   0.3076   0.3076   0.0039   0.0000   0.0079  -0.0689    0.224
    53   0.4104   1.8827   0.0000   0.3685   0.0318   0.1073   0.0280   0.2912   0.2912   0.0040   0.0000   0.0086  -0.0642    0.221
    54   0.4114   1.9659   0.0000   0.3643   0.0290   0.0985   0.0308   0.2702   0.2702   0.0041   0.0000   0.0092  -0.0583    0.216
    55   0.4124   2.0414   0.0000   0.3605   0.0256   0.0879   0.0338   0.2438   0.2438   0.0041   0.0000   0.0098  -0.0512    0.210
    56   0.4132   2.1074   0.0000   0.3572   0.0217   0.0756   0.0369   0.2115   0.2115   0.0040   0.0000   0.0101  -0.0427    0.202
    57   0.4139   2.1623   0.0000   0.3544   0.0173   0.0613   0.0397   0.1729   0.1729   0.0037   0.0000   0.0099  -0.0333    0.193
    58   0.4144   2.2047   0.0000   0.3523   0.0126   0.0453   0.0422   0.1285   0.1285   0.0031   0.0000   0.0087  -0.0235    0.183
    59   0.4148   2.2336   0.0000   0.3508   0.0076   0.0278   0.0440   0.0792   0.0792   0.0022   0.0000   0.0061  -0.0137    0.173
    60   0.4150   2.2482   0.0000   0.3501   0.0026   0.0094   0.0451   0.0268   0.0268   0.0009   0.0000   0.0022  -0.0045    0.167

  Surface # 4     main_wing_panel_1 (YDUP)                
     # Chordwise = 12   # Spanwise = 20     First strip = 61
     Surface area Ssurf =    0.452200     Ave. chord Cave =    0.380000

 Forces referred to Sref, Cref, Bref about Xref, Yref, Zref
 Standard axis orientation,  X fwd, Z down         
     CLsurf  =   0.07650     Clsurf  =   0.02677
     CYsurf  =   0.00001     Cmsurf  =   0.00127
     CDsurf  =   0.00091     Cnsurf  =   0.00018
     CDisurf =   0.00091     CDvsurf =   0.00000

 Forces referred to Ssurf, Cave 
     CLsurf  =   0.30013     CDsurf  =   0.00356

 Strip Forces referred to Strip Area, Chord
    j     Xle      Yle      Zle      Chord    Area     c_cl     ai     cl_norm    cl       cd       cdv    cm_c/4     cm_LE   C.P.x/c
    61   0.4000  -1.0618   0.0000   0.4099   0.0030   0.1448   0.0182   0.3532   0.3532   0.0035   0.0000   0.0049   0.0834    0.236
    62   0.4002  -1.0764   0.0000   0.4092   0.0089   0.1445   0.0181   0.3531   0.3531   0.0033   0.0000   0.0049   0.0833    0.236
    63   0.4006  -1.1053   0.0000   0.4077   0.0146   0.1438   0.0181   0.3528   0.3528   0.0032   0.0000   0.0050   0.0832    0.236
    64   0.4011  -1.1477   0.0000   0.4056   0.0198   0.1428   0.0182   0.3521   0.3521   0.0032   0.0000   0.0051   0.0829    0.235
    65   0.4018  -1.2026   0.0000   0.4028   0.0244   0.1414   0.0183   0.3509   0.3509   0.0032   0.0000   0.0053   0.0824    0.235
    66   0.4026  -1.2686   0.0000   0.3995   0.0284   0.1395   0.0186   0.3491   0.3491   0.0032   0.0000   0.0055   0.0817    0.234
    67   0.4036  -1.3441   0.0000   0.3957   0.0315   0.1371   0.0191   0.3464   0.3464   0.0033   0.0000   0.0058   0.0808    0.233
    68   0.4046  -1.4273   0.0000   0.3915   0.0338   0.1341   0.0198   0.3425   0.3425   0.0034   0.0000   0.0061   0.0795    0.232
    69   0.4057  -1.5161   0.0000   0.3870   0.0351   0.1305   0.0207   0.3371   0.3371   0.0035   0.0000   0.0065   0.0778    0.231
    70   0.4069  -1.6083   0.0000   0.3824   0.0356   0.1261   0.0220   0.3299   0.3299   0.0036   0.0000   0.0069   0.0755    0.229
    71   0.4081  -1.7017   0.0000   0.3776   0.0352   0.1209   0.0236   0.3202   0.3202   0.0037   0.0000   0.0074   0.0727    0.227
    72   0.4093  -1.7939   0.0000   0.3730   0.0339   0.1147   0.0256   0.3076   0.3076   0.0039   0.0000   0.0079   0.0689    0.224
    73   0.4104  -1.8827   0.0000   0.3685   0.0318   0.1073   0.0280   0.2912   0.2912   0.0040   0.0000   0.0086   0.0642    0.221
    74   0.4114  -1.9659   0.0000   0.3643   0.0290   0.0985   0.0308   0.2702   0.2702   0.0041   0.0000   0.0092   0.0583    0.216
    75   0.4124  -2.0414   0.0000   0.3605   0.0256   0.0879   0.0338   0.2438   0.2438   0.0041   0.0000   0.0098   0.0512    0.210
    76   0.4132  -2.1074   0.0000   0.3572   0.0217   0.0756   0.0369   0.2115   0.2115   0.0040   0.0000   0.0101   0.0427    0.202
    77   0.4139  -2.1623   0.0000   0.3544   0.0173   0.0613   0.0397   0.1729   0.1729   0.0037   0.0000   0.0099   0.0333    0.193
    78   0.4144  -2.2047   0.0000   0.3523   0.0126   0.0453   0.0422   0.1285   0.1285   0.0031   0.0000   0.0087   0.0235    0.183
    79   0.4148  -2.2336   0.0000   0.3508   0.0076   0.0278   0.0440   0.0792   0.0792   0.0022   0.0000   0.0061   0.0137    0.173
    80   0.4150  -2.2482   0.0000   0.3501   0.0026   0.0094   0.0451   0.0268   0.0268   0.0009   0.0000   0.0022   0.0045    0.167

  Surface # 5     hstab_panel_0                           
     # Chordwise = 12   # Spanwise = 20     First strip = 81
     Surface area Ssurf =    0.118800     Ave. chord Cave =    0.220000

 Forces referred to Sref, Cref, Bref about Xref, Yref, Zref
 Standard axis orientation,  X fwd, Z down         
     CLsurf  =   0.00053     Clsurf  =  -0.00003
     CYsurf  =   0.00000     Cmsurf  =  -0.00191
     CDsurf  =   0.00001     Cnsurf  =  -0.00000
     CDisurf =   0.00001     CDvsurf =   0.00000

 Forces referred to Ssurf, Cave 
     CLsurf  =   0.00788     CDsurf  =   0.00013

 Strip Forces referred to Strip Area, Chord
    j     Xle      Yle      Zle      Chord    Area     c_cl     ai     cl_norm    cl       cd       cdv    cm_c/4     cm_LE   C.P.x/c
    81   1.9000   0.0008   0.4000   0.2200   0.0007   0.0022   0.0136   0.0098   0.0098   0.0002   0.0000   0.0011  -0.0014    0.142
    82   1.9000   0.0075   0.4000   0.2200   0.0022   0.0022   0.0136   0.0098   0.0098   0.0002   0.0000   0.0011  -0.0014    0.142
    83   1.9000   0.0206   0.4000   0.2200   0.0036   0.0022   0.0136   0.0098   0.0098   0.0002   0.0000   0.0011  -0.0014    0.142
    84   1.9000   0.0398   0.4000   0.2200   0.0049   0.0022   0.0136   0.0098   0.0098   0.0002   0.0000   0.0011  -0.0014    0.142
    85   1.9000   0.0647   0.4000   0.2200   0.0061   0.0021   0.0136   0.0098   0.0098   0.0002   0.0000   0.0011  -0.0014    0.141
    86   1.9000   0.0946   0.4000   0.2200   0.0071   0.0021   0.0136   0.0097   0.0097   0.0002   0.0000   0.0011  -0.0014    0.140
    87   1.9000   0.1289   0.4000   0.2200   0.0079   0.0021   0.0136   0.0096   0.0096   0.0002   0.0000   0.0011  -0.0013    0.138
    88   1.9000   0.1667   0.4000   0.2200   0.0086   0.0021   0.0136   0.0094   0.0094   0.0002   0.0000   0.0011  -0.0013    0.135
    89   1.9000   0.2070   0.4000   0.2200   0.0091   0.0020   0.0137   0.0092   0.0092   0.0002   0.0000   0.0011  -0.0012    0.131
    90   1.9000   0.2488   0.4000   0.2200   0.0093   0.0020   0.0137   0.0089   0.0089   0.0001   0.0000   0.0011  -0.0011    0.125
    91   1.9000   0.2912   0.4000   0.2200   0.0093   0.0019   0.0138   0.0085   0.0085   0.0001   0.0000   0.0011  -0.0010    0.117
    92   1.9000   0.3330   0.4000   0.2200   0.0091   0.0018   0.0139   0.0080   0.0080   0.0001   0.0000   0.0012  -0.0008    0.105
    93   1.9000   0.3733   0.4000   0.2200   0.0086   0.0016   0.0140   0.0073   0.0073   0.0001   0.0000   0.0012  -0.0007    0.089
    94   1.9000   0.4111   0.4000   0.2200   0.0079   0.0015   0.0141   0.0066   0.0066   0.0001   0.0000   0.0012  -0.0004    0.066
    95   1.9000   0.4454   0.4000   0.2200   0.0071   0.0013   0.0142   0.0058   0.0058   0.0001   0.0000   0.0012  -0.0002    0.035
    96   1.9000   0.4753   0.4000   0.2200   0.0061   0.0011   0.0142   0.0049   0.0049   0.0001   0.0000   0.0013   0.0000   -0.007
    97   1.9000   0.5002   0.4000   0.2200   0.0049   0.0009   0.0142   0.0040   0.0040   0.0001   0.0000   0.0012   0.0002   -0.063
    98   1.9000   0.5194   0.4000   0.2200   0.0036   0.0007   0.0142   0.0031   0.0031   0.0001   0.0000   0.0012   0.0004   -0.135
    99   1.9000   0.5325   0.4000   0.2200   0.0022   0.0005   0.0142   0.0023   0.0023   0.0000   0.0000   0.0011   0.0005   -0.223
   100   1.9000   0.5392   0.4000   0.2200   0.0007   0.0004   0.0141   0.0017   0.0017   0.0000   0.0000   0.0010   0.0005   -0.313

  Surface # 6     hstab_panel_0 (YDUP)                    
     # Chordwise = 12   # Spanwise = 20     First strip =101
     Surface area Ssurf =    0.118800     Ave. chord Cave =    0.220000

 Forces referred to Sref, Cref, Bref about Xref, Yref, Zref
 Standard axis orientation,  X fwd, Z down         
     CLsurf  =   0.00052     Clsurf  =   0.00003
     CYsurf  =  -0.00000     Cmsurf  =  -0.00187
     CDsurf  =   0.00001     Cnsurf  =   0.00000
     CDisurf =   0.00001     CDvsurf =   0.00000

 Forces referred to Ssurf, Cave 
     CLsurf  =   0.00771     CDsurf  =   0.00013

 Strip Forces referred to Strip Area, Chord
    j     Xle      Yle      Zle      Chord    Area     c_cl     ai     cl_norm    cl       cd       cdv    cm_c/4     cm_LE   C.P.x/c
   101   1.9000  -0.0008   0.4000   0.2200   0.0007   0.0022   0.0136   0.0098   0.0098   0.0002   0.0000   0.0011   0.0014    0.142
   102   1.9000  -0.0075   0.4000   0.2200   0.0022   0.0022   0.0136   0.0098   0.0098   0.0002   0.0000   0.0011   0.0014    0.142
   103   1.9000  -0.0206   0.4000   0.2200   0.0036   0.0022   0.0136   0.0098   0.0098   0.0002   0.0000   0.0011   0.0014    0.142
   104   1.9000  -0.0398   0.4000   0.2200   0.0049   0.0022   0.0136   0.0098   0.0098   0.0002   0.0000   0.0011   0.0014    0.141
   105   1.9000  -0.0647   0.4000   0.2200   0.0061   0.0021   0.0136   0.0097   0.0097   0.0002   0.0000   0.0011   0.0014    0.141
   106   1.9000  -0.0946   0.4000   0.2200   0.0071   0.0021   0.0136   0.0097   0.0097   0.0002   0.0000   0.0011   0.0013    0.139
   107   1.9000  -0.1289   0.4000   0.2200   0.0079   0.0021   0.0136   0.0095   0.0095   0.0002   0.0000   0.0011   0.0013    0.137
   108   1.9000  -0.1667   0.4000   0.2200   0.0086   0.0021   0.0136   0.0093   0.0093   0.0002   0.0000   0.0011   0.0013    0.134
   109   1.9000  -0.2070   0.4000   0.2200   0.0091   0.0020   0.0137   0.0091   0.0091   0.0002   0.0000   0.0011   0.0012    0.130
   110   1.9000  -0.2488   0.4000   0.2200   0.0093   0.0019   0.0137   0.0087   0.0087   0.0001   0.0000   0.0011   0.0011    0.124
   111   1.9000  -0.2912   0.4000   0.2200   0.0093   0.0018   0.0138   0.0083   0.0083   0.0001   0.0000   0.0011   0.0010    0.115
   112   1.9000  -0.3330   0.4000   0.2200   0.0091   0.0017   0.0139   0.0077   0.0077   0.0001   0.0000   0.0011   0.0008    0.103
   113   1.9000  -0.3733   0.4000   0.2200   0.0086   0.0016   0.0140   0.0071   0.0071   0.0001   0.0000   0.0012   0.0006    0.086
   114   1.9000  -0.4111   0.4000   0.2200   0.0079   0.0014   0.0140   0.0063   0.0063   0.0001   0.0000   0.0012   0.0004    0.065
   115   1.9000  -0.4454   0.4000   0.2200   0.0071   0.0012   0.0141   0.0054   0.0054   0.0001   0.0000   0.0011   0.0002    0.040
   116   1.9000  -0.4753   0.4000   0.2200   0.0061   0.0010   0.0141   0.0045   0.0045   0.0001   0.0000   0.0011   0.0001    0.011
   117   1.9000  -0.5002   0.4000   0.2200   0.0049   0.0008   0.0141   0.0036   0.0036   0.0001   0.0000   0.0010  -0.0001   -0.014
   118   1.9000  -0.5194   0.4000   0.2200   0.0036   0.0006   0.0141   0.0027   0.0027   0.0000   0.0000   0.0008  -0.0001   -0.028
   119   1.9000  -0.5325   0.4000   0.2200   0.0022   0.0004   0.0141   0.0020   0.0020   0.0000   0.0000   0.0005  -0.0000   -0.013
   120   1.9000  -0.5392   0.4000   0.2200   0.0007   0.0003   0.0140   0.0014   0.0014   0.0000   0.0000   0.0003   0.0001    0.043

  Surface # 7     fin_panel_0                             
     # Chordwise = 12   # Spanwise = 20     First strip =121
     Surface area Ssurf =    0.080000     Ave. chord Cave =    0.200000

 Forces referred to Sref, Cref, Bref about Xref, Yref, Zref
 Standard axis orientation,  X fwd, Z down         
     CLsurf  =   0.00000     Clsurf  =  -0.00000
     CYsurf  =  -0.00010     Cmsurf  =  -0.00000
     CDsurf  =  -0.00000     Cnsurf  =   0.00003
     CDisurf =  -0.00000     CDvsurf =   0.00000

 Forces referred to Ssurf, Cave 
     CLsurf  =  -0.00231     CDsurf  =  -0.00000

 Strip Forces referred to Strip Area, Chord
    j     Xle      Yle      Zle      Chord    Area     c_cl     ai     cl_norm    cl       cd       cdv    cm_c/4     cm_LE   C.P.x/c
   121   1.9000   0.5400   0.3994   0.2000   0.0005   0.0003   0.0006   0.0015   0.0015   0.0000   0.0000   0.0011   0.0007   -0.465
   122   1.9000   0.5400   0.3945   0.2000   0.0015   0.0002   0.0005   0.0009   0.0009   0.0000   0.0000   0.0009   0.0007   -0.725
   123   1.9000   0.5400   0.3848   0.2000   0.0024   0.0000   0.0005   0.0002   0.0002   0.0000   0.0000   0.0007   0.0007  999.000
   124   1.9000   0.5400   0.3705   0.2000   0.0033  -0.0001   0.0005  -0.0005  -0.0005   0.0000   0.0000   0.0006   0.0007    1.397
   125   1.9000   0.5400   0.3521   0.2000   0.0041  -0.0002   0.0004  -0.0012  -0.0012  -0.0000   0.0000   0.0005   0.0008    0.629
   126   1.9000   0.5400   0.3299   0.2000   0.0048  -0.0004   0.0004  -0.0019  -0.0019  -0.0000   0.0000   0.0004   0.0009    0.466
   127   1.9000   0.5400   0.3045   0.2000   0.0054  -0.0005   0.0004  -0.0025  -0.0025  -0.0000   0.0000   0.0004   0.0010    0.409
   128   1.9000   0.5400   0.2765   0.2000   0.0058  -0.0006   0.0004  -0.0030  -0.0030  -0.0000   0.0000   0.0004   0.0012    0.387
   129   1.9000   0.5400   0.2467   0.2000   0.0061  -0.0007   0.0004  -0.0033  -0.0033  -0.0000   0.0000   0.0004   0.0013    0.380
   130   1.9000   0.5400   0.2157   0.2000   0.0063  -0.0007   0.0004  -0.0035  -0.0035  -0.0000   0.0000   0.0005   0.0013    0.380
   131   1.9000   0.5400   0.1843   0.2000   0.0063  -0.0007   0.0004  -0.0035  -0.0035  -0.0000   0.0000   0.0005   0.0013    0.386
   132   1.9000   0.5400   0.1533   0.2000   0.0061  -0.0007   0.0005  -0.0033  -0.0033  -0.0000   0.0000   0.0005   0.0013    0.397
   133   1.9000   0.5400   0.1235   0.2000   0.0058  -0.0006   0.0006  -0.0030  -0.0030  -0.0000   0.0000   0.0005   0.0013    0.414
   134   1.9000   0.5400   0.0955   0.2000   0.0054  -0.0005   0.0006  -0.0027  -0.0027  -0.0000   0.0000   0.0005   0.0012    0.441
   135   1.9000   0.5400   0.0701   0.2000   0.0048  -0.0004   0.0008  -0.0022  -0.0022  -0.0000   0.0000   0.0005   0.0011    0.480
   136   1.9000   0.5400   0.0479   0.2000   0.0041  -0.0003   0.0010  -0.0017  -0.0017  -0.0000   0.0000   0.0005   0.0009    0.534
   137   1.9000   0.5400   0.0295   0.2000   0.0033  -0.0003   0.0013  -0.0013  -0.0013  -0.0000   0.0000   0.0004   0.0008    0.603
   138   1.9000   0.5400   0.0152   0.2000   0.0024  -0.0002   0.0018  -0.0008  -0.0008  -0.0000   0.0000   0.0004   0.0006    0.678
   139   1.9000   0.5400   0.0055   0.2000   0.0015  -0.0001   0.0015  -0.0005  -0.0005  -0.0000   0.0000   0.0002   0.0004    0.746
   140   1.9000   0.5400   0.0006   0.2000   0.0005  -0.0000   0.0000  -0.0002  -0.0002  -0.0000   0.0000   0.0001   0.0001    0.787

  Surface # 8     fin_panel_0                             
     # Chordwise = 12   # Spanwise = 20     First strip =141
     Surface area Ssurf =    0.080000     Ave. chord Cave =    0.200000

 Forces referred to Sref, Cref, Bref about Xref, Yref, Zref
 Standard axis orientation,  X fwd, Z down         
     CLsurf  =   0.00000     Clsurf  =   0.00000
     CYsurf  =   0.00011     Cmsurf  =  -0.00000
     CDsurf  =  -0.00000     Cnsurf  =  -0.00003
     CDisurf =  -0.00000     CDvsurf =   0.00000

 Forces referred to Ssurf, Cave 
     CLsurf  =   0.00247     CDsurf  =  -0.00000

 Strip Forces referred to Strip Area, Chord
    j     Xle      Yle      Zle      Chord    Area     c_cl     ai     cl_norm    cl       cd       cdv    cm_c/4     cm_LE   C.P.x/c
   141   1.9000  -0.5400   0.3994   0.2000   0.0005  -0.0002  -0.0007  -0.0012  -0.0012   0.0000   0.0000  -0.0002   0.0001    0.084
   142   1.9000  -0.5400   0.3945   0.2000   0.0015  -0.0001  -0.0007  -0.0007  -0.0007  -0.0000   0.0000   0.0001   0.0002    0.337
   143   1.9000  -0.5400   0.3848   0.2000   0.0024   0.0000  -0.0006   0.0000   0.0000  -0.0000   0.0000   0.0003   0.0003  999.000
   144   1.9000  -0.5400   0.3705   0.2000   0.0033   0.0001  -0.0006   0.0007   0.0007  -0.0000   0.0000   0.0006   0.0004   -0.502
   145   1.9000  -0.5400   0.3521   0.2000   0.0041   0.0003  -0.0005   0.0015   0.0015  -0.0000   0.0000   0.0007   0.0003   -0.229
   146   1.9000  -0.5400   0.3299   0.2000   0.0048   0.0004  -0.0004   0.0022   0.0022  -0.0000   0.0000   0.0008   0.0003   -0.115
   147   1.9000  -0.5400   0.3045   0.2000   0.0054   0.0006  -0.0003   0.0028   0.0028  -0.0000   0.0000   0.0008   0.0001   -0.049
   148   1.9000  -0.5400   0.2765   0.2000   0.0058   0.0007  -0.0003   0.0033   0.0033  -0.0000   0.0000   0.0008   0.0000   -0.008
   149   1.9000  -0.5400   0.2467   0.2000   0.0061   0.0007  -0.0003   0.0036   0.0036  -0.0000   0.0000   0.0008  -0.0001    0.018
   150   1.9000  -0.5400   0.2157   0.2000   0.0063   0.0007  -0.0003   0.0037   0.0037  -0.0000   0.0000   0.0008  -0.0001    0.031
   151   1.9000  -0.5400   0.1843   0.2000   0.0063   0.0007  -0.0004   0.0037   0.0037  -0.0000   0.0000   0.0008  -0.0001    0.035
   152   1.9000  -0.5400   0.1533   0.2000   0.0061   0.0007  -0.0004   0.0035   0.0035  -0.0000   0.0000   0.0008  -0.0001    0.029
   153   1.9000  -0.5400   0.1235   0.2000   0.0058   0.0006  -0.0005   0.0032   0.0032  -0.0000   0.0000   0.0008  -0.0000    0.013
   154   1.9000  -0.5400   0.0955   0.2000   0.0054   0.0005  -0.0006   0.0027   0.0027  -0.0000   0.0000   0.0007   0.0000   -0.014
   155   1.9000  -0.5400   0.0701   0.2000   0.0048   0.0004  -0.0008   0.0022   0.0022  -0.0000   0.0000   0.0007   0.0001   -0.056
   156   1.9000  -0.5400   0.0479   0.2000   0.0041   0.0003  -0.0011   0.0016   0.0016  -0.0000   0.0000   0.0006   0.0002   -0.116
   157   1.9000  -0.5400   0.0295   0.2000   0.0033   0.0002  -0.0015   0.0011   0.0011  -0.0000   0.0000   0.0005   0.0002   -0.198
   158   1.9000  -0.5400   0.0152   0.2000   0.0024   0.0001  -0.0021   0.0007   0.0007   0.0000   0.0000   0.0004   0.0002   -0.299
   159   1.9000  -0.5400   0.0055   0.2000   0.0015   0.0001  -0.0019   0.0004   0.0004   0.0000   0.0000   0.0002   0.0002   -0.403
   160   1.9000  -0.5400   0.0006   0.2000   0.0005   0.0000  -0.0005   0.0001   0.0001   0.0000   0.0000   0.0001   0.0001   -0.473
 ---------------------------------------------------------------
