 ---------------------------------------------------------------
 Surface and Strip Forces by surface

  Sref =  1.7740       Cref = 0.39400       Bref =  4.5000    
  Xref = 0.50000       Yref =  0.0000       Zref =  0.0000    

  Surface # 1     main_wing_panel_0                       
     # Chordwise = 12   # Spanwise = 20     First strip =  1
     Surface area Ssurf =    0.434600     Ave. chord Cave =    0.410000

 Forces referred to Sref, Cref, Bref about Xref, Yref, Zref
 Standard axis orientation,  X fwd, Z down         
     CLsurf  =   0.28958     Clsurf  =  -0.03352
     CYsurf  =  -0.00000     Cmsurf  =   0.01217
     CDsurf  =   0.00708     Cnsurf  =  -0.00448
     CDisurf =   0.00708     CDvsurf =   0.00000

 Forces referred to Ssurf, Cave 
     CLsurf  =   1.18204     CDsurf  =   0.02892

 Strip Forces referred to Strip Area, Chord
    j     Xle      Yle      Zle      Chord    Area     c_cl     ai     cl_norm    cl       cd       cdv    cm_c/4     cm_LE   C.P.x/c
     1   0.4000   0.0016   0.0000   0.4100   0.0027   0.4884   0.0517   1.2020   1.2020   0.0270   0.0000   0.0553  -0.2425    0.204
     2   0.4000   0.0146   0.0000   0.4100   0.0080   0.4884   0.0518   1.2020   1.2020   0.0270   0.0000   0.0553  -0.2425    0.204
     3   0.4000   0.0403   0.0000   0.4100   0.0130   0.4883   0.0518   1.2019   1.2019   0.0270   0.0000   0.0553  -0.2424    0.204
     4   0.4000   0.0781   0.0000   0.4100   0.0178   0.4883   0.0518   1.2017   1.2017   0.0271   0.0000   0.0553  -0.2424    0.204
     5   0.4000   0.1270   0.0000   0.4100   0.0221   0.4881   0.0518   1.2012   1.2012   0.0271   0.0000   0.0553  -0.2423    0.204
     6   0.4000   0.1858   0.0000   0.4100   0.0259   0.4878   0.0519   1.2004   1.2004   0.0272   0.0000   0.0553  -0.2421    0.204
     7   0.4000   0.2531   0.0000   0.4100   0.0291   0.4872   0.0521   1.1990   1.1990   0.0273   0.0000   0.0553  -0.2418    0.204
     8   0.4000   0.3272   0.0000   0.4100   0.0315   0.4864   0.0523   1.1970   1.1970   0.0275   0.0000   0.0552  -0.2414    0.204
     9   0.4000   0.4063   0.0000   0.4100   0.0332   0.4853   0.0525   1.1942   1.1942   0.0278   0.0000   0.0551  -0.2408    0.204
    10   0.4000   0.4884   0.0000   0.4100   0.0340   0.4838   0.0532   1.1905   1.1905   0.0281   0.0000   0.0551  -0.2399    0.204
    11   0.4000   0.5716   0.0000   0.4100   0.0340   0.4820   0.0462   1.1860   1.1860   0.0285   0.0000   0.0550  -0.2389    0.204
    12   0.4000   0.6537   0.0000   0.4100   0.0332   0.4799   0.0478   1.1806   1.1806   0.0290   0.0000   0.0548  -0.2377    0.204
    13   0.4000   0.7328   0.0000   0.4100   0.0315   0.4774   0.0490   1.1745   1.1745   0.0295   0.0000   0.0547  -0.2364    0.203
    14   0.4000   0.8069   0.0000   0.4100   0.0291   0.4747   0.0503   1.1677   1.1677   0.0301   0.0000   0.0546  -0.2349    0.203
    15   0.4000   0.8742   0.0000   0.4100   0.0259   0.4719   0.0517   1.1607   1.1607   0.0307   0.0000   0.0544  -0.2333    0.203
    16   0.4000   0.9330   0.0000   0.4100   0.0221   0.4691   0.0532   1.1537   1.1537   0.0314   0.0000   0.0542  -0.2318    0.203
    17   0.4000   0.9819   0.0000   0.4100   0.0178   0.4665   0.0545   1.1472   1.1472   0.0320   0.0000   0.0541  -0.2304    0.203
    18   0.4000   1.0197   0.0000   0.4100   0.0130   0.4643   0.0556   1.1416   1.1416   0.0328   0.0000   0.0539  -0.2292    0.203
    19   0.4000   1.0454   0.0000   0.4100   0.0080   0.4627   0.0566   1.1374   1.1374   0.0340   0.0000   0.0538  -0.2283    0.203
    20   0.4000   1.0584   0.0000   0.4100   0.0027   0.4618   0.0572   1.1344   1.1344   0.0394   0.0000   0.0538  -0.2279    0.203

  Surface # 2     main_wing_panel_0 (YDUP)                
     # Chordwise = 12   # Spanwise = 20     First strip = 21
     Surface area Ssurf =    0.434600     Ave. chord Cave =    0.410000

 Forces referred to Sref, Cref, Bref about Xref, Yref, Zref
 Standard axis orientation,  X fwd, Z down         
     CLsurf  =   0.28958     Clsurf  =   0.03352
     CYsurf  =  -0.00000     Cmsurf  =   0.01217
     CDsurf  =   0.00708     Cnsurf  =   0.00448
     CDisurf =   0.00708     CDvsurf =   0.00000

 Forces referred to Ssurf, Cave 
     CLsurf  =   1.18203     CDsurf  =   0.02892

 Strip Forces referred to Strip Area, Chord
    j     Xle      Yle      Zle      Chord    Area     c_cl     ai     cl_norm    cl       cd       cdv    cm_c/4     cm_LE   C.P.x/c
    21   0.4000  -0.0016   0.0000   0.4100   0.0027   0.4884   0.0517   1.2020   1.2020   0.0270   0.0000   0.0553   0.2425    0.204
    22   0.4000  -0.0146   0.0000   0.4100   0.0080   0.4884   0.0517   1.2020   1.2020   0.0270   0.0000   0.0553   0.2425    0.204
    23   0.4000  -0.0403   0.0000   0.4100   0.0130   0.4883   0.0518   1.2019   1.2019   0.0270   0.0000   0.0553   0.2424    0.204
    24   0.4000  -0.0781   0.0000   0.4100   0.0178   0.4883   0.0518   1.2017   1.2017   0.0271   0.0000   0.0553   0.2424    0.204
    25   0.4000  -0.1270   0.0000   0.4100   0.0221   0.4881   0.0518   1.2012   1.2012   0.0271   0.0000   0.0553   0.2423    0.204
    26   0.4000  -0.1858   0.0000   0.4100   0.0259   0.4878   0.0519   1.2004   1.2004   0.0272   0.0000   0.0553   0.2421    0.204
    27   0.4000  -0.2531   0.0000   0.4100   0.0291   0.4872   0.0521   1.1990   1.1990   0.0273   0.0000   0.0553   0.2418    0.204
    28   0.4000  -0.3272   0.0000   0.4100   0.0315   0.4864   0.0522   1.1970   1.1970   0.0275   0.0000   0.0552   0.2414    0.204
    29   0.4000  -0.4063   0.0000   0.4100   0.0332   0.4853   0.0525   1.1942   1.1942   0.0278   0.0000   0.0551   0.2407    0.204
    30   0.4000  -0.4884   0.0000   0.4100   0.0340   0.4838   0.0532   1.1905   1.1905   0.0281   0.0000   0.0551   0.2399    0.204
    31   0.4000  -0.5716   0.0000   0.4100   0.0340   0.4820   0.0461   1.1860   1.1860   0.0285   0.0000   0.0550   0.2389    0.204
    32   0.4000  -0.6537   0.0000   0.4100   0.0332   0.4799   0.0479   1.1806   1.1806   0.0290   0.0000   0.0548   0.2377    0.204
    33   0.4000  -0.7328   0.0000   0.4100   0.0315   0.4774   0.0490   1.1745   1.1745   0.0295   0.0000   0.0547   0.2364    0.203
    34   0.4000  -0.8069   0.0000   0.4100   0.0291   0.4747   0.0503   1.1677   1.1677   0.0301   0.0000   0.0546   0.2349    0.203
    35   0.4000  -0.8742   0.0000   0.4100   0.0259   0.4719   0.0518   1.1607   1.1607   0.0307   0.0000   0.0544   0.2333    0.203
    36   0.4000  -0.9330   0.0000   0.4100   0.0221   0.4691   0.0532   1.1537   1.1537   0.0314   0.0000   0.0542   0.2318    0.203
    37   0.4000  -0.9819   0.0000   0.4100   0.0178   0.4665   0.0545   1.1472   1.1472   0.0320   0.0000   0.0541   0.2304    0.203
    38   0.4000  -1.0197   0.0000   0.4100   0.0130   0.4643   0.0557   1.1416   1.1416   0.0328   0.0000   0.0539   0.2292    0.203
    39   0.4000  -1.0454   0.0000   0.4100   0.0080   0.4627   0.0566   1.1374   1.1374   0.0340   0.0000   0.0538   0.2283    0.203
    40   0.4000  -1.0584   0.0000   0.4100   0.0027   0.4618   0.0572   1.1344   1.1344   0.0394   0.0000   0.0538   0.2279    0.203

  Surface # 3     main_wing_panel_1                       
     # Chordwise = 12   # Spanwise = 20     First strip = 41
     Surface area Ssurf =    0.452200     Ave. chord Cave =    0.380000

 Forces referred to Sref, Cref, Bref about Xref, Yref, Zref
 Standard axis orientation,  X fwd, Z down         
     CLsurf  =   0.24357     Clsurf  =  -0.08452
     CYsurf  =  -0.00105     Cmsurf  =   0.01132
     CDsurf  =   0.00903     Cnsurf  =  -0.01007
     CDisurf =   0.00903     CDvsurf =   0.00000

 Forces referred to Ssurf, Cave 
     CLsurf  =   0.95554     CDsurf  =   0.03543

 Strip Forces referred to Strip Area, Chord
    j     Xle      Yle      Zle      Chord    Area     c_cl     ai     cl_norm    cl       cd       cdv    cm_c/4     cm_LE   C.P.x/c
    41   0.4000   1.0618   0.0000   0.4099   0.0030   0.4617   0.0572   1.1344   1.1344   0.0388   0.0000   0.0538  -0.2278    0.203
    42   0.4002   1.0764   0.0000   0.4092   0.0089   0.4606   0.0571   1.1346   1.1346   0.0341   0.0000   0.0538  -0.2276    0.203
    43   0.4006   1.1053   0.0000   0.4077   0.0146   0.4585   0.0572   1.1334   1.1334   0.0333   0.0000   0.0540  -0.2271    0.202
    44   0.4011   1.1477   0.0000   0.4056   0.0198   0.4551   0.0576   1.1310   1.1310   0.0330   0.0000   0.0541  -0.2264    0.202
    45   0.4018   1.2026   0.0000   0.4028   0.0244   0.4503   0.0583   1.1267   1.1267   0.0330   0.0000   0.0543  -0.2252    0.202
    46   0.4026   1.2686   0.0000   0.3995   0.0284   0.4439   0.0593   1.1201   1.1201   0.0333   0.0000   0.0544  -0.2234    0.201
    47   0.4036   1.3441   0.0000   0.3957   0.0315   0.4359   0.0609   1.1103   1.1103   0.0337   0.0000   0.0545  -0.2209    0.201
    48   0.4046   1.4273   0.0000   0.3915   0.0338   0.4260   0.0631   1.0965   1.0965   0.0344   0.0000   0.0546  -0.2174    0.200
    49   0.4057   1.5161   0.0000   0.3870   0.0351   0.4140   0.0660   1.0776   1.0776   0.0352   0.0000   0.0547  -0.2128    0.199
    50   0.4069   1.6083   0.0000   0.3824   0.0356   0.3995   0.0698   1.0524   1.0524   0.0363   0.0000   0.0546  -0.2066    0.198
    51   0.4081   1.7017   0.0000   0.3776   0.0352   0.3823   0.0746   1.0191   1.0191   0.0374   0.0000   0.0545  -0.1986    0.197
    52   0.4093   1.7939   0.0000   0.3730   0.0339   0.3617   0.0804   0.9759   0.9759   0.0386   0.0000   0.0542  -0.1883    0.194
    53   0.4104   1.8827   0.0000   0.3685   0.0318   0.3373   0.0873   0.9206   0.9206   0.0395   0.0000   0.0537  -0.1752    0.192
    54   0.4114   1.9659   0.0000   0.3643   0.0290   0.3084   0.0952   0.8510   0.8510   0.0400   0.0000   0.0528  -0.1589    0.188
    55   0.4124   2.0414   0.0000   0.3605   0.0256   0.2745   0.1036   0.7647   0.7647   0.0394   0.0000   0.0512  -0.1391    0.183
    56   0.4132   2.1074   0.0000   0.3572   0.0217   0.2350   0.1121   0.6604   0.6604   0.0375   0.0000   0.0483  -0.1162    0.177
    57   0.4139   2.1623   0.0000   0.3544   0.0173   0.1901   0.1198   0.5377   0.5377   0.0337   0.0000   0.0433  -0.0908    0.170
    58   0.4144   2.2047   0.0000   0.3523   0.0126   0.1400   0.1263   0.3980   0.3980   0.0277   0.0000   0.0351  -0.0643    0.162
    59   0.4148   2.2336   0.0000   0.3508   0.0076   0.0858   0.1312   0.2446   0.2446   0.0192   0.0000   0.0232  -0.0380    0.155
    60   0.4150   2.2482   0.0000   0.3501   0.0026   0.0289   0.1341   0.0825   0.0825   0.0075   0.0000   0.0082  -0.0125    0.151

  Surface # 4     main_wing_panel_1 (YDUP)                
     # Chordwise = 12   # Spanwise = 20     First strip = 61
     Surface area Ssurf =    0.452200     Ave. chord Cave =    0.380000

 Forces referred to Sref, Cref, Bref about Xref, Yref, Zref
 Standard axis orientation,  X fwd, Z down         
     CLsurf  =   0.24357     Clsurf  =   0.08452
     CYsurf  =   0.00105     Cmsurf  =   0.01132
     CDsurf  =   0.00903     Cnsurf  =   0.01007
     CDisurf =   0.00903     CDvsurf =   0.00000

 Forces referred to Ssurf, Cave 
     CLsurf  =   0.95554     CDsurf  =   0.03543

 Strip Forces referred to Strip Area, Chord
    j     Xle      Yle      Zle      Chord    Area     c_cl     ai     cl_norm    cl       cd       cdv    cm_c/4     cm_LE   C.P.x/c
    61   0.4000  -1.0618   0.0000   0.4099   0.0030   0.4617   0.0572   1.1344   1.1344   0.0388   0.0000   0.0538   0.2278    0.203
    62   0.4002  -1.0764   0.0000   0.4092   0.0089   0.4606   0.0571   1.1346   1.1346   0.0341   0.0000   0.0538   0.2276    0.203
    63   0.4006  -1.1053   0.0000   0.4077   0.0146   0.4585   0.0572   1.1334   1.1334   0.0333   0.0000   0.0540   0.2271    0.202
    64   0.4011  -1.1477   0.0000   0.4056   0.0198   0.4551   0.0576   1.1310   1.1310   0.0330   0.0000   0.0541   0.2264    0.202
    65   0.4018  -1.2026   0.0000   0.4028   0.0244   0.4503   0.0583   1.1267   1.1267   0.0330   0.0000   0.0543   0.2252    0.202
    66   0.4026  -1.2686   0.0000   0.3995   0.0284   0.4439   0.0593   1.1201   1.1201   0.0333   0.0000   0.0544   0.2234    0.201
    67   0.4036  -1.3441   0.0000   0.3957   0.0315   0.4359   0.0609   1.1103   1.1103   0.0337   0.0000   0.0545   0.2209    0.201
    68   0.4046  -1.4273   0.0000   0.3915   0.0338   0.4260   0.0631   1.0965   1.0965   0.0344   0.0000   0.0546   0.2174    0.200
    69   0.4057  -1.5161   0.0000   0.3870   0.0351   0.4140   0.0660   1.0776   1.0776   0.0352   0.0000   0.0547   0.2128    0.199
    70   0.4069  -1.6083   0.0000   0.3824   0.0356   0.3995   0.0698   1.0524   1.0524   0.0363   0.0000   0.0546   0.2066    0.198
    71   0.4081  -1.7017   0.0000   0.3776   0.0352   0.3823   0.0746   1.0191   1.0191   0.0374   0.0000   0.0545   0.1986    0.197
    72   0.4093  -1.7939   0.0000   0.3730   0.0339   0.3617   0.0804   0.9759   0.9759   0.0386   0.0000   0.0542   0.1883    0.194
    73   0.4104  -1.8827   0.0000   0.3685   0.0318   0.3373   0.0873   0.9206   0.9206   0.0395   0.0000   0.0537   0.1752    0.192
    74   0.4114  -1.9659   0.0000   0.3643   0.0290   0.3084   0.0952   0.8510   0.8510   0.0400   0.0000   0.0528   0.1589    0.188
    75   0.4124  -2.0414   0.0000   0.3605   0.0256   0.2745   0.1036   0.7647   0.7647   0.0394   0.0000   0.0512   0.1391    0.183
    76   0.4132  -2.1074   0.0000   0.3572   0.0217   0.2350   0.1121   0.6604   0.6604   0.0375   0.0000   0.0483   0.1162    0.177
    77   0.4139  -2.1623   0.0000   0.3544   0.0173   0.1901   0.1198   0.5377   0.5377   0.0337   0.0000   0.0433   0.0908    0.170
    78   0.4144  -2.2047   0.0000   0.3523   0.0126   0.1400   0.1263   0.3980   0.3980   0.0277   0.0000   0.0351   0.0643    0.162
    79   0.4148  -2.2336   0.0000   0.3508   0.0076   0.0858   0.1312   0.2446   0.2446   0.0192   0.0000   0.0232   0.0380    0.155
    80   0.4150  -2.2482   0.0000   0.3501   0.0026   0.0289   0.1341   0.0825   0.0825   0.0075   0.0000   0.0082   0.0125    0.151

  Surface # 5     hstab_panel_0                           
     # Chordwise = 12   # Spanwise = 20     First strip = 81
     Surface area Ssurf =    0.118800     Ave. chord Cave =    0.220000

 Forces referred to Sref, Cref, Bref about Xref, Yref, Zref
 Standard axis orientation,  X fwd, Z down         
     CLsurf  =   0.00700     Clsurf  =  -0.00039
     CYsurf  =  -0.00000     Cmsurf  =  -0.02353
     CDsurf  =   0.00043     Cnsurf  =  -0.00004
     CDisurf =   0.00043     CDvsurf =   0.00000

 Forces referred to Ssurf, Cave 
     CLsurf  =   0.10447     CDsurf  =   0.00644

 Strip Forces referred to Strip Area, Chord
    j     Xle      Yle      Zle      Chord    Area     c_cl     ai     cl_norm    cl       cd       cdv    cm_c/4     cm_LE   C.P.x/c
    81   1.9000   0.0008   0.4000   0.2200   0.0007   0.0260   0.0507   0.1188   0.1188   0.0069   0.0000   0.0799   0.0503   -0.423
    82   1.9000   0.0075   0.4000   0.2200   0.0022   0.0260   0.0507   0.1188   0.1188   0.0069   0.0000   0.0799   0.0503   -0.423
    83   1.9000   0.0206   0.4000   0.2200   0.0036   0.0260   0.0507   0.1187   0.1187   0.0069   0.0000   0.0799   0.0504   -0.423
    84   1.9000   0.0398   0.4000   0.2200   0.0049   0.0260   0.0507   0.1186   0.1186   0.0069   0.0000   0.0799   0.0504   -0.424
    85   1.9000   0.0647   0.4000   0.2200   0.0061   0.0260   0.0508   0.1184   0.1184   0.0069   0.0000   0.0800   0.0505   -0.425
    86   1.9000   0.0946   0.4000   0.2200   0.0071   0.0258   0.0508   0.1179   0.1179   0.0069   0.0000   0.0800   0.0506   -0.428
    87   1.9000   0.1289   0.4000   0.2200   0.0079   0.0257   0.0510   0.1171   0.1171   0.0069   0.0000   0.0800   0.0508   -0.433
    88   1.9000   0.1667   0.4000   0.2200   0.0086   0.0254   0.0511   0.1159   0.1159   0.0068   0.0000   0.0800   0.0512   -0.441
    89   1.9000   0.2070   0.4000   0.2200   0.0091   0.0250   0.0513   0.1141   0.1141   0.0067   0.0000   0.0801   0.0517   -0.452
    90   1.9000   0.2488   0.4000   0.2200   0.0093   0.0245   0.0515   0.1118   0.1118   0.0066   0.0000   0.0802   0.0523   -0.467
    91   1.9000   0.2912   0.4000   0.2200   0.0093   0.0238   0.0517   0.1087   0.1087   0.0065   0.0000   0.0802   0.0531   -0.488
    92   1.9000   0.3330   0.4000   0.2200   0.0091   0.0230   0.0518   0.1049   0.1049   0.0063   0.0000   0.0802   0.0540   -0.514
    93   1.9000   0.3733   0.4000   0.2200   0.0086   0.0220   0.0517   0.1001   0.1001   0.0061   0.0000   0.0799   0.0550   -0.548
    94   1.9000   0.4111   0.4000   0.2200   0.0079   0.0208   0.0510   0.0946   0.0946   0.0059   0.0000   0.0794   0.0558   -0.589
    95   1.9000   0.4454   0.4000   0.2200   0.0071   0.0194   0.0495   0.0885   0.0885   0.0058   0.0000   0.0781   0.0560   -0.633
    96   1.9000   0.4753   0.4000   0.2200   0.0061   0.0180   0.0469   0.0820   0.0820   0.0058   0.0000   0.0757   0.0552   -0.673
    97   1.9000   0.5002   0.4000   0.2200   0.0049   0.0167   0.0427   0.0759   0.0759   0.0061   0.0000   0.0716   0.0527   -0.694
    98   1.9000   0.5194   0.4000   0.2200   0.0036   0.0156   0.0370   0.0707   0.0707   0.0066   0.0000   0.0654   0.0477   -0.675
    99   1.9000   0.5325   0.4000   0.2200   0.0022   0.0148   0.0304   0.0669   0.0669   0.0073   0.0000   0.0570   0.0402   -0.602
   100   1.9000   0.5392   0.4000   0.2200   0.0007   0.0134   0.0257   0.0623   0.0623  -0.0040   0.0000   0.0457   0.0305   -0.483

  Surface # 6     hstab_panel_0 (YDUP)                    
     # Chordwise = 12   # Spanwise = 20     First strip =101
     Surface area Ssurf =    0.118800     Ave. chord Cave =    0.220000

 Forces referred to Sref, Cref, Bref about Xref, Yref, Zref
 Standard axis orientation,  X fwd, Z down         
     CLsurf  =   0.00697     Clsurf  =   0.00038
     CYsurf  =  -0.00000     Cmsurf  =  -0.02343
     CDsurf  =   0.00043     Cnsurf  =   0.00004
     CDisurf =   0.00043     CDvsurf =   0.00000

 Forces referred to Ssurf, Cave 
     CLsurf  =   0.10408     CDsurf  =   0.00644

 Strip Forces referred to Strip Area, Chord
    j     Xle      Yle      Zle      Chord    Area     c_cl     ai     cl_norm    cl       cd       cdv    cm_c/4     cm_LE   C.P.x/c
   101   1.9000  -0.0008   0.4000   0.2200   0.0007   0.0260   0.0507   0.1188   0.1188   0.0069   0.0000   0.0799  -0.0503   -0.423
   102   1.9000  -0.0075   0.4000   0.2200   0.0022   0.0260   0.0507   0.1187   0.1187   0.0069   0.0000   0.0799  -0.0503   -0.423
   103   1.9000  -0.0206   0.4000   0.2200   0.0036   0.0260   0.0507   0.1187   0.1187   0.0069   0.0000   0.0799  -0.0504   -0.423
   104   1.9000  -0.0398   0.4000   0.2200   0.0049   0.0260   0.0507   0.1186   0.1186   0.0069   0.0000   0.0799  -0.0504   -0.424
   105   1.9000  -0.0647   0.4000   0.2200   0.0061   0.0259   0.0508   0.1183   0.1183   0.0069   0.0000   0.0800  -0.0505   -0.426
   106   1.9000  -0.0946   0.4000   0.2200   0.0071   0.0258   0.0509   0.1178   0.1178   0.0069   0.0000   0.0800  -0.0506   -0.429
   107   1.9000  -0.1289   0.4000   0.2200   0.0079   0.0256   0.0510   0.1169   0.1169   0.0069   0.0000   0.0800  -0.0509   -0.434
   108   1.9000  -0.1667   0.4000   0.2200   0.0086   0.0254   0.0511   0.1157   0.1157   0.0068   0.0000   0.0801  -0.0512   -0.442
   109   1.9000  -0.2070   0.4000   0.2200   0.0091   0.0250   0.0513   0.1139   0.1139   0.0067   0.0000   0.0801  -0.0517   -0.453
   110   1.9000  -0.2488   0.4000   0.2200   0.0093   0.0244   0.0515   0.1115   0.1115   0.0066   0.0000   0.0802  -0.0524   -0.469
   111   1.9000  -0.2912   0.4000   0.2200   0.0093   0.0238   0.0517   0.1083   0.1083   0.0065   0.0000   0.0802  -0.0532   -0.490
   112   1.9000  -0.3330   0.4000   0.2200   0.0091   0.0229   0.0518   0.1044   0.1044   0.0063   0.0000   0.0801  -0.0541   -0.518
   113   1.9000  -0.3733   0.4000   0.2200   0.0086   0.0218   0.0516   0.0995   0.0995   0.0061   0.0000   0.0799  -0.0551   -0.553
   114   1.9000  -0.4111   0.4000   0.2200   0.0079   0.0206   0.0509   0.0939   0.0939   0.0059   0.0000   0.0793  -0.0559   -0.594
   115   1.9000  -0.4454   0.4000   0.2200   0.0071   0.0192   0.0493   0.0877   0.0877   0.0058   0.0000   0.0779  -0.0560   -0.639
   116   1.9000  -0.4753   0.4000   0.2200   0.0061   0.0178   0.0466   0.0812   0.0812   0.0058   0.0000   0.0753  -0.0551   -0.678
   117   1.9000  -0.5002   0.4000   0.2200   0.0049   0.0165   0.0424   0.0751   0.0751   0.0061   0.0000   0.0710  -0.0522   -0.696
   118   1.9000  -0.5194   0.4000   0.2200   0.0036   0.0155   0.0366   0.0701   0.0701   0.0067   0.0000   0.0645  -0.0469   -0.670
   119   1.9000  -0.5325   0.4000   0.2200   0.0022   0.0147   0.0302   0.0664   0.0664   0.0074   0.0000   0.0557  -0.0390   -0.589
   120   1.9000  -0.5392   0.4000   0.2200   0.0007   0.0134   0.0256   0.0622   0.0622  -0.0035   0.0000   0.0443  -0.0291   -0.462

  Surface # 7     fin_panel_0                             
     # Chordwise = 12   # Spanwise = 20     First strip =121
     Surface area Ssurf =    0.080000     Ave. chord Cave =    0.200000

 Forces referred to Sref, Cref, Bref about Xref, Yref, Zref
 Standard axis orientation,  X fwd, Z down         
     CLsurf  =   0.00000     Clsurf  =   0.00008
     CYsurf  =   0.00140     Cmsurf  =  -0.00001
     CDsurf  =  -0.00001     Cnsurf  =  -0.00045
     CDisurf =  -0.00001     CDvsurf =   0.00000

 Forces referred to Ssurf, Cave 
     CLsurf  =   0.03107     CDsurf  =  -0.00026

 Strip Forces referred to Strip Area, Chord
    j     Xle      Yle      Zle      Chord    Area     c_cl     ai     cl_norm    cl       cd       cdv    cm_c/4     cm_LE   C.P.x/c
   121   1.9000   0.5400   0.3994   0.2000   0.0005   0.0131   0.0531   0.0673   0.0657   0.0172   0.0000   0.0497   0.0333   -0.508
   122   1.9000   0.5400   0.3945   0.2000   0.0015   0.0148   0.0306   0.0761   0.0742  -0.0033   0.0000   0.0413   0.0228   -0.307
   123   1.9000   0.5400   0.3848   0.2000   0.0024   0.0151   0.0276   0.0776   0.0757  -0.0026   0.0000   0.0292   0.0103   -0.136
   124   1.9000   0.5400   0.3705   0.2000   0.0033   0.0147   0.0218   0.0753   0.0735  -0.0017   0.0000   0.0185   0.0002   -0.002
   125   1.9000   0.5400   0.3521   0.2000   0.0041   0.0136   0.0149   0.0695   0.0678  -0.0011   0.0000   0.0105  -0.0064    0.094
   126   1.9000   0.5400   0.3299   0.2000   0.0048   0.0119   0.0088   0.0611   0.0596  -0.0006   0.0000   0.0053  -0.0096    0.162
   127   1.9000   0.5400   0.3045   0.2000   0.0054   0.0101   0.0042   0.0518   0.0505  -0.0004   0.0000   0.0021  -0.0105    0.207
   128   1.9000   0.5400   0.2765   0.2000   0.0058   0.0083   0.0012   0.0426   0.0415  -0.0002   0.0000   0.0005  -0.0099    0.237
   129   1.9000   0.5400   0.2467   0.2000   0.0061   0.0067  -0.0006   0.0343   0.0334  -0.0001   0.0000  -0.0002  -0.0085    0.255
   130   1.9000   0.5400   0.2157   0.2000   0.0063   0.0053  -0.0014   0.0272   0.0265  -0.0001   0.0000  -0.0004  -0.0070    0.264
   131   1.9000   0.5400   0.1843   0.2000   0.0063   0.0042  -0.0017   0.0215   0.0210  -0.0000   0.0000  -0.0003  -0.0056    0.265
   132   1.9000   0.5400   0.1533   0.2000   0.0061   0.0033  -0.0016   0.0171   0.0167  -0.0000   0.0000  -0.0002  -0.0043    0.259
   133   1.9000   0.5400   0.1235   0.2000   0.0058   0.0027  -0.0013   0.0137   0.0134  -0.0000   0.0000   0.0001  -0.0033    0.245
   134   1.9000   0.5400   0.0955   0.2000   0.0054   0.0022  -0.0007   0.0113   0.0110  -0.0000   0.0000   0.0003  -0.0025    0.224
   135   1.9000   0.5400   0.0701   0.2000   0.0048   0.0018   0.0001   0.0094   0.0091  -0.0000   0.0000   0.0005  -0.0018    0.196
   136   1.9000   0.5400   0.0479   0.2000   0.0041   0.0015   0.0011   0.0078   0.0076  -0.0000   0.0000   0.0007  -0.0012    0.164
   137   1.9000   0.5400   0.0295   0.2000   0.0033   0.0012   0.0026   0.0063   0.0062  -0.0000   0.0000   0.0007  -0.0008    0.131
   138   1.9000   0.5400   0.0152   0.2000   0.0024   0.0009   0.0048   0.0047   0.0046  -0.0000   0.0000   0.0007  -0.0005    0.102
   139   1.9000   0.5400   0.0055   0.2000   0.0015   0.0006   0.0041   0.0029   0.0029  -0.0000   0.0000   0.0005  -0.0002    0.079
   140   1.9000   0.5400   0.0006   0.2000   0.0005   0.0002  -0.0013   0.0010   0.0010  -0.0000   0.0000   0.0002  -0.0001    0.066

  Surface # 8     fin_panel_0                             
     # Chordwise = 12   # Spanwise = 20     First strip =141
     Surface area Ssurf =    0.080000     Ave. chord Cave =    0.200000

 Forces referred to Sref, Cref, Bref about Xref, Yref, Zref
 Standard axis orientation,  X fwd, Z down         
     CLsurf  =   0.00000     Clsurf  =  -0.00008
     CYsurf  =  -0.00138     Cmsurf  =  -0.00001
     CDsurf  =  -0.00001     Cnsurf  =   0.00045
     CDisurf =  -0.00001     CDvsurf =   0.00000

 Forces referred to Ssurf, Cave 
     CLsurf  =  -0.03068     CDsurf  =  -0.00029

 Strip Forces referred to Strip Area, Chord
    j     Xle      Yle      Zle      Chord    Area     c_cl     ai     cl_norm    cl       cd       cdv    cm_c/4     cm_LE   C.P.x/c
   141   1.9000  -0.5400   0.3994   0.2000   0.0005  -0.0131  -0.0532  -0.0674  -0.0657   0.0164   0.0000  -0.0479  -0.0314   -0.479
   142   1.9000  -0.5400   0.3945   0.2000   0.0015  -0.0148  -0.0310  -0.0758  -0.0739  -0.0035   0.0000  -0.0391  -0.0207   -0.280
   143   1.9000  -0.5400   0.3848   0.2000   0.0024  -0.0151  -0.0278  -0.0772  -0.0753  -0.0027   0.0000  -0.0268  -0.0080   -0.106
   144   1.9000  -0.5400   0.3705   0.2000   0.0033  -0.0146  -0.0219  -0.0749  -0.0730  -0.0018   0.0000  -0.0159   0.0023    0.032
   145   1.9000  -0.5400   0.3521   0.2000   0.0041  -0.0134  -0.0150  -0.0689  -0.0672  -0.0011   0.0000  -0.0078   0.0090    0.134
   146   1.9000  -0.5400   0.3299   0.2000   0.0048  -0.0118  -0.0088  -0.0605  -0.0590  -0.0007   0.0000  -0.0024   0.0123    0.209
   147   1.9000  -0.5400   0.3045   0.2000   0.0054  -0.0100  -0.0042  -0.0511  -0.0498  -0.0004   0.0000   0.0008   0.0132    0.265
   148   1.9000  -0.5400   0.2765   0.2000   0.0058  -0.0082  -0.0011  -0.0419  -0.0408  -0.0003   0.0000   0.0024   0.0126    0.309
   149   1.9000  -0.5400   0.2467   0.2000   0.0061  -0.0065   0.0007  -0.0336  -0.0327  -0.0001   0.0000   0.0031   0.0113    0.346
   150   1.9000  -0.5400   0.2157   0.2000   0.0063  -0.0052   0.0016  -0.0265  -0.0259  -0.0001   0.0000   0.0033   0.0098    0.379
   151   1.9000  -0.5400   0.1843   0.2000   0.0063  -0.0041   0.0019  -0.0209  -0.0204  -0.0001   0.0000   0.0033   0.0084    0.412
   152   1.9000  -0.5400   0.1533   0.2000   0.0061  -0.0032   0.0018  -0.0166  -0.0162  -0.0000   0.0000   0.0031   0.0072    0.443
   153   1.9000  -0.5400   0.1235   0.2000   0.0058  -0.0026   0.0014  -0.0134  -0.0130  -0.0000   0.0000   0.0029   0.0061    0.471
   154   1.9000  -0.5400   0.0955   0.2000   0.0054  -0.0022   0.0007  -0.0111  -0.0108  -0.0000   0.0000   0.0026   0.0053    0.491
   155   1.9000  -0.5400   0.0701   0.2000   0.0048  -0.0018  -0.0002  -0.0094  -0.0091  -0.0000   0.0000   0.0023   0.0046    0.499
   156   1.9000  -0.5400   0.0479   0.2000   0.0041  -0.0016  -0.0015  -0.0080  -0.0078  -0.0000   0.0000   0.0019   0.0039    0.496
   157   1.9000  -0.5400   0.0295   0.2000   0.0033  -0.0013  -0.0032  -0.0066  -0.0065  -0.0000   0.0000   0.0015   0.0031    0.485
   158   1.9000  -0.5400   0.0152   0.2000   0.0024  -0.0010  -0.0056  -0.0051  -0.0049  -0.0000   0.0000   0.0011   0.0023    0.473
   159   1.9000  -0.5400   0.0055   0.2000   0.0015  -0.0006  -0.0051  -0.0032  -0.0031  -0.0000   0.0000   0.0007   0.0014    0.462
   160   1.9000  -0.5400   0.0006   0.2000   0.0005  -0.0002   0.0001  -0.0011  -0.0011  -0.0000   0.0000   0.0002   0.0005    0.456
 ---------------------------------------------------------------
