 ---------------------------------------------------------------
 Surface and Strip Forces by surface

  Sref =  2.7910       Cref = 0.47500       Bref =  5.8800    
  Xref = 0.50000       Yref =  0.0000       Zref =  0.0000    

  Surface # 1     main_wing_panel_0                       
     # Chordwise = 12   # Spanwise = 20     First strip =  1
     Surface area Ssurf =    0.683400     Ave. chord Cave =    0.510000

 Forces referred to Sref, Cref, Bref about Xref, Yref, Zref
 Standard axis orientation,  X fwd, Z down         
     CLsurf  =   0.18478     Clsurf  =  -0.02083
     CYsurf  =   0.00000     Cmsurf  =  -0.00395
     CDsurf  =   0.00284     Cnsurf  =  -0.00147
     CDisurf =   0.00284     CDvsurf =   0.00000

 Forces referred to Ssurf, Cave 
     CLsurf  =   0.75466     CDsurf  =   0.01160

 Strip Forces referred to Strip Area, Chord
    j     Xle      Yle      Zle      Chord    Area     c_cl     ai     cl_norm    cl       cd       cdv    cm_c/4     cm_LE   C.P.x/c
     1   0.4000   0.0021   0.0000   0.5100   0.0042   0.3901   0.0274   0.7668   0.7668   0.0108   0.0000   0.0257  -0.1655    0.217
     2   0.4000   0.0185   0.0000   0.5100   0.0125   0.3901   0.0274   0.7668   0.7668   0.0108   0.0000   0.0257  -0.1655    0.217
     3   0.4000   0.0510   0.0000   0.5100   0.0205   0.3901   0.0274   0.7668   0.7668   0.0108   0.0000   0.0257  -0.1655    0.217
     4   0.4000   0.0987   0.0000   0.5100   0.0280   0.3900   0.0275   0.7666   0.7666   0.0108   0.0000   0.0257  -0.1655    0.217
     5   0.4000   0.1605   0.0000   0.5100   0.0348   0.3899   0.0276   0.7664   0.7664   0.0108   0.0000   0.0257  -0.1654    0.217
     6   0.4000   0.2349   0.0000   0.5100   0.0408   0.3896   0.0278   0.7659   0.7659   0.0109   0.0000   0.0257  -0.1653    0.216
     7   0.4000   0.3199   0.0000   0.5100   0.0457   0.3892   0.0282   0.7650   0.7650   0.0109   0.0000   0.0257  -0.1651    0.216
     8   0.4000   0.4136   0.0000   0.5100   0.0495   0.3886   0.0287   0.7638   0.7638   0.0110   0.0000   0.0256  -0.1648    0.216
     9   0.4000   0.5136   0.0000   0.5100   0.0521   0.3877   0.0294   0.7621   0.7621   0.0111   0.0000   0.0256  -0.1644    0.216
    10   0.4000   0.6174   0.0000   0.5100   0.0535   0.3866   0.0290   0.7599   0.7599   0.0112   0.0000   0.0256  -0.1639    0.216
    11   0.4000   0.7226   0.0000   0.5100   0.0535   0.3852   0.0299   0.7572   0.7572   0.0114   0.0000   0.0256  -0.1633    0.216
    12   0.4000   0.8264   0.0000   0.5100   0.0521   0.3836   0.0308   0.7539   0.7539   0.0116   0.0000   0.0256  -0.1625    0.216
    13   0.4000   0.9264   0.0000   0.5100   0.0495   0.3817   0.0317   0.7502   0.7502   0.0118   0.0000   0.0255  -0.1616    0.216
    14   0.4000   1.0201   0.0000   0.5100   0.0457   0.3796   0.0326   0.7460   0.7460   0.0121   0.0000   0.0255  -0.1606    0.216
    15   0.4000   1.1051   0.0000   0.5100   0.0408   0.3773   0.0335   0.7416   0.7416   0.0124   0.0000   0.0255  -0.1595    0.216
    16   0.4000   1.1795   0.0000   0.5100   0.0348   0.3751   0.0344   0.7372   0.7372   0.0126   0.0000   0.0254  -0.1585    0.216
    17   0.4000   1.2413   0.0000   0.5100   0.0280   0.3730   0.0353   0.7331   0.7331   0.0130   0.0000   0.0254  -0.1575    0.215
    18   0.4000   1.2890   0.0000   0.5100   0.0205   0.3712   0.0360   0.7295   0.7295   0.0134   0.0000   0.0253  -0.1567    0.215
    19   0.4000   1.3215   0.0000   0.5100   0.0125   0.3699   0.0367   0.7268   0.7268   0.0140   0.0000   0.0253  -0.1560    0.215
    20   0.4000   1.3379   0.0000   0.5100   0.0042   0.3692   0.0372   0.7251   0.7251   0.0170   0.0000   0.0253  -0.1557    0.215

  Surface # 2     main_wing_panel_0 (YDUP)                
     # Chordwise = 12   # Spanwise = 20     First strip = 21
     Surface area Ssurf =    0.683400     Ave. chord Cave =    0.510000

 Forces referred to Sref, Cref, Bref about Xref, Yref, Zref
 Standard axis orientation,  X fwd, Z down         
     CLsurf  =   0.18478     Clsurf  =   0.02083
     CYsurf  =   0.00000     Cmsurf  =  -0.00395
     CDsurf  =   0.00284     Cnsurf  =   0.00147
     CDisurf =   0.00284     CDvsurf =   0.00000

 Forces referred to Ssurf, Cave 
     CLsurf  =   0.75465     CDsurf  =   0.01160

 Strip Forces referred to Strip Area, Chord
    j     Xle      Yle      Zle      Chord    Area     c_cl     ai     cl_norm    cl       cd       cdv    cm_c/4     cm_LE   C.P.x/c
    21   0.4000  -0.0021   0.0000   0.5100   0.0042   0.3901   0.0274   0.7668   0.7668   0.0108   0.0000   0.0257   0.1655    0.217
    22   0.4000  -0.0185   0.0000   0.5100   0.0125   0.3901   0.0274   0.7668   0.7668   0.0108   0.0000   0.0257   0.1655    0.217
    23   0.4000  -0.0510   0.0000   0.5100   0.0205   0.3901   0.0274   0.7668   0.7668   0.0108   0.0000   0.0257   0.1655    0.217
    24   0.4000  -0.0987   0.0000   0.5100   0.0280   0.3900   0.0275   0.7666   0.7666   0.0108   0.0000   0.0257   0.1655    0.217
    25   0.4000  -0.1605   0.0000   0.5100   0.0348   0.3899   0.0276   0.7664   0.7664   0.0108   0.0000   0.0257   0.1654    0.217
    26   0.4000  -0.2349   0.0000   0.5100   0.0408   0.3896   0.0278   0.7659   0.7659   0.0109   0.0000   0.0257   0.1653    0.216
    27   0.4000  -0.3199   0.0000   0.5100   0.0457   0.3892   0.0281   0.7650   0.7650   0.0109   0.0000   0.0257   0.1651    0.216
    28   0.4000  -0.4136   0.0000   0.5100   0.0495   0.3886   0.0287   0.7638   0.7638   0.0110   0.0000   0.0256   0.1648    0.216
    29   0.4000  -0.5136   0.0000   0.5100   0.0521   0.3877   0.0294   0.7621   0.7621   0.0111   0.0000   0.0256   0.1644    0.216
    30   0.4000  -0.6174   0.0000   0.5100   0.0535   0.3866   0.0291   0.7599   0.7599   0.0112   0.0000   0.0256   0.1639    0.216
    31   0.4000  -0.7226   0.0000   0.5100   0.0535   0.3852   0.0300   0.7572   0.7572   0.0114   0.0000   0.0256   0.1633    0.216
    32   0.4000  -0.8264   0.0000   0.5100   0.0521   0.3836   0.0308   0.7539   0.7539   0.0116   0.0000   0.0256   0.1625    0.216
    33   0.4000  -0.9264   0.0000   0.5100   0.0495   0.3817   0.0317   0.7501   0.7501   0.0118   0.0000   0.0255   0.1616    0.216
    34   0.4000  -1.0201   0.0000   0.5100   0.0457   0.3796   0.0326   0.7460   0.7460   0.0121   0.0000   0.0255   0.1606    0.216
    35   0.4000  -1.1051   0.0000   0.5100   0.0408   0.3773   0.0335   0.7416   0.7416   0.0124   0.0000   0.0255   0.1595    0.216
    36   0.4000  -1.1795   0.0000   0.5100   0.0348   0.3751   0.0344   0.7372   0.7372   0.0126   0.0000   0.0254   0.1585    0.216
    37   0.4000  -1.2413   0.0000   0.5100   0.0280   0.3730   0.0353   0.7331   0.7331   0.0130   0.0000   0.0254   0.1575    0.215
    38   0.4000  -1.2890   0.0000   0.5100   0.0205   0.3712   0.0360   0.7295   0.7295   0.0134   0.0000   0.0253   0.1567    0.215
    39   0.4000  -1.3215   0.0000   0.5100   0.0125   0.3699   0.0367   0.7268   0.7268   0.0140   0.0000   0.0253   0.1560    0.215
    40   0.4000  -1.3379   0.0000   0.5100   0.0042   0.3692   0.0372   0.7251   0.7251   0.0170   0.0000   0.0253   0.1557    0.215

  Surface # 3     main_wing_panel_1                       
     # Chordwise = 12   # Spanwise = 20     First strip = 41
     Surface area Ssurf =    0.712000     Ave. chord Cave =    0.445000

 Forces referred to Sref, Cref, Bref about Xref, Yref, Zref
 Standard axis orientation,  X fwd, Z down         
     CLsurf  =   0.16302     Clsurf  =  -0.05604
     CYsurf  =  -0.00056     Cmsurf  =  -0.00274
     CDsurf  =   0.00350     Cnsurf  =  -0.00355
     CDisurf =   0.00350     CDvsurf =   0.00000

 Forces referred to Ssurf, Cave 
     CLsurf  =   0.63901     CDsurf  =   0.01371

 Strip Forces referred to Strip Area, Chord
    j     Xle      Yle      Zle      Chord    Area     c_cl     ai     cl_norm    cl       cd       cdv    cm_c/4     cm_LE   C.P.x/c
    41   0.4001   1.3425   0.0000   0.5098   0.0050   0.3690   0.0372   0.7252   0.7252   0.0165   0.0000   0.0253  -0.1557    0.215
    42   0.4005   1.3621   0.0000   0.5082   0.0149   0.3681   0.0368   0.7258   0.7258   0.0139   0.0000   0.0254  -0.1556    0.215
    43   0.4013   1.4009   0.0000   0.5051   0.0243   0.3660   0.0365   0.7263   0.7263   0.0134   0.0000   0.0256  -0.1555    0.215
    44   0.4024   1.4579   0.0000   0.5004   0.0328   0.3628   0.0362   0.7266   0.7266   0.0131   0.0000   0.0259  -0.1553    0.214
    45   0.4040   1.5317   0.0000   0.4944   0.0403   0.3583   0.0360   0.7263   0.7263   0.0130   0.0000   0.0263  -0.1548    0.214
    46   0.4058   1.6204   0.0000   0.4872   0.0465   0.3524   0.0360   0.7248   0.7248   0.0129   0.0000   0.0267  -0.1540    0.213
    47   0.4079   1.7220   0.0000   0.4790   0.0513   0.3449   0.0363   0.7218   0.7218   0.0129   0.0000   0.0273  -0.1528    0.212
    48   0.4102   1.8339   0.0000   0.4699   0.0545   0.3360   0.0369   0.7166   0.7166   0.0130   0.0000   0.0278  -0.1509    0.211
    49   0.4126   1.9532   0.0000   0.4602   0.0562   0.3253   0.0379   0.7085   0.7085   0.0132   0.0000   0.0284  -0.1483    0.210
    50   0.4152   2.0772   0.0000   0.4501   0.0563   0.3129   0.0395   0.6966   0.6966   0.0136   0.0000   0.0290  -0.1447    0.208
    51   0.4178   2.2028   0.0000   0.4399   0.0551   0.2985   0.0417   0.6800   0.6800   0.0140   0.0000   0.0296  -0.1400    0.206
    52   0.4204   2.3268   0.0000   0.4298   0.0525   0.2819   0.0448   0.6571   0.6571   0.0145   0.0000   0.0302  -0.1337    0.204
    53   0.4228   2.4461   0.0000   0.4201   0.0487   0.2627   0.0488   0.6262   0.6262   0.0150   0.0000   0.0307  -0.1256    0.201
    54   0.4251   2.5580   0.0000   0.4110   0.0440   0.2403   0.0536   0.5854   0.5854   0.0154   0.0000   0.0310  -0.1151    0.197
    55   0.4272   2.6596   0.0000   0.4028   0.0384   0.2142   0.0592   0.5325   0.5325   0.0156   0.0000   0.0310  -0.1019    0.192
    56   0.4290   2.7483   0.0000   0.3956   0.0323   0.1840   0.0651   0.4655   0.4655   0.0152   0.0000   0.0302  -0.0860    0.185
    57   0.4306   2.8221   0.0000   0.3896   0.0256   0.1493   0.0708   0.3834   0.3834   0.0140   0.0000   0.0280  -0.0678    0.177
    58   0.4317   2.8791   0.0000   0.3849   0.0185   0.1103   0.0758   0.2867   0.2867   0.0118   0.0000   0.0235  -0.0481    0.168
    59   0.4325   2.9179   0.0000   0.3818   0.0112   0.0678   0.0795   0.1776   0.1776   0.0083   0.0000   0.0160  -0.0284    0.160
    60   0.4329   2.9375   0.0000   0.3802   0.0037   0.0229   0.0818   0.0602   0.0602   0.0033   0.0000   0.0058  -0.0093    0.154

  Surface # 4     main_wing_panel_1 (YDUP)                
     # Chordwise = 12   # Spanwise = 20     First strip = 61
     Surface area Ssurf =    0.712000     Ave. chord Cave =    0.445000

 Forces referred to Sref, Cref, Bref about Xref, Yref, Zref
 Standard axis orientation,  X fwd, Z down         
     CLsurf  =   0.16301     Clsurf  =   0.05604
     CYsurf  =   0.00056     Cmsurf  =  -0.00274
     CDsurf  =   0.00350     Cnsurf  =   0.00355
     CDisurf =   0.00350     CDvsurf =   0.00000

 Forces referred to Ssurf, Cave 
     CLsurf  =   0.63901     CDsurf  =   0.01371

 Strip Forces referred to Strip Area, Chord
    j     Xle      Yle      Zle      Chord    Area     c_cl     ai     cl_norm    cl       cd       cdv    cm_c/4     cm_LE   C.P.x/c
    61   0.4001  -1.3425   0.0000   0.5098   0.0050   0.3690   0.0372   0.7252   0.7252   0.0165   0.0000   0.0253   0.1557    0.215
    62   0.4005  -1.3621   0.0000   0.5082   0.0149   0.3681   0.0368   0.7258   0.7258   0.0139   0.0000   0.0254   0.1556    0.215
    63   0.4013  -1.4009   0.0000   0.5051   0.0243   0.3660   0.0365   0.7263   0.7263   0.0134   0.0000   0.0256   0.1555    0.215
    64   0.4024  -1.4579   0.0000   0.5004   0.0328   0.3628   0.0362   0.7266   0.7266   0.0131   0.0000   0.0259   0.1553    0.214
    65   0.4040  -1.5317   0.0000   0.4944   0.0403   0.3583   0.0360   0.7262   0.7262   0.0130   0.0000   0.0263   0.1548    0.214
    66   0.4058  -1.6204   0.0000   0.4872   0.0465   0.3524   0.0360   0.7248   0.7248   0.0129   0.0000   0.0267   0.1540    0.213
    67   0.4079  -1.7220   0.0000   0.4790   0.0513   0.3449   0.0363   0.7218   0.7218   0.0129   0.0000   0.0273   0.1528    0.212
    68   0.4102  -1.8339   0.0000   0.4699   0.0545   0.3360   0.0369   0.7166   0.7166   0.0130   0.0000   0.0278   0.1509    0.211
    69   0.4126  -1.9532   0.0000   0.4602   0.0562   0.3253   0.0379   0.7085   0.7085   0.0132   0.0000   0.0284   0.1483    0.210
    70   0.4152  -2.0772   0.0000   0.4501   0.0563   0.3129   0.0395   0.6966   0.6966   0.0136   0.0000   0.0290   0.1447    0.208
    71   0.4178  -2.2028   0.0000   0.4399   0.0551   0.2985   0.0417   0.6800   0.6800   0.0140   0.0000   0.0296   0.1400    0.206
    72   0.4204  -2.3268   0.0000   0.4298   0.0525   0.2819   0.0448   0.6571   0.6571   0.0145   0.0000   0.0302   0.1337    0.204
    73   0.4228  -2.4461   0.0000   0.4201   0.0487   0.2627   0.0488   0.6262   0.6262   0.0150   0.0000   0.0307   0.1256    0.201
    74   0.4251  -2.5580   0.0000   0.4110   0.0440   0.2403   0.0536   0.5854   0.5854   0.0154   0.0000   0.0310   0.1151    0.197
    75   0.4272  -2.6596   0.0000   0.4028   0.0384   0.2142   0.0592   0.5325   0.5325   0.0156   0.0000   0.0310   0.1019    0.192
    76   0.4290  -2.7483   0.0000   0.3956   0.0323   0.1840   0.0651   0.4655   0.4655   0.0152   0.0000   0.0302   0.0860    0.185
    77   0.4306  -2.8221   0.0000   0.3896   0.0256   0.1493   0.0708   0.3834   0.3834   0.0140   0.0000   0.0280   0.0678    0.177
    78   0.4317  -2.8791   0.0000   0.3849   0.0185   0.1103   0.0758   0.2867   0.2867   0.0118   0.0000   0.0235   0.0481    0.168
    79   0.4325  -2.9179   0.0000   0.3818   0.0112   0.0678   0.0795   0.1776   0.1776   0.0083   0.0000   0.0160   0.0284    0.160
    80   0.4329  -2.9375   0.0000   0.3802   0.0037   0.0229   0.0818   0.0602   0.0602   0.0033   0.0000   0.0058   0.0093    0.154

  Surface # 5     hstab_panel_0                           
     # Chordwise = 12   # Spanwise = 20     First strip = 81
     Surface area Ssurf =    0.201600     Ave. chord Cave =    0.360000

 Forces referred to Sref, Cref, Bref about Xref, Yref, Zref
 Standard axis orientation,  X fwd, Z down         
     CLsurf  =  -0.00118     Clsurf  =   0.00005
     CYsurf  =  -0.00000     Cmsurf  =   0.00665
     CDsurf  =  -0.00002     Cnsurf  =   0.00000
     CDisurf =  -0.00002     CDvsurf =   0.00000

 Forces referred to Ssurf, Cave 
     CLsurf  =  -0.01630     CDsurf  =  -0.00034

 Strip Forces referred to Strip Area, Chord
    j     Xle      Yle      Zle      Chord    Area     c_cl     ai     cl_norm    cl       cd       cdv    cm_c/4     cm_LE   C.P.x/c
    81   1.9000   0.0009   0.4500   0.3600   0.0012  -0.0062   0.0238  -0.0173  -0.0173  -0.0004   0.0000   0.0556   0.0599  999.000
    82   1.9000   0.0077   0.4500   0.3600   0.0037  -0.0062   0.0238  -0.0172  -0.0172  -0.0004   0.0000   0.0556   0.0599  999.000
    83   1.9000   0.0213   0.4500   0.3600   0.0061  -0.0062   0.0238  -0.0172  -0.0172  -0.0004   0.0000   0.0556   0.0599  999.000
    84   1.9000   0.0413   0.4500   0.3600   0.0083  -0.0062   0.0238  -0.0172  -0.0172  -0.0004   0.0000   0.0556   0.0599  999.000
    85   1.9000   0.0671   0.4500   0.3600   0.0103  -0.0062   0.0238  -0.0172  -0.0172  -0.0004   0.0000   0.0556   0.0599  999.000
    86   1.9000   0.0982   0.4500   0.3600   0.0120  -0.0062   0.0237  -0.0173  -0.0173  -0.0004   0.0000   0.0556   0.0599  999.000
    87   1.9000   0.1337   0.4500   0.3600   0.0135  -0.0062   0.0236  -0.0173  -0.0173  -0.0004   0.0000   0.0555   0.0598  999.000
    88   1.9000   0.1728   0.4500   0.3600   0.0146  -0.0062   0.0235  -0.0174  -0.0174  -0.0004   0.0000   0.0555   0.0598  999.000
    89   1.9000   0.2146   0.4500   0.3600   0.0154  -0.0063   0.0232  -0.0175  -0.0175  -0.0004   0.0000   0.0553   0.0597  999.000
    90   1.9000   0.2580   0.4500   0.3600   0.0158  -0.0063   0.0228  -0.0176  -0.0176  -0.0004   0.0000   0.0552   0.0595  999.000
    91   1.9000   0.3020   0.4500   0.3600   0.0158  -0.0063   0.0222  -0.0176  -0.0176  -0.0004   0.0000   0.0548   0.0593  999.000
    92   1.9000   0.3454   0.4500   0.3600   0.0154  -0.0063   0.0213  -0.0176  -0.0176  -0.0004   0.0000   0.0544   0.0588  999.000
    93   1.9000   0.3872   0.4500   0.3600   0.0146  -0.0063   0.0201  -0.0175  -0.0175  -0.0004   0.0000   0.0536   0.0580  999.000
    94   1.9000   0.4263   0.4500   0.3600   0.0135  -0.0061   0.0184  -0.0171  -0.0171  -0.0003   0.0000   0.0524   0.0567  999.000
    95   1.9000   0.4618   0.4500   0.3600   0.0120  -0.0058   0.0160  -0.0162  -0.0162  -0.0002   0.0000   0.0506   0.0546  999.000
    96   1.9000   0.4929   0.4500   0.3600   0.0103  -0.0052   0.0129  -0.0145  -0.0145  -0.0001   0.0000   0.0479   0.0516  999.000
    97   1.9000   0.5187   0.4500   0.3600   0.0083  -0.0043   0.0092  -0.0119  -0.0119   0.0001   0.0000   0.0442   0.0471  999.000
    98   1.9000   0.5387   0.4500   0.3600   0.0061  -0.0029   0.0053  -0.0081  -0.0081   0.0003   0.0000   0.0393   0.0413  999.000
    99   1.9000   0.5523   0.4500   0.3600   0.0037  -0.0012   0.0021  -0.0034  -0.0034   0.0004   0.0000   0.0336   0.0344  999.000
   100   1.9000   0.5591   0.4500   0.3600   0.0012   0.0006   0.0002   0.0019   0.0019  -0.0022   0.0000   0.0271   0.0267  999.000

  Surface # 6     hstab_panel_0 (YDUP)                    
     # Chordwise = 12   # Spanwise = 20     First strip =101
     Surface area Ssurf =    0.201600     Ave. chord Cave =    0.360000

 Forces referred to Sref, Cref, Bref about Xref, Yref, Zref
 Standard axis orientation,  X fwd, Z down         
     CLsurf  =  -0.00121     Clsurf  =  -0.00005
     CYsurf  =   0.00000     Cmsurf  =   0.00673
     CDsurf  =  -0.00002     Cnsurf  =  -0.00000
     CDisurf =  -0.00002     CDvsurf =   0.00000

 Forces referred to Ssurf, Cave 
     CLsurf  =  -0.01669     CDsurf  =  -0.00034

 Strip Forces referred to Strip Area, Chord
    j     Xle      Yle      Zle      Chord    Area     c_cl     ai     cl_norm    cl       cd       cdv    cm_c/4     cm_LE   C.P.x/c
   101   1.9000  -0.0009   0.4500   0.3600   0.0012  -0.0062   0.0238  -0.0173  -0.0173  -0.0004   0.0000   0.0556  -0.0599  999.000
   102   1.9000  -0.0077   0.4500   0.3600   0.0037  -0.0062   0.0238  -0.0173  -0.0173  -0.0004   0.0000   0.0556  -0.0599  999.000
   103   1.9000  -0.0213   0.4500   0.3600   0.0061  -0.0062   0.0238  -0.0173  -0.0173  -0.0004   0.0000   0.0556  -0.0599  999.000
   104   1.9000  -0.0413   0.4500   0.3600   0.0083  -0.0062   0.0238  -0.0173  -0.0173  -0.0004   0.0000   0.0556  -0.0599  999.000
   105   1.9000  -0.0671   0.4500   0.3600   0.0103  -0.0062   0.0238  -0.0173  -0.0173  -0.0004   0.0000   0.0556  -0.0599  999.000
   106   1.9000  -0.0982   0.4500   0.3600   0.0120  -0.0063   0.0237  -0.0174  -0.0174  -0.0004   0.0000   0.0556  -0.0599  999.000
   107   1.9000  -0.1337   0.4500   0.3600   0.0135  -0.0063   0.0236  -0.0175  -0.0175  -0.0004   0.0000   0.0555  -0.0599  999.000
   108   1.9000  -0.1728   0.4500   0.3600   0.0146  -0.0063   0.0234  -0.0176  -0.0176  -0.0004   0.0000   0.0554  -0.0598  999.000
   109   1.9000  -0.2146   0.4500   0.3600   0.0154  -0.0064   0.0232  -0.0178  -0.0178  -0.0004   0.0000   0.0553  -0.0597  999.000
   110   1.9000  -0.2580   0.4500   0.3600   0.0158  -0.0064   0.0227  -0.0179  -0.0179  -0.0004   0.0000   0.0551  -0.0596  999.000
   111   1.9000  -0.3020   0.4500   0.3600   0.0158  -0.0065   0.0221  -0.0181  -0.0181  -0.0004   0.0000   0.0548  -0.0593  999.000
   112   1.9000  -0.3454   0.4500   0.3600   0.0154  -0.0065   0.0212  -0.0182  -0.0182  -0.0004   0.0000   0.0543  -0.0588  999.000
   113   1.9000  -0.3872   0.4500   0.3600   0.0146  -0.0065   0.0200  -0.0181  -0.0181  -0.0004   0.0000   0.0534  -0.0580  999.000
   114   1.9000  -0.4263   0.4500   0.3600   0.0135  -0.0064   0.0182  -0.0177  -0.0177  -0.0003   0.0000   0.0522  -0.0566  999.000
   115   1.9000  -0.4618   0.4500   0.3600   0.0120  -0.0061   0.0158  -0.0169  -0.0169  -0.0002   0.0000   0.0502  -0.0544  999.000
   116   1.9000  -0.4929   0.4500   0.3600   0.0103  -0.0055   0.0126  -0.0152  -0.0152  -0.0001   0.0000   0.0474  -0.0512  999.000
   117   1.9000  -0.5187   0.4500   0.3600   0.0083  -0.0045   0.0089  -0.0125  -0.0125   0.0001   0.0000   0.0434  -0.0466  999.000
   118   1.9000  -0.5387   0.4500   0.3600   0.0061  -0.0031   0.0052  -0.0087  -0.0087   0.0003   0.0000   0.0383  -0.0405  999.000
   119   1.9000  -0.5523   0.4500   0.3600   0.0037  -0.0014   0.0020  -0.0040  -0.0040   0.0004   0.0000   0.0324  -0.0334  999.000
   120   1.9000  -0.5591   0.4500   0.3600   0.0012   0.0004   0.0001   0.0013   0.0013  -0.0014   0.0000   0.0259  -0.0256  999.000

  Surface # 7     fin_panel_0                             
     # Chordwise = 12   # Spanwise = 20     First strip =121
     Surface area Ssurf =    0.135000     Ave. chord Cave =    0.300000

 Forces referred to Sref, Cref, Bref about Xref, Yref, Zref
 Standard axis orientation,  X fwd, Z down         
     CLsurf  =   0.00000     Clsurf  =   0.00001
     CYsurf  =   0.00027     Cmsurf  =  -0.00000
     CDsurf  =  -0.00000     Cnsurf  =  -0.00005
     CDisurf =  -0.00000     CDvsurf =   0.00000

 Forces referred to Ssurf, Cave 
     CLsurf  =   0.00562     CDsurf  =  -0.00004

 Strip Forces referred to Strip Area, Chord
    j     Xle      Yle      Zle      Chord    Area     c_cl     ai     cl_norm    cl       cd       cdv    cm_c/4     cm_LE   C.P.x/c
   121   1.9000   0.5600   0.4493   0.3000   0.0008   0.0016   0.1174   0.0053   0.0053   0.0032   0.0000   0.0344   0.0331  999.000
   122   1.9000   0.5600   0.4438   0.3000   0.0025   0.0025   0.0452   0.0083   0.0082  -0.0004   0.0000   0.0302   0.0281  999.000
   123   1.9000   0.5600   0.4329   0.3000   0.0041   0.0034   0.0362   0.0113   0.0112  -0.0004   0.0000   0.0238   0.0210  999.000
   124   1.9000   0.5600   0.4168   0.3000   0.0055   0.0039   0.0288   0.0130   0.0129  -0.0003   0.0000   0.0180   0.0147  999.000
   125   1.9000   0.5600   0.3961   0.3000   0.0069   0.0039   0.0221   0.0133   0.0132  -0.0002   0.0000   0.0131   0.0098   -0.746
   126   1.9000   0.5600   0.3711   0.3000   0.0081   0.0037   0.0168   0.0124   0.0123  -0.0001   0.0000   0.0094   0.0063   -0.512
   127   1.9000   0.5600   0.3426   0.3000   0.0090   0.0032   0.0128   0.0108   0.0108  -0.0001   0.0000   0.0067   0.0040   -0.370
   128   1.9000   0.5600   0.3111   0.3000   0.0098   0.0027   0.0097   0.0089   0.0089  -0.0000   0.0000   0.0048   0.0026   -0.290
   129   1.9000   0.5600   0.2775   0.3000   0.0103   0.0021   0.0075   0.0070   0.0070  -0.0000   0.0000   0.0035   0.0018   -0.258
   130   1.9000   0.5600   0.2427   0.3000   0.0106   0.0016   0.0059   0.0053   0.0052  -0.0000   0.0000   0.0027   0.0014   -0.270
   131   1.9000   0.5600   0.2073   0.3000   0.0106   0.0011   0.0048   0.0038   0.0038  -0.0000   0.0000   0.0022   0.0013   -0.333
   132   1.9000   0.5600   0.1725   0.3000   0.0103   0.0008   0.0041   0.0027   0.0027   0.0000   0.0000   0.0019   0.0012   -0.457
   133   1.9000   0.5600   0.1389   0.3000   0.0098   0.0006   0.0036   0.0019   0.0019   0.0000   0.0000   0.0017   0.0012   -0.653
   134   1.9000   0.5600   0.1074   0.3000   0.0090   0.0004   0.0034   0.0013   0.0013   0.0000   0.0000   0.0015   0.0012   -0.912
   135   1.9000   0.5600   0.0789   0.3000   0.0081   0.0003   0.0033   0.0010   0.0010   0.0000   0.0000   0.0014   0.0012  999.000
   136   1.9000   0.5600   0.0539   0.3000   0.0069   0.0002   0.0035   0.0008   0.0008   0.0000   0.0000   0.0013   0.0011  999.000
   137   1.9000   0.5600   0.0332   0.3000   0.0055   0.0002   0.0042   0.0006   0.0006   0.0000   0.0000   0.0011   0.0010  999.000
   138   1.9000   0.5600   0.0171   0.3000   0.0041   0.0001   0.0060   0.0005   0.0005   0.0000   0.0000   0.0009   0.0008  999.000
   139   1.9000   0.5600   0.0062   0.3000   0.0025   0.0001   0.0095   0.0003   0.0003   0.0000   0.0000   0.0006   0.0005  999.000
   140   1.9000   0.5600   0.0007   0.3000   0.0008   0.0000   0.0032   0.0001   0.0001   0.0000   0.0000   0.0002   0.0002  999.000

  Surface # 8     fin_panel_0                             
     # Chordwise = 12   # Spanwise = 20     First strip =141
     Surface area Ssurf =    0.135000     Ave. chord Cave =    0.300000

 Forces referred to Sref, Cref, Bref about Xref, Yref, Zref
 Standard axis orientation,  X fwd, Z down         
     CLsurf  =   0.00000     Clsurf  =  -0.00001
     CYsurf  =  -0.00025     Cmsurf  =  -0.00000
     CDsurf  =  -0.00000     Cnsurf  =   0.00005
     CDisurf =  -0.00000     CDvsurf =   0.00000

 Forces referred to Ssurf, Cave 
     CLsurf  =  -0.00510     CDsurf  =  -0.00005

 Strip Forces referred to Strip Area, Chord
    j     Xle      Yle      Zle      Chord    Area     c_cl     ai     cl_norm    cl       cd       cdv    cm_c/4     cm_LE   C.P.x/c
   141   1.9000  -0.5600   0.4493   0.3000   0.0008  -0.0014  -0.1164  -0.0048  -0.0048   0.0021   0.0000  -0.0326  -0.0314  999.000
   142   1.9000  -0.5600   0.4438   0.3000   0.0025  -0.0023  -0.0453  -0.0076  -0.0076  -0.0005   0.0000  -0.0281  -0.0262  999.000
   143   1.9000  -0.5600   0.4329   0.3000   0.0041  -0.0032  -0.0362  -0.0106  -0.0105  -0.0005   0.0000  -0.0216  -0.0189  999.000
   144   1.9000  -0.5600   0.4168   0.3000   0.0055  -0.0037  -0.0289  -0.0123  -0.0122  -0.0003   0.0000  -0.0155  -0.0125  999.000
   145   1.9000  -0.5600   0.3961   0.3000   0.0069  -0.0037  -0.0221  -0.0125  -0.0124  -0.0002   0.0000  -0.0105  -0.0074   -0.597
   146   1.9000  -0.5600   0.3711   0.3000   0.0081  -0.0035  -0.0167  -0.0116  -0.0116  -0.0001   0.0000  -0.0067  -0.0038   -0.331
   147   1.9000  -0.5600   0.3426   0.3000   0.0090  -0.0030  -0.0126  -0.0100  -0.0100  -0.0001   0.0000  -0.0039  -0.0014   -0.144
   148   1.9000  -0.5600   0.3111   0.3000   0.0098  -0.0024  -0.0095  -0.0081  -0.0081  -0.0000   0.0000  -0.0020   0.0000    0.002
   149   1.9000  -0.5600   0.2775   0.3000   0.0103  -0.0019  -0.0073  -0.0062  -0.0062  -0.0000   0.0000  -0.0007   0.0008    0.133
   150   1.9000  -0.5600   0.2427   0.3000   0.0106  -0.0013  -0.0057  -0.0045  -0.0045  -0.0000   0.0000   0.0001   0.0012    0.272
   151   1.9000  -0.5600   0.2073   0.3000   0.0106  -0.0009  -0.0046  -0.0031  -0.0031  -0.0000   0.0000   0.0006   0.0014    0.444
   152   1.9000  -0.5600   0.1725   0.3000   0.0103  -0.0006  -0.0039  -0.0021  -0.0021  -0.0000   0.0000   0.0009   0.0014    0.681
   153   1.9000  -0.5600   0.1389   0.3000   0.0098  -0.0004  -0.0035  -0.0014  -0.0014  -0.0000   0.0000   0.0011   0.0014    0.995
   154   1.9000  -0.5600   0.1074   0.3000   0.0090  -0.0003  -0.0033  -0.0010  -0.0010  -0.0000   0.0000   0.0011   0.0014    1.324
   155   1.9000  -0.5600   0.0789   0.3000   0.0081  -0.0003  -0.0034  -0.0009  -0.0009  -0.0000   0.0000   0.0011   0.0013    1.517
   156   1.9000  -0.5600   0.0539   0.3000   0.0069  -0.0002  -0.0038  -0.0008  -0.0008  -0.0000   0.0000   0.0010   0.0012    1.511
   157   1.9000  -0.5600   0.0332   0.3000   0.0055  -0.0002  -0.0046  -0.0007  -0.0007  -0.0000   0.0000   0.0008   0.0010    1.403
   158   1.9000  -0.5600   0.0171   0.3000   0.0041  -0.0002  -0.0067  -0.0006  -0.0006  -0.0000   0.0000   0.0006   0.0008    1.292
   159   1.9000  -0.5600   0.0062   0.3000   0.0025  -0.0001  -0.0103  -0.0004  -0.0004  -0.0000   0.0000   0.0004   0.0005    1.215
   160   1.9000  -0.5600   0.0007   0.3000   0.0008  -0.0000  -0.0040  -0.0001  -0.0001  -0.0000   0.0000   0.0001   0.0002    1.178
 ---------------------------------------------------------------
