 ---------------------------------------------------------------
 Surface and Strip Forces by surface

  Sref =  1.7740       Cref = 0.39400       Bref =  4.5000    
  Xref = 0.50000       Yref =  0.0000       Zref =  0.0000    

  Surface # 1     main_wing_panel_0                       
     # Chordwise = 12   # Spanwise = 20     First strip =  1
     Surface area Ssurf =    0.434600     Ave. chord Cave =    0.410000

 Forces referred to Sref, Cref, Bref about Xref, Yref, Zref
 Standard axis orientation,  X fwd, Z down         
     CLsurf  =   0.23954     Clsurf  =  -0.02782
     CYsurf  =   0.00000     Cmsurf  =   0.00931
     CDsurf  =   0.00486     Cnsurf  =  -0.00286
     CDisurf =   0.00486     CDvsurf =   0.00000

 Forces referred to Ssurf, Cave 
     CLsurf  =   0.97779     CDsurf  =   0.01986

 Strip Forces referred to Strip Area, Chord
    j     Xle      Yle      Zle      Chord    Area     c_cl     ai     cl_norm    cl       cd       cdv    cm_c/4     cm_LE   C.P.x/c
     1   0.4000   0.0016   0.0000   0.4100   0.0027   0.4054   0.0424   0.9941   0.9941   0.0186   0.0000   0.0428  -0.2045    0.207
     2   0.4000   0.0146   0.0000   0.4100   0.0080   0.4054   0.0424   0.9941   0.9941   0.0186   0.0000   0.0428  -0.2045    0.207
     3   0.4000   0.0403   0.0000   0.4100   0.0130   0.4054   0.0424   0.9941   0.9941   0.0186   0.0000   0.0428  -0.2044    0.207
     4   0.4000   0.0781   0.0000   0.4100   0.0178   0.4053   0.0425   0.9939   0.9939   0.0186   0.0000   0.0427  -0.2044    0.207
     5   0.4000   0.1270   0.0000   0.4100   0.0221   0.4052   0.0425   0.9935   0.9935   0.0186   0.0000   0.0427  -0.2043    0.207
     6   0.4000   0.1858   0.0000   0.4100   0.0259   0.4049   0.0426   0.9928   0.9928   0.0187   0.0000   0.0427  -0.2042    0.207
     7   0.4000   0.2531   0.0000   0.4100   0.0291   0.4045   0.0427   0.9917   0.9917   0.0188   0.0000   0.0427  -0.2039    0.207
     8   0.4000   0.3272   0.0000   0.4100   0.0315   0.4038   0.0429   0.9901   0.9901   0.0189   0.0000   0.0427  -0.2035    0.207
     9   0.4000   0.4063   0.0000   0.4100   0.0332   0.4029   0.0431   0.9878   0.9878   0.0191   0.0000   0.0426  -0.2030    0.207
    10   0.4000   0.4884   0.0000   0.4100   0.0340   0.4017   0.0435   0.9848   0.9848   0.0193   0.0000   0.0426  -0.2023    0.207
    11   0.4000   0.5716   0.0000   0.4100   0.0340   0.4002   0.0386   0.9811   0.9811   0.0196   0.0000   0.0425  -0.2015    0.207
    12   0.4000   0.6537   0.0000   0.4100   0.0332   0.3984   0.0398   0.9766   0.9766   0.0199   0.0000   0.0424  -0.2005    0.207
    13   0.4000   0.7328   0.0000   0.4100   0.0315   0.3963   0.0407   0.9716   0.9716   0.0203   0.0000   0.0423  -0.1993    0.206
    14   0.4000   0.8069   0.0000   0.4100   0.0291   0.3941   0.0418   0.9661   0.9661   0.0207   0.0000   0.0422  -0.1981    0.206
    15   0.4000   0.8742   0.0000   0.4100   0.0259   0.3918   0.0429   0.9603   0.9603   0.0211   0.0000   0.0421  -0.1968    0.206
    16   0.4000   0.9330   0.0000   0.4100   0.0221   0.3895   0.0441   0.9545   0.9545   0.0215   0.0000   0.0420  -0.1955    0.206
    17   0.4000   0.9819   0.0000   0.4100   0.0178   0.3873   0.0452   0.9492   0.9492   0.0220   0.0000   0.0419  -0.1943    0.206
    18   0.4000   1.0197   0.0000   0.4100   0.0130   0.3855   0.0462   0.9446   0.9446   0.0226   0.0000   0.0418  -0.1932    0.206
    19   0.4000   1.0454   0.0000   0.4100   0.0080   0.3841   0.0470   0.9412   0.9412   0.0233   0.0000   0.0417  -0.1925    0.206
    20   0.4000   1.0584   0.0000   0.4100   0.0027   0.3834   0.0475   0.9390   0.9390   0.0269   0.0000   0.0417  -0.1921    0.206

  Surface # 2     main_wing_panel_0 (YDUP)                
     # Chordwise = 12   # Spanwise = 20     First strip = 21
     Surface area Ssurf =    0.434600     Ave. chord Cave =    0.410000

 Forces referred to Sref, Cref, Bref about Xref, Yref, Zref
 Standard axis orientation,  X fwd, Z down         
     CLsurf  =   0.23954     Clsurf  =   0.02782
     CYsurf  =  -0.00000     Cmsurf  =   0.00931
     CDsurf  =   0.00486     Cnsurf  =   0.00286
     CDisurf =   0.00486     CDvsurf =   0.00000

 Forces referred to Ssurf, Cave 
     CLsurf  =   0.97779     CDsurf  =   0.01986

 Strip Forces referred to Strip Area, Chord
    j     Xle      Yle      Zle      Chord    Area     c_cl     ai     cl_norm    cl       cd       cdv    cm_c/4     cm_LE   C.P.x/c
    21   0.4000  -0.0016   0.0000   0.4100   0.0027   0.4054   0.0424   0.9941   0.9941   0.0186   0.0000   0.0428   0.2045    0.207
    22   0.4000  -0.0146   0.0000   0.4100   0.0080   0.4054   0.0424   0.9941   0.9941   0.0186   0.0000   0.0428   0.2045    0.207
    23   0.4000  -0.0403   0.0000   0.4100   0.0130   0.4054   0.0424   0.9941   0.9941   0.0186   0.0000   0.0428   0.2044    0.207
    24   0.4000  -0.0781   0.0000   0.4100   0.0178   0.4053   0.0424   0.9939   0.9939   0.0186   0.0000   0.0427   0.2044    0.207
    25   0.4000  -0.1270   0.0000   0.4100   0.0221   0.4052   0.0425   0.9935   0.9935   0.0186   0.0000   0.0427   0.2043    0.207
    26   0.4000  -0.1858   0.0000   0.4100   0.0259   0.4049   0.0426   0.9928   0.9928   0.0187   0.0000   0.0427   0.2042    0.207
    27   0.4000  -0.2531   0.0000   0.4100   0.0291   0.4044   0.0427   0.9917   0.9917   0.0188   0.0000   0.0427   0.2039    0.207
    28   0.4000  -0.3272   0.0000   0.4100   0.0315   0.4038   0.0428   0.9901   0.9901   0.0189   0.0000   0.0427   0.2035    0.207
    29   0.4000  -0.4063   0.0000   0.4100   0.0332   0.4029   0.0430   0.9878   0.9878   0.0191   0.0000   0.0426   0.2030    0.207
    30   0.4000  -0.4884   0.0000   0.4100   0.0340   0.4016   0.0435   0.9848   0.9848   0.0193   0.0000   0.0426   0.2023    0.207
    31   0.4000  -0.5716   0.0000   0.4100   0.0340   0.4002   0.0384   0.9811   0.9811   0.0196   0.0000   0.0425   0.2015    0.207
    32   0.4000  -0.6537   0.0000   0.4100   0.0332   0.3984   0.0398   0.9766   0.9766   0.0199   0.0000   0.0424   0.2005    0.207
    33   0.4000  -0.7328   0.0000   0.4100   0.0315   0.3963   0.0407   0.9716   0.9716   0.0203   0.0000   0.0423   0.1993    0.206
    34   0.4000  -0.8069   0.0000   0.4100   0.0291   0.3941   0.0418   0.9661   0.9661   0.0207   0.0000   0.0422   0.1981    0.206
    35   0.4000  -0.8742   0.0000   0.4100   0.0259   0.3918   0.0430   0.9603   0.9603   0.0211   0.0000   0.0421   0.1968    0.206
    36   0.4000  -0.9330   0.0000   0.4100   0.0221   0.3895   0.0442   0.9545   0.9545   0.0215   0.0000   0.0420   0.1955    0.206
    37   0.4000  -0.9819   0.0000   0.4100   0.0178   0.3873   0.0453   0.9492   0.9492   0.0220   0.0000   0.0419   0.1943    0.206
    38   0.4000  -1.0197   0.0000   0.4100   0.0130   0.3855   0.0462   0.9446   0.9446   0.0226   0.0000   0.0418   0.1932    0.206
    39   0.4000  -1.0454   0.0000   0.4100   0.0080   0.3841   0.0470   0.9412   0.9412   0.0233   0.0000   0.0417   0.1925    0.206
    40   0.4000  -1.0584   0.0000   0.4100   0.0027   0.3834   0.0475   0.9389   0.9389   0.0269   0.0000   0.0417   0.1921    0.206

  Surface # 3     main_wing_panel_1                       
     # Chordwise = 12   # Spanwise = 20     First strip = 41
     Surface area Ssurf =    0.452200     Ave. chord Cave =    0.380000

 Forces referred to Sref, Cref, Bref about Xref, Yref, Zref
 Standard axis orientation,  X fwd, Z down         
     CLsurf  =   0.20143     Clsurf  =  -0.07009
     CYsurf  =  -0.00066     Cmsurf  =   0.00883
     CDsurf  =   0.00618     Cnsurf  =  -0.00638
     CDisurf =   0.00618     CDvsurf =   0.00000

 Forces referred to Ssurf, Cave 
     CLsurf  =   0.79023     CDsurf  =   0.02423

 Strip Forces referred to Strip Area, Chord
    j     Xle      Yle      Zle      Chord    Area     c_cl     ai     cl_norm    cl       cd       cdv    cm_c/4     cm_LE   C.P.x/c
    41   0.4000   1.0618   0.0000   0.4099   0.0030   0.3833   0.0475   0.9389   0.9389   0.0265   0.0000   0.0417  -0.1921    0.206
    42   0.4002   1.0764   0.0000   0.4092   0.0089   0.3824   0.0474   0.9388   0.9388   0.0234   0.0000   0.0417  -0.1919    0.206
    43   0.4006   1.1053   0.0000   0.4077   0.0146   0.3806   0.0474   0.9378   0.9378   0.0228   0.0000   0.0418  -0.1915    0.205
    44   0.4011   1.1477   0.0000   0.4056   0.0198   0.3777   0.0477   0.9356   0.9356   0.0227   0.0000   0.0420  -0.1908    0.205
    45   0.4018   1.2026   0.0000   0.4028   0.0244   0.3737   0.0482   0.9320   0.9320   0.0227   0.0000   0.0421  -0.1898    0.205
    46   0.4026   1.2686   0.0000   0.3995   0.0284   0.3684   0.0491   0.9264   0.9264   0.0228   0.0000   0.0423  -0.1882    0.204
    47   0.4036   1.3441   0.0000   0.3957   0.0315   0.3617   0.0503   0.9182   0.9182   0.0231   0.0000   0.0425  -0.1860    0.204
    48   0.4046   1.4273   0.0000   0.3915   0.0338   0.3534   0.0521   0.9067   0.9067   0.0235   0.0000   0.0426  -0.1831    0.203
    49   0.4057   1.5161   0.0000   0.3870   0.0351   0.3433   0.0544   0.8910   0.8910   0.0241   0.0000   0.0427  -0.1791    0.202
    50   0.4069   1.6083   0.0000   0.3824   0.0356   0.3313   0.0575   0.8700   0.8700   0.0248   0.0000   0.0428  -0.1738    0.201
    51   0.4081   1.7017   0.0000   0.3776   0.0352   0.3169   0.0614   0.8425   0.8425   0.0256   0.0000   0.0428  -0.1670    0.199
    52   0.4093   1.7939   0.0000   0.3730   0.0339   0.2998   0.0662   0.8068   0.8068   0.0263   0.0000   0.0427  -0.1583    0.197
    53   0.4104   1.8827   0.0000   0.3685   0.0318   0.2796   0.0719   0.7611   0.7611   0.0270   0.0000   0.0424  -0.1472    0.194
    54   0.4114   1.9659   0.0000   0.3643   0.0290   0.2556   0.0784   0.7037   0.7037   0.0273   0.0000   0.0419  -0.1335    0.190
    55   0.4124   2.0414   0.0000   0.3605   0.0256   0.2275   0.0854   0.6325   0.6325   0.0269   0.0000   0.0409  -0.1169    0.185
    56   0.4132   2.1074   0.0000   0.3572   0.0217   0.1948   0.0923   0.5464   0.5464   0.0256   0.0000   0.0388  -0.0976    0.179
    57   0.4139   2.1623   0.0000   0.3544   0.0173   0.1575   0.0988   0.4450   0.4450   0.0231   0.0000   0.0349  -0.0762    0.172
    58   0.4144   2.2047   0.0000   0.3523   0.0126   0.1160   0.1042   0.3296   0.3296   0.0190   0.0000   0.0284  -0.0539    0.164
    59   0.4148   2.2336   0.0000   0.3508   0.0076   0.0711   0.1082   0.2027   0.2027   0.0132   0.0000   0.0189  -0.0318    0.157
    60   0.4150   2.2482   0.0000   0.3501   0.0026   0.0240   0.1106   0.0684   0.0684   0.0052   0.0000   0.0067  -0.0104    0.152

  Surface # 4     main_wing_panel_1 (YDUP)                
     # Chordwise = 12   # Spanwise = 20     First strip = 61
     Surface area Ssurf =    0.452200     Ave. chord Cave =    0.380000

 Forces referred to Sref, Cref, Bref about Xref, Yref, Zref
 Standard axis orientation,  X fwd, Z down         
     CLsurf  =   0.20143     Clsurf  =   0.07009
     CYsurf  =   0.00066     Cmsurf  =   0.00883
     CDsurf  =   0.00618     Cnsurf  =   0.00638
     CDisurf =   0.00618     CDvsurf =   0.00000

 Forces referred to Ssurf, Cave 
     CLsurf  =   0.79023     CDsurf  =   0.02423

 Strip Forces referred to Strip Area, Chord
    j     Xle      Yle      Zle      Chord    Area     c_cl     ai     cl_norm    cl       cd       cdv    cm_c/4     cm_LE   C.P.x/c
    61   0.4000  -1.0618   0.0000   0.4099   0.0030   0.3833   0.0475   0.9389   0.9389   0.0265   0.0000   0.0417   0.1921    0.206
    62   0.4002  -1.0764   0.0000   0.4092   0.0089   0.3824   0.0474   0.9388   0.9388   0.0234   0.0000   0.0417   0.1919    0.206
    63   0.4006  -1.1053   0.0000   0.4077   0.0146   0.3806   0.0475   0.9378   0.9378   0.0228   0.0000   0.0418   0.1915    0.205
    64   0.4011  -1.1477   0.0000   0.4056   0.0198   0.3777   0.0477   0.9356   0.9356   0.0227   0.0000   0.0420   0.1908    0.205
    65   0.4018  -1.2026   0.0000   0.4028   0.0244   0.3737   0.0482   0.9320   0.9320   0.0227   0.0000   0.0421   0.1898    0.205
    66   0.4026  -1.2686   0.0000   0.3995   0.0284   0.3684   0.0491   0.9264   0.9264   0.0228   0.0000   0.0423   0.1882    0.204
    67   0.4036  -1.3441   0.0000   0.3957   0.0315   0.3617   0.0503   0.9182   0.9182   0.0231   0.0000   0.0425   0.1860    0.204
    68   0.4046  -1.4273   0.0000   0.3915   0.0338   0.3534   0.0521   0.9067   0.9067   0.0235   0.0000   0.0426   0.1831    0.203
    69   0.4057  -1.5161   0.0000   0.3870   0.0351   0.3433   0.0544   0.8910   0.8910   0.0241   0.0000   0.0427   0.1791    0.202
    70   0.4069  -1.6083   0.0000   0.3824   0.0356   0.3313   0.0575   0.8700   0.8700   0.0248   0.0000   0.0428   0.1738    0.201
    71   0.4081  -1.7017   0.0000   0.3776   0.0352   0.3169   0.0614   0.8425   0.8425   0.0256   0.0000   0.0428   0.1670    0.199
    72   0.4093  -1.7939   0.0000   0.3730   0.0339   0.2998   0.0662   0.8068   0.8068   0.0263   0.0000   0.0427   0.1583    0.197
    73   0.4104  -1.8827   0.0000   0.3685   0.0318   0.2796   0.0719   0.7611   0.7611   0.0270   0.0000   0.0424   0.1472    0.194
    74   0.4114  -1.9659   0.0000   0.3643   0.0290   0.2556   0.0784   0.7037   0.7037   0.0273   0.0000   0.0419   0.1335    0.190
    75   0.4124  -2.0414   0.0000   0.3605   0.0256   0.2275   0.0854   0.6325   0.6325   0.0269   0.0000   0.0409   0.1169    0.185
    76   0.4132  -2.1074   0.0000   0.3572   0.0217   0.1948   0.0923   0.5464   0.5464   0.0256   0.0000   0.0388   0.0976    0.179
    77   0.4139  -2.1623   0.0000   0.3544   0.0173   0.1575   0.0988   0.4450   0.4450   0.0231   0.0000   0.0349   0.0762    0.172
    78   0.4144  -2.2047   0.0000   0.3523   0.0126   0.1160   0.1042   0.3296   0.3296   0.0190   0.0000   0.0284   0.0539    0.164
    79   0.4148  -2.2336   0.0000   0.3508   0.0076   0.0711   0.1082   0.2027   0.2027   0.0132   0.0000   0.0189   0.0318    0.157
    80   0.4150  -2.2482   0.0000   0.3501   0.0026   0.0240   0.1106   0.0684   0.0684   0.0052   0.0000   0.0067   0.0104    0.152

  Surface # 5     hstab_panel_0                           
     # Chordwise = 12   # Spanwise = 20     First strip = 81
     Surface area Ssurf =    0.118800     Ave. chord Cave =    0.220000

 Forces referred to Sref, Cref, Bref about Xref, Yref, Zref
 Standard axis orientation,  X fwd, Z down         
     CLsurf  =   0.00544     Clsurf  =  -0.00030
     CYsurf  =  -0.00000     Cmsurf  =  -0.01822
     CDsurf  =   0.00027     Cnsurf  =  -0.00002
     CDisurf =   0.00027     CDvsurf =   0.00000

 Forces referred to Ssurf, Cave 
     CLsurf  =   0.08127     CDsurf  =   0.00410

 Strip Forces referred to Strip Area, Chord
    j     Xle      Yle      Zle      Chord    Area     c_cl     ai     cl_norm    cl       cd       cdv    cm_c/4     cm_LE   C.P.x/c
    81   1.9000   0.0008   0.4000   0.2200   0.0007   0.0202   0.0415   0.0922   0.0922   0.0044   0.0000   0.0614   0.0384   -0.416
    82   1.9000   0.0075   0.4000   0.2200   0.0022   0.0202   0.0415   0.0922   0.0922   0.0044   0.0000   0.0614   0.0384   -0.416
    83   1.9000   0.0206   0.4000   0.2200   0.0036   0.0202   0.0415   0.0922   0.0922   0.0044   0.0000   0.0614   0.0384   -0.416
    84   1.9000   0.0398   0.4000   0.2200   0.0049   0.0202   0.0415   0.0921   0.0921   0.0044   0.0000   0.0614   0.0384   -0.417
    85   1.9000   0.0647   0.4000   0.2200   0.0061   0.0202   0.0415   0.0919   0.0919   0.0044   0.0000   0.0614   0.0385   -0.418
    86   1.9000   0.0946   0.4000   0.2200   0.0071   0.0201   0.0416   0.0916   0.0916   0.0044   0.0000   0.0614   0.0386   -0.421
    87   1.9000   0.1289   0.4000   0.2200   0.0079   0.0200   0.0416   0.0909   0.0909   0.0044   0.0000   0.0615   0.0388   -0.426
    88   1.9000   0.1667   0.4000   0.2200   0.0086   0.0198   0.0418   0.0900   0.0900   0.0043   0.0000   0.0615   0.0390   -0.433
    89   1.9000   0.2070   0.4000   0.2200   0.0091   0.0195   0.0419   0.0887   0.0887   0.0043   0.0000   0.0615   0.0394   -0.444
    90   1.9000   0.2488   0.4000   0.2200   0.0093   0.0191   0.0421   0.0869   0.0869   0.0042   0.0000   0.0616   0.0399   -0.459
    91   1.9000   0.2912   0.4000   0.2200   0.0093   0.0186   0.0423   0.0845   0.0845   0.0041   0.0000   0.0616   0.0405   -0.479
    92   1.9000   0.3330   0.4000   0.2200   0.0091   0.0179   0.0424   0.0816   0.0816   0.0040   0.0000   0.0616   0.0412   -0.505
    93   1.9000   0.3733   0.4000   0.2200   0.0086   0.0171   0.0423   0.0779   0.0779   0.0039   0.0000   0.0615   0.0420   -0.539
    94   1.9000   0.4111   0.4000   0.2200   0.0079   0.0162   0.0419   0.0737   0.0737   0.0038   0.0000   0.0611   0.0427   -0.578
    95   1.9000   0.4454   0.4000   0.2200   0.0071   0.0152   0.0408   0.0690   0.0690   0.0037   0.0000   0.0602   0.0430   -0.622
    96   1.9000   0.4753   0.4000   0.2200   0.0061   0.0141   0.0389   0.0641   0.0641   0.0037   0.0000   0.0585   0.0425   -0.663
    97   1.9000   0.5002   0.4000   0.2200   0.0049   0.0131   0.0358   0.0594   0.0594   0.0038   0.0000   0.0555   0.0407   -0.686
    98   1.9000   0.5194   0.4000   0.2200   0.0036   0.0122   0.0315   0.0555   0.0555   0.0041   0.0000   0.0510   0.0371   -0.670
    99   1.9000   0.5325   0.4000   0.2200   0.0022   0.0116   0.0265   0.0527   0.0527   0.0045   0.0000   0.0448   0.0316   -0.601
   100   1.9000   0.5392   0.4000   0.2200   0.0007   0.0107   0.0229   0.0494   0.0494  -0.0021   0.0000   0.0367   0.0245   -0.493

  Surface # 6     hstab_panel_0 (YDUP)                    
     # Chordwise = 12   # Spanwise = 20     First strip =101
     Surface area Ssurf =    0.118800     Ave. chord Cave =    0.220000

 Forces referred to Sref, Cref, Bref about Xref, Yref, Zref
 Standard axis orientation,  X fwd, Z down         
     CLsurf  =   0.00539     Clsurf  =   0.00030
     CYsurf  =  -0.00000     Cmsurf  =  -0.01803
     CDsurf  =   0.00027     Cnsurf  =   0.00002
     CDisurf =   0.00027     CDvsurf =   0.00000

 Forces referred to Ssurf, Cave 
     CLsurf  =   0.08048     CDsurf  =   0.00409

 Strip Forces referred to Strip Area, Chord
    j     Xle      Yle      Zle      Chord    Area     c_cl     ai     cl_norm    cl       cd       cdv    cm_c/4     cm_LE   C.P.x/c
   101   1.9000  -0.0008   0.4000   0.2200   0.0007   0.0202   0.0415   0.0922   0.0922   0.0044   0.0000   0.0614  -0.0384   -0.416
   102   1.9000  -0.0075   0.4000   0.2200   0.0022   0.0202   0.0415   0.0922   0.0922   0.0044   0.0000   0.0614  -0.0384   -0.416
   103   1.9000  -0.0206   0.4000   0.2200   0.0036   0.0202   0.0415   0.0921   0.0921   0.0044   0.0000   0.0614  -0.0384   -0.417
   104   1.9000  -0.0398   0.4000   0.2200   0.0049   0.0202   0.0415   0.0920   0.0920   0.0044   0.0000   0.0614  -0.0385   -0.417
   105   1.9000  -0.0647   0.4000   0.2200   0.0061   0.0202   0.0415   0.0918   0.0918   0.0044   0.0000   0.0614  -0.0385   -0.419
   106   1.9000  -0.0946   0.4000   0.2200   0.0071   0.0201   0.0416   0.0914   0.0914   0.0044   0.0000   0.0614  -0.0386   -0.423
   107   1.9000  -0.1289   0.4000   0.2200   0.0079   0.0199   0.0417   0.0907   0.0907   0.0044   0.0000   0.0615  -0.0388   -0.428
   108   1.9000  -0.1667   0.4000   0.2200   0.0086   0.0197   0.0418   0.0896   0.0896   0.0043   0.0000   0.0615  -0.0391   -0.436
   109   1.9000  -0.2070   0.4000   0.2200   0.0091   0.0194   0.0419   0.0882   0.0882   0.0043   0.0000   0.0616  -0.0395   -0.448
   110   1.9000  -0.2488   0.4000   0.2200   0.0093   0.0189   0.0421   0.0862   0.0862   0.0042   0.0000   0.0616  -0.0401   -0.464
   111   1.9000  -0.2912   0.4000   0.2200   0.0093   0.0184   0.0423   0.0837   0.0837   0.0041   0.0000   0.0616  -0.0407   -0.486
   112   1.9000  -0.3330   0.4000   0.2200   0.0091   0.0177   0.0423   0.0806   0.0806   0.0040   0.0000   0.0616  -0.0415   -0.514
   113   1.9000  -0.3733   0.4000   0.2200   0.0086   0.0169   0.0421   0.0767   0.0767   0.0039   0.0000   0.0614  -0.0422   -0.550
   114   1.9000  -0.4111   0.4000   0.2200   0.0079   0.0159   0.0416   0.0723   0.0723   0.0037   0.0000   0.0609  -0.0428   -0.592
   115   1.9000  -0.4454   0.4000   0.2200   0.0071   0.0148   0.0404   0.0673   0.0673   0.0037   0.0000   0.0598  -0.0429   -0.637
   116   1.9000  -0.4753   0.4000   0.2200   0.0061   0.0137   0.0383   0.0623   0.0623   0.0037   0.0000   0.0577  -0.0421   -0.676
   117   1.9000  -0.5002   0.4000   0.2200   0.0049   0.0127   0.0351   0.0577   0.0577   0.0038   0.0000   0.0543  -0.0398   -0.690
   118   1.9000  -0.5194   0.4000   0.2200   0.0036   0.0119   0.0308   0.0541   0.0541   0.0042   0.0000   0.0491  -0.0355   -0.658
   119   1.9000  -0.5325   0.4000   0.2200   0.0022   0.0114   0.0260   0.0516   0.0516   0.0047   0.0000   0.0423  -0.0293   -0.568
   120   1.9000  -0.5392   0.4000   0.2200   0.0007   0.0106   0.0226   0.0489   0.0489  -0.0014   0.0000   0.0338  -0.0217   -0.441

  Surface # 7     fin_panel_0                             
     # Chordwise = 12   # Spanwise = 20     First strip =121
     Surface area Ssurf =    0.080000     Ave. chord Cave =    0.200000

 Forces referred to Sref, Cref, Bref about Xref, Yref, Zref
 Standard axis orientation,  X fwd, Z down         
     CLsurf  =   0.00000     Clsurf  =   0.00006
     CYsurf  =   0.00106     Cmsurf  =  -0.00000
     CDsurf  =  -0.00001     Cnsurf  =  -0.00033
     CDisurf =  -0.00001     CDvsurf =   0.00000

 Forces referred to Ssurf, Cave 
     CLsurf  =   0.02353     CDsurf  =  -0.00012

 Strip Forces referred to Strip Area, Chord
    j     Xle      Yle      Zle      Chord    Area     c_cl     ai     cl_norm    cl       cd       cdv    cm_c/4     cm_LE   C.P.x/c
   121   1.9000   0.5400   0.3994   0.2000   0.0005   0.0106   0.0398   0.0536   0.0528   0.0104   0.0000   0.0403   0.0271   -0.514
   122   1.9000   0.5400   0.3945   0.2000   0.0015   0.0116   0.0227   0.0588   0.0579  -0.0018   0.0000   0.0336   0.0191   -0.330
   123   1.9000   0.5400   0.3848   0.2000   0.0024   0.0117   0.0206   0.0594   0.0585  -0.0014   0.0000   0.0244   0.0098   -0.167
   124   1.9000   0.5400   0.3705   0.2000   0.0033   0.0113   0.0164   0.0573   0.0564  -0.0009   0.0000   0.0163   0.0022   -0.039
   125   1.9000   0.5400   0.3521   0.2000   0.0041   0.0104   0.0114   0.0526   0.0518  -0.0006   0.0000   0.0102  -0.0027    0.053
   126   1.9000   0.5400   0.3299   0.2000   0.0048   0.0091   0.0069   0.0461   0.0454  -0.0003   0.0000   0.0061  -0.0052    0.115
   127   1.9000   0.5400   0.3045   0.2000   0.0054   0.0077   0.0035   0.0390   0.0384  -0.0002   0.0000   0.0037  -0.0059    0.154
   128   1.9000   0.5400   0.2765   0.2000   0.0058   0.0063   0.0012   0.0320   0.0315  -0.0001   0.0000   0.0024  -0.0055    0.173
   129   1.9000   0.5400   0.2467   0.2000   0.0061   0.0050  -0.0001   0.0256   0.0252  -0.0000   0.0000   0.0018  -0.0045    0.177
   130   1.9000   0.5400   0.2157   0.2000   0.0063   0.0040  -0.0008   0.0203   0.0200  -0.0000   0.0000   0.0016  -0.0033    0.167
   131   1.9000   0.5400   0.1843   0.2000   0.0063   0.0031  -0.0010   0.0159   0.0157  -0.0000   0.0000   0.0017  -0.0023    0.144
   132   1.9000   0.5400   0.1533   0.2000   0.0061   0.0025  -0.0010   0.0125   0.0123   0.0000   0.0000   0.0018  -0.0013    0.106
   133   1.9000   0.5400   0.1235   0.2000   0.0058   0.0020  -0.0007   0.0100   0.0098   0.0000   0.0000   0.0019  -0.0005    0.056
   134   1.9000   0.5400   0.0955   0.2000   0.0054   0.0016  -0.0003   0.0081   0.0080   0.0000   0.0000   0.0020   0.0000   -0.006
   135   1.9000   0.5400   0.0701   0.2000   0.0048   0.0013   0.0002   0.0066   0.0065   0.0000   0.0000   0.0021   0.0005   -0.074
   136   1.9000   0.5400   0.0479   0.2000   0.0041   0.0011   0.0010   0.0055   0.0054   0.0000   0.0000   0.0021   0.0008   -0.143
   137   1.9000   0.5400   0.0295   0.2000   0.0033   0.0009   0.0020   0.0044   0.0043   0.0000   0.0000   0.0020   0.0009   -0.208
   138   1.9000   0.5400   0.0152   0.2000   0.0024   0.0006   0.0036   0.0032   0.0032   0.0000   0.0000   0.0016   0.0008   -0.265
   139   1.9000   0.5400   0.0055   0.2000   0.0015   0.0004   0.0029   0.0020   0.0020   0.0000   0.0000   0.0011   0.0006   -0.308
   140   1.9000   0.5400   0.0006   0.2000   0.0005   0.0001  -0.0016   0.0007   0.0007   0.0000   0.0000   0.0004   0.0002   -0.332

  Surface # 8     fin_panel_0                             
     # Chordwise = 12   # Spanwise = 20     First strip =141
     Surface area Ssurf =    0.080000     Ave. chord Cave =    0.200000

 Forces referred to Sref, Cref, Bref about Xref, Yref, Zref
 Standard axis orientation,  X fwd, Z down         
     CLsurf  =   0.00000     Clsurf  =  -0.00006
     CYsurf  =  -0.00103     Cmsurf  =  -0.00001
     CDsurf  =  -0.00001     Cnsurf  =   0.00033
     CDisurf =  -0.00001     CDvsurf =   0.00000

 Forces referred to Ssurf, Cave 
     CLsurf  =  -0.02275     CDsurf  =  -0.00017

 Strip Forces referred to Strip Area, Chord
    j     Xle      Yle      Zle      Chord    Area     c_cl     ai     cl_norm    cl       cd       cdv    cm_c/4     cm_LE   C.P.x/c
   141   1.9000  -0.5400   0.3994   0.2000   0.0005  -0.0105  -0.0400  -0.0534  -0.0526   0.0091   0.0000  -0.0365  -0.0233   -0.444
   142   1.9000  -0.5400   0.3945   0.2000   0.0015  -0.0114  -0.0235  -0.0580  -0.0572  -0.0020   0.0000  -0.0291  -0.0148   -0.259
   143   1.9000  -0.5400   0.3848   0.2000   0.0024  -0.0115  -0.0211  -0.0585  -0.0576  -0.0015   0.0000  -0.0195  -0.0051   -0.089
   144   1.9000  -0.5400   0.3705   0.2000   0.0033  -0.0111  -0.0167  -0.0563  -0.0554  -0.0010   0.0000  -0.0111   0.0028    0.050
   145   1.9000  -0.5400   0.3521   0.2000   0.0041  -0.0101  -0.0115  -0.0515  -0.0507  -0.0006   0.0000  -0.0047   0.0080    0.158
   146   1.9000  -0.5400   0.3299   0.2000   0.0048  -0.0088  -0.0068  -0.0449  -0.0442  -0.0004   0.0000  -0.0004   0.0107    0.241
   147   1.9000  -0.5400   0.3045   0.2000   0.0054  -0.0074  -0.0033  -0.0377  -0.0371  -0.0002   0.0000   0.0021   0.0114    0.308
   148   1.9000  -0.5400   0.2765   0.2000   0.0058  -0.0060  -0.0010  -0.0306  -0.0301  -0.0001   0.0000   0.0035   0.0110    0.366
   149   1.9000  -0.5400   0.2467   0.2000   0.0061  -0.0048   0.0004  -0.0242  -0.0239  -0.0001   0.0000   0.0041   0.0101    0.423
   150   1.9000  -0.5400   0.2157   0.2000   0.0063  -0.0037   0.0011  -0.0189  -0.0187  -0.0001   0.0000   0.0043   0.0090    0.482
   151   1.9000  -0.5400   0.1843   0.2000   0.0063  -0.0029   0.0014  -0.0147  -0.0145  -0.0000   0.0000   0.0043   0.0079    0.548
   152   1.9000  -0.5400   0.1533   0.2000   0.0061  -0.0023   0.0013  -0.0115  -0.0114  -0.0000   0.0000   0.0042   0.0070    0.619
   153   1.9000  -0.5400   0.1235   0.2000   0.0058  -0.0018   0.0009  -0.0093  -0.0091  -0.0000   0.0000   0.0040   0.0063    0.689
   154   1.9000  -0.5400   0.0955   0.2000   0.0054  -0.0015   0.0003  -0.0077  -0.0076  -0.0000   0.0000   0.0038   0.0057    0.745
   155   1.9000  -0.5400   0.0701   0.2000   0.0048  -0.0013  -0.0005  -0.0066  -0.0065  -0.0000   0.0000   0.0034   0.0051    0.777
   156   1.9000  -0.5400   0.0479   0.2000   0.0041  -0.0011  -0.0016  -0.0058  -0.0057  -0.0000   0.0000   0.0031   0.0045    0.783
   157   1.9000  -0.5400   0.0295   0.2000   0.0033  -0.0010  -0.0031  -0.0049  -0.0049  -0.0000   0.0000   0.0025   0.0038    0.773
   158   1.9000  -0.5400   0.0152   0.2000   0.0024  -0.0008  -0.0052  -0.0039  -0.0038  -0.0000   0.0000   0.0019   0.0029    0.758
   159   1.9000  -0.5400   0.0055   0.2000   0.0015  -0.0005  -0.0049  -0.0025  -0.0024  -0.0000   0.0000   0.0012   0.0018    0.745
   160   1.9000  -0.5400   0.0006   0.2000   0.0005  -0.0002  -0.0007  -0.0009  -0.0008  -0.0000   0.0000   0.0004   0.0006    0.738
 ---------------------------------------------------------------
