 ---------------------------------------------------------------
 Surface and Strip Forces by surface

  Sref =  1.7740       Cref = 0.39400       Bref =  4.5000    
  Xref = 0.50000       Yref =  0.0000       Zref =  0.0000    

  Surface # 1     main_wing_panel_0                       
     # Chordwise = 12   # Spanwise = 20     First strip =  1
     Surface area Ssurf =    0.434600     Ave. chord Cave =    0.410000

 Forces referred to Sref, Cref, Bref about Xref, Yref, Zref
 Standard axis orientation,  X fwd, Z down         
     CLsurf  =   0.35691     Clsurf  =  -0.04105
     CYsurf  =   0.00000     Cmsurf  =   0.01598
     CDsurf  =   0.01068     Cnsurf  =  -0.00721
     CDisurf =   0.01068     CDvsurf =   0.00000

 Forces referred to Ssurf, Cave 
     CLsurf  =   1.45688     CDsurf  =   0.04358

 Strip Forces referred to Strip Area, Chord
    j     Xle      Yle      Zle      Chord    Area     c_cl     ai     cl_norm    cl       cd       cdv    cm_c/4     cm_LE   C.P.x/c
     1   0.4000   0.0016   0.0000   0.4100   0.0027   0.5981   0.0642   1.4815   1.4815   0.0408   0.0000   0.0721  -0.2926    0.201
     2   0.4000   0.0146   0.0000   0.4100   0.0080   0.5981   0.0642   1.4815   1.4815   0.0408   0.0000   0.0721  -0.2926    0.201
     3   0.4000   0.0403   0.0000   0.4100   0.0130   0.5981   0.0642   1.4814   1.4814   0.0408   0.0000   0.0721  -0.2926    0.201
     4   0.4000   0.0781   0.0000   0.4100   0.0178   0.5980   0.0642   1.4812   1.4812   0.0408   0.0000   0.0721  -0.2926    0.201
     5   0.4000   0.1270   0.0000   0.4100   0.0221   0.5978   0.0643   1.4806   1.4806   0.0409   0.0000   0.0720  -0.2924    0.201
     6   0.4000   0.1858   0.0000   0.4100   0.0259   0.5973   0.0644   1.4796   1.4796   0.0410   0.0000   0.0720  -0.2922    0.201
     7   0.4000   0.2531   0.0000   0.4100   0.0291   0.5967   0.0646   1.4779   1.4779   0.0412   0.0000   0.0720  -0.2918    0.201
     8   0.4000   0.3272   0.0000   0.4100   0.0315   0.5957   0.0648   1.4753   1.4753   0.0415   0.0000   0.0719  -0.2913    0.201
     9   0.4000   0.4063   0.0000   0.4100   0.0332   0.5943   0.0651   1.4719   1.4719   0.0419   0.0000   0.0718  -0.2906    0.201
    10   0.4000   0.4884   0.0000   0.4100   0.0340   0.5926   0.0660   1.4674   1.4674   0.0424   0.0000   0.0717  -0.2896    0.201
    11   0.4000   0.5716   0.0000   0.4100   0.0340   0.5904   0.0564   1.4617   1.4617   0.0430   0.0000   0.0716  -0.2884    0.201
    12   0.4000   0.6537   0.0000   0.4100   0.0332   0.5877   0.0586   1.4551   1.4551   0.0437   0.0000   0.0714  -0.2870    0.201
    13   0.4000   0.7328   0.0000   0.4100   0.0315   0.5848   0.0600   1.4475   1.4475   0.0445   0.0000   0.0712  -0.2853    0.201
    14   0.4000   0.8069   0.0000   0.4100   0.0291   0.5815   0.0617   1.4392   1.4392   0.0453   0.0000   0.0710  -0.2836    0.201
    15   0.4000   0.8742   0.0000   0.4100   0.0259   0.5781   0.0635   1.4305   1.4305   0.0463   0.0000   0.0708  -0.2817    0.201
    16   0.4000   0.9330   0.0000   0.4100   0.0221   0.5747   0.0652   1.4219   1.4219   0.0472   0.0000   0.0706  -0.2799    0.200
    17   0.4000   0.9819   0.0000   0.4100   0.0178   0.5716   0.0668   1.4139   1.4139   0.0482   0.0000   0.0703  -0.2782    0.200
    18   0.4000   1.0197   0.0000   0.4100   0.0130   0.5690   0.0682   1.4071   1.4071   0.0494   0.0000   0.0701  -0.2768    0.200
    19   0.4000   1.0454   0.0000   0.4100   0.0080   0.5670   0.0693   1.4019   1.4019   0.0512   0.0000   0.0700  -0.2758    0.200
    20   0.4000   1.0584   0.0000   0.4100   0.0027   0.5660   0.0701   1.3975   1.3975   0.0597   0.0000   0.0699  -0.2752    0.200

  Surface # 2     main_wing_panel_0 (YDUP)                
     # Chordwise = 12   # Spanwise = 20     First strip = 21
     Surface area Ssurf =    0.434600     Ave. chord Cave =    0.410000

 Forces referred to Sref, Cref, Bref about Xref, Yref, Zref
 Standard axis orientation,  X fwd, Z down         
     CLsurf  =   0.35691     Clsurf  =   0.04105
     CYsurf  =  -0.00000     Cmsurf  =   0.01598
     CDsurf  =   0.01068     Cnsurf  =   0.00721
     CDisurf =   0.01068     CDvsurf =   0.00000

 Forces referred to Ssurf, Cave 
     CLsurf  =   1.45688     CDsurf  =   0.04358

 Strip Forces referred to Strip Area, Chord
    j     Xle      Yle      Zle      Chord    Area     c_cl     ai     cl_norm    cl       cd       cdv    cm_c/4     cm_LE   C.P.x/c
    21   0.4000  -0.0016   0.0000   0.4100   0.0027   0.5981   0.0642   1.4815   1.4815   0.0408   0.0000   0.0721   0.2926    0.201
    22   0.4000  -0.0146   0.0000   0.4100   0.0080   0.5981   0.0642   1.4815   1.4815   0.0408   0.0000   0.0721   0.2926    0.201
    23   0.4000  -0.0403   0.0000   0.4100   0.0130   0.5981   0.0642   1.4814   1.4814   0.0408   0.0000   0.0721   0.2926    0.201
    24   0.4000  -0.0781   0.0000   0.4100   0.0178   0.5980   0.0642   1.4812   1.4812   0.0408   0.0000   0.0721   0.2926    0.201
    25   0.4000  -0.1270   0.0000   0.4100   0.0221   0.5978   0.0643   1.4806   1.4806   0.0409   0.0000   0.0720   0.2924    0.201
    26   0.4000  -0.1858   0.0000   0.4100   0.0259   0.5973   0.0644   1.4796   1.4796   0.0410   0.0000   0.0720   0.2922    0.201
    27   0.4000  -0.2531   0.0000   0.4100   0.0291   0.5967   0.0646   1.4779   1.4779   0.0412   0.0000   0.0720   0.2918    0.201
    28   0.4000  -0.3272   0.0000   0.4100   0.0315   0.5957   0.0648   1.4753   1.4753   0.0415   0.0000   0.0719   0.2913    0.201
    29   0.4000  -0.4063   0.0000   0.4100   0.0332   0.5943   0.0651   1.4719   1.4719   0.0419   0.0000   0.0718   0.2906    0.201
    30   0.4000  -0.4884   0.0000   0.4100   0.0340   0.5926   0.0660   1.4674   1.4674   0.0424   0.0000   0.0717   0.2896    0.201
    31   0.4000  -0.5716   0.0000   0.4100   0.0340   0.5904   0.0564   1.4617   1.4617   0.0430   0.0000   0.0716   0.2884    0.201
    32   0.4000  -0.6537   0.0000   0.4100   0.0332   0.5877   0.0587   1.4551   1.4551   0.0437   0.0000   0.0714   0.2870    0.201
    33   0.4000  -0.7328   0.0000   0.4100   0.0315   0.5848   0.0600   1.4475   1.4475   0.0445   0.0000   0.0712   0.2853    0.201
    34   0.4000  -0.8069   0.0000   0.4100   0.0291   0.5815   0.0617   1.4392   1.4392   0.0453   0.0000   0.0710   0.2836    0.201
    35   0.4000  -0.8742   0.0000   0.4100   0.0259   0.5781   0.0635   1.4305   1.4305   0.0463   0.0000   0.0708   0.2817    0.201
    36   0.4000  -0.9330   0.0000   0.4100   0.0221   0.5747   0.0652   1.4219   1.4219   0.0472   0.0000   0.0706   0.2799    0.200
    37   0.4000  -0.9819   0.0000   0.4100   0.0178   0.5716   0.0668   1.4139   1.4139   0.0482   0.0000   0.0703   0.2782    0.200
    38   0.4000  -1.0197   0.0000   0.4100   0.0130   0.5690   0.0682   1.4071   1.4071   0.0494   0.0000   0.0701   0.2768    0.200
    39   0.4000  -1.0454   0.0000   0.4100   0.0080   0.5670   0.0693   1.4019   1.4019   0.0512   0.0000   0.0700   0.2758    0.200
    40   0.4000  -1.0584   0.0000   0.4100   0.0027   0.5660   0.0701   1.3975   1.3975   0.0597   0.0000   0.0699   0.2752    0.200

  Surface # 3     main_wing_panel_1                       
     # Chordwise = 12   # Spanwise = 20     First strip = 41
     Surface area Ssurf =    0.452200     Ave. chord Cave =    0.380000

 Forces referred to Sref, Cref, Bref about Xref, Yref, Zref
 Standard axis orientation,  X fwd, Z down         
     CLsurf  =   0.30087     Clsurf  =  -0.10393
     CYsurf  =  -0.00171     Cmsurf  =   0.01476
     CDsurf  =   0.01381     Cnsurf  =  -0.01630
     CDisurf =   0.01381     CDvsurf =   0.00000

 Forces referred to Ssurf, Cave 
     CLsurf  =   1.18033     CDsurf  =   0.05416

 Strip Forces referred to Strip Area, Chord
    j     Xle      Yle      Zle      Chord    Area     c_cl     ai     cl_norm    cl       cd       cdv    cm_c/4     cm_LE   C.P.x/c
    41   0.4000   1.0618   0.0000   0.4099   0.0030   0.5658   0.0701   1.3976   1.3976   0.0587   0.0000   0.0699  -0.2751    0.200
    42   0.4002   1.0764   0.0000   0.4092   0.0089   0.5645   0.0700   1.3986   1.3986   0.0514   0.0000   0.0700  -0.2749    0.200
    43   0.4006   1.1053   0.0000   0.4077   0.0146   0.5620   0.0702   1.3974   1.3974   0.0501   0.0000   0.0702  -0.2744    0.200
    44   0.4011   1.1477   0.0000   0.4056   0.0198   0.5579   0.0708   1.3946   1.3946   0.0498   0.0000   0.0704  -0.2735    0.200
    45   0.4018   1.2026   0.0000   0.4028   0.0244   0.5522   0.0718   1.3897   1.3897   0.0500   0.0000   0.0706  -0.2721    0.199
    46   0.4026   1.2686   0.0000   0.3995   0.0284   0.5446   0.0733   1.3820   1.3820   0.0504   0.0000   0.0708  -0.2700    0.199
    47   0.4036   1.3441   0.0000   0.3957   0.0315   0.5350   0.0754   1.3705   1.3705   0.0513   0.0000   0.0709  -0.2671    0.198
    48   0.4046   1.4273   0.0000   0.3915   0.0338   0.5231   0.0782   1.3540   1.3540   0.0524   0.0000   0.0710  -0.2630    0.198
    49   0.4057   1.5161   0.0000   0.3870   0.0351   0.5087   0.0820   1.3313   1.3313   0.0538   0.0000   0.0711  -0.2575    0.197
    50   0.4069   1.6083   0.0000   0.3824   0.0356   0.4912   0.0869   1.3006   1.3006   0.0555   0.0000   0.0710  -0.2502    0.195
    51   0.4081   1.7017   0.0000   0.3776   0.0352   0.4703   0.0930   1.2600   1.2600   0.0574   0.0000   0.0707  -0.2406    0.194
    52   0.4093   1.7939   0.0000   0.3730   0.0339   0.4453   0.1004   1.2069   1.2069   0.0593   0.0000   0.0702  -0.2282    0.192
    53   0.4104   1.8827   0.0000   0.3685   0.0318   0.4154   0.1091   1.1388   1.1388   0.0609   0.0000   0.0694  -0.2124    0.189
    54   0.4114   1.9659   0.0000   0.3643   0.0290   0.3800   0.1190   1.0526   1.0526   0.0616   0.0000   0.0681  -0.1927    0.185
    55   0.4124   2.0414   0.0000   0.3605   0.0256   0.3383   0.1295   0.9459   0.9459   0.0608   0.0000   0.0658  -0.1688    0.180
    56   0.4132   2.1074   0.0000   0.3572   0.0217   0.2898   0.1400   0.8166   0.8166   0.0578   0.0000   0.0618  -0.1410    0.174
    57   0.4139   2.1623   0.0000   0.3544   0.0173   0.2344   0.1496   0.6646   0.6646   0.0519   0.0000   0.0551  -0.1102    0.167
    58   0.4144   2.2047   0.0000   0.3523   0.0126   0.1727   0.1577   0.4917   0.4917   0.0426   0.0000   0.0444  -0.0781    0.160
    59   0.4148   2.2336   0.0000   0.3508   0.0076   0.1058   0.1637   0.3020   0.3020   0.0295   0.0000   0.0293  -0.0462    0.153
    60   0.4150   2.2482   0.0000   0.3501   0.0026   0.0357   0.1673   0.1017   0.1017   0.0115   0.0000   0.0103  -0.0152    0.149

  Surface # 4     main_wing_panel_1 (YDUP)                
     # Chordwise = 12   # Spanwise = 20     First strip = 61
     Surface area Ssurf =    0.452200     Ave. chord Cave =    0.380000

 Forces referred to Sref, Cref, Bref about Xref, Yref, Zref
 Standard axis orientation,  X fwd, Z down         
     CLsurf  =   0.30087     Clsurf  =   0.10393
     CYsurf  =   0.00171     Cmsurf  =   0.01476
     CDsurf  =   0.01381     Cnsurf  =   0.01630
     CDisurf =   0.01381     CDvsurf =   0.00000

 Forces referred to Ssurf, Cave 
     CLsurf  =   1.18033     CDsurf  =   0.05416

 Strip Forces referred to Strip Area, Chord
    j     Xle      Yle      Zle      Chord    Area     c_cl     ai     cl_norm    cl       cd       cdv    cm_c/4     cm_LE   C.P.x/c
    61   0.4000  -1.0618   0.0000   0.4099   0.0030   0.5658   0.0701   1.3976   1.3976   0.0587   0.0000   0.0699   0.2751    0.200
    62   0.4002  -1.0764   0.0000   0.4092   0.0089   0.5645   0.0700   1.3986   1.3986   0.0514   0.0000   0.0700   0.2749    0.200
    63   0.4006  -1.1053   0.0000   0.4077   0.0146   0.5620   0.0702   1.3974   1.3974   0.0501   0.0000   0.0702   0.2744    0.200
    64   0.4011  -1.1477   0.0000   0.4056   0.0198   0.5579   0.0708   1.3946   1.3946   0.0498   0.0000   0.0704   0.2735    0.200
    65   0.4018  -1.2026   0.0000   0.4028   0.0244   0.5522   0.0718   1.3897   1.3897   0.0500   0.0000   0.0706   0.2721    0.199
    66   0.4026  -1.2686   0.0000   0.3995   0.0284   0.5446   0.0733   1.3820   1.3820   0.0504   0.0000   0.0708   0.2700    0.199
    67   0.4036  -1.3441   0.0000   0.3957   0.0315   0.5350   0.0754   1.3705   1.3705   0.0513   0.0000   0.0709   0.2671    0.198
    68   0.4046  -1.4273   0.0000   0.3915   0.0338   0.5231   0.0782   1.3540   1.3540   0.0524   0.0000   0.0710   0.2630    0.198
    69   0.4057  -1.5161   0.0000   0.3870   0.0351   0.5087   0.0820   1.3313   1.3313   0.0538   0.0000   0.0711   0.2575    0.197
    70   0.4069  -1.6083   0.0000   0.3824   0.0356   0.4912   0.0869   1.3006   1.3006   0.0555   0.0000   0.0710   0.2502    0.195
    71   0.4081  -1.7017   0.0000   0.3776   0.0352   0.4703   0.0930   1.2600   1.2600   0.0574   0.0000   0.0707   0.2406    0.194
    72   0.4093  -1.7939   0.0000   0.3730   0.0339   0.4453   0.1004   1.2069   1.2069   0.0593   0.0000   0.0702   0.2282    0.192
    73   0.4104  -1.8827   0.0000   0.3685   0.0318   0.4154   0.1091   1.1388   1.1388   0.0609   0.0000   0.0694   0.2124    0.189
    74   0.4114  -1.9659   0.0000   0.3643   0.0290   0.3800   0.1190   1.0526   1.0526   0.0616   0.0000   0.0681   0.1927    0.185
    75   0.4124  -2.0414   0.0000   0.3605   0.0256   0.3383   0.1295   0.9459   0.9459   0.0608   0.0000   0.0658   0.1688    0.180
    76   0.4132  -2.1074   0.0000   0.3572   0.0217   0.2898   0.1400   0.8166   0.8166   0.0578   0.0000   0.0618   0.1410    0.174
    77   0.4139  -2.1623   0.0000   0.3544   0.0173   0.2344   0.1496   0.6646   0.6646   0.0519   0.0000   0.0551   0.1102    0.167
    78   0.4144  -2.2047   0.0000   0.3523   0.0126   0.1727   0.1577   0.4917   0.4917   0.0426   0.0000   0.0444   0.0781    0.160
    79   0.4148  -2.2336   0.0000   0.3508   0.0076   0.1058   0.1637   0.3020   0.3020   0.0295   0.0000   0.0293   0.0462    0.153
    80   0.4150  -2.2482   0.0000   0.3501   0.0026   0.0357   0.1673   0.1017   0.1017   0.0115   0.0000   0.0103   0.0152    0.149

  Surface # 5     hstab_panel_0                           
     # Chordwise = 12   # Spanwise = 20     First strip = 81
     Surface area Ssurf =    0.118800     Ave. chord Cave =    0.220000

 Forces referred to Sref, Cref, Bref about Xref, Yref, Zref
 Standard axis orientation,  X fwd, Z down         
     CLsurf  =   0.00905     Clsurf  =  -0.00050
     CYsurf  =  -0.00000     Cmsurf  =  -0.03073
     CDsurf  =   0.00069     Cnsurf  =  -0.00006
     CDisurf =   0.00069     CDvsurf =   0.00000

 Forces referred to Ssurf, Cave 
     CLsurf  =   0.13508     CDsurf  =   0.01031

 Strip Forces referred to Strip Area, Chord
    j     Xle      Yle      Zle      Chord    Area     c_cl     ai     cl_norm    cl       cd       cdv    cm_c/4     cm_LE   C.P.x/c
    81   1.9000   0.0008   0.4000   0.2200   0.0007   0.0336   0.0631   0.1537   0.1537   0.0111   0.0000   0.1006   0.0624   -0.404
    82   1.9000   0.0075   0.4000   0.2200   0.0022   0.0336   0.0631   0.1537   0.1537   0.0111   0.0000   0.1006   0.0624   -0.404
    83   1.9000   0.0206   0.4000   0.2200   0.0036   0.0336   0.0631   0.1537   0.1537   0.0111   0.0000   0.1006   0.0624   -0.404
    84   1.9000   0.0398   0.4000   0.2200   0.0049   0.0336   0.0631   0.1535   0.1535   0.0111   0.0000   0.1006   0.0624   -0.405
    85   1.9000   0.0647   0.4000   0.2200   0.0061   0.0335   0.0632   0.1532   0.1532   0.0111   0.0000   0.1006   0.0625   -0.407
    86   1.9000   0.0946   0.4000   0.2200   0.0071   0.0334   0.0633   0.1526   0.1526   0.0111   0.0000   0.1006   0.0627   -0.410
    87   1.9000   0.1289   0.4000   0.2200   0.0079   0.0331   0.0634   0.1515   0.1515   0.0110   0.0000   0.1007   0.0630   -0.414
    88   1.9000   0.1667   0.4000   0.2200   0.0086   0.0328   0.0636   0.1500   0.1500   0.0109   0.0000   0.1007   0.0635   -0.422
    89   1.9000   0.2070   0.4000   0.2200   0.0091   0.0323   0.0639   0.1477   0.1477   0.0108   0.0000   0.1008   0.0641   -0.432
    90   1.9000   0.2488   0.4000   0.2200   0.0093   0.0316   0.0642   0.1447   0.1447   0.0106   0.0000   0.1009   0.0649   -0.447
    91   1.9000   0.2912   0.4000   0.2200   0.0093   0.0308   0.0644   0.1407   0.1407   0.0104   0.0000   0.1009   0.0660   -0.467
    92   1.9000   0.3330   0.4000   0.2200   0.0091   0.0297   0.0646   0.1357   0.1357   0.0101   0.0000   0.1009   0.0672   -0.493
    93   1.9000   0.3733   0.4000   0.2200   0.0086   0.0284   0.0643   0.1296   0.1296   0.0098   0.0000   0.1007   0.0684   -0.527
    94   1.9000   0.4111   0.4000   0.2200   0.0079   0.0268   0.0635   0.1224   0.1224   0.0095   0.0000   0.0999   0.0695   -0.566
    95   1.9000   0.4454   0.4000   0.2200   0.0071   0.0250   0.0615   0.1143   0.1143   0.0093   0.0000   0.0983   0.0698   -0.610
    96   1.9000   0.4753   0.4000   0.2200   0.0061   0.0232   0.0580   0.1058   0.1058   0.0094   0.0000   0.0952   0.0688   -0.650
    97   1.9000   0.5002   0.4000   0.2200   0.0049   0.0214   0.0525   0.0975   0.0975   0.0097   0.0000   0.0899   0.0655   -0.672
    98   1.9000   0.5194   0.4000   0.2200   0.0036   0.0199   0.0450   0.0904   0.0904   0.0106   0.0000   0.0817   0.0591   -0.654
    99   1.9000   0.5325   0.4000   0.2200   0.0022   0.0188   0.0364   0.0848   0.0848   0.0117   0.0000   0.0708   0.0494   -0.584
   100   1.9000   0.5392   0.4000   0.2200   0.0007   0.0167   0.0302   0.0791   0.0791  -0.0080   0.0000   0.0555   0.0366   -0.452

  Surface # 6     hstab_panel_0 (YDUP)                    
     # Chordwise = 12   # Spanwise = 20     First strip =101
     Surface area Ssurf =    0.118800     Ave. chord Cave =    0.220000

 Forces referred to Sref, Cref, Bref about Xref, Yref, Zref
 Standard axis orientation,  X fwd, Z down         
     CLsurf  =   0.00905     Clsurf  =   0.00050
     CYsurf  =   0.00000     Cmsurf  =  -0.03073
     CDsurf  =   0.00069     Cnsurf  =   0.00006
     CDisurf =   0.00069     CDvsurf =   0.00000

 Forces referred to Ssurf, Cave 
     CLsurf  =   0.13508     CDsurf  =   0.01031

 Strip Forces referred to Strip Area, Chord
    j     Xle      Yle      Zle      Chord    Area     c_cl     ai     cl_norm    cl       cd       cdv    cm_c/4     cm_LE   C.P.x/c
   101   1.9000  -0.0008   0.4000   0.2200   0.0007   0.0336   0.0631   0.1537   0.1537   0.0111   0.0000   0.1006  -0.0624   -0.404
   102   1.9000  -0.0075   0.4000   0.2200   0.0022   0.0336   0.0631   0.1537   0.1537   0.0111   0.0000   0.1006  -0.0624   -0.404
   103   1.9000  -0.0206   0.4000   0.2200   0.0036   0.0336   0.0631   0.1537   0.1537   0.0111   0.0000   0.1006  -0.0624   -0.404
   104   1.9000  -0.0398   0.4000   0.2200   0.0049   0.0336   0.0631   0.1535   0.1535   0.0111   0.0000   0.1006  -0.0624   -0.405
   105   1.9000  -0.0647   0.4000   0.2200   0.0061   0.0335   0.0632   0.1532   0.1532   0.0111   0.0000   0.1006  -0.0625   -0.407
   106   1.9000  -0.0946   0.4000   0.2200   0.0071   0.0334   0.0633   0.1526   0.1526   0.0111   0.0000   0.1006  -0.0627   -0.410
   107   1.9000  -0.1289   0.4000   0.2200   0.0079   0.0331   0.0634   0.1515   0.1515   0.0110   0.0000   0.1007  -0.0630   -0.414
   108   1.9000  -0.1667   0.4000   0.2200   0.0086   0.0328   0.0636   0.1500   0.1500   0.0109   0.0000   0.1007  -0.0635   -0.422
   109   1.9000  -0.2070   0.4000   0.2200   0.0091   0.0323   0.0639   0.1477   0.1477   0.0108   0.0000   0.1008  -0.0641   -0.432
   110   1.9000  -0.2488   0.4000   0.2200   0.0093   0.0316   0.0642   0.1447   0.1447   0.0106   0.0000   0.1009  -0.0649   -0.447
   111   1.9000  -0.2912   0.4000   0.2200   0.0093   0.0308   0.0644   0.1407   0.1407   0.0104   0.0000   0.1009  -0.0660   -0.467
   112   1.9000  -0.3330   0.4000   0.2200   0.0091   0.0297   0.0646   0.1357   0.1357   0.0101   0.0000   0.1009  -0.0672   -0.493
   113   1.9000  -0.3733   0.4000   0.2200   0.0086   0.0284   0.0643   0.1296   0.1296   0.0098   0.0000   0.1007  -0.0684   -0.527
   114   1.9000  -0.4111   0.4000   0.2200   0.0079   0.0268   0.0635   0.1224   0.1224   0.0095   0.0000   0.0999  -0.0695   -0.566
   115   1.9000  -0.4454   0.4000   0.2200   0.0071   0.0250   0.0615   0.1143   0.1143   0.0093   0.0000   0.0983  -0.0698   -0.610
   116   1.9000  -0.4753   0.4000   0.2200   0.0061   0.0232   0.0580   0.1058   0.1058   0.0094   0.0000   0.0952  -0.0688   -0.650
   117   1.9000  -0.5002   0.4000   0.2200   0.0049   0.0214   0.0525   0.0975   0.0975   0.0097   0.0000   0.0899  -0.0655   -0.672
   118   1.9000  -0.5194   0.4000   0.2200   0.0036   0.0199   0.0450   0.0904   0.0904   0.0106   0.0000   0.0817  -0.0591   -0.654
   119   1.9000  -0.5325   0.4000   0.2200   0.0022   0.0188   0.0364   0.0848   0.0848   0.0117   0.0000   0.0707  -0.0494   -0.584
   120   1.9000  -0.5392   0.4000   0.2200   0.0007   0.0167   0.0302   0.0791   0.0791  -0.0080   0.0000   0.0555  -0.0365   -0.452

  Surface # 7     fin_panel_0                             
     # Chordwise = 12   # Spanwise = 20     First strip =121
     Surface area Ssurf =    0.080000     Ave. chord Cave =    0.200000

 Forces referred to Sref, Cref, Bref about Xref, Yref, Zref
 Standard axis orientation,  X fwd, Z down         
     CLsurf  =   0.00000     Clsurf  =   0.00010
     CYsurf  =   0.00182     Cmsurf  =  -0.00002
     CDsurf  =  -0.00002     Cnsurf  =  -0.00058
     CDisurf =  -0.00002     CDvsurf =   0.00000

 Forces referred to Ssurf, Cave 
     CLsurf  =   0.04033     CDsurf  =  -0.00047

 Strip Forces referred to Strip Area, Chord
    j     Xle      Yle      Zle      Chord    Area     c_cl     ai     cl_norm    cl       cd       cdv    cm_c/4     cm_LE   C.P.x/c
   121   1.9000   0.5400   0.3994   0.2000   0.0005   0.0163   0.0703   0.0848   0.0813   0.0290   0.0000   0.0598   0.0395   -0.486
   122   1.9000   0.5400   0.3945   0.2000   0.0015   0.0188   0.0404   0.0983   0.0942  -0.0057   0.0000   0.0498   0.0262   -0.278
   123   1.9000   0.5400   0.3848   0.2000   0.0024   0.0194   0.0360   0.1012   0.0970  -0.0045   0.0000   0.0343   0.0100   -0.103
   124   1.9000   0.5400   0.3705   0.2000   0.0033   0.0189   0.0281   0.0987   0.0946  -0.0029   0.0000   0.0207  -0.0029    0.031
   125   1.9000   0.5400   0.3521   0.2000   0.0041   0.0175   0.0189   0.0913   0.0875  -0.0019   0.0000   0.0107  -0.0112    0.128
   126   1.9000   0.5400   0.3299   0.2000   0.0048   0.0154   0.0108   0.0804   0.0771  -0.0011   0.0000   0.0041  -0.0152    0.197
   127   1.9000   0.5400   0.3045   0.2000   0.0054   0.0131   0.0048   0.0682   0.0654  -0.0007   0.0000   0.0003  -0.0160    0.245
   128   1.9000   0.5400   0.2765   0.2000   0.0058   0.0108   0.0009   0.0561   0.0538  -0.0004   0.0000  -0.0016  -0.0151    0.280
   129   1.9000   0.5400   0.2467   0.2000   0.0061   0.0087  -0.0013   0.0453   0.0434  -0.0002   0.0000  -0.0024  -0.0133    0.306
   130   1.9000   0.5400   0.2157   0.2000   0.0063   0.0069  -0.0024   0.0361   0.0346  -0.0001   0.0000  -0.0026  -0.0112    0.325
   131   1.9000   0.5400   0.1843   0.2000   0.0063   0.0055  -0.0028   0.0287   0.0275  -0.0001   0.0000  -0.0025  -0.0093    0.340
   132   1.9000   0.5400   0.1533   0.2000   0.0061   0.0044  -0.0026   0.0229   0.0219  -0.0001   0.0000  -0.0022  -0.0077    0.350
   133   1.9000   0.5400   0.1235   0.2000   0.0058   0.0036  -0.0021   0.0185   0.0178  -0.0000   0.0000  -0.0019  -0.0063    0.356
   134   1.9000   0.5400   0.0955   0.2000   0.0054   0.0029  -0.0012   0.0153   0.0147  -0.0000   0.0000  -0.0015  -0.0052    0.355
   135   1.9000   0.5400   0.0701   0.2000   0.0048   0.0025  -0.0001   0.0128   0.0123  -0.0000   0.0000  -0.0012  -0.0043    0.346
   136   1.9000   0.5400   0.0479   0.2000   0.0041   0.0021   0.0013   0.0108   0.0103  -0.0000   0.0000  -0.0008  -0.0034    0.331
   137   1.9000   0.5400   0.0295   0.2000   0.0033   0.0017   0.0033   0.0088   0.0084  -0.0000   0.0000  -0.0005  -0.0026    0.312
   138   1.9000   0.5400   0.0152   0.2000   0.0024   0.0013   0.0061   0.0066   0.0063  -0.0000   0.0000  -0.0003  -0.0019    0.294
   139   1.9000   0.5400   0.0055   0.2000   0.0015   0.0008   0.0054   0.0041   0.0040  -0.0000   0.0000  -0.0001  -0.0011    0.280
   140   1.9000   0.5400   0.0006   0.2000   0.0005   0.0003  -0.0011   0.0014   0.0014  -0.0000   0.0000  -0.0000  -0.0004    0.271

  Surface # 8     fin_panel_0                             
     # Chordwise = 12   # Spanwise = 20     First strip =141
     Surface area Ssurf =    0.080000     Ave. chord Cave =    0.200000

 Forces referred to Sref, Cref, Bref about Xref, Yref, Zref
 Standard axis orientation,  X fwd, Z down         
     CLsurf  =   0.00000     Clsurf  =  -0.00010
     CYsurf  =  -0.00182     Cmsurf  =  -0.00002
     CDsurf  =  -0.00002     Cnsurf  =   0.00058
     CDisurf =  -0.00002     CDvsurf =   0.00000

 Forces referred to Ssurf, Cave 
     CLsurf  =  -0.04033     CDsurf  =  -0.00047

 Strip Forces referred to Strip Area, Chord
    j     Xle      Yle      Zle      Chord    Area     c_cl     ai     cl_norm    cl       cd       cdv    cm_c/4     cm_LE   C.P.x/c
   141   1.9000  -0.5400   0.3994   0.2000   0.0005  -0.0163  -0.0703  -0.0848  -0.0813   0.0290   0.0000  -0.0598  -0.0395   -0.485
   142   1.9000  -0.5400   0.3945   0.2000   0.0015  -0.0188  -0.0404  -0.0983  -0.0942  -0.0057   0.0000  -0.0498  -0.0262   -0.278
   143   1.9000  -0.5400   0.3848   0.2000   0.0024  -0.0194  -0.0360  -0.1012  -0.0970  -0.0045   0.0000  -0.0343  -0.0100   -0.103
   144   1.9000  -0.5400   0.3705   0.2000   0.0033  -0.0189  -0.0281  -0.0987  -0.0946  -0.0029   0.0000  -0.0207   0.0029    0.031
   145   1.9000  -0.5400   0.3521   0.2000   0.0041  -0.0175  -0.0189  -0.0913  -0.0875  -0.0019   0.0000  -0.0106   0.0112    0.128
   146   1.9000  -0.5400   0.3299   0.2000   0.0048  -0.0154  -0.0108  -0.0804  -0.0771  -0.0011   0.0000  -0.0041   0.0152    0.197
   147   1.9000  -0.5400   0.3045   0.2000   0.0054  -0.0131  -0.0048  -0.0682  -0.0653  -0.0007   0.0000  -0.0003   0.0161    0.246
   148   1.9000  -0.5400   0.2765   0.2000   0.0058  -0.0108  -0.0009  -0.0561  -0.0538  -0.0004   0.0000   0.0017   0.0151    0.281
   149   1.9000  -0.5400   0.2467   0.2000   0.0061  -0.0087   0.0013  -0.0453  -0.0434  -0.0002   0.0000   0.0025   0.0133    0.307
   150   1.9000  -0.5400   0.2157   0.2000   0.0063  -0.0069   0.0024  -0.0361  -0.0346  -0.0001   0.0000   0.0026   0.0113    0.326
   151   1.9000  -0.5400   0.1843   0.2000   0.0063  -0.0055   0.0028  -0.0287  -0.0275  -0.0001   0.0000   0.0025   0.0094    0.341
   152   1.9000  -0.5400   0.1533   0.2000   0.0061  -0.0044   0.0026  -0.0229  -0.0219  -0.0001   0.0000   0.0022   0.0077    0.351
   153   1.9000  -0.5400   0.1235   0.2000   0.0058  -0.0036   0.0021  -0.0185  -0.0178  -0.0000   0.0000   0.0019   0.0063    0.357
   154   1.9000  -0.5400   0.0955   0.2000   0.0054  -0.0029   0.0012  -0.0153  -0.0147  -0.0000   0.0000   0.0016   0.0052    0.357
   155   1.9000  -0.5400   0.0701   0.2000   0.0048  -0.0025   0.0001  -0.0128  -0.0123  -0.0000   0.0000   0.0012   0.0043    0.348
   156   1.9000  -0.5400   0.0479   0.2000   0.0041  -0.0021  -0.0013  -0.0108  -0.0103  -0.0000   0.0000   0.0009   0.0034    0.333
   157   1.9000  -0.5400   0.0295   0.2000   0.0033  -0.0017  -0.0033  -0.0088  -0.0084  -0.0000   0.0000   0.0005   0.0027    0.315
   158   1.9000  -0.5400   0.0152   0.2000   0.0024  -0.0013  -0.0061  -0.0066  -0.0063  -0.0000   0.0000   0.0003   0.0019    0.297
   159   1.9000  -0.5400   0.0055   0.2000   0.0015  -0.0008  -0.0054  -0.0041  -0.0040  -0.0000   0.0000   0.0001   0.0011    0.283
   160   1.9000  -0.5400   0.0006   0.2000   0.0005  -0.0003   0.0011  -0.0014  -0.0014  -0.0000   0.0000   0.0000   0.0004    0.274
 ---------------------------------------------------------------
