 ---------------------------------------------------------------
 Surface and Strip Forces by surface

  Sref =  2.7910       Cref = 0.47500       Bref =  5.8800    
  Xref = 0.50000       Yref =  0.0000       Zref =  0.0000    

  Surface # 1     main_wing_panel_0                       
     # Chordwise = 12   # Spanwise = 20     First strip =  1
     Surface area Ssurf =    0.683400     Ave. chord Cave =    0.510000

 Forces referred to Sref, Cref, Bref about Xref, Yref, Zref
 Standard axis orientation,  X fwd, Z down         
     CLsurf  =   0.05489     Clsurf  =  -0.00621
     CYsurf  =   0.00000     Cmsurf  =  -0.00335
     CDsurf  =   0.00025     Cnsurf  =   0.00007
     CDisurf =   0.00025     CDvsurf =   0.00000

 Forces referred to Ssurf, Cave 
     CLsurf  =   0.22417     CDsurf  =   0.00103

 Strip Forces referred to Strip Area, Chord
    j     Xle      Yle      Zle      Chord    Area     c_cl     ai     cl_norm    cl       cd       cdv    cm_c/4     cm_LE   C.P.x/c
     1   0.4000   0.0021   0.0000   0.5100   0.0042   0.1159   0.0057   0.2273   0.2273   0.0010   0.0000  -0.0008  -0.0576    0.253
     2   0.4000   0.0185   0.0000   0.5100   0.0125   0.1159   0.0057   0.2273   0.2273   0.0010   0.0000  -0.0008  -0.0576    0.253
     3   0.4000   0.0510   0.0000   0.5100   0.0205   0.1159   0.0057   0.2273   0.2273   0.0010   0.0000  -0.0008  -0.0576    0.253
     4   0.4000   0.0987   0.0000   0.5100   0.0280   0.1159   0.0057   0.2273   0.2273   0.0010   0.0000  -0.0008  -0.0576    0.253
     5   0.4000   0.1605   0.0000   0.5100   0.0348   0.1159   0.0057   0.2272   0.2272   0.0010   0.0000  -0.0007  -0.0576    0.253
     6   0.4000   0.2349   0.0000   0.5100   0.0408   0.1158   0.0056   0.2271   0.2271   0.0010   0.0000  -0.0007  -0.0575    0.253
     7   0.4000   0.3199   0.0000   0.5100   0.0457   0.1157   0.0055   0.2269   0.2269   0.0010   0.0000  -0.0007  -0.0575    0.253
     8   0.4000   0.4136   0.0000   0.5100   0.0495   0.1155   0.0053   0.2266   0.2266   0.0010   0.0000  -0.0007  -0.0574    0.253
     9   0.4000   0.5136   0.0000   0.5100   0.0521   0.1153   0.0042   0.2261   0.2261   0.0010   0.0000  -0.0007  -0.0572    0.253
    10   0.4000   0.6174   0.0000   0.5100   0.0535   0.1150   0.0115   0.2256   0.2256   0.0010   0.0000  -0.0007  -0.0571    0.253
    11   0.4000   0.7226   0.0000   0.5100   0.0535   0.1147   0.0106   0.2249   0.2249   0.0010   0.0000  -0.0007  -0.0569    0.253
    12   0.4000   0.8264   0.0000   0.5100   0.0521   0.1142   0.0104   0.2240   0.2240   0.0010   0.0000  -0.0006  -0.0566    0.253
    13   0.4000   0.9264   0.0000   0.5100   0.0495   0.1137   0.0104   0.2230   0.2230   0.0011   0.0000  -0.0006  -0.0564    0.253
    14   0.4000   1.0201   0.0000   0.5100   0.0457   0.1132   0.0105   0.2219   0.2219   0.0011   0.0000  -0.0006  -0.0560    0.253
    15   0.4000   1.1051   0.0000   0.5100   0.0408   0.1126   0.0107   0.2208   0.2208   0.0011   0.0000  -0.0005  -0.0557    0.252
    16   0.4000   1.1795   0.0000   0.5100   0.0348   0.1120   0.0109   0.2196   0.2196   0.0011   0.0000  -0.0005  -0.0554    0.252
    17   0.4000   1.2413   0.0000   0.5100   0.0280   0.1114   0.0111   0.2184   0.2184   0.0012   0.0000  -0.0005  -0.0551    0.252
    18   0.4000   1.2890   0.0000   0.5100   0.0205   0.1109   0.0113   0.2175   0.2175   0.0012   0.0000  -0.0004  -0.0548    0.252
    19   0.4000   1.3215   0.0000   0.5100   0.0125   0.1105   0.0116   0.2167   0.2167   0.0012   0.0000  -0.0004  -0.0546    0.252
    20   0.4000   1.3379   0.0000   0.5100   0.0042   0.1103   0.0118   0.2163   0.2163   0.0014   0.0000  -0.0004  -0.0545    0.252

  Surface # 2     main_wing_panel_0 (YDUP)                
     # Chordwise = 12   # Spanwise = 20     First strip = 21
     Surface area Ssurf =    0.683400     Ave. chord Cave =    0.510000

 Forces referred to Sref, Cref, Bref about Xref, Yref, Zref
 Standard axis orientation,  X fwd, Z down         
     CLsurf  =   0.05489     Clsurf  =   0.00621
     CYsurf  =   0.00000     Cmsurf  =  -0.00335
     CDsurf  =   0.00025     Cnsurf  =  -0.00007
     CDisurf =   0.00025     CDvsurf =   0.00000

 Forces referred to Ssurf, Cave 
     CLsurf  =   0.22418     CDsurf  =   0.00103

 Strip Forces referred to Strip Area, Chord
    j     Xle      Yle      Zle      Chord    Area     c_cl     ai     cl_norm    cl       cd       cdv    cm_c/4     cm_LE   C.P.x/c
    21   0.4000  -0.0021   0.0000   0.5100   0.0042   0.1159   0.0057   0.2273   0.2273   0.0010   0.0000  -0.0008   0.0576    0.253
    22   0.4000  -0.0185   0.0000   0.5100   0.0125   0.1159   0.0057   0.2273   0.2273   0.0010   0.0000  -0.0008   0.0576    0.253
    23   0.4000  -0.0510   0.0000   0.5100   0.0205   0.1159   0.0057   0.2273   0.2273   0.0010   0.0000  -0.0008   0.0576    0.253
    24   0.4000  -0.0987   0.0000   0.5100   0.0280   0.1159   0.0057   0.2273   0.2273   0.0010   0.0000  -0.0008   0.0576    0.253
    25   0.4000  -0.1605   0.0000   0.5100   0.0348   0.1159   0.0057   0.2272   0.2272   0.0010   0.0000  -0.0007   0.0576    0.253
    26   0.4000  -0.2349   0.0000   0.5100   0.0408   0.1158   0.0057   0.2271   0.2271   0.0010   0.0000  -0.0007   0.0575    0.253
    27   0.4000  -0.3199   0.0000   0.5100   0.0457   0.1157   0.0056   0.2269   0.2269   0.0010   0.0000  -0.0007   0.0575    0.253
    28   0.4000  -0.4136   0.0000   0.5100   0.0495   0.1156   0.0054   0.2266   0.2266   0.0010   0.0000  -0.0007   0.0574    0.253
    29   0.4000  -0.5136   0.0000   0.5100   0.0521   0.1153   0.0042   0.2262   0.2262   0.0010   0.0000  -0.0007   0.0572    0.253
    30   0.4000  -0.6174   0.0000   0.5100   0.0535   0.1150   0.0114   0.2256   0.2256   0.0010   0.0000  -0.0007   0.0571    0.253
    31   0.4000  -0.7226   0.0000   0.5100   0.0535   0.1147   0.0106   0.2249   0.2249   0.0010   0.0000  -0.0007   0.0569    0.253
    32   0.4000  -0.8264   0.0000   0.5100   0.0521   0.1142   0.0104   0.2240   0.2240   0.0010   0.0000  -0.0006   0.0566    0.253
    33   0.4000  -0.9264   0.0000   0.5100   0.0495   0.1137   0.0104   0.2230   0.2230   0.0011   0.0000  -0.0006   0.0564    0.253
    34   0.4000  -1.0201   0.0000   0.5100   0.0457   0.1132   0.0105   0.2219   0.2219   0.0011   0.0000  -0.0006   0.0560    0.253
    35   0.4000  -1.1051   0.0000   0.5100   0.0408   0.1126   0.0107   0.2208   0.2208   0.0011   0.0000  -0.0005   0.0557    0.252
    36   0.4000  -1.1795   0.0000   0.5100   0.0348   0.1120   0.0109   0.2196   0.2196   0.0011   0.0000  -0.0005   0.0554    0.252
    37   0.4000  -1.2413   0.0000   0.5100   0.0280   0.1114   0.0111   0.2185   0.2185   0.0012   0.0000  -0.0005   0.0551    0.252
    38   0.4000  -1.2890   0.0000   0.5100   0.0205   0.1109   0.0113   0.2175   0.2175   0.0012   0.0000  -0.0004   0.0548    0.252
    39   0.4000  -1.3215   0.0000   0.5100   0.0125   0.1105   0.0116   0.2167   0.2167   0.0012   0.0000  -0.0004   0.0546    0.252
    40   0.4000  -1.3379   0.0000   0.5100   0.0042   0.1103   0.0117   0.2163   0.2163   0.0014   0.0000  -0.0004   0.0545    0.252

  Surface # 3     main_wing_panel_1                       
     # Chordwise = 12   # Spanwise = 20     First strip = 41
     Surface area Ssurf =    0.712000     Ave. chord Cave =    0.445000

 Forces referred to Sref, Cref, Bref about Xref, Yref, Zref
 Standard axis orientation,  X fwd, Z down         
     CLsurf  =   0.04889     Clsurf  =  -0.01686
     CYsurf  =   0.00005     Cmsurf  =  -0.00249
     CDsurf  =   0.00032     Cnsurf  =   0.00023
     CDisurf =   0.00032     CDvsurf =   0.00000

 Forces referred to Ssurf, Cave 
     CLsurf  =   0.19165     CDsurf  =   0.00126

 Strip Forces referred to Strip Area, Chord
    j     Xle      Yle      Zle      Chord    Area     c_cl     ai     cl_norm    cl       cd       cdv    cm_c/4     cm_LE   C.P.x/c
    41   0.4001   1.3425   0.0000   0.5098   0.0050   0.1103   0.0117   0.2163   0.2163   0.0014   0.0000  -0.0004  -0.0545    0.252
    42   0.4005   1.3621   0.0000   0.5082   0.0149   0.1100   0.0116   0.2165   0.2165   0.0012   0.0000  -0.0004  -0.0545    0.252
    43   0.4013   1.4009   0.0000   0.5051   0.0243   0.1094   0.0114   0.2166   0.2166   0.0012   0.0000  -0.0003  -0.0544    0.251
    44   0.4024   1.4579   0.0000   0.5004   0.0328   0.1084   0.0112   0.2167   0.2167   0.0012   0.0000  -0.0002  -0.0544    0.251
    45   0.4040   1.5317   0.0000   0.4944   0.0403   0.1071   0.0111   0.2166   0.2166   0.0012   0.0000  -0.0001  -0.0542    0.250
    46   0.4058   1.6204   0.0000   0.4872   0.0465   0.1053   0.0110   0.2162   0.2162   0.0012   0.0000   0.0001  -0.0539    0.250
    47   0.4079   1.7220   0.0000   0.4790   0.0513   0.1031   0.0110   0.2153   0.2153   0.0012   0.0000   0.0003  -0.0535    0.249
    48   0.4102   1.8339   0.0000   0.4699   0.0545   0.1005   0.0111   0.2139   0.2139   0.0012   0.0000   0.0005  -0.0529    0.247
    49   0.4126   1.9532   0.0000   0.4602   0.0562   0.0974   0.0114   0.2116   0.2116   0.0012   0.0000   0.0008  -0.0521    0.246
    50   0.4152   2.0772   0.0000   0.4501   0.0563   0.0938   0.0119   0.2083   0.2083   0.0012   0.0000   0.0012  -0.0509    0.244
    51   0.4178   2.2028   0.0000   0.4399   0.0551   0.0896   0.0126   0.2037   0.2037   0.0013   0.0000   0.0016  -0.0493    0.242
    52   0.4204   2.3268   0.0000   0.4298   0.0525   0.0848   0.0136   0.1973   0.1973   0.0013   0.0000   0.0021  -0.0472    0.240
    53   0.4228   2.4461   0.0000   0.4201   0.0487   0.0792   0.0149   0.1886   0.1886   0.0014   0.0000   0.0026  -0.0445    0.236
    54   0.4251   2.5580   0.0000   0.4110   0.0440   0.0728   0.0165   0.1770   0.1770   0.0014   0.0000   0.0033  -0.0410    0.232
    55   0.4272   2.6596   0.0000   0.4028   0.0384   0.0651   0.0185   0.1617   0.1617   0.0015   0.0000   0.0040  -0.0365    0.226
    56   0.4290   2.7483   0.0000   0.3956   0.0323   0.0562   0.0206   0.1421   0.1421   0.0015   0.0000   0.0046  -0.0309    0.217
    57   0.4306   2.8221   0.0000   0.3896   0.0256   0.0458   0.0227   0.1176   0.1176   0.0014   0.0000   0.0051  -0.0243    0.207
    58   0.4317   2.8791   0.0000   0.3849   0.0185   0.0340   0.0246   0.0883   0.0883   0.0012   0.0000   0.0049  -0.0172    0.195
    59   0.4325   2.9179   0.0000   0.3818   0.0112   0.0210   0.0260   0.0549   0.0549   0.0009   0.0000   0.0037  -0.0100    0.183
    60   0.4329   2.9375   0.0000   0.3802   0.0037   0.0071   0.0269   0.0187   0.0187   0.0004   0.0000   0.0014  -0.0033    0.174

  Surface # 4     main_wing_panel_1 (YDUP)                
     # Chordwise = 12   # Spanwise = 20     First strip = 61
     Surface area Ssurf =    0.712000     Ave. chord Cave =    0.445000

 Forces referred to Sref, Cref, Bref about Xref, Yref, Zref
 Standard axis orientation,  X fwd, Z down         
     CLsurf  =   0.04889     Clsurf  =   0.01686
     CYsurf  =  -0.00005     Cmsurf  =  -0.00249
     CDsurf  =   0.00032     Cnsurf  =  -0.00023
     CDisurf =   0.00032     CDvsurf =   0.00000

 Forces referred to Ssurf, Cave 
     CLsurf  =   0.19165     CDsurf  =   0.00126

 Strip Forces referred to Strip Area, Chord
    j     Xle      Yle      Zle      Chord    Area     c_cl     ai     cl_norm    cl       cd       cdv    cm_c/4     cm_LE   C.P.x/c
    61   0.4001  -1.3425   0.0000   0.5098   0.0050   0.1103   0.0117   0.2163   0.2163   0.0014   0.0000  -0.0004   0.0545    0.252
    62   0.4005  -1.3621   0.0000   0.5082   0.0149   0.1100   0.0115   0.2165   0.2165   0.0012   0.0000  -0.0004   0.0545    0.252
    63   0.4013  -1.4009   0.0000   0.5051   0.0243   0.1094   0.0114   0.2166   0.2166   0.0012   0.0000  -0.0003   0.0544    0.251
    64   0.4024  -1.4579   0.0000   0.5004   0.0328   0.1084   0.0112   0.2167   0.2167   0.0012   0.0000  -0.0002   0.0544    0.251
    65   0.4040  -1.5317   0.0000   0.4944   0.0403   0.1071   0.0111   0.2166   0.2166   0.0012   0.0000  -0.0001   0.0542    0.250
    66   0.4058  -1.6204   0.0000   0.4872   0.0465   0.1053   0.0110   0.2162   0.2162   0.0012   0.0000   0.0001   0.0539    0.250
    67   0.4079  -1.7220   0.0000   0.4790   0.0513   0.1031   0.0110   0.2154   0.2154   0.0012   0.0000   0.0003   0.0535    0.249
    68   0.4102  -1.8339   0.0000   0.4699   0.0545   0.1005   0.0111   0.2139   0.2139   0.0012   0.0000   0.0005   0.0529    0.247
    69   0.4126  -1.9532   0.0000   0.4602   0.0562   0.0974   0.0114   0.2116   0.2116   0.0012   0.0000   0.0008   0.0521    0.246
    70   0.4152  -2.0772   0.0000   0.4501   0.0563   0.0938   0.0119   0.2083   0.2083   0.0012   0.0000   0.0012   0.0509    0.244
    71   0.4178  -2.2028   0.0000   0.4399   0.0551   0.0896   0.0126   0.2037   0.2037   0.0013   0.0000   0.0016   0.0493    0.242
    72   0.4204  -2.3268   0.0000   0.4298   0.0525   0.0848   0.0136   0.1973   0.1973   0.0013   0.0000   0.0021   0.0473    0.240
    73   0.4228  -2.4461   0.0000   0.4201   0.0487   0.0792   0.0149   0.1886   0.1886   0.0014   0.0000   0.0026   0.0445    0.236
    74   0.4251  -2.5580   0.0000   0.4110   0.0440   0.0728   0.0165   0.1770   0.1770   0.0014   0.0000   0.0033   0.0410    0.232
    75   0.4272  -2.6596   0.0000   0.4028   0.0384   0.0651   0.0185   0.1617   0.1617   0.0015   0.0000   0.0040   0.0365    0.226
    76   0.4290  -2.7483   0.0000   0.3956   0.0323   0.0562   0.0206   0.1421   0.1421   0.0015   0.0000   0.0046   0.0309    0.217
    77   0.4306  -2.8221   0.0000   0.3896   0.0256   0.0458   0.0227   0.1176   0.1176   0.0014   0.0000   0.0051   0.0243    0.207
    78   0.4317  -2.8791   0.0000   0.3849   0.0185   0.0340   0.0246   0.0883   0.0883   0.0012   0.0000   0.0049   0.0172    0.195
    79   0.4325  -2.9179   0.0000   0.3818   0.0112   0.0210   0.0260   0.0549   0.0549   0.0009   0.0000   0.0037   0.0100    0.183
    80   0.4329  -2.9375   0.0000   0.3802   0.0037   0.0071   0.0269   0.0187   0.0187   0.0004   0.0000   0.0014   0.0033    0.174

  Surface # 5     hstab_panel_0                           
     # Chordwise = 12   # Spanwise = 20     First strip = 81
     Surface area Ssurf =    0.201600     Ave. chord Cave =    0.360000

 Forces referred to Sref, Cref, Bref about Xref, Yref, Zref
 Standard axis orientation,  X fwd, Z down         
     CLsurf  =  -0.00210     Clsurf  =   0.00010
     CYsurf  =  -0.00000     Cmsurf  =   0.00588
     CDsurf  =  -0.00002     Cnsurf  =  -0.00000
     CDisurf =  -0.00002     CDvsurf =   0.00000

 Forces referred to Ssurf, Cave 
     CLsurf  =  -0.02911     CDsurf  =  -0.00026

 Strip Forces referred to Strip Area, Chord
    j     Xle      Yle      Zle      Chord    Area     c_cl     ai     cl_norm    cl       cd       cdv    cm_c/4     cm_LE   C.P.x/c
    81   1.9000   0.0009   0.4500   0.3600   0.0012  -0.0110   0.0044  -0.0305  -0.0305  -0.0003   0.0000  -0.0129  -0.0053   -0.174
    82   1.9000   0.0077   0.4500   0.3600   0.0037  -0.0110   0.0044  -0.0305  -0.0305  -0.0003   0.0000  -0.0129  -0.0053   -0.174
    83   1.9000   0.0213   0.4500   0.3600   0.0061  -0.0110   0.0044  -0.0305  -0.0305  -0.0003   0.0000  -0.0129  -0.0053   -0.174
    84   1.9000   0.0413   0.4500   0.3600   0.0083  -0.0110   0.0044  -0.0305  -0.0305  -0.0003   0.0000  -0.0129  -0.0053   -0.174
    85   1.9000   0.0671   0.4500   0.3600   0.0103  -0.0110   0.0044  -0.0305  -0.0305  -0.0003   0.0000  -0.0129  -0.0053   -0.174
    86   1.9000   0.0982   0.4500   0.3600   0.0120  -0.0110   0.0044  -0.0304  -0.0304  -0.0003   0.0000  -0.0129  -0.0053   -0.175
    87   1.9000   0.1337   0.4500   0.3600   0.0135  -0.0109   0.0044  -0.0303  -0.0303  -0.0003   0.0000  -0.0129  -0.0053   -0.176
    88   1.9000   0.1728   0.4500   0.3600   0.0146  -0.0109   0.0044  -0.0302  -0.0302  -0.0003   0.0000  -0.0129  -0.0054   -0.178
    89   1.9000   0.2146   0.4500   0.3600   0.0154  -0.0108   0.0044  -0.0300  -0.0300  -0.0003   0.0000  -0.0129  -0.0054   -0.180
    90   1.9000   0.2580   0.4500   0.3600   0.0158  -0.0107   0.0044  -0.0297  -0.0297  -0.0003   0.0000  -0.0129  -0.0055   -0.184
    91   1.9000   0.3020   0.4500   0.3600   0.0158  -0.0106   0.0044  -0.0293  -0.0293  -0.0003   0.0000  -0.0128  -0.0055   -0.188
    92   1.9000   0.3454   0.4500   0.3600   0.0154  -0.0104   0.0045  -0.0289  -0.0289  -0.0003   0.0000  -0.0128  -0.0056   -0.192
    93   1.9000   0.3872   0.4500   0.3600   0.0146  -0.0102   0.0046  -0.0284  -0.0284  -0.0002   0.0000  -0.0127  -0.0056   -0.195
    94   1.9000   0.4263   0.4500   0.3600   0.0135  -0.0100   0.0048  -0.0279  -0.0279  -0.0002   0.0000  -0.0125  -0.0055   -0.197
    95   1.9000   0.4618   0.4500   0.3600   0.0120  -0.0099   0.0051  -0.0274  -0.0274  -0.0002   0.0000  -0.0122  -0.0053   -0.194
    96   1.9000   0.4929   0.4500   0.3600   0.0103  -0.0097   0.0055  -0.0270  -0.0270  -0.0002   0.0000  -0.0117  -0.0049   -0.183
    97   1.9000   0.5187   0.4500   0.3600   0.0083  -0.0096   0.0061  -0.0267  -0.0267  -0.0002   0.0000  -0.0110  -0.0043   -0.161
    98   1.9000   0.5387   0.4500   0.3600   0.0061  -0.0096   0.0066  -0.0266  -0.0266  -0.0001   0.0000  -0.0100  -0.0034   -0.127
    99   1.9000   0.5523   0.4500   0.3600   0.0037  -0.0096   0.0071  -0.0268  -0.0268  -0.0001   0.0000  -0.0089  -0.0022   -0.081
   100   1.9000   0.5591   0.4500   0.3600   0.0012  -0.0099   0.0074  -0.0275  -0.0275  -0.0018   0.0000  -0.0078  -0.0009   -0.032

  Surface # 6     hstab_panel_0 (YDUP)                    
     # Chordwise = 12   # Spanwise = 20     First strip =101
     Surface area Ssurf =    0.201600     Ave. chord Cave =    0.360000

 Forces referred to Sref, Cref, Bref about Xref, Yref, Zref
 Standard axis orientation,  X fwd, Z down         
     CLsurf  =  -0.00207     Clsurf  =  -0.00010
     CYsurf  =   0.00000     Cmsurf  =   0.00579
     CDsurf  =  -0.00002     Cnsurf  =   0.00000
     CDisurf =  -0.00002     CDvsurf =   0.00000

 Forces referred to Ssurf, Cave 
     CLsurf  =  -0.02867     CDsurf  =  -0.00024

 Strip Forces referred to Strip Area, Chord
    j     Xle      Yle      Zle      Chord    Area     c_cl     ai     cl_norm    cl       cd       cdv    cm_c/4     cm_LE   C.P.x/c
   101   1.9000  -0.0009   0.4500   0.3600   0.0012  -0.0110   0.0044  -0.0305  -0.0305  -0.0003   0.0000  -0.0129   0.0053   -0.174
   102   1.9000  -0.0077   0.4500   0.3600   0.0037  -0.0110   0.0044  -0.0305  -0.0305  -0.0003   0.0000  -0.0129   0.0053   -0.174
   103   1.9000  -0.0213   0.4500   0.3600   0.0061  -0.0110   0.0044  -0.0305  -0.0305  -0.0003   0.0000  -0.0129   0.0053   -0.174
   104   1.9000  -0.0413   0.4500   0.3600   0.0083  -0.0110   0.0044  -0.0305  -0.0305  -0.0003   0.0000  -0.0129   0.0053   -0.174
   105   1.9000  -0.0671   0.4500   0.3600   0.0103  -0.0109   0.0044  -0.0304  -0.0304  -0.0003   0.0000  -0.0129   0.0053   -0.175
   106   1.9000  -0.0982   0.4500   0.3600   0.0120  -0.0109   0.0044  -0.0303  -0.0303  -0.0003   0.0000  -0.0129   0.0053   -0.176
   107   1.9000  -0.1337   0.4500   0.3600   0.0135  -0.0109   0.0044  -0.0302  -0.0302  -0.0003   0.0000  -0.0129   0.0054   -0.178
   108   1.9000  -0.1728   0.4500   0.3600   0.0146  -0.0108   0.0044  -0.0300  -0.0300  -0.0003   0.0000  -0.0129   0.0054   -0.181
   109   1.9000  -0.2146   0.4500   0.3600   0.0154  -0.0107   0.0044  -0.0297  -0.0297  -0.0003   0.0000  -0.0129   0.0055   -0.184
   110   1.9000  -0.2580   0.4500   0.3600   0.0158  -0.0106   0.0045  -0.0293  -0.0293  -0.0003   0.0000  -0.0128   0.0055   -0.188
   111   1.9000  -0.3020   0.4500   0.3600   0.0158  -0.0104   0.0045  -0.0289  -0.0289  -0.0003   0.0000  -0.0128   0.0056   -0.193
   112   1.9000  -0.3454   0.4500   0.3600   0.0154  -0.0102   0.0046  -0.0284  -0.0284  -0.0002   0.0000  -0.0127   0.0056   -0.197
   113   1.9000  -0.3872   0.4500   0.3600   0.0146  -0.0100   0.0047  -0.0278  -0.0278  -0.0002   0.0000  -0.0125   0.0055   -0.199
   114   1.9000  -0.4263   0.4500   0.3600   0.0135  -0.0098   0.0050  -0.0272  -0.0272  -0.0002   0.0000  -0.0122   0.0054   -0.198
   115   1.9000  -0.4618   0.4500   0.3600   0.0120  -0.0096   0.0053  -0.0266  -0.0266  -0.0002   0.0000  -0.0117   0.0051   -0.190
   116   1.9000  -0.4929   0.4500   0.3600   0.0103  -0.0094   0.0057  -0.0262  -0.0262  -0.0002   0.0000  -0.0111   0.0045   -0.172
   117   1.9000  -0.5187   0.4500   0.3600   0.0083  -0.0093   0.0063  -0.0259  -0.0259  -0.0001   0.0000  -0.0101   0.0037   -0.142
   118   1.9000  -0.5387   0.4500   0.3600   0.0061  -0.0093   0.0068  -0.0258  -0.0258  -0.0001   0.0000  -0.0090   0.0025   -0.097
   119   1.9000  -0.5523   0.4500   0.3600   0.0037  -0.0093   0.0073  -0.0260  -0.0260  -0.0001   0.0000  -0.0076   0.0011   -0.043
   120   1.9000  -0.5591   0.4500   0.3600   0.0012  -0.0096   0.0075  -0.0266  -0.0266  -0.0013   0.0000  -0.0063  -0.0003    0.011

  Surface # 7     fin_panel_0                             
     # Chordwise = 12   # Spanwise = 20     First strip =121
     Surface area Ssurf =    0.135000     Ave. chord Cave =    0.300000

 Forces referred to Sref, Cref, Bref about Xref, Yref, Zref
 Standard axis orientation,  X fwd, Z down         
     CLsurf  =  -0.00000     Clsurf  =  -0.00004
     CYsurf  =  -0.00082     Cmsurf  =  -0.00000
     CDsurf  =  -0.00000     Cnsurf  =   0.00020
     CDisurf =  -0.00000     CDvsurf =   0.00000

 Forces referred to Ssurf, Cave 
     CLsurf  =  -0.01699     CDsurf  =  -0.00003

 Strip Forces referred to Strip Area, Chord
    j     Xle      Yle      Zle      Chord    Area     c_cl     ai     cl_norm    cl       cd       cdv    cm_c/4     cm_LE   C.P.x/c
   121   1.9000   0.5600   0.4493   0.3000   0.0008  -0.0100  -0.0189  -0.0333  -0.0333   0.0027   0.0000  -0.0087  -0.0004   -0.013
   122   1.9000   0.5600   0.4438   0.3000   0.0025  -0.0096  -0.0064  -0.0321  -0.0321  -0.0001   0.0000  -0.0074   0.0007    0.020
   123   1.9000   0.5600   0.4329   0.3000   0.0041  -0.0094  -0.0047  -0.0312  -0.0312  -0.0002   0.0000  -0.0059   0.0019    0.061
   124   1.9000   0.5600   0.4168   0.3000   0.0055  -0.0090  -0.0033  -0.0299  -0.0299  -0.0001   0.0000  -0.0045   0.0030    0.099
   125   1.9000   0.5600   0.3961   0.3000   0.0069  -0.0085  -0.0019  -0.0283  -0.0283  -0.0001   0.0000  -0.0034   0.0037    0.129
   126   1.9000   0.5600   0.3711   0.3000   0.0081  -0.0079  -0.0007  -0.0263  -0.0263  -0.0001   0.0000  -0.0026   0.0040    0.152
   127   1.9000   0.5600   0.3426   0.3000   0.0090  -0.0072   0.0001  -0.0242  -0.0242  -0.0001   0.0000  -0.0020   0.0041    0.168
   128   1.9000   0.5600   0.3111   0.3000   0.0098  -0.0066   0.0007  -0.0219  -0.0219  -0.0001   0.0000  -0.0016   0.0039    0.176
   129   1.9000   0.5600   0.2775   0.3000   0.0103  -0.0059   0.0011  -0.0197  -0.0197  -0.0000   0.0000  -0.0014   0.0035    0.179
   130   1.9000   0.5600   0.2427   0.3000   0.0106  -0.0053   0.0013  -0.0176  -0.0176  -0.0000   0.0000  -0.0013   0.0031    0.176
   131   1.9000   0.5600   0.2073   0.3000   0.0106  -0.0047   0.0015  -0.0155  -0.0155  -0.0000   0.0000  -0.0013   0.0026    0.169
   132   1.9000   0.5600   0.1725   0.3000   0.0103  -0.0041   0.0015  -0.0136  -0.0136  -0.0000   0.0000  -0.0013   0.0021    0.158
   133   1.9000   0.5600   0.1389   0.3000   0.0098  -0.0035   0.0015  -0.0117  -0.0117  -0.0000   0.0000  -0.0013   0.0017    0.143
   134   1.9000   0.5600   0.1074   0.3000   0.0090  -0.0030   0.0016  -0.0099  -0.0099  -0.0000   0.0000  -0.0012   0.0012    0.125
   135   1.9000   0.5600   0.0789   0.3000   0.0081  -0.0025   0.0016  -0.0082  -0.0082  -0.0000   0.0000  -0.0012   0.0008    0.103
   136   1.9000   0.5600   0.0539   0.3000   0.0069  -0.0020   0.0017  -0.0065  -0.0065  -0.0000   0.0000  -0.0011   0.0005    0.079
   137   1.9000   0.5600   0.0332   0.3000   0.0055  -0.0015   0.0020  -0.0050  -0.0050  -0.0000   0.0000  -0.0010   0.0003    0.054
   138   1.9000   0.5600   0.0171   0.3000   0.0041  -0.0010   0.0025  -0.0035  -0.0035  -0.0000   0.0000  -0.0008   0.0001    0.031
   139   1.9000   0.5600   0.0062   0.3000   0.0025  -0.0006   0.0034  -0.0021  -0.0021   0.0000   0.0000  -0.0005   0.0000    0.012
   140   1.9000   0.5600   0.0007   0.3000   0.0008  -0.0002   0.0018  -0.0007  -0.0007   0.0000   0.0000  -0.0002   0.0000    0.001

  Surface # 8     fin_panel_0                             
     # Chordwise = 12   # Spanwise = 20     First strip =141
     Surface area Ssurf =    0.135000     Ave. chord Cave =    0.300000

 Forces referred to Sref, Cref, Bref about Xref, Yref, Zref
 Standard axis orientation,  X fwd, Z down         
     CLsurf  =  -0.00000     Clsurf  =   0.00004
     CYsurf  =   0.00079     Cmsurf  =  -0.00000
     CDsurf  =  -0.00000     Cnsurf  =  -0.00020
     CDisurf =  -0.00000     CDvsurf =   0.00000

 Forces referred to Ssurf, Cave 
     CLsurf  =   0.01643     CDsurf  =  -0.00005

 Strip Forces referred to Strip Area, Chord
    j     Xle      Yle      Zle      Chord    Area     c_cl     ai     cl_norm    cl       cd       cdv    cm_c/4     cm_LE   C.P.x/c
   141   1.9000  -0.5600   0.4493   0.3000   0.0008   0.0097   0.0179   0.0322   0.0322   0.0018   0.0000   0.0066  -0.0014    0.045
   142   1.9000  -0.5600   0.4438   0.3000   0.0025   0.0093   0.0065   0.0312   0.0312  -0.0002   0.0000   0.0051  -0.0027    0.087
   143   1.9000  -0.5600   0.4329   0.3000   0.0041   0.0091   0.0048   0.0303   0.0303  -0.0002   0.0000   0.0034  -0.0042    0.138
   144   1.9000  -0.5600   0.4168   0.3000   0.0055   0.0087   0.0033   0.0291   0.0291  -0.0002   0.0000   0.0018  -0.0054    0.186
   145   1.9000  -0.5600   0.3961   0.3000   0.0069   0.0082   0.0019   0.0275   0.0275  -0.0001   0.0000   0.0006  -0.0063    0.229
   146   1.9000  -0.5600   0.3711   0.3000   0.0081   0.0076   0.0007   0.0255   0.0255  -0.0001   0.0000  -0.0004  -0.0067    0.264
   147   1.9000  -0.5600   0.3426   0.3000   0.0090   0.0070  -0.0002   0.0233   0.0233  -0.0001   0.0000  -0.0010  -0.0069    0.294
   148   1.9000  -0.5600   0.3111   0.3000   0.0098   0.0063  -0.0009   0.0211   0.0211  -0.0001   0.0000  -0.0014  -0.0067    0.318
   149   1.9000  -0.5600   0.2775   0.3000   0.0103   0.0057  -0.0013   0.0189   0.0189  -0.0001   0.0000  -0.0017  -0.0064    0.338
   150   1.9000  -0.5600   0.2427   0.3000   0.0106   0.0050  -0.0016   0.0168   0.0168  -0.0000   0.0000  -0.0018  -0.0060    0.356
   151   1.9000  -0.5600   0.2073   0.3000   0.0106   0.0045  -0.0017   0.0148   0.0148  -0.0000   0.0000  -0.0018  -0.0055    0.372
   152   1.9000  -0.5600   0.1725   0.3000   0.0103   0.0039  -0.0017   0.0130   0.0130  -0.0000   0.0000  -0.0018  -0.0050    0.388
   153   1.9000  -0.5600   0.1389   0.3000   0.0098   0.0034  -0.0017   0.0113   0.0113  -0.0000   0.0000  -0.0017  -0.0045    0.403
   154   1.9000  -0.5600   0.1074   0.3000   0.0090   0.0029  -0.0016   0.0096   0.0096  -0.0000   0.0000  -0.0016  -0.0040    0.420
   155   1.9000  -0.5600   0.0789   0.3000   0.0081   0.0024  -0.0015   0.0081   0.0081  -0.0000   0.0000  -0.0015  -0.0035    0.437
   156   1.9000  -0.5600   0.0539   0.3000   0.0069   0.0020  -0.0015   0.0065   0.0065  -0.0000   0.0000  -0.0013  -0.0030    0.455
   157   1.9000  -0.5600   0.0332   0.3000   0.0055   0.0015  -0.0015   0.0051   0.0051  -0.0000   0.0000  -0.0011  -0.0024    0.472
   158   1.9000  -0.5600   0.0171   0.3000   0.0041   0.0011  -0.0019   0.0036   0.0036  -0.0000   0.0000  -0.0009  -0.0018    0.486
   159   1.9000  -0.5600   0.0062   0.3000   0.0025   0.0007  -0.0027   0.0022   0.0022  -0.0000   0.0000  -0.0005  -0.0011    0.497
   160   1.9000  -0.5600   0.0007   0.3000   0.0008   0.0002  -0.0010   0.0007   0.0007  -0.0000   0.0000  -0.0002  -0.0004    0.502
 ---------------------------------------------------------------
