 ---------------------------------------------------------------
 Surface and Strip Forces by surface

  Sref =  2.0950       Cref = 0.46600       Bref =  4.5000    
  Xref = 0.50000       Yref =  0.0000       Zref =  0.0000    

  Surface # 1     main_wing_panel_0                       
     # Chordwise = 12   # Spanwise = 20     First strip =  1
     Surface area Ssurf =    0.530000     Ave. chord Cave =    0.500000

 Forces referred to Sref, Cref, Bref about Xref, Yref, Zref
 Standard axis orientation,  X fwd, Z down         
     CLsurf  =   0.02937     Clsurf  =  -0.00342
     CYsurf  =   0.00000     Cmsurf  =  -0.00171
     CDsurf  =   0.00009     Cnsurf  =   0.00010
     CDisurf =   0.00009     CDvsurf =   0.00000

 Forces referred to Ssurf, Cave 
     CLsurf  =   0.11609     CDsurf  =   0.00036

 Strip Forces referred to Strip Area, Chord
    j     Xle      Yle      Zle      Chord    Area     c_cl     ai     cl_norm    cl       cd       cdv    cm_c/4     cm_LE   C.P.x/c
     1   0.4000   0.0016   0.0000   0.5000   0.0033   0.0591   0.0043   0.1182   0.1182   0.0003   0.0000  -0.0006  -0.0301    0.255
     2   0.4000   0.0146   0.0000   0.5000   0.0097   0.0591   0.0043   0.1182   0.1182   0.0003   0.0000  -0.0006  -0.0301    0.255
     3   0.4000   0.0403   0.0000   0.5000   0.0159   0.0591   0.0043   0.1182   0.1182   0.0003   0.0000  -0.0006  -0.0301    0.255
     4   0.4000   0.0781   0.0000   0.5000   0.0217   0.0591   0.0043   0.1182   0.1182   0.0003   0.0000  -0.0006  -0.0301    0.255
     5   0.4000   0.1270   0.0000   0.5000   0.0270   0.0590   0.0043   0.1181   0.1181   0.0003   0.0000  -0.0006  -0.0301    0.255
     6   0.4000   0.1858   0.0000   0.5000   0.0316   0.0590   0.0043   0.1181   0.1181   0.0003   0.0000  -0.0006  -0.0301    0.255
     7   0.4000   0.2531   0.0000   0.5000   0.0355   0.0589   0.0042   0.1179   0.1179   0.0003   0.0000  -0.0006  -0.0300    0.255
     8   0.4000   0.3272   0.0000   0.5000   0.0384   0.0588   0.0041   0.1177   0.1177   0.0003   0.0000  -0.0005  -0.0300    0.255
     9   0.4000   0.4063   0.0000   0.5000   0.0404   0.0587   0.0040   0.1174   0.1174   0.0003   0.0000  -0.0005  -0.0299    0.255
    10   0.4000   0.4884   0.0000   0.5000   0.0415   0.0585   0.0034   0.1170   0.1170   0.0004   0.0000  -0.0005  -0.0298    0.254
    11   0.4000   0.5716   0.0000   0.5000   0.0415   0.0582   0.0084   0.1165   0.1165   0.0004   0.0000  -0.0005  -0.0296    0.254
    12   0.4000   0.6537   0.0000   0.5000   0.0404   0.0580   0.0075   0.1160   0.1160   0.0004   0.0000  -0.0005  -0.0295    0.254
    13   0.4000   0.7328   0.0000   0.5000   0.0384   0.0576   0.0073   0.1153   0.1153   0.0004   0.0000  -0.0004  -0.0293    0.254
    14   0.4000   0.8069   0.0000   0.5000   0.0355   0.0573   0.0073   0.1146   0.1146   0.0004   0.0000  -0.0004  -0.0291    0.254
    15   0.4000   0.8742   0.0000   0.5000   0.0316   0.0569   0.0073   0.1138   0.1138   0.0004   0.0000  -0.0004  -0.0288    0.253
    16   0.4000   0.9330   0.0000   0.5000   0.0270   0.0565   0.0074   0.1130   0.1130   0.0004   0.0000  -0.0004  -0.0286    0.253
    17   0.4000   0.9819   0.0000   0.5000   0.0217   0.0561   0.0075   0.1123   0.1123   0.0004   0.0000  -0.0003  -0.0284    0.253
    18   0.4000   1.0197   0.0000   0.5000   0.0159   0.0558   0.0077   0.1117   0.1117   0.0004   0.0000  -0.0003  -0.0282    0.253
    19   0.4000   1.0454   0.0000   0.5000   0.0097   0.0556   0.0078   0.1112   0.1112   0.0004   0.0000  -0.0003  -0.0281    0.253
    20   0.4000   1.0584   0.0000   0.5000   0.0033   0.0555   0.0079   0.1110   0.1110   0.0005   0.0000  -0.0003  -0.0281    0.253

  Surface # 2     main_wing_panel_0 (YDUP)                
     # Chordwise = 12   # Spanwise = 20     First strip = 21
     Surface area Ssurf =    0.530000     Ave. chord Cave =    0.500000

 Forces referred to Sref, Cref, Bref about Xref, Yref, Zref
 Standard axis orientation,  X fwd, Z down         
     CLsurf  =   0.02937     Clsurf  =   0.00342
     CYsurf  =   0.00000     Cmsurf  =  -0.00171
     CDsurf  =   0.00009     Cnsurf  =  -0.00010
     CDisurf =   0.00009     CDvsurf =   0.00000

 Forces referred to Ssurf, Cave 
     CLsurf  =   0.11609     CDsurf  =   0.00036

 Strip Forces referred to Strip Area, Chord
    j     Xle      Yle      Zle      Chord    Area     c_cl     ai     cl_norm    cl       cd       cdv    cm_c/4     cm_LE   C.P.x/c
    21   0.4000  -0.0016   0.0000   0.5000   0.0033   0.0591   0.0043   0.1182   0.1182   0.0003   0.0000  -0.0006   0.0301    0.255
    22   0.4000  -0.0146   0.0000   0.5000   0.0097   0.0591   0.0043   0.1182   0.1182   0.0003   0.0000  -0.0006   0.0301    0.255
    23   0.4000  -0.0403   0.0000   0.5000   0.0159   0.0591   0.0043   0.1182   0.1182   0.0003   0.0000  -0.0006   0.0301    0.255
    24   0.4000  -0.0781   0.0000   0.5000   0.0217   0.0591   0.0043   0.1182   0.1182   0.0003   0.0000  -0.0006   0.0301    0.255
    25   0.4000  -0.1270   0.0000   0.5000   0.0270   0.0590   0.0043   0.1181   0.1181   0.0003   0.0000  -0.0006   0.0301    0.255
    26   0.4000  -0.1858   0.0000   0.5000   0.0316   0.0590   0.0043   0.1181   0.1181   0.0003   0.0000  -0.0006   0.0301    0.255
    27   0.4000  -0.2531   0.0000   0.5000   0.0355   0.0589   0.0042   0.1179   0.1179   0.0003   0.0000  -0.0006   0.0300    0.255
    28   0.4000  -0.3272   0.0000   0.5000   0.0384   0.0588   0.0042   0.1177   0.1177   0.0003   0.0000  -0.0005   0.0300    0.255
    29   0.4000  -0.4063   0.0000   0.5000   0.0404   0.0587   0.0040   0.1174   0.1174   0.0003   0.0000  -0.0005   0.0299    0.255
    30   0.4000  -0.4884   0.0000   0.5000   0.0415   0.0585   0.0034   0.1170   0.1170   0.0004   0.0000  -0.0005   0.0298    0.254
    31   0.4000  -0.5716   0.0000   0.5000   0.0415   0.0582   0.0085   0.1165   0.1165   0.0004   0.0000  -0.0005   0.0296    0.254
    32   0.4000  -0.6537   0.0000   0.5000   0.0404   0.0580   0.0075   0.1160   0.1160   0.0004   0.0000  -0.0005   0.0295    0.254
    33   0.4000  -0.7328   0.0000   0.5000   0.0384   0.0576   0.0073   0.1153   0.1153   0.0004   0.0000  -0.0004   0.0293    0.254
    34   0.4000  -0.8069   0.0000   0.5000   0.0355   0.0573   0.0073   0.1146   0.1146   0.0004   0.0000  -0.0004   0.0291    0.254
    35   0.4000  -0.8742   0.0000   0.5000   0.0316   0.0569   0.0073   0.1138   0.1138   0.0004   0.0000  -0.0004   0.0288    0.253
    36   0.4000  -0.9330   0.0000   0.5000   0.0270   0.0565   0.0074   0.1130   0.1130   0.0004   0.0000  -0.0004   0.0286    0.253
    37   0.4000  -0.9819   0.0000   0.5000   0.0217   0.0561   0.0075   0.1123   0.1123   0.0004   0.0000  -0.0003   0.0284    0.253
    38   0.4000  -1.0197   0.0000   0.5000   0.0159   0.0558   0.0077   0.1117   0.1117   0.0004   0.0000  -0.0003   0.0282    0.253
    39   0.4000  -1.0454   0.0000   0.5000   0.0097   0.0556   0.0078   0.1112   0.1112   0.0004   0.0000  -0.0003   0.0281    0.253
    40   0.4000  -1.0584   0.0000   0.5000   0.0033   0.0555   0.0079   0.1110   0.1110   0.0005   0.0000  -0.0003   0.0281    0.253

  Surface # 3     main_wing_panel_1                       
     # Chordwise = 12   # Spanwise = 20     First strip = 41
     Surface area Ssurf =    0.517650     Ave. chord Cave =    0.435000

 Forces referred to Sref, Cref, Bref about Xref, Yref, Zref
 Standard axis orientation,  X fwd, Z down         
     CLsurf  =   0.02394     Clsurf  =  -0.00833
     CYsurf  =   0.00006     Cmsurf  =  -0.00122
     CDsurf  =   0.00010     Cnsurf  =   0.00026
     CDisurf =   0.00010     CDvsurf =   0.00000

 Forces referred to Ssurf, Cave 
     CLsurf  =   0.09690     CDsurf  =   0.00041

 Strip Forces referred to Strip Area, Chord
    j     Xle      Yle      Zle      Chord    Area     c_cl     ai     cl_norm    cl       cd       cdv    cm_c/4     cm_LE   C.P.x/c
    41   0.4001   1.0618   0.0000   0.4998   0.0037   0.0554   0.0079   0.1110   0.1110   0.0005   0.0000  -0.0003  -0.0280    0.253
    42   0.4005   1.0764   0.0000   0.4982   0.0109   0.0553   0.0078   0.1110   0.1110   0.0004   0.0000  -0.0003  -0.0280    0.253
    43   0.4013   1.1053   0.0000   0.4951   0.0177   0.0550   0.0077   0.1111   0.1111   0.0004   0.0000  -0.0003  -0.0280    0.253
    44   0.4024   1.1477   0.0000   0.4904   0.0239   0.0544   0.0076   0.1110   0.1110   0.0004   0.0000  -0.0003  -0.0280    0.253
    45   0.4040   1.2026   0.0000   0.4844   0.0294   0.0537   0.0075   0.1109   0.1109   0.0004   0.0000  -0.0003  -0.0280    0.252
    46   0.4058   1.2686   0.0000   0.4772   0.0339   0.0528   0.0074   0.1106   0.1106   0.0004   0.0000  -0.0002  -0.0279    0.252
    47   0.4079   1.3441   0.0000   0.4690   0.0373   0.0516   0.0074   0.1100   0.1100   0.0004   0.0000  -0.0002  -0.0277    0.252
    48   0.4102   1.4273   0.0000   0.4599   0.0397   0.0501   0.0075   0.1091   0.1091   0.0004   0.0000  -0.0001  -0.0274    0.251
    49   0.4126   1.5161   0.0000   0.4502   0.0409   0.0484   0.0076   0.1077   0.1077   0.0004   0.0000  -0.0001  -0.0269    0.250
    50   0.4152   1.6083   0.0000   0.4401   0.0410   0.0465   0.0079   0.1057   0.1057   0.0004   0.0000   0.0001  -0.0263    0.249
    51   0.4178   1.7017   0.0000   0.4299   0.0400   0.0442   0.0082   0.1029   0.1029   0.0004   0.0000   0.0002  -0.0255    0.248
    52   0.4204   1.7939   0.0000   0.4198   0.0381   0.0416   0.0088   0.0992   0.0992   0.0004   0.0000   0.0004  -0.0244    0.246
    53   0.4228   1.8827   0.0000   0.4101   0.0354   0.0387   0.0094   0.0943   0.0943   0.0004   0.0000   0.0007  -0.0229    0.243
    54   0.4251   1.9659   0.0000   0.4010   0.0319   0.0352   0.0103   0.0879   0.0879   0.0004   0.0000   0.0010  -0.0209    0.238
    55   0.4272   2.0414   0.0000   0.3928   0.0279   0.0313   0.0112   0.0797   0.0797   0.0004   0.0000   0.0014  -0.0185    0.232
    56   0.4290   2.1074   0.0000   0.3856   0.0234   0.0268   0.0123   0.0695   0.0695   0.0004   0.0000   0.0018  -0.0156    0.224
    57   0.4306   2.1623   0.0000   0.3796   0.0185   0.0217   0.0133   0.0572   0.0572   0.0004   0.0000   0.0021  -0.0122    0.214
    58   0.4317   2.2047   0.0000   0.3749   0.0134   0.0160   0.0142   0.0427   0.0427   0.0003   0.0000   0.0020  -0.0086    0.202
    59   0.4325   2.2336   0.0000   0.3718   0.0081   0.0098   0.0149   0.0264   0.0264   0.0003   0.0000   0.0016  -0.0050    0.191
    60   0.4329   2.2482   0.0000   0.3702   0.0027   0.0033   0.0153   0.0090   0.0090   0.0001   0.0000   0.0006  -0.0016    0.183

  Surface # 4     main_wing_panel_1 (YDUP)                
     # Chordwise = 12   # Spanwise = 20     First strip = 61
     Surface area Ssurf =    0.517650     Ave. chord Cave =    0.435000

 Forces referred to Sref, Cref, Bref about Xref, Yref, Zref
 Standard axis orientation,  X fwd, Z down         
     CLsurf  =   0.02394     Clsurf  =   0.00833
     CYsurf  =  -0.00006     Cmsurf  =  -0.00122
     CDsurf  =   0.00010     Cnsurf  =  -0.00026
     CDisurf =   0.00010     CDvsurf =   0.00000

 Forces referred to Ssurf, Cave 
     CLsurf  =   0.09690     CDsurf  =   0.00041

 Strip Forces referred to Strip Area, Chord
    j     Xle      Yle      Zle      Chord    Area     c_cl     ai     cl_norm    cl       cd       cdv    cm_c/4     cm_LE   C.P.x/c
    61   0.4001  -1.0618   0.0000   0.4998   0.0037   0.0554   0.0079   0.1110   0.1110   0.0005   0.0000  -0.0003   0.0280    0.253
    62   0.4005  -1.0764   0.0000   0.4982   0.0109   0.0553   0.0078   0.1110   0.1110   0.0004   0.0000  -0.0003   0.0280    0.253
    63   0.4013  -1.1053   0.0000   0.4951   0.0177   0.0550   0.0077   0.1111   0.1111   0.0004   0.0000  -0.0003   0.0280    0.253
    64   0.4024  -1.1477   0.0000   0.4904   0.0239   0.0544   0.0076   0.1111   0.1111   0.0004   0.0000  -0.0003   0.0280    0.253
    65   0.4040  -1.2026   0.0000   0.4844   0.0294   0.0537   0.0075   0.1109   0.1109   0.0004   0.0000  -0.0003   0.0280    0.252
    66   0.4058  -1.2686   0.0000   0.4772   0.0339   0.0528   0.0074   0.1106   0.1106   0.0004   0.0000  -0.0002   0.0279    0.252
    67   0.4079  -1.3441   0.0000   0.4690   0.0373   0.0516   0.0074   0.1100   0.1100   0.0004   0.0000  -0.0002   0.0277    0.252
    68   0.4102  -1.4273   0.0000   0.4599   0.0397   0.0501   0.0075   0.1091   0.1091   0.0004   0.0000  -0.0001   0.0274    0.251
    69   0.4126  -1.5161   0.0000   0.4502   0.0409   0.0484   0.0076   0.1077   0.1077   0.0004   0.0000  -0.0001   0.0269    0.250
    70   0.4152  -1.6083   0.0000   0.4401   0.0410   0.0465   0.0079   0.1057   0.1057   0.0004   0.0000   0.0001   0.0263    0.249
    71   0.4178  -1.7017   0.0000   0.4299   0.0400   0.0442   0.0082   0.1029   0.1029   0.0004   0.0000   0.0002   0.0255    0.248
    72   0.4204  -1.7939   0.0000   0.4198   0.0381   0.0416   0.0088   0.0992   0.0992   0.0004   0.0000   0.0004   0.0244    0.246
    73   0.4228  -1.8827   0.0000   0.4101   0.0354   0.0387   0.0094   0.0943   0.0943   0.0004   0.0000   0.0007   0.0229    0.243
    74   0.4251  -1.9659   0.0000   0.4010   0.0319   0.0352   0.0103   0.0879   0.0879   0.0004   0.0000   0.0010   0.0209    0.238
    75   0.4272  -2.0414   0.0000   0.3928   0.0279   0.0313   0.0112   0.0797   0.0797   0.0004   0.0000   0.0014   0.0185    0.232
    76   0.4290  -2.1074   0.0000   0.3856   0.0234   0.0268   0.0123   0.0695   0.0695   0.0004   0.0000   0.0018   0.0156    0.224
    77   0.4306  -2.1623   0.0000   0.3796   0.0185   0.0217   0.0133   0.0572   0.0572   0.0004   0.0000   0.0021   0.0122    0.214
    78   0.4317  -2.2047   0.0000   0.3749   0.0134   0.0160   0.0142   0.0427   0.0427   0.0003   0.0000   0.0020   0.0086    0.202
    79   0.4325  -2.2336   0.0000   0.3718   0.0081   0.0098   0.0149   0.0264   0.0264   0.0003   0.0000   0.0016   0.0050    0.191
    80   0.4329  -2.2482   0.0000   0.3702   0.0027   0.0033   0.0153   0.0090   0.0090   0.0001   0.0000   0.0006   0.0016    0.183

  Surface # 5     hstab_panel_0                           
     # Chordwise = 12   # Spanwise = 20     First strip = 81
     Surface area Ssurf =    0.118800     Ave. chord Cave =    0.220000

 Forces referred to Sref, Cref, Bref about Xref, Yref, Zref
 Standard axis orientation,  X fwd, Z down         
     CLsurf  =  -0.00122     Clsurf  =   0.00007
     CYsurf  =  -0.00000     Cmsurf  =   0.00296
     CDsurf  =  -0.00000     Cnsurf  =  -0.00000
     CDisurf =  -0.00000     CDvsurf =   0.00000

 Forces referred to Ssurf, Cave 
     CLsurf  =  -0.02150     CDsurf  =  -0.00009

 Strip Forces referred to Strip Area, Chord
    j     Xle      Yle      Zle      Chord    Area     c_cl     ai     cl_norm    cl       cd       cdv    cm_c/4     cm_LE   C.P.x/c
    81   1.9000   0.0008   0.4000   0.2200   0.0007  -0.0050   0.0035  -0.0227  -0.0227  -0.0001   0.0000  -0.0312  -0.0255  999.000
    82   1.9000   0.0075   0.4000   0.2200   0.0022  -0.0050   0.0035  -0.0227  -0.0227  -0.0001   0.0000  -0.0312  -0.0255  999.000
    83   1.9000   0.0206   0.4000   0.2200   0.0036  -0.0050   0.0035  -0.0227  -0.0227  -0.0001   0.0000  -0.0312  -0.0255  999.000
    84   1.9000   0.0398   0.4000   0.2200   0.0049  -0.0050   0.0035  -0.0227  -0.0227  -0.0001   0.0000  -0.0312  -0.0255  999.000
    85   1.9000   0.0647   0.4000   0.2200   0.0061  -0.0050   0.0035  -0.0227  -0.0227  -0.0001   0.0000  -0.0312  -0.0255  999.000
    86   1.9000   0.0946   0.4000   0.2200   0.0071  -0.0050   0.0035  -0.0226  -0.0226  -0.0001   0.0000  -0.0312  -0.0255  999.000
    87   1.9000   0.1289   0.4000   0.2200   0.0079  -0.0050   0.0035  -0.0225  -0.0225  -0.0001   0.0000  -0.0312  -0.0255  999.000
    88   1.9000   0.1667   0.4000   0.2200   0.0086  -0.0049   0.0035  -0.0224  -0.0224  -0.0001   0.0000  -0.0312  -0.0256  999.000
    89   1.9000   0.2070   0.4000   0.2200   0.0091  -0.0049   0.0036  -0.0222  -0.0222  -0.0001   0.0000  -0.0312  -0.0256  999.000
    90   1.9000   0.2488   0.4000   0.2200   0.0093  -0.0048   0.0036  -0.0220  -0.0220  -0.0001   0.0000  -0.0311  -0.0257  999.000
    91   1.9000   0.2912   0.4000   0.2200   0.0093  -0.0048   0.0037  -0.0216  -0.0216  -0.0001   0.0000  -0.0311  -0.0257  999.000
    92   1.9000   0.3330   0.4000   0.2200   0.0091  -0.0047   0.0038  -0.0212  -0.0212  -0.0001   0.0000  -0.0310  -0.0257  999.000
    93   1.9000   0.3733   0.4000   0.2200   0.0086  -0.0046   0.0041  -0.0207  -0.0207  -0.0001   0.0000  -0.0309  -0.0257  999.000
    94   1.9000   0.4111   0.4000   0.2200   0.0079  -0.0044   0.0045  -0.0202  -0.0202  -0.0001   0.0000  -0.0306  -0.0255  999.000
    95   1.9000   0.4454   0.4000   0.2200   0.0071  -0.0043   0.0052  -0.0198  -0.0198  -0.0000   0.0000  -0.0301  -0.0252  999.000
    96   1.9000   0.4753   0.4000   0.2200   0.0061  -0.0043   0.0062  -0.0195  -0.0195   0.0000   0.0000  -0.0292  -0.0244  999.000
    97   1.9000   0.5002   0.4000   0.2200   0.0049  -0.0043   0.0078  -0.0195  -0.0195   0.0001   0.0000  -0.0278  -0.0229  999.000
    98   1.9000   0.5194   0.4000   0.2200   0.0036  -0.0044   0.0099  -0.0202  -0.0202   0.0002   0.0000  -0.0257  -0.0207  999.000
    99   1.9000   0.5325   0.4000   0.2200   0.0022  -0.0047   0.0122  -0.0216  -0.0216   0.0003   0.0000  -0.0229  -0.0175   -0.814
   100   1.9000   0.5392   0.4000   0.2200   0.0007  -0.0053   0.0138  -0.0243  -0.0243  -0.0006   0.0000  -0.0203  -0.0142   -0.585

  Surface # 6     hstab_panel_0 (YDUP)                    
     # Chordwise = 12   # Spanwise = 20     First strip =101
     Surface area Ssurf =    0.118800     Ave. chord Cave =    0.220000

 Forces referred to Sref, Cref, Bref about Xref, Yref, Zref
 Standard axis orientation,  X fwd, Z down         
     CLsurf  =  -0.00120     Clsurf  =  -0.00007
     CYsurf  =  -0.00000     Cmsurf  =   0.00290
     CDsurf  =  -0.00000     Cnsurf  =   0.00000
     CDisurf =  -0.00000     CDvsurf =   0.00000

 Forces referred to Ssurf, Cave 
     CLsurf  =  -0.02112     CDsurf  =  -0.00008

 Strip Forces referred to Strip Area, Chord
    j     Xle      Yle      Zle      Chord    Area     c_cl     ai     cl_norm    cl       cd       cdv    cm_c/4     cm_LE   C.P.x/c
   101   1.9000  -0.0008   0.4000   0.2200   0.0007  -0.0050   0.0035  -0.0227  -0.0227  -0.0001   0.0000  -0.0312   0.0255  999.000
   102   1.9000  -0.0075   0.4000   0.2200   0.0022  -0.0050   0.0035  -0.0227  -0.0227  -0.0001   0.0000  -0.0312   0.0255  999.000
   103   1.9000  -0.0206   0.4000   0.2200   0.0036  -0.0050   0.0035  -0.0227  -0.0227  -0.0001   0.0000  -0.0312   0.0255  999.000
   104   1.9000  -0.0398   0.4000   0.2200   0.0049  -0.0050   0.0035  -0.0227  -0.0227  -0.0001   0.0000  -0.0312   0.0255  999.000
   105   1.9000  -0.0647   0.4000   0.2200   0.0061  -0.0050   0.0035  -0.0226  -0.0226  -0.0001   0.0000  -0.0312   0.0255  999.000
   106   1.9000  -0.0946   0.4000   0.2200   0.0071  -0.0050   0.0035  -0.0225  -0.0225  -0.0001   0.0000  -0.0312   0.0255  999.000
   107   1.9000  -0.1289   0.4000   0.2200   0.0079  -0.0049   0.0035  -0.0224  -0.0224  -0.0001   0.0000  -0.0312   0.0256  999.000
   108   1.9000  -0.1667   0.4000   0.2200   0.0086  -0.0049   0.0035  -0.0222  -0.0222  -0.0001   0.0000  -0.0312   0.0256  999.000
   109   1.9000  -0.2070   0.4000   0.2200   0.0091  -0.0048   0.0036  -0.0220  -0.0220  -0.0001   0.0000  -0.0312   0.0257  999.000
   110   1.9000  -0.2488   0.4000   0.2200   0.0093  -0.0048   0.0036  -0.0217  -0.0217  -0.0001   0.0000  -0.0311   0.0257  999.000
   111   1.9000  -0.2912   0.4000   0.2200   0.0093  -0.0047   0.0037  -0.0213  -0.0213  -0.0001   0.0000  -0.0311   0.0258  999.000
   112   1.9000  -0.3330   0.4000   0.2200   0.0091  -0.0046   0.0039  -0.0208  -0.0208  -0.0001   0.0000  -0.0310   0.0258  999.000
   113   1.9000  -0.3733   0.4000   0.2200   0.0086  -0.0044   0.0041  -0.0202  -0.0202  -0.0001   0.0000  -0.0308   0.0258  999.000
   114   1.9000  -0.4111   0.4000   0.2200   0.0079  -0.0043   0.0046  -0.0196  -0.0196  -0.0001   0.0000  -0.0305   0.0256  999.000
   115   1.9000  -0.4454   0.4000   0.2200   0.0071  -0.0042   0.0054  -0.0190  -0.0190  -0.0000   0.0000  -0.0299   0.0251  999.000
   116   1.9000  -0.4753   0.4000   0.2200   0.0061  -0.0041   0.0065  -0.0186  -0.0186   0.0000   0.0000  -0.0288   0.0242  999.000
   117   1.9000  -0.5002   0.4000   0.2200   0.0049  -0.0041   0.0081  -0.0187  -0.0187   0.0001   0.0000  -0.0272   0.0225  999.000
   118   1.9000  -0.5194   0.4000   0.2200   0.0036  -0.0043   0.0102  -0.0194  -0.0194   0.0002   0.0000  -0.0248   0.0199  999.000
   119   1.9000  -0.5325   0.4000   0.2200   0.0022  -0.0046   0.0124  -0.0208  -0.0208   0.0004   0.0000  -0.0217   0.0165   -0.792
   120   1.9000  -0.5392   0.4000   0.2200   0.0007  -0.0051   0.0139  -0.0234  -0.0234  -0.0004   0.0000  -0.0188   0.0129   -0.551

  Surface # 7     fin_panel_0                             
     # Chordwise = 12   # Spanwise = 20     First strip =121
     Surface area Ssurf =    0.080000     Ave. chord Cave =    0.200000

 Forces referred to Sref, Cref, Bref about Xref, Yref, Zref
 Standard axis orientation,  X fwd, Z down         
     CLsurf  =  -0.00000     Clsurf  =  -0.00003
     CYsurf  =  -0.00059     Cmsurf  =  -0.00000
     CDsurf  =  -0.00000     Cnsurf  =   0.00019
     CDisurf =  -0.00000     CDvsurf =   0.00000

 Forces referred to Ssurf, Cave 
     CLsurf  =  -0.01556     CDsurf  =  -0.00006

 Strip Forces referred to Strip Area, Chord
    j     Xle      Yle      Zle      Chord    Area     c_cl     ai     cl_norm    cl       cd       cdv    cm_c/4     cm_LE   C.P.x/c
   121   1.9000   0.5400   0.3994   0.2000   0.0005  -0.0056  -0.0175  -0.0281  -0.0280   0.0016   0.0000  -0.0228  -0.0158   -0.564
   122   1.9000   0.5400   0.3945   0.2000   0.0015  -0.0055  -0.0098  -0.0274  -0.0273  -0.0004   0.0000  -0.0183  -0.0114   -0.418
   123   1.9000   0.5400   0.3848   0.2000   0.0024  -0.0056  -0.0091  -0.0279  -0.0278  -0.0003   0.0000  -0.0138  -0.0069   -0.247
   124   1.9000   0.5400   0.3705   0.2000   0.0033  -0.0056  -0.0074  -0.0278  -0.0278  -0.0003   0.0000  -0.0099  -0.0029   -0.105
   125   1.9000   0.5400   0.3521   0.2000   0.0041  -0.0054  -0.0053  -0.0268  -0.0268  -0.0002   0.0000  -0.0067  -0.0000   -0.001
   126   1.9000   0.5400   0.3299   0.2000   0.0048  -0.0050  -0.0033  -0.0251  -0.0251  -0.0001   0.0000  -0.0045   0.0018    0.071
   127   1.9000   0.5400   0.3045   0.2000   0.0054  -0.0046  -0.0017  -0.0230  -0.0230  -0.0001   0.0000  -0.0031   0.0027    0.117
   128   1.9000   0.5400   0.2765   0.2000   0.0058  -0.0041  -0.0006  -0.0206  -0.0206  -0.0001   0.0000  -0.0022   0.0030    0.144
   129   1.9000   0.5400   0.2467   0.2000   0.0061  -0.0037   0.0002  -0.0183  -0.0183  -0.0001   0.0000  -0.0017   0.0029    0.157
   130   1.9000   0.5400   0.2157   0.2000   0.0063  -0.0032   0.0006  -0.0161  -0.0161  -0.0000   0.0000  -0.0015   0.0026    0.160
   131   1.9000   0.5400   0.1843   0.2000   0.0063  -0.0028   0.0009  -0.0140  -0.0140  -0.0000   0.0000  -0.0013   0.0022    0.155
   132   1.9000   0.5400   0.1533   0.2000   0.0061  -0.0024   0.0010  -0.0121  -0.0121  -0.0000   0.0000  -0.0013   0.0017    0.144
   133   1.9000   0.5400   0.1235   0.2000   0.0058  -0.0021   0.0011  -0.0104  -0.0103  -0.0000   0.0000  -0.0013   0.0013    0.128
   134   1.9000   0.5400   0.0955   0.2000   0.0054  -0.0017   0.0012  -0.0087  -0.0087  -0.0000   0.0000  -0.0012   0.0009    0.106
   135   1.9000   0.5400   0.0701   0.2000   0.0048  -0.0014   0.0013  -0.0071  -0.0071  -0.0000   0.0000  -0.0012   0.0006    0.079
   136   1.9000   0.5400   0.0479   0.2000   0.0041  -0.0011   0.0014  -0.0056  -0.0056  -0.0000   0.0000  -0.0011   0.0003    0.046
   137   1.9000   0.5400   0.0295   0.2000   0.0033  -0.0008   0.0016  -0.0042  -0.0042  -0.0000   0.0000  -0.0010   0.0000    0.010
   138   1.9000   0.5400   0.0152   0.2000   0.0024  -0.0006   0.0018  -0.0029  -0.0029  -0.0000   0.0000  -0.0008  -0.0001   -0.026
   139   1.9000   0.5400   0.0055   0.2000   0.0015  -0.0003   0.0018  -0.0017  -0.0017   0.0000   0.0000  -0.0005  -0.0001   -0.057
   140   1.9000   0.5400   0.0006   0.2000   0.0005  -0.0001   0.0011  -0.0006  -0.0006   0.0000   0.0000  -0.0002  -0.0000   -0.075

  Surface # 8     fin_panel_0                             
     # Chordwise = 12   # Spanwise = 20     First strip =141
     Surface area Ssurf =    0.080000     Ave. chord Cave =    0.200000

 Forces referred to Sref, Cref, Bref about Xref, Yref, Zref
 Standard axis orientation,  X fwd, Z down         
     CLsurf  =  -0.00000     Clsurf  =   0.00003
     CYsurf  =   0.00058     Cmsurf  =  -0.00000
     CDsurf  =  -0.00000     Cnsurf  =  -0.00019
     CDisurf =  -0.00000     CDvsurf =   0.00000

 Forces referred to Ssurf, Cave 
     CLsurf  =   0.01520     CDsurf  =  -0.00007

 Strip Forces referred to Strip Area, Chord
    j     Xle      Yle      Zle      Chord    Area     c_cl     ai     cl_norm    cl       cd       cdv    cm_c/4     cm_LE   C.P.x/c
   141   1.9000  -0.5400   0.3994   0.2000   0.0005   0.0054   0.0177   0.0271   0.0271   0.0013   0.0000   0.0208   0.0140   -0.518
   142   1.9000  -0.5400   0.3945   0.2000   0.0015   0.0053   0.0102   0.0267   0.0267  -0.0005   0.0000   0.0161   0.0095   -0.356
   143   1.9000  -0.5400   0.3848   0.2000   0.0024   0.0054   0.0093   0.0273   0.0272  -0.0004   0.0000   0.0115   0.0047   -0.173
   144   1.9000  -0.5400   0.3705   0.2000   0.0033   0.0054   0.0076   0.0272   0.0272  -0.0003   0.0000   0.0074   0.0006   -0.022
   145   1.9000  -0.5400   0.3521   0.2000   0.0041   0.0053   0.0054   0.0263   0.0263  -0.0002   0.0000   0.0041  -0.0024    0.093
   146   1.9000  -0.5400   0.3299   0.2000   0.0048   0.0049   0.0033   0.0246   0.0246  -0.0001   0.0000   0.0018  -0.0043    0.176
   147   1.9000  -0.5400   0.3045   0.2000   0.0054   0.0045   0.0017   0.0224   0.0224  -0.0001   0.0000   0.0003  -0.0053    0.235
   148   1.9000  -0.5400   0.2765   0.2000   0.0058   0.0040   0.0005   0.0201   0.0200  -0.0001   0.0000  -0.0006  -0.0056    0.278
   149   1.9000  -0.5400   0.2467   0.2000   0.0061   0.0035  -0.0003   0.0177   0.0177  -0.0001   0.0000  -0.0011  -0.0055    0.311
   150   1.9000  -0.5400   0.2157   0.2000   0.0063   0.0031  -0.0008   0.0155   0.0155  -0.0000   0.0000  -0.0013  -0.0052    0.336
   151   1.9000  -0.5400   0.1843   0.2000   0.0063   0.0027  -0.0010   0.0135   0.0135  -0.0000   0.0000  -0.0014  -0.0048    0.357
   152   1.9000  -0.5400   0.1533   0.2000   0.0061   0.0023  -0.0012   0.0117   0.0117  -0.0000   0.0000  -0.0015  -0.0044    0.377
   153   1.9000  -0.5400   0.1235   0.2000   0.0058   0.0020  -0.0012   0.0101   0.0101  -0.0000   0.0000  -0.0015  -0.0040    0.396
   154   1.9000  -0.5400   0.0955   0.2000   0.0054   0.0017  -0.0012   0.0086   0.0085  -0.0000   0.0000  -0.0014  -0.0036    0.417
   155   1.9000  -0.5400   0.0701   0.2000   0.0048   0.0014  -0.0011   0.0071   0.0071  -0.0000   0.0000  -0.0013  -0.0031    0.439
   156   1.9000  -0.5400   0.0479   0.2000   0.0041   0.0012  -0.0011   0.0058   0.0058  -0.0000   0.0000  -0.0012  -0.0027    0.462
   157   1.9000  -0.5400   0.0295   0.2000   0.0033   0.0009  -0.0011   0.0045   0.0045  -0.0000   0.0000  -0.0010  -0.0022    0.484
   158   1.9000  -0.5400   0.0152   0.2000   0.0024   0.0006  -0.0012   0.0032   0.0032  -0.0000   0.0000  -0.0008  -0.0016    0.504
   159   1.9000  -0.5400   0.0055   0.2000   0.0015   0.0004  -0.0009   0.0019   0.0019  -0.0000   0.0000  -0.0005  -0.0010    0.519
   160   1.9000  -0.5400   0.0006   0.2000   0.0005   0.0001  -0.0002   0.0006   0.0006  -0.0000   0.0000  -0.0002  -0.0003    0.527
 ---------------------------------------------------------------
