 ---------------------------------------------------------------
 Surface and Strip Forces by surface

  Sref =  1.7740       Cref = 0.39400       Bref =  4.5000    
  Xref = 0.50000       Yref =  0.0000       Zref =  0.0000    

  Surface # 1     main_wing_panel_0                       
     # Chordwise = 12   # Spanwise = 20     First strip =  1
     Surface area Ssurf =    0.434600     Ave. chord Cave =    0.410000

 Forces referred to Sref, Cref, Bref about Xref, Yref, Zref
 Standard axis orientation,  X fwd, Z down         
     CLsurf  =   0.12904     Clsurf  =  -0.01506
     CYsurf  =   0.00000     Cmsurf  =   0.00255
     CDsurf  =   0.00141     Cnsurf  =  -0.00055
     CDisurf =   0.00141     CDvsurf =   0.00000

 Forces referred to Ssurf, Cave 
     CLsurf  =   0.52672     CDsurf  =   0.00575

 Strip Forces referred to Strip Area, Chord
    j     Xle      Yle      Zle      Chord    Area     c_cl     ai     cl_norm    cl       cd       cdv    cm_c/4     cm_LE   C.P.x/c
     1   0.4000   0.0016   0.0000   0.4100   0.0027   0.2192   0.0216   0.5349   0.5349   0.0054   0.0000   0.0132  -0.1205    0.225
     2   0.4000   0.0146   0.0000   0.4100   0.0080   0.2192   0.0216   0.5349   0.5349   0.0054   0.0000   0.0132  -0.1205    0.225
     3   0.4000   0.0403   0.0000   0.4100   0.0130   0.2192   0.0216   0.5349   0.5349   0.0054   0.0000   0.0132  -0.1204    0.225
     4   0.4000   0.0781   0.0000   0.4100   0.0178   0.2191   0.0216   0.5348   0.5348   0.0054   0.0000   0.0132  -0.1204    0.225
     5   0.4000   0.1270   0.0000   0.4100   0.0221   0.2190   0.0216   0.5346   0.5346   0.0054   0.0000   0.0132  -0.1204    0.225
     6   0.4000   0.1858   0.0000   0.4100   0.0259   0.2189   0.0216   0.5343   0.5343   0.0054   0.0000   0.0132  -0.1203    0.225
     7   0.4000   0.2531   0.0000   0.4100   0.0291   0.2187   0.0217   0.5337   0.5337   0.0054   0.0000   0.0132  -0.1202    0.225
     8   0.4000   0.3272   0.0000   0.4100   0.0315   0.2183   0.0218   0.5329   0.5329   0.0055   0.0000   0.0132  -0.1199    0.225
     9   0.4000   0.4063   0.0000   0.4100   0.0332   0.2179   0.0218   0.5317   0.5317   0.0055   0.0000   0.0132  -0.1197    0.225
    10   0.4000   0.4884   0.0000   0.4100   0.0340   0.2173   0.0219   0.5302   0.5302   0.0056   0.0000   0.0132  -0.1193    0.225
    11   0.4000   0.5716   0.0000   0.4100   0.0340   0.2165   0.0217   0.5284   0.5284   0.0057   0.0000   0.0132  -0.1188    0.225
    12   0.4000   0.6537   0.0000   0.4100   0.0332   0.2156   0.0219   0.5262   0.5262   0.0058   0.0000   0.0132  -0.1183    0.225
    13   0.4000   0.7328   0.0000   0.4100   0.0315   0.2146   0.0223   0.5236   0.5236   0.0059   0.0000   0.0132  -0.1176    0.225
    14   0.4000   0.8069   0.0000   0.4100   0.0291   0.2134   0.0228   0.5209   0.5209   0.0060   0.0000   0.0132  -0.1169    0.225
    15   0.4000   0.8742   0.0000   0.4100   0.0259   0.2122   0.0235   0.5179   0.5179   0.0061   0.0000   0.0132  -0.1162    0.224
    16   0.4000   0.9330   0.0000   0.4100   0.0221   0.2110   0.0241   0.5150   0.5150   0.0063   0.0000   0.0132  -0.1154    0.224
    17   0.4000   0.9819   0.0000   0.4100   0.0178   0.2099   0.0247   0.5123   0.5123   0.0064   0.0000   0.0132  -0.1148    0.224
    18   0.4000   1.0197   0.0000   0.4100   0.0130   0.2090   0.0252   0.5100   0.5100   0.0065   0.0000   0.0133  -0.1142    0.224
    19   0.4000   1.0454   0.0000   0.4100   0.0080   0.2083   0.0257   0.5083   0.5083   0.0067   0.0000   0.0133  -0.1137    0.224
    20   0.4000   1.0584   0.0000   0.4100   0.0027   0.2079   0.0260   0.5073   0.5073   0.0075   0.0000   0.0133  -0.1135    0.224

  Surface # 2     main_wing_panel_0 (YDUP)                
     # Chordwise = 12   # Spanwise = 20     First strip = 21
     Surface area Ssurf =    0.434600     Ave. chord Cave =    0.410000

 Forces referred to Sref, Cref, Bref about Xref, Yref, Zref
 Standard axis orientation,  X fwd, Z down         
     CLsurf  =   0.12904     Clsurf  =   0.01506
     CYsurf  =   0.00000     Cmsurf  =   0.00255
     CDsurf  =   0.00141     Cnsurf  =   0.00055
     CDisurf =   0.00141     CDvsurf =   0.00000

 Forces referred to Ssurf, Cave 
     CLsurf  =   0.52672     CDsurf  =   0.00575

 Strip Forces referred to Strip Area, Chord
    j     Xle      Yle      Zle      Chord    Area     c_cl     ai     cl_norm    cl       cd       cdv    cm_c/4     cm_LE   C.P.x/c
    21   0.4000  -0.0016   0.0000   0.4100   0.0027   0.2192   0.0216   0.5349   0.5349   0.0054   0.0000   0.0132   0.1205    0.225
    22   0.4000  -0.0146   0.0000   0.4100   0.0080   0.2192   0.0216   0.5349   0.5349   0.0054   0.0000   0.0132   0.1205    0.225
    23   0.4000  -0.0403   0.0000   0.4100   0.0130   0.2192   0.0216   0.5349   0.5349   0.0054   0.0000   0.0132   0.1204    0.225
    24   0.4000  -0.0781   0.0000   0.4100   0.0178   0.2191   0.0216   0.5348   0.5348   0.0054   0.0000   0.0132   0.1204    0.225
    25   0.4000  -0.1270   0.0000   0.4100   0.0221   0.2190   0.0216   0.5346   0.5346   0.0054   0.0000   0.0132   0.1204    0.225
    26   0.4000  -0.1858   0.0000   0.4100   0.0259   0.2189   0.0216   0.5343   0.5343   0.0054   0.0000   0.0132   0.1203    0.225
    27   0.4000  -0.2531   0.0000   0.4100   0.0291   0.2187   0.0217   0.5337   0.5337   0.0054   0.0000   0.0132   0.1202    0.225
    28   0.4000  -0.3272   0.0000   0.4100   0.0315   0.2183   0.0217   0.5329   0.5329   0.0055   0.0000   0.0132   0.1199    0.225
    29   0.4000  -0.4063   0.0000   0.4100   0.0332   0.2179   0.0218   0.5317   0.5317   0.0055   0.0000   0.0132   0.1197    0.225
    30   0.4000  -0.4884   0.0000   0.4100   0.0340   0.2173   0.0219   0.5302   0.5302   0.0056   0.0000   0.0132   0.1193    0.225
    31   0.4000  -0.5716   0.0000   0.4100   0.0340   0.2165   0.0216   0.5284   0.5284   0.0057   0.0000   0.0132   0.1188    0.225
    32   0.4000  -0.6537   0.0000   0.4100   0.0332   0.2156   0.0219   0.5262   0.5262   0.0058   0.0000   0.0132   0.1183    0.225
    33   0.4000  -0.7328   0.0000   0.4100   0.0315   0.2146   0.0223   0.5236   0.5236   0.0059   0.0000   0.0132   0.1176    0.225
    34   0.4000  -0.8069   0.0000   0.4100   0.0291   0.2134   0.0229   0.5209   0.5209   0.0060   0.0000   0.0132   0.1169    0.225
    35   0.4000  -0.8742   0.0000   0.4100   0.0259   0.2122   0.0235   0.5179   0.5179   0.0061   0.0000   0.0132   0.1162    0.224
    36   0.4000  -0.9330   0.0000   0.4100   0.0221   0.2110   0.0241   0.5150   0.5150   0.0063   0.0000   0.0132   0.1154    0.224
    37   0.4000  -0.9819   0.0000   0.4100   0.0178   0.2099   0.0247   0.5123   0.5123   0.0064   0.0000   0.0132   0.1148    0.224
    38   0.4000  -1.0197   0.0000   0.4100   0.0130   0.2090   0.0252   0.5100   0.5100   0.0065   0.0000   0.0133   0.1142    0.224
    39   0.4000  -1.0454   0.0000   0.4100   0.0080   0.2083   0.0257   0.5083   0.5083   0.0067   0.0000   0.0133   0.1137    0.224
    40   0.4000  -1.0584   0.0000   0.4100   0.0027   0.2079   0.0260   0.5073   0.5073   0.0075   0.0000   0.0133   0.1135    0.224

  Surface # 3     main_wing_panel_1                       
     # Chordwise = 12   # Spanwise = 20     First strip = 41
     Surface area Ssurf =    0.452200     Ave. chord Cave =    0.380000

 Forces referred to Sref, Cref, Bref about Xref, Yref, Zref
 Standard axis orientation,  X fwd, Z down         
     CLsurf  =   0.10932     Clsurf  =  -0.03820
     CYsurf  =  -0.00011     Cmsurf  =   0.00306
     CDsurf  =   0.00184     Cnsurf  =  -0.00114
     CDisurf =   0.00184     CDvsurf =   0.00000

 Forces referred to Ssurf, Cave 
     CLsurf  =   0.42887     CDsurf  =   0.00721

 Strip Forces referred to Strip Area, Chord
    j     Xle      Yle      Zle      Chord    Area     c_cl     ai     cl_norm    cl       cd       cdv    cm_c/4     cm_LE   C.P.x/c
    41   0.4000   1.0618   0.0000   0.4099   0.0030   0.2078   0.0260   0.5073   0.5073   0.0074   0.0000   0.0133  -0.1135    0.224
    42   0.4002   1.0764   0.0000   0.4092   0.0089   0.2074   0.0259   0.5071   0.5071   0.0068   0.0000   0.0133  -0.1134    0.224
    43   0.4006   1.1053   0.0000   0.4077   0.0146   0.2064   0.0259   0.5065   0.5065   0.0066   0.0000   0.0134  -0.1131    0.223
    44   0.4011   1.1477   0.0000   0.4056   0.0198   0.2049   0.0260   0.5055   0.5055   0.0066   0.0000   0.0136  -0.1127    0.223
    45   0.4018   1.2026   0.0000   0.4028   0.0244   0.2028   0.0262   0.5036   0.5036   0.0066   0.0000   0.0138  -0.1120    0.223
    46   0.4026   1.2686   0.0000   0.3995   0.0284   0.2000   0.0266   0.5008   0.5008   0.0067   0.0000   0.0141  -0.1111    0.222
    47   0.4036   1.3441   0.0000   0.3957   0.0315   0.1964   0.0273   0.4966   0.4966   0.0068   0.0000   0.0144  -0.1097    0.221
    48   0.4046   1.4273   0.0000   0.3915   0.0338   0.1920   0.0283   0.4907   0.4907   0.0069   0.0000   0.0147  -0.1079    0.220
    49   0.4057   1.5161   0.0000   0.3870   0.0351   0.1867   0.0296   0.4826   0.4826   0.0071   0.0000   0.0151  -0.1055    0.219
    50   0.4069   1.6083   0.0000   0.3824   0.0356   0.1803   0.0313   0.4717   0.4717   0.0073   0.0000   0.0155  -0.1024    0.217
    51   0.4081   1.7017   0.0000   0.3776   0.0352   0.1727   0.0335   0.4574   0.4574   0.0076   0.0000   0.0160  -0.0983    0.215
    52   0.4093   1.7939   0.0000   0.3730   0.0339   0.1636   0.0362   0.4387   0.4387   0.0079   0.0000   0.0164  -0.0932    0.213
    53   0.4104   1.8827   0.0000   0.3685   0.0318   0.1527   0.0395   0.4146   0.4146   0.0081   0.0000   0.0169  -0.0867    0.209
    54   0.4114   1.9659   0.0000   0.3643   0.0290   0.1399   0.0432   0.3840   0.3840   0.0082   0.0000   0.0174  -0.0786    0.205
    55   0.4124   2.0414   0.0000   0.3605   0.0256   0.1247   0.0472   0.3459   0.3459   0.0082   0.0000   0.0176  -0.0688    0.199
    56   0.4132   2.1074   0.0000   0.3572   0.0217   0.1070   0.0513   0.2994   0.2994   0.0079   0.0000   0.0174  -0.0574    0.192
    57   0.4139   2.1623   0.0000   0.3544   0.0173   0.0866   0.0551   0.2444   0.2444   0.0071   0.0000   0.0163  -0.0448    0.183
    58   0.4144   2.2047   0.0000   0.3523   0.0126   0.0639   0.0583   0.1813   0.1813   0.0059   0.0000   0.0137  -0.0316    0.174
    59   0.4148   2.2336   0.0000   0.3508   0.0076   0.0392   0.0607   0.1117   0.1117   0.0042   0.0000   0.0094  -0.0186    0.166
    60   0.4150   2.2482   0.0000   0.3501   0.0026   0.0132   0.0621   0.0377   0.0377   0.0017   0.0000   0.0034  -0.0061    0.160

  Surface # 4     main_wing_panel_1 (YDUP)                
     # Chordwise = 12   # Spanwise = 20     First strip = 61
     Surface area Ssurf =    0.452200     Ave. chord Cave =    0.380000

 Forces referred to Sref, Cref, Bref about Xref, Yref, Zref
 Standard axis orientation,  X fwd, Z down         
     CLsurf  =   0.10932     Clsurf  =   0.03820
     CYsurf  =   0.00011     Cmsurf  =   0.00306
     CDsurf  =   0.00184     Cnsurf  =   0.00114
     CDisurf =   0.00184     CDvsurf =   0.00000

 Forces referred to Ssurf, Cave 
     CLsurf  =   0.42887     CDsurf  =   0.00721

 Strip Forces referred to Strip Area, Chord
    j     Xle      Yle      Zle      Chord    Area     c_cl     ai     cl_norm    cl       cd       cdv    cm_c/4     cm_LE   C.P.x/c
    61   0.4000  -1.0618   0.0000   0.4099   0.0030   0.2078   0.0260   0.5073   0.5073   0.0074   0.0000   0.0133   0.1135    0.224
    62   0.4002  -1.0764   0.0000   0.4092   0.0089   0.2074   0.0259   0.5071   0.5071   0.0068   0.0000   0.0133   0.1134    0.224
    63   0.4006  -1.1053   0.0000   0.4077   0.0146   0.2064   0.0259   0.5065   0.5065   0.0066   0.0000   0.0134   0.1131    0.223
    64   0.4011  -1.1477   0.0000   0.4056   0.0198   0.2049   0.0260   0.5055   0.5055   0.0066   0.0000   0.0136   0.1127    0.223
    65   0.4018  -1.2026   0.0000   0.4028   0.0244   0.2028   0.0262   0.5036   0.5036   0.0066   0.0000   0.0138   0.1120    0.223
    66   0.4026  -1.2686   0.0000   0.3995   0.0284   0.2000   0.0266   0.5008   0.5008   0.0067   0.0000   0.0141   0.1111    0.222
    67   0.4036  -1.3441   0.0000   0.3957   0.0315   0.1964   0.0273   0.4966   0.4966   0.0068   0.0000   0.0144   0.1097    0.221
    68   0.4046  -1.4273   0.0000   0.3915   0.0338   0.1920   0.0283   0.4907   0.4907   0.0069   0.0000   0.0147   0.1079    0.220
    69   0.4057  -1.5161   0.0000   0.3870   0.0351   0.1867   0.0296   0.4826   0.4826   0.0071   0.0000   0.0151   0.1055    0.219
    70   0.4069  -1.6083   0.0000   0.3824   0.0356   0.1803   0.0313   0.4717   0.4717   0.0073   0.0000   0.0155   0.1024    0.217
    71   0.4081  -1.7017   0.0000   0.3776   0.0352   0.1727   0.0335   0.4574   0.4574   0.0076   0.0000   0.0160   0.0983    0.215
    72   0.4093  -1.7939   0.0000   0.3730   0.0339   0.1636   0.0362   0.4387   0.4387   0.0079   0.0000   0.0164   0.0932    0.213
    73   0.4104  -1.8827   0.0000   0.3685   0.0318   0.1527   0.0395   0.4146   0.4146   0.0081   0.0000   0.0169   0.0867    0.209
    74   0.4114  -1.9659   0.0000   0.3643   0.0290   0.1399   0.0432   0.3840   0.3840   0.0082   0.0000   0.0174   0.0786    0.205
    75   0.4124  -2.0414   0.0000   0.3605   0.0256   0.1247   0.0472   0.3459   0.3459   0.0082   0.0000   0.0176   0.0688    0.199
    76   0.4132  -2.1074   0.0000   0.3572   0.0217   0.1070   0.0513   0.2994   0.2994   0.0079   0.0000   0.0174   0.0574    0.192
    77   0.4139  -2.1623   0.0000   0.3544   0.0173   0.0866   0.0551   0.2444   0.2444   0.0071   0.0000   0.0163   0.0448    0.183
    78   0.4144  -2.2047   0.0000   0.3523   0.0126   0.0639   0.0583   0.1813   0.1813   0.0059   0.0000   0.0137   0.0316    0.174
    79   0.4148  -2.2336   0.0000   0.3508   0.0076   0.0392   0.0607   0.1117   0.1117   0.0042   0.0000   0.0094   0.0186    0.166
    80   0.4150  -2.2482   0.0000   0.3501   0.0026   0.0132   0.0621   0.0377   0.0377   0.0017   0.0000   0.0034   0.0061    0.160

  Surface # 5     hstab_panel_0                           
     # Chordwise = 12   # Spanwise = 20     First strip = 81
     Surface area Ssurf =    0.118800     Ave. chord Cave =    0.220000

 Forces referred to Sref, Cref, Bref about Xref, Yref, Zref
 Standard axis orientation,  X fwd, Z down         
     CLsurf  =   0.00172     Clsurf  =  -0.00009
     CYsurf  =   0.00000     Cmsurf  =  -0.00567
     CDsurf  =   0.00004     Cnsurf  =  -0.00000
     CDisurf =   0.00004     CDvsurf =   0.00000

 Forces referred to Ssurf, Cave 
     CLsurf  =   0.02565     CDsurf  =   0.00066

 Strip Forces referred to Strip Area, Chord
    j     Xle      Yle      Zle      Chord    Area     c_cl     ai     cl_norm    cl       cd       cdv    cm_c/4     cm_LE   C.P.x/c
    81   1.9000   0.0008   0.4000   0.2200   0.0007   0.0065   0.0207   0.0297   0.0297   0.0007   0.0000   0.0194   0.0119   -0.402
    82   1.9000   0.0075   0.4000   0.2200   0.0022   0.0065   0.0207   0.0297   0.0297   0.0007   0.0000   0.0194   0.0119   -0.402
    83   1.9000   0.0206   0.4000   0.2200   0.0036   0.0065   0.0207   0.0297   0.0297   0.0007   0.0000   0.0194   0.0119   -0.402
    84   1.9000   0.0398   0.4000   0.2200   0.0049   0.0065   0.0207   0.0297   0.0297   0.0007   0.0000   0.0194   0.0120   -0.403
    85   1.9000   0.0647   0.4000   0.2200   0.0061   0.0065   0.0208   0.0296   0.0296   0.0007   0.0000   0.0194   0.0120   -0.405
    86   1.9000   0.0946   0.4000   0.2200   0.0071   0.0065   0.0208   0.0295   0.0295   0.0007   0.0000   0.0194   0.0120   -0.408
    87   1.9000   0.1289   0.4000   0.2200   0.0079   0.0064   0.0208   0.0292   0.0292   0.0007   0.0000   0.0194   0.0121   -0.413
    88   1.9000   0.1667   0.4000   0.2200   0.0086   0.0064   0.0209   0.0289   0.0289   0.0007   0.0000   0.0194   0.0122   -0.422
    89   1.9000   0.2070   0.4000   0.2200   0.0091   0.0062   0.0209   0.0284   0.0284   0.0007   0.0000   0.0194   0.0123   -0.434
    90   1.9000   0.2488   0.4000   0.2200   0.0093   0.0061   0.0210   0.0277   0.0277   0.0007   0.0000   0.0194   0.0125   -0.452
    91   1.9000   0.2912   0.4000   0.2200   0.0093   0.0059   0.0211   0.0268   0.0268   0.0007   0.0000   0.0195   0.0127   -0.476
    92   1.9000   0.3330   0.4000   0.2200   0.0091   0.0057   0.0212   0.0257   0.0257   0.0007   0.0000   0.0195   0.0130   -0.507
    93   1.9000   0.3733   0.4000   0.2200   0.0086   0.0054   0.0212   0.0244   0.0244   0.0006   0.0000   0.0194   0.0133   -0.548
    94   1.9000   0.4111   0.4000   0.2200   0.0079   0.0050   0.0211   0.0228   0.0228   0.0006   0.0000   0.0193   0.0136   -0.598
    95   1.9000   0.4454   0.4000   0.2200   0.0071   0.0046   0.0208   0.0211   0.0211   0.0006   0.0000   0.0191   0.0138   -0.656
    96   1.9000   0.4753   0.4000   0.2200   0.0061   0.0042   0.0203   0.0193   0.0193   0.0005   0.0000   0.0186   0.0138   -0.715
    97   1.9000   0.5002   0.4000   0.2200   0.0049   0.0039   0.0194   0.0176   0.0176   0.0005   0.0000   0.0178   0.0134   -0.759
    98   1.9000   0.5194   0.4000   0.2200   0.0036   0.0036   0.0181   0.0162   0.0162   0.0005   0.0000   0.0164   0.0124   -0.762
    99   1.9000   0.5325   0.4000   0.2200   0.0022   0.0034   0.0165   0.0154   0.0154   0.0006   0.0000   0.0146   0.0108   -0.701
   100   1.9000   0.5392   0.4000   0.2200   0.0007   0.0032   0.0155   0.0148   0.0148   0.0001   0.0000   0.0124   0.0087   -0.591

  Surface # 6     hstab_panel_0 (YDUP)                    
     # Chordwise = 12   # Spanwise = 20     First strip =101
     Surface area Ssurf =    0.118800     Ave. chord Cave =    0.220000

 Forces referred to Sref, Cref, Bref about Xref, Yref, Zref
 Standard axis orientation,  X fwd, Z down         
     CLsurf  =   0.00169     Clsurf  =   0.00009
     CYsurf  =  -0.00000     Cmsurf  =  -0.00556
     CDsurf  =   0.00004     Cnsurf  =   0.00000
     CDisurf =   0.00004     CDvsurf =   0.00000

 Forces referred to Ssurf, Cave 
     CLsurf  =   0.02517     CDsurf  =   0.00065

 Strip Forces referred to Strip Area, Chord
    j     Xle      Yle      Zle      Chord    Area     c_cl     ai     cl_norm    cl       cd       cdv    cm_c/4     cm_LE   C.P.x/c
   101   1.9000  -0.0008   0.4000   0.2200   0.0007   0.0065   0.0207   0.0297   0.0297   0.0007   0.0000   0.0194  -0.0119   -0.402
   102   1.9000  -0.0075   0.4000   0.2200   0.0022   0.0065   0.0207   0.0297   0.0297   0.0007   0.0000   0.0194  -0.0119   -0.403
   103   1.9000  -0.0206   0.4000   0.2200   0.0036   0.0065   0.0207   0.0297   0.0297   0.0007   0.0000   0.0194  -0.0120   -0.403
   104   1.9000  -0.0398   0.4000   0.2200   0.0049   0.0065   0.0207   0.0296   0.0296   0.0007   0.0000   0.0194  -0.0120   -0.404
   105   1.9000  -0.0647   0.4000   0.2200   0.0061   0.0065   0.0208   0.0295   0.0295   0.0007   0.0000   0.0194  -0.0120   -0.406
   106   1.9000  -0.0946   0.4000   0.2200   0.0071   0.0065   0.0208   0.0293   0.0293   0.0007   0.0000   0.0194  -0.0120   -0.410
   107   1.9000  -0.1289   0.4000   0.2200   0.0079   0.0064   0.0208   0.0291   0.0291   0.0007   0.0000   0.0194  -0.0121   -0.417
   108   1.9000  -0.1667   0.4000   0.2200   0.0086   0.0063   0.0209   0.0287   0.0287   0.0007   0.0000   0.0194  -0.0122   -0.427
   109   1.9000  -0.2070   0.4000   0.2200   0.0091   0.0062   0.0209   0.0281   0.0281   0.0007   0.0000   0.0194  -0.0124   -0.441
   110   1.9000  -0.2488   0.4000   0.2200   0.0093   0.0060   0.0210   0.0273   0.0273   0.0007   0.0000   0.0194  -0.0126   -0.461
   111   1.9000  -0.2912   0.4000   0.2200   0.0093   0.0058   0.0211   0.0263   0.0263   0.0007   0.0000   0.0194  -0.0129   -0.488
   112   1.9000  -0.3330   0.4000   0.2200   0.0091   0.0055   0.0211   0.0251   0.0251   0.0006   0.0000   0.0194  -0.0132   -0.524
   113   1.9000  -0.3733   0.4000   0.2200   0.0086   0.0052   0.0211   0.0236   0.0236   0.0006   0.0000   0.0194  -0.0135   -0.569
   114   1.9000  -0.4111   0.4000   0.2200   0.0079   0.0048   0.0209   0.0220   0.0220   0.0006   0.0000   0.0192  -0.0137   -0.625
   115   1.9000  -0.4454   0.4000   0.2200   0.0071   0.0044   0.0206   0.0201   0.0201   0.0005   0.0000   0.0188  -0.0138   -0.686
   116   1.9000  -0.4753   0.4000   0.2200   0.0061   0.0040   0.0199   0.0183   0.0183   0.0005   0.0000   0.0181  -0.0136   -0.743
   117   1.9000  -0.5002   0.4000   0.2200   0.0049   0.0037   0.0189   0.0166   0.0166   0.0005   0.0000   0.0170  -0.0128   -0.773
   118   1.9000  -0.5194   0.4000   0.2200   0.0036   0.0034   0.0177   0.0153   0.0153   0.0005   0.0000   0.0153  -0.0114   -0.746
   119   1.9000  -0.5325   0.4000   0.2200   0.0022   0.0032   0.0163   0.0146   0.0146   0.0006   0.0000   0.0131  -0.0094   -0.645
   120   1.9000  -0.5392   0.4000   0.2200   0.0007   0.0031   0.0153   0.0142   0.0142   0.0002   0.0000   0.0107  -0.0071   -0.501

  Surface # 7     fin_panel_0                             
     # Chordwise = 12   # Spanwise = 20     First strip =121
     Surface area Ssurf =    0.080000     Ave. chord Cave =    0.200000

 Forces referred to Sref, Cref, Bref about Xref, Yref, Zref
 Standard axis orientation,  X fwd, Z down         
     CLsurf  =   0.00000     Clsurf  =   0.00001
     CYsurf  =   0.00021     Cmsurf  =  -0.00000
     CDsurf  =  -0.00000     Cnsurf  =  -0.00006
     CDisurf =  -0.00000     CDvsurf =   0.00000

 Forces referred to Ssurf, Cave 
     CLsurf  =   0.00469     CDsurf  =  -0.00000

 Strip Forces referred to Strip Area, Chord
    j     Xle      Yle      Zle      Chord    Area     c_cl     ai     cl_norm    cl       cd       cdv    cm_c/4     cm_LE   C.P.x/c
   121   1.9000   0.5400   0.3994   0.2000   0.0005   0.0032   0.0120   0.0161   0.0161   0.0008   0.0000   0.0139   0.0099   -0.614
   122   1.9000   0.5400   0.3945   0.2000   0.0015   0.0033   0.0070   0.0163   0.0163  -0.0001   0.0000   0.0114   0.0074   -0.454
   123   1.9000   0.5400   0.3848   0.2000   0.0024   0.0032   0.0065   0.0158   0.0158  -0.0001   0.0000   0.0086   0.0046   -0.294
   124   1.9000   0.5400   0.3705   0.2000   0.0033   0.0029   0.0053   0.0148   0.0147  -0.0001   0.0000   0.0061   0.0024   -0.164
   125   1.9000   0.5400   0.3521   0.2000   0.0041   0.0026   0.0039   0.0130   0.0130  -0.0000   0.0000   0.0042   0.0009   -0.071
   126   1.9000   0.5400   0.3299   0.2000   0.0048   0.0022   0.0026   0.0109   0.0108  -0.0000   0.0000   0.0029   0.0002   -0.015
   127   1.9000   0.5400   0.3045   0.2000   0.0054   0.0017   0.0016   0.0086   0.0086  -0.0000   0.0000   0.0021  -0.0001    0.006
   128   1.9000   0.5400   0.2765   0.2000   0.0058   0.0013   0.0009   0.0064   0.0064   0.0000   0.0000   0.0017   0.0001   -0.010
   129   1.9000   0.5400   0.2467   0.2000   0.0061   0.0009   0.0005   0.0045   0.0045   0.0000   0.0000   0.0015   0.0003   -0.075
   130   1.9000   0.5400   0.2157   0.2000   0.0063   0.0006   0.0003   0.0030   0.0029   0.0000   0.0000   0.0014   0.0006   -0.219
   131   1.9000   0.5400   0.1843   0.2000   0.0063   0.0004   0.0002   0.0018   0.0018   0.0000   0.0000   0.0014   0.0009   -0.517
   132   1.9000   0.5400   0.1533   0.2000   0.0061   0.0002   0.0003   0.0010   0.0010   0.0000   0.0000   0.0014   0.0011  999.000
   133   1.9000   0.5400   0.1235   0.2000   0.0058   0.0001   0.0003   0.0005   0.0005   0.0000   0.0000   0.0014   0.0013  999.000
   134   1.9000   0.5400   0.0955   0.2000   0.0054   0.0000   0.0005   0.0002   0.0002   0.0000   0.0000   0.0014   0.0014  999.000
   135   1.9000   0.5400   0.0701   0.2000   0.0048   0.0000   0.0007   0.0002   0.0002   0.0000   0.0000   0.0014   0.0014  999.000
   136   1.9000   0.5400   0.0479   0.2000   0.0041   0.0000   0.0010   0.0002   0.0002   0.0000   0.0000   0.0014   0.0013  999.000
   137   1.9000   0.5400   0.0295   0.2000   0.0033   0.0000   0.0014   0.0002   0.0002   0.0000   0.0000   0.0012   0.0012  999.000
   138   1.9000   0.5400   0.0152   0.2000   0.0024   0.0000   0.0022   0.0002   0.0002   0.0000   0.0000   0.0010   0.0010  999.000
   139   1.9000   0.5400   0.0055   0.2000   0.0015   0.0000   0.0018   0.0001   0.0001   0.0000   0.0000   0.0007   0.0006  999.000
   140   1.9000   0.5400   0.0006   0.2000   0.0005   0.0000  -0.0005   0.0001   0.0001   0.0000   0.0000   0.0002   0.0002  999.000

  Surface # 8     fin_panel_0                             
     # Chordwise = 12   # Spanwise = 20     First strip =141
     Surface area Ssurf =    0.080000     Ave. chord Cave =    0.200000

 Forces referred to Sref, Cref, Bref about Xref, Yref, Zref
 Standard axis orientation,  X fwd, Z down         
     CLsurf  =   0.00000     Clsurf  =  -0.00001
     CYsurf  =  -0.00019     Cmsurf  =  -0.00000
     CDsurf  =  -0.00000     Cnsurf  =   0.00006
     CDisurf =  -0.00000     CDvsurf =   0.00000

 Forces referred to Ssurf, Cave 
     CLsurf  =  -0.00424     CDsurf  =  -0.00001

 Strip Forces referred to Strip Area, Chord
    j     Xle      Yle      Zle      Chord    Area     c_cl     ai     cl_norm    cl       cd       cdv    cm_c/4     cm_LE   C.P.x/c
   141   1.9000  -0.5400   0.3994   0.2000   0.0005  -0.0031  -0.0122  -0.0156  -0.0155   0.0006   0.0000  -0.0115  -0.0076   -0.492
   142   1.9000  -0.5400   0.3945   0.2000   0.0015  -0.0031  -0.0074  -0.0157  -0.0156  -0.0002   0.0000  -0.0088  -0.0049   -0.312
   143   1.9000  -0.5400   0.3848   0.2000   0.0024  -0.0030  -0.0068  -0.0152  -0.0152  -0.0001   0.0000  -0.0057  -0.0019   -0.125
   144   1.9000  -0.5400   0.3705   0.2000   0.0033  -0.0028  -0.0056  -0.0141  -0.0141  -0.0001   0.0000  -0.0030   0.0006    0.040
   145   1.9000  -0.5400   0.3521   0.2000   0.0041  -0.0025  -0.0040  -0.0124  -0.0123  -0.0000   0.0000  -0.0009   0.0022    0.178
   146   1.9000  -0.5400   0.3299   0.2000   0.0048  -0.0020  -0.0026  -0.0102  -0.0101  -0.0000   0.0000   0.0005   0.0031    0.301
   147   1.9000  -0.5400   0.3045   0.2000   0.0054  -0.0016  -0.0015  -0.0078  -0.0078  -0.0000   0.0000   0.0014   0.0033    0.426
   148   1.9000  -0.5400   0.2765   0.2000   0.0058  -0.0011  -0.0008  -0.0056  -0.0056  -0.0000   0.0000   0.0018   0.0032    0.579
   149   1.9000  -0.5400   0.2467   0.2000   0.0061  -0.0007  -0.0004  -0.0037  -0.0037  -0.0000   0.0000   0.0021   0.0030    0.807
   150   1.9000  -0.5400   0.2157   0.2000   0.0063  -0.0004  -0.0001  -0.0022  -0.0022  -0.0000   0.0000   0.0022   0.0027    1.221
   151   1.9000  -0.5400   0.1843   0.2000   0.0063  -0.0002  -0.0001  -0.0011  -0.0011  -0.0000   0.0000   0.0022   0.0024  999.000
   152   1.9000  -0.5400   0.1533   0.2000   0.0061  -0.0001  -0.0001  -0.0004  -0.0004  -0.0000   0.0000   0.0021   0.0022  999.000
   153   1.9000  -0.5400   0.1235   0.2000   0.0058  -0.0000  -0.0002  -0.0001  -0.0001  -0.0000   0.0000   0.0021   0.0021  999.000
   154   1.9000  -0.5400   0.0955   0.2000   0.0054  -0.0000  -0.0005  -0.0000  -0.0000  -0.0000   0.0000   0.0020   0.0020  999.000
   155   1.9000  -0.5400   0.0701   0.2000   0.0048  -0.0000  -0.0008  -0.0002  -0.0002  -0.0000   0.0000   0.0018   0.0019  999.000
   156   1.9000  -0.5400   0.0479   0.2000   0.0041  -0.0001  -0.0013  -0.0004  -0.0004  -0.0000   0.0000   0.0017   0.0018  999.000
   157   1.9000  -0.5400   0.0295   0.2000   0.0033  -0.0001  -0.0021  -0.0005  -0.0005  -0.0000   0.0000   0.0014   0.0015  999.000
   158   1.9000  -0.5400   0.0152   0.2000   0.0024  -0.0001  -0.0031  -0.0006  -0.0005   0.0000   0.0000   0.0011   0.0012  999.000
   159   1.9000  -0.5400   0.0055   0.2000   0.0015  -0.0001  -0.0029  -0.0004  -0.0004   0.0000   0.0000   0.0007   0.0008    1.905
   160   1.9000  -0.5400   0.0006   0.2000   0.0005  -0.0000  -0.0008  -0.0002  -0.0002   0.0000   0.0000   0.0002   0.0003    1.778
 ---------------------------------------------------------------
