 ---------------------------------------------------------------
 Surface and Strip Forces by surface

  Sref =  1.7740       Cref = 0.39400       Bref =  4.5000    
  Xref = 0.50000       Yref =  0.0000       Zref =  0.0000    

  Surface # 1     main_wing_panel_0                       
     # Chordwise = 12   # Spanwise = 20     First strip =  1
     Surface area Ssurf =    0.434600     Ave. chord Cave =    0.410000

 Forces referred to Sref, Cref, Bref about Xref, Yref, Zref
 Standard axis orientation,  X fwd, Z down         
     CLsurf  =   0.14791     Clsurf  =  -0.01726
     CYsurf  =  -0.00000     Cmsurf  =   0.00360
     CDsurf  =   0.00185     Cnsurf  =  -0.00084
     CDisurf =   0.00185     CDvsurf =   0.00000

 Forces referred to Ssurf, Cave 
     CLsurf  =   0.60377     CDsurf  =   0.00754

 Strip Forces referred to Strip Area, Chord
    j     Xle      Yle      Zle      Chord    Area     c_cl     ai     cl_norm    cl       cd       cdv    cm_c/4     cm_LE   C.P.x/c
     1   0.4000   0.0016   0.0000   0.4100   0.0027   0.2511   0.0251   0.6132   0.6132   0.0070   0.0000   0.0178  -0.1353    0.221
     2   0.4000   0.0146   0.0000   0.4100   0.0080   0.2511   0.0251   0.6132   0.6132   0.0070   0.0000   0.0178  -0.1353    0.221
     3   0.4000   0.0403   0.0000   0.4100   0.0130   0.2511   0.0251   0.6132   0.6132   0.0070   0.0000   0.0178  -0.1353    0.221
     4   0.4000   0.0781   0.0000   0.4100   0.0178   0.2511   0.0251   0.6131   0.6131   0.0070   0.0000   0.0178  -0.1353    0.221
     5   0.4000   0.1270   0.0000   0.4100   0.0221   0.2510   0.0251   0.6129   0.6129   0.0071   0.0000   0.0178  -0.1352    0.221
     6   0.4000   0.1858   0.0000   0.4100   0.0259   0.2508   0.0252   0.6125   0.6125   0.0071   0.0000   0.0178  -0.1351    0.221
     7   0.4000   0.2531   0.0000   0.4100   0.0291   0.2506   0.0252   0.6118   0.6118   0.0071   0.0000   0.0178  -0.1349    0.221
     8   0.4000   0.3272   0.0000   0.4100   0.0315   0.2502   0.0253   0.6109   0.6109   0.0072   0.0000   0.0178  -0.1347    0.221
     9   0.4000   0.4063   0.0000   0.4100   0.0332   0.2496   0.0254   0.6096   0.6096   0.0072   0.0000   0.0178  -0.1344    0.221
    10   0.4000   0.4884   0.0000   0.4100   0.0340   0.2489   0.0255   0.6078   0.6078   0.0073   0.0000   0.0178  -0.1340    0.221
    11   0.4000   0.5716   0.0000   0.4100   0.0340   0.2480   0.0245   0.6057   0.6057   0.0074   0.0000   0.0178  -0.1334    0.221
    12   0.4000   0.6537   0.0000   0.4100   0.0332   0.2470   0.0249   0.6031   0.6031   0.0076   0.0000   0.0178  -0.1328    0.220
    13   0.4000   0.7328   0.0000   0.4100   0.0315   0.2458   0.0254   0.6002   0.6002   0.0077   0.0000   0.0178  -0.1321    0.220
    14   0.4000   0.8069   0.0000   0.4100   0.0291   0.2445   0.0260   0.5970   0.5970   0.0079   0.0000   0.0178  -0.1313    0.220
    15   0.4000   0.8742   0.0000   0.4100   0.0259   0.2431   0.0267   0.5936   0.5936   0.0080   0.0000   0.0178  -0.1305    0.220
    16   0.4000   0.9330   0.0000   0.4100   0.0221   0.2418   0.0274   0.5903   0.5903   0.0082   0.0000   0.0178  -0.1296    0.220
    17   0.4000   0.9819   0.0000   0.4100   0.0178   0.2405   0.0281   0.5871   0.5871   0.0084   0.0000   0.0178  -0.1289    0.220
    18   0.4000   1.0197   0.0000   0.4100   0.0130   0.2394   0.0287   0.5845   0.5845   0.0086   0.0000   0.0178  -0.1282    0.220
    19   0.4000   1.0454   0.0000   0.4100   0.0080   0.2386   0.0292   0.5825   0.5825   0.0088   0.0000   0.0178  -0.1277    0.220
    20   0.4000   1.0584   0.0000   0.4100   0.0027   0.2382   0.0296   0.5814   0.5814   0.0099   0.0000   0.0178  -0.1275    0.219

  Surface # 2     main_wing_panel_0 (YDUP)                
     # Chordwise = 12   # Spanwise = 20     First strip = 21
     Surface area Ssurf =    0.434600     Ave. chord Cave =    0.410000

 Forces referred to Sref, Cref, Bref about Xref, Yref, Zref
 Standard axis orientation,  X fwd, Z down         
     CLsurf  =   0.14791     Clsurf  =   0.01726
     CYsurf  =  -0.00000     Cmsurf  =   0.00360
     CDsurf  =   0.00185     Cnsurf  =   0.00084
     CDisurf =   0.00185     CDvsurf =   0.00000

 Forces referred to Ssurf, Cave 
     CLsurf  =   0.60377     CDsurf  =   0.00754

 Strip Forces referred to Strip Area, Chord
    j     Xle      Yle      Zle      Chord    Area     c_cl     ai     cl_norm    cl       cd       cdv    cm_c/4     cm_LE   C.P.x/c
    21   0.4000  -0.0016   0.0000   0.4100   0.0027   0.2511   0.0251   0.6132   0.6132   0.0070   0.0000   0.0178   0.1353    0.221
    22   0.4000  -0.0146   0.0000   0.4100   0.0080   0.2511   0.0251   0.6132   0.6132   0.0070   0.0000   0.0178   0.1353    0.221
    23   0.4000  -0.0403   0.0000   0.4100   0.0130   0.2511   0.0251   0.6132   0.6132   0.0070   0.0000   0.0178   0.1353    0.221
    24   0.4000  -0.0781   0.0000   0.4100   0.0178   0.2511   0.0251   0.6131   0.6131   0.0070   0.0000   0.0178   0.1353    0.221
    25   0.4000  -0.1270   0.0000   0.4100   0.0221   0.2510   0.0251   0.6129   0.6129   0.0071   0.0000   0.0178   0.1352    0.221
    26   0.4000  -0.1858   0.0000   0.4100   0.0259   0.2508   0.0251   0.6125   0.6125   0.0071   0.0000   0.0178   0.1351    0.221
    27   0.4000  -0.2531   0.0000   0.4100   0.0291   0.2506   0.0252   0.6118   0.6118   0.0071   0.0000   0.0178   0.1349    0.221
    28   0.4000  -0.3272   0.0000   0.4100   0.0315   0.2502   0.0253   0.6109   0.6109   0.0072   0.0000   0.0178   0.1347    0.221
    29   0.4000  -0.4063   0.0000   0.4100   0.0332   0.2496   0.0253   0.6096   0.6096   0.0072   0.0000   0.0178   0.1344    0.221
    30   0.4000  -0.4884   0.0000   0.4100   0.0340   0.2489   0.0255   0.6078   0.6078   0.0073   0.0000   0.0178   0.1340    0.221
    31   0.4000  -0.5716   0.0000   0.4100   0.0340   0.2480   0.0243   0.6057   0.6057   0.0074   0.0000   0.0178   0.1334    0.221
    32   0.4000  -0.6537   0.0000   0.4100   0.0332   0.2470   0.0249   0.6031   0.6031   0.0076   0.0000   0.0178   0.1328    0.220
    33   0.4000  -0.7328   0.0000   0.4100   0.0315   0.2458   0.0254   0.6002   0.6002   0.0077   0.0000   0.0178   0.1321    0.220
    34   0.4000  -0.8069   0.0000   0.4100   0.0291   0.2445   0.0260   0.5970   0.5970   0.0079   0.0000   0.0178   0.1313    0.220
    35   0.4000  -0.8742   0.0000   0.4100   0.0259   0.2431   0.0267   0.5936   0.5936   0.0080   0.0000   0.0178   0.1305    0.220
    36   0.4000  -0.9330   0.0000   0.4100   0.0221   0.2418   0.0274   0.5903   0.5903   0.0082   0.0000   0.0178   0.1296    0.220
    37   0.4000  -0.9819   0.0000   0.4100   0.0178   0.2405   0.0281   0.5871   0.5871   0.0084   0.0000   0.0178   0.1289    0.220
    38   0.4000  -1.0197   0.0000   0.4100   0.0130   0.2394   0.0287   0.5845   0.5845   0.0086   0.0000   0.0178   0.1282    0.220
    39   0.4000  -1.0454   0.0000   0.4100   0.0080   0.2386   0.0292   0.5825   0.5825   0.0088   0.0000   0.0178   0.1277    0.219
    40   0.4000  -1.0584   0.0000   0.4100   0.0027   0.2382   0.0296   0.5814   0.5814   0.0099   0.0000   0.0178   0.1275    0.219

  Surface # 3     main_wing_panel_1                       
     # Chordwise = 12   # Spanwise = 20     First strip = 41
     Surface area Ssurf =    0.452200     Ave. chord Cave =    0.380000

 Forces referred to Sref, Cref, Bref about Xref, Yref, Zref
 Standard axis orientation,  X fwd, Z down         
     CLsurf  =   0.12534     Clsurf  =  -0.04379
     CYsurf  =  -0.00018     Cmsurf  =   0.00404
     CDsurf  =   0.00242     Cnsurf  =  -0.00179
     CDisurf =   0.00242     CDvsurf =   0.00000

 Forces referred to Ssurf, Cave 
     CLsurf  =   0.49173     CDsurf  =   0.00948

 Strip Forces referred to Strip Area, Chord
    j     Xle      Yle      Zle      Chord    Area     c_cl     ai     cl_norm    cl       cd       cdv    cm_c/4     cm_LE   C.P.x/c
    41   0.4000   1.0618   0.0000   0.4099   0.0030   0.2381   0.0296   0.5813   0.5813   0.0098   0.0000   0.0178  -0.1274    0.219
    42   0.4002   1.0764   0.0000   0.4092   0.0089   0.2376   0.0295   0.5812   0.5812   0.0089   0.0000   0.0178  -0.1273    0.219
    43   0.4006   1.1053   0.0000   0.4077   0.0146   0.2365   0.0295   0.5806   0.5806   0.0087   0.0000   0.0180  -0.1270    0.219
    44   0.4011   1.1477   0.0000   0.4056   0.0198   0.2348   0.0296   0.5794   0.5794   0.0087   0.0000   0.0181  -0.1266    0.219
    45   0.4018   1.2026   0.0000   0.4028   0.0244   0.2323   0.0299   0.5773   0.5773   0.0087   0.0000   0.0184  -0.1258    0.218
    46   0.4026   1.2686   0.0000   0.3995   0.0284   0.2291   0.0305   0.5741   0.5741   0.0088   0.0000   0.0186  -0.1247    0.218
    47   0.4036   1.3441   0.0000   0.3957   0.0315   0.2251   0.0313   0.5694   0.5694   0.0089   0.0000   0.0190  -0.1232    0.217
    48   0.4046   1.4273   0.0000   0.3915   0.0338   0.2201   0.0324   0.5627   0.5627   0.0091   0.0000   0.0193  -0.1212    0.216
    49   0.4057   1.5161   0.0000   0.3870   0.0351   0.2140   0.0339   0.5535   0.5535   0.0093   0.0000   0.0197  -0.1185    0.214
    50   0.4069   1.6083   0.0000   0.3824   0.0356   0.2067   0.0359   0.5411   0.5411   0.0097   0.0000   0.0201  -0.1150    0.213
    51   0.4081   1.7017   0.0000   0.3776   0.0352   0.1980   0.0384   0.5246   0.5246   0.0100   0.0000   0.0206  -0.1105    0.211
    52   0.4093   1.7939   0.0000   0.3730   0.0339   0.1876   0.0416   0.5031   0.5031   0.0104   0.0000   0.0210  -0.1047    0.208
    53   0.4104   1.8827   0.0000   0.3685   0.0318   0.1751   0.0453   0.4755   0.4755   0.0107   0.0000   0.0214  -0.0974    0.205
    54   0.4114   1.9659   0.0000   0.3643   0.0290   0.1604   0.0496   0.4403   0.4403   0.0108   0.0000   0.0217  -0.0883    0.201
    55   0.4124   2.0414   0.0000   0.3605   0.0256   0.1429   0.0541   0.3965   0.3965   0.0108   0.0000   0.0218  -0.0773    0.195
    56   0.4132   2.1074   0.0000   0.3572   0.0217   0.1226   0.0587   0.3432   0.3432   0.0103   0.0000   0.0213  -0.0645    0.188
    57   0.4139   2.1623   0.0000   0.3544   0.0173   0.0992   0.0630   0.2800   0.2800   0.0093   0.0000   0.0197  -0.0503    0.180
    58   0.4144   2.2047   0.0000   0.3523   0.0126   0.0732   0.0666   0.2077   0.2077   0.0077   0.0000   0.0164  -0.0355    0.171
    59   0.4148   2.2336   0.0000   0.3508   0.0076   0.0449   0.0693   0.1279   0.1279   0.0054   0.0000   0.0111  -0.0209    0.163
    60   0.4150   2.2482   0.0000   0.3501   0.0026   0.0151   0.0709   0.0432   0.0432   0.0021   0.0000   0.0040  -0.0068    0.158

  Surface # 4     main_wing_panel_1 (YDUP)                
     # Chordwise = 12   # Spanwise = 20     First strip = 61
     Surface area Ssurf =    0.452200     Ave. chord Cave =    0.380000

 Forces referred to Sref, Cref, Bref about Xref, Yref, Zref
 Standard axis orientation,  X fwd, Z down         
     CLsurf  =   0.12534     Clsurf  =   0.04379
     CYsurf  =   0.00018     Cmsurf  =   0.00404
     CDsurf  =   0.00242     Cnsurf  =   0.00179
     CDisurf =   0.00242     CDvsurf =   0.00000

 Forces referred to Ssurf, Cave 
     CLsurf  =   0.49173     CDsurf  =   0.00948

 Strip Forces referred to Strip Area, Chord
    j     Xle      Yle      Zle      Chord    Area     c_cl     ai     cl_norm    cl       cd       cdv    cm_c/4     cm_LE   C.P.x/c
    61   0.4000  -1.0618   0.0000   0.4099   0.0030   0.2381   0.0296   0.5813   0.5813   0.0098   0.0000   0.0178   0.1274    0.219
    62   0.4002  -1.0764   0.0000   0.4092   0.0089   0.2376   0.0295   0.5812   0.5812   0.0089   0.0000   0.0178   0.1273    0.219
    63   0.4006  -1.1053   0.0000   0.4077   0.0146   0.2365   0.0295   0.5806   0.5806   0.0087   0.0000   0.0180   0.1270    0.219
    64   0.4011  -1.1477   0.0000   0.4056   0.0198   0.2347   0.0296   0.5794   0.5794   0.0087   0.0000   0.0181   0.1266    0.219
    65   0.4018  -1.2026   0.0000   0.4028   0.0244   0.2323   0.0300   0.5773   0.5773   0.0087   0.0000   0.0184   0.1258    0.218
    66   0.4026  -1.2686   0.0000   0.3995   0.0284   0.2291   0.0305   0.5741   0.5741   0.0088   0.0000   0.0186   0.1247    0.218
    67   0.4036  -1.3441   0.0000   0.3957   0.0315   0.2251   0.0313   0.5694   0.5694   0.0089   0.0000   0.0190   0.1232    0.217
    68   0.4046  -1.4273   0.0000   0.3915   0.0338   0.2201   0.0324   0.5627   0.5627   0.0091   0.0000   0.0193   0.1212    0.216
    69   0.4057  -1.5161   0.0000   0.3870   0.0351   0.2140   0.0339   0.5535   0.5535   0.0093   0.0000   0.0197   0.1185    0.214
    70   0.4069  -1.6083   0.0000   0.3824   0.0356   0.2067   0.0359   0.5410   0.5410   0.0097   0.0000   0.0201   0.1150    0.213
    71   0.4081  -1.7017   0.0000   0.3776   0.0352   0.1980   0.0384   0.5246   0.5246   0.0100   0.0000   0.0206   0.1105    0.211
    72   0.4093  -1.7939   0.0000   0.3730   0.0339   0.1876   0.0416   0.5031   0.5031   0.0104   0.0000   0.0210   0.1047    0.208
    73   0.4104  -1.8827   0.0000   0.3685   0.0318   0.1751   0.0453   0.4755   0.4755   0.0107   0.0000   0.0214   0.0974    0.205
    74   0.4114  -1.9659   0.0000   0.3643   0.0290   0.1604   0.0496   0.4403   0.4403   0.0108   0.0000   0.0217   0.0883    0.201
    75   0.4124  -2.0414   0.0000   0.3605   0.0256   0.1429   0.0541   0.3965   0.3965   0.0108   0.0000   0.0218   0.0773    0.195
    76   0.4132  -2.1074   0.0000   0.3572   0.0217   0.1226   0.0587   0.3432   0.3432   0.0103   0.0000   0.0213   0.0645    0.188
    77   0.4139  -2.1623   0.0000   0.3544   0.0173   0.0992   0.0630   0.2800   0.2800   0.0093   0.0000   0.0197   0.0503    0.180
    78   0.4144  -2.2047   0.0000   0.3523   0.0126   0.0732   0.0666   0.2077   0.2077   0.0077   0.0000   0.0164   0.0355    0.171
    79   0.4148  -2.2336   0.0000   0.3508   0.0076   0.0449   0.0693   0.1279   0.1279   0.0054   0.0000   0.0111   0.0209    0.163
    80   0.4150  -2.2482   0.0000   0.3501   0.0026   0.0151   0.0709   0.0432   0.0432   0.0021   0.0000   0.0040   0.0068    0.158

  Surface # 5     hstab_panel_0                           
     # Chordwise = 12   # Spanwise = 20     First strip = 81
     Surface area Ssurf =    0.118800     Ave. chord Cave =    0.220000

 Forces referred to Sref, Cref, Bref about Xref, Yref, Zref
 Standard axis orientation,  X fwd, Z down         
     CLsurf  =   0.00234     Clsurf  =  -0.00013
     CYsurf  =   0.00000     Cmsurf  =  -0.00771
     CDsurf  =   0.00007     Cnsurf  =  -0.00000
     CDisurf =   0.00007     CDvsurf =   0.00000

 Forces referred to Ssurf, Cave 
     CLsurf  =   0.03496     CDsurf  =   0.00105

 Strip Forces referred to Strip Area, Chord
    j     Xle      Yle      Zle      Chord    Area     c_cl     ai     cl_norm    cl       cd       cdv    cm_c/4     cm_LE   C.P.x/c
    81   1.9000   0.0008   0.4000   0.2200   0.0007   0.0088   0.0242   0.0401   0.0401   0.0012   0.0000   0.0276   0.0176   -0.438
    82   1.9000   0.0075   0.4000   0.2200   0.0022   0.0088   0.0242   0.0401   0.0401   0.0012   0.0000   0.0276   0.0176   -0.438
    83   1.9000   0.0206   0.4000   0.2200   0.0036   0.0088   0.0242   0.0401   0.0401   0.0012   0.0000   0.0276   0.0176   -0.438
    84   1.9000   0.0398   0.4000   0.2200   0.0049   0.0088   0.0242   0.0401   0.0401   0.0012   0.0000   0.0276   0.0176   -0.438
    85   1.9000   0.0647   0.4000   0.2200   0.0061   0.0088   0.0242   0.0400   0.0400   0.0012   0.0000   0.0276   0.0176   -0.440
    86   1.9000   0.0946   0.4000   0.2200   0.0071   0.0088   0.0243   0.0398   0.0398   0.0012   0.0000   0.0276   0.0176   -0.443
    87   1.9000   0.1289   0.4000   0.2200   0.0079   0.0087   0.0243   0.0395   0.0395   0.0011   0.0000   0.0276   0.0177   -0.448
    88   1.9000   0.1667   0.4000   0.2200   0.0086   0.0086   0.0244   0.0391   0.0391   0.0011   0.0000   0.0276   0.0178   -0.457
    89   1.9000   0.2070   0.4000   0.2200   0.0091   0.0085   0.0244   0.0384   0.0384   0.0011   0.0000   0.0276   0.0180   -0.469
    90   1.9000   0.2488   0.4000   0.2200   0.0093   0.0083   0.0245   0.0376   0.0376   0.0011   0.0000   0.0277   0.0183   -0.486
    91   1.9000   0.2912   0.4000   0.2200   0.0093   0.0080   0.0246   0.0364   0.0364   0.0011   0.0000   0.0277   0.0186   -0.510
    92   1.9000   0.3330   0.4000   0.2200   0.0091   0.0077   0.0247   0.0350   0.0350   0.0010   0.0000   0.0277   0.0189   -0.540
    93   1.9000   0.3733   0.4000   0.2200   0.0086   0.0073   0.0247   0.0333   0.0333   0.0010   0.0000   0.0276   0.0193   -0.579
    94   1.9000   0.4111   0.4000   0.2200   0.0079   0.0069   0.0245   0.0313   0.0313   0.0010   0.0000   0.0275   0.0196   -0.627
    95   1.9000   0.4454   0.4000   0.2200   0.0071   0.0064   0.0241   0.0291   0.0291   0.0009   0.0000   0.0271   0.0198   -0.681
    96   1.9000   0.4753   0.4000   0.2200   0.0061   0.0059   0.0233   0.0268   0.0268   0.0009   0.0000   0.0264   0.0197   -0.734
    97   1.9000   0.5002   0.4000   0.2200   0.0049   0.0054   0.0220   0.0247   0.0247   0.0009   0.0000   0.0252   0.0190   -0.768
    98   1.9000   0.5194   0.4000   0.2200   0.0036   0.0051   0.0200   0.0230   0.0230   0.0009   0.0000   0.0232   0.0175   -0.759
    99   1.9000   0.5325   0.4000   0.2200   0.0022   0.0048   0.0179   0.0220   0.0220   0.0010   0.0000   0.0206   0.0151   -0.687
   100   1.9000   0.5392   0.4000   0.2200   0.0007   0.0046   0.0163   0.0211   0.0211   0.0000   0.0000   0.0174   0.0121   -0.573

  Surface # 6     hstab_panel_0 (YDUP)                    
     # Chordwise = 12   # Spanwise = 20     First strip =101
     Surface area Ssurf =    0.118800     Ave. chord Cave =    0.220000

 Forces referred to Sref, Cref, Bref about Xref, Yref, Zref
 Standard axis orientation,  X fwd, Z down         
     CLsurf  =   0.00230     Clsurf  =   0.00013
     CYsurf  =  -0.00000     Cmsurf  =  -0.00757
     CDsurf  =   0.00007     Cnsurf  =   0.00000
     CDisurf =   0.00007     CDvsurf =   0.00000

 Forces referred to Ssurf, Cave 
     CLsurf  =   0.03438     CDsurf  =   0.00104

 Strip Forces referred to Strip Area, Chord
    j     Xle      Yle      Zle      Chord    Area     c_cl     ai     cl_norm    cl       cd       cdv    cm_c/4     cm_LE   C.P.x/c
   101   1.9000  -0.0008   0.4000   0.2200   0.0007   0.0088   0.0242   0.0401   0.0401   0.0012   0.0000   0.0276  -0.0176   -0.438
   102   1.9000  -0.0075   0.4000   0.2200   0.0022   0.0088   0.0242   0.0401   0.0401   0.0012   0.0000   0.0276  -0.0176   -0.438
   103   1.9000  -0.0206   0.4000   0.2200   0.0036   0.0088   0.0242   0.0401   0.0401   0.0012   0.0000   0.0276  -0.0176   -0.438
   104   1.9000  -0.0398   0.4000   0.2200   0.0049   0.0088   0.0242   0.0400   0.0400   0.0012   0.0000   0.0276  -0.0176   -0.439
   105   1.9000  -0.0647   0.4000   0.2200   0.0061   0.0088   0.0242   0.0399   0.0399   0.0012   0.0000   0.0276  -0.0176   -0.442
   106   1.9000  -0.0946   0.4000   0.2200   0.0071   0.0087   0.0243   0.0397   0.0397   0.0012   0.0000   0.0276  -0.0177   -0.446
   107   1.9000  -0.1289   0.4000   0.2200   0.0079   0.0086   0.0243   0.0393   0.0393   0.0011   0.0000   0.0276  -0.0178   -0.452
   108   1.9000  -0.1667   0.4000   0.2200   0.0086   0.0085   0.0244   0.0388   0.0388   0.0011   0.0000   0.0276  -0.0179   -0.462
   109   1.9000  -0.2070   0.4000   0.2200   0.0091   0.0084   0.0245   0.0381   0.0381   0.0011   0.0000   0.0276  -0.0181   -0.476
   110   1.9000  -0.2488   0.4000   0.2200   0.0093   0.0082   0.0245   0.0371   0.0371   0.0011   0.0000   0.0277  -0.0184   -0.495
   111   1.9000  -0.2912   0.4000   0.2200   0.0093   0.0079   0.0246   0.0359   0.0359   0.0011   0.0000   0.0277  -0.0187   -0.522
   112   1.9000  -0.3330   0.4000   0.2200   0.0091   0.0075   0.0246   0.0343   0.0343   0.0010   0.0000   0.0277  -0.0191   -0.556
   113   1.9000  -0.3733   0.4000   0.2200   0.0086   0.0071   0.0246   0.0324   0.0324   0.0010   0.0000   0.0276  -0.0194   -0.600
   114   1.9000  -0.4111   0.4000   0.2200   0.0079   0.0067   0.0243   0.0303   0.0303   0.0009   0.0000   0.0273  -0.0197   -0.652
   115   1.9000  -0.4454   0.4000   0.2200   0.0071   0.0061   0.0238   0.0279   0.0279   0.0009   0.0000   0.0268  -0.0198   -0.709
   116   1.9000  -0.4753   0.4000   0.2200   0.0061   0.0056   0.0228   0.0256   0.0256   0.0009   0.0000   0.0258  -0.0194   -0.759
   117   1.9000  -0.5002   0.4000   0.2200   0.0049   0.0052   0.0214   0.0235   0.0235   0.0009   0.0000   0.0242  -0.0183   -0.780
   118   1.9000  -0.5194   0.4000   0.2200   0.0036   0.0048   0.0196   0.0219   0.0219   0.0009   0.0000   0.0218  -0.0163   -0.745
   119   1.9000  -0.5325   0.4000   0.2200   0.0022   0.0046   0.0175   0.0211   0.0211   0.0010   0.0000   0.0187  -0.0135   -0.639
   120   1.9000  -0.5392   0.4000   0.2200   0.0007   0.0045   0.0161   0.0205   0.0205   0.0002   0.0000   0.0153  -0.0101   -0.494

  Surface # 7     fin_panel_0                             
     # Chordwise = 12   # Spanwise = 20     First strip =121
     Surface area Ssurf =    0.080000     Ave. chord Cave =    0.200000

 Forces referred to Sref, Cref, Bref about Xref, Yref, Zref
 Standard axis orientation,  X fwd, Z down         
     CLsurf  =   0.00000     Clsurf  =   0.00002
     CYsurf  =   0.00037     Cmsurf  =  -0.00000
     CDsurf  =  -0.00000     Cnsurf  =  -0.00011
     CDisurf =  -0.00000     CDvsurf =   0.00000

 Forces referred to Ssurf, Cave 
     CLsurf  =   0.00818     CDsurf  =  -0.00001

 Strip Forces referred to Strip Area, Chord
    j     Xle      Yle      Zle      Chord    Area     c_cl     ai     cl_norm    cl       cd       cdv    cm_c/4     cm_LE   C.P.x/c
   121   1.9000   0.5400   0.3994   0.2000   0.0005   0.0046   0.0174   0.0232   0.0231   0.0016   0.0000   0.0194   0.0136   -0.590
   122   1.9000   0.5400   0.3945   0.2000   0.0015   0.0048   0.0100   0.0239   0.0239  -0.0003   0.0000   0.0160   0.0100   -0.420
   123   1.9000   0.5400   0.3848   0.2000   0.0024   0.0047   0.0092   0.0236   0.0235  -0.0002   0.0000   0.0119   0.0060   -0.256
   124   1.9000   0.5400   0.3705   0.2000   0.0033   0.0045   0.0075   0.0224   0.0223  -0.0001   0.0000   0.0083   0.0028   -0.124
   125   1.9000   0.5400   0.3521   0.2000   0.0041   0.0040   0.0054   0.0201   0.0201  -0.0001   0.0000   0.0056   0.0006   -0.029
   126   1.9000   0.5400   0.3299   0.2000   0.0048   0.0034   0.0035   0.0172   0.0172  -0.0000   0.0000   0.0037  -0.0005    0.032
   127   1.9000   0.5400   0.3045   0.2000   0.0054   0.0028   0.0021   0.0141   0.0141  -0.0000   0.0000   0.0026  -0.0009    0.063
   128   1.9000   0.5400   0.2765   0.2000   0.0058   0.0022   0.0011   0.0111   0.0110  -0.0000   0.0000   0.0020  -0.0007    0.068
   129   1.9000   0.5400   0.2467   0.2000   0.0061   0.0017   0.0005   0.0084   0.0084   0.0000   0.0000   0.0017  -0.0004    0.044
   130   1.9000   0.5400   0.2157   0.2000   0.0063   0.0012   0.0002   0.0062   0.0062   0.0000   0.0000   0.0016   0.0001   -0.013
   131   1.9000   0.5400   0.1843   0.2000   0.0063   0.0009   0.0001   0.0044   0.0044   0.0000   0.0000   0.0016   0.0005   -0.112
   132   1.9000   0.5400   0.1533   0.2000   0.0061   0.0006   0.0001   0.0032   0.0032   0.0000   0.0000   0.0016   0.0008   -0.267
   133   1.9000   0.5400   0.1235   0.2000   0.0058   0.0005   0.0002   0.0023   0.0023   0.0000   0.0000   0.0017   0.0011   -0.484
   134   1.9000   0.5400   0.0955   0.2000   0.0054   0.0003   0.0003   0.0017   0.0017   0.0000   0.0000   0.0017   0.0013   -0.745
   135   1.9000   0.5400   0.0701   0.2000   0.0048   0.0003   0.0006   0.0014   0.0014   0.0000   0.0000   0.0017   0.0014   -0.996
   136   1.9000   0.5400   0.0479   0.2000   0.0041   0.0002   0.0009   0.0011   0.0011   0.0000   0.0000   0.0016   0.0014  999.000
   137   1.9000   0.5400   0.0295   0.2000   0.0033   0.0002   0.0015   0.0010   0.0010   0.0000   0.0000   0.0015   0.0013  999.000
   138   1.9000   0.5400   0.0152   0.2000   0.0024   0.0001   0.0024   0.0007   0.0007   0.0000   0.0000   0.0012   0.0010  999.000
   139   1.9000   0.5400   0.0055   0.2000   0.0015   0.0001   0.0019   0.0005   0.0005   0.0000   0.0000   0.0008   0.0007  999.000
   140   1.9000   0.5400   0.0006   0.2000   0.0005   0.0000  -0.0007   0.0002   0.0002   0.0000   0.0000   0.0003   0.0002  999.000

  Surface # 8     fin_panel_0                             
     # Chordwise = 12   # Spanwise = 20     First strip =141
     Surface area Ssurf =    0.080000     Ave. chord Cave =    0.200000

 Forces referred to Sref, Cref, Bref about Xref, Yref, Zref
 Standard axis orientation,  X fwd, Z down         
     CLsurf  =   0.00000     Clsurf  =  -0.00002
     CYsurf  =  -0.00034     Cmsurf  =  -0.00000
     CDsurf  =  -0.00000     Cnsurf  =   0.00011
     CDisurf =  -0.00000     CDvsurf =   0.00000

 Forces referred to Ssurf, Cave 
     CLsurf  =  -0.00764     CDsurf  =  -0.00003

 Strip Forces referred to Strip Area, Chord
    j     Xle      Yle      Zle      Chord    Area     c_cl     ai     cl_norm    cl       cd       cdv    cm_c/4     cm_LE   C.P.x/c
   141   1.9000  -0.5400   0.3994   0.2000   0.0005  -0.0045  -0.0175  -0.0226  -0.0225   0.0013   0.0000  -0.0165  -0.0109   -0.485
   142   1.9000  -0.5400   0.3945   0.2000   0.0015  -0.0046  -0.0105  -0.0232  -0.0231  -0.0004   0.0000  -0.0128  -0.0070   -0.302
   143   1.9000  -0.5400   0.3848   0.2000   0.0024  -0.0046  -0.0096  -0.0229  -0.0228  -0.0003   0.0000  -0.0084  -0.0027   -0.118
   144   1.9000  -0.5400   0.3705   0.2000   0.0033  -0.0043  -0.0078  -0.0216  -0.0215  -0.0002   0.0000  -0.0046   0.0008    0.038
   145   1.9000  -0.5400   0.3521   0.2000   0.0041  -0.0039  -0.0055  -0.0193  -0.0193  -0.0001   0.0000  -0.0016   0.0032    0.166
   146   1.9000  -0.5400   0.3299   0.2000   0.0048  -0.0033  -0.0035  -0.0164  -0.0163  -0.0001   0.0000   0.0004   0.0044    0.272
   147   1.9000  -0.5400   0.3045   0.2000   0.0054  -0.0026  -0.0019  -0.0132  -0.0131  -0.0000   0.0000   0.0016   0.0048    0.369
   148   1.9000  -0.5400   0.2765   0.2000   0.0058  -0.0020  -0.0009  -0.0101  -0.0101  -0.0000   0.0000   0.0022   0.0047    0.470
   149   1.9000  -0.5400   0.2467   0.2000   0.0061  -0.0015  -0.0003  -0.0075  -0.0074  -0.0000   0.0000   0.0025   0.0044    0.592
   150   1.9000  -0.5400   0.2157   0.2000   0.0063  -0.0011   0.0001  -0.0053  -0.0053  -0.0000   0.0000   0.0027   0.0040    0.755
   151   1.9000  -0.5400   0.1843   0.2000   0.0063  -0.0007   0.0002  -0.0036  -0.0036  -0.0000   0.0000   0.0027   0.0036    0.987
   152   1.9000  -0.5400   0.1533   0.2000   0.0061  -0.0005   0.0001  -0.0025  -0.0025  -0.0000   0.0000   0.0026   0.0033    1.304
   153   1.9000  -0.5400   0.1235   0.2000   0.0058  -0.0004  -0.0000  -0.0018  -0.0018  -0.0000   0.0000   0.0025   0.0030    1.659
   154   1.9000  -0.5400   0.0955   0.2000   0.0054  -0.0003  -0.0003  -0.0015  -0.0015  -0.0000   0.0000   0.0024   0.0028    1.896
   155   1.9000  -0.5400   0.0701   0.2000   0.0048  -0.0003  -0.0008  -0.0014  -0.0014  -0.0000   0.0000   0.0023   0.0026    1.887
   156   1.9000  -0.5400   0.0479   0.2000   0.0041  -0.0003  -0.0014  -0.0014  -0.0014  -0.0000   0.0000   0.0020   0.0024    1.713
   157   1.9000  -0.5400   0.0295   0.2000   0.0033  -0.0003  -0.0023  -0.0014  -0.0014  -0.0000   0.0000   0.0017   0.0021    1.521
   158   1.9000  -0.5400   0.0152   0.2000   0.0024  -0.0002  -0.0035  -0.0012  -0.0012  -0.0000   0.0000   0.0013   0.0016    1.378
   159   1.9000  -0.5400   0.0055   0.2000   0.0015  -0.0002  -0.0033  -0.0008  -0.0008  -0.0000   0.0000   0.0008   0.0010    1.290
   160   1.9000  -0.5400   0.0006   0.2000   0.0005  -0.0001  -0.0008  -0.0003  -0.0003   0.0000   0.0000   0.0003   0.0004    1.250
 ---------------------------------------------------------------
