 ---------------------------------------------------------------
 Surface and Strip Forces by surface

  Sref =  2.7910       Cref = 0.47500       Bref =  5.8800    
  Xref = 0.50000       Yref =  0.0000       Zref =  0.0000    

  Surface # 1     main_wing_panel_0                       
     # Chordwise = 12   # Spanwise = 20     First strip =  1
     Surface area Ssurf =    0.683400     Ave. chord Cave =    0.510000

 Forces referred to Sref, Cref, Bref about Xref, Yref, Zref
 Standard axis orientation,  X fwd, Z down         
     CLsurf  =   0.08715     Clsurf  =  -0.00985
     CYsurf  =   0.00000     Cmsurf  =  -0.00423
     CDsurf  =   0.00063     Cnsurf  =  -0.00010
     CDisurf =   0.00063     CDvsurf =   0.00000

 Forces referred to Ssurf, Cave 
     CLsurf  =   0.35591     CDsurf  =   0.00259

 Strip Forces referred to Strip Area, Chord
    j     Xle      Yle      Zle      Chord    Area     c_cl     ai     cl_norm    cl       cd       cdv    cm_c/4     cm_LE   C.P.x/c
     1   0.4000   0.0021   0.0000   0.5100   0.0042   0.1842   0.0107   0.3612   0.3612   0.0024   0.0000   0.0030  -0.0873    0.242
     2   0.4000   0.0185   0.0000   0.5100   0.0125   0.1842   0.0107   0.3612   0.3612   0.0024   0.0000   0.0030  -0.0873    0.242
     3   0.4000   0.0510   0.0000   0.5100   0.0205   0.1842   0.0107   0.3612   0.3612   0.0024   0.0000   0.0030  -0.0873    0.242
     4   0.4000   0.0987   0.0000   0.5100   0.0280   0.1842   0.0107   0.3611   0.3611   0.0024   0.0000   0.0030  -0.0873    0.242
     5   0.4000   0.1605   0.0000   0.5100   0.0348   0.1841   0.0107   0.3610   0.3610   0.0024   0.0000   0.0030  -0.0872    0.242
     6   0.4000   0.2349   0.0000   0.5100   0.0408   0.1840   0.0108   0.3608   0.3608   0.0024   0.0000   0.0030  -0.0872    0.242
     7   0.4000   0.3199   0.0000   0.5100   0.0457   0.1838   0.0108   0.3604   0.3604   0.0024   0.0000   0.0030  -0.0871    0.242
     8   0.4000   0.4136   0.0000   0.5100   0.0495   0.1835   0.0108   0.3599   0.3599   0.0024   0.0000   0.0030  -0.0869    0.242
     9   0.4000   0.5136   0.0000   0.5100   0.0521   0.1832   0.0101   0.3592   0.3592   0.0025   0.0000   0.0030  -0.0867    0.242
    10   0.4000   0.6174   0.0000   0.5100   0.0535   0.1827   0.0159   0.3582   0.3582   0.0025   0.0000   0.0031  -0.0865    0.241
    11   0.4000   0.7226   0.0000   0.5100   0.0535   0.1821   0.0155   0.3571   0.3571   0.0025   0.0000   0.0031  -0.0862    0.241
    12   0.4000   0.8264   0.0000   0.5100   0.0521   0.1814   0.0156   0.3556   0.3556   0.0026   0.0000   0.0031  -0.0858    0.241
    13   0.4000   0.9264   0.0000   0.5100   0.0495   0.1805   0.0158   0.3540   0.3540   0.0026   0.0000   0.0032  -0.0853    0.241
    14   0.4000   1.0201   0.0000   0.5100   0.0457   0.1796   0.0161   0.3522   0.3522   0.0027   0.0000   0.0032  -0.0849    0.241
    15   0.4000   1.1051   0.0000   0.5100   0.0408   0.1786   0.0164   0.3503   0.3503   0.0028   0.0000   0.0032  -0.0843    0.241
    16   0.4000   1.1795   0.0000   0.5100   0.0348   0.1776   0.0168   0.3483   0.3483   0.0028   0.0000   0.0033  -0.0838    0.241
    17   0.4000   1.2413   0.0000   0.5100   0.0280   0.1767   0.0172   0.3465   0.3465   0.0029   0.0000   0.0033  -0.0833    0.240
    18   0.4000   1.2890   0.0000   0.5100   0.0205   0.1759   0.0176   0.3449   0.3449   0.0030   0.0000   0.0034  -0.0829    0.240
    19   0.4000   1.3215   0.0000   0.5100   0.0125   0.1753   0.0179   0.3437   0.3437   0.0031   0.0000   0.0034  -0.0825    0.240
    20   0.4000   1.3379   0.0000   0.5100   0.0042   0.1749   0.0182   0.3430   0.3430   0.0036   0.0000   0.0034  -0.0824    0.240

  Surface # 2     main_wing_panel_0 (YDUP)                
     # Chordwise = 12   # Spanwise = 20     First strip = 21
     Surface area Ssurf =    0.683400     Ave. chord Cave =    0.510000

 Forces referred to Sref, Cref, Bref about Xref, Yref, Zref
 Standard axis orientation,  X fwd, Z down         
     CLsurf  =   0.08715     Clsurf  =   0.00985
     CYsurf  =   0.00000     Cmsurf  =  -0.00423
     CDsurf  =   0.00063     Cnsurf  =   0.00010
     CDisurf =   0.00063     CDvsurf =   0.00000

 Forces referred to Ssurf, Cave 
     CLsurf  =   0.35591     CDsurf  =   0.00259

 Strip Forces referred to Strip Area, Chord
    j     Xle      Yle      Zle      Chord    Area     c_cl     ai     cl_norm    cl       cd       cdv    cm_c/4     cm_LE   C.P.x/c
    21   0.4000  -0.0021   0.0000   0.5100   0.0042   0.1842   0.0107   0.3612   0.3612   0.0024   0.0000   0.0030   0.0873    0.242
    22   0.4000  -0.0185   0.0000   0.5100   0.0125   0.1842   0.0107   0.3612   0.3612   0.0024   0.0000   0.0030   0.0873    0.242
    23   0.4000  -0.0510   0.0000   0.5100   0.0205   0.1842   0.0107   0.3612   0.3612   0.0024   0.0000   0.0030   0.0873    0.242
    24   0.4000  -0.0987   0.0000   0.5100   0.0280   0.1842   0.0107   0.3611   0.3611   0.0024   0.0000   0.0030   0.0873    0.242
    25   0.4000  -0.1605   0.0000   0.5100   0.0348   0.1841   0.0108   0.3610   0.3610   0.0024   0.0000   0.0030   0.0872    0.242
    26   0.4000  -0.2349   0.0000   0.5100   0.0408   0.1840   0.0108   0.3608   0.3608   0.0024   0.0000   0.0030   0.0872    0.242
    27   0.4000  -0.3199   0.0000   0.5100   0.0457   0.1838   0.0108   0.3604   0.3604   0.0024   0.0000   0.0030   0.0871    0.242
    28   0.4000  -0.4136   0.0000   0.5100   0.0495   0.1835   0.0108   0.3599   0.3599   0.0024   0.0000   0.0030   0.0869    0.242
    29   0.4000  -0.5136   0.0000   0.5100   0.0521   0.1832   0.0102   0.3592   0.3592   0.0025   0.0000   0.0030   0.0867    0.242
    30   0.4000  -0.6174   0.0000   0.5100   0.0535   0.1827   0.0159   0.3582   0.3582   0.0025   0.0000   0.0031   0.0865    0.241
    31   0.4000  -0.7226   0.0000   0.5100   0.0535   0.1821   0.0154   0.3571   0.3571   0.0025   0.0000   0.0031   0.0862    0.241
    32   0.4000  -0.8264   0.0000   0.5100   0.0521   0.1814   0.0155   0.3556   0.3556   0.0026   0.0000   0.0031   0.0858    0.241
    33   0.4000  -0.9264   0.0000   0.5100   0.0495   0.1805   0.0158   0.3540   0.3540   0.0026   0.0000   0.0032   0.0853    0.241
    34   0.4000  -1.0201   0.0000   0.5100   0.0457   0.1796   0.0161   0.3522   0.3522   0.0027   0.0000   0.0032   0.0849    0.241
    35   0.4000  -1.1051   0.0000   0.5100   0.0408   0.1786   0.0164   0.3503   0.3503   0.0028   0.0000   0.0032   0.0843    0.241
    36   0.4000  -1.1795   0.0000   0.5100   0.0348   0.1776   0.0168   0.3483   0.3483   0.0028   0.0000   0.0033   0.0838    0.241
    37   0.4000  -1.2413   0.0000   0.5100   0.0280   0.1767   0.0172   0.3465   0.3465   0.0029   0.0000   0.0033   0.0833    0.240
    38   0.4000  -1.2890   0.0000   0.5100   0.0205   0.1759   0.0176   0.3449   0.3449   0.0030   0.0000   0.0034   0.0829    0.240
    39   0.4000  -1.3215   0.0000   0.5100   0.0125   0.1753   0.0179   0.3437   0.3437   0.0031   0.0000   0.0034   0.0825    0.240
    40   0.4000  -1.3379   0.0000   0.5100   0.0042   0.1749   0.0182   0.3430   0.3430   0.0036   0.0000   0.0034   0.0824    0.240

  Surface # 3     main_wing_panel_1                       
     # Chordwise = 12   # Spanwise = 20     First strip = 41
     Surface area Ssurf =    0.712000     Ave. chord Cave =    0.445000

 Forces referred to Sref, Cref, Bref about Xref, Yref, Zref
 Standard axis orientation,  X fwd, Z down         
     CLsurf  =   0.07730     Clsurf  =  -0.02664
     CYsurf  =  -0.00001     Cmsurf  =  -0.00298
     CDsurf  =   0.00080     Cnsurf  =  -0.00018
     CDisurf =   0.00080     CDvsurf =   0.00000

 Forces referred to Ssurf, Cave 
     CLsurf  =   0.30302     CDsurf  =   0.00312

 Strip Forces referred to Strip Area, Chord
    j     Xle      Yle      Zle      Chord    Area     c_cl     ai     cl_norm    cl       cd       cdv    cm_c/4     cm_LE   C.P.x/c
    41   0.4001   1.3425   0.0000   0.5098   0.0050   0.1749   0.0182   0.3430   0.3430   0.0035   0.0000   0.0034  -0.0824    0.240
    42   0.4005   1.3621   0.0000   0.5082   0.0149   0.1744   0.0180   0.3432   0.3432   0.0031   0.0000   0.0035  -0.0823    0.240
    43   0.4013   1.4009   0.0000   0.5051   0.0243   0.1735   0.0177   0.3435   0.3435   0.0030   0.0000   0.0036  -0.0823    0.240
    44   0.4024   1.4579   0.0000   0.5004   0.0328   0.1719   0.0175   0.3436   0.3436   0.0029   0.0000   0.0038  -0.0821    0.239
    45   0.4040   1.5317   0.0000   0.4944   0.0403   0.1698   0.0173   0.3434   0.3434   0.0029   0.0000   0.0040  -0.0818    0.238
    46   0.4058   1.6204   0.0000   0.4872   0.0465   0.1670   0.0173   0.3428   0.3428   0.0029   0.0000   0.0043  -0.0814    0.237
    47   0.4079   1.7220   0.0000   0.4790   0.0513   0.1635   0.0173   0.3414   0.3414   0.0029   0.0000   0.0047  -0.0806    0.236
    48   0.4102   1.8339   0.0000   0.4699   0.0545   0.1593   0.0176   0.3390   0.3390   0.0029   0.0000   0.0051  -0.0796    0.235
    49   0.4126   1.9532   0.0000   0.4602   0.0562   0.1543   0.0180   0.3353   0.3353   0.0030   0.0000   0.0056  -0.0781    0.233
    50   0.4152   2.0772   0.0000   0.4501   0.0563   0.1485   0.0188   0.3299   0.3299   0.0031   0.0000   0.0062  -0.0762    0.231
    51   0.4178   2.2028   0.0000   0.4399   0.0551   0.1418   0.0199   0.3222   0.3222   0.0032   0.0000   0.0069  -0.0737    0.229
    52   0.4204   2.3268   0.0000   0.4298   0.0525   0.1340   0.0214   0.3118   0.3118   0.0033   0.0000   0.0075  -0.0704    0.226
    53   0.4228   2.4461   0.0000   0.4201   0.0487   0.1250   0.0233   0.2976   0.2976   0.0034   0.0000   0.0083  -0.0661    0.222
    54   0.4251   2.5580   0.0000   0.4110   0.0440   0.1146   0.0258   0.2788   0.2788   0.0036   0.0000   0.0091  -0.0606    0.217
    55   0.4272   2.6596   0.0000   0.4028   0.0384   0.1024   0.0286   0.2542   0.2542   0.0036   0.0000   0.0098  -0.0537    0.211
    56   0.4290   2.7483   0.0000   0.3956   0.0323   0.0881   0.0317   0.2227   0.2227   0.0036   0.0000   0.0103  -0.0454    0.204
    57   0.4306   2.8221   0.0000   0.3896   0.0256   0.0717   0.0347   0.1839   0.1839   0.0033   0.0000   0.0103  -0.0357    0.194
    58   0.4317   2.8791   0.0000   0.3849   0.0185   0.0531   0.0373   0.1378   0.1378   0.0028   0.0000   0.0092  -0.0253    0.183
    59   0.4325   2.9179   0.0000   0.3818   0.0112   0.0327   0.0393   0.0855   0.0855   0.0020   0.0000   0.0066  -0.0148    0.173
    60   0.4329   2.9375   0.0000   0.3802   0.0037   0.0110   0.0406   0.0290   0.0290   0.0008   0.0000   0.0024  -0.0048    0.166

  Surface # 4     main_wing_panel_1 (YDUP)                
     # Chordwise = 12   # Spanwise = 20     First strip = 61
     Surface area Ssurf =    0.712000     Ave. chord Cave =    0.445000

 Forces referred to Sref, Cref, Bref about Xref, Yref, Zref
 Standard axis orientation,  X fwd, Z down         
     CLsurf  =   0.07730     Clsurf  =   0.02664
     CYsurf  =   0.00001     Cmsurf  =  -0.00299
     CDsurf  =   0.00080     Cnsurf  =   0.00018
     CDisurf =   0.00080     CDvsurf =   0.00000

 Forces referred to Ssurf, Cave 
     CLsurf  =   0.30302     CDsurf  =   0.00312

 Strip Forces referred to Strip Area, Chord
    j     Xle      Yle      Zle      Chord    Area     c_cl     ai     cl_norm    cl       cd       cdv    cm_c/4     cm_LE   C.P.x/c
    61   0.4001  -1.3425   0.0000   0.5098   0.0050   0.1749   0.0182   0.3430   0.3430   0.0035   0.0000   0.0034   0.0824    0.240
    62   0.4005  -1.3621   0.0000   0.5082   0.0149   0.1744   0.0180   0.3432   0.3432   0.0031   0.0000   0.0035   0.0823    0.240
    63   0.4013  -1.4009   0.0000   0.5051   0.0243   0.1735   0.0177   0.3435   0.3435   0.0030   0.0000   0.0036   0.0823    0.240
    64   0.4024  -1.4579   0.0000   0.5004   0.0328   0.1719   0.0175   0.3436   0.3436   0.0029   0.0000   0.0038   0.0821    0.239
    65   0.4040  -1.5317   0.0000   0.4944   0.0403   0.1698   0.0173   0.3434   0.3434   0.0029   0.0000   0.0040   0.0818    0.238
    66   0.4058  -1.6204   0.0000   0.4872   0.0465   0.1670   0.0173   0.3428   0.3428   0.0029   0.0000   0.0043   0.0814    0.237
    67   0.4079  -1.7220   0.0000   0.4790   0.0513   0.1635   0.0173   0.3414   0.3414   0.0029   0.0000   0.0047   0.0806    0.236
    68   0.4102  -1.8339   0.0000   0.4699   0.0545   0.1593   0.0176   0.3390   0.3390   0.0029   0.0000   0.0051   0.0796    0.235
    69   0.4126  -1.9532   0.0000   0.4602   0.0562   0.1543   0.0180   0.3353   0.3353   0.0030   0.0000   0.0056   0.0781    0.233
    70   0.4152  -2.0772   0.0000   0.4501   0.0563   0.1485   0.0188   0.3299   0.3299   0.0031   0.0000   0.0062   0.0762    0.231
    71   0.4178  -2.2028   0.0000   0.4399   0.0551   0.1418   0.0199   0.3222   0.3222   0.0032   0.0000   0.0069   0.0737    0.229
    72   0.4204  -2.3268   0.0000   0.4298   0.0525   0.1340   0.0214   0.3118   0.3118   0.0033   0.0000   0.0075   0.0704    0.226
    73   0.4228  -2.4461   0.0000   0.4201   0.0487   0.1250   0.0233   0.2976   0.2976   0.0034   0.0000   0.0083   0.0661    0.222
    74   0.4251  -2.5580   0.0000   0.4110   0.0440   0.1146   0.0258   0.2788   0.2788   0.0036   0.0000   0.0091   0.0606    0.217
    75   0.4272  -2.6596   0.0000   0.4028   0.0384   0.1024   0.0286   0.2542   0.2542   0.0036   0.0000   0.0098   0.0537    0.211
    76   0.4290  -2.7483   0.0000   0.3956   0.0323   0.0881   0.0317   0.2227   0.2227   0.0036   0.0000   0.0103   0.0454    0.204
    77   0.4306  -2.8221   0.0000   0.3896   0.0256   0.0717   0.0347   0.1839   0.1839   0.0033   0.0000   0.0103   0.0357    0.194
    78   0.4317  -2.8791   0.0000   0.3849   0.0185   0.0531   0.0373   0.1378   0.1378   0.0028   0.0000   0.0092   0.0253    0.183
    79   0.4325  -2.9179   0.0000   0.3818   0.0112   0.0327   0.0393   0.0855   0.0855   0.0020   0.0000   0.0066   0.0148    0.173
    80   0.4329  -2.9375   0.0000   0.3802   0.0037   0.0110   0.0406   0.0290   0.0290   0.0008   0.0000   0.0024   0.0048    0.166

  Surface # 5     hstab_panel_0                           
     # Chordwise = 12   # Spanwise = 20     First strip = 81
     Surface area Ssurf =    0.201600     Ave. chord Cave =    0.360000

 Forces referred to Sref, Cref, Bref about Xref, Yref, Zref
 Standard axis orientation,  X fwd, Z down         
     CLsurf  =  -0.00220     Clsurf  =   0.00010
     CYsurf  =  -0.00000     Cmsurf  =   0.00724
     CDsurf  =  -0.00003     Cnsurf  =   0.00000
     CDisurf =  -0.00003     CDvsurf =   0.00000

 Forces referred to Ssurf, Cave 
     CLsurf  =  -0.03043     CDsurf  =  -0.00045

 Strip Forces referred to Strip Area, Chord
    j     Xle      Yle      Zle      Chord    Area     c_cl     ai     cl_norm    cl       cd       cdv    cm_c/4     cm_LE   C.P.x/c
    81   1.9000   0.0009   0.4500   0.3600   0.0012  -0.0116   0.0086  -0.0322  -0.0322  -0.0005   0.0000   0.0067   0.0147    0.458
    82   1.9000   0.0077   0.4500   0.3600   0.0037  -0.0116   0.0086  -0.0322  -0.0322  -0.0005   0.0000   0.0067   0.0147    0.458
    83   1.9000   0.0213   0.4500   0.3600   0.0061  -0.0116   0.0086  -0.0322  -0.0322  -0.0005   0.0000   0.0067   0.0147    0.458
    84   1.9000   0.0413   0.4500   0.3600   0.0083  -0.0116   0.0086  -0.0322  -0.0322  -0.0005   0.0000   0.0067   0.0147    0.458
    85   1.9000   0.0671   0.4500   0.3600   0.0103  -0.0116   0.0086  -0.0322  -0.0322  -0.0005   0.0000   0.0067   0.0147    0.458
    86   1.9000   0.0982   0.4500   0.3600   0.0120  -0.0116   0.0086  -0.0321  -0.0321  -0.0005   0.0000   0.0067   0.0147    0.458
    87   1.9000   0.1337   0.4500   0.3600   0.0135  -0.0115   0.0085  -0.0321  -0.0321  -0.0005   0.0000   0.0067   0.0147    0.458
    88   1.9000   0.1728   0.4500   0.3600   0.0146  -0.0115   0.0085  -0.0319  -0.0319  -0.0005   0.0000   0.0066   0.0146    0.458
    89   1.9000   0.2146   0.4500   0.3600   0.0154  -0.0114   0.0084  -0.0318  -0.0318  -0.0005   0.0000   0.0066   0.0146    0.459
    90   1.9000   0.2580   0.4500   0.3600   0.0158  -0.0113   0.0083  -0.0315  -0.0315  -0.0005   0.0000   0.0066   0.0145    0.459
    91   1.9000   0.3020   0.4500   0.3600   0.0158  -0.0112   0.0081  -0.0312  -0.0312  -0.0005   0.0000   0.0065   0.0143    0.459
    92   1.9000   0.3454   0.4500   0.3600   0.0154  -0.0111   0.0079  -0.0307  -0.0307  -0.0005   0.0000   0.0064   0.0141    0.459
    93   1.9000   0.3872   0.4500   0.3600   0.0146  -0.0109   0.0076  -0.0302  -0.0302  -0.0004   0.0000   0.0063   0.0138    0.458
    94   1.9000   0.4263   0.4500   0.3600   0.0135  -0.0106   0.0072  -0.0295  -0.0295  -0.0004   0.0000   0.0061   0.0134    0.455
    95   1.9000   0.4618   0.4500   0.3600   0.0120  -0.0103   0.0067  -0.0287  -0.0287  -0.0004   0.0000   0.0058   0.0129    0.451
    96   1.9000   0.4929   0.4500   0.3600   0.0103  -0.0099   0.0061  -0.0276  -0.0276  -0.0004   0.0000   0.0053   0.0122    0.443
    97   1.9000   0.5187   0.4500   0.3600   0.0083  -0.0095   0.0054  -0.0263  -0.0263  -0.0004   0.0000   0.0047   0.0113    0.430
    98   1.9000   0.5387   0.4500   0.3600   0.0061  -0.0089   0.0048  -0.0248  -0.0248  -0.0004   0.0000   0.0040   0.0102    0.413
    99   1.9000   0.5523   0.4500   0.3600   0.0037  -0.0084   0.0042  -0.0232  -0.0232  -0.0004   0.0000   0.0032   0.0091    0.390
   100   1.9000   0.5591   0.4500   0.3600   0.0012  -0.0078   0.0039  -0.0217  -0.0217  -0.0004   0.0000   0.0025   0.0079    0.363

  Surface # 6     hstab_panel_0 (YDUP)                    
     # Chordwise = 12   # Spanwise = 20     First strip =101
     Surface area Ssurf =    0.201600     Ave. chord Cave =    0.360000

 Forces referred to Sref, Cref, Bref about Xref, Yref, Zref
 Standard axis orientation,  X fwd, Z down         
     CLsurf  =  -0.00218     Clsurf  =  -0.00010
     CYsurf  =  -0.00000     Cmsurf  =   0.00718
     CDsurf  =  -0.00003     Cnsurf  =  -0.00000
     CDisurf =  -0.00003     CDvsurf =   0.00000

 Forces referred to Ssurf, Cave 
     CLsurf  =  -0.03015     CDsurf  =  -0.00044

 Strip Forces referred to Strip Area, Chord
    j     Xle      Yle      Zle      Chord    Area     c_cl     ai     cl_norm    cl       cd       cdv    cm_c/4     cm_LE   C.P.x/c
   101   1.9000  -0.0009   0.4500   0.3600   0.0012  -0.0116   0.0086  -0.0322  -0.0322  -0.0005   0.0000   0.0067  -0.0147    0.458
   102   1.9000  -0.0077   0.4500   0.3600   0.0037  -0.0116   0.0086  -0.0322  -0.0322  -0.0005   0.0000   0.0067  -0.0147    0.458
   103   1.9000  -0.0213   0.4500   0.3600   0.0061  -0.0116   0.0086  -0.0322  -0.0322  -0.0005   0.0000   0.0067  -0.0147    0.458
   104   1.9000  -0.0413   0.4500   0.3600   0.0083  -0.0116   0.0086  -0.0322  -0.0322  -0.0005   0.0000   0.0067  -0.0147    0.458
   105   1.9000  -0.0671   0.4500   0.3600   0.0103  -0.0116   0.0086  -0.0321  -0.0321  -0.0005   0.0000   0.0067  -0.0147    0.458
   106   1.9000  -0.0982   0.4500   0.3600   0.0120  -0.0115   0.0086  -0.0321  -0.0321  -0.0005   0.0000   0.0067  -0.0147    0.458
   107   1.9000  -0.1337   0.4500   0.3600   0.0135  -0.0115   0.0085  -0.0319  -0.0319  -0.0005   0.0000   0.0067  -0.0147    0.459
   108   1.9000  -0.1728   0.4500   0.3600   0.0146  -0.0114   0.0085  -0.0318  -0.0318  -0.0005   0.0000   0.0067  -0.0146    0.460
   109   1.9000  -0.2146   0.4500   0.3600   0.0154  -0.0114   0.0084  -0.0316  -0.0316  -0.0005   0.0000   0.0066  -0.0145    0.460
   110   1.9000  -0.2580   0.4500   0.3600   0.0158  -0.0113   0.0083  -0.0313  -0.0313  -0.0005   0.0000   0.0066  -0.0144    0.461
   111   1.9000  -0.3020   0.4500   0.3600   0.0158  -0.0111   0.0081  -0.0309  -0.0309  -0.0005   0.0000   0.0066  -0.0143    0.462
   112   1.9000  -0.3454   0.4500   0.3600   0.0154  -0.0109   0.0079  -0.0304  -0.0304  -0.0004   0.0000   0.0065  -0.0141    0.464
   113   1.9000  -0.3872   0.4500   0.3600   0.0146  -0.0107   0.0077  -0.0298  -0.0298  -0.0004   0.0000   0.0064  -0.0138    0.464
   114   1.9000  -0.4263   0.4500   0.3600   0.0135  -0.0105   0.0073  -0.0291  -0.0291  -0.0004   0.0000   0.0062  -0.0135    0.465
   115   1.9000  -0.4618   0.4500   0.3600   0.0120  -0.0101   0.0068  -0.0282  -0.0282  -0.0004   0.0000   0.0060  -0.0131    0.464
   116   1.9000  -0.4929   0.4500   0.3600   0.0103  -0.0098   0.0063  -0.0271  -0.0271  -0.0004   0.0000   0.0057  -0.0125    0.461
   117   1.9000  -0.5187   0.4500   0.3600   0.0083  -0.0093   0.0056  -0.0258  -0.0258  -0.0004   0.0000   0.0053  -0.0117    0.454
   118   1.9000  -0.5387   0.4500   0.3600   0.0061  -0.0088   0.0049  -0.0244  -0.0244  -0.0004   0.0000   0.0047  -0.0108    0.443
   119   1.9000  -0.5523   0.4500   0.3600   0.0037  -0.0082   0.0043  -0.0228  -0.0228  -0.0003   0.0000   0.0040  -0.0097    0.428
   120   1.9000  -0.5591   0.4500   0.3600   0.0012  -0.0076   0.0040  -0.0212  -0.0212  -0.0003   0.0000   0.0033  -0.0086    0.408

  Surface # 7     fin_panel_0                             
     # Chordwise = 12   # Spanwise = 20     First strip =121
     Surface area Ssurf =    0.135000     Ave. chord Cave =    0.300000

 Forces referred to Sref, Cref, Bref about Xref, Yref, Zref
 Standard axis orientation,  X fwd, Z down         
     CLsurf  =   0.00000     Clsurf  =  -0.00003
     CYsurf  =  -0.00059     Cmsurf  =  -0.00000
     CDsurf  =  -0.00000     Cnsurf  =   0.00015
     CDisurf =  -0.00000     CDvsurf =   0.00000

 Forces referred to Ssurf, Cave 
     CLsurf  =  -0.01222     CDsurf  =  -0.00001

 Strip Forces referred to Strip Area, Chord
    j     Xle      Yle      Zle      Chord    Area     c_cl     ai     cl_norm    cl       cd       cdv    cm_c/4     cm_LE   C.P.x/c
   121   1.9000   0.5600   0.4493   0.3000   0.0008  -0.0075   0.0193  -0.0250  -0.0250   0.0001   0.0000   0.0042   0.0105    0.419
   122   1.9000   0.5600   0.4438   0.3000   0.0025  -0.0072   0.0082  -0.0239  -0.0239  -0.0000   0.0000   0.0036   0.0096    0.400
   123   1.9000   0.5600   0.4329   0.3000   0.0041  -0.0067   0.0069  -0.0224  -0.0224  -0.0000   0.0000   0.0028   0.0084    0.375
   124   1.9000   0.5600   0.4168   0.3000   0.0055  -0.0063   0.0060  -0.0209  -0.0209  -0.0000   0.0000   0.0021   0.0073    0.349
   125   1.9000   0.5600   0.3961   0.3000   0.0069  -0.0058   0.0052  -0.0195  -0.0195  -0.0000   0.0000   0.0015   0.0063    0.325
   126   1.9000   0.5600   0.3711   0.3000   0.0081  -0.0054   0.0045  -0.0181  -0.0181  -0.0000   0.0000   0.0009   0.0055    0.302
   127   1.9000   0.5600   0.3426   0.3000   0.0090  -0.0050   0.0040  -0.0167  -0.0167  -0.0000   0.0000   0.0005   0.0047    0.282
   128   1.9000   0.5600   0.3111   0.3000   0.0098  -0.0046   0.0036  -0.0154  -0.0153  -0.0000   0.0000   0.0002   0.0040    0.263
   129   1.9000   0.5600   0.2775   0.3000   0.0103  -0.0042   0.0032  -0.0140  -0.0140  -0.0000   0.0000  -0.0001   0.0035    0.246
   130   1.9000   0.5600   0.2427   0.3000   0.0106  -0.0038   0.0029  -0.0128  -0.0128  -0.0000   0.0000  -0.0003   0.0029    0.230
   131   1.9000   0.5600   0.2073   0.3000   0.0106  -0.0034   0.0027  -0.0115  -0.0115  -0.0000   0.0000  -0.0004   0.0025    0.215
   132   1.9000   0.5600   0.1725   0.3000   0.0103  -0.0031   0.0025  -0.0102  -0.0102  -0.0000   0.0000  -0.0005   0.0020    0.199
   133   1.9000   0.5600   0.1389   0.3000   0.0098  -0.0027   0.0024  -0.0089  -0.0089  -0.0000   0.0000  -0.0006   0.0016    0.183
   134   1.9000   0.5600   0.1074   0.3000   0.0090  -0.0023   0.0023  -0.0076  -0.0076  -0.0000   0.0000  -0.0006   0.0013    0.166
   135   1.9000   0.5600   0.0789   0.3000   0.0081  -0.0019   0.0023  -0.0063  -0.0063  -0.0000   0.0000  -0.0006   0.0009    0.147
   136   1.9000   0.5600   0.0539   0.3000   0.0069  -0.0015   0.0024  -0.0050  -0.0050  -0.0000   0.0000  -0.0006   0.0006    0.128
   137   1.9000   0.5600   0.0332   0.3000   0.0055  -0.0011   0.0027  -0.0038  -0.0038  -0.0000   0.0000  -0.0005   0.0004    0.108
   138   1.9000   0.5600   0.0171   0.3000   0.0041  -0.0008   0.0036  -0.0027  -0.0027  -0.0000   0.0000  -0.0004   0.0002    0.089
   139   1.9000   0.5600   0.0062   0.3000   0.0025  -0.0005   0.0051  -0.0016  -0.0016   0.0000   0.0000  -0.0003   0.0001    0.075
   140   1.9000   0.5600   0.0007   0.3000   0.0008  -0.0002   0.0024  -0.0005  -0.0005   0.0000   0.0000  -0.0001   0.0000    0.066

  Surface # 8     fin_panel_0                             
     # Chordwise = 12   # Spanwise = 20     First strip =141
     Surface area Ssurf =    0.135000     Ave. chord Cave =    0.300000

 Forces referred to Sref, Cref, Bref about Xref, Yref, Zref
 Standard axis orientation,  X fwd, Z down         
     CLsurf  =   0.00000     Clsurf  =   0.00003
     CYsurf  =   0.00057     Cmsurf  =  -0.00000
     CDsurf  =  -0.00000     Cnsurf  =  -0.00015
     CDisurf =  -0.00000     CDvsurf =   0.00000

 Forces referred to Ssurf, Cave 
     CLsurf  =   0.01186     CDsurf  =  -0.00002

 Strip Forces referred to Strip Area, Chord
    j     Xle      Yle      Zle      Chord    Area     c_cl     ai     cl_norm    cl       cd       cdv    cm_c/4     cm_LE   C.P.x/c
   141   1.9000  -0.5600   0.4493   0.3000   0.0008   0.0073  -0.0200   0.0244   0.0244  -0.0001   0.0000  -0.0055  -0.0116    0.477
   142   1.9000  -0.5600   0.4438   0.3000   0.0025   0.0070  -0.0082   0.0233   0.0233  -0.0000   0.0000  -0.0050  -0.0109    0.466
   143   1.9000  -0.5600   0.4329   0.3000   0.0041   0.0066  -0.0068   0.0219   0.0219  -0.0000   0.0000  -0.0044  -0.0099    0.451
   144   1.9000  -0.5600   0.4168   0.3000   0.0055   0.0061  -0.0060   0.0204   0.0204  -0.0000   0.0000  -0.0038  -0.0089    0.435
   145   1.9000  -0.5600   0.3961   0.3000   0.0069   0.0057  -0.0052   0.0190   0.0190  -0.0000   0.0000  -0.0033  -0.0080    0.422
   146   1.9000  -0.5600   0.3711   0.3000   0.0081   0.0053  -0.0046   0.0175   0.0175  -0.0000   0.0000  -0.0028  -0.0072    0.410
   147   1.9000  -0.5600   0.3426   0.3000   0.0090   0.0048  -0.0041   0.0162   0.0161  -0.0000   0.0000  -0.0024  -0.0065    0.401
   148   1.9000  -0.5600   0.3111   0.3000   0.0098   0.0044  -0.0037   0.0148   0.0148  -0.0000   0.0000  -0.0021  -0.0058    0.395
   149   1.9000  -0.5600   0.2775   0.3000   0.0103   0.0041  -0.0034   0.0135   0.0135  -0.0000   0.0000  -0.0019  -0.0053    0.391
   150   1.9000  -0.5600   0.2427   0.3000   0.0106   0.0037  -0.0031   0.0123   0.0123  -0.0000   0.0000  -0.0017  -0.0048    0.390
   151   1.9000  -0.5600   0.2073   0.3000   0.0106   0.0033  -0.0028   0.0110   0.0110  -0.0000   0.0000  -0.0016  -0.0043    0.391
   152   1.9000  -0.5600   0.1725   0.3000   0.0103   0.0029  -0.0026   0.0098   0.0098  -0.0000   0.0000  -0.0014  -0.0039    0.395
   153   1.9000  -0.5600   0.1389   0.3000   0.0098   0.0026  -0.0024   0.0086   0.0086  -0.0000   0.0000  -0.0013  -0.0035    0.402
   154   1.9000  -0.5600   0.1074   0.3000   0.0090   0.0022  -0.0023   0.0074   0.0074  -0.0000   0.0000  -0.0012  -0.0030    0.411
   155   1.9000  -0.5600   0.0789   0.3000   0.0081   0.0019  -0.0022   0.0062   0.0062  -0.0000   0.0000  -0.0011  -0.0026    0.424
   156   1.9000  -0.5600   0.0539   0.3000   0.0069   0.0015  -0.0022   0.0050   0.0050  -0.0000   0.0000  -0.0010  -0.0022    0.439
   157   1.9000  -0.5600   0.0332   0.3000   0.0055   0.0012  -0.0024   0.0039   0.0039  -0.0000   0.0000  -0.0008  -0.0018    0.454
   158   1.9000  -0.5600   0.0171   0.3000   0.0041   0.0008  -0.0031   0.0028   0.0028  -0.0000   0.0000  -0.0006  -0.0013    0.468
   159   1.9000  -0.5600   0.0062   0.3000   0.0025   0.0005  -0.0046   0.0016   0.0016  -0.0000   0.0000  -0.0004  -0.0008    0.479
   160   1.9000  -0.5600   0.0007   0.3000   0.0008   0.0002  -0.0018   0.0005   0.0005  -0.0000   0.0000  -0.0001  -0.0003    0.485
 ---------------------------------------------------------------
