 ---------------------------------------------------------------
 Surface and Strip Forces by surface

  Sref =  2.7910       Cref = 0.47500       Bref =  5.8800    
  Xref = 0.50000       Yref =  0.0000       Zref =  0.0000    

  Surface # 1     main_wing_panel_0                       
     # Chordwise = 12   # Spanwise = 20     First strip =  1
     Surface area Ssurf =    0.683400     Ave. chord Cave =    0.510000

 Forces referred to Sref, Cref, Bref about Xref, Yref, Zref
 Standard axis orientation,  X fwd, Z down         
     CLsurf  =   0.13908     Clsurf  =  -0.01570
     CYsurf  =   0.00000     Cmsurf  =  -0.00434
     CDsurf  =   0.00161     Cnsurf  =  -0.00067
     CDisurf =   0.00161     CDvsurf =   0.00000

 Forces referred to Ssurf, Cave 
     CLsurf  =   0.56798     CDsurf  =   0.00657

 Strip Forces referred to Strip Area, Chord
    j     Xle      Yle      Zle      Chord    Area     c_cl     ai     cl_norm    cl       cd       cdv    cm_c/4     cm_LE   C.P.x/c
     1   0.4000   0.0021   0.0000   0.5100   0.0042   0.2939   0.0194   0.5768   0.5768   0.0061   0.0000   0.0141  -0.1300    0.226
     2   0.4000   0.0185   0.0000   0.5100   0.0125   0.2939   0.0194   0.5768   0.5768   0.0061   0.0000   0.0141  -0.1300    0.226
     3   0.4000   0.0510   0.0000   0.5100   0.0205   0.2939   0.0195   0.5768   0.5768   0.0061   0.0000   0.0141  -0.1300    0.226
     4   0.4000   0.0987   0.0000   0.5100   0.0280   0.2938   0.0195   0.5767   0.5767   0.0061   0.0000   0.0141  -0.1300    0.226
     5   0.4000   0.1605   0.0000   0.5100   0.0348   0.2937   0.0196   0.5765   0.5765   0.0061   0.0000   0.0141  -0.1299    0.226
     6   0.4000   0.2349   0.0000   0.5100   0.0408   0.2936   0.0197   0.5761   0.5761   0.0061   0.0000   0.0141  -0.1298    0.226
     7   0.4000   0.3199   0.0000   0.5100   0.0457   0.2933   0.0199   0.5755   0.5755   0.0062   0.0000   0.0141  -0.1297    0.226
     8   0.4000   0.4136   0.0000   0.5100   0.0495   0.2928   0.0202   0.5747   0.5747   0.0062   0.0000   0.0141  -0.1295    0.226
     9   0.4000   0.5136   0.0000   0.5100   0.0521   0.2922   0.0203   0.5734   0.5734   0.0063   0.0000   0.0141  -0.1292    0.225
    10   0.4000   0.6174   0.0000   0.5100   0.0535   0.2914   0.0229   0.5718   0.5718   0.0064   0.0000   0.0141  -0.1288    0.225
    11   0.4000   0.7226   0.0000   0.5100   0.0535   0.2904   0.0231   0.5699   0.5699   0.0065   0.0000   0.0141  -0.1283    0.225
    12   0.4000   0.8264   0.0000   0.5100   0.0521   0.2892   0.0237   0.5675   0.5675   0.0066   0.0000   0.0141  -0.1277    0.225
    13   0.4000   0.9264   0.0000   0.5100   0.0495   0.2878   0.0243   0.5647   0.5647   0.0067   0.0000   0.0141  -0.1270    0.225
    14   0.4000   1.0201   0.0000   0.5100   0.0457   0.2862   0.0249   0.5617   0.5617   0.0069   0.0000   0.0141  -0.1262    0.225
    15   0.4000   1.1051   0.0000   0.5100   0.0408   0.2846   0.0255   0.5585   0.5585   0.0070   0.0000   0.0141  -0.1254    0.225
    16   0.4000   1.1795   0.0000   0.5100   0.0348   0.2830   0.0262   0.5553   0.5553   0.0072   0.0000   0.0141  -0.1246    0.225
    17   0.4000   1.2413   0.0000   0.5100   0.0280   0.2814   0.0268   0.5522   0.5522   0.0074   0.0000   0.0141  -0.1238    0.224
    18   0.4000   1.2890   0.0000   0.5100   0.0205   0.2801   0.0274   0.5496   0.5496   0.0076   0.0000   0.0141  -0.1232    0.224
    19   0.4000   1.3215   0.0000   0.5100   0.0125   0.2791   0.0279   0.5477   0.5477   0.0079   0.0000   0.0141  -0.1227    0.224
    20   0.4000   1.3379   0.0000   0.5100   0.0042   0.2786   0.0283   0.5465   0.5465   0.0094   0.0000   0.0141  -0.1224    0.224

  Surface # 2     main_wing_panel_0 (YDUP)                
     # Chordwise = 12   # Spanwise = 20     First strip = 21
     Surface area Ssurf =    0.683400     Ave. chord Cave =    0.510000

 Forces referred to Sref, Cref, Bref about Xref, Yref, Zref
 Standard axis orientation,  X fwd, Z down         
     CLsurf  =   0.13907     Clsurf  =   0.01570
     CYsurf  =   0.00000     Cmsurf  =  -0.00434
     CDsurf  =   0.00161     Cnsurf  =   0.00067
     CDisurf =   0.00161     CDvsurf =   0.00000

 Forces referred to Ssurf, Cave 
     CLsurf  =   0.56798     CDsurf  =   0.00657

 Strip Forces referred to Strip Area, Chord
    j     Xle      Yle      Zle      Chord    Area     c_cl     ai     cl_norm    cl       cd       cdv    cm_c/4     cm_LE   C.P.x/c
    21   0.4000  -0.0021   0.0000   0.5100   0.0042   0.2939   0.0194   0.5768   0.5768   0.0061   0.0000   0.0141   0.1300    0.226
    22   0.4000  -0.0185   0.0000   0.5100   0.0125   0.2939   0.0194   0.5768   0.5768   0.0061   0.0000   0.0141   0.1300    0.226
    23   0.4000  -0.0510   0.0000   0.5100   0.0205   0.2939   0.0195   0.5768   0.5768   0.0061   0.0000   0.0141   0.1300    0.226
    24   0.4000  -0.0987   0.0000   0.5100   0.0280   0.2938   0.0195   0.5767   0.5767   0.0061   0.0000   0.0141   0.1300    0.226
    25   0.4000  -0.1605   0.0000   0.5100   0.0348   0.2937   0.0196   0.5765   0.5765   0.0061   0.0000   0.0141   0.1299    0.226
    26   0.4000  -0.2349   0.0000   0.5100   0.0408   0.2936   0.0197   0.5761   0.5761   0.0061   0.0000   0.0141   0.1298    0.226
    27   0.4000  -0.3199   0.0000   0.5100   0.0457   0.2933   0.0199   0.5755   0.5755   0.0062   0.0000   0.0141   0.1297    0.226
    28   0.4000  -0.4136   0.0000   0.5100   0.0495   0.2928   0.0202   0.5747   0.5747   0.0062   0.0000   0.0141   0.1295    0.226
    29   0.4000  -0.5136   0.0000   0.5100   0.0521   0.2922   0.0202   0.5734   0.5734   0.0063   0.0000   0.0141   0.1292    0.225
    30   0.4000  -0.6174   0.0000   0.5100   0.0535   0.2914   0.0229   0.5718   0.5718   0.0064   0.0000   0.0141   0.1288    0.225
    31   0.4000  -0.7226   0.0000   0.5100   0.0535   0.2904   0.0232   0.5698   0.5698   0.0065   0.0000   0.0141   0.1283    0.225
    32   0.4000  -0.8264   0.0000   0.5100   0.0521   0.2892   0.0237   0.5675   0.5675   0.0066   0.0000   0.0141   0.1277    0.225
    33   0.4000  -0.9264   0.0000   0.5100   0.0495   0.2878   0.0243   0.5647   0.5647   0.0067   0.0000   0.0141   0.1270    0.225
    34   0.4000  -1.0201   0.0000   0.5100   0.0457   0.2862   0.0249   0.5617   0.5617   0.0069   0.0000   0.0141   0.1262    0.225
    35   0.4000  -1.1051   0.0000   0.5100   0.0408   0.2846   0.0255   0.5585   0.5585   0.0070   0.0000   0.0141   0.1254    0.225
    36   0.4000  -1.1795   0.0000   0.5100   0.0348   0.2830   0.0262   0.5553   0.5553   0.0072   0.0000   0.0141   0.1246    0.225
    37   0.4000  -1.2413   0.0000   0.5100   0.0280   0.2814   0.0268   0.5522   0.5522   0.0074   0.0000   0.0141   0.1238    0.224
    38   0.4000  -1.2890   0.0000   0.5100   0.0205   0.2801   0.0274   0.5496   0.5496   0.0076   0.0000   0.0141   0.1232    0.224
    39   0.4000  -1.3215   0.0000   0.5100   0.0125   0.2791   0.0279   0.5477   0.5477   0.0079   0.0000   0.0141   0.1227    0.224
    40   0.4000  -1.3379   0.0000   0.5100   0.0042   0.2786   0.0283   0.5465   0.5465   0.0094   0.0000   0.0141   0.1224    0.224

  Surface # 3     main_wing_panel_1                       
     # Chordwise = 12   # Spanwise = 20     First strip = 41
     Surface area Ssurf =    0.712000     Ave. chord Cave =    0.445000

 Forces referred to Sref, Cref, Bref about Xref, Yref, Zref
 Standard axis orientation,  X fwd, Z down         
     CLsurf  =   0.12303     Clsurf  =  -0.04236
     CYsurf  =  -0.00024     Cmsurf  =  -0.00297
     CDsurf  =   0.00200     Cnsurf  =  -0.00157
     CDisurf =   0.00200     CDvsurf =   0.00000

 Forces referred to Ssurf, Cave 
     CLsurf  =   0.48227     CDsurf  =   0.00785

 Strip Forces referred to Strip Area, Chord
    j     Xle      Yle      Zle      Chord    Area     c_cl     ai     cl_norm    cl       cd       cdv    cm_c/4     cm_LE   C.P.x/c
    41   0.4001   1.3425   0.0000   0.5098   0.0050   0.2785   0.0283   0.5465   0.5465   0.0091   0.0000   0.0141  -0.1224    0.224
    42   0.4005   1.3621   0.0000   0.5082   0.0149   0.2777   0.0280   0.5469   0.5469   0.0079   0.0000   0.0142  -0.1224    0.224
    43   0.4013   1.4009   0.0000   0.5051   0.0243   0.2762   0.0277   0.5473   0.5473   0.0076   0.0000   0.0144  -0.1223    0.224
    44   0.4024   1.4579   0.0000   0.5004   0.0328   0.2738   0.0274   0.5476   0.5476   0.0075   0.0000   0.0147  -0.1221    0.223
    45   0.4040   1.5317   0.0000   0.4944   0.0403   0.2704   0.0273   0.5473   0.5473   0.0074   0.0000   0.0151  -0.1216    0.222
    46   0.4058   1.6204   0.0000   0.4872   0.0465   0.2660   0.0273   0.5463   0.5463   0.0074   0.0000   0.0155  -0.1209    0.222
    47   0.4079   1.7220   0.0000   0.4790   0.0513   0.2604   0.0274   0.5441   0.5441   0.0074   0.0000   0.0160  -0.1199    0.221
    48   0.4102   1.8339   0.0000   0.4699   0.0545   0.2537   0.0279   0.5403   0.5403   0.0074   0.0000   0.0166  -0.1183    0.219
    49   0.4126   1.9532   0.0000   0.4602   0.0562   0.2457   0.0286   0.5343   0.5343   0.0076   0.0000   0.0173  -0.1162    0.218
    50   0.4152   2.0772   0.0000   0.4501   0.0563   0.2364   0.0299   0.5256   0.5256   0.0077   0.0000   0.0179  -0.1133    0.216
    51   0.4178   2.2028   0.0000   0.4399   0.0551   0.2256   0.0316   0.5132   0.5132   0.0080   0.0000   0.0187  -0.1095    0.214
    52   0.4204   2.3268   0.0000   0.4298   0.0525   0.2132   0.0339   0.4962   0.4962   0.0083   0.0000   0.0194  -0.1045    0.211
    53   0.4228   2.4461   0.0000   0.4201   0.0487   0.1987   0.0370   0.4732   0.4732   0.0086   0.0000   0.0201  -0.0981    0.207
    54   0.4251   2.5580   0.0000   0.4110   0.0440   0.1819   0.0407   0.4427   0.4427   0.0089   0.0000   0.0207  -0.0899    0.203
    55   0.4272   2.6596   0.0000   0.4028   0.0384   0.1623   0.0450   0.4030   0.4030   0.0090   0.0000   0.0211  -0.0796    0.198
    56   0.4290   2.7483   0.0000   0.3956   0.0323   0.1395   0.0496   0.3526   0.3526   0.0088   0.0000   0.0210  -0.0671    0.190
    57   0.4306   2.8221   0.0000   0.3896   0.0256   0.1132   0.0540   0.2907   0.2907   0.0081   0.0000   0.0199  -0.0528    0.182
    58   0.4317   2.8791   0.0000   0.3849   0.0185   0.0837   0.0579   0.2175   0.2175   0.0069   0.0000   0.0169  -0.0374    0.172
    59   0.4325   2.9179   0.0000   0.3818   0.0112   0.0515   0.0608   0.1348   0.1348   0.0049   0.0000   0.0117  -0.0220    0.163
    60   0.4329   2.9375   0.0000   0.3802   0.0037   0.0174   0.0626   0.0457   0.0457   0.0020   0.0000   0.0042  -0.0072    0.157

  Surface # 4     main_wing_panel_1 (YDUP)                
     # Chordwise = 12   # Spanwise = 20     First strip = 61
     Surface area Ssurf =    0.712000     Ave. chord Cave =    0.445000

 Forces referred to Sref, Cref, Bref about Xref, Yref, Zref
 Standard axis orientation,  X fwd, Z down         
     CLsurf  =   0.12303     Clsurf  =   0.04236
     CYsurf  =   0.00024     Cmsurf  =  -0.00297
     CDsurf  =   0.00200     Cnsurf  =   0.00157
     CDisurf =   0.00200     CDvsurf =   0.00000

 Forces referred to Ssurf, Cave 
     CLsurf  =   0.48227     CDsurf  =   0.00785

 Strip Forces referred to Strip Area, Chord
    j     Xle      Yle      Zle      Chord    Area     c_cl     ai     cl_norm    cl       cd       cdv    cm_c/4     cm_LE   C.P.x/c
    61   0.4001  -1.3425   0.0000   0.5098   0.0050   0.2785   0.0283   0.5465   0.5465   0.0091   0.0000   0.0141   0.1224    0.224
    62   0.4005  -1.3621   0.0000   0.5082   0.0149   0.2777   0.0280   0.5469   0.5469   0.0079   0.0000   0.0142   0.1224    0.224
    63   0.4013  -1.4009   0.0000   0.5051   0.0243   0.2762   0.0277   0.5473   0.5473   0.0076   0.0000   0.0144   0.1223    0.224
    64   0.4024  -1.4579   0.0000   0.5004   0.0328   0.2738   0.0274   0.5476   0.5476   0.0075   0.0000   0.0147   0.1221    0.223
    65   0.4040  -1.5317   0.0000   0.4944   0.0403   0.2704   0.0273   0.5473   0.5473   0.0074   0.0000   0.0151   0.1216    0.222
    66   0.4058  -1.6204   0.0000   0.4872   0.0465   0.2660   0.0273   0.5463   0.5463   0.0074   0.0000   0.0155   0.1209    0.222
    67   0.4079  -1.7220   0.0000   0.4790   0.0513   0.2604   0.0274   0.5441   0.5441   0.0074   0.0000   0.0160   0.1199    0.221
    68   0.4102  -1.8339   0.0000   0.4699   0.0545   0.2537   0.0279   0.5403   0.5403   0.0074   0.0000   0.0166   0.1183    0.219
    69   0.4126  -1.9532   0.0000   0.4602   0.0562   0.2457   0.0286   0.5343   0.5343   0.0076   0.0000   0.0173   0.1162    0.218
    70   0.4152  -2.0772   0.0000   0.4501   0.0563   0.2364   0.0299   0.5256   0.5256   0.0077   0.0000   0.0179   0.1133    0.216
    71   0.4178  -2.2028   0.0000   0.4399   0.0551   0.2256   0.0316   0.5132   0.5132   0.0080   0.0000   0.0187   0.1095    0.214
    72   0.4204  -2.3268   0.0000   0.4298   0.0525   0.2132   0.0339   0.4962   0.4962   0.0083   0.0000   0.0194   0.1045    0.211
    73   0.4228  -2.4461   0.0000   0.4201   0.0487   0.1987   0.0370   0.4732   0.4732   0.0086   0.0000   0.0201   0.0981    0.207
    74   0.4251  -2.5580   0.0000   0.4110   0.0440   0.1819   0.0407   0.4427   0.4427   0.0089   0.0000   0.0207   0.0899    0.203
    75   0.4272  -2.6596   0.0000   0.4028   0.0384   0.1623   0.0450   0.4030   0.4030   0.0090   0.0000   0.0211   0.0796    0.198
    76   0.4290  -2.7483   0.0000   0.3956   0.0323   0.1395   0.0496   0.3526   0.3526   0.0088   0.0000   0.0210   0.0671    0.190
    77   0.4306  -2.8221   0.0000   0.3896   0.0256   0.1132   0.0540   0.2907   0.2907   0.0081   0.0000   0.0199   0.0528    0.182
    78   0.4317  -2.8791   0.0000   0.3849   0.0185   0.0837   0.0579   0.2175   0.2175   0.0069   0.0000   0.0169   0.0374    0.172
    79   0.4325  -2.9179   0.0000   0.3818   0.0112   0.0515   0.0608   0.1348   0.1348   0.0049   0.0000   0.0117   0.0220    0.163
    80   0.4329  -2.9375   0.0000   0.3802   0.0037   0.0174   0.0626   0.0457   0.0457   0.0020   0.0000   0.0042   0.0072    0.157

  Surface # 5     hstab_panel_0                           
     # Chordwise = 12   # Spanwise = 20     First strip = 81
     Surface area Ssurf =    0.201600     Ave. chord Cave =    0.360000

 Forces referred to Sref, Cref, Bref about Xref, Yref, Zref
 Standard axis orientation,  X fwd, Z down         
     CLsurf  =  -0.00176     Clsurf  =   0.00008
     CYsurf  =  -0.00000     Cmsurf  =   0.00729
     CDsurf  =  -0.00004     Cnsurf  =   0.00000
     CDisurf =  -0.00004     CDvsurf =   0.00000

 Forces referred to Ssurf, Cave 
     CLsurf  =  -0.02435     CDsurf  =  -0.00053

 Strip Forces referred to Strip Area, Chord
    j     Xle      Yle      Zle      Chord    Area     c_cl     ai     cl_norm    cl       cd       cdv    cm_c/4     cm_LE   C.P.x/c
    81   1.9000   0.0009   0.4500   0.3600   0.0012  -0.0093   0.0165  -0.0260  -0.0260  -0.0006   0.0000   0.0332   0.0397    1.528
    82   1.9000   0.0077   0.4500   0.3600   0.0037  -0.0093   0.0165  -0.0260  -0.0260  -0.0006   0.0000   0.0332   0.0397    1.528
    83   1.9000   0.0213   0.4500   0.3600   0.0061  -0.0093   0.0165  -0.0260  -0.0260  -0.0006   0.0000   0.0332   0.0397    1.528
    84   1.9000   0.0413   0.4500   0.3600   0.0083  -0.0093   0.0165  -0.0259  -0.0259  -0.0006   0.0000   0.0332   0.0397    1.528
    85   1.9000   0.0671   0.4500   0.3600   0.0103  -0.0093   0.0164  -0.0259  -0.0259  -0.0006   0.0000   0.0332   0.0396    1.529
    86   1.9000   0.0982   0.4500   0.3600   0.0120  -0.0093   0.0164  -0.0259  -0.0259  -0.0006   0.0000   0.0331   0.0396    1.529
    87   1.9000   0.1337   0.4500   0.3600   0.0135  -0.0093   0.0163  -0.0259  -0.0259  -0.0006   0.0000   0.0331   0.0396    1.530
    88   1.9000   0.1728   0.4500   0.3600   0.0146  -0.0093   0.0162  -0.0258  -0.0258  -0.0006   0.0000   0.0331   0.0395    1.530
    89   1.9000   0.2146   0.4500   0.3600   0.0154  -0.0093   0.0160  -0.0258  -0.0258  -0.0006   0.0000   0.0330   0.0394    1.531
    90   1.9000   0.2580   0.4500   0.3600   0.0158  -0.0092   0.0157  -0.0257  -0.0257  -0.0006   0.0000   0.0329   0.0393    1.531
    91   1.9000   0.3020   0.4500   0.3600   0.0158  -0.0092   0.0153  -0.0255  -0.0255  -0.0006   0.0000   0.0327   0.0391    1.532
    92   1.9000   0.3454   0.4500   0.3600   0.0154  -0.0091   0.0148  -0.0252  -0.0252  -0.0006   0.0000   0.0324   0.0387    1.533
    93   1.9000   0.3872   0.4500   0.3600   0.0146  -0.0089   0.0140  -0.0248  -0.0248  -0.0005   0.0000   0.0319   0.0381    1.535
    94   1.9000   0.4263   0.4500   0.3600   0.0135  -0.0087   0.0129  -0.0242  -0.0242  -0.0005   0.0000   0.0312   0.0372    1.538
    95   1.9000   0.4618   0.4500   0.3600   0.0120  -0.0084   0.0114  -0.0232  -0.0232  -0.0005   0.0000   0.0301   0.0359    1.546
    96   1.9000   0.4929   0.4500   0.3600   0.0103  -0.0078   0.0095  -0.0217  -0.0217  -0.0004   0.0000   0.0284   0.0339    1.561
    97   1.9000   0.5187   0.4500   0.3600   0.0083  -0.0070   0.0072  -0.0195  -0.0195  -0.0004   0.0000   0.0262   0.0311    1.590
    98   1.9000   0.5387   0.4500   0.3600   0.0061  -0.0060   0.0049  -0.0167  -0.0167  -0.0003   0.0000   0.0233   0.0274    1.647
    99   1.9000   0.5523   0.4500   0.3600   0.0037  -0.0048   0.0030  -0.0132  -0.0132  -0.0002   0.0000   0.0199   0.0232    1.752
   100   1.9000   0.5591   0.4500   0.3600   0.0012  -0.0034   0.0018  -0.0095  -0.0095  -0.0004   0.0000   0.0162   0.0186    1.960

  Surface # 6     hstab_panel_0 (YDUP)                    
     # Chordwise = 12   # Spanwise = 20     First strip =101
     Surface area Ssurf =    0.201600     Ave. chord Cave =    0.360000

 Forces referred to Sref, Cref, Bref about Xref, Yref, Zref
 Standard axis orientation,  X fwd, Z down         
     CLsurf  =  -0.00177     Clsurf  =  -0.00008
     CYsurf  =   0.00000     Cmsurf  =   0.00732
     CDsurf  =  -0.00004     Cnsurf  =  -0.00000
     CDisurf =  -0.00004     CDvsurf =   0.00000

 Forces referred to Ssurf, Cave 
     CLsurf  =  -0.02451     CDsurf  =  -0.00054

 Strip Forces referred to Strip Area, Chord
    j     Xle      Yle      Zle      Chord    Area     c_cl     ai     cl_norm    cl       cd       cdv    cm_c/4     cm_LE   C.P.x/c
   101   1.9000  -0.0009   0.4500   0.3600   0.0012  -0.0093   0.0165  -0.0260  -0.0260  -0.0006   0.0000   0.0332  -0.0397    1.528
   102   1.9000  -0.0077   0.4500   0.3600   0.0037  -0.0093   0.0165  -0.0260  -0.0260  -0.0006   0.0000   0.0332  -0.0397    1.528
   103   1.9000  -0.0213   0.4500   0.3600   0.0061  -0.0093   0.0165  -0.0260  -0.0260  -0.0006   0.0000   0.0332  -0.0397    1.528
   104   1.9000  -0.0413   0.4500   0.3600   0.0083  -0.0093   0.0165  -0.0260  -0.0260  -0.0006   0.0000   0.0332  -0.0397    1.527
   105   1.9000  -0.0671   0.4500   0.3600   0.0103  -0.0093   0.0164  -0.0260  -0.0260  -0.0006   0.0000   0.0332  -0.0397    1.527
   106   1.9000  -0.0982   0.4500   0.3600   0.0120  -0.0093   0.0164  -0.0260  -0.0260  -0.0006   0.0000   0.0331  -0.0396    1.527
   107   1.9000  -0.1337   0.4500   0.3600   0.0135  -0.0093   0.0163  -0.0260  -0.0260  -0.0006   0.0000   0.0331  -0.0396    1.526
   108   1.9000  -0.1728   0.4500   0.3600   0.0146  -0.0093   0.0162  -0.0259  -0.0259  -0.0006   0.0000   0.0331  -0.0395    1.525
   109   1.9000  -0.2146   0.4500   0.3600   0.0154  -0.0093   0.0160  -0.0259  -0.0259  -0.0006   0.0000   0.0330  -0.0395    1.525
   110   1.9000  -0.2580   0.4500   0.3600   0.0158  -0.0093   0.0157  -0.0258  -0.0258  -0.0006   0.0000   0.0329  -0.0393    1.524
   111   1.9000  -0.3020   0.4500   0.3600   0.0158  -0.0092   0.0153  -0.0257  -0.0257  -0.0006   0.0000   0.0327  -0.0391    1.522
   112   1.9000  -0.3454   0.4500   0.3600   0.0154  -0.0092   0.0147  -0.0254  -0.0254  -0.0006   0.0000   0.0323  -0.0387    1.521
   113   1.9000  -0.3872   0.4500   0.3600   0.0146  -0.0090   0.0139  -0.0251  -0.0251  -0.0005   0.0000   0.0318  -0.0381    1.520
   114   1.9000  -0.4263   0.4500   0.3600   0.0135  -0.0088   0.0128  -0.0244  -0.0244  -0.0005   0.0000   0.0311  -0.0372    1.521
   115   1.9000  -0.4618   0.4500   0.3600   0.0120  -0.0084   0.0113  -0.0235  -0.0235  -0.0005   0.0000   0.0299  -0.0358    1.524
   116   1.9000  -0.4929   0.4500   0.3600   0.0103  -0.0079   0.0094  -0.0220  -0.0220  -0.0004   0.0000   0.0282  -0.0337    1.534
   117   1.9000  -0.5187   0.4500   0.3600   0.0083  -0.0071   0.0071  -0.0198  -0.0198  -0.0004   0.0000   0.0259  -0.0308    1.557
   118   1.9000  -0.5387   0.4500   0.3600   0.0061  -0.0061   0.0048  -0.0169  -0.0169  -0.0003   0.0000   0.0229  -0.0271    1.604
   119   1.9000  -0.5523   0.4500   0.3600   0.0037  -0.0048   0.0029  -0.0135  -0.0135  -0.0002   0.0000   0.0194  -0.0228    1.692
   120   1.9000  -0.5591   0.4500   0.3600   0.0012  -0.0035   0.0018  -0.0097  -0.0097  -0.0002   0.0000   0.0158  -0.0182    1.869

  Surface # 7     fin_panel_0                             
     # Chordwise = 12   # Spanwise = 20     First strip =121
     Surface area Ssurf =    0.135000     Ave. chord Cave =    0.300000

 Forces referred to Sref, Cref, Bref about Xref, Yref, Zref
 Standard axis orientation,  X fwd, Z down         
     CLsurf  =   0.00000     Clsurf  =  -0.00001
     CYsurf  =  -0.00015     Cmsurf  =  -0.00000
     CDsurf  =  -0.00000     Cnsurf  =   0.00004
     CDisurf =  -0.00000     CDvsurf =   0.00000

 Forces referred to Ssurf, Cave 
     CLsurf  =  -0.00302     CDsurf  =  -0.00001

 Strip Forces referred to Strip Area, Chord
    j     Xle      Yle      Zle      Chord    Area     c_cl     ai     cl_norm    cl       cd       cdv    cm_c/4     cm_LE   C.P.x/c
   121   1.9000   0.5600   0.4493   0.3000   0.0008  -0.0027   0.0708  -0.0091  -0.0090  -0.0000   0.0000   0.0213   0.0236  999.000
   122   1.9000   0.5600   0.4438   0.3000   0.0025  -0.0022   0.0278  -0.0074  -0.0073  -0.0001   0.0000   0.0185   0.0204  999.000
   123   1.9000   0.5600   0.4329   0.3000   0.0041  -0.0016   0.0225  -0.0052  -0.0052  -0.0001   0.0000   0.0147   0.0160  999.000
   124   1.9000   0.5600   0.4168   0.3000   0.0055  -0.0011   0.0182  -0.0036  -0.0036  -0.0001   0.0000   0.0112   0.0121  999.000
   125   1.9000   0.5600   0.3961   0.3000   0.0069  -0.0008   0.0144  -0.0027  -0.0027  -0.0000   0.0000   0.0083   0.0090  999.000
   126   1.9000   0.5600   0.3711   0.3000   0.0081  -0.0007   0.0113  -0.0024  -0.0024  -0.0000   0.0000   0.0060   0.0066  999.000
   127   1.9000   0.5600   0.3426   0.3000   0.0090  -0.0008   0.0089  -0.0025  -0.0025  -0.0000   0.0000   0.0043   0.0049    1.946
   128   1.9000   0.5600   0.3111   0.3000   0.0098  -0.0009   0.0071  -0.0029  -0.0028  -0.0000   0.0000   0.0031   0.0038    1.341
   129   1.9000   0.5600   0.2775   0.3000   0.0103  -0.0010   0.0057  -0.0032  -0.0032  -0.0000   0.0000   0.0023   0.0031    0.965
   130   1.9000   0.5600   0.2427   0.3000   0.0106  -0.0010   0.0047  -0.0035  -0.0034  -0.0000   0.0000   0.0017   0.0026    0.749
   131   1.9000   0.5600   0.2073   0.3000   0.0106  -0.0011   0.0040  -0.0036  -0.0036  -0.0000   0.0000   0.0013   0.0022    0.627
   132   1.9000   0.5600   0.1725   0.3000   0.0103  -0.0011   0.0035  -0.0035  -0.0035  -0.0000   0.0000   0.0011   0.0020    0.561
   133   1.9000   0.5600   0.1389   0.3000   0.0098  -0.0010   0.0031  -0.0033  -0.0033  -0.0000   0.0000   0.0009   0.0018    0.530
   134   1.9000   0.5600   0.1074   0.3000   0.0090  -0.0009   0.0030  -0.0030  -0.0030  -0.0000   0.0000   0.0008   0.0016    0.522
   135   1.9000   0.5600   0.0789   0.3000   0.0081  -0.0008   0.0029  -0.0026  -0.0026  -0.0000   0.0000   0.0007   0.0014    0.532
   136   1.9000   0.5600   0.0539   0.3000   0.0069  -0.0006   0.0030  -0.0021  -0.0021  -0.0000   0.0000   0.0006   0.0011    0.557
   137   1.9000   0.5600   0.0332   0.3000   0.0055  -0.0005   0.0035  -0.0016  -0.0016  -0.0000   0.0000   0.0005   0.0009    0.593
   138   1.9000   0.5600   0.0171   0.3000   0.0041  -0.0003   0.0049  -0.0011  -0.0011  -0.0000   0.0000   0.0004   0.0007    0.633
   139   1.9000   0.5600   0.0062   0.3000   0.0025  -0.0002   0.0074  -0.0006  -0.0006  -0.0000   0.0000   0.0003   0.0004    0.667
   140   1.9000   0.5600   0.0007   0.3000   0.0008  -0.0001   0.0028  -0.0002  -0.0002  -0.0000   0.0000   0.0001   0.0001    0.687

  Surface # 8     fin_panel_0                             
     # Chordwise = 12   # Spanwise = 20     First strip =141
     Surface area Ssurf =    0.135000     Ave. chord Cave =    0.300000

 Forces referred to Sref, Cref, Bref about Xref, Yref, Zref
 Standard axis orientation,  X fwd, Z down         
     CLsurf  =   0.00000     Clsurf  =   0.00001
     CYsurf  =   0.00016     Cmsurf  =  -0.00000
     CDsurf  =  -0.00000     Cnsurf  =  -0.00004
     CDisurf =  -0.00000     CDvsurf =   0.00000

 Forces referred to Ssurf, Cave 
     CLsurf  =   0.00322     CDsurf  =  -0.00001

 Strip Forces referred to Strip Area, Chord
    j     Xle      Yle      Zle      Chord    Area     c_cl     ai     cl_norm    cl       cd       cdv    cm_c/4     cm_LE   C.P.x/c
   141   1.9000  -0.5600   0.4493   0.3000   0.0008   0.0028  -0.0704   0.0093   0.0093  -0.0002   0.0000  -0.0206  -0.0229  999.000
   142   1.9000  -0.5600   0.4438   0.3000   0.0025   0.0023  -0.0278   0.0076   0.0076  -0.0001   0.0000  -0.0177  -0.0196  999.000
   143   1.9000  -0.5600   0.4329   0.3000   0.0041   0.0016  -0.0225   0.0055   0.0054  -0.0001   0.0000  -0.0138  -0.0152  999.000
   144   1.9000  -0.5600   0.4168   0.3000   0.0055   0.0012  -0.0182   0.0038   0.0038  -0.0001   0.0000  -0.0103  -0.0112  999.000
   145   1.9000  -0.5600   0.3961   0.3000   0.0069   0.0009  -0.0143   0.0030   0.0030  -0.0000   0.0000  -0.0073  -0.0080  999.000
   146   1.9000  -0.5600   0.3711   0.3000   0.0081   0.0008  -0.0112   0.0027   0.0027  -0.0000   0.0000  -0.0049  -0.0056  999.000
   147   1.9000  -0.5600   0.3426   0.3000   0.0090   0.0009  -0.0088   0.0029   0.0028  -0.0000   0.0000  -0.0032  -0.0039    1.384
   148   1.9000  -0.5600   0.3111   0.3000   0.0098   0.0009  -0.0070   0.0032   0.0032  -0.0000   0.0000  -0.0020  -0.0028    0.886
   149   1.9000  -0.5600   0.2775   0.3000   0.0103   0.0010  -0.0056   0.0035   0.0035   0.0000   0.0000  -0.0012  -0.0020    0.586
   150   1.9000  -0.5600   0.2427   0.3000   0.0106   0.0011  -0.0046   0.0037   0.0037  -0.0000   0.0000  -0.0006  -0.0015    0.414
   151   1.9000  -0.5600   0.2073   0.3000   0.0106   0.0012  -0.0039   0.0038   0.0038  -0.0000   0.0000  -0.0002  -0.0012    0.313
   152   1.9000  -0.5600   0.1725   0.3000   0.0103   0.0011  -0.0034   0.0038   0.0038  -0.0000   0.0000  -0.0000  -0.0009    0.252
   153   1.9000  -0.5600   0.1389   0.3000   0.0098   0.0011  -0.0031   0.0035   0.0035  -0.0000   0.0000   0.0001  -0.0007    0.210
   154   1.9000  -0.5600   0.1074   0.3000   0.0090   0.0009  -0.0029   0.0031   0.0031  -0.0000   0.0000   0.0002  -0.0006    0.178
   155   1.9000  -0.5600   0.0789   0.3000   0.0081   0.0008  -0.0029   0.0026   0.0026  -0.0000   0.0000   0.0003  -0.0004    0.151
   156   1.9000  -0.5600   0.0539   0.3000   0.0069   0.0006  -0.0031   0.0021   0.0021  -0.0000   0.0000   0.0003  -0.0003    0.126
   157   1.9000  -0.5600   0.0332   0.3000   0.0055   0.0005  -0.0037   0.0015   0.0015   0.0000   0.0000   0.0002  -0.0002    0.102
   158   1.9000  -0.5600   0.0171   0.3000   0.0041   0.0003  -0.0051   0.0010   0.0010   0.0000   0.0000   0.0002  -0.0001    0.080
   159   1.9000  -0.5600   0.0062   0.3000   0.0025   0.0002  -0.0077   0.0006   0.0006   0.0000   0.0000   0.0001  -0.0000    0.062
   160   1.9000  -0.5600   0.0007   0.3000   0.0008   0.0001  -0.0031   0.0002   0.0002   0.0000   0.0000   0.0000  -0.0000    0.052
 ---------------------------------------------------------------
