 ---------------------------------------------------------------
 Surface and Strip Forces by surface

  Sref =  2.7910       Cref = 0.47500       Bref =  5.8800    
  Xref = 0.50000       Yref =  0.0000       Zref =  0.0000    

  Surface # 1     main_wing_panel_0                       
     # Chordwise = 12   # Spanwise = 20     First strip =  1
     Surface area Ssurf =    0.683400     Ave. chord Cave =    0.510000

 Forces referred to Sref, Cref, Bref about Xref, Yref, Zref
 Standard axis orientation,  X fwd, Z down         
     CLsurf  =   0.05070     Clsurf  =  -0.00573
     CYsurf  =   0.00000     Cmsurf  =  -0.00313
     CDsurf  =   0.00022     Cnsurf  =   0.00009
     CDisurf =   0.00022     CDvsurf =   0.00000

 Forces referred to Ssurf, Cave 
     CLsurf  =   0.20708     CDsurf  =   0.00088

 Strip Forces referred to Strip Area, Chord
    j     Xle      Yle      Zle      Chord    Area     c_cl     ai     cl_norm    cl       cd       cdv    cm_c/4     cm_LE   C.P.x/c
     1   0.4000   0.0021   0.0000   0.5100   0.0042   0.1071   0.0052   0.2100   0.2100   0.0008   0.0000  -0.0008  -0.0534    0.254
     2   0.4000   0.0185   0.0000   0.5100   0.0125   0.1071   0.0052   0.2100   0.2100   0.0008   0.0000  -0.0008  -0.0534    0.254
     3   0.4000   0.0510   0.0000   0.5100   0.0205   0.1071   0.0051   0.2100   0.2100   0.0008   0.0000  -0.0008  -0.0533    0.254
     4   0.4000   0.0987   0.0000   0.5100   0.0280   0.1071   0.0051   0.2100   0.2100   0.0008   0.0000  -0.0008  -0.0533    0.254
     5   0.4000   0.1605   0.0000   0.5100   0.0348   0.1071   0.0051   0.2099   0.2099   0.0008   0.0000  -0.0008  -0.0533    0.254
     6   0.4000   0.2349   0.0000   0.5100   0.0408   0.1070   0.0050   0.2098   0.2098   0.0008   0.0000  -0.0008  -0.0533    0.254
     7   0.4000   0.3199   0.0000   0.5100   0.0457   0.1069   0.0049   0.2096   0.2096   0.0008   0.0000  -0.0008  -0.0532    0.254
     8   0.4000   0.4136   0.0000   0.5100   0.0495   0.1067   0.0046   0.2093   0.2093   0.0008   0.0000  -0.0008  -0.0531    0.254
     9   0.4000   0.5136   0.0000   0.5100   0.0521   0.1065   0.0035   0.2089   0.2089   0.0008   0.0000  -0.0008  -0.0530    0.254
    10   0.4000   0.6174   0.0000   0.5100   0.0535   0.1063   0.0109   0.2084   0.2084   0.0009   0.0000  -0.0008  -0.0529    0.254
    11   0.4000   0.7226   0.0000   0.5100   0.0535   0.1059   0.0100   0.2077   0.2077   0.0009   0.0000  -0.0008  -0.0527    0.254
    12   0.4000   0.8264   0.0000   0.5100   0.0521   0.1055   0.0098   0.2069   0.2069   0.0009   0.0000  -0.0007  -0.0525    0.254
    13   0.4000   0.9264   0.0000   0.5100   0.0495   0.1051   0.0097   0.2060   0.2060   0.0009   0.0000  -0.0007  -0.0522    0.253
    14   0.4000   1.0201   0.0000   0.5100   0.0457   0.1045   0.0098   0.2050   0.2050   0.0009   0.0000  -0.0007  -0.0519    0.253
    15   0.4000   1.1051   0.0000   0.5100   0.0408   0.1040   0.0100   0.2039   0.2039   0.0009   0.0000  -0.0006  -0.0516    0.253
    16   0.4000   1.1795   0.0000   0.5100   0.0348   0.1034   0.0101   0.2028   0.2028   0.0010   0.0000  -0.0006  -0.0513    0.253
    17   0.4000   1.2413   0.0000   0.5100   0.0280   0.1029   0.0103   0.2017   0.2017   0.0010   0.0000  -0.0006  -0.0510    0.253
    18   0.4000   1.2890   0.0000   0.5100   0.0205   0.1024   0.0105   0.2008   0.2008   0.0010   0.0000  -0.0005  -0.0507    0.253
    19   0.4000   1.3215   0.0000   0.5100   0.0125   0.1021   0.0107   0.2001   0.2001   0.0011   0.0000  -0.0005  -0.0505    0.253
    20   0.4000   1.3379   0.0000   0.5100   0.0042   0.1019   0.0109   0.1997   0.1997   0.0012   0.0000  -0.0005  -0.0504    0.253

  Surface # 2     main_wing_panel_0 (YDUP)                
     # Chordwise = 12   # Spanwise = 20     First strip = 21
     Surface area Ssurf =    0.683400     Ave. chord Cave =    0.510000

 Forces referred to Sref, Cref, Bref about Xref, Yref, Zref
 Standard axis orientation,  X fwd, Z down         
     CLsurf  =   0.05071     Clsurf  =   0.00573
     CYsurf  =   0.00000     Cmsurf  =  -0.00313
     CDsurf  =   0.00022     Cnsurf  =  -0.00009
     CDisurf =   0.00022     CDvsurf =   0.00000

 Forces referred to Ssurf, Cave 
     CLsurf  =   0.20708     CDsurf  =   0.00088

 Strip Forces referred to Strip Area, Chord
    j     Xle      Yle      Zle      Chord    Area     c_cl     ai     cl_norm    cl       cd       cdv    cm_c/4     cm_LE   C.P.x/c
    21   0.4000  -0.0021   0.0000   0.5100   0.0042   0.1071   0.0052   0.2100   0.2100   0.0008   0.0000  -0.0008   0.0534    0.254
    22   0.4000  -0.0185   0.0000   0.5100   0.0125   0.1071   0.0052   0.2100   0.2100   0.0008   0.0000  -0.0008   0.0534    0.254
    23   0.4000  -0.0510   0.0000   0.5100   0.0205   0.1071   0.0052   0.2100   0.2100   0.0008   0.0000  -0.0008   0.0533    0.254
    24   0.4000  -0.0987   0.0000   0.5100   0.0280   0.1071   0.0052   0.2100   0.2100   0.0008   0.0000  -0.0008   0.0533    0.254
    25   0.4000  -0.1605   0.0000   0.5100   0.0348   0.1071   0.0051   0.2099   0.2099   0.0008   0.0000  -0.0008   0.0533    0.254
    26   0.4000  -0.2349   0.0000   0.5100   0.0408   0.1070   0.0051   0.2098   0.2098   0.0008   0.0000  -0.0008   0.0533    0.254
    27   0.4000  -0.3199   0.0000   0.5100   0.0457   0.1069   0.0050   0.2096   0.2096   0.0008   0.0000  -0.0008   0.0532    0.254
    28   0.4000  -0.4136   0.0000   0.5100   0.0495   0.1067   0.0047   0.2093   0.2093   0.0008   0.0000  -0.0008   0.0532    0.254
    29   0.4000  -0.5136   0.0000   0.5100   0.0521   0.1065   0.0035   0.2089   0.2089   0.0008   0.0000  -0.0008   0.0530    0.254
    30   0.4000  -0.6174   0.0000   0.5100   0.0535   0.1063   0.0109   0.2084   0.2084   0.0009   0.0000  -0.0008   0.0529    0.254
    31   0.4000  -0.7226   0.0000   0.5100   0.0535   0.1059   0.0099   0.2077   0.2077   0.0009   0.0000  -0.0008   0.0527    0.254
    32   0.4000  -0.8264   0.0000   0.5100   0.0521   0.1055   0.0097   0.2069   0.2069   0.0009   0.0000  -0.0007   0.0525    0.254
    33   0.4000  -0.9264   0.0000   0.5100   0.0495   0.1051   0.0097   0.2060   0.2060   0.0009   0.0000  -0.0007   0.0522    0.253
    34   0.4000  -1.0201   0.0000   0.5100   0.0457   0.1045   0.0098   0.2050   0.2050   0.0009   0.0000  -0.0007   0.0519    0.253
    35   0.4000  -1.1051   0.0000   0.5100   0.0408   0.1040   0.0099   0.2039   0.2039   0.0009   0.0000  -0.0006   0.0516    0.253
    36   0.4000  -1.1795   0.0000   0.5100   0.0348   0.1034   0.0101   0.2028   0.2028   0.0010   0.0000  -0.0006   0.0513    0.253
    37   0.4000  -1.2413   0.0000   0.5100   0.0280   0.1029   0.0103   0.2017   0.2017   0.0010   0.0000  -0.0006   0.0510    0.253
    38   0.4000  -1.2890   0.0000   0.5100   0.0205   0.1024   0.0105   0.2008   0.2008   0.0010   0.0000  -0.0005   0.0507    0.253
    39   0.4000  -1.3215   0.0000   0.5100   0.0125   0.1021   0.0107   0.2001   0.2001   0.0011   0.0000  -0.0005   0.0505    0.253
    40   0.4000  -1.3379   0.0000   0.5100   0.0042   0.1019   0.0109   0.1997   0.1997   0.0012   0.0000  -0.0005   0.0504    0.253

  Surface # 3     main_wing_panel_1                       
     # Chordwise = 12   # Spanwise = 20     First strip = 41
     Surface area Ssurf =    0.712000     Ave. chord Cave =    0.445000

 Forces referred to Sref, Cref, Bref about Xref, Yref, Zref
 Standard axis orientation,  X fwd, Z down         
     CLsurf  =   0.04504     Clsurf  =  -0.01553
     CYsurf  =   0.00005     Cmsurf  =  -0.00236
     CDsurf  =   0.00027     Cnsurf  =   0.00026
     CDisurf =   0.00027     CDvsurf =   0.00000

 Forces referred to Ssurf, Cave 
     CLsurf  =   0.17657     CDsurf  =   0.00106

 Strip Forces referred to Strip Area, Chord
    j     Xle      Yle      Zle      Chord    Area     c_cl     ai     cl_norm    cl       cd       cdv    cm_c/4     cm_LE   C.P.x/c
    41   0.4001   1.3425   0.0000   0.5098   0.0050   0.1018   0.0109   0.1997   0.1997   0.0012   0.0000  -0.0005  -0.0504    0.253
    42   0.4005   1.3621   0.0000   0.5082   0.0149   0.1016   0.0107   0.1998   0.1998   0.0011   0.0000  -0.0005  -0.0504    0.252
    43   0.4013   1.4009   0.0000   0.5051   0.0243   0.1010   0.0106   0.2000   0.2000   0.0010   0.0000  -0.0004  -0.0504    0.252
    44   0.4024   1.4579   0.0000   0.5004   0.0328   0.1001   0.0104   0.2000   0.2000   0.0010   0.0000  -0.0004  -0.0503    0.252
    45   0.4040   1.5317   0.0000   0.4944   0.0403   0.0988   0.0103   0.1999   0.1999   0.0010   0.0000  -0.0003  -0.0502    0.251
    46   0.4058   1.6204   0.0000   0.4872   0.0465   0.0972   0.0102   0.1995   0.1995   0.0010   0.0000  -0.0001  -0.0500    0.251
    47   0.4079   1.7220   0.0000   0.4790   0.0513   0.0951   0.0102   0.1986   0.1986   0.0010   0.0000   0.0000  -0.0496    0.250
    48   0.4102   1.8339   0.0000   0.4699   0.0545   0.0926   0.0103   0.1972   0.1972   0.0010   0.0000   0.0002  -0.0490    0.249
    49   0.4126   1.9532   0.0000   0.4602   0.0562   0.0897   0.0105   0.1950   0.1950   0.0010   0.0000   0.0005  -0.0483    0.248
    50   0.4152   2.0772   0.0000   0.4501   0.0563   0.0864   0.0109   0.1919   0.1919   0.0010   0.0000   0.0008  -0.0472    0.246
    51   0.4178   2.2028   0.0000   0.4399   0.0551   0.0825   0.0115   0.1875   0.1875   0.0011   0.0000   0.0011  -0.0457    0.244
    52   0.4204   2.3268   0.0000   0.4298   0.0525   0.0780   0.0124   0.1816   0.1816   0.0011   0.0000   0.0015  -0.0438    0.242
    53   0.4228   2.4461   0.0000   0.4201   0.0487   0.0729   0.0136   0.1735   0.1735   0.0012   0.0000   0.0020  -0.0413    0.238
    54   0.4251   2.5580   0.0000   0.4110   0.0440   0.0669   0.0151   0.1628   0.1628   0.0012   0.0000   0.0026  -0.0381    0.234
    55   0.4272   2.6596   0.0000   0.4028   0.0384   0.0599   0.0169   0.1487   0.1487   0.0012   0.0000   0.0033  -0.0339    0.228
    56   0.4290   2.7483   0.0000   0.3956   0.0323   0.0517   0.0189   0.1307   0.1307   0.0012   0.0000   0.0039  -0.0287    0.220
    57   0.4306   2.8221   0.0000   0.3896   0.0256   0.0421   0.0209   0.1082   0.1082   0.0012   0.0000   0.0044  -0.0226    0.209
    58   0.4317   2.8791   0.0000   0.3849   0.0185   0.0313   0.0226   0.0813   0.0813   0.0010   0.0000   0.0043  -0.0160    0.197
    59   0.4325   2.9179   0.0000   0.3818   0.0112   0.0193   0.0240   0.0505   0.0505   0.0008   0.0000   0.0033  -0.0093    0.185
    60   0.4329   2.9375   0.0000   0.3802   0.0037   0.0065   0.0248   0.0172   0.0172   0.0003   0.0000   0.0013  -0.0030    0.176

  Surface # 4     main_wing_panel_1 (YDUP)                
     # Chordwise = 12   # Spanwise = 20     First strip = 61
     Surface area Ssurf =    0.712000     Ave. chord Cave =    0.445000

 Forces referred to Sref, Cref, Bref about Xref, Yref, Zref
 Standard axis orientation,  X fwd, Z down         
     CLsurf  =   0.04504     Clsurf  =   0.01553
     CYsurf  =  -0.00005     Cmsurf  =  -0.00236
     CDsurf  =   0.00027     Cnsurf  =  -0.00026
     CDisurf =   0.00027     CDvsurf =   0.00000

 Forces referred to Ssurf, Cave 
     CLsurf  =   0.17657     CDsurf  =   0.00106

 Strip Forces referred to Strip Area, Chord
    j     Xle      Yle      Zle      Chord    Area     c_cl     ai     cl_norm    cl       cd       cdv    cm_c/4     cm_LE   C.P.x/c
    61   0.4001  -1.3425   0.0000   0.5098   0.0050   0.1018   0.0109   0.1998   0.1998   0.0012   0.0000  -0.0005   0.0504    0.253
    62   0.4005  -1.3621   0.0000   0.5082   0.0149   0.1016   0.0107   0.1999   0.1999   0.0011   0.0000  -0.0005   0.0504    0.252
    63   0.4013  -1.4009   0.0000   0.5051   0.0243   0.1010   0.0106   0.2000   0.2000   0.0010   0.0000  -0.0004   0.0504    0.252
    64   0.4024  -1.4579   0.0000   0.5004   0.0328   0.1001   0.0104   0.2000   0.2000   0.0010   0.0000  -0.0004   0.0503    0.252
    65   0.4040  -1.5317   0.0000   0.4944   0.0403   0.0988   0.0103   0.1999   0.1999   0.0010   0.0000  -0.0003   0.0502    0.251
    66   0.4058  -1.6204   0.0000   0.4872   0.0465   0.0972   0.0102   0.1995   0.1995   0.0010   0.0000  -0.0001   0.0500    0.251
    67   0.4079  -1.7220   0.0000   0.4790   0.0513   0.0951   0.0102   0.1986   0.1986   0.0010   0.0000   0.0000   0.0496    0.250
    68   0.4102  -1.8339   0.0000   0.4699   0.0545   0.0926   0.0103   0.1972   0.1972   0.0010   0.0000   0.0002   0.0490    0.249
    69   0.4126  -1.9532   0.0000   0.4602   0.0562   0.0897   0.0105   0.1950   0.1950   0.0010   0.0000   0.0005   0.0483    0.248
    70   0.4152  -2.0772   0.0000   0.4501   0.0563   0.0864   0.0109   0.1919   0.1919   0.0010   0.0000   0.0008   0.0472    0.246
    71   0.4178  -2.2028   0.0000   0.4399   0.0551   0.0825   0.0115   0.1875   0.1875   0.0011   0.0000   0.0011   0.0457    0.244
    72   0.4204  -2.3268   0.0000   0.4298   0.0525   0.0780   0.0124   0.1816   0.1816   0.0011   0.0000   0.0015   0.0438    0.242
    73   0.4228  -2.4461   0.0000   0.4201   0.0487   0.0729   0.0136   0.1735   0.1735   0.0012   0.0000   0.0020   0.0413    0.238
    74   0.4251  -2.5580   0.0000   0.4110   0.0440   0.0669   0.0151   0.1628   0.1628   0.0012   0.0000   0.0026   0.0381    0.234
    75   0.4272  -2.6596   0.0000   0.4028   0.0384   0.0599   0.0169   0.1487   0.1487   0.0012   0.0000   0.0033   0.0339    0.228
    76   0.4290  -2.7483   0.0000   0.3956   0.0323   0.0517   0.0189   0.1307   0.1307   0.0012   0.0000   0.0039   0.0287    0.220
    77   0.4306  -2.8221   0.0000   0.3896   0.0256   0.0421   0.0209   0.1082   0.1082   0.0012   0.0000   0.0044   0.0226    0.209
    78   0.4317  -2.8791   0.0000   0.3849   0.0185   0.0313   0.0226   0.0813   0.0813   0.0010   0.0000   0.0043   0.0160    0.197
    79   0.4325  -2.9179   0.0000   0.3818   0.0112   0.0193   0.0240   0.0505   0.0505   0.0008   0.0000   0.0033   0.0093    0.185
    80   0.4329  -2.9375   0.0000   0.3802   0.0037   0.0065   0.0248   0.0172   0.0172   0.0003   0.0000   0.0013   0.0030    0.176

  Surface # 5     hstab_panel_0                           
     # Chordwise = 12   # Spanwise = 20     First strip = 81
     Surface area Ssurf =    0.201600     Ave. chord Cave =    0.360000

 Forces referred to Sref, Cref, Bref about Xref, Yref, Zref
 Standard axis orientation,  X fwd, Z down         
     CLsurf  =  -0.00204     Clsurf  =   0.00010
     CYsurf  =  -0.00000     Cmsurf  =   0.00554
     CDsurf  =  -0.00002     Cnsurf  =  -0.00000
     CDisurf =  -0.00002     CDvsurf =   0.00000

 Forces referred to Ssurf, Cave 
     CLsurf  =  -0.02828     CDsurf  =  -0.00023

 Strip Forces referred to Strip Area, Chord
    j     Xle      Yle      Zle      Chord    Area     c_cl     ai     cl_norm    cl       cd       cdv    cm_c/4     cm_LE   C.P.x/c
    81   1.9000   0.0009   0.4500   0.3600   0.0012  -0.0106   0.0040  -0.0296  -0.0296  -0.0003   0.0000  -0.0158  -0.0084   -0.286
    82   1.9000   0.0077   0.4500   0.3600   0.0037  -0.0106   0.0040  -0.0296  -0.0296  -0.0003   0.0000  -0.0158  -0.0084   -0.286
    83   1.9000   0.0213   0.4500   0.3600   0.0061  -0.0106   0.0040  -0.0296  -0.0296  -0.0003   0.0000  -0.0158  -0.0084   -0.286
    84   1.9000   0.0413   0.4500   0.3600   0.0083  -0.0106   0.0040  -0.0296  -0.0296  -0.0003   0.0000  -0.0158  -0.0084   -0.286
    85   1.9000   0.0671   0.4500   0.3600   0.0103  -0.0106   0.0040  -0.0296  -0.0296  -0.0003   0.0000  -0.0158  -0.0085   -0.286
    86   1.9000   0.0982   0.4500   0.3600   0.0120  -0.0106   0.0040  -0.0295  -0.0295  -0.0003   0.0000  -0.0158  -0.0085   -0.287
    87   1.9000   0.1337   0.4500   0.3600   0.0135  -0.0106   0.0040  -0.0294  -0.0294  -0.0003   0.0000  -0.0158  -0.0085   -0.288
    88   1.9000   0.1728   0.4500   0.3600   0.0146  -0.0105   0.0040  -0.0293  -0.0293  -0.0003   0.0000  -0.0158  -0.0085   -0.291
    89   1.9000   0.2146   0.4500   0.3600   0.0154  -0.0105   0.0040  -0.0291  -0.0291  -0.0002   0.0000  -0.0158  -0.0085   -0.294
    90   1.9000   0.2580   0.4500   0.3600   0.0158  -0.0104   0.0040  -0.0288  -0.0288  -0.0002   0.0000  -0.0158  -0.0086   -0.298
    91   1.9000   0.3020   0.4500   0.3600   0.0158  -0.0102   0.0041  -0.0284  -0.0284  -0.0002   0.0000  -0.0157  -0.0086   -0.303
    92   1.9000   0.3454   0.4500   0.3600   0.0154  -0.0101   0.0042  -0.0280  -0.0280  -0.0002   0.0000  -0.0156  -0.0086   -0.308
    93   1.9000   0.3872   0.4500   0.3600   0.0146  -0.0099   0.0043  -0.0276  -0.0276  -0.0002   0.0000  -0.0155  -0.0086   -0.311
    94   1.9000   0.4263   0.4500   0.3600   0.0135  -0.0098   0.0046  -0.0271  -0.0271  -0.0002   0.0000  -0.0152  -0.0084   -0.312
    95   1.9000   0.4618   0.4500   0.3600   0.0120  -0.0096   0.0050  -0.0267  -0.0267  -0.0002   0.0000  -0.0148  -0.0081   -0.306
    96   1.9000   0.4929   0.4500   0.3600   0.0103  -0.0095   0.0056  -0.0263  -0.0263  -0.0001   0.0000  -0.0142  -0.0076   -0.289
    97   1.9000   0.5187   0.4500   0.3600   0.0083  -0.0094   0.0064  -0.0262  -0.0262  -0.0001   0.0000  -0.0133  -0.0067   -0.257
    98   1.9000   0.5387   0.4500   0.3600   0.0061  -0.0095   0.0071  -0.0264  -0.0264  -0.0001   0.0000  -0.0121  -0.0055   -0.209
    99   1.9000   0.5523   0.4500   0.3600   0.0037  -0.0097   0.0078  -0.0269  -0.0269  -0.0001   0.0000  -0.0107  -0.0039   -0.146
   100   1.9000   0.5591   0.4500   0.3600   0.0012  -0.0101   0.0082  -0.0280  -0.0280  -0.0021   0.0000  -0.0093  -0.0023   -0.082

  Surface # 6     hstab_panel_0 (YDUP)                    
     # Chordwise = 12   # Spanwise = 20     First strip =101
     Surface area Ssurf =    0.201600     Ave. chord Cave =    0.360000

 Forces referred to Sref, Cref, Bref about Xref, Yref, Zref
 Standard axis orientation,  X fwd, Z down         
     CLsurf  =  -0.00201     Clsurf  =  -0.00009
     CYsurf  =   0.00000     Cmsurf  =   0.00545
     CDsurf  =  -0.00002     Cnsurf  =   0.00000
     CDisurf =  -0.00002     CDvsurf =   0.00000

 Forces referred to Ssurf, Cave 
     CLsurf  =  -0.02782     CDsurf  =  -0.00021

 Strip Forces referred to Strip Area, Chord
    j     Xle      Yle      Zle      Chord    Area     c_cl     ai     cl_norm    cl       cd       cdv    cm_c/4     cm_LE   C.P.x/c
   101   1.9000  -0.0009   0.4500   0.3600   0.0012  -0.0106   0.0040  -0.0296  -0.0296  -0.0003   0.0000  -0.0158   0.0085   -0.286
   102   1.9000  -0.0077   0.4500   0.3600   0.0037  -0.0106   0.0040  -0.0296  -0.0296  -0.0003   0.0000  -0.0158   0.0085   -0.286
   103   1.9000  -0.0213   0.4500   0.3600   0.0061  -0.0106   0.0040  -0.0295  -0.0295  -0.0003   0.0000  -0.0158   0.0085   -0.286
   104   1.9000  -0.0413   0.4500   0.3600   0.0083  -0.0106   0.0040  -0.0295  -0.0295  -0.0003   0.0000  -0.0158   0.0085   -0.287
   105   1.9000  -0.0671   0.4500   0.3600   0.0103  -0.0106   0.0040  -0.0295  -0.0295  -0.0003   0.0000  -0.0158   0.0085   -0.288
   106   1.9000  -0.0982   0.4500   0.3600   0.0120  -0.0106   0.0040  -0.0294  -0.0294  -0.0003   0.0000  -0.0158   0.0085   -0.289
   107   1.9000  -0.1337   0.4500   0.3600   0.0135  -0.0105   0.0040  -0.0292  -0.0292  -0.0003   0.0000  -0.0158   0.0085   -0.292
   108   1.9000  -0.1728   0.4500   0.3600   0.0146  -0.0104   0.0040  -0.0290  -0.0290  -0.0002   0.0000  -0.0158   0.0086   -0.295
   109   1.9000  -0.2146   0.4500   0.3600   0.0154  -0.0103   0.0040  -0.0287  -0.0287  -0.0002   0.0000  -0.0158   0.0086   -0.299
   110   1.9000  -0.2580   0.4500   0.3600   0.0158  -0.0102   0.0041  -0.0284  -0.0284  -0.0002   0.0000  -0.0157   0.0086   -0.305
   111   1.9000  -0.3020   0.4500   0.3600   0.0158  -0.0101   0.0042  -0.0279  -0.0279  -0.0002   0.0000  -0.0156   0.0087   -0.310
   112   1.9000  -0.3454   0.4500   0.3600   0.0154  -0.0099   0.0043  -0.0274  -0.0274  -0.0002   0.0000  -0.0155   0.0086   -0.315
   113   1.9000  -0.3872   0.4500   0.3600   0.0146  -0.0097   0.0045  -0.0269  -0.0269  -0.0002   0.0000  -0.0153   0.0086   -0.318
   114   1.9000  -0.4263   0.4500   0.3600   0.0135  -0.0095   0.0048  -0.0263  -0.0263  -0.0002   0.0000  -0.0149   0.0083   -0.316
   115   1.9000  -0.4618   0.4500   0.3600   0.0120  -0.0093   0.0053  -0.0258  -0.0258  -0.0001   0.0000  -0.0143   0.0079   -0.305
   116   1.9000  -0.4929   0.4500   0.3600   0.0103  -0.0092   0.0059  -0.0255  -0.0255  -0.0001   0.0000  -0.0135   0.0072   -0.281
   117   1.9000  -0.5187   0.4500   0.3600   0.0083  -0.0091   0.0066  -0.0254  -0.0254  -0.0001   0.0000  -0.0124   0.0061   -0.239
   118   1.9000  -0.5387   0.4500   0.3600   0.0061  -0.0092   0.0073  -0.0256  -0.0256  -0.0000   0.0000  -0.0110   0.0046   -0.180
   119   1.9000  -0.5523   0.4500   0.3600   0.0037  -0.0094   0.0079  -0.0260  -0.0260   0.0000   0.0000  -0.0093   0.0028   -0.108
   120   1.9000  -0.5591   0.4500   0.3600   0.0012  -0.0097   0.0083  -0.0270  -0.0270  -0.0015   0.0000  -0.0078   0.0010   -0.038

  Surface # 7     fin_panel_0                             
     # Chordwise = 12   # Spanwise = 20     First strip =121
     Surface area Ssurf =    0.135000     Ave. chord Cave =    0.300000

 Forces referred to Sref, Cref, Bref about Xref, Yref, Zref
 Standard axis orientation,  X fwd, Z down         
     CLsurf  =  -0.00000     Clsurf  =  -0.00004
     CYsurf  =  -0.00085     Cmsurf  =  -0.00000
     CDsurf  =  -0.00000     Cnsurf  =   0.00021
     CDisurf =  -0.00000     CDvsurf =   0.00000

 Forces referred to Ssurf, Cave 
     CLsurf  =  -0.01752     CDsurf  =  -0.00003

 Strip Forces referred to Strip Area, Chord
    j     Xle      Yle      Zle      Chord    Area     c_cl     ai     cl_norm    cl       cd       cdv    cm_c/4     cm_LE   C.P.x/c
   121   1.9000   0.5600   0.4493   0.3000   0.0008  -0.0102  -0.0247  -0.0341  -0.0341   0.0032   0.0000  -0.0107  -0.0022   -0.064
   122   1.9000   0.5600   0.4438   0.3000   0.0025  -0.0099  -0.0086  -0.0329  -0.0329  -0.0001   0.0000  -0.0090  -0.0008   -0.024
   123   1.9000   0.5600   0.4329   0.3000   0.0041  -0.0096  -0.0065  -0.0321  -0.0321  -0.0002   0.0000  -0.0072   0.0008    0.025
   124   1.9000   0.5600   0.4168   0.3000   0.0055  -0.0093  -0.0047  -0.0309  -0.0309  -0.0002   0.0000  -0.0056   0.0022    0.070
   125   1.9000   0.5600   0.3961   0.3000   0.0069  -0.0088  -0.0030  -0.0292  -0.0292  -0.0001   0.0000  -0.0042   0.0031    0.107
   126   1.9000   0.5600   0.3711   0.3000   0.0081  -0.0082  -0.0016  -0.0272  -0.0272  -0.0001   0.0000  -0.0031   0.0037    0.135
   127   1.9000   0.5600   0.3426   0.3000   0.0090  -0.0075  -0.0005  -0.0250  -0.0250  -0.0001   0.0000  -0.0024   0.0038    0.154
   128   1.9000   0.5600   0.3111   0.3000   0.0098  -0.0068   0.0002  -0.0227  -0.0227  -0.0001   0.0000  -0.0019   0.0037    0.165
   129   1.9000   0.5600   0.2775   0.3000   0.0103  -0.0061   0.0007  -0.0204  -0.0204  -0.0000   0.0000  -0.0016   0.0034    0.169
   130   1.9000   0.5600   0.2427   0.3000   0.0106  -0.0054   0.0011  -0.0181  -0.0181  -0.0000   0.0000  -0.0015   0.0030    0.168
   131   1.9000   0.5600   0.2073   0.3000   0.0106  -0.0048   0.0012  -0.0160  -0.0160  -0.0000   0.0000  -0.0014   0.0026    0.161
   132   1.9000   0.5600   0.1725   0.3000   0.0103  -0.0042   0.0013  -0.0140  -0.0140  -0.0000   0.0000  -0.0014   0.0021    0.150
   133   1.9000   0.5600   0.1389   0.3000   0.0098  -0.0036   0.0014  -0.0120  -0.0120  -0.0000   0.0000  -0.0014   0.0016    0.135
   134   1.9000   0.5600   0.1074   0.3000   0.0090  -0.0031   0.0014  -0.0102  -0.0102  -0.0000   0.0000  -0.0014   0.0012    0.116
   135   1.9000   0.5600   0.0789   0.3000   0.0081  -0.0025   0.0015  -0.0084  -0.0084  -0.0000   0.0000  -0.0013   0.0008    0.094
   136   1.9000   0.5600   0.0539   0.3000   0.0069  -0.0020   0.0016  -0.0067  -0.0067  -0.0000   0.0000  -0.0012   0.0005    0.069
   137   1.9000   0.5600   0.0332   0.3000   0.0055  -0.0015   0.0019  -0.0051  -0.0051  -0.0000   0.0000  -0.0011   0.0002    0.043
   138   1.9000   0.5600   0.0171   0.3000   0.0041  -0.0011   0.0024  -0.0036  -0.0036  -0.0000   0.0000  -0.0008   0.0001    0.018
   139   1.9000   0.5600   0.0062   0.3000   0.0025  -0.0006   0.0032  -0.0021  -0.0021   0.0000   0.0000  -0.0005  -0.0000   -0.002
   140   1.9000   0.5600   0.0007   0.3000   0.0008  -0.0002   0.0018  -0.0007  -0.0007   0.0000   0.0000  -0.0002  -0.0000   -0.014

  Surface # 8     fin_panel_0                             
     # Chordwise = 12   # Spanwise = 20     First strip =141
     Surface area Ssurf =    0.135000     Ave. chord Cave =    0.300000

 Forces referred to Sref, Cref, Bref about Xref, Yref, Zref
 Standard axis orientation,  X fwd, Z down         
     CLsurf  =  -0.00000     Clsurf  =   0.00004
     CYsurf  =   0.00082     Cmsurf  =  -0.00000
     CDsurf  =  -0.00000     Cnsurf  =  -0.00021
     CDisurf =  -0.00000     CDvsurf =   0.00000

 Forces referred to Ssurf, Cave 
     CLsurf  =   0.01691     CDsurf  =  -0.00005

 Strip Forces referred to Strip Area, Chord
    j     Xle      Yle      Zle      Chord    Area     c_cl     ai     cl_norm    cl       cd       cdv    cm_c/4     cm_LE   C.P.x/c
   141   1.9000  -0.5600   0.4493   0.3000   0.0008   0.0099   0.0236   0.0329   0.0329   0.0022   0.0000   0.0084   0.0002   -0.006
   142   1.9000  -0.5600   0.4438   0.3000   0.0025   0.0096   0.0087   0.0319   0.0319  -0.0002   0.0000   0.0066  -0.0014    0.044
   143   1.9000  -0.5600   0.4329   0.3000   0.0041   0.0094   0.0066   0.0312   0.0312  -0.0002   0.0000   0.0046  -0.0032    0.104
   144   1.9000  -0.5600   0.4168   0.3000   0.0055   0.0090   0.0048   0.0300   0.0300  -0.0002   0.0000   0.0027  -0.0048    0.161
   145   1.9000  -0.5600   0.3961   0.3000   0.0069   0.0085   0.0030   0.0284   0.0284  -0.0002   0.0000   0.0012  -0.0059    0.209
   146   1.9000  -0.5600   0.3711   0.3000   0.0081   0.0079   0.0015   0.0263   0.0263  -0.0001   0.0000  -0.0000  -0.0066    0.250
   147   1.9000  -0.5600   0.3426   0.3000   0.0090   0.0072   0.0004   0.0241   0.0241  -0.0001   0.0000  -0.0008  -0.0068    0.284
   148   1.9000  -0.5600   0.3111   0.3000   0.0098   0.0065  -0.0004   0.0218   0.0218  -0.0001   0.0000  -0.0013  -0.0068    0.311
   149   1.9000  -0.5600   0.2775   0.3000   0.0103   0.0059  -0.0010   0.0195   0.0195  -0.0001   0.0000  -0.0016  -0.0065    0.334
   150   1.9000  -0.5600   0.2427   0.3000   0.0106   0.0052  -0.0013   0.0173   0.0173  -0.0000   0.0000  -0.0018  -0.0061    0.354
   151   1.9000  -0.5600   0.2073   0.3000   0.0106   0.0046  -0.0015   0.0153   0.0153  -0.0000   0.0000  -0.0019  -0.0057    0.372
   152   1.9000  -0.5600   0.1725   0.3000   0.0103   0.0040  -0.0015   0.0133   0.0133  -0.0000   0.0000  -0.0019  -0.0052    0.389
   153   1.9000  -0.5600   0.1389   0.3000   0.0098   0.0035  -0.0015   0.0115   0.0115  -0.0000   0.0000  -0.0018  -0.0047    0.406
   154   1.9000  -0.5600   0.1074   0.3000   0.0090   0.0030  -0.0015   0.0099   0.0099  -0.0000   0.0000  -0.0017  -0.0042    0.424
   155   1.9000  -0.5600   0.0789   0.3000   0.0081   0.0025  -0.0014   0.0082   0.0082  -0.0000   0.0000  -0.0016  -0.0036    0.442
   156   1.9000  -0.5600   0.0539   0.3000   0.0069   0.0020  -0.0013   0.0067   0.0067  -0.0000   0.0000  -0.0014  -0.0031    0.461
   157   1.9000  -0.5600   0.0332   0.3000   0.0055   0.0016  -0.0014   0.0052   0.0052  -0.0000   0.0000  -0.0012  -0.0025    0.478
   158   1.9000  -0.5600   0.0171   0.3000   0.0041   0.0011  -0.0017   0.0037   0.0037  -0.0000   0.0000  -0.0009  -0.0018    0.493
   159   1.9000  -0.5600   0.0062   0.3000   0.0025   0.0007  -0.0024   0.0022   0.0022  -0.0000   0.0000  -0.0006  -0.0011    0.504
   160   1.9000  -0.5600   0.0007   0.3000   0.0008   0.0002  -0.0008   0.0007   0.0007  -0.0000   0.0000  -0.0002  -0.0004    0.510
 ---------------------------------------------------------------
