 ---------------------------------------------------------------
 Surface and Strip Forces by surface

  Sref =  1.7740       Cref = 0.39400       Bref =  4.5000    
  Xref = 0.50000       Yref =  0.0000       Zref =  0.0000    

  Surface # 1     main_wing_panel_0                       
     # Chordwise = 12   # Spanwise = 20     First strip =  1
     Surface area Ssurf =    0.434600     Ave. chord Cave =    0.410000

 Forces referred to Sref, Cref, Bref about Xref, Yref, Zref
 Standard axis orientation,  X fwd, Z down         
     CLsurf  =   0.10063     Clsurf  =  -0.01176
     CYsurf  =   0.00000     Cmsurf  =   0.00111
     CDsurf  =   0.00086     Cnsurf  =  -0.00021
     CDisurf =   0.00086     CDvsurf =   0.00000

 Forces referred to Ssurf, Cave 
     CLsurf  =   0.41077     CDsurf  =   0.00349

 Strip Forces referred to Strip Area, Chord
    j     Xle      Yle      Zle      Chord    Area     c_cl     ai     cl_norm    cl       cd       cdv    cm_c/4     cm_LE   C.P.x/c
     1   0.4000   0.0016   0.0000   0.4100   0.0027   0.1709   0.0163   0.4170   0.4170   0.0033   0.0000   0.0068  -0.0975    0.234
     2   0.4000   0.0146   0.0000   0.4100   0.0080   0.1709   0.0163   0.4170   0.4170   0.0033   0.0000   0.0068  -0.0975    0.234
     3   0.4000   0.0403   0.0000   0.4100   0.0130   0.1709   0.0163   0.4170   0.4170   0.0033   0.0000   0.0068  -0.0974    0.234
     4   0.4000   0.0781   0.0000   0.4100   0.0178   0.1709   0.0163   0.4169   0.4169   0.0033   0.0000   0.0068  -0.0974    0.234
     5   0.4000   0.1270   0.0000   0.4100   0.0221   0.1708   0.0163   0.4168   0.4168   0.0033   0.0000   0.0068  -0.0974    0.234
     6   0.4000   0.1858   0.0000   0.4100   0.0259   0.1707   0.0164   0.4165   0.4165   0.0033   0.0000   0.0068  -0.0973    0.234
     7   0.4000   0.2531   0.0000   0.4100   0.0291   0.1706   0.0164   0.4161   0.4161   0.0033   0.0000   0.0068  -0.0972    0.234
     8   0.4000   0.3272   0.0000   0.4100   0.0315   0.1703   0.0164   0.4154   0.4154   0.0033   0.0000   0.0068  -0.0971    0.234
     9   0.4000   0.4063   0.0000   0.4100   0.0332   0.1700   0.0164   0.4146   0.4146   0.0033   0.0000   0.0068  -0.0968    0.234
    10   0.4000   0.4884   0.0000   0.4100   0.0340   0.1695   0.0163   0.4134   0.4134   0.0034   0.0000   0.0068  -0.0965    0.234
    11   0.4000   0.5716   0.0000   0.4100   0.0340   0.1689   0.0174   0.4120   0.4120   0.0034   0.0000   0.0068  -0.0962    0.233
    12   0.4000   0.6537   0.0000   0.4100   0.0332   0.1682   0.0174   0.4104   0.4104   0.0035   0.0000   0.0068  -0.0957    0.233
    13   0.4000   0.7328   0.0000   0.4100   0.0315   0.1674   0.0176   0.4084   0.4084   0.0036   0.0000   0.0069  -0.0952    0.233
    14   0.4000   0.8069   0.0000   0.4100   0.0291   0.1666   0.0180   0.4063   0.4063   0.0037   0.0000   0.0069  -0.0947    0.233
    15   0.4000   0.8742   0.0000   0.4100   0.0259   0.1657   0.0185   0.4041   0.4041   0.0037   0.0000   0.0069  -0.0941    0.233
    16   0.4000   0.9330   0.0000   0.4100   0.0221   0.1647   0.0190   0.4019   0.4019   0.0038   0.0000   0.0070  -0.0935    0.233
    17   0.4000   0.9819   0.0000   0.4100   0.0178   0.1639   0.0194   0.3998   0.3998   0.0039   0.0000   0.0070  -0.0929    0.233
    18   0.4000   1.0197   0.0000   0.4100   0.0130   0.1632   0.0198   0.3980   0.3980   0.0040   0.0000   0.0070  -0.0925    0.232
    19   0.4000   1.0454   0.0000   0.4100   0.0080   0.1626   0.0202   0.3967   0.3967   0.0041   0.0000   0.0070  -0.0921    0.232
    20   0.4000   1.0584   0.0000   0.4100   0.0027   0.1623   0.0204   0.3960   0.3960   0.0045   0.0000   0.0070  -0.0919    0.232

  Surface # 2     main_wing_panel_0 (YDUP)                
     # Chordwise = 12   # Spanwise = 20     First strip = 21
     Surface area Ssurf =    0.434600     Ave. chord Cave =    0.410000

 Forces referred to Sref, Cref, Bref about Xref, Yref, Zref
 Standard axis orientation,  X fwd, Z down         
     CLsurf  =   0.10063     Clsurf  =   0.01176
     CYsurf  =   0.00000     Cmsurf  =   0.00111
     CDsurf  =   0.00086     Cnsurf  =   0.00021
     CDisurf =   0.00086     CDvsurf =   0.00000

 Forces referred to Ssurf, Cave 
     CLsurf  =   0.41076     CDsurf  =   0.00349

 Strip Forces referred to Strip Area, Chord
    j     Xle      Yle      Zle      Chord    Area     c_cl     ai     cl_norm    cl       cd       cdv    cm_c/4     cm_LE   C.P.x/c
    21   0.4000  -0.0016   0.0000   0.4100   0.0027   0.1709   0.0163   0.4170   0.4170   0.0033   0.0000   0.0068   0.0975    0.234
    22   0.4000  -0.0146   0.0000   0.4100   0.0080   0.1709   0.0163   0.4170   0.4170   0.0033   0.0000   0.0068   0.0975    0.234
    23   0.4000  -0.0403   0.0000   0.4100   0.0130   0.1709   0.0163   0.4170   0.4170   0.0033   0.0000   0.0068   0.0974    0.234
    24   0.4000  -0.0781   0.0000   0.4100   0.0178   0.1709   0.0163   0.4169   0.4169   0.0033   0.0000   0.0068   0.0974    0.234
    25   0.4000  -0.1270   0.0000   0.4100   0.0221   0.1708   0.0163   0.4168   0.4168   0.0033   0.0000   0.0068   0.0974    0.234
    26   0.4000  -0.1858   0.0000   0.4100   0.0259   0.1707   0.0163   0.4165   0.4165   0.0033   0.0000   0.0068   0.0973    0.234
    27   0.4000  -0.2531   0.0000   0.4100   0.0291   0.1706   0.0164   0.4161   0.4161   0.0033   0.0000   0.0068   0.0972    0.234
    28   0.4000  -0.3272   0.0000   0.4100   0.0315   0.1703   0.0164   0.4154   0.4154   0.0033   0.0000   0.0068   0.0971    0.234
    29   0.4000  -0.4063   0.0000   0.4100   0.0332   0.1700   0.0164   0.4146   0.4146   0.0033   0.0000   0.0068   0.0968    0.234
    30   0.4000  -0.4884   0.0000   0.4100   0.0340   0.1695   0.0163   0.4134   0.4134   0.0034   0.0000   0.0068   0.0965    0.234
    31   0.4000  -0.5716   0.0000   0.4100   0.0340   0.1689   0.0174   0.4120   0.4120   0.0034   0.0000   0.0068   0.0962    0.233
    32   0.4000  -0.6537   0.0000   0.4100   0.0332   0.1682   0.0174   0.4104   0.4104   0.0035   0.0000   0.0068   0.0957    0.233
    33   0.4000  -0.7328   0.0000   0.4100   0.0315   0.1674   0.0176   0.4084   0.4084   0.0036   0.0000   0.0069   0.0952    0.233
    34   0.4000  -0.8069   0.0000   0.4100   0.0291   0.1666   0.0180   0.4063   0.4063   0.0037   0.0000   0.0069   0.0947    0.233
    35   0.4000  -0.8742   0.0000   0.4100   0.0259   0.1657   0.0185   0.4041   0.4041   0.0037   0.0000   0.0069   0.0941    0.233
    36   0.4000  -0.9330   0.0000   0.4100   0.0221   0.1647   0.0190   0.4019   0.4019   0.0038   0.0000   0.0070   0.0935    0.233
    37   0.4000  -0.9819   0.0000   0.4100   0.0178   0.1639   0.0194   0.3998   0.3998   0.0039   0.0000   0.0070   0.0929    0.233
    38   0.4000  -1.0197   0.0000   0.4100   0.0130   0.1632   0.0198   0.3980   0.3980   0.0040   0.0000   0.0070   0.0925    0.232
    39   0.4000  -1.0454   0.0000   0.4100   0.0080   0.1626   0.0202   0.3967   0.3967   0.0041   0.0000   0.0070   0.0921    0.232
    40   0.4000  -1.0584   0.0000   0.4100   0.0027   0.1623   0.0205   0.3960   0.3960   0.0045   0.0000   0.0070   0.0919    0.232

  Surface # 3     main_wing_panel_1                       
     # Chordwise = 12   # Spanwise = 20     First strip = 41
     Surface area Ssurf =    0.452200     Ave. chord Cave =    0.380000

 Forces referred to Sref, Cref, Bref about Xref, Yref, Zref
 Standard axis orientation,  X fwd, Z down         
     CLsurf  =   0.08544     Clsurf  =  -0.02988
     CYsurf  =  -0.00003     Cmsurf  =   0.00173
     CDsurf  =   0.00113     Cnsurf  =  -0.00039
     CDisurf =   0.00113     CDvsurf =   0.00000

 Forces referred to Ssurf, Cave 
     CLsurf  =   0.33518     CDsurf  =   0.00442

 Strip Forces referred to Strip Area, Chord
    j     Xle      Yle      Zle      Chord    Area     c_cl     ai     cl_norm    cl       cd       cdv    cm_c/4     cm_LE   C.P.x/c
    41   0.4000   1.0618   0.0000   0.4099   0.0030   0.1623   0.0205   0.3959   0.3959   0.0045   0.0000   0.0070  -0.0919    0.232
    42   0.4002   1.0764   0.0000   0.4092   0.0089   0.1619   0.0204   0.3958   0.3958   0.0041   0.0000   0.0071  -0.0918    0.232
    43   0.4006   1.1053   0.0000   0.4077   0.0146   0.1612   0.0203   0.3954   0.3954   0.0040   0.0000   0.0072  -0.0916    0.232
    44   0.4011   1.1477   0.0000   0.4056   0.0198   0.1600   0.0204   0.3945   0.3945   0.0040   0.0000   0.0073  -0.0913    0.231
    45   0.4018   1.2026   0.0000   0.4028   0.0244   0.1583   0.0205   0.3931   0.3931   0.0040   0.0000   0.0075  -0.0908    0.231
    46   0.4026   1.2686   0.0000   0.3995   0.0284   0.1562   0.0209   0.3909   0.3909   0.0041   0.0000   0.0077  -0.0900    0.230
    47   0.4036   1.3441   0.0000   0.3957   0.0315   0.1534   0.0214   0.3877   0.3877   0.0041   0.0000   0.0080  -0.0889    0.229
    48   0.4046   1.4273   0.0000   0.3915   0.0338   0.1500   0.0221   0.3831   0.3831   0.0042   0.0000   0.0083  -0.0874    0.228
    49   0.4057   1.5161   0.0000   0.3870   0.0351   0.1458   0.0231   0.3769   0.3769   0.0043   0.0000   0.0087  -0.0855    0.227
    50   0.4069   1.6083   0.0000   0.3824   0.0356   0.1409   0.0244   0.3685   0.3685   0.0045   0.0000   0.0091  -0.0830    0.225
    51   0.4081   1.7017   0.0000   0.3776   0.0352   0.1350   0.0262   0.3574   0.3574   0.0046   0.0000   0.0096  -0.0797    0.223
    52   0.4093   1.7939   0.0000   0.3730   0.0339   0.1279   0.0283   0.3430   0.3430   0.0048   0.0000   0.0101  -0.0756    0.220
    53   0.4104   1.8827   0.0000   0.3685   0.0318   0.1195   0.0310   0.3244   0.3244   0.0050   0.0000   0.0107  -0.0704    0.217
    54   0.4114   1.9659   0.0000   0.3643   0.0290   0.1096   0.0340   0.3007   0.3007   0.0051   0.0000   0.0113  -0.0639    0.212
    55   0.4124   2.0414   0.0000   0.3605   0.0256   0.0977   0.0372   0.2711   0.2711   0.0051   0.0000   0.0118  -0.0559    0.206
    56   0.4132   2.1074   0.0000   0.3572   0.0217   0.0839   0.0405   0.2349   0.2349   0.0049   0.0000   0.0120  -0.0467    0.199
    57   0.4139   2.1623   0.0000   0.3544   0.0173   0.0680   0.0436   0.1919   0.1919   0.0044   0.0000   0.0116  -0.0364    0.190
    58   0.4144   2.2047   0.0000   0.3523   0.0126   0.0502   0.0462   0.1425   0.1425   0.0037   0.0000   0.0100  -0.0257    0.180
    59   0.4148   2.2336   0.0000   0.3508   0.0076   0.0308   0.0482   0.0878   0.0878   0.0026   0.0000   0.0069  -0.0150    0.171
    60   0.4150   2.2482   0.0000   0.3501   0.0026   0.0104   0.0494   0.0297   0.0297   0.0011   0.0000   0.0025  -0.0049    0.165

  Surface # 4     main_wing_panel_1 (YDUP)                
     # Chordwise = 12   # Spanwise = 20     First strip = 61
     Surface area Ssurf =    0.452200     Ave. chord Cave =    0.380000

 Forces referred to Sref, Cref, Bref about Xref, Yref, Zref
 Standard axis orientation,  X fwd, Z down         
     CLsurf  =   0.08544     Clsurf  =   0.02988
     CYsurf  =   0.00003     Cmsurf  =   0.00173
     CDsurf  =   0.00113     Cnsurf  =   0.00039
     CDisurf =   0.00113     CDvsurf =   0.00000

 Forces referred to Ssurf, Cave 
     CLsurf  =   0.33518     CDsurf  =   0.00442

 Strip Forces referred to Strip Area, Chord
    j     Xle      Yle      Zle      Chord    Area     c_cl     ai     cl_norm    cl       cd       cdv    cm_c/4     cm_LE   C.P.x/c
    61   0.4000  -1.0618   0.0000   0.4099   0.0030   0.1623   0.0205   0.3959   0.3959   0.0045   0.0000   0.0070   0.0919    0.232
    62   0.4002  -1.0764   0.0000   0.4092   0.0089   0.1619   0.0204   0.3958   0.3958   0.0041   0.0000   0.0071   0.0918    0.232
    63   0.4006  -1.1053   0.0000   0.4077   0.0146   0.1612   0.0203   0.3954   0.3954   0.0040   0.0000   0.0072   0.0916    0.232
    64   0.4011  -1.1477   0.0000   0.4056   0.0198   0.1600   0.0204   0.3945   0.3945   0.0040   0.0000   0.0073   0.0913    0.231
    65   0.4018  -1.2026   0.0000   0.4028   0.0244   0.1583   0.0205   0.3931   0.3931   0.0040   0.0000   0.0075   0.0908    0.231
    66   0.4026  -1.2686   0.0000   0.3995   0.0284   0.1562   0.0209   0.3909   0.3909   0.0041   0.0000   0.0077   0.0900    0.230
    67   0.4036  -1.3441   0.0000   0.3957   0.0315   0.1534   0.0214   0.3877   0.3877   0.0041   0.0000   0.0080   0.0889    0.229
    68   0.4046  -1.4273   0.0000   0.3915   0.0338   0.1500   0.0221   0.3831   0.3831   0.0042   0.0000   0.0083   0.0874    0.228
    69   0.4057  -1.5161   0.0000   0.3870   0.0351   0.1458   0.0231   0.3769   0.3769   0.0043   0.0000   0.0087   0.0855    0.227
    70   0.4069  -1.6083   0.0000   0.3824   0.0356   0.1409   0.0244   0.3685   0.3685   0.0045   0.0000   0.0091   0.0830    0.225
    71   0.4081  -1.7017   0.0000   0.3776   0.0352   0.1350   0.0262   0.3574   0.3574   0.0046   0.0000   0.0096   0.0797    0.223
    72   0.4093  -1.7939   0.0000   0.3730   0.0339   0.1279   0.0283   0.3430   0.3430   0.0048   0.0000   0.0101   0.0756    0.220
    73   0.4104  -1.8827   0.0000   0.3685   0.0318   0.1195   0.0310   0.3244   0.3244   0.0050   0.0000   0.0107   0.0704    0.217
    74   0.4114  -1.9659   0.0000   0.3643   0.0290   0.1096   0.0340   0.3007   0.3007   0.0051   0.0000   0.0113   0.0639    0.212
    75   0.4124  -2.0414   0.0000   0.3605   0.0256   0.0977   0.0372   0.2711   0.2711   0.0051   0.0000   0.0118   0.0559    0.206
    76   0.4132  -2.1074   0.0000   0.3572   0.0217   0.0839   0.0405   0.2349   0.2349   0.0049   0.0000   0.0120   0.0467    0.199
    77   0.4139  -2.1623   0.0000   0.3544   0.0173   0.0680   0.0436   0.1919   0.1919   0.0044   0.0000   0.0116   0.0364    0.190
    78   0.4144  -2.2047   0.0000   0.3523   0.0126   0.0502   0.0462   0.1425   0.1425   0.0037   0.0000   0.0100   0.0257    0.180
    79   0.4148  -2.2336   0.0000   0.3508   0.0076   0.0308   0.0482   0.0878   0.0878   0.0026   0.0000   0.0069   0.0150    0.171
    80   0.4150  -2.2482   0.0000   0.3501   0.0026   0.0104   0.0494   0.0297   0.0297   0.0011   0.0000   0.0025   0.0049    0.165

  Surface # 5     hstab_panel_0                           
     # Chordwise = 12   # Spanwise = 20     First strip = 81
     Surface area Ssurf =    0.118800     Ave. chord Cave =    0.220000

 Forces referred to Sref, Cref, Bref about Xref, Yref, Zref
 Standard axis orientation,  X fwd, Z down         
     CLsurf  =   0.00084     Clsurf  =  -0.00004
     CYsurf  =   0.00000     Cmsurf  =  -0.00287
     CDsurf  =   0.00002     Cnsurf  =  -0.00000
     CDisurf =   0.00002     CDvsurf =   0.00000

 Forces referred to Ssurf, Cave 
     CLsurf  =   0.01251     CDsurf  =   0.00024

 Strip Forces referred to Strip Area, Chord
    j     Xle      Yle      Zle      Chord    Area     c_cl     ai     cl_norm    cl       cd       cdv    cm_c/4     cm_LE   C.P.x/c
    81   1.9000   0.0008   0.4000   0.2200   0.0007   0.0033   0.0156   0.0150   0.0150   0.0003   0.0000   0.0061   0.0024   -0.158
    82   1.9000   0.0075   0.4000   0.2200   0.0022   0.0033   0.0156   0.0150   0.0150   0.0003   0.0000   0.0061   0.0024   -0.158
    83   1.9000   0.0206   0.4000   0.2200   0.0036   0.0033   0.0156   0.0150   0.0150   0.0003   0.0000   0.0061   0.0024   -0.158
    84   1.9000   0.0398   0.4000   0.2200   0.0049   0.0033   0.0156   0.0150   0.0150   0.0003   0.0000   0.0061   0.0024   -0.159
    85   1.9000   0.0647   0.4000   0.2200   0.0061   0.0033   0.0156   0.0149   0.0149   0.0003   0.0000   0.0061   0.0024   -0.160
    86   1.9000   0.0946   0.4000   0.2200   0.0071   0.0033   0.0156   0.0148   0.0148   0.0003   0.0000   0.0061   0.0024   -0.163
    87   1.9000   0.1289   0.4000   0.2200   0.0079   0.0032   0.0156   0.0147   0.0147   0.0003   0.0000   0.0061   0.0025   -0.167
    88   1.9000   0.1667   0.4000   0.2200   0.0086   0.0032   0.0156   0.0145   0.0145   0.0003   0.0000   0.0061   0.0025   -0.174
    89   1.9000   0.2070   0.4000   0.2200   0.0091   0.0031   0.0157   0.0142   0.0142   0.0003   0.0000   0.0062   0.0026   -0.184
    90   1.9000   0.2488   0.4000   0.2200   0.0093   0.0030   0.0158   0.0138   0.0138   0.0003   0.0000   0.0062   0.0027   -0.198
    91   1.9000   0.2912   0.4000   0.2200   0.0093   0.0029   0.0158   0.0132   0.0132   0.0003   0.0000   0.0062   0.0029   -0.217
    92   1.9000   0.3330   0.4000   0.2200   0.0091   0.0028   0.0159   0.0126   0.0126   0.0002   0.0000   0.0062   0.0031   -0.244
    93   1.9000   0.3733   0.4000   0.2200   0.0086   0.0026   0.0160   0.0118   0.0118   0.0002   0.0000   0.0062   0.0033   -0.279
    94   1.9000   0.4111   0.4000   0.2200   0.0079   0.0024   0.0160   0.0108   0.0108   0.0002   0.0000   0.0062   0.0035   -0.325
    95   1.9000   0.4454   0.4000   0.2200   0.0071   0.0021   0.0160   0.0098   0.0098   0.0002   0.0000   0.0062   0.0037   -0.383
    96   1.9000   0.4753   0.4000   0.2200   0.0061   0.0019   0.0159   0.0086   0.0086   0.0002   0.0000   0.0061   0.0039   -0.452
    97   1.9000   0.5002   0.4000   0.2200   0.0049   0.0017   0.0157   0.0075   0.0075   0.0002   0.0000   0.0058   0.0039   -0.524
    98   1.9000   0.5194   0.4000   0.2200   0.0036   0.0014   0.0153   0.0065   0.0065   0.0001   0.0000   0.0054   0.0038   -0.583
    99   1.9000   0.5325   0.4000   0.2200   0.0022   0.0013   0.0148   0.0057   0.0057   0.0001   0.0000   0.0049   0.0034   -0.598
   100   1.9000   0.5392   0.4000   0.2200   0.0007   0.0011   0.0145   0.0052   0.0052   0.0001   0.0000   0.0042   0.0029   -0.557

  Surface # 6     hstab_panel_0 (YDUP)                    
     # Chordwise = 12   # Spanwise = 20     First strip =101
     Surface area Ssurf =    0.118800     Ave. chord Cave =    0.220000

 Forces referred to Sref, Cref, Bref about Xref, Yref, Zref
 Standard axis orientation,  X fwd, Z down         
     CLsurf  =   0.00082     Clsurf  =   0.00004
     CYsurf  =   0.00000     Cmsurf  =  -0.00281
     CDsurf  =   0.00002     Cnsurf  =   0.00000
     CDisurf =   0.00002     CDvsurf =   0.00000

 Forces referred to Ssurf, Cave 
     CLsurf  =   0.01223     CDsurf  =   0.00024

 Strip Forces referred to Strip Area, Chord
    j     Xle      Yle      Zle      Chord    Area     c_cl     ai     cl_norm    cl       cd       cdv    cm_c/4     cm_LE   C.P.x/c
   101   1.9000  -0.0008   0.4000   0.2200   0.0007   0.0033   0.0156   0.0150   0.0150   0.0003   0.0000   0.0061  -0.0024   -0.158
   102   1.9000  -0.0075   0.4000   0.2200   0.0022   0.0033   0.0156   0.0150   0.0150   0.0003   0.0000   0.0061  -0.0024   -0.158
   103   1.9000  -0.0206   0.4000   0.2200   0.0036   0.0033   0.0156   0.0150   0.0150   0.0003   0.0000   0.0061  -0.0024   -0.159
   104   1.9000  -0.0398   0.4000   0.2200   0.0049   0.0033   0.0156   0.0149   0.0149   0.0003   0.0000   0.0061  -0.0024   -0.160
   105   1.9000  -0.0647   0.4000   0.2200   0.0061   0.0033   0.0156   0.0149   0.0149   0.0003   0.0000   0.0061  -0.0024   -0.161
   106   1.9000  -0.0946   0.4000   0.2200   0.0071   0.0033   0.0156   0.0148   0.0148   0.0003   0.0000   0.0061  -0.0024   -0.164
   107   1.9000  -0.1289   0.4000   0.2200   0.0079   0.0032   0.0156   0.0146   0.0146   0.0003   0.0000   0.0061  -0.0025   -0.170
   108   1.9000  -0.1667   0.4000   0.2200   0.0086   0.0032   0.0157   0.0144   0.0144   0.0003   0.0000   0.0061  -0.0025   -0.177
   109   1.9000  -0.2070   0.4000   0.2200   0.0091   0.0031   0.0157   0.0140   0.0140   0.0003   0.0000   0.0062  -0.0026   -0.189
   110   1.9000  -0.2488   0.4000   0.2200   0.0093   0.0030   0.0158   0.0136   0.0136   0.0003   0.0000   0.0062  -0.0028   -0.205
   111   1.9000  -0.2912   0.4000   0.2200   0.0093   0.0029   0.0158   0.0130   0.0130   0.0003   0.0000   0.0062  -0.0029   -0.227
   112   1.9000  -0.3330   0.4000   0.2200   0.0091   0.0027   0.0159   0.0122   0.0122   0.0002   0.0000   0.0062  -0.0031   -0.256
   113   1.9000  -0.3733   0.4000   0.2200   0.0086   0.0025   0.0159   0.0114   0.0114   0.0002   0.0000   0.0062  -0.0033   -0.295
   114   1.9000  -0.4111   0.4000   0.2200   0.0079   0.0023   0.0159   0.0103   0.0103   0.0002   0.0000   0.0061  -0.0036   -0.344
   115   1.9000  -0.4454   0.4000   0.2200   0.0071   0.0020   0.0159   0.0092   0.0092   0.0002   0.0000   0.0060  -0.0037   -0.404
   116   1.9000  -0.4753   0.4000   0.2200   0.0061   0.0018   0.0157   0.0080   0.0080   0.0002   0.0000   0.0058  -0.0038   -0.468
   117   1.9000  -0.5002   0.4000   0.2200   0.0049   0.0015   0.0154   0.0069   0.0069   0.0001   0.0000   0.0054  -0.0036   -0.523
   118   1.9000  -0.5194   0.4000   0.2200   0.0036   0.0013   0.0151   0.0060   0.0060   0.0001   0.0000   0.0047  -0.0033   -0.544
   119   1.9000  -0.5325   0.4000   0.2200   0.0022   0.0012   0.0147   0.0053   0.0053   0.0001   0.0000   0.0040  -0.0026   -0.504
   120   1.9000  -0.5392   0.4000   0.2200   0.0007   0.0011   0.0144   0.0048   0.0048   0.0001   0.0000   0.0032  -0.0020   -0.407

  Surface # 7     fin_panel_0                             
     # Chordwise = 12   # Spanwise = 20     First strip =121
     Surface area Ssurf =    0.080000     Ave. chord Cave =    0.200000

 Forces referred to Sref, Cref, Bref about Xref, Yref, Zref
 Standard axis orientation,  X fwd, Z down         
     CLsurf  =  -0.00000     Clsurf  =   0.00000
     CYsurf  =  -0.00002     Cmsurf  =   0.00000
     CDsurf  =   0.00000     Cnsurf  =   0.00001
     CDisurf =   0.00000     CDvsurf =   0.00000

 Forces referred to Ssurf, Cave 
     CLsurf  =  -0.00049     CDsurf  =   0.00000

 Strip Forces referred to Strip Area, Chord
    j     Xle      Yle      Zle      Chord    Area     c_cl     ai     cl_norm    cl       cd       cdv    cm_c/4     cm_LE   C.P.x/c
   121   1.9000   0.5400   0.3994   0.2000   0.0005   0.0011   0.0037   0.0055   0.0055   0.0001   0.0000   0.0047   0.0034   -0.616
   122   1.9000   0.5400   0.3945   0.2000   0.0015   0.0010   0.0022   0.0050   0.0050  -0.0000   0.0000   0.0039   0.0027   -0.532
   123   1.9000   0.5400   0.3848   0.2000   0.0024   0.0009   0.0021   0.0043   0.0043  -0.0000   0.0000   0.0030   0.0019   -0.439
   124   1.9000   0.5400   0.3705   0.2000   0.0033   0.0007   0.0018   0.0035   0.0035   0.0000   0.0000   0.0022   0.0013   -0.376
   125   1.9000   0.5400   0.3521   0.2000   0.0041   0.0005   0.0014   0.0025   0.0025   0.0000   0.0000   0.0016   0.0010   -0.388
   126   1.9000   0.5400   0.3299   0.2000   0.0048   0.0003   0.0010   0.0014   0.0014   0.0000   0.0000   0.0012   0.0008   -0.596
   127   1.9000   0.5400   0.3045   0.2000   0.0054   0.0001   0.0007   0.0004   0.0004   0.0000   0.0000   0.0010   0.0009  999.000
   128   1.9000   0.5400   0.2765   0.2000   0.0058  -0.0001   0.0006  -0.0006  -0.0006   0.0000   0.0000   0.0008   0.0010    1.748
   129   1.9000   0.5400   0.2467   0.2000   0.0061  -0.0003   0.0005  -0.0013  -0.0013  -0.0000   0.0000   0.0008   0.0011    0.863
   130   1.9000   0.5400   0.2157   0.2000   0.0063  -0.0004   0.0004  -0.0018  -0.0018  -0.0000   0.0000   0.0008   0.0012    0.683
   131   1.9000   0.5400   0.1843   0.2000   0.0063  -0.0004   0.0004  -0.0021  -0.0021  -0.0000   0.0000   0.0008   0.0013    0.625
   132   1.9000   0.5400   0.1533   0.2000   0.0061  -0.0004   0.0005  -0.0022  -0.0022  -0.0000   0.0000   0.0008   0.0014    0.614
   133   1.9000   0.5400   0.1235   0.2000   0.0058  -0.0004   0.0005  -0.0022  -0.0021  -0.0000   0.0000   0.0008   0.0014    0.634
   134   1.9000   0.5400   0.0955   0.2000   0.0054  -0.0004   0.0006  -0.0019  -0.0019  -0.0000   0.0000   0.0008   0.0013    0.681
   135   1.9000   0.5400   0.0701   0.2000   0.0048  -0.0003   0.0008  -0.0016  -0.0016  -0.0000   0.0000   0.0008   0.0012    0.763
   136   1.9000   0.5400   0.0479   0.2000   0.0041  -0.0002   0.0010  -0.0012  -0.0012  -0.0000   0.0000   0.0008   0.0011    0.884
   137   1.9000   0.5400   0.0295   0.2000   0.0033  -0.0002   0.0013  -0.0009  -0.0009  -0.0000   0.0000   0.0007   0.0009    1.047
   138   1.9000   0.5400   0.0152   0.2000   0.0024  -0.0001   0.0019  -0.0006  -0.0006  -0.0000   0.0000   0.0006   0.0007    1.236
   139   1.9000   0.5400   0.0055   0.2000   0.0015  -0.0001   0.0016  -0.0003  -0.0003  -0.0000   0.0000   0.0004   0.0005    1.413
   140   1.9000   0.5400   0.0006   0.2000   0.0005  -0.0000  -0.0001  -0.0001  -0.0001  -0.0000   0.0000   0.0001   0.0002    1.524

  Surface # 8     fin_panel_0                             
     # Chordwise = 12   # Spanwise = 20     First strip =141
     Surface area Ssurf =    0.080000     Ave. chord Cave =    0.200000

 Forces referred to Sref, Cref, Bref about Xref, Yref, Zref
 Standard axis orientation,  X fwd, Z down         
     CLsurf  =   0.00000     Clsurf  =  -0.00000
     CYsurf  =   0.00003     Cmsurf  =  -0.00000
     CDsurf  =  -0.00000     Cnsurf  =  -0.00001
     CDisurf =  -0.00000     CDvsurf =   0.00000

 Forces referred to Ssurf, Cave 
     CLsurf  =   0.00075     CDsurf  =  -0.00000

 Strip Forces referred to Strip Area, Chord
    j     Xle      Yle      Zle      Chord    Area     c_cl     ai     cl_norm    cl       cd       cdv    cm_c/4     cm_LE   C.P.x/c
   141   1.9000  -0.5400   0.3994   0.2000   0.0005  -0.0010  -0.0038  -0.0051  -0.0050   0.0001   0.0000  -0.0033  -0.0021   -0.410
   142   1.9000  -0.5400   0.3945   0.2000   0.0015  -0.0009  -0.0025  -0.0046  -0.0046  -0.0000   0.0000  -0.0024  -0.0012   -0.265
   143   1.9000  -0.5400   0.3848   0.2000   0.0024  -0.0008  -0.0023  -0.0040  -0.0040  -0.0000   0.0000  -0.0013  -0.0003   -0.082
   144   1.9000  -0.5400   0.3705   0.2000   0.0033  -0.0006  -0.0019  -0.0031  -0.0031  -0.0000   0.0000  -0.0004   0.0004    0.124
   145   1.9000  -0.5400   0.3521   0.2000   0.0041  -0.0004  -0.0015  -0.0021  -0.0021  -0.0000   0.0000   0.0003   0.0008    0.391
   146   1.9000  -0.5400   0.3299   0.2000   0.0048  -0.0002  -0.0010  -0.0010  -0.0010  -0.0000   0.0000   0.0008   0.0010    1.006
   147   1.9000  -0.5400   0.3045   0.2000   0.0054   0.0000  -0.0007   0.0001   0.0001  -0.0000   0.0000   0.0010   0.0010  999.000
   148   1.9000  -0.5400   0.2765   0.2000   0.0058   0.0002  -0.0005   0.0010   0.0010  -0.0000   0.0000   0.0012   0.0009   -0.915
   149   1.9000  -0.5400   0.2467   0.2000   0.0061   0.0003  -0.0004   0.0017   0.0017  -0.0000   0.0000   0.0012   0.0008   -0.457
   150   1.9000  -0.5400   0.2157   0.2000   0.0063   0.0004  -0.0003   0.0022   0.0022  -0.0000   0.0000   0.0012   0.0007   -0.305
   151   1.9000  -0.5400   0.1843   0.2000   0.0063   0.0005  -0.0003   0.0025   0.0025  -0.0000   0.0000   0.0012   0.0006   -0.243
   152   1.9000  -0.5400   0.1533   0.2000   0.0061   0.0005  -0.0004   0.0025   0.0025  -0.0000   0.0000   0.0012   0.0006   -0.228
   153   1.9000  -0.5400   0.1235   0.2000   0.0058   0.0005  -0.0005   0.0024   0.0024  -0.0000   0.0000   0.0012   0.0006   -0.247
   154   1.9000  -0.5400   0.0955   0.2000   0.0054   0.0004  -0.0006   0.0020   0.0020  -0.0000   0.0000   0.0011   0.0006   -0.303
   155   1.9000  -0.5400   0.0701   0.2000   0.0048   0.0003  -0.0009   0.0016   0.0016  -0.0000   0.0000   0.0011   0.0007   -0.407
   156   1.9000  -0.5400   0.0479   0.2000   0.0041   0.0002  -0.0012   0.0011   0.0011  -0.0000   0.0000   0.0009   0.0007   -0.586
   157   1.9000  -0.5400   0.0295   0.2000   0.0033   0.0001  -0.0017   0.0007   0.0007   0.0000   0.0000   0.0008   0.0006   -0.885
   158   1.9000  -0.5400   0.0152   0.2000   0.0024   0.0001  -0.0024   0.0004   0.0004   0.0000   0.0000   0.0006   0.0005  999.000
   159   1.9000  -0.5400   0.0055   0.2000   0.0015   0.0000  -0.0023   0.0002   0.0002   0.0000   0.0000   0.0004   0.0003  999.000
   160   1.9000  -0.5400   0.0006   0.2000   0.0005   0.0000  -0.0006   0.0000   0.0000   0.0000   0.0000   0.0001   0.0001  999.000
 ---------------------------------------------------------------
