 ---------------------------------------------------------------
 Surface and Strip Forces by surface

  Sref =  2.7910       Cref = 0.47500       Bref =  5.8800    
  Xref = 0.50000       Yref =  0.0000       Zref =  0.0000    

  Surface # 1     main_wing_panel_0                       
     # Chordwise = 12   # Spanwise = 20     First strip =  1
     Surface area Ssurf =    0.683400     Ave. chord Cave =    0.510000

 Forces referred to Sref, Cref, Bref about Xref, Yref, Zref
 Standard axis orientation,  X fwd, Z down         
     CLsurf  =   0.06503     Clsurf  =  -0.00735
     CYsurf  =   0.00000     Cmsurf  =  -0.00386
     CDsurf  =   0.00035     Cnsurf  =   0.00003
     CDisurf =   0.00035     CDvsurf =   0.00000

 Forces referred to Ssurf, Cave 
     CLsurf  =   0.26558     CDsurf  =   0.00144

 Strip Forces referred to Strip Area, Chord
    j     Xle      Yle      Zle      Chord    Area     c_cl     ai     cl_norm    cl       cd       cdv    cm_c/4     cm_LE   C.P.x/c
     1   0.4000   0.0021   0.0000   0.5100   0.0042   0.1373   0.0071   0.2693   0.2693   0.0013   0.0000  -0.0005  -0.0678    0.252
     2   0.4000   0.0185   0.0000   0.5100   0.0125   0.1373   0.0071   0.2693   0.2693   0.0013   0.0000  -0.0005  -0.0678    0.252
     3   0.4000   0.0510   0.0000   0.5100   0.0205   0.1373   0.0071   0.2693   0.2693   0.0013   0.0000  -0.0005  -0.0678    0.252
     4   0.4000   0.0987   0.0000   0.5100   0.0280   0.1373   0.0071   0.2692   0.2692   0.0013   0.0000  -0.0005  -0.0678    0.252
     5   0.4000   0.1605   0.0000   0.5100   0.0348   0.1373   0.0071   0.2691   0.2691   0.0013   0.0000  -0.0005  -0.0678    0.252
     6   0.4000   0.2349   0.0000   0.5100   0.0408   0.1372   0.0071   0.2690   0.2690   0.0013   0.0000  -0.0005  -0.0677    0.252
     7   0.4000   0.3199   0.0000   0.5100   0.0457   0.1371   0.0070   0.2687   0.2687   0.0013   0.0000  -0.0005  -0.0677    0.252
     8   0.4000   0.4136   0.0000   0.5100   0.0495   0.1369   0.0068   0.2684   0.2684   0.0014   0.0000  -0.0005  -0.0676    0.252
     9   0.4000   0.5136   0.0000   0.5100   0.0521   0.1366   0.0059   0.2679   0.2679   0.0014   0.0000  -0.0005  -0.0674    0.252
    10   0.4000   0.6174   0.0000   0.5100   0.0535   0.1363   0.0128   0.2672   0.2672   0.0014   0.0000  -0.0004  -0.0672    0.252
    11   0.4000   0.7226   0.0000   0.5100   0.0535   0.1359   0.0121   0.2664   0.2664   0.0014   0.0000  -0.0004  -0.0670    0.252
    12   0.4000   0.8264   0.0000   0.5100   0.0521   0.1354   0.0120   0.2654   0.2654   0.0014   0.0000  -0.0004  -0.0667    0.251
    13   0.4000   0.9264   0.0000   0.5100   0.0495   0.1348   0.0121   0.2642   0.2642   0.0015   0.0000  -0.0003  -0.0664    0.251
    14   0.4000   1.0201   0.0000   0.5100   0.0457   0.1341   0.0122   0.2630   0.2630   0.0015   0.0000  -0.0003  -0.0660    0.251
    15   0.4000   1.1051   0.0000   0.5100   0.0408   0.1334   0.0124   0.2616   0.2616   0.0015   0.0000  -0.0002  -0.0657    0.251
    16   0.4000   1.1795   0.0000   0.5100   0.0348   0.1327   0.0127   0.2602   0.2602   0.0016   0.0000  -0.0002  -0.0653    0.251
    17   0.4000   1.2413   0.0000   0.5100   0.0280   0.1321   0.0130   0.2589   0.2589   0.0016   0.0000  -0.0002  -0.0649    0.251
    18   0.4000   1.2890   0.0000   0.5100   0.0205   0.1315   0.0132   0.2578   0.2578   0.0017   0.0000  -0.0001  -0.0646    0.250
    19   0.4000   1.3215   0.0000   0.5100   0.0125   0.1311   0.0135   0.2570   0.2570   0.0017   0.0000  -0.0001  -0.0643    0.250
    20   0.4000   1.3379   0.0000   0.5100   0.0042   0.1308   0.0137   0.2565   0.2565   0.0019   0.0000  -0.0001  -0.0642    0.250

  Surface # 2     main_wing_panel_0 (YDUP)                
     # Chordwise = 12   # Spanwise = 20     First strip = 21
     Surface area Ssurf =    0.683400     Ave. chord Cave =    0.510000

 Forces referred to Sref, Cref, Bref about Xref, Yref, Zref
 Standard axis orientation,  X fwd, Z down         
     CLsurf  =   0.06503     Clsurf  =   0.00736
     CYsurf  =   0.00000     Cmsurf  =  -0.00386
     CDsurf  =   0.00035     Cnsurf  =  -0.00003
     CDisurf =   0.00035     CDvsurf =   0.00000

 Forces referred to Ssurf, Cave 
     CLsurf  =   0.26558     CDsurf  =   0.00144

 Strip Forces referred to Strip Area, Chord
    j     Xle      Yle      Zle      Chord    Area     c_cl     ai     cl_norm    cl       cd       cdv    cm_c/4     cm_LE   C.P.x/c
    21   0.4000  -0.0021   0.0000   0.5100   0.0042   0.1373   0.0071   0.2693   0.2693   0.0013   0.0000  -0.0005   0.0678    0.252
    22   0.4000  -0.0185   0.0000   0.5100   0.0125   0.1373   0.0071   0.2693   0.2693   0.0013   0.0000  -0.0005   0.0678    0.252
    23   0.4000  -0.0510   0.0000   0.5100   0.0205   0.1373   0.0071   0.2693   0.2693   0.0013   0.0000  -0.0005   0.0678    0.252
    24   0.4000  -0.0987   0.0000   0.5100   0.0280   0.1373   0.0071   0.2692   0.2692   0.0013   0.0000  -0.0005   0.0678    0.252
    25   0.4000  -0.1605   0.0000   0.5100   0.0348   0.1373   0.0071   0.2691   0.2691   0.0013   0.0000  -0.0005   0.0678    0.252
    26   0.4000  -0.2349   0.0000   0.5100   0.0408   0.1372   0.0071   0.2690   0.2690   0.0013   0.0000  -0.0005   0.0677    0.252
    27   0.4000  -0.3199   0.0000   0.5100   0.0457   0.1371   0.0071   0.2687   0.2687   0.0013   0.0000  -0.0005   0.0677    0.252
    28   0.4000  -0.4136   0.0000   0.5100   0.0495   0.1369   0.0069   0.2684   0.2684   0.0014   0.0000  -0.0005   0.0676    0.252
    29   0.4000  -0.5136   0.0000   0.5100   0.0521   0.1366   0.0059   0.2679   0.2679   0.0014   0.0000  -0.0005   0.0674    0.252
    30   0.4000  -0.6174   0.0000   0.5100   0.0535   0.1363   0.0128   0.2672   0.2672   0.0014   0.0000  -0.0004   0.0672    0.252
    31   0.4000  -0.7226   0.0000   0.5100   0.0535   0.1359   0.0120   0.2664   0.2664   0.0014   0.0000  -0.0004   0.0670    0.252
    32   0.4000  -0.8264   0.0000   0.5100   0.0521   0.1354   0.0120   0.2654   0.2654   0.0014   0.0000  -0.0004   0.0667    0.251
    33   0.4000  -0.9264   0.0000   0.5100   0.0495   0.1348   0.0120   0.2642   0.2642   0.0015   0.0000  -0.0003   0.0664    0.251
    34   0.4000  -1.0201   0.0000   0.5100   0.0457   0.1341   0.0122   0.2630   0.2630   0.0015   0.0000  -0.0003   0.0660    0.251
    35   0.4000  -1.1051   0.0000   0.5100   0.0408   0.1334   0.0124   0.2616   0.2616   0.0015   0.0000  -0.0002   0.0657    0.251
    36   0.4000  -1.1795   0.0000   0.5100   0.0348   0.1327   0.0127   0.2602   0.2602   0.0016   0.0000  -0.0002   0.0653    0.251
    37   0.4000  -1.2413   0.0000   0.5100   0.0280   0.1321   0.0130   0.2589   0.2589   0.0016   0.0000  -0.0002   0.0649    0.251
    38   0.4000  -1.2890   0.0000   0.5100   0.0205   0.1315   0.0132   0.2578   0.2578   0.0017   0.0000  -0.0001   0.0646    0.250
    39   0.4000  -1.3215   0.0000   0.5100   0.0125   0.1311   0.0135   0.2570   0.2570   0.0017   0.0000  -0.0001   0.0643    0.250
    40   0.4000  -1.3379   0.0000   0.5100   0.0042   0.1308   0.0137   0.2565   0.2565   0.0019   0.0000  -0.0001   0.0642    0.250

  Surface # 3     main_wing_panel_1                       
     # Chordwise = 12   # Spanwise = 20     First strip = 41
     Surface area Ssurf =    0.712000     Ave. chord Cave =    0.445000

 Forces referred to Sref, Cref, Bref about Xref, Yref, Zref
 Standard axis orientation,  X fwd, Z down         
     CLsurf  =   0.05822     Clsurf  =  -0.02009
     CYsurf  =   0.00004     Cmsurf  =  -0.00279
     CDsurf  =   0.00046     Cnsurf  =   0.00014
     CDisurf =   0.00046     CDvsurf =   0.00000

 Forces referred to Ssurf, Cave 
     CLsurf  =   0.22824     CDsurf  =   0.00179

 Strip Forces referred to Strip Area, Chord
    j     Xle      Yle      Zle      Chord    Area     c_cl     ai     cl_norm    cl       cd       cdv    cm_c/4     cm_LE   C.P.x/c
    41   0.4001   1.3425   0.0000   0.5098   0.0050   0.1308   0.0137   0.2565   0.2565   0.0019   0.0000  -0.0001  -0.0642    0.250
    42   0.4005   1.3621   0.0000   0.5082   0.0149   0.1304   0.0135   0.2567   0.2567   0.0017   0.0000  -0.0000  -0.0642    0.250
    43   0.4013   1.4009   0.0000   0.5051   0.0243   0.1298   0.0133   0.2569   0.2569   0.0017   0.0000   0.0001  -0.0642    0.250
    44   0.4024   1.4579   0.0000   0.5004   0.0328   0.1287   0.0131   0.2571   0.2571   0.0016   0.0000   0.0002  -0.0641    0.249
    45   0.4040   1.5317   0.0000   0.4944   0.0403   0.1271   0.0130   0.2571   0.2571   0.0016   0.0000   0.0004  -0.0639    0.248
    46   0.4058   1.6204   0.0000   0.4872   0.0465   0.1251   0.0130   0.2568   0.2568   0.0016   0.0000   0.0006  -0.0635    0.248
    47   0.4079   1.7220   0.0000   0.4790   0.0513   0.1226   0.0131   0.2559   0.2559   0.0016   0.0000   0.0009  -0.0630    0.246
    48   0.4102   1.8339   0.0000   0.4699   0.0545   0.1195   0.0133   0.2544   0.2544   0.0017   0.0000   0.0013  -0.0623    0.245
    49   0.4126   1.9532   0.0000   0.4602   0.0562   0.1159   0.0136   0.2520   0.2520   0.0017   0.0000   0.0017  -0.0612    0.243
    50   0.4152   2.0772   0.0000   0.4501   0.0563   0.1117   0.0143   0.2483   0.2483   0.0017   0.0000   0.0022  -0.0598    0.241
    51   0.4178   2.2028   0.0000   0.4399   0.0551   0.1069   0.0151   0.2430   0.2430   0.0018   0.0000   0.0028  -0.0580    0.239
    52   0.4204   2.3268   0.0000   0.4298   0.0525   0.1012   0.0164   0.2355   0.2355   0.0019   0.0000   0.0034  -0.0555    0.236
    53   0.4228   2.4461   0.0000   0.4201   0.0487   0.0947   0.0180   0.2253   0.2253   0.0020   0.0000   0.0041  -0.0522    0.232
    54   0.4251   2.5580   0.0000   0.4110   0.0440   0.0870   0.0199   0.2116   0.2116   0.0021   0.0000   0.0049  -0.0480    0.227
    55   0.4272   2.6596   0.0000   0.4028   0.0384   0.0779   0.0223   0.1933   0.1933   0.0021   0.0000   0.0057  -0.0427    0.221
    56   0.4290   2.7483   0.0000   0.3956   0.0323   0.0672   0.0248   0.1699   0.1699   0.0021   0.0000   0.0064  -0.0361    0.212
    57   0.4306   2.8221   0.0000   0.3896   0.0256   0.0548   0.0272   0.1406   0.1406   0.0020   0.0000   0.0067  -0.0284    0.202
    58   0.4317   2.8791   0.0000   0.3849   0.0185   0.0406   0.0294   0.1055   0.1055   0.0017   0.0000   0.0063  -0.0201    0.190
    59   0.4325   2.9179   0.0000   0.3818   0.0112   0.0250   0.0311   0.0656   0.0656   0.0013   0.0000   0.0047  -0.0117    0.179
    60   0.4329   2.9375   0.0000   0.3802   0.0037   0.0085   0.0321   0.0223   0.0223   0.0005   0.0000   0.0018  -0.0038    0.171

  Surface # 4     main_wing_panel_1 (YDUP)                
     # Chordwise = 12   # Spanwise = 20     First strip = 61
     Surface area Ssurf =    0.712000     Ave. chord Cave =    0.445000

 Forces referred to Sref, Cref, Bref about Xref, Yref, Zref
 Standard axis orientation,  X fwd, Z down         
     CLsurf  =   0.05822     Clsurf  =   0.02009
     CYsurf  =  -0.00004     Cmsurf  =  -0.00279
     CDsurf  =   0.00046     Cnsurf  =  -0.00014
     CDisurf =   0.00046     CDvsurf =   0.00000

 Forces referred to Ssurf, Cave 
     CLsurf  =   0.22824     CDsurf  =   0.00179

 Strip Forces referred to Strip Area, Chord
    j     Xle      Yle      Zle      Chord    Area     c_cl     ai     cl_norm    cl       cd       cdv    cm_c/4     cm_LE   C.P.x/c
    61   0.4001  -1.3425   0.0000   0.5098   0.0050   0.1308   0.0137   0.2565   0.2565   0.0019   0.0000  -0.0001   0.0642    0.250
    62   0.4005  -1.3621   0.0000   0.5082   0.0149   0.1304   0.0135   0.2567   0.2567   0.0017   0.0000  -0.0000   0.0642    0.250
    63   0.4013  -1.4009   0.0000   0.5051   0.0243   0.1298   0.0133   0.2569   0.2569   0.0017   0.0000   0.0001   0.0642    0.250
    64   0.4024  -1.4579   0.0000   0.5004   0.0328   0.1287   0.0131   0.2571   0.2571   0.0016   0.0000   0.0002   0.0641    0.249
    65   0.4040  -1.5317   0.0000   0.4944   0.0403   0.1271   0.0130   0.2571   0.2571   0.0016   0.0000   0.0004   0.0639    0.248
    66   0.4058  -1.6204   0.0000   0.4872   0.0465   0.1251   0.0130   0.2568   0.2568   0.0016   0.0000   0.0006   0.0635    0.248
    67   0.4079  -1.7220   0.0000   0.4790   0.0513   0.1226   0.0131   0.2559   0.2559   0.0016   0.0000   0.0009   0.0630    0.246
    68   0.4102  -1.8339   0.0000   0.4699   0.0545   0.1195   0.0133   0.2544   0.2544   0.0017   0.0000   0.0013   0.0623    0.245
    69   0.4126  -1.9532   0.0000   0.4602   0.0562   0.1159   0.0136   0.2520   0.2520   0.0017   0.0000   0.0017   0.0612    0.243
    70   0.4152  -2.0772   0.0000   0.4501   0.0563   0.1117   0.0142   0.2483   0.2483   0.0017   0.0000   0.0022   0.0598    0.241
    71   0.4178  -2.2028   0.0000   0.4399   0.0551   0.1069   0.0151   0.2430   0.2430   0.0018   0.0000   0.0028   0.0580    0.239
    72   0.4204  -2.3268   0.0000   0.4298   0.0525   0.1012   0.0164   0.2355   0.2355   0.0019   0.0000   0.0034   0.0555    0.236
    73   0.4228  -2.4461   0.0000   0.4201   0.0487   0.0947   0.0179   0.2253   0.2253   0.0020   0.0000   0.0041   0.0522    0.232
    74   0.4251  -2.5580   0.0000   0.4110   0.0440   0.0870   0.0199   0.2116   0.2116   0.0021   0.0000   0.0049   0.0480    0.227
    75   0.4272  -2.6596   0.0000   0.4028   0.0384   0.0779   0.0223   0.1933   0.1933   0.0021   0.0000   0.0057   0.0427    0.221
    76   0.4290  -2.7483   0.0000   0.3956   0.0323   0.0672   0.0248   0.1699   0.1699   0.0021   0.0000   0.0064   0.0361    0.212
    77   0.4306  -2.8221   0.0000   0.3896   0.0256   0.0548   0.0272   0.1406   0.1406   0.0020   0.0000   0.0067   0.0284    0.202
    78   0.4317  -2.8791   0.0000   0.3849   0.0185   0.0406   0.0294   0.1055   0.1055   0.0017   0.0000   0.0063   0.0201    0.190
    79   0.4325  -2.9179   0.0000   0.3818   0.0112   0.0250   0.0311   0.0656   0.0656   0.0013   0.0000   0.0047   0.0117    0.179
    80   0.4329  -2.9375   0.0000   0.3802   0.0037   0.0085   0.0321   0.0223   0.0223   0.0005   0.0000   0.0018   0.0038    0.171

  Surface # 5     hstab_panel_0                           
     # Chordwise = 12   # Spanwise = 20     First strip = 81
     Surface area Ssurf =    0.201600     Ave. chord Cave =    0.360000

 Forces referred to Sref, Cref, Bref about Xref, Yref, Zref
 Standard axis orientation,  X fwd, Z down         
     CLsurf  =  -0.00224     Clsurf  =   0.00010
     CYsurf  =  -0.00000     Cmsurf  =   0.00669
     CDsurf  =  -0.00002     Cnsurf  =  -0.00000
     CDisurf =  -0.00002     CDvsurf =   0.00000

 Forces referred to Ssurf, Cave 
     CLsurf  =  -0.03104     CDsurf  =  -0.00033

 Strip Forces referred to Strip Area, Chord
    j     Xle      Yle      Zle      Chord    Area     c_cl     ai     cl_norm    cl       cd       cdv    cm_c/4     cm_LE   C.P.x/c
    81   1.9000   0.0009   0.4500   0.3600   0.0012  -0.0118   0.0055  -0.0327  -0.0327  -0.0004   0.0000  -0.0059   0.0023    0.069
    82   1.9000   0.0077   0.4500   0.3600   0.0037  -0.0118   0.0055  -0.0327  -0.0327  -0.0004   0.0000  -0.0059   0.0023    0.069
    83   1.9000   0.0213   0.4500   0.3600   0.0061  -0.0118   0.0055  -0.0327  -0.0327  -0.0004   0.0000  -0.0059   0.0023    0.069
    84   1.9000   0.0413   0.4500   0.3600   0.0083  -0.0118   0.0055  -0.0327  -0.0327  -0.0004   0.0000  -0.0059   0.0023    0.069
    85   1.9000   0.0671   0.4500   0.3600   0.0103  -0.0118   0.0055  -0.0327  -0.0327  -0.0004   0.0000  -0.0059   0.0023    0.069
    86   1.9000   0.0982   0.4500   0.3600   0.0120  -0.0118   0.0055  -0.0327  -0.0327  -0.0004   0.0000  -0.0059   0.0022    0.068
    87   1.9000   0.1337   0.4500   0.3600   0.0135  -0.0117   0.0054  -0.0326  -0.0326  -0.0004   0.0000  -0.0059   0.0022    0.068
    88   1.9000   0.1728   0.4500   0.3600   0.0146  -0.0117   0.0054  -0.0324  -0.0324  -0.0004   0.0000  -0.0059   0.0022    0.067
    89   1.9000   0.2146   0.4500   0.3600   0.0154  -0.0116   0.0054  -0.0322  -0.0322  -0.0004   0.0000  -0.0059   0.0021    0.065
    90   1.9000   0.2580   0.4500   0.3600   0.0158  -0.0115   0.0053  -0.0319  -0.0319  -0.0003   0.0000  -0.0059   0.0020    0.064
    91   1.9000   0.3020   0.4500   0.3600   0.0158  -0.0113   0.0053  -0.0315  -0.0315  -0.0003   0.0000  -0.0059   0.0019    0.061
    92   1.9000   0.3454   0.4500   0.3600   0.0154  -0.0112   0.0052  -0.0310  -0.0310  -0.0003   0.0000  -0.0059   0.0018    0.059
    93   1.9000   0.3872   0.4500   0.3600   0.0146  -0.0110   0.0052  -0.0305  -0.0305  -0.0003   0.0000  -0.0059   0.0017    0.056
    94   1.9000   0.4263   0.4500   0.3600   0.0135  -0.0107   0.0052  -0.0298  -0.0298  -0.0003   0.0000  -0.0059   0.0016    0.054
    95   1.9000   0.4618   0.4500   0.3600   0.0120  -0.0105   0.0052  -0.0291  -0.0291  -0.0003   0.0000  -0.0058   0.0015    0.052
    96   1.9000   0.4929   0.4500   0.3600   0.0103  -0.0102   0.0052  -0.0284  -0.0284  -0.0003   0.0000  -0.0056   0.0015    0.052
    97   1.9000   0.5187   0.4500   0.3600   0.0083  -0.0100   0.0053  -0.0277  -0.0277  -0.0003   0.0000  -0.0054   0.0016    0.056
    98   1.9000   0.5387   0.4500   0.3600   0.0061  -0.0097   0.0055  -0.0270  -0.0270  -0.0002   0.0000  -0.0050   0.0017    0.065
    99   1.9000   0.5523   0.4500   0.3600   0.0037  -0.0095   0.0056  -0.0265  -0.0265  -0.0002   0.0000  -0.0045   0.0021    0.078
   100   1.9000   0.5591   0.4500   0.3600   0.0012  -0.0095   0.0056  -0.0263  -0.0263  -0.0012   0.0000  -0.0041   0.0025    0.094

  Surface # 6     hstab_panel_0 (YDUP)                    
     # Chordwise = 12   # Spanwise = 20     First strip =101
     Surface area Ssurf =    0.201600     Ave. chord Cave =    0.360000

 Forces referred to Sref, Cref, Bref about Xref, Yref, Zref
 Standard axis orientation,  X fwd, Z down         
     CLsurf  =  -0.00222     Clsurf  =  -0.00010
     CYsurf  =   0.00000     Cmsurf  =   0.00662
     CDsurf  =  -0.00002     Cnsurf  =   0.00000
     CDisurf =  -0.00002     CDvsurf =   0.00000

 Forces referred to Ssurf, Cave 
     CLsurf  =  -0.03067     CDsurf  =  -0.00032

 Strip Forces referred to Strip Area, Chord
    j     Xle      Yle      Zle      Chord    Area     c_cl     ai     cl_norm    cl       cd       cdv    cm_c/4     cm_LE   C.P.x/c
   101   1.9000  -0.0009   0.4500   0.3600   0.0012  -0.0118   0.0055  -0.0327  -0.0327  -0.0004   0.0000  -0.0059  -0.0023    0.069
   102   1.9000  -0.0077   0.4500   0.3600   0.0037  -0.0118   0.0055  -0.0327  -0.0327  -0.0004   0.0000  -0.0059  -0.0023    0.069
   103   1.9000  -0.0213   0.4500   0.3600   0.0061  -0.0118   0.0055  -0.0327  -0.0327  -0.0004   0.0000  -0.0059  -0.0023    0.069
   104   1.9000  -0.0413   0.4500   0.3600   0.0083  -0.0118   0.0055  -0.0327  -0.0327  -0.0004   0.0000  -0.0059  -0.0022    0.069
   105   1.9000  -0.0671   0.4500   0.3600   0.0103  -0.0118   0.0055  -0.0326  -0.0326  -0.0004   0.0000  -0.0059  -0.0022    0.069
   106   1.9000  -0.0982   0.4500   0.3600   0.0120  -0.0117   0.0055  -0.0325  -0.0325  -0.0004   0.0000  -0.0059  -0.0022    0.068
   107   1.9000  -0.1337   0.4500   0.3600   0.0135  -0.0117   0.0054  -0.0324  -0.0324  -0.0004   0.0000  -0.0059  -0.0022    0.067
   108   1.9000  -0.1728   0.4500   0.3600   0.0146  -0.0116   0.0054  -0.0322  -0.0322  -0.0004   0.0000  -0.0059  -0.0021    0.066
   109   1.9000  -0.2146   0.4500   0.3600   0.0154  -0.0115   0.0054  -0.0319  -0.0319  -0.0003   0.0000  -0.0059  -0.0021    0.065
   110   1.9000  -0.2580   0.4500   0.3600   0.0158  -0.0114   0.0054  -0.0316  -0.0316  -0.0003   0.0000  -0.0059  -0.0020    0.063
   111   1.9000  -0.3020   0.4500   0.3600   0.0158  -0.0112   0.0053  -0.0311  -0.0311  -0.0003   0.0000  -0.0059  -0.0019    0.061
   112   1.9000  -0.3454   0.4500   0.3600   0.0154  -0.0110   0.0053  -0.0306  -0.0306  -0.0003   0.0000  -0.0058  -0.0018    0.059
   113   1.9000  -0.3872   0.4500   0.3600   0.0146  -0.0108   0.0053  -0.0299  -0.0299  -0.0003   0.0000  -0.0058  -0.0017    0.058
   114   1.9000  -0.4263   0.4500   0.3600   0.0135  -0.0105   0.0053  -0.0292  -0.0292  -0.0003   0.0000  -0.0056  -0.0017    0.058
   115   1.9000  -0.4618   0.4500   0.3600   0.0120  -0.0103   0.0054  -0.0285  -0.0285  -0.0003   0.0000  -0.0054  -0.0017    0.060
   116   1.9000  -0.4929   0.4500   0.3600   0.0103  -0.0100   0.0054  -0.0277  -0.0277  -0.0003   0.0000  -0.0051  -0.0018    0.067
   117   1.9000  -0.5187   0.4500   0.3600   0.0083  -0.0097   0.0055  -0.0270  -0.0270  -0.0002   0.0000  -0.0047  -0.0021    0.078
   118   1.9000  -0.5387   0.4500   0.3600   0.0061  -0.0095   0.0056  -0.0264  -0.0264  -0.0002   0.0000  -0.0041  -0.0025    0.094
   119   1.9000  -0.5523   0.4500   0.3600   0.0037  -0.0093   0.0057  -0.0258  -0.0258  -0.0002   0.0000  -0.0035  -0.0030    0.115
   120   1.9000  -0.5591   0.4500   0.3600   0.0012  -0.0092   0.0057  -0.0256  -0.0256  -0.0009   0.0000  -0.0029  -0.0035    0.137

  Surface # 7     fin_panel_0                             
     # Chordwise = 12   # Spanwise = 20     First strip =121
     Surface area Ssurf =    0.135000     Ave. chord Cave =    0.300000

 Forces referred to Sref, Cref, Bref about Xref, Yref, Zref
 Standard axis orientation,  X fwd, Z down         
     CLsurf  =   0.00000     Clsurf  =  -0.00004
     CYsurf  =  -0.00076     Cmsurf  =  -0.00000
     CDsurf  =  -0.00000     Cnsurf  =   0.00019
     CDisurf =  -0.00000     CDvsurf =   0.00000

 Forces referred to Ssurf, Cave 
     CLsurf  =  -0.01572     CDsurf  =  -0.00002

 Strip Forces referred to Strip Area, Chord
    j     Xle      Yle      Zle      Chord    Area     c_cl     ai     cl_norm    cl       cd       cdv    cm_c/4     cm_LE   C.P.x/c
   121   1.9000   0.5600   0.4493   0.3000   0.0008  -0.0094  -0.0050  -0.0314  -0.0314   0.0016   0.0000  -0.0040   0.0038    0.121
   122   1.9000   0.5600   0.4438   0.3000   0.0025  -0.0090  -0.0011  -0.0302  -0.0302  -0.0000   0.0000  -0.0034   0.0041    0.137
   123   1.9000   0.5600   0.4329   0.3000   0.0041  -0.0087  -0.0005  -0.0290  -0.0290  -0.0001   0.0000  -0.0027   0.0045    0.156
   124   1.9000   0.5600   0.4168   0.3000   0.0055  -0.0083   0.0001  -0.0276  -0.0276  -0.0001   0.0000  -0.0021   0.0048    0.174
   125   1.9000   0.5600   0.3961   0.3000   0.0069  -0.0078   0.0008  -0.0259  -0.0259  -0.0001   0.0000  -0.0016   0.0049    0.189
   126   1.9000   0.5600   0.3711   0.3000   0.0081  -0.0072   0.0012  -0.0241  -0.0241  -0.0001   0.0000  -0.0012   0.0048    0.199
   127   1.9000   0.5600   0.3426   0.3000   0.0090  -0.0066   0.0016  -0.0221  -0.0221  -0.0001   0.0000  -0.0010   0.0045    0.204
   128   1.9000   0.5600   0.3111   0.3000   0.0098  -0.0060   0.0018  -0.0201  -0.0201  -0.0000   0.0000  -0.0009   0.0041    0.206
   129   1.9000   0.5600   0.2775   0.3000   0.0103  -0.0055   0.0020  -0.0182  -0.0182  -0.0000   0.0000  -0.0009   0.0037    0.203
   130   1.9000   0.5600   0.2427   0.3000   0.0106  -0.0049   0.0020  -0.0163  -0.0163  -0.0000   0.0000  -0.0009   0.0032    0.197
   131   1.9000   0.5600   0.2073   0.3000   0.0106  -0.0043   0.0020  -0.0144  -0.0144  -0.0000   0.0000  -0.0009   0.0027    0.188
   132   1.9000   0.5600   0.1725   0.3000   0.0103  -0.0038   0.0019  -0.0127  -0.0127  -0.0000   0.0000  -0.0009   0.0022    0.176
   133   1.9000   0.5600   0.1389   0.3000   0.0098  -0.0033   0.0019  -0.0110  -0.0110  -0.0000   0.0000  -0.0010   0.0018    0.162
   134   1.9000   0.5600   0.1074   0.3000   0.0090  -0.0028   0.0019  -0.0093  -0.0093  -0.0000   0.0000  -0.0010   0.0013    0.144
   135   1.9000   0.5600   0.0789   0.3000   0.0081  -0.0023   0.0019  -0.0077  -0.0077  -0.0000   0.0000  -0.0010   0.0010    0.125
   136   1.9000   0.5600   0.0539   0.3000   0.0069  -0.0018   0.0020  -0.0062  -0.0062  -0.0000   0.0000  -0.0009   0.0006    0.103
   137   1.9000   0.5600   0.0332   0.3000   0.0055  -0.0014   0.0022  -0.0047  -0.0047  -0.0000   0.0000  -0.0008   0.0004    0.080
   138   1.9000   0.5600   0.0171   0.3000   0.0041  -0.0010   0.0028  -0.0033  -0.0033  -0.0000   0.0000  -0.0006   0.0002    0.059
   139   1.9000   0.5600   0.0062   0.3000   0.0025  -0.0006   0.0039  -0.0019  -0.0019   0.0000   0.0000  -0.0004   0.0001    0.042
   140   1.9000   0.5600   0.0007   0.3000   0.0008  -0.0002   0.0020  -0.0006  -0.0006   0.0000   0.0000  -0.0001   0.0000    0.033

  Surface # 8     fin_panel_0                             
     # Chordwise = 12   # Spanwise = 20     First strip =141
     Surface area Ssurf =    0.135000     Ave. chord Cave =    0.300000

 Forces referred to Sref, Cref, Bref about Xref, Yref, Zref
 Standard axis orientation,  X fwd, Z down         
     CLsurf  =   0.00000     Clsurf  =   0.00004
     CYsurf  =   0.00074     Cmsurf  =  -0.00000
     CDsurf  =  -0.00000     Cnsurf  =  -0.00019
     CDisurf =  -0.00000     CDvsurf =   0.00000

 Forces referred to Ssurf, Cave 
     CLsurf  =   0.01524     CDsurf  =  -0.00004

 Strip Forces referred to Strip Area, Chord
    j     Xle      Yle      Zle      Chord    Area     c_cl     ai     cl_norm    cl       cd       cdv    cm_c/4     cm_LE   C.P.x/c
   141   1.9000  -0.5600   0.4493   0.3000   0.0008   0.0091   0.0041   0.0304   0.0304   0.0010   0.0000   0.0022  -0.0054    0.177
   142   1.9000  -0.5600   0.4438   0.3000   0.0025   0.0088   0.0011   0.0294   0.0294  -0.0001   0.0000   0.0014  -0.0059    0.201
   143   1.9000  -0.5600   0.4329   0.3000   0.0041   0.0085   0.0006   0.0283   0.0283  -0.0001   0.0000   0.0006  -0.0065    0.229
   144   1.9000  -0.5600   0.4168   0.3000   0.0055   0.0081  -0.0001   0.0269   0.0269  -0.0001   0.0000  -0.0002  -0.0069    0.257
   145   1.9000  -0.5600   0.3961   0.3000   0.0069   0.0076  -0.0008   0.0252   0.0252  -0.0001   0.0000  -0.0008  -0.0071    0.282
   146   1.9000  -0.5600   0.3711   0.3000   0.0081   0.0070  -0.0013   0.0234   0.0234  -0.0001   0.0000  -0.0013  -0.0071    0.304
   147   1.9000  -0.5600   0.3426   0.3000   0.0090   0.0064  -0.0017   0.0214   0.0214  -0.0001   0.0000  -0.0016  -0.0069    0.323
   148   1.9000  -0.5600   0.3111   0.3000   0.0098   0.0058  -0.0020   0.0194   0.0194  -0.0001   0.0000  -0.0017  -0.0066    0.338
   149   1.9000  -0.5600   0.2775   0.3000   0.0103   0.0052  -0.0022   0.0175   0.0175  -0.0000   0.0000  -0.0018  -0.0061    0.351
   150   1.9000  -0.5600   0.2427   0.3000   0.0106   0.0047  -0.0022   0.0156   0.0156  -0.0000   0.0000  -0.0018  -0.0057    0.363
   151   1.9000  -0.5600   0.2073   0.3000   0.0106   0.0042  -0.0022   0.0138   0.0138  -0.0000   0.0000  -0.0017  -0.0052    0.375
   152   1.9000  -0.5600   0.1725   0.3000   0.0103   0.0036  -0.0021   0.0122   0.0122  -0.0000   0.0000  -0.0017  -0.0047    0.386
   153   1.9000  -0.5600   0.1389   0.3000   0.0098   0.0032  -0.0020   0.0106   0.0106  -0.0000   0.0000  -0.0016  -0.0042    0.399
   154   1.9000  -0.5600   0.1074   0.3000   0.0090   0.0027  -0.0019   0.0090   0.0090  -0.0000   0.0000  -0.0015  -0.0037    0.413
   155   1.9000  -0.5600   0.0789   0.3000   0.0081   0.0023  -0.0018   0.0076   0.0076  -0.0000   0.0000  -0.0013  -0.0032    0.428
   156   1.9000  -0.5600   0.0539   0.3000   0.0069   0.0018  -0.0018   0.0062   0.0062  -0.0000   0.0000  -0.0012  -0.0027    0.444
   157   1.9000  -0.5600   0.0332   0.3000   0.0055   0.0014  -0.0018   0.0048   0.0048  -0.0000   0.0000  -0.0010  -0.0022    0.459
   158   1.9000  -0.5600   0.0171   0.3000   0.0041   0.0010  -0.0023   0.0034   0.0034  -0.0000   0.0000  -0.0008  -0.0016    0.472
   159   1.9000  -0.5600   0.0062   0.3000   0.0025   0.0006  -0.0032   0.0020   0.0020  -0.0000   0.0000  -0.0005  -0.0010    0.482
   160   1.9000  -0.5600   0.0007   0.3000   0.0008   0.0002  -0.0013   0.0007   0.0007  -0.0000   0.0000  -0.0002  -0.0003    0.488
 ---------------------------------------------------------------
