 ---------------------------------------------------------------
 Surface and Strip Forces by surface

  Sref =  1.7740       Cref = 0.39400       Bref =  4.5000    
  Xref = 0.50000       Yref =  0.0000       Zref =  0.0000    

  Surface # 1     main_wing_panel_0                       
     # Chordwise = 12   # Spanwise = 20     First strip =  1
     Surface area Ssurf =    0.434600     Ave. chord Cave =    0.410000

 Forces referred to Sref, Cref, Bref about Xref, Yref, Zref
 Standard axis orientation,  X fwd, Z down         
     CLsurf  =   0.17134     Clsurf  =  -0.01997
     CYsurf  =   0.00000     Cmsurf  =   0.00496
     CDsurf  =   0.00248     Cnsurf  =  -0.00125
     CDisurf =   0.00248     CDvsurf =   0.00000

 Forces referred to Ssurf, Cave 
     CLsurf  =   0.69938     CDsurf  =   0.01011

 Strip Forces referred to Strip Area, Chord
    j     Xle      Yle      Zle      Chord    Area     c_cl     ai     cl_norm    cl       cd       cdv    cm_c/4     cm_LE   C.P.x/c
     1   0.4000   0.0016   0.0000   0.4100   0.0027   0.2907   0.0294   0.7105   0.7105   0.0094   0.0000   0.0238  -0.1535    0.216
     2   0.4000   0.0146   0.0000   0.4100   0.0080   0.2907   0.0294   0.7105   0.7105   0.0094   0.0000   0.0238  -0.1535    0.216
     3   0.4000   0.0403   0.0000   0.4100   0.0130   0.2907   0.0294   0.7104   0.7104   0.0094   0.0000   0.0238  -0.1534    0.216
     4   0.4000   0.0781   0.0000   0.4100   0.0178   0.2906   0.0295   0.7103   0.7103   0.0095   0.0000   0.0238  -0.1534    0.216
     5   0.4000   0.1270   0.0000   0.4100   0.0221   0.2905   0.0295   0.7101   0.7101   0.0095   0.0000   0.0238  -0.1534    0.216
     6   0.4000   0.1858   0.0000   0.4100   0.0259   0.2904   0.0295   0.7096   0.7096   0.0095   0.0000   0.0238  -0.1532    0.216
     7   0.4000   0.2531   0.0000   0.4100   0.0291   0.2900   0.0296   0.7088   0.7088   0.0095   0.0000   0.0238  -0.1531    0.216
     8   0.4000   0.3272   0.0000   0.4100   0.0315   0.2896   0.0297   0.7077   0.7077   0.0096   0.0000   0.0238  -0.1528    0.216
     9   0.4000   0.4063   0.0000   0.4100   0.0332   0.2890   0.0299   0.7061   0.7061   0.0097   0.0000   0.0238  -0.1524    0.216
    10   0.4000   0.4884   0.0000   0.4100   0.0340   0.2881   0.0301   0.7041   0.7041   0.0098   0.0000   0.0238  -0.1519    0.216
    11   0.4000   0.5716   0.0000   0.4100   0.0340   0.2871   0.0279   0.7016   0.7016   0.0100   0.0000   0.0237  -0.1513    0.216
    12   0.4000   0.6537   0.0000   0.4100   0.0332   0.2859   0.0286   0.6986   0.6986   0.0101   0.0000   0.0237  -0.1506    0.216
    13   0.4000   0.7328   0.0000   0.4100   0.0315   0.2845   0.0292   0.6952   0.6952   0.0103   0.0000   0.0237  -0.1498    0.216
    14   0.4000   0.8069   0.0000   0.4100   0.0291   0.2830   0.0299   0.6914   0.6914   0.0105   0.0000   0.0237  -0.1489    0.216
    15   0.4000   0.8742   0.0000   0.4100   0.0259   0.2814   0.0308   0.6875   0.6875   0.0108   0.0000   0.0236  -0.1479    0.216
    16   0.4000   0.9330   0.0000   0.4100   0.0221   0.2798   0.0316   0.6836   0.6836   0.0110   0.0000   0.0236  -0.1470    0.215
    17   0.4000   0.9819   0.0000   0.4100   0.0178   0.2783   0.0324   0.6799   0.6799   0.0112   0.0000   0.0236  -0.1461    0.215
    18   0.4000   1.0197   0.0000   0.4100   0.0130   0.2770   0.0331   0.6768   0.6768   0.0115   0.0000   0.0236  -0.1454    0.215
    19   0.4000   1.0454   0.0000   0.4100   0.0080   0.2761   0.0336   0.6746   0.6746   0.0118   0.0000   0.0235  -0.1448    0.215
    20   0.4000   1.0584   0.0000   0.4100   0.0027   0.2756   0.0340   0.6732   0.6732   0.0134   0.0000   0.0235  -0.1445    0.215

  Surface # 2     main_wing_panel_0 (YDUP)                
     # Chordwise = 12   # Spanwise = 20     First strip = 21
     Surface area Ssurf =    0.434600     Ave. chord Cave =    0.410000

 Forces referred to Sref, Cref, Bref about Xref, Yref, Zref
 Standard axis orientation,  X fwd, Z down         
     CLsurf  =   0.17134     Clsurf  =   0.01997
     CYsurf  =  -0.00000     Cmsurf  =   0.00496
     CDsurf  =   0.00248     Cnsurf  =   0.00125
     CDisurf =   0.00248     CDvsurf =   0.00000

 Forces referred to Ssurf, Cave 
     CLsurf  =   0.69938     CDsurf  =   0.01011

 Strip Forces referred to Strip Area, Chord
    j     Xle      Yle      Zle      Chord    Area     c_cl     ai     cl_norm    cl       cd       cdv    cm_c/4     cm_LE   C.P.x/c
    21   0.4000  -0.0016   0.0000   0.4100   0.0027   0.2907   0.0294   0.7105   0.7105   0.0094   0.0000   0.0238   0.1535    0.216
    22   0.4000  -0.0146   0.0000   0.4100   0.0080   0.2907   0.0294   0.7105   0.7105   0.0094   0.0000   0.0238   0.1535    0.216
    23   0.4000  -0.0403   0.0000   0.4100   0.0130   0.2907   0.0294   0.7104   0.7104   0.0094   0.0000   0.0238   0.1534    0.216
    24   0.4000  -0.0781   0.0000   0.4100   0.0178   0.2906   0.0294   0.7103   0.7103   0.0095   0.0000   0.0238   0.1534    0.216
    25   0.4000  -0.1270   0.0000   0.4100   0.0221   0.2905   0.0295   0.7101   0.7101   0.0095   0.0000   0.0238   0.1534    0.216
    26   0.4000  -0.1858   0.0000   0.4100   0.0259   0.2904   0.0295   0.7096   0.7096   0.0095   0.0000   0.0238   0.1532    0.216
    27   0.4000  -0.2531   0.0000   0.4100   0.0291   0.2900   0.0296   0.7088   0.7088   0.0095   0.0000   0.0238   0.1531    0.216
    28   0.4000  -0.3272   0.0000   0.4100   0.0315   0.2896   0.0297   0.7077   0.7077   0.0096   0.0000   0.0238   0.1528    0.216
    29   0.4000  -0.4063   0.0000   0.4100   0.0332   0.2890   0.0298   0.7061   0.7061   0.0097   0.0000   0.0238   0.1524    0.216
    30   0.4000  -0.4884   0.0000   0.4100   0.0340   0.2881   0.0301   0.7041   0.7041   0.0098   0.0000   0.0238   0.1519    0.216
    31   0.4000  -0.5716   0.0000   0.4100   0.0340   0.2871   0.0278   0.7016   0.7016   0.0100   0.0000   0.0237   0.1513    0.216
    32   0.4000  -0.6537   0.0000   0.4100   0.0332   0.2859   0.0286   0.6986   0.6986   0.0101   0.0000   0.0237   0.1506    0.216
    33   0.4000  -0.7328   0.0000   0.4100   0.0315   0.2845   0.0292   0.6952   0.6952   0.0103   0.0000   0.0237   0.1498    0.216
    34   0.4000  -0.8069   0.0000   0.4100   0.0291   0.2830   0.0300   0.6914   0.6914   0.0105   0.0000   0.0237   0.1489    0.216
    35   0.4000  -0.8742   0.0000   0.4100   0.0259   0.2814   0.0308   0.6875   0.6875   0.0108   0.0000   0.0236   0.1479    0.216
    36   0.4000  -0.9330   0.0000   0.4100   0.0221   0.2798   0.0316   0.6836   0.6836   0.0110   0.0000   0.0236   0.1470    0.215
    37   0.4000  -0.9819   0.0000   0.4100   0.0178   0.2783   0.0324   0.6799   0.6799   0.0112   0.0000   0.0236   0.1461    0.215
    38   0.4000  -1.0197   0.0000   0.4100   0.0130   0.2770   0.0331   0.6768   0.6768   0.0115   0.0000   0.0236   0.1454    0.215
    39   0.4000  -1.0454   0.0000   0.4100   0.0080   0.2761   0.0337   0.6745   0.6745   0.0118   0.0000   0.0235   0.1448    0.215
    40   0.4000  -1.0584   0.0000   0.4100   0.0027   0.2756   0.0340   0.6732   0.6732   0.0134   0.0000   0.0235   0.1445    0.215

  Surface # 3     main_wing_panel_1                       
     # Chordwise = 12   # Spanwise = 20     First strip = 41
     Surface area Ssurf =    0.452200     Ave. chord Cave =    0.380000

 Forces referred to Sref, Cref, Bref about Xref, Yref, Zref
 Standard axis orientation,  X fwd, Z down         
     CLsurf  =   0.14517     Clsurf  =  -0.05068
     CYsurf  =  -0.00028     Cmsurf  =   0.00526
     CDsurf  =   0.00324     Cnsurf  =  -0.00273
     CDisurf =   0.00324     CDvsurf =   0.00000

 Forces referred to Ssurf, Cave 
     CLsurf  =   0.56951     CDsurf  =   0.01271

 Strip Forces referred to Strip Area, Chord
    j     Xle      Yle      Zle      Chord    Area     c_cl     ai     cl_norm    cl       cd       cdv    cm_c/4     cm_LE   C.P.x/c
    41   0.4000   1.0618   0.0000   0.4099   0.0030   0.2755   0.0341   0.6732   0.6732   0.0132   0.0000   0.0235  -0.1445    0.215
    42   0.4002   1.0764   0.0000   0.4092   0.0089   0.2749   0.0340   0.6730   0.6730   0.0119   0.0000   0.0236  -0.1444    0.215
    43   0.4006   1.1053   0.0000   0.4077   0.0146   0.2737   0.0340   0.6723   0.6723   0.0117   0.0000   0.0237  -0.1441    0.215
    44   0.4011   1.1477   0.0000   0.4056   0.0198   0.2717   0.0342   0.6710   0.6710   0.0116   0.0000   0.0239  -0.1435    0.214
    45   0.4018   1.2026   0.0000   0.4028   0.0244   0.2689   0.0346   0.6687   0.6687   0.0116   0.0000   0.0242  -0.1427    0.214
    46   0.4026   1.2686   0.0000   0.3995   0.0284   0.2652   0.0352   0.6650   0.6650   0.0118   0.0000   0.0245  -0.1415    0.213
    47   0.4036   1.3441   0.0000   0.3957   0.0315   0.2606   0.0362   0.6596   0.6596   0.0119   0.0000   0.0248  -0.1398    0.212
    48   0.4046   1.4273   0.0000   0.3915   0.0338   0.2548   0.0375   0.6519   0.6519   0.0122   0.0000   0.0252  -0.1375    0.211
    49   0.4057   1.5161   0.0000   0.3870   0.0351   0.2478   0.0393   0.6412   0.6412   0.0126   0.0000   0.0256  -0.1345    0.210
    50   0.4069   1.6083   0.0000   0.3824   0.0356   0.2393   0.0416   0.6268   0.6268   0.0130   0.0000   0.0260  -0.1305    0.209
    51   0.4081   1.7017   0.0000   0.3776   0.0352   0.2292   0.0446   0.6078   0.6078   0.0134   0.0000   0.0263  -0.1254    0.207
    52   0.4093   1.7939   0.0000   0.3730   0.0339   0.2171   0.0482   0.5828   0.5828   0.0139   0.0000   0.0267  -0.1188    0.204
    53   0.4104   1.8827   0.0000   0.3685   0.0318   0.2027   0.0525   0.5507   0.5507   0.0143   0.0000   0.0270  -0.1105    0.201
    54   0.4114   1.9659   0.0000   0.3643   0.0290   0.1856   0.0574   0.5099   0.5099   0.0145   0.0000   0.0272  -0.1002    0.197
    55   0.4124   2.0414   0.0000   0.3605   0.0256   0.1654   0.0626   0.4590   0.4590   0.0144   0.0000   0.0270  -0.0877    0.191
    56   0.4132   2.1074   0.0000   0.3572   0.0217   0.1418   0.0679   0.3971   0.3971   0.0138   0.0000   0.0261  -0.0732    0.184
    57   0.4139   2.1623   0.0000   0.3544   0.0173   0.1148   0.0727   0.3239   0.3239   0.0124   0.0000   0.0238  -0.0571    0.176
    58   0.4144   2.2047   0.0000   0.3523   0.0126   0.0846   0.0768   0.2401   0.2401   0.0103   0.0000   0.0197  -0.0403    0.168
    59   0.4148   2.2336   0.0000   0.3508   0.0076   0.0519   0.0799   0.1478   0.1478   0.0072   0.0000   0.0132  -0.0238    0.160
    60   0.4150   2.2482   0.0000   0.3501   0.0026   0.0175   0.0817   0.0499   0.0499   0.0028   0.0000   0.0047  -0.0078    0.156

  Surface # 4     main_wing_panel_1 (YDUP)                
     # Chordwise = 12   # Spanwise = 20     First strip = 61
     Surface area Ssurf =    0.452200     Ave. chord Cave =    0.380000

 Forces referred to Sref, Cref, Bref about Xref, Yref, Zref
 Standard axis orientation,  X fwd, Z down         
     CLsurf  =   0.14517     Clsurf  =   0.05068
     CYsurf  =   0.00028     Cmsurf  =   0.00526
     CDsurf  =   0.00324     Cnsurf  =   0.00273
     CDisurf =   0.00324     CDvsurf =   0.00000

 Forces referred to Ssurf, Cave 
     CLsurf  =   0.56951     CDsurf  =   0.01271

 Strip Forces referred to Strip Area, Chord
    j     Xle      Yle      Zle      Chord    Area     c_cl     ai     cl_norm    cl       cd       cdv    cm_c/4     cm_LE   C.P.x/c
    61   0.4000  -1.0618   0.0000   0.4099   0.0030   0.2755   0.0341   0.6732   0.6732   0.0132   0.0000   0.0235   0.1445    0.215
    62   0.4002  -1.0764   0.0000   0.4092   0.0089   0.2749   0.0340   0.6730   0.6730   0.0119   0.0000   0.0236   0.1444    0.215
    63   0.4006  -1.1053   0.0000   0.4077   0.0146   0.2737   0.0340   0.6723   0.6723   0.0117   0.0000   0.0237   0.1441    0.215
    64   0.4011  -1.1477   0.0000   0.4056   0.0198   0.2717   0.0342   0.6710   0.6710   0.0116   0.0000   0.0239   0.1435    0.214
    65   0.4018  -1.2026   0.0000   0.4028   0.0244   0.2689   0.0346   0.6687   0.6687   0.0116   0.0000   0.0242   0.1427    0.214
    66   0.4026  -1.2686   0.0000   0.3995   0.0284   0.2652   0.0353   0.6650   0.6650   0.0118   0.0000   0.0245   0.1415    0.213
    67   0.4036  -1.3441   0.0000   0.3957   0.0315   0.2606   0.0362   0.6596   0.6596   0.0119   0.0000   0.0248   0.1398    0.212
    68   0.4046  -1.4273   0.0000   0.3915   0.0338   0.2548   0.0375   0.6519   0.6519   0.0122   0.0000   0.0252   0.1375    0.211
    69   0.4057  -1.5161   0.0000   0.3870   0.0351   0.2478   0.0393   0.6412   0.6412   0.0126   0.0000   0.0256   0.1345    0.210
    70   0.4069  -1.6083   0.0000   0.3824   0.0356   0.2393   0.0417   0.6268   0.6268   0.0130   0.0000   0.0260   0.1305    0.209
    71   0.4081  -1.7017   0.0000   0.3776   0.0352   0.2292   0.0446   0.6078   0.6078   0.0134   0.0000   0.0263   0.1254    0.207
    72   0.4093  -1.7939   0.0000   0.3730   0.0339   0.2171   0.0482   0.5828   0.5828   0.0139   0.0000   0.0267   0.1188    0.204
    73   0.4104  -1.8827   0.0000   0.3685   0.0318   0.2027   0.0525   0.5507   0.5507   0.0143   0.0000   0.0270   0.1105    0.201
    74   0.4114  -1.9659   0.0000   0.3643   0.0290   0.1856   0.0574   0.5099   0.5099   0.0145   0.0000   0.0272   0.1002    0.197
    75   0.4124  -2.0414   0.0000   0.3605   0.0256   0.1654   0.0626   0.4590   0.4590   0.0144   0.0000   0.0270   0.0877    0.191
    76   0.4132  -2.1074   0.0000   0.3572   0.0217   0.1418   0.0679   0.3971   0.3971   0.0138   0.0000   0.0261   0.0732    0.184
    77   0.4139  -2.1623   0.0000   0.3544   0.0173   0.1148   0.0727   0.3239   0.3239   0.0124   0.0000   0.0238   0.0571    0.176
    78   0.4144  -2.2047   0.0000   0.3523   0.0126   0.0846   0.0768   0.2401   0.2401   0.0103   0.0000   0.0197   0.0403    0.168
    79   0.4148  -2.2336   0.0000   0.3508   0.0076   0.0519   0.0799   0.1478   0.1478   0.0072   0.0000   0.0132   0.0238    0.160
    80   0.4150  -2.2482   0.0000   0.3501   0.0026   0.0175   0.0817   0.0499   0.0499   0.0028   0.0000   0.0047   0.0078    0.156

  Surface # 5     hstab_panel_0                           
     # Chordwise = 12   # Spanwise = 20     First strip = 81
     Surface area Ssurf =    0.118800     Ave. chord Cave =    0.220000

 Forces referred to Sref, Cref, Bref about Xref, Yref, Zref
 Standard axis orientation,  X fwd, Z down         
     CLsurf  =   0.00312     Clsurf  =  -0.00017
     CYsurf  =   0.00000     Cmsurf  =  -0.01030
     CDsurf  =   0.00011     Cnsurf  =  -0.00001
     CDisurf =   0.00011     CDvsurf =   0.00000

 Forces referred to Ssurf, Cave 
     CLsurf  =   0.04663     CDsurf  =   0.00164

 Strip Forces referred to Strip Area, Chord
    j     Xle      Yle      Zle      Chord    Area     c_cl     ai     cl_norm    cl       cd       cdv    cm_c/4     cm_LE   C.P.x/c
    81   1.9000   0.0008   0.4000   0.2200   0.0007   0.0117   0.0285   0.0532   0.0532   0.0018   0.0000   0.0371   0.0238   -0.447
    82   1.9000   0.0075   0.4000   0.2200   0.0022   0.0117   0.0285   0.0532   0.0532   0.0018   0.0000   0.0371   0.0238   -0.447
    83   1.9000   0.0206   0.4000   0.2200   0.0036   0.0117   0.0285   0.0532   0.0532   0.0018   0.0000   0.0371   0.0238   -0.447
    84   1.9000   0.0398   0.4000   0.2200   0.0049   0.0117   0.0286   0.0531   0.0531   0.0018   0.0000   0.0371   0.0238   -0.448
    85   1.9000   0.0647   0.4000   0.2200   0.0061   0.0117   0.0286   0.0530   0.0530   0.0018   0.0000   0.0371   0.0238   -0.449
    86   1.9000   0.0946   0.4000   0.2200   0.0071   0.0116   0.0286   0.0528   0.0528   0.0018   0.0000   0.0371   0.0239   -0.453
    87   1.9000   0.1289   0.4000   0.2200   0.0079   0.0115   0.0287   0.0524   0.0524   0.0018   0.0000   0.0371   0.0240   -0.458
    88   1.9000   0.1667   0.4000   0.2200   0.0086   0.0114   0.0287   0.0519   0.0519   0.0018   0.0000   0.0371   0.0242   -0.466
    89   1.9000   0.2070   0.4000   0.2200   0.0091   0.0112   0.0288   0.0510   0.0510   0.0017   0.0000   0.0372   0.0244   -0.478
    90   1.9000   0.2488   0.4000   0.2200   0.0093   0.0110   0.0289   0.0499   0.0499   0.0017   0.0000   0.0372   0.0247   -0.494
    91   1.9000   0.2912   0.4000   0.2200   0.0093   0.0107   0.0291   0.0485   0.0485   0.0017   0.0000   0.0372   0.0251   -0.517
    92   1.9000   0.3330   0.4000   0.2200   0.0091   0.0103   0.0291   0.0467   0.0467   0.0016   0.0000   0.0372   0.0255   -0.546
    93   1.9000   0.3733   0.4000   0.2200   0.0086   0.0098   0.0291   0.0445   0.0445   0.0016   0.0000   0.0371   0.0260   -0.583
    94   1.9000   0.4111   0.4000   0.2200   0.0079   0.0092   0.0288   0.0420   0.0420   0.0015   0.0000   0.0369   0.0264   -0.628
    95   1.9000   0.4454   0.4000   0.2200   0.0071   0.0086   0.0282   0.0392   0.0392   0.0015   0.0000   0.0364   0.0266   -0.679
    96   1.9000   0.4753   0.4000   0.2200   0.0061   0.0080   0.0271   0.0363   0.0363   0.0014   0.0000   0.0354   0.0263   -0.726
    97   1.9000   0.5002   0.4000   0.2200   0.0049   0.0074   0.0253   0.0336   0.0336   0.0015   0.0000   0.0337   0.0253   -0.755
    98   1.9000   0.5194   0.4000   0.2200   0.0036   0.0069   0.0227   0.0314   0.0314   0.0016   0.0000   0.0311   0.0232   -0.740
    99   1.9000   0.5325   0.4000   0.2200   0.0022   0.0066   0.0197   0.0300   0.0300   0.0017   0.0000   0.0275   0.0200   -0.664
   100   1.9000   0.5392   0.4000   0.2200   0.0007   0.0063   0.0176   0.0287   0.0287  -0.0002   0.0000   0.0230   0.0158   -0.550

  Surface # 6     hstab_panel_0 (YDUP)                    
     # Chordwise = 12   # Spanwise = 20     First strip =101
     Surface area Ssurf =    0.118800     Ave. chord Cave =    0.220000

 Forces referred to Sref, Cref, Bref about Xref, Yref, Zref
 Standard axis orientation,  X fwd, Z down         
     CLsurf  =   0.00308     Clsurf  =   0.00017
     CYsurf  =   0.00000     Cmsurf  =  -0.01014
     CDsurf  =   0.00011     Cnsurf  =   0.00001
     CDisurf =   0.00011     CDvsurf =   0.00000

 Forces referred to Ssurf, Cave 
     CLsurf  =   0.04596     CDsurf  =   0.00164

 Strip Forces referred to Strip Area, Chord
    j     Xle      Yle      Zle      Chord    Area     c_cl     ai     cl_norm    cl       cd       cdv    cm_c/4     cm_LE   C.P.x/c
   101   1.9000  -0.0008   0.4000   0.2200   0.0007   0.0117   0.0285   0.0532   0.0532   0.0018   0.0000   0.0371  -0.0238   -0.447
   102   1.9000  -0.0075   0.4000   0.2200   0.0022   0.0117   0.0285   0.0532   0.0532   0.0018   0.0000   0.0371  -0.0238   -0.447
   103   1.9000  -0.0206   0.4000   0.2200   0.0036   0.0117   0.0286   0.0531   0.0531   0.0018   0.0000   0.0371  -0.0238   -0.448
   104   1.9000  -0.0398   0.4000   0.2200   0.0049   0.0117   0.0286   0.0531   0.0531   0.0018   0.0000   0.0371  -0.0238   -0.449
   105   1.9000  -0.0647   0.4000   0.2200   0.0061   0.0116   0.0286   0.0529   0.0529   0.0018   0.0000   0.0371  -0.0239   -0.451
   106   1.9000  -0.0946   0.4000   0.2200   0.0071   0.0116   0.0286   0.0526   0.0526   0.0018   0.0000   0.0371  -0.0239   -0.455
   107   1.9000  -0.1289   0.4000   0.2200   0.0079   0.0115   0.0287   0.0522   0.0522   0.0018   0.0000   0.0371  -0.0241   -0.461
   108   1.9000  -0.1667   0.4000   0.2200   0.0086   0.0113   0.0287   0.0516   0.0516   0.0018   0.0000   0.0371  -0.0243   -0.470
   109   1.9000  -0.2070   0.4000   0.2200   0.0091   0.0111   0.0288   0.0506   0.0506   0.0017   0.0000   0.0372  -0.0245   -0.484
   110   1.9000  -0.2488   0.4000   0.2200   0.0093   0.0109   0.0289   0.0494   0.0494   0.0017   0.0000   0.0372  -0.0248   -0.502
   111   1.9000  -0.2912   0.4000   0.2200   0.0093   0.0105   0.0290   0.0479   0.0479   0.0016   0.0000   0.0372  -0.0252   -0.527
   112   1.9000  -0.3330   0.4000   0.2200   0.0091   0.0101   0.0291   0.0459   0.0459   0.0016   0.0000   0.0372  -0.0257   -0.560
   113   1.9000  -0.3733   0.4000   0.2200   0.0086   0.0096   0.0290   0.0435   0.0435   0.0015   0.0000   0.0370  -0.0262   -0.601
   114   1.9000  -0.4111   0.4000   0.2200   0.0079   0.0090   0.0286   0.0408   0.0408   0.0015   0.0000   0.0367  -0.0265   -0.650
   115   1.9000  -0.4454   0.4000   0.2200   0.0071   0.0083   0.0279   0.0378   0.0378   0.0014   0.0000   0.0360  -0.0266   -0.703
   116   1.9000  -0.4753   0.4000   0.2200   0.0061   0.0077   0.0266   0.0348   0.0348   0.0014   0.0000   0.0348  -0.0260   -0.748
   117   1.9000  -0.5002   0.4000   0.2200   0.0049   0.0071   0.0247   0.0322   0.0322   0.0015   0.0000   0.0326  -0.0246   -0.764
   118   1.9000  -0.5194   0.4000   0.2200   0.0036   0.0066   0.0221   0.0302   0.0302   0.0016   0.0000   0.0294  -0.0219   -0.726
   119   1.9000  -0.5325   0.4000   0.2200   0.0022   0.0064   0.0193   0.0291   0.0291   0.0018   0.0000   0.0253  -0.0180   -0.621
   120   1.9000  -0.5392   0.4000   0.2200   0.0007   0.0062   0.0174   0.0281   0.0281   0.0001   0.0000   0.0205  -0.0135   -0.481

  Surface # 7     fin_panel_0                             
     # Chordwise = 12   # Spanwise = 20     First strip =121
     Surface area Ssurf =    0.080000     Ave. chord Cave =    0.200000

 Forces referred to Sref, Cref, Bref about Xref, Yref, Zref
 Standard axis orientation,  X fwd, Z down         
     CLsurf  =   0.00000     Clsurf  =   0.00003
     CYsurf  =   0.00056     Cmsurf  =  -0.00000
     CDsurf  =  -0.00000     Cnsurf  =  -0.00017
     CDisurf =  -0.00000     CDvsurf =   0.00000

 Forces referred to Ssurf, Cave 
     CLsurf  =   0.01236     CDsurf  =  -0.00003

 Strip Forces referred to Strip Area, Chord
    j     Xle      Yle      Zle      Chord    Area     c_cl     ai     cl_norm    cl       cd       cdv    cm_c/4     cm_LE   C.P.x/c
   121   1.9000   0.5400   0.3994   0.2000   0.0005   0.0063   0.0236   0.0315   0.0313   0.0032   0.0000   0.0255   0.0177   -0.567
   122   1.9000   0.5400   0.3945   0.2000   0.0015   0.0066   0.0135   0.0332   0.0330  -0.0006   0.0000   0.0211   0.0129   -0.390
   123   1.9000   0.5400   0.3848   0.2000   0.0024   0.0066   0.0124   0.0331   0.0329  -0.0004   0.0000   0.0156   0.0074   -0.225
   124   1.9000   0.5400   0.3705   0.2000   0.0033   0.0063   0.0100   0.0316   0.0314  -0.0003   0.0000   0.0108   0.0029   -0.093
   125   1.9000   0.5400   0.3521   0.2000   0.0041   0.0057   0.0071   0.0287   0.0286  -0.0002   0.0000   0.0071  -0.0000    0.001
   126   1.9000   0.5400   0.3299   0.2000   0.0048   0.0050   0.0045   0.0249   0.0248  -0.0001   0.0000   0.0046  -0.0016    0.064
   127   1.9000   0.5400   0.3045   0.2000   0.0054   0.0041   0.0025   0.0208   0.0206  -0.0000   0.0000   0.0031  -0.0020    0.099
   128   1.9000   0.5400   0.2765   0.2000   0.0058   0.0033   0.0012   0.0167   0.0166  -0.0000   0.0000   0.0023  -0.0018    0.111
   129   1.9000   0.5400   0.2467   0.2000   0.0061   0.0026   0.0004   0.0131   0.0130  -0.0000   0.0000   0.0019  -0.0013    0.101
   130   1.9000   0.5400   0.2157   0.2000   0.0063   0.0020  -0.0000   0.0100   0.0100   0.0000   0.0000   0.0018  -0.0007    0.070
   131   1.9000   0.5400   0.1843   0.2000   0.0063   0.0015  -0.0002   0.0076   0.0076   0.0000   0.0000   0.0018  -0.0001    0.014
   132   1.9000   0.5400   0.1533   0.2000   0.0061   0.0011  -0.0002   0.0058   0.0057   0.0000   0.0000   0.0018   0.0004   -0.069
   133   1.9000   0.5400   0.1235   0.2000   0.0058   0.0009  -0.0001   0.0044   0.0044   0.0000   0.0000   0.0019   0.0008   -0.179
   134   1.9000   0.5400   0.0955   0.2000   0.0054   0.0007   0.0002   0.0035   0.0035   0.0000   0.0000   0.0019   0.0011   -0.309
   135   1.9000   0.5400   0.0701   0.2000   0.0048   0.0006   0.0005   0.0028   0.0028   0.0000   0.0000   0.0020   0.0012   -0.445
   136   1.9000   0.5400   0.0479   0.2000   0.0041   0.0005   0.0009   0.0023   0.0023   0.0000   0.0000   0.0019   0.0013   -0.570
   137   1.9000   0.5400   0.0295   0.2000   0.0033   0.0004   0.0016   0.0019   0.0019   0.0000   0.0000   0.0017   0.0013   -0.677
   138   1.9000   0.5400   0.0152   0.2000   0.0024   0.0003   0.0026   0.0014   0.0014   0.0000   0.0000   0.0014   0.0011   -0.764
   139   1.9000   0.5400   0.0055   0.2000   0.0015   0.0002   0.0021   0.0009   0.0009   0.0000   0.0000   0.0009   0.0007   -0.828
   140   1.9000   0.5400   0.0006   0.2000   0.0005   0.0001  -0.0010   0.0003   0.0003   0.0000   0.0000   0.0003   0.0003   -0.865

  Surface # 8     fin_panel_0                             
     # Chordwise = 12   # Spanwise = 20     First strip =141
     Surface area Ssurf =    0.080000     Ave. chord Cave =    0.200000

 Forces referred to Sref, Cref, Bref about Xref, Yref, Zref
 Standard axis orientation,  X fwd, Z down         
     CLsurf  =   0.00000     Clsurf  =  -0.00003
     CYsurf  =  -0.00053     Cmsurf  =  -0.00000
     CDsurf  =  -0.00000     Cnsurf  =   0.00017
     CDisurf =  -0.00000     CDvsurf =   0.00000

 Forces referred to Ssurf, Cave 
     CLsurf  =  -0.01172     CDsurf  =  -0.00006

 Strip Forces referred to Strip Area, Chord
    j     Xle      Yle      Zle      Chord    Area     c_cl     ai     cl_norm    cl       cd       cdv    cm_c/4     cm_LE   C.P.x/c
   141   1.9000  -0.5400   0.3994   0.2000   0.0005  -0.0061  -0.0238  -0.0309  -0.0307   0.0026   0.0000  -0.0222  -0.0145   -0.473
   142   1.9000  -0.5400   0.3945   0.2000   0.0015  -0.0064  -0.0141  -0.0324  -0.0322  -0.0007   0.0000  -0.0173  -0.0093   -0.289
   143   1.9000  -0.5400   0.3848   0.2000   0.0024  -0.0064  -0.0128  -0.0322  -0.0320  -0.0005   0.0000  -0.0115  -0.0035   -0.109
   144   1.9000  -0.5400   0.3705   0.2000   0.0033  -0.0061  -0.0103  -0.0307  -0.0305  -0.0003   0.0000  -0.0064   0.0013    0.041
   145   1.9000  -0.5400   0.3521   0.2000   0.0041  -0.0055  -0.0073  -0.0278  -0.0276  -0.0002   0.0000  -0.0025   0.0045    0.161
   146   1.9000  -0.5400   0.3299   0.2000   0.0048  -0.0048  -0.0045  -0.0239  -0.0238  -0.0001   0.0000   0.0002   0.0061    0.258
   147   1.9000  -0.5400   0.3045   0.2000   0.0054  -0.0039  -0.0024  -0.0197  -0.0196  -0.0001   0.0000   0.0018   0.0067    0.341
   148   1.9000  -0.5400   0.2765   0.2000   0.0058  -0.0031  -0.0010  -0.0156  -0.0155  -0.0000   0.0000   0.0026   0.0065    0.421
   149   1.9000  -0.5400   0.2467   0.2000   0.0061  -0.0024  -0.0001  -0.0120  -0.0119  -0.0000   0.0000   0.0031   0.0060    0.508
   150   1.9000  -0.5400   0.2157   0.2000   0.0063  -0.0018   0.0003  -0.0090  -0.0089  -0.0000   0.0000   0.0032   0.0054    0.611
   151   1.9000  -0.5400   0.1843   0.2000   0.0063  -0.0013   0.0005  -0.0066  -0.0066  -0.0000   0.0000   0.0032   0.0049    0.739
   152   1.9000  -0.5400   0.1533   0.2000   0.0061  -0.0010   0.0004  -0.0050  -0.0049  -0.0000   0.0000   0.0032   0.0044    0.891
   153   1.9000  -0.5400   0.1235   0.2000   0.0058  -0.0008   0.0002  -0.0039  -0.0038  -0.0000   0.0000   0.0031   0.0040    1.047
   154   1.9000  -0.5400   0.0955   0.2000   0.0054  -0.0006  -0.0002  -0.0032  -0.0032  -0.0000   0.0000   0.0029   0.0037    1.165
   155   1.9000  -0.5400   0.0701   0.2000   0.0048  -0.0006  -0.0007  -0.0028  -0.0028  -0.0000   0.0000   0.0027   0.0034    1.206
   156   1.9000  -0.5400   0.0479   0.2000   0.0041  -0.0005  -0.0014  -0.0026  -0.0026  -0.0000   0.0000   0.0024   0.0031    1.179
   157   1.9000  -0.5400   0.0295   0.2000   0.0033  -0.0005  -0.0025  -0.0024  -0.0023  -0.0000   0.0000   0.0020   0.0026    1.123
   158   1.9000  -0.5400   0.0152   0.2000   0.0024  -0.0004  -0.0039  -0.0019  -0.0019  -0.0000   0.0000   0.0016   0.0020    1.069
   159   1.9000  -0.5400   0.0055   0.2000   0.0015  -0.0003  -0.0037  -0.0013  -0.0013  -0.0000   0.0000   0.0010   0.0013    1.031
   160   1.9000  -0.5400   0.0006   0.2000   0.0005  -0.0001  -0.0008  -0.0004  -0.0004  -0.0000   0.0000   0.0003   0.0004    1.013
 ---------------------------------------------------------------
