 ---------------------------------------------------------------
 Surface and Strip Forces by surface

  Sref =  2.0950       Cref = 0.46600       Bref =  4.5000    
  Xref = 0.50000       Yref =  0.0000       Zref =  0.0000    

  Surface # 1     main_wing_panel_0                       
     # Chordwise = 12   # Spanwise = 20     First strip =  1
     Surface area Ssurf =    0.530000     Ave. chord Cave =    0.500000

 Forces referred to Sref, Cref, Bref about Xref, Yref, Zref
 Standard axis orientation,  X fwd, Z down         
     CLsurf  =   0.03331     Clsurf  =  -0.00388
     CYsurf  =   0.00000     Cmsurf  =  -0.00193
     CDsurf  =   0.00012     Cnsurf  =   0.00011
     CDisurf =   0.00012     CDvsurf =   0.00000

 Forces referred to Ssurf, Cave 
     CLsurf  =   0.13167     CDsurf  =   0.00047

 Strip Forces referred to Strip Area, Chord
    j     Xle      Yle      Zle      Chord    Area     c_cl     ai     cl_norm    cl       cd       cdv    cm_c/4     cm_LE   C.P.x/c
     1   0.4000   0.0016   0.0000   0.5000   0.0033   0.0670   0.0050   0.1341   0.1341   0.0004   0.0000  -0.0006  -0.0342    0.255
     2   0.4000   0.0146   0.0000   0.5000   0.0097   0.0670   0.0050   0.1341   0.1341   0.0004   0.0000  -0.0006  -0.0342    0.255
     3   0.4000   0.0403   0.0000   0.5000   0.0159   0.0670   0.0050   0.1341   0.1341   0.0004   0.0000  -0.0006  -0.0342    0.255
     4   0.4000   0.0781   0.0000   0.5000   0.0217   0.0670   0.0050   0.1341   0.1341   0.0004   0.0000  -0.0006  -0.0341    0.255
     5   0.4000   0.1270   0.0000   0.5000   0.0270   0.0670   0.0050   0.1340   0.1340   0.0004   0.0000  -0.0006  -0.0341    0.255
     6   0.4000   0.1858   0.0000   0.5000   0.0316   0.0669   0.0050   0.1339   0.1339   0.0004   0.0000  -0.0006  -0.0341    0.255
     7   0.4000   0.2531   0.0000   0.5000   0.0355   0.0669   0.0049   0.1338   0.1338   0.0004   0.0000  -0.0006  -0.0341    0.255
     8   0.4000   0.3272   0.0000   0.5000   0.0384   0.0667   0.0049   0.1335   0.1335   0.0004   0.0000  -0.0006  -0.0340    0.255
     9   0.4000   0.4063   0.0000   0.5000   0.0404   0.0666   0.0047   0.1332   0.1332   0.0004   0.0000  -0.0006  -0.0339    0.255
    10   0.4000   0.4884   0.0000   0.5000   0.0415   0.0663   0.0041   0.1327   0.1327   0.0005   0.0000  -0.0006  -0.0338    0.254
    11   0.4000   0.5716   0.0000   0.5000   0.0415   0.0661   0.0093   0.1322   0.1322   0.0005   0.0000  -0.0006  -0.0336    0.254
    12   0.4000   0.6537   0.0000   0.5000   0.0404   0.0657   0.0084   0.1315   0.1315   0.0005   0.0000  -0.0005  -0.0334    0.254
    13   0.4000   0.7328   0.0000   0.5000   0.0384   0.0654   0.0082   0.1308   0.1308   0.0005   0.0000  -0.0005  -0.0332    0.254
    14   0.4000   0.8069   0.0000   0.5000   0.0355   0.0649   0.0082   0.1299   0.1299   0.0005   0.0000  -0.0005  -0.0329    0.254
    15   0.4000   0.8742   0.0000   0.5000   0.0316   0.0645   0.0083   0.1290   0.1290   0.0005   0.0000  -0.0004  -0.0327    0.253
    16   0.4000   0.9330   0.0000   0.5000   0.0270   0.0641   0.0084   0.1282   0.1282   0.0005   0.0000  -0.0004  -0.0324    0.253
    17   0.4000   0.9819   0.0000   0.5000   0.0217   0.0636   0.0086   0.1273   0.1273   0.0005   0.0000  -0.0004  -0.0322    0.253
    18   0.4000   1.0197   0.0000   0.5000   0.0159   0.0633   0.0087   0.1266   0.1266   0.0005   0.0000  -0.0004  -0.0320    0.253
    19   0.4000   1.0454   0.0000   0.5000   0.0097   0.0630   0.0088   0.1261   0.1261   0.0006   0.0000  -0.0004  -0.0319    0.253
    20   0.4000   1.0584   0.0000   0.5000   0.0033   0.0629   0.0090   0.1258   0.1258   0.0006   0.0000  -0.0004  -0.0318    0.253

  Surface # 2     main_wing_panel_0 (YDUP)                
     # Chordwise = 12   # Spanwise = 20     First strip = 21
     Surface area Ssurf =    0.530000     Ave. chord Cave =    0.500000

 Forces referred to Sref, Cref, Bref about Xref, Yref, Zref
 Standard axis orientation,  X fwd, Z down         
     CLsurf  =   0.03331     Clsurf  =   0.00388
     CYsurf  =   0.00000     Cmsurf  =  -0.00193
     CDsurf  =   0.00012     Cnsurf  =  -0.00011
     CDisurf =   0.00012     CDvsurf =   0.00000

 Forces referred to Ssurf, Cave 
     CLsurf  =   0.13167     CDsurf  =   0.00047

 Strip Forces referred to Strip Area, Chord
    j     Xle      Yle      Zle      Chord    Area     c_cl     ai     cl_norm    cl       cd       cdv    cm_c/4     cm_LE   C.P.x/c
    21   0.4000  -0.0016   0.0000   0.5000   0.0033   0.0670   0.0050   0.1341   0.1341   0.0004   0.0000  -0.0006   0.0342    0.255
    22   0.4000  -0.0146   0.0000   0.5000   0.0097   0.0670   0.0050   0.1341   0.1341   0.0004   0.0000  -0.0006   0.0342    0.255
    23   0.4000  -0.0403   0.0000   0.5000   0.0159   0.0670   0.0050   0.1341   0.1341   0.0004   0.0000  -0.0006   0.0342    0.255
    24   0.4000  -0.0781   0.0000   0.5000   0.0217   0.0670   0.0050   0.1341   0.1341   0.0004   0.0000  -0.0006   0.0341    0.255
    25   0.4000  -0.1270   0.0000   0.5000   0.0270   0.0670   0.0050   0.1340   0.1340   0.0004   0.0000  -0.0006   0.0341    0.255
    26   0.4000  -0.1858   0.0000   0.5000   0.0316   0.0669   0.0050   0.1339   0.1339   0.0004   0.0000  -0.0006   0.0341    0.255
    27   0.4000  -0.2531   0.0000   0.5000   0.0355   0.0669   0.0050   0.1338   0.1338   0.0004   0.0000  -0.0006   0.0341    0.255
    28   0.4000  -0.3272   0.0000   0.5000   0.0384   0.0667   0.0049   0.1335   0.1335   0.0004   0.0000  -0.0006   0.0340    0.255
    29   0.4000  -0.4063   0.0000   0.5000   0.0404   0.0666   0.0047   0.1332   0.1332   0.0004   0.0000  -0.0006   0.0339    0.255
    30   0.4000  -0.4884   0.0000   0.5000   0.0415   0.0663   0.0042   0.1327   0.1327   0.0005   0.0000  -0.0006   0.0338    0.254
    31   0.4000  -0.5716   0.0000   0.5000   0.0415   0.0661   0.0093   0.1322   0.1322   0.0005   0.0000  -0.0006   0.0336    0.254
    32   0.4000  -0.6537   0.0000   0.5000   0.0404   0.0657   0.0084   0.1315   0.1315   0.0005   0.0000  -0.0005   0.0334    0.254
    33   0.4000  -0.7328   0.0000   0.5000   0.0384   0.0654   0.0082   0.1308   0.1308   0.0005   0.0000  -0.0005   0.0332    0.254
    34   0.4000  -0.8069   0.0000   0.5000   0.0355   0.0649   0.0082   0.1299   0.1299   0.0005   0.0000  -0.0005   0.0329    0.254
    35   0.4000  -0.8742   0.0000   0.5000   0.0316   0.0645   0.0083   0.1290   0.1290   0.0005   0.0000  -0.0004   0.0327    0.253
    36   0.4000  -0.9330   0.0000   0.5000   0.0270   0.0641   0.0084   0.1282   0.1282   0.0005   0.0000  -0.0004   0.0324    0.253
    37   0.4000  -0.9819   0.0000   0.5000   0.0217   0.0636   0.0085   0.1273   0.1273   0.0005   0.0000  -0.0004   0.0322    0.253
    38   0.4000  -1.0197   0.0000   0.5000   0.0159   0.0633   0.0087   0.1266   0.1266   0.0005   0.0000  -0.0004   0.0320    0.253
    39   0.4000  -1.0454   0.0000   0.5000   0.0097   0.0630   0.0088   0.1261   0.1261   0.0006   0.0000  -0.0004   0.0319    0.253
    40   0.4000  -1.0584   0.0000   0.5000   0.0033   0.0629   0.0090   0.1258   0.1258   0.0006   0.0000  -0.0004   0.0318    0.253

  Surface # 3     main_wing_panel_1                       
     # Chordwise = 12   # Spanwise = 20     First strip = 41
     Surface area Ssurf =    0.517650     Ave. chord Cave =    0.435000

 Forces referred to Sref, Cref, Bref about Xref, Yref, Zref
 Standard axis orientation,  X fwd, Z down         
     CLsurf  =   0.02704     Clsurf  =  -0.00941
     CYsurf  =   0.00007     Cmsurf  =  -0.00137
     CDsurf  =   0.00013     Cnsurf  =   0.00027
     CDisurf =   0.00013     CDvsurf =   0.00000

 Forces referred to Ssurf, Cave 
     CLsurf  =   0.10944     CDsurf  =   0.00052

 Strip Forces referred to Strip Area, Chord
    j     Xle      Yle      Zle      Chord    Area     c_cl     ai     cl_norm    cl       cd       cdv    cm_c/4     cm_LE   C.P.x/c
    41   0.4001   1.0618   0.0000   0.4998   0.0037   0.0628   0.0090   0.1258   0.1258   0.0006   0.0000  -0.0004  -0.0318    0.253
    42   0.4005   1.0764   0.0000   0.4982   0.0109   0.0627   0.0088   0.1258   0.1258   0.0006   0.0000  -0.0003  -0.0318    0.253
    43   0.4013   1.1053   0.0000   0.4951   0.0177   0.0623   0.0087   0.1259   0.1259   0.0005   0.0000  -0.0003  -0.0318    0.253
    44   0.4024   1.1477   0.0000   0.4904   0.0239   0.0617   0.0086   0.1258   0.1258   0.0005   0.0000  -0.0003  -0.0317    0.252
    45   0.4040   1.2026   0.0000   0.4844   0.0294   0.0608   0.0085   0.1256   0.1256   0.0005   0.0000  -0.0003  -0.0317    0.252
    46   0.4058   1.2686   0.0000   0.4772   0.0339   0.0597   0.0084   0.1252   0.1252   0.0005   0.0000  -0.0002  -0.0315    0.252
    47   0.4079   1.3441   0.0000   0.4690   0.0373   0.0584   0.0084   0.1245   0.1245   0.0005   0.0000  -0.0002  -0.0313    0.251
    48   0.4102   1.4273   0.0000   0.4599   0.0397   0.0567   0.0084   0.1234   0.1234   0.0005   0.0000  -0.0001  -0.0309    0.251
    49   0.4126   1.5161   0.0000   0.4502   0.0409   0.0548   0.0086   0.1217   0.1217   0.0005   0.0000  -0.0000  -0.0304    0.250
    50   0.4152   1.6083   0.0000   0.4401   0.0410   0.0525   0.0088   0.1193   0.1193   0.0005   0.0000   0.0001  -0.0297    0.249
    51   0.4178   1.7017   0.0000   0.4299   0.0400   0.0499   0.0092   0.1161   0.1161   0.0005   0.0000   0.0003  -0.0287    0.247
    52   0.4204   1.7939   0.0000   0.4198   0.0381   0.0469   0.0098   0.1119   0.1119   0.0005   0.0000   0.0005  -0.0274    0.245
    53   0.4228   1.8827   0.0000   0.4101   0.0354   0.0436   0.0105   0.1062   0.1062   0.0005   0.0000   0.0008  -0.0257    0.242
    54   0.4251   1.9659   0.0000   0.4010   0.0319   0.0397   0.0115   0.0989   0.0989   0.0006   0.0000   0.0012  -0.0235    0.238
    55   0.4272   2.0414   0.0000   0.3928   0.0279   0.0352   0.0125   0.0897   0.0897   0.0006   0.0000   0.0017  -0.0207    0.232
    56   0.4290   2.1074   0.0000   0.3856   0.0234   0.0301   0.0136   0.0781   0.0781   0.0005   0.0000   0.0021  -0.0174    0.223
    57   0.4306   2.1623   0.0000   0.3796   0.0185   0.0243   0.0147   0.0642   0.0642   0.0005   0.0000   0.0024  -0.0137    0.213
    58   0.4317   2.2047   0.0000   0.3749   0.0134   0.0179   0.0157   0.0479   0.0479   0.0004   0.0000   0.0023  -0.0097    0.202
    59   0.4325   2.2336   0.0000   0.3718   0.0081   0.0110   0.0165   0.0296   0.0296   0.0003   0.0000   0.0018  -0.0056    0.191
    60   0.4329   2.2482   0.0000   0.3702   0.0027   0.0037   0.0170   0.0100   0.0100   0.0001   0.0000   0.0007  -0.0018    0.183

  Surface # 4     main_wing_panel_1 (YDUP)                
     # Chordwise = 12   # Spanwise = 20     First strip = 61
     Surface area Ssurf =    0.517650     Ave. chord Cave =    0.435000

 Forces referred to Sref, Cref, Bref about Xref, Yref, Zref
 Standard axis orientation,  X fwd, Z down         
     CLsurf  =   0.02704     Clsurf  =   0.00941
     CYsurf  =  -0.00007     Cmsurf  =  -0.00137
     CDsurf  =   0.00013     Cnsurf  =  -0.00027
     CDisurf =   0.00013     CDvsurf =   0.00000

 Forces referred to Ssurf, Cave 
     CLsurf  =   0.10944     CDsurf  =   0.00052

 Strip Forces referred to Strip Area, Chord
    j     Xle      Yle      Zle      Chord    Area     c_cl     ai     cl_norm    cl       cd       cdv    cm_c/4     cm_LE   C.P.x/c
    61   0.4001  -1.0618   0.0000   0.4998   0.0037   0.0628   0.0090   0.1258   0.1258   0.0006   0.0000  -0.0004   0.0318    0.253
    62   0.4005  -1.0764   0.0000   0.4982   0.0109   0.0627   0.0088   0.1258   0.1258   0.0006   0.0000  -0.0003   0.0318    0.253
    63   0.4013  -1.1053   0.0000   0.4951   0.0177   0.0623   0.0087   0.1259   0.1259   0.0005   0.0000  -0.0003   0.0318    0.253
    64   0.4024  -1.1477   0.0000   0.4904   0.0239   0.0617   0.0086   0.1258   0.1258   0.0005   0.0000  -0.0003   0.0317    0.252
    65   0.4040  -1.2026   0.0000   0.4844   0.0294   0.0608   0.0085   0.1256   0.1256   0.0005   0.0000  -0.0003   0.0317    0.252
    66   0.4058  -1.2686   0.0000   0.4772   0.0339   0.0597   0.0084   0.1252   0.1252   0.0005   0.0000  -0.0002   0.0315    0.252
    67   0.4079  -1.3441   0.0000   0.4690   0.0373   0.0584   0.0084   0.1245   0.1245   0.0005   0.0000  -0.0002   0.0313    0.251
    68   0.4102  -1.4273   0.0000   0.4599   0.0397   0.0567   0.0084   0.1234   0.1234   0.0005   0.0000  -0.0001   0.0309    0.251
    69   0.4126  -1.5161   0.0000   0.4502   0.0409   0.0548   0.0086   0.1217   0.1217   0.0005   0.0000  -0.0000   0.0304    0.250
    70   0.4152  -1.6083   0.0000   0.4401   0.0410   0.0525   0.0088   0.1193   0.1193   0.0005   0.0000   0.0001   0.0297    0.249
    71   0.4178  -1.7017   0.0000   0.4299   0.0400   0.0499   0.0092   0.1161   0.1161   0.0005   0.0000   0.0003   0.0287    0.247
    72   0.4204  -1.7939   0.0000   0.4198   0.0381   0.0469   0.0098   0.1119   0.1119   0.0005   0.0000   0.0005   0.0274    0.245
    73   0.4228  -1.8827   0.0000   0.4101   0.0354   0.0436   0.0105   0.1062   0.1062   0.0005   0.0000   0.0008   0.0257    0.242
    74   0.4251  -1.9659   0.0000   0.4010   0.0319   0.0397   0.0115   0.0989   0.0989   0.0006   0.0000   0.0012   0.0235    0.238
    75   0.4272  -2.0414   0.0000   0.3928   0.0279   0.0352   0.0125   0.0897   0.0897   0.0006   0.0000   0.0017   0.0207    0.232
    76   0.4290  -2.1074   0.0000   0.3856   0.0234   0.0301   0.0136   0.0781   0.0781   0.0005   0.0000   0.0021   0.0174    0.223
    77   0.4306  -2.1623   0.0000   0.3796   0.0185   0.0243   0.0147   0.0642   0.0642   0.0005   0.0000   0.0024   0.0137    0.213
    78   0.4317  -2.2047   0.0000   0.3749   0.0134   0.0179   0.0157   0.0479   0.0479   0.0004   0.0000   0.0023   0.0097    0.202
    79   0.4325  -2.2336   0.0000   0.3718   0.0081   0.0110   0.0165   0.0296   0.0296   0.0003   0.0000   0.0018   0.0056    0.191
    80   0.4329  -2.2482   0.0000   0.3702   0.0027   0.0037   0.0170   0.0100   0.0100   0.0001   0.0000   0.0007   0.0018    0.183

  Surface # 5     hstab_panel_0                           
     # Chordwise = 12   # Spanwise = 20     First strip = 81
     Surface area Ssurf =    0.118800     Ave. chord Cave =    0.220000

 Forces referred to Sref, Cref, Bref about Xref, Yref, Zref
 Standard axis orientation,  X fwd, Z down         
     CLsurf  =  -0.00132     Clsurf  =   0.00008
     CYsurf  =   0.00000     Cmsurf  =   0.00333
     CDsurf  =  -0.00001     Cnsurf  =  -0.00000
     CDisurf =  -0.00001     CDvsurf =   0.00000

 Forces referred to Ssurf, Cave 
     CLsurf  =  -0.02321     CDsurf  =  -0.00012

 Strip Forces referred to Strip Area, Chord
    j     Xle      Yle      Zle      Chord    Area     c_cl     ai     cl_norm    cl       cd       cdv    cm_c/4     cm_LE   C.P.x/c
    81   1.9000   0.0008   0.4000   0.2200   0.0007  -0.0054   0.0041  -0.0245  -0.0245  -0.0002   0.0000  -0.0284  -0.0223   -0.912
    82   1.9000   0.0075   0.4000   0.2200   0.0022  -0.0054   0.0041  -0.0245  -0.0245  -0.0002   0.0000  -0.0284  -0.0223   -0.912
    83   1.9000   0.0206   0.4000   0.2200   0.0036  -0.0054   0.0041  -0.0245  -0.0245  -0.0002   0.0000  -0.0284  -0.0223   -0.912
    84   1.9000   0.0398   0.4000   0.2200   0.0049  -0.0054   0.0041  -0.0244  -0.0244  -0.0002   0.0000  -0.0284  -0.0223   -0.912
    85   1.9000   0.0647   0.4000   0.2200   0.0061  -0.0054   0.0041  -0.0244  -0.0244  -0.0002   0.0000  -0.0284  -0.0223   -0.913
    86   1.9000   0.0946   0.4000   0.2200   0.0071  -0.0054   0.0041  -0.0244  -0.0244  -0.0002   0.0000  -0.0284  -0.0223   -0.915
    87   1.9000   0.1289   0.4000   0.2200   0.0079  -0.0053   0.0041  -0.0243  -0.0243  -0.0002   0.0000  -0.0284  -0.0223   -0.920
    88   1.9000   0.1667   0.4000   0.2200   0.0086  -0.0053   0.0041  -0.0242  -0.0242  -0.0002   0.0000  -0.0284  -0.0224   -0.926
    89   1.9000   0.2070   0.4000   0.2200   0.0091  -0.0053   0.0041  -0.0240  -0.0240  -0.0002   0.0000  -0.0284  -0.0224   -0.935
    90   1.9000   0.2488   0.4000   0.2200   0.0093  -0.0052   0.0042  -0.0237  -0.0237  -0.0002   0.0000  -0.0284  -0.0225   -0.947
    91   1.9000   0.2912   0.4000   0.2200   0.0093  -0.0051   0.0042  -0.0234  -0.0234  -0.0002   0.0000  -0.0284  -0.0225   -0.963
    92   1.9000   0.3330   0.4000   0.2200   0.0091  -0.0050   0.0043  -0.0230  -0.0230  -0.0001   0.0000  -0.0283  -0.0225   -0.982
    93   1.9000   0.3733   0.4000   0.2200   0.0086  -0.0049   0.0045  -0.0225  -0.0225  -0.0001   0.0000  -0.0282  -0.0225  999.000
    94   1.9000   0.4111   0.4000   0.2200   0.0079  -0.0048   0.0049  -0.0220  -0.0220  -0.0001   0.0000  -0.0279  -0.0224  999.000
    95   1.9000   0.4454   0.4000   0.2200   0.0071  -0.0047   0.0055  -0.0215  -0.0215  -0.0001   0.0000  -0.0274  -0.0221  999.000
    96   1.9000   0.4753   0.4000   0.2200   0.0061  -0.0046   0.0065  -0.0211  -0.0211  -0.0000   0.0000  -0.0267  -0.0214  999.000
    97   1.9000   0.5002   0.4000   0.2200   0.0049  -0.0046   0.0079  -0.0211  -0.0211   0.0000   0.0000  -0.0254  -0.0201   -0.955
    98   1.9000   0.5194   0.4000   0.2200   0.0036  -0.0047   0.0097  -0.0215  -0.0215   0.0001   0.0000  -0.0235  -0.0181   -0.839
    99   1.9000   0.5325   0.4000   0.2200   0.0022  -0.0050   0.0118  -0.0227  -0.0227   0.0003   0.0000  -0.0209  -0.0152   -0.672
   100   1.9000   0.5392   0.4000   0.2200   0.0007  -0.0055   0.0132  -0.0251  -0.0251  -0.0008   0.0000  -0.0185  -0.0122   -0.486

  Surface # 6     hstab_panel_0 (YDUP)                    
     # Chordwise = 12   # Spanwise = 20     First strip =101
     Surface area Ssurf =    0.118800     Ave. chord Cave =    0.220000

 Forces referred to Sref, Cref, Bref about Xref, Yref, Zref
 Standard axis orientation,  X fwd, Z down         
     CLsurf  =  -0.00130     Clsurf  =  -0.00008
     CYsurf  =  -0.00000     Cmsurf  =   0.00328
     CDsurf  =  -0.00001     Cnsurf  =   0.00000
     CDisurf =  -0.00001     CDvsurf =   0.00000

 Forces referred to Ssurf, Cave 
     CLsurf  =  -0.02287     CDsurf  =  -0.00011

 Strip Forces referred to Strip Area, Chord
    j     Xle      Yle      Zle      Chord    Area     c_cl     ai     cl_norm    cl       cd       cdv    cm_c/4     cm_LE   C.P.x/c
   101   1.9000  -0.0008   0.4000   0.2200   0.0007  -0.0054   0.0041  -0.0245  -0.0245  -0.0002   0.0000  -0.0284   0.0223   -0.912
   102   1.9000  -0.0075   0.4000   0.2200   0.0022  -0.0054   0.0041  -0.0244  -0.0244  -0.0002   0.0000  -0.0284   0.0223   -0.912
   103   1.9000  -0.0206   0.4000   0.2200   0.0036  -0.0054   0.0041  -0.0244  -0.0244  -0.0002   0.0000  -0.0284   0.0223   -0.913
   104   1.9000  -0.0398   0.4000   0.2200   0.0049  -0.0054   0.0041  -0.0244  -0.0244  -0.0002   0.0000  -0.0284   0.0223   -0.914
   105   1.9000  -0.0647   0.4000   0.2200   0.0061  -0.0054   0.0041  -0.0244  -0.0244  -0.0002   0.0000  -0.0284   0.0223   -0.916
   106   1.9000  -0.0946   0.4000   0.2200   0.0071  -0.0053   0.0041  -0.0243  -0.0243  -0.0002   0.0000  -0.0284   0.0223   -0.919
   107   1.9000  -0.1289   0.4000   0.2200   0.0079  -0.0053   0.0041  -0.0242  -0.0242  -0.0002   0.0000  -0.0284   0.0224   -0.925
   108   1.9000  -0.1667   0.4000   0.2200   0.0086  -0.0053   0.0041  -0.0240  -0.0240  -0.0002   0.0000  -0.0284   0.0224   -0.933
   109   1.9000  -0.2070   0.4000   0.2200   0.0091  -0.0052   0.0041  -0.0238  -0.0238  -0.0002   0.0000  -0.0284   0.0225   -0.945
   110   1.9000  -0.2488   0.4000   0.2200   0.0093  -0.0052   0.0042  -0.0235  -0.0235  -0.0002   0.0000  -0.0284   0.0225   -0.960
   111   1.9000  -0.2912   0.4000   0.2200   0.0093  -0.0051   0.0042  -0.0231  -0.0231  -0.0001   0.0000  -0.0283   0.0226   -0.980
   112   1.9000  -0.3330   0.4000   0.2200   0.0091  -0.0050   0.0044  -0.0226  -0.0226  -0.0001   0.0000  -0.0283   0.0226  999.000
   113   1.9000  -0.3733   0.4000   0.2200   0.0086  -0.0048   0.0046  -0.0220  -0.0220  -0.0001   0.0000  -0.0281   0.0226  999.000
   114   1.9000  -0.4111   0.4000   0.2200   0.0079  -0.0047   0.0050  -0.0214  -0.0214  -0.0001   0.0000  -0.0278   0.0225  999.000
   115   1.9000  -0.4454   0.4000   0.2200   0.0071  -0.0046   0.0057  -0.0208  -0.0208  -0.0001   0.0000  -0.0272   0.0221  999.000
   116   1.9000  -0.4753   0.4000   0.2200   0.0061  -0.0045   0.0067  -0.0204  -0.0204  -0.0000   0.0000  -0.0263   0.0212  999.000
   117   1.9000  -0.5002   0.4000   0.2200   0.0049  -0.0045   0.0081  -0.0203  -0.0203   0.0001   0.0000  -0.0248   0.0197   -0.970
   118   1.9000  -0.5194   0.4000   0.2200   0.0036  -0.0046   0.0100  -0.0208  -0.0208   0.0002   0.0000  -0.0226   0.0174   -0.835
   119   1.9000  -0.5325   0.4000   0.2200   0.0022  -0.0048   0.0119  -0.0220  -0.0220   0.0003   0.0000  -0.0198   0.0143   -0.650
   120   1.9000  -0.5392   0.4000   0.2200   0.0007  -0.0053   0.0133  -0.0243  -0.0243  -0.0007   0.0000  -0.0171   0.0111   -0.454

  Surface # 7     fin_panel_0                             
     # Chordwise = 12   # Spanwise = 20     First strip =121
     Surface area Ssurf =    0.080000     Ave. chord Cave =    0.200000

 Forces referred to Sref, Cref, Bref about Xref, Yref, Zref
 Standard axis orientation,  X fwd, Z down         
     CLsurf  =  -0.00000     Clsurf  =  -0.00004
     CYsurf  =  -0.00060     Cmsurf  =  -0.00000
     CDsurf  =  -0.00000     Cnsurf  =   0.00019
     CDisurf =  -0.00000     CDvsurf =   0.00000

 Forces referred to Ssurf, Cave 
     CLsurf  =  -0.01578     CDsurf  =  -0.00006

 Strip Forces referred to Strip Area, Chord
    j     Xle      Yle      Zle      Chord    Area     c_cl     ai     cl_norm    cl       cd       cdv    cm_c/4     cm_LE   C.P.x/c
   121   1.9000   0.5400   0.3994   0.2000   0.0005  -0.0057  -0.0156  -0.0287  -0.0287   0.0018   0.0000  -0.0207  -0.0136   -0.472
   122   1.9000   0.5400   0.3945   0.2000   0.0015  -0.0056  -0.0086  -0.0280  -0.0280  -0.0004   0.0000  -0.0166  -0.0096   -0.342
   123   1.9000   0.5400   0.3848   0.2000   0.0024  -0.0057  -0.0080  -0.0283  -0.0283  -0.0003   0.0000  -0.0125  -0.0054   -0.192
   124   1.9000   0.5400   0.3705   0.2000   0.0033  -0.0056  -0.0065  -0.0281  -0.0281  -0.0002   0.0000  -0.0089  -0.0019   -0.066
   125   1.9000   0.5400   0.3521   0.2000   0.0041  -0.0054  -0.0045  -0.0271  -0.0270  -0.0002   0.0000  -0.0060   0.0007    0.028
   126   1.9000   0.5400   0.3299   0.2000   0.0048  -0.0051  -0.0027  -0.0253  -0.0253  -0.0001   0.0000  -0.0040   0.0023    0.093
   127   1.9000   0.5400   0.3045   0.2000   0.0054  -0.0046  -0.0012  -0.0232  -0.0232  -0.0001   0.0000  -0.0027   0.0031    0.135
   128   1.9000   0.5400   0.2765   0.2000   0.0058  -0.0042  -0.0002  -0.0208  -0.0208  -0.0001   0.0000  -0.0019   0.0033    0.159
   129   1.9000   0.5400   0.2467   0.2000   0.0061  -0.0037   0.0005  -0.0185  -0.0185  -0.0001   0.0000  -0.0015   0.0032    0.171
   130   1.9000   0.5400   0.2157   0.2000   0.0063  -0.0033   0.0009  -0.0163  -0.0163  -0.0000   0.0000  -0.0012   0.0028    0.174
   131   1.9000   0.5400   0.1843   0.2000   0.0063  -0.0029   0.0011  -0.0143  -0.0143  -0.0000   0.0000  -0.0011   0.0024    0.170
   132   1.9000   0.5400   0.1533   0.2000   0.0061  -0.0025   0.0012  -0.0124  -0.0124  -0.0000   0.0000  -0.0011   0.0020    0.161
   133   1.9000   0.5400   0.1235   0.2000   0.0058  -0.0021   0.0013  -0.0106  -0.0106  -0.0000   0.0000  -0.0011   0.0016    0.147
   134   1.9000   0.5400   0.0955   0.2000   0.0054  -0.0018   0.0013  -0.0089  -0.0089  -0.0000   0.0000  -0.0011   0.0011    0.128
   135   1.9000   0.5400   0.0701   0.2000   0.0048  -0.0015   0.0014  -0.0073  -0.0073  -0.0000   0.0000  -0.0011   0.0008    0.105
   136   1.9000   0.5400   0.0479   0.2000   0.0041  -0.0012   0.0015  -0.0058  -0.0058  -0.0000   0.0000  -0.0010   0.0004    0.077
   137   1.9000   0.5400   0.0295   0.2000   0.0033  -0.0009   0.0017  -0.0044  -0.0044  -0.0000   0.0000  -0.0009   0.0002    0.046
   138   1.9000   0.5400   0.0152   0.2000   0.0024  -0.0006   0.0020  -0.0030  -0.0030  -0.0000   0.0000  -0.0007   0.0000    0.014
   139   1.9000   0.5400   0.0055   0.2000   0.0015  -0.0004   0.0019  -0.0018  -0.0018   0.0000   0.0000  -0.0005  -0.0000   -0.012
   140   1.9000   0.5400   0.0006   0.2000   0.0005  -0.0001   0.0011  -0.0006  -0.0006   0.0000   0.0000  -0.0002  -0.0000   -0.028

  Surface # 8     fin_panel_0                             
     # Chordwise = 12   # Spanwise = 20     First strip =141
     Surface area Ssurf =    0.080000     Ave. chord Cave =    0.200000

 Forces referred to Sref, Cref, Bref about Xref, Yref, Zref
 Standard axis orientation,  X fwd, Z down         
     CLsurf  =  -0.00000     Clsurf  =   0.00003
     CYsurf  =   0.00059     Cmsurf  =  -0.00000
     CDsurf  =  -0.00000     Cnsurf  =  -0.00019
     CDisurf =  -0.00000     CDvsurf =   0.00000

 Forces referred to Ssurf, Cave 
     CLsurf  =   0.01547     CDsurf  =  -0.00006

 Strip Forces referred to Strip Area, Chord
    j     Xle      Yle      Zle      Chord    Area     c_cl     ai     cl_norm    cl       cd       cdv    cm_c/4     cm_LE   C.P.x/c
   141   1.9000  -0.5400   0.3994   0.2000   0.0005   0.0056   0.0157   0.0279   0.0279   0.0015   0.0000   0.0190   0.0120   -0.430
   142   1.9000  -0.5400   0.3945   0.2000   0.0015   0.0055   0.0090   0.0274   0.0274  -0.0004   0.0000   0.0147   0.0079   -0.287
   143   1.9000  -0.5400   0.3848   0.2000   0.0024   0.0056   0.0082   0.0278   0.0278  -0.0003   0.0000   0.0105   0.0035   -0.127
   144   1.9000  -0.5400   0.3705   0.2000   0.0033   0.0055   0.0066   0.0276   0.0276  -0.0003   0.0000   0.0067  -0.0002    0.007
   145   1.9000  -0.5400   0.3521   0.2000   0.0041   0.0053   0.0046   0.0266   0.0266  -0.0002   0.0000   0.0037  -0.0029    0.110
   146   1.9000  -0.5400   0.3299   0.2000   0.0048   0.0050   0.0027   0.0248   0.0248  -0.0001   0.0000   0.0016  -0.0046    0.185
   147   1.9000  -0.5400   0.3045   0.2000   0.0054   0.0045   0.0012   0.0227   0.0226  -0.0001   0.0000   0.0003  -0.0054    0.239
   148   1.9000  -0.5400   0.2765   0.2000   0.0058   0.0041   0.0001   0.0203   0.0203  -0.0001   0.0000  -0.0006  -0.0056    0.277
   149   1.9000  -0.5400   0.2467   0.2000   0.0061   0.0036  -0.0006   0.0180   0.0180  -0.0001   0.0000  -0.0010  -0.0055    0.306
   150   1.9000  -0.5400   0.2157   0.2000   0.0063   0.0032  -0.0010   0.0159   0.0158  -0.0000   0.0000  -0.0012  -0.0052    0.327
   151   1.9000  -0.5400   0.1843   0.2000   0.0063   0.0028  -0.0012   0.0139   0.0138  -0.0000   0.0000  -0.0013  -0.0048    0.345
   152   1.9000  -0.5400   0.1533   0.2000   0.0061   0.0024  -0.0013   0.0120   0.0120  -0.0000   0.0000  -0.0013  -0.0044    0.362
   153   1.9000  -0.5400   0.1235   0.2000   0.0058   0.0021  -0.0014   0.0103   0.0103  -0.0000   0.0000  -0.0013  -0.0039    0.378
   154   1.9000  -0.5400   0.0955   0.2000   0.0054   0.0018  -0.0013   0.0088   0.0088  -0.0000   0.0000  -0.0013  -0.0035    0.396
   155   1.9000  -0.5400   0.0701   0.2000   0.0048   0.0015  -0.0013   0.0073   0.0073  -0.0000   0.0000  -0.0012  -0.0030    0.415
   156   1.9000  -0.5400   0.0479   0.2000   0.0041   0.0012  -0.0013   0.0059   0.0059  -0.0000   0.0000  -0.0011  -0.0026    0.435
   157   1.9000  -0.5400   0.0295   0.2000   0.0033   0.0009  -0.0013   0.0046   0.0046  -0.0000   0.0000  -0.0009  -0.0021    0.454
   158   1.9000  -0.5400   0.0152   0.2000   0.0024   0.0007  -0.0014   0.0033   0.0033  -0.0000   0.0000  -0.0007  -0.0015    0.472
   159   1.9000  -0.5400   0.0055   0.2000   0.0015   0.0004  -0.0012   0.0020   0.0020  -0.0000   0.0000  -0.0005  -0.0009    0.485
   160   1.9000  -0.5400   0.0006   0.2000   0.0005   0.0001  -0.0003   0.0007   0.0007  -0.0000   0.0000  -0.0002  -0.0003    0.492
 ---------------------------------------------------------------
