 ---------------------------------------------------------------
 Surface and Strip Forces by surface

  Sref =  2.7910       Cref = 0.47500       Bref =  5.8800    
  Xref = 0.50000       Yref =  0.0000       Zref =  0.0000    

  Surface # 1     main_wing_panel_0                       
     # Chordwise = 12   # Spanwise = 20     First strip =  1
     Surface area Ssurf =    0.683400     Ave. chord Cave =    0.510000

 Forces referred to Sref, Cref, Bref about Xref, Yref, Zref
 Standard axis orientation,  X fwd, Z down         
     CLsurf  =   0.03539     Clsurf  =  -0.00400
     CYsurf  =   0.00000     Cmsurf  =  -0.00224
     CDsurf  =   0.00011     Cnsurf  =   0.00010
     CDisurf =   0.00011     CDvsurf =   0.00000

 Forces referred to Ssurf, Cave 
     CLsurf  =   0.14455     CDsurf  =   0.00044

 Strip Forces referred to Strip Area, Chord
    j     Xle      Yle      Zle      Chord    Area     c_cl     ai     cl_norm    cl       cd       cdv    cm_c/4     cm_LE   C.P.x/c
     1   0.4000   0.0021   0.0000   0.5100   0.0042   0.0748   0.0031   0.1466   0.1466   0.0004   0.0000  -0.0008  -0.0374    0.255
     2   0.4000   0.0185   0.0000   0.5100   0.0125   0.0748   0.0031   0.1466   0.1466   0.0004   0.0000  -0.0008  -0.0374    0.255
     3   0.4000   0.0510   0.0000   0.5100   0.0205   0.0747   0.0031   0.1466   0.1466   0.0004   0.0000  -0.0008  -0.0374    0.255
     4   0.4000   0.0987   0.0000   0.5100   0.0280   0.0747   0.0030   0.1466   0.1466   0.0004   0.0000  -0.0008  -0.0374    0.255
     5   0.4000   0.1605   0.0000   0.5100   0.0348   0.0747   0.0030   0.1465   0.1465   0.0004   0.0000  -0.0008  -0.0374    0.255
     6   0.4000   0.2349   0.0000   0.5100   0.0408   0.0747   0.0029   0.1465   0.1465   0.0004   0.0000  -0.0008  -0.0374    0.255
     7   0.4000   0.3199   0.0000   0.5100   0.0457   0.0746   0.0027   0.1463   0.1463   0.0004   0.0000  -0.0008  -0.0374    0.255
     8   0.4000   0.4136   0.0000   0.5100   0.0495   0.0745   0.0023   0.1461   0.1461   0.0004   0.0000  -0.0008  -0.0373    0.255
     9   0.4000   0.5136   0.0000   0.5100   0.0521   0.0744   0.0010   0.1458   0.1458   0.0004   0.0000  -0.0008  -0.0372    0.255
    10   0.4000   0.6174   0.0000   0.5100   0.0535   0.0742   0.0087   0.1455   0.1455   0.0004   0.0000  -0.0008  -0.0371    0.255
    11   0.4000   0.7226   0.0000   0.5100   0.0535   0.0739   0.0076   0.1450   0.1450   0.0004   0.0000  -0.0007  -0.0370    0.255
    12   0.4000   0.8264   0.0000   0.5100   0.0521   0.0737   0.0073   0.1445   0.1445   0.0004   0.0000  -0.0007  -0.0368    0.255
    13   0.4000   0.9264   0.0000   0.5100   0.0495   0.0733   0.0071   0.1438   0.1438   0.0004   0.0000  -0.0007  -0.0366    0.255
    14   0.4000   1.0201   0.0000   0.5100   0.0457   0.0730   0.0071   0.1431   0.1431   0.0005   0.0000  -0.0007  -0.0364    0.255
    15   0.4000   1.1051   0.0000   0.5100   0.0408   0.0726   0.0072   0.1423   0.1423   0.0005   0.0000  -0.0007  -0.0362    0.255
    16   0.4000   1.1795   0.0000   0.5100   0.0348   0.0722   0.0072   0.1415   0.1415   0.0005   0.0000  -0.0006  -0.0360    0.254
    17   0.4000   1.2413   0.0000   0.5100   0.0280   0.0718   0.0074   0.1408   0.1408   0.0005   0.0000  -0.0006  -0.0358    0.254
    18   0.4000   1.2890   0.0000   0.5100   0.0205   0.0714   0.0075   0.1401   0.1401   0.0005   0.0000  -0.0006  -0.0356    0.254
    19   0.4000   1.3215   0.0000   0.5100   0.0125   0.0712   0.0076   0.1397   0.1397   0.0005   0.0000  -0.0006  -0.0355    0.254
    20   0.4000   1.3379   0.0000   0.5100   0.0042   0.0711   0.0078   0.1394   0.1394   0.0006   0.0000  -0.0006  -0.0354    0.254

  Surface # 2     main_wing_panel_0 (YDUP)                
     # Chordwise = 12   # Spanwise = 20     First strip = 21
     Surface area Ssurf =    0.683400     Ave. chord Cave =    0.510000

 Forces referred to Sref, Cref, Bref about Xref, Yref, Zref
 Standard axis orientation,  X fwd, Z down         
     CLsurf  =   0.03540     Clsurf  =   0.00400
     CYsurf  =   0.00000     Cmsurf  =  -0.00224
     CDsurf  =   0.00011     Cnsurf  =  -0.00010
     CDisurf =   0.00011     CDvsurf =   0.00000

 Forces referred to Ssurf, Cave 
     CLsurf  =   0.14456     CDsurf  =   0.00044

 Strip Forces referred to Strip Area, Chord
    j     Xle      Yle      Zle      Chord    Area     c_cl     ai     cl_norm    cl       cd       cdv    cm_c/4     cm_LE   C.P.x/c
    21   0.4000  -0.0021   0.0000   0.5100   0.0042   0.0748   0.0031   0.1466   0.1466   0.0004   0.0000  -0.0008   0.0374    0.255
    22   0.4000  -0.0185   0.0000   0.5100   0.0125   0.0748   0.0031   0.1466   0.1466   0.0004   0.0000  -0.0008   0.0374    0.255
    23   0.4000  -0.0510   0.0000   0.5100   0.0205   0.0747   0.0031   0.1466   0.1466   0.0004   0.0000  -0.0008   0.0374    0.255
    24   0.4000  -0.0987   0.0000   0.5100   0.0280   0.0747   0.0031   0.1466   0.1466   0.0004   0.0000  -0.0008   0.0374    0.255
    25   0.4000  -0.1605   0.0000   0.5100   0.0348   0.0747   0.0030   0.1465   0.1465   0.0004   0.0000  -0.0008   0.0374    0.255
    26   0.4000  -0.2349   0.0000   0.5100   0.0408   0.0747   0.0029   0.1465   0.1465   0.0004   0.0000  -0.0008   0.0374    0.255
    27   0.4000  -0.3199   0.0000   0.5100   0.0457   0.0746   0.0028   0.1463   0.1463   0.0004   0.0000  -0.0008   0.0374    0.255
    28   0.4000  -0.4136   0.0000   0.5100   0.0495   0.0745   0.0024   0.1461   0.1461   0.0004   0.0000  -0.0008   0.0373    0.255
    29   0.4000  -0.5136   0.0000   0.5100   0.0521   0.0744   0.0010   0.1458   0.1458   0.0004   0.0000  -0.0008   0.0372    0.255
    30   0.4000  -0.6174   0.0000   0.5100   0.0535   0.0742   0.0087   0.1455   0.1455   0.0004   0.0000  -0.0008   0.0371    0.255
    31   0.4000  -0.7226   0.0000   0.5100   0.0535   0.0739   0.0076   0.1450   0.1450   0.0004   0.0000  -0.0007   0.0370    0.255
    32   0.4000  -0.8264   0.0000   0.5100   0.0521   0.0737   0.0072   0.1445   0.1445   0.0004   0.0000  -0.0007   0.0368    0.255
    33   0.4000  -0.9264   0.0000   0.5100   0.0495   0.0733   0.0071   0.1438   0.1438   0.0004   0.0000  -0.0007   0.0366    0.255
    34   0.4000  -1.0201   0.0000   0.5100   0.0457   0.0730   0.0071   0.1431   0.1431   0.0005   0.0000  -0.0007   0.0364    0.255
    35   0.4000  -1.1051   0.0000   0.5100   0.0408   0.0726   0.0071   0.1423   0.1423   0.0005   0.0000  -0.0007   0.0362    0.255
    36   0.4000  -1.1795   0.0000   0.5100   0.0348   0.0722   0.0072   0.1415   0.1415   0.0005   0.0000  -0.0006   0.0360    0.254
    37   0.4000  -1.2413   0.0000   0.5100   0.0280   0.0718   0.0074   0.1408   0.1408   0.0005   0.0000  -0.0006   0.0358    0.254
    38   0.4000  -1.2890   0.0000   0.5100   0.0205   0.0715   0.0075   0.1402   0.1402   0.0005   0.0000  -0.0006   0.0356    0.254
    39   0.4000  -1.3215   0.0000   0.5100   0.0125   0.0712   0.0076   0.1397   0.1397   0.0005   0.0000  -0.0006   0.0355    0.254
    40   0.4000  -1.3379   0.0000   0.5100   0.0042   0.0711   0.0077   0.1394   0.1394   0.0006   0.0000  -0.0006   0.0354    0.254

  Surface # 3     main_wing_panel_1                       
     # Chordwise = 12   # Spanwise = 20     First strip = 41
     Surface area Ssurf =    0.712000     Ave. chord Cave =    0.445000

 Forces referred to Sref, Cref, Bref about Xref, Yref, Zref
 Standard axis orientation,  X fwd, Z down         
     CLsurf  =   0.03143     Clsurf  =  -0.01084
     CYsurf  =   0.00006     Cmsurf  =  -0.00180
     CDsurf  =   0.00013     Cnsurf  =   0.00029
     CDisurf =   0.00013     CDvsurf =   0.00000

 Forces referred to Ssurf, Cave 
     CLsurf  =   0.12320     CDsurf  =   0.00052

 Strip Forces referred to Strip Area, Chord
    j     Xle      Yle      Zle      Chord    Area     c_cl     ai     cl_norm    cl       cd       cdv    cm_c/4     cm_LE   C.P.x/c
    41   0.4001   1.3425   0.0000   0.5098   0.0050   0.0710   0.0077   0.1394   0.1394   0.0006   0.0000  -0.0006  -0.0354    0.254
    42   0.4005   1.3621   0.0000   0.5082   0.0149   0.0708   0.0076   0.1395   0.1395   0.0005   0.0000  -0.0006  -0.0354    0.254
    43   0.4013   1.4009   0.0000   0.5051   0.0243   0.0705   0.0075   0.1395   0.1395   0.0005   0.0000  -0.0006  -0.0354    0.254
    44   0.4024   1.4579   0.0000   0.5004   0.0328   0.0698   0.0073   0.1396   0.1396   0.0005   0.0000  -0.0005  -0.0354    0.254
    45   0.4040   1.5317   0.0000   0.4944   0.0403   0.0689   0.0072   0.1395   0.1395   0.0005   0.0000  -0.0005  -0.0354    0.254
    46   0.4058   1.6204   0.0000   0.4872   0.0465   0.0678   0.0072   0.1391   0.1391   0.0005   0.0000  -0.0005  -0.0352    0.253
    47   0.4079   1.7220   0.0000   0.4790   0.0513   0.0663   0.0071   0.1385   0.1385   0.0005   0.0000  -0.0004  -0.0350    0.253
    48   0.4102   1.8339   0.0000   0.4699   0.0545   0.0646   0.0072   0.1375   0.1375   0.0005   0.0000  -0.0004  -0.0347    0.253
    49   0.4126   1.9532   0.0000   0.4602   0.0562   0.0625   0.0073   0.1359   0.1359   0.0005   0.0000  -0.0003  -0.0343    0.252
    50   0.4152   2.0772   0.0000   0.4501   0.0563   0.0602   0.0076   0.1337   0.1337   0.0005   0.0000  -0.0002  -0.0336    0.251
    51   0.4178   2.2028   0.0000   0.4399   0.0551   0.0575   0.0080   0.1307   0.1307   0.0005   0.0000  -0.0000  -0.0327    0.250
    52   0.4204   2.3268   0.0000   0.4298   0.0525   0.0544   0.0086   0.1266   0.1266   0.0005   0.0000   0.0002  -0.0314    0.249
    53   0.4228   2.4461   0.0000   0.4201   0.0487   0.0508   0.0095   0.1210   0.1210   0.0006   0.0000   0.0005  -0.0298    0.246
    54   0.4251   2.5580   0.0000   0.4110   0.0440   0.0467   0.0106   0.1137   0.1137   0.0006   0.0000   0.0009  -0.0275    0.242
    55   0.4272   2.6596   0.0000   0.4028   0.0384   0.0419   0.0119   0.1040   0.1040   0.0006   0.0000   0.0014  -0.0246    0.237
    56   0.4290   2.7483   0.0000   0.3956   0.0323   0.0362   0.0134   0.0915   0.0915   0.0006   0.0000   0.0019  -0.0210    0.229
    57   0.4306   2.8221   0.0000   0.3896   0.0256   0.0296   0.0149   0.0759   0.0759   0.0006   0.0000   0.0024  -0.0166    0.219
    58   0.4317   2.8791   0.0000   0.3849   0.0185   0.0220   0.0162   0.0571   0.0571   0.0005   0.0000   0.0025  -0.0117    0.206
    59   0.4325   2.9179   0.0000   0.3818   0.0112   0.0136   0.0172   0.0356   0.0356   0.0004   0.0000   0.0021  -0.0068    0.192
    60   0.4329   2.9375   0.0000   0.3802   0.0037   0.0046   0.0179   0.0121   0.0121   0.0002   0.0000   0.0008  -0.0022    0.182

  Surface # 4     main_wing_panel_1 (YDUP)                
     # Chordwise = 12   # Spanwise = 20     First strip = 61
     Surface area Ssurf =    0.712000     Ave. chord Cave =    0.445000

 Forces referred to Sref, Cref, Bref about Xref, Yref, Zref
 Standard axis orientation,  X fwd, Z down         
     CLsurf  =   0.03143     Clsurf  =   0.01084
     CYsurf  =  -0.00006     Cmsurf  =  -0.00180
     CDsurf  =   0.00013     Cnsurf  =  -0.00029
     CDisurf =   0.00013     CDvsurf =   0.00000

 Forces referred to Ssurf, Cave 
     CLsurf  =   0.12320     CDsurf  =   0.00052

 Strip Forces referred to Strip Area, Chord
    j     Xle      Yle      Zle      Chord    Area     c_cl     ai     cl_norm    cl       cd       cdv    cm_c/4     cm_LE   C.P.x/c
    61   0.4001  -1.3425   0.0000   0.5098   0.0050   0.0710   0.0077   0.1394   0.1394   0.0006   0.0000  -0.0006   0.0354    0.254
    62   0.4005  -1.3621   0.0000   0.5082   0.0149   0.0709   0.0076   0.1395   0.1395   0.0005   0.0000  -0.0006   0.0354    0.254
    63   0.4013  -1.4009   0.0000   0.5051   0.0243   0.0705   0.0075   0.1395   0.1395   0.0005   0.0000  -0.0006   0.0354    0.254
    64   0.4024  -1.4579   0.0000   0.5004   0.0328   0.0698   0.0073   0.1396   0.1396   0.0005   0.0000  -0.0005   0.0354    0.254
    65   0.4040  -1.5317   0.0000   0.4944   0.0403   0.0689   0.0072   0.1395   0.1395   0.0005   0.0000  -0.0005   0.0354    0.254
    66   0.4058  -1.6204   0.0000   0.4872   0.0465   0.0678   0.0072   0.1391   0.1391   0.0005   0.0000  -0.0005   0.0352    0.253
    67   0.4079  -1.7220   0.0000   0.4790   0.0513   0.0663   0.0071   0.1385   0.1385   0.0005   0.0000  -0.0004   0.0351    0.253
    68   0.4102  -1.8339   0.0000   0.4699   0.0545   0.0646   0.0072   0.1375   0.1375   0.0005   0.0000  -0.0004   0.0347    0.253
    69   0.4126  -1.9532   0.0000   0.4602   0.0562   0.0625   0.0073   0.1359   0.1359   0.0005   0.0000  -0.0003   0.0343    0.252
    70   0.4152  -2.0772   0.0000   0.4501   0.0563   0.0602   0.0076   0.1337   0.1337   0.0005   0.0000  -0.0002   0.0336    0.251
    71   0.4178  -2.2028   0.0000   0.4399   0.0551   0.0575   0.0080   0.1307   0.1307   0.0005   0.0000  -0.0000   0.0327    0.250
    72   0.4204  -2.3268   0.0000   0.4298   0.0525   0.0544   0.0086   0.1266   0.1266   0.0005   0.0000   0.0002   0.0314    0.249
    73   0.4228  -2.4461   0.0000   0.4201   0.0487   0.0508   0.0095   0.1210   0.1210   0.0006   0.0000   0.0005   0.0298    0.246
    74   0.4251  -2.5580   0.0000   0.4110   0.0440   0.0467   0.0106   0.1137   0.1137   0.0006   0.0000   0.0009   0.0275    0.242
    75   0.4272  -2.6596   0.0000   0.4028   0.0384   0.0419   0.0119   0.1040   0.1040   0.0006   0.0000   0.0014   0.0246    0.237
    76   0.4290  -2.7483   0.0000   0.3956   0.0323   0.0362   0.0134   0.0915   0.0915   0.0006   0.0000   0.0019   0.0210    0.229
    77   0.4306  -2.8221   0.0000   0.3896   0.0256   0.0296   0.0149   0.0759   0.0759   0.0006   0.0000   0.0024   0.0166    0.219
    78   0.4317  -2.8791   0.0000   0.3849   0.0185   0.0220   0.0162   0.0571   0.0571   0.0005   0.0000   0.0025   0.0117    0.206
    79   0.4325  -2.9179   0.0000   0.3818   0.0112   0.0136   0.0172   0.0356   0.0356   0.0004   0.0000   0.0021   0.0068    0.192
    80   0.4329  -2.9375   0.0000   0.3802   0.0037   0.0046   0.0179   0.0121   0.0121   0.0002   0.0000   0.0008   0.0022    0.182

  Surface # 5     hstab_panel_0                           
     # Chordwise = 12   # Spanwise = 20     First strip = 81
     Surface area Ssurf =    0.201600     Ave. chord Cave =    0.360000

 Forces referred to Sref, Cref, Bref about Xref, Yref, Zref
 Standard axis orientation,  X fwd, Z down         
     CLsurf  =  -0.00176     Clsurf  =   0.00008
     CYsurf  =  -0.00000     Cmsurf  =   0.00409
     CDsurf  =  -0.00001     Cnsurf  =  -0.00000
     CDisurf =  -0.00001     CDvsurf =   0.00000

 Forces referred to Ssurf, Cave 
     CLsurf  =  -0.02435     CDsurf  =  -0.00011

 Strip Forces referred to Strip Area, Chord
    j     Xle      Yle      Zle      Chord    Area     c_cl     ai     cl_norm    cl       cd       cdv    cm_c/4     cm_LE   C.P.x/c
    81   1.9000   0.0009   0.4500   0.3600   0.0012  -0.0090   0.0024  -0.0251  -0.0251  -0.0002   0.0000  -0.0263  -0.0200   -0.796
    82   1.9000   0.0077   0.4500   0.3600   0.0037  -0.0090   0.0024  -0.0251  -0.0251  -0.0002   0.0000  -0.0263  -0.0200   -0.796
    83   1.9000   0.0213   0.4500   0.3600   0.0061  -0.0090   0.0024  -0.0251  -0.0251  -0.0002   0.0000  -0.0263  -0.0200   -0.796
    84   1.9000   0.0413   0.4500   0.3600   0.0083  -0.0090   0.0024  -0.0251  -0.0251  -0.0002   0.0000  -0.0263  -0.0200   -0.796
    85   1.9000   0.0671   0.4500   0.3600   0.0103  -0.0090   0.0024  -0.0251  -0.0251  -0.0002   0.0000  -0.0263  -0.0200   -0.796
    86   1.9000   0.0982   0.4500   0.3600   0.0120  -0.0090   0.0024  -0.0251  -0.0251  -0.0002   0.0000  -0.0263  -0.0200   -0.798
    87   1.9000   0.1337   0.4500   0.3600   0.0135  -0.0090   0.0025  -0.0250  -0.0250  -0.0002   0.0000  -0.0262  -0.0200   -0.801
    88   1.9000   0.1728   0.4500   0.3600   0.0146  -0.0089   0.0025  -0.0249  -0.0249  -0.0001   0.0000  -0.0262  -0.0200   -0.805
    89   1.9000   0.2146   0.4500   0.3600   0.0154  -0.0089   0.0026  -0.0247  -0.0247  -0.0001   0.0000  -0.0262  -0.0200   -0.811
    90   1.9000   0.2580   0.4500   0.3600   0.0158  -0.0088   0.0027  -0.0244  -0.0244  -0.0001   0.0000  -0.0261  -0.0200   -0.819
    91   1.9000   0.3020   0.4500   0.3600   0.0158  -0.0087   0.0029  -0.0241  -0.0241  -0.0001   0.0000  -0.0260  -0.0200   -0.828
    92   1.9000   0.3454   0.4500   0.3600   0.0154  -0.0086   0.0031  -0.0238  -0.0238  -0.0001   0.0000  -0.0258  -0.0199   -0.835
    93   1.9000   0.3872   0.4500   0.3600   0.0146  -0.0084   0.0035  -0.0235  -0.0235  -0.0001   0.0000  -0.0255  -0.0197   -0.837
    94   1.9000   0.4263   0.4500   0.3600   0.0135  -0.0084   0.0041  -0.0232  -0.0232  -0.0001   0.0000  -0.0250  -0.0192   -0.829
    95   1.9000   0.4618   0.4500   0.3600   0.0120  -0.0083   0.0050  -0.0231  -0.0231  -0.0000   0.0000  -0.0243  -0.0185   -0.803
    96   1.9000   0.4929   0.4500   0.3600   0.0103  -0.0084   0.0062  -0.0232  -0.0232   0.0000   0.0000  -0.0232  -0.0174   -0.748
    97   1.9000   0.5187   0.4500   0.3600   0.0083  -0.0086   0.0076  -0.0238  -0.0238   0.0001   0.0000  -0.0216  -0.0157   -0.657
    98   1.9000   0.5387   0.4500   0.3600   0.0061  -0.0090   0.0090  -0.0249  -0.0249   0.0002   0.0000  -0.0195  -0.0133   -0.533
    99   1.9000   0.5523   0.4500   0.3600   0.0037  -0.0096   0.0103  -0.0266  -0.0266   0.0001   0.0000  -0.0170  -0.0104   -0.391
   100   1.9000   0.5591   0.4500   0.3600   0.0012  -0.0105   0.0110  -0.0292  -0.0292  -0.0031   0.0000  -0.0147  -0.0075   -0.255

  Surface # 6     hstab_panel_0 (YDUP)                    
     # Chordwise = 12   # Spanwise = 20     First strip =101
     Surface area Ssurf =    0.201600     Ave. chord Cave =    0.360000

 Forces referred to Sref, Cref, Bref about Xref, Yref, Zref
 Standard axis orientation,  X fwd, Z down         
     CLsurf  =  -0.00172     Clsurf  =  -0.00008
     CYsurf  =   0.00000     Cmsurf  =   0.00398
     CDsurf  =  -0.00001     Cnsurf  =   0.00000
     CDisurf =  -0.00001     CDvsurf =   0.00000

 Forces referred to Ssurf, Cave 
     CLsurf  =  -0.02380     CDsurf  =  -0.00009

 Strip Forces referred to Strip Area, Chord
    j     Xle      Yle      Zle      Chord    Area     c_cl     ai     cl_norm    cl       cd       cdv    cm_c/4     cm_LE   C.P.x/c
   101   1.9000  -0.0009   0.4500   0.3600   0.0012  -0.0090   0.0024  -0.0251  -0.0251  -0.0002   0.0000  -0.0263   0.0200   -0.796
   102   1.9000  -0.0077   0.4500   0.3600   0.0037  -0.0090   0.0024  -0.0251  -0.0251  -0.0002   0.0000  -0.0263   0.0200   -0.797
   103   1.9000  -0.0213   0.4500   0.3600   0.0061  -0.0090   0.0024  -0.0251  -0.0251  -0.0002   0.0000  -0.0263   0.0200   -0.797
   104   1.9000  -0.0413   0.4500   0.3600   0.0083  -0.0090   0.0024  -0.0251  -0.0251  -0.0002   0.0000  -0.0263   0.0200   -0.798
   105   1.9000  -0.0671   0.4500   0.3600   0.0103  -0.0090   0.0024  -0.0250  -0.0250  -0.0002   0.0000  -0.0263   0.0200   -0.801
   106   1.9000  -0.0982   0.4500   0.3600   0.0120  -0.0090   0.0025  -0.0249  -0.0249  -0.0002   0.0000  -0.0263   0.0200   -0.805
   107   1.9000  -0.1337   0.4500   0.3600   0.0135  -0.0089   0.0025  -0.0247  -0.0247  -0.0001   0.0000  -0.0262   0.0200   -0.810
   108   1.9000  -0.1728   0.4500   0.3600   0.0146  -0.0088   0.0025  -0.0245  -0.0245  -0.0001   0.0000  -0.0262   0.0201   -0.818
   109   1.9000  -0.2146   0.4500   0.3600   0.0154  -0.0087   0.0026  -0.0243  -0.0243  -0.0001   0.0000  -0.0261   0.0201   -0.827
   110   1.9000  -0.2580   0.4500   0.3600   0.0158  -0.0086   0.0028  -0.0239  -0.0239  -0.0001   0.0000  -0.0261   0.0201   -0.839
   111   1.9000  -0.3020   0.4500   0.3600   0.0158  -0.0085   0.0030  -0.0235  -0.0235  -0.0001   0.0000  -0.0259   0.0200   -0.851
   112   1.9000  -0.3454   0.4500   0.3600   0.0154  -0.0083   0.0033  -0.0231  -0.0231  -0.0001   0.0000  -0.0257   0.0199   -0.861
   113   1.9000  -0.3872   0.4500   0.3600   0.0146  -0.0082   0.0037  -0.0227  -0.0227  -0.0001   0.0000  -0.0253   0.0196   -0.865
   114   1.9000  -0.4263   0.4500   0.3600   0.0135  -0.0080   0.0044  -0.0223  -0.0223  -0.0000   0.0000  -0.0247   0.0191   -0.856
   115   1.9000  -0.4618   0.4500   0.3600   0.0120  -0.0080   0.0053  -0.0221  -0.0221  -0.0000   0.0000  -0.0238   0.0182   -0.824
   116   1.9000  -0.4929   0.4500   0.3600   0.0103  -0.0080   0.0065  -0.0223  -0.0223   0.0001   0.0000  -0.0224   0.0169   -0.758
   117   1.9000  -0.5187   0.4500   0.3600   0.0083  -0.0082   0.0078  -0.0228  -0.0228   0.0001   0.0000  -0.0206   0.0149   -0.652
   118   1.9000  -0.5387   0.4500   0.3600   0.0061  -0.0086   0.0092  -0.0239  -0.0239   0.0002   0.0000  -0.0182   0.0122   -0.511
   119   1.9000  -0.5523   0.4500   0.3600   0.0037  -0.0092   0.0104  -0.0255  -0.0255   0.0002   0.0000  -0.0155   0.0091   -0.355
   120   1.9000  -0.5591   0.4500   0.3600   0.0012  -0.0100   0.0111  -0.0280  -0.0280  -0.0022   0.0000  -0.0129   0.0060   -0.213

  Surface # 7     fin_panel_0                             
     # Chordwise = 12   # Spanwise = 20     First strip =121
     Surface area Ssurf =    0.135000     Ave. chord Cave =    0.300000

 Forces referred to Sref, Cref, Bref about Xref, Yref, Zref
 Standard axis orientation,  X fwd, Z down         
     CLsurf  =  -0.00000     Clsurf  =  -0.00005
     CYsurf  =  -0.00092     Cmsurf  =  -0.00000
     CDsurf  =  -0.00000     Cnsurf  =   0.00022
     CDisurf =  -0.00000     CDvsurf =   0.00000

 Forces referred to Ssurf, Cave 
     CLsurf  =  -0.01897     CDsurf  =  -0.00004

 Strip Forces referred to Strip Area, Chord
    j     Xle      Yle      Zle      Chord    Area     c_cl     ai     cl_norm    cl       cd       cdv    cm_c/4     cm_LE   C.P.x/c
   121   1.9000   0.5600   0.4493   0.3000   0.0008  -0.0109  -0.0457  -0.0364  -0.0363   0.0051   0.0000  -0.0178  -0.0087   -0.239
   122   1.9000   0.5600   0.4438   0.3000   0.0025  -0.0105  -0.0167  -0.0350  -0.0350  -0.0001   0.0000  -0.0149  -0.0062   -0.176
   123   1.9000   0.5600   0.4329   0.3000   0.0041  -0.0104  -0.0129  -0.0346  -0.0346  -0.0003   0.0000  -0.0119  -0.0033   -0.095
   124   1.9000   0.5600   0.4168   0.3000   0.0055  -0.0101  -0.0099  -0.0336  -0.0336  -0.0002   0.0000  -0.0092  -0.0008   -0.023
   125   1.9000   0.5600   0.3961   0.3000   0.0069  -0.0096  -0.0070  -0.0320  -0.0320  -0.0002   0.0000  -0.0069   0.0011    0.035
   126   1.9000   0.5600   0.3711   0.3000   0.0081  -0.0090  -0.0046  -0.0299  -0.0299  -0.0002   0.0000  -0.0051   0.0024    0.079
   127   1.9000   0.5600   0.3426   0.3000   0.0090  -0.0082  -0.0029  -0.0274  -0.0274  -0.0001   0.0000  -0.0038   0.0030    0.110
   128   1.9000   0.5600   0.3111   0.3000   0.0098  -0.0074  -0.0016  -0.0248  -0.0248  -0.0001   0.0000  -0.0030   0.0032    0.130
   129   1.9000   0.5600   0.2775   0.3000   0.0103  -0.0067  -0.0006  -0.0222  -0.0222  -0.0001   0.0000  -0.0024   0.0031    0.140
   130   1.9000   0.5600   0.2427   0.3000   0.0106  -0.0059  -0.0000  -0.0197  -0.0196  -0.0000   0.0000  -0.0021   0.0028    0.142
   131   1.9000   0.5600   0.2073   0.3000   0.0106  -0.0052   0.0004  -0.0172  -0.0172  -0.0000   0.0000  -0.0019   0.0024    0.138
   132   1.9000   0.5600   0.1725   0.3000   0.0103  -0.0045   0.0006  -0.0150  -0.0150  -0.0000   0.0000  -0.0018   0.0019    0.128
   133   1.9000   0.5600   0.1389   0.3000   0.0098  -0.0038   0.0008  -0.0128  -0.0128  -0.0000   0.0000  -0.0018   0.0014    0.112
   134   1.9000   0.5600   0.1074   0.3000   0.0090  -0.0032   0.0009  -0.0108  -0.0108  -0.0000   0.0000  -0.0017   0.0010    0.092
   135   1.9000   0.5600   0.0789   0.3000   0.0081  -0.0027   0.0010  -0.0089  -0.0089  -0.0000   0.0000  -0.0016   0.0006    0.067
   136   1.9000   0.5600   0.0539   0.3000   0.0069  -0.0021   0.0012  -0.0071  -0.0071  -0.0000   0.0000  -0.0015   0.0003    0.039
   137   1.9000   0.5600   0.0332   0.3000   0.0055  -0.0016   0.0014  -0.0054  -0.0054  -0.0000   0.0000  -0.0013   0.0001    0.010
   138   1.9000   0.5600   0.0171   0.3000   0.0041  -0.0011   0.0018  -0.0038  -0.0038  -0.0000   0.0000  -0.0010  -0.0001   -0.018
   139   1.9000   0.5600   0.0062   0.3000   0.0025  -0.0007   0.0024  -0.0022  -0.0022   0.0000   0.0000  -0.0006  -0.0001   -0.040
   140   1.9000   0.5600   0.0007   0.3000   0.0008  -0.0002   0.0014  -0.0007  -0.0007   0.0000   0.0000  -0.0002  -0.0000   -0.053

  Surface # 8     fin_panel_0                             
     # Chordwise = 12   # Spanwise = 20     First strip =141
     Surface area Ssurf =    0.135000     Ave. chord Cave =    0.300000

 Forces referred to Sref, Cref, Bref about Xref, Yref, Zref
 Standard axis orientation,  X fwd, Z down         
     CLsurf  =  -0.00000     Clsurf  =   0.00004
     CYsurf  =   0.00088     Cmsurf  =  -0.00000
     CDsurf  =  -0.00000     Cnsurf  =  -0.00022
     CDisurf =  -0.00000     CDvsurf =   0.00000

 Forces referred to Ssurf, Cave 
     CLsurf  =   0.01826     CDsurf  =  -0.00007

 Strip Forces referred to Strip Area, Chord
    j     Xle      Yle      Zle      Chord    Area     c_cl     ai     cl_norm    cl       cd       cdv    cm_c/4     cm_LE   C.P.x/c
   141   1.9000  -0.5600   0.4493   0.3000   0.0008   0.0104   0.0444   0.0348   0.0348   0.0036   0.0000   0.0150   0.0063   -0.182
   142   1.9000  -0.5600   0.4438   0.3000   0.0025   0.0101   0.0168   0.0338   0.0338  -0.0003   0.0000   0.0120   0.0036   -0.106
   143   1.9000  -0.5600   0.4329   0.3000   0.0041   0.0100   0.0131   0.0335   0.0335  -0.0004   0.0000   0.0088   0.0004   -0.013
   144   1.9000  -0.5600   0.4168   0.3000   0.0055   0.0098   0.0099   0.0326   0.0326  -0.0003   0.0000   0.0058  -0.0023    0.072
   145   1.9000  -0.5600   0.3961   0.3000   0.0069   0.0093   0.0070   0.0310   0.0310  -0.0002   0.0000   0.0033  -0.0044    0.143
   146   1.9000  -0.5600   0.3711   0.3000   0.0081   0.0086   0.0045   0.0288   0.0288  -0.0002   0.0000   0.0014  -0.0058    0.201
   147   1.9000  -0.5600   0.3426   0.3000   0.0090   0.0079   0.0027   0.0264   0.0264  -0.0001   0.0000   0.0001  -0.0065    0.248
   148   1.9000  -0.5600   0.3111   0.3000   0.0098   0.0071   0.0013   0.0238   0.0238  -0.0001   0.0000  -0.0008  -0.0068    0.286
   149   1.9000  -0.5600   0.2775   0.3000   0.0103   0.0063   0.0003   0.0212   0.0212  -0.0001   0.0000  -0.0014  -0.0067    0.317
   150   1.9000  -0.5600   0.2427   0.3000   0.0106   0.0056  -0.0003   0.0187   0.0187  -0.0001   0.0000  -0.0017  -0.0064    0.344
   151   1.9000  -0.5600   0.2073   0.3000   0.0106   0.0049  -0.0007   0.0164   0.0164  -0.0000   0.0000  -0.0019  -0.0060    0.367
   152   1.9000  -0.5600   0.1725   0.3000   0.0103   0.0043  -0.0009   0.0142   0.0142  -0.0000   0.0000  -0.0020  -0.0055    0.389
   153   1.9000  -0.5600   0.1389   0.3000   0.0098   0.0037  -0.0010   0.0123   0.0123  -0.0000   0.0000  -0.0020  -0.0050    0.411
   154   1.9000  -0.5600   0.1074   0.3000   0.0090   0.0031  -0.0010   0.0104   0.0104  -0.0000   0.0000  -0.0019  -0.0045    0.432
   155   1.9000  -0.5600   0.0789   0.3000   0.0081   0.0026  -0.0009   0.0087   0.0087  -0.0000   0.0000  -0.0018  -0.0040    0.453
   156   1.9000  -0.5600   0.0539   0.3000   0.0069   0.0021  -0.0008   0.0071   0.0071  -0.0000   0.0000  -0.0016  -0.0034    0.474
   157   1.9000  -0.5600   0.0332   0.3000   0.0055   0.0017  -0.0008   0.0055   0.0055  -0.0000   0.0000  -0.0013  -0.0027    0.493
   158   1.9000  -0.5600   0.0171   0.3000   0.0041   0.0012  -0.0010   0.0039   0.0039  -0.0000   0.0000  -0.0010  -0.0020    0.509
   159   1.9000  -0.5600   0.0062   0.3000   0.0025   0.0007  -0.0015   0.0024   0.0024  -0.0000   0.0000  -0.0006  -0.0012    0.520
   160   1.9000  -0.5600   0.0007   0.3000   0.0008   0.0002  -0.0003   0.0008   0.0008  -0.0000   0.0000  -0.0002  -0.0004    0.526
 ---------------------------------------------------------------
