 ---------------------------------------------------------------
 Surface and Strip Forces by surface

  Sref =  1.7740       Cref = 0.39400       Bref =  4.5000    
  Xref = 0.50000       Yref =  0.0000       Zref =  0.0000    

  Surface # 1     main_wing_panel_0                       
     # Chordwise = 12   # Spanwise = 20     First strip =  1
     Surface area Ssurf =    0.434600     Ave. chord Cave =    0.410000

 Forces referred to Sref, Cref, Bref about Xref, Yref, Zref
 Standard axis orientation,  X fwd, Z down         
     CLsurf  =   0.07262     Clsurf  =  -0.00849
     CYsurf  =   0.00000     Cmsurf  =  -0.00008
     CDsurf  =   0.00044     Cnsurf  =  -0.00001
     CDisurf =   0.00044     CDvsurf =   0.00000

 Forces referred to Ssurf, Cave 
     CLsurf  =   0.29645     CDsurf  =   0.00180

 Strip Forces referred to Strip Area, Chord
    j     Xle      Yle      Zle      Chord    Area     c_cl     ai     cl_norm    cl       cd       cdv    cm_c/4     cm_LE   C.P.x/c
     1   0.4000   0.0016   0.0000   0.4100   0.0027   0.1233   0.0112   0.3006   0.3006   0.0017   0.0000   0.0014  -0.0738    0.245
     2   0.4000   0.0146   0.0000   0.4100   0.0080   0.1233   0.0112   0.3006   0.3006   0.0017   0.0000   0.0014  -0.0738    0.245
     3   0.4000   0.0403   0.0000   0.4100   0.0130   0.1233   0.0112   0.3006   0.3006   0.0017   0.0000   0.0014  -0.0738    0.245
     4   0.4000   0.0781   0.0000   0.4100   0.0178   0.1232   0.0112   0.3006   0.3006   0.0017   0.0000   0.0014  -0.0738    0.245
     5   0.4000   0.1270   0.0000   0.4100   0.0221   0.1232   0.0112   0.3005   0.3005   0.0017   0.0000   0.0014  -0.0737    0.245
     6   0.4000   0.1858   0.0000   0.4100   0.0259   0.1231   0.0112   0.3003   0.3003   0.0017   0.0000   0.0014  -0.0737    0.245
     7   0.4000   0.2531   0.0000   0.4100   0.0291   0.1230   0.0112   0.3000   0.3000   0.0017   0.0000   0.0014  -0.0736    0.245
     8   0.4000   0.3272   0.0000   0.4100   0.0315   0.1228   0.0112   0.2996   0.2996   0.0017   0.0000   0.0014  -0.0735    0.245
     9   0.4000   0.4063   0.0000   0.4100   0.0332   0.1226   0.0111   0.2990   0.2990   0.0017   0.0000   0.0014  -0.0733    0.245
    10   0.4000   0.4884   0.0000   0.4100   0.0340   0.1223   0.0109   0.2983   0.2983   0.0018   0.0000   0.0014  -0.0731    0.245
    11   0.4000   0.5716   0.0000   0.4100   0.0340   0.1219   0.0131   0.2973   0.2973   0.0018   0.0000   0.0015  -0.0729    0.245
    12   0.4000   0.6537   0.0000   0.4100   0.0332   0.1214   0.0128   0.2962   0.2962   0.0018   0.0000   0.0015  -0.0726    0.245
    13   0.4000   0.7328   0.0000   0.4100   0.0315   0.1209   0.0129   0.2949   0.2949   0.0018   0.0000   0.0015  -0.0722    0.245
    14   0.4000   0.8069   0.0000   0.4100   0.0291   0.1203   0.0131   0.2934   0.2934   0.0019   0.0000   0.0016  -0.0718    0.245
    15   0.4000   0.8742   0.0000   0.4100   0.0259   0.1197   0.0134   0.2919   0.2919   0.0019   0.0000   0.0016  -0.0714    0.245
    16   0.4000   0.9330   0.0000   0.4100   0.0221   0.1191   0.0137   0.2904   0.2904   0.0020   0.0000   0.0016  -0.0710    0.244
    17   0.4000   0.9819   0.0000   0.4100   0.0178   0.1185   0.0141   0.2890   0.2890   0.0020   0.0000   0.0017  -0.0706    0.244
    18   0.4000   1.0197   0.0000   0.4100   0.0130   0.1180   0.0144   0.2878   0.2878   0.0021   0.0000   0.0017  -0.0703    0.244
    19   0.4000   1.0454   0.0000   0.4100   0.0080   0.1177   0.0146   0.2870   0.2870   0.0021   0.0000   0.0017  -0.0700    0.244
    20   0.4000   1.0584   0.0000   0.4100   0.0027   0.1175   0.0148   0.2865   0.2865   0.0023   0.0000   0.0017  -0.0699    0.244

  Surface # 2     main_wing_panel_0 (YDUP)                
     # Chordwise = 12   # Spanwise = 20     First strip = 21
     Surface area Ssurf =    0.434600     Ave. chord Cave =    0.410000

 Forces referred to Sref, Cref, Bref about Xref, Yref, Zref
 Standard axis orientation,  X fwd, Z down         
     CLsurf  =   0.07262     Clsurf  =   0.00849
     CYsurf  =   0.00000     Cmsurf  =  -0.00008
     CDsurf  =   0.00044     Cnsurf  =   0.00001
     CDisurf =   0.00044     CDvsurf =   0.00000

 Forces referred to Ssurf, Cave 
     CLsurf  =   0.29645     CDsurf  =   0.00180

 Strip Forces referred to Strip Area, Chord
    j     Xle      Yle      Zle      Chord    Area     c_cl     ai     cl_norm    cl       cd       cdv    cm_c/4     cm_LE   C.P.x/c
    21   0.4000  -0.0016   0.0000   0.4100   0.0027   0.1233   0.0112   0.3006   0.3006   0.0017   0.0000   0.0014   0.0738    0.245
    22   0.4000  -0.0146   0.0000   0.4100   0.0080   0.1233   0.0112   0.3006   0.3006   0.0017   0.0000   0.0014   0.0738    0.245
    23   0.4000  -0.0403   0.0000   0.4100   0.0130   0.1233   0.0112   0.3006   0.3006   0.0017   0.0000   0.0014   0.0738    0.245
    24   0.4000  -0.0781   0.0000   0.4100   0.0178   0.1232   0.0112   0.3006   0.3006   0.0017   0.0000   0.0014   0.0738    0.245
    25   0.4000  -0.1270   0.0000   0.4100   0.0221   0.1232   0.0112   0.3005   0.3005   0.0017   0.0000   0.0014   0.0737    0.245
    26   0.4000  -0.1858   0.0000   0.4100   0.0259   0.1231   0.0112   0.3003   0.3003   0.0017   0.0000   0.0014   0.0737    0.245
    27   0.4000  -0.2531   0.0000   0.4100   0.0291   0.1230   0.0112   0.3000   0.3000   0.0017   0.0000   0.0014   0.0736    0.245
    28   0.4000  -0.3272   0.0000   0.4100   0.0315   0.1228   0.0112   0.2996   0.2996   0.0017   0.0000   0.0014   0.0735    0.245
    29   0.4000  -0.4063   0.0000   0.4100   0.0332   0.1226   0.0111   0.2990   0.2990   0.0017   0.0000   0.0014   0.0733    0.245
    30   0.4000  -0.4884   0.0000   0.4100   0.0340   0.1223   0.0109   0.2983   0.2983   0.0018   0.0000   0.0014   0.0731    0.245
    31   0.4000  -0.5716   0.0000   0.4100   0.0340   0.1219   0.0131   0.2973   0.2973   0.0018   0.0000   0.0015   0.0729    0.245
    32   0.4000  -0.6537   0.0000   0.4100   0.0332   0.1214   0.0128   0.2962   0.2962   0.0018   0.0000   0.0015   0.0726    0.245
    33   0.4000  -0.7328   0.0000   0.4100   0.0315   0.1209   0.0129   0.2949   0.2949   0.0018   0.0000   0.0015   0.0722    0.245
    34   0.4000  -0.8069   0.0000   0.4100   0.0291   0.1203   0.0131   0.2934   0.2934   0.0019   0.0000   0.0016   0.0718    0.245
    35   0.4000  -0.8742   0.0000   0.4100   0.0259   0.1197   0.0134   0.2919   0.2919   0.0019   0.0000   0.0016   0.0714    0.245
    36   0.4000  -0.9330   0.0000   0.4100   0.0221   0.1191   0.0137   0.2904   0.2904   0.0020   0.0000   0.0016   0.0710    0.244
    37   0.4000  -0.9819   0.0000   0.4100   0.0178   0.1185   0.0141   0.2890   0.2890   0.0020   0.0000   0.0017   0.0706    0.244
    38   0.4000  -1.0197   0.0000   0.4100   0.0130   0.1180   0.0144   0.2879   0.2879   0.0021   0.0000   0.0017   0.0703    0.244
    39   0.4000  -1.0454   0.0000   0.4100   0.0080   0.1177   0.0146   0.2870   0.2870   0.0021   0.0000   0.0017   0.0700    0.244
    40   0.4000  -1.0584   0.0000   0.4100   0.0027   0.1175   0.0148   0.2865   0.2865   0.0023   0.0000   0.0017   0.0699    0.244

  Surface # 3     main_wing_panel_1                       
     # Chordwise = 12   # Spanwise = 20     First strip = 41
     Surface area Ssurf =    0.452200     Ave. chord Cave =    0.380000

 Forces referred to Sref, Cref, Bref about Xref, Yref, Zref
 Standard axis orientation,  X fwd, Z down         
     CLsurf  =   0.06234     Clsurf  =  -0.02183
     CYsurf  =   0.00001     Cmsurf  =   0.00059
     CDsurf  =   0.00061     Cnsurf  =   0.00007
     CDisurf =   0.00061     CDvsurf =   0.00000

 Forces referred to Ssurf, Cave 
     CLsurf  =   0.24458     CDsurf  =   0.00238

 Strip Forces referred to Strip Area, Chord
    j     Xle      Yle      Zle      Chord    Area     c_cl     ai     cl_norm    cl       cd       cdv    cm_c/4     cm_LE   C.P.x/c
    41   0.4000   1.0618   0.0000   0.4099   0.0030   0.1174   0.0148   0.2865   0.2865   0.0023   0.0000   0.0018  -0.0699    0.244
    42   0.4002   1.0764   0.0000   0.4092   0.0089   0.1172   0.0147   0.2864   0.2864   0.0021   0.0000   0.0018  -0.0698    0.244
    43   0.4006   1.1053   0.0000   0.4077   0.0146   0.1167   0.0147   0.2862   0.2862   0.0021   0.0000   0.0019  -0.0697    0.243
    44   0.4011   1.1477   0.0000   0.4056   0.0198   0.1159   0.0148   0.2857   0.2857   0.0021   0.0000   0.0020  -0.0694    0.243
    45   0.4018   1.2026   0.0000   0.4028   0.0244   0.1147   0.0149   0.2848   0.2848   0.0021   0.0000   0.0021  -0.0691    0.243
    46   0.4026   1.2686   0.0000   0.3995   0.0284   0.1132   0.0152   0.2835   0.2835   0.0021   0.0000   0.0023  -0.0685    0.242
    47   0.4036   1.3441   0.0000   0.3957   0.0315   0.1114   0.0156   0.2814   0.2814   0.0022   0.0000   0.0026  -0.0678    0.241
    48   0.4046   1.4273   0.0000   0.3915   0.0338   0.1090   0.0161   0.2785   0.2785   0.0022   0.0000   0.0029  -0.0667    0.240
    49   0.4057   1.5161   0.0000   0.3870   0.0351   0.1062   0.0169   0.2743   0.2743   0.0023   0.0000   0.0032  -0.0654    0.238
    50   0.4069   1.6083   0.0000   0.3824   0.0356   0.1027   0.0180   0.2687   0.2687   0.0024   0.0000   0.0036  -0.0635    0.236
    51   0.4081   1.7017   0.0000   0.3776   0.0352   0.0986   0.0194   0.2612   0.2612   0.0025   0.0000   0.0041  -0.0612    0.234
    52   0.4093   1.7939   0.0000   0.3730   0.0339   0.0937   0.0211   0.2512   0.2512   0.0026   0.0000   0.0047  -0.0581    0.231
    53   0.4104   1.8827   0.0000   0.3685   0.0318   0.0877   0.0231   0.2381   0.2381   0.0027   0.0000   0.0053  -0.0542    0.228
    54   0.4114   1.9659   0.0000   0.3643   0.0290   0.0806   0.0255   0.2213   0.2213   0.0028   0.0000   0.0060  -0.0493    0.223
    55   0.4124   2.0414   0.0000   0.3605   0.0256   0.0721   0.0281   0.2000   0.2000   0.0028   0.0000   0.0067  -0.0433    0.217
    56   0.4132   2.1074   0.0000   0.3572   0.0217   0.0620   0.0307   0.1737   0.1737   0.0027   0.0000   0.0072  -0.0362    0.208
    57   0.4139   2.1623   0.0000   0.3544   0.0173   0.0504   0.0332   0.1422   0.1422   0.0025   0.0000   0.0073  -0.0282    0.199
    58   0.4144   2.2047   0.0000   0.3523   0.0126   0.0373   0.0353   0.1058   0.1058   0.0021   0.0000   0.0066  -0.0199    0.188
    59   0.4148   2.2336   0.0000   0.3508   0.0076   0.0229   0.0369   0.0653   0.0653   0.0015   0.0000   0.0047  -0.0116    0.178
    60   0.4150   2.2482   0.0000   0.3501   0.0026   0.0077   0.0379   0.0221   0.0221   0.0006   0.0000   0.0017  -0.0038    0.171

  Surface # 4     main_wing_panel_1 (YDUP)                
     # Chordwise = 12   # Spanwise = 20     First strip = 61
     Surface area Ssurf =    0.452200     Ave. chord Cave =    0.380000

 Forces referred to Sref, Cref, Bref about Xref, Yref, Zref
 Standard axis orientation,  X fwd, Z down         
     CLsurf  =   0.06234     Clsurf  =   0.02183
     CYsurf  =  -0.00001     Cmsurf  =   0.00059
     CDsurf  =   0.00061     Cnsurf  =  -0.00007
     CDisurf =   0.00061     CDvsurf =   0.00000

 Forces referred to Ssurf, Cave 
     CLsurf  =   0.24458     CDsurf  =   0.00238

 Strip Forces referred to Strip Area, Chord
    j     Xle      Yle      Zle      Chord    Area     c_cl     ai     cl_norm    cl       cd       cdv    cm_c/4     cm_LE   C.P.x/c
    61   0.4000  -1.0618   0.0000   0.4099   0.0030   0.1174   0.0148   0.2865   0.2865   0.0023   0.0000   0.0018   0.0699    0.244
    62   0.4002  -1.0764   0.0000   0.4092   0.0089   0.1172   0.0147   0.2864   0.2864   0.0021   0.0000   0.0018   0.0698    0.244
    63   0.4006  -1.1053   0.0000   0.4077   0.0146   0.1167   0.0147   0.2862   0.2862   0.0021   0.0000   0.0019   0.0697    0.243
    64   0.4011  -1.1477   0.0000   0.4056   0.0198   0.1159   0.0148   0.2857   0.2857   0.0021   0.0000   0.0020   0.0694    0.243
    65   0.4018  -1.2026   0.0000   0.4028   0.0244   0.1147   0.0149   0.2848   0.2848   0.0021   0.0000   0.0021   0.0691    0.243
    66   0.4026  -1.2686   0.0000   0.3995   0.0284   0.1132   0.0152   0.2835   0.2835   0.0021   0.0000   0.0023   0.0685    0.242
    67   0.4036  -1.3441   0.0000   0.3957   0.0315   0.1114   0.0156   0.2814   0.2814   0.0022   0.0000   0.0026   0.0678    0.241
    68   0.4046  -1.4273   0.0000   0.3915   0.0338   0.1090   0.0161   0.2785   0.2785   0.0022   0.0000   0.0029   0.0667    0.240
    69   0.4057  -1.5161   0.0000   0.3870   0.0351   0.1062   0.0169   0.2743   0.2743   0.0023   0.0000   0.0032   0.0654    0.238
    70   0.4069  -1.6083   0.0000   0.3824   0.0356   0.1027   0.0180   0.2687   0.2687   0.0024   0.0000   0.0036   0.0635    0.236
    71   0.4081  -1.7017   0.0000   0.3776   0.0352   0.0986   0.0194   0.2612   0.2612   0.0025   0.0000   0.0041   0.0612    0.234
    72   0.4093  -1.7939   0.0000   0.3730   0.0339   0.0937   0.0211   0.2512   0.2512   0.0026   0.0000   0.0047   0.0581    0.231
    73   0.4104  -1.8827   0.0000   0.3685   0.0318   0.0877   0.0231   0.2381   0.2381   0.0027   0.0000   0.0053   0.0542    0.228
    74   0.4114  -1.9659   0.0000   0.3643   0.0290   0.0806   0.0255   0.2213   0.2213   0.0028   0.0000   0.0060   0.0493    0.223
    75   0.4124  -2.0414   0.0000   0.3605   0.0256   0.0721   0.0281   0.2000   0.2000   0.0028   0.0000   0.0067   0.0433    0.217
    76   0.4132  -2.1074   0.0000   0.3572   0.0217   0.0620   0.0307   0.1737   0.1737   0.0027   0.0000   0.0072   0.0362    0.208
    77   0.4139  -2.1623   0.0000   0.3544   0.0173   0.0504   0.0332   0.1422   0.1422   0.0025   0.0000   0.0073   0.0282    0.199
    78   0.4144  -2.2047   0.0000   0.3523   0.0126   0.0373   0.0353   0.1058   0.1058   0.0021   0.0000   0.0066   0.0199    0.188
    79   0.4148  -2.2336   0.0000   0.3508   0.0076   0.0229   0.0369   0.0653   0.0653   0.0015   0.0000   0.0047   0.0116    0.178
    80   0.4150  -2.2482   0.0000   0.3501   0.0026   0.0077   0.0379   0.0221   0.0221   0.0006   0.0000   0.0017   0.0038    0.171

  Surface # 5     hstab_panel_0                           
     # Chordwise = 12   # Spanwise = 20     First strip = 81
     Surface area Ssurf =    0.118800     Ave. chord Cave =    0.220000

 Forces referred to Sref, Cref, Bref about Xref, Yref, Zref
 Standard axis orientation,  X fwd, Z down         
     CLsurf  =   0.00006     Clsurf  =  -0.00000
     CYsurf  =  -0.00000     Cmsurf  =  -0.00051
     CDsurf  =   0.00000     Cnsurf  =   0.00000
     CDisurf =   0.00000     CDvsurf =   0.00000

 Forces referred to Ssurf, Cave 
     CLsurf  =   0.00095     CDsurf  =   0.00001

 Strip Forces referred to Strip Area, Chord
    j     Xle      Yle      Zle      Chord    Area     c_cl     ai     cl_norm    cl       cd       cdv    cm_c/4     cm_LE   C.P.x/c
    81   1.9000   0.0008   0.4000   0.2200   0.0007   0.0005   0.0105   0.0021   0.0021   0.0000   0.0000  -0.0075  -0.0080  999.000
    82   1.9000   0.0075   0.4000   0.2200   0.0022   0.0005   0.0105   0.0021   0.0021   0.0000   0.0000  -0.0075  -0.0080  999.000
    83   1.9000   0.0206   0.4000   0.2200   0.0036   0.0005   0.0105   0.0021   0.0021   0.0000   0.0000  -0.0075  -0.0080  999.000
    84   1.9000   0.0398   0.4000   0.2200   0.0049   0.0005   0.0105   0.0021   0.0021   0.0000   0.0000  -0.0075  -0.0080  999.000
    85   1.9000   0.0647   0.4000   0.2200   0.0061   0.0005   0.0105   0.0020   0.0020   0.0000   0.0000  -0.0075  -0.0080  999.000
    86   1.9000   0.0946   0.4000   0.2200   0.0071   0.0004   0.0105   0.0020   0.0020   0.0000   0.0000  -0.0075  -0.0080  999.000
    87   1.9000   0.1289   0.4000   0.2200   0.0079   0.0004   0.0106   0.0019   0.0019   0.0000   0.0000  -0.0075  -0.0080  999.000
    88   1.9000   0.1667   0.4000   0.2200   0.0086   0.0004   0.0106   0.0019   0.0019   0.0000   0.0000  -0.0075  -0.0080  999.000
    89   1.9000   0.2070   0.4000   0.2200   0.0091   0.0004   0.0106   0.0017   0.0017   0.0000   0.0000  -0.0075  -0.0079  999.000
    90   1.9000   0.2488   0.4000   0.2200   0.0093   0.0003   0.0107   0.0016   0.0016   0.0000   0.0000  -0.0075  -0.0079  999.000
    91   1.9000   0.2912   0.4000   0.2200   0.0093   0.0003   0.0107   0.0013   0.0013   0.0000   0.0000  -0.0075  -0.0078  999.000
    92   1.9000   0.3330   0.4000   0.2200   0.0091   0.0002   0.0108   0.0011   0.0011   0.0000   0.0000  -0.0074  -0.0077  999.000
    93   1.9000   0.3733   0.4000   0.2200   0.0086   0.0002   0.0110   0.0007   0.0007   0.0000   0.0000  -0.0074  -0.0075  999.000
    94   1.9000   0.4111   0.4000   0.2200   0.0079   0.0001   0.0112   0.0003   0.0003   0.0000   0.0000  -0.0073  -0.0074  999.000
    95   1.9000   0.4454   0.4000   0.2200   0.0071  -0.0000   0.0114  -0.0002  -0.0002   0.0000   0.0000  -0.0071  -0.0071  999.000
    96   1.9000   0.4753   0.4000   0.2200   0.0061  -0.0002   0.0117  -0.0007  -0.0007  -0.0000   0.0000  -0.0069  -0.0067  999.000
    97   1.9000   0.5002   0.4000   0.2200   0.0049  -0.0003   0.0122  -0.0014  -0.0014  -0.0000   0.0000  -0.0065  -0.0062  999.000
    98   1.9000   0.5194   0.4000   0.2200   0.0036  -0.0005   0.0127  -0.0022  -0.0022  -0.0000   0.0000  -0.0060  -0.0055  999.000
    99   1.9000   0.5325   0.4000   0.2200   0.0022  -0.0007   0.0133  -0.0031  -0.0031  -0.0000   0.0000  -0.0054  -0.0046  999.000
   100   1.9000   0.5392   0.4000   0.2200   0.0007  -0.0009   0.0137  -0.0040  -0.0040  -0.0001   0.0000  -0.0047  -0.0037   -0.932

  Surface # 6     hstab_panel_0 (YDUP)                    
     # Chordwise = 12   # Spanwise = 20     First strip =101
     Surface area Ssurf =    0.118800     Ave. chord Cave =    0.220000

 Forces referred to Sref, Cref, Bref about Xref, Yref, Zref
 Standard axis orientation,  X fwd, Z down         
     CLsurf  =   0.00007     Clsurf  =   0.00000
     CYsurf  =  -0.00000     Cmsurf  =  -0.00051
     CDsurf  =   0.00000     Cnsurf  =  -0.00000
     CDisurf =   0.00000     CDvsurf =   0.00000

 Forces referred to Ssurf, Cave 
     CLsurf  =   0.00098     CDsurf  =   0.00001

 Strip Forces referred to Strip Area, Chord
    j     Xle      Yle      Zle      Chord    Area     c_cl     ai     cl_norm    cl       cd       cdv    cm_c/4     cm_LE   C.P.x/c
   101   1.9000  -0.0008   0.4000   0.2200   0.0007   0.0005   0.0105   0.0021   0.0021   0.0000   0.0000  -0.0075   0.0080  999.000
   102   1.9000  -0.0075   0.4000   0.2200   0.0022   0.0005   0.0105   0.0021   0.0021   0.0000   0.0000  -0.0075   0.0080  999.000
   103   1.9000  -0.0206   0.4000   0.2200   0.0036   0.0005   0.0105   0.0021   0.0021   0.0000   0.0000  -0.0075   0.0080  999.000
   104   1.9000  -0.0398   0.4000   0.2200   0.0049   0.0005   0.0105   0.0021   0.0021   0.0000   0.0000  -0.0075   0.0080  999.000
   105   1.9000  -0.0647   0.4000   0.2200   0.0061   0.0005   0.0105   0.0021   0.0021   0.0000   0.0000  -0.0075   0.0080  999.000
   106   1.9000  -0.0946   0.4000   0.2200   0.0071   0.0004   0.0105   0.0020   0.0020   0.0000   0.0000  -0.0075   0.0080  999.000
   107   1.9000  -0.1289   0.4000   0.2200   0.0079   0.0004   0.0106   0.0020   0.0020   0.0000   0.0000  -0.0075   0.0080  999.000
   108   1.9000  -0.1667   0.4000   0.2200   0.0086   0.0004   0.0106   0.0019   0.0019   0.0000   0.0000  -0.0075   0.0080  999.000
   109   1.9000  -0.2070   0.4000   0.2200   0.0091   0.0004   0.0106   0.0017   0.0017   0.0000   0.0000  -0.0075   0.0079  999.000
   110   1.9000  -0.2488   0.4000   0.2200   0.0093   0.0003   0.0107   0.0016   0.0016   0.0000   0.0000  -0.0075   0.0079  999.000
   111   1.9000  -0.2912   0.4000   0.2200   0.0093   0.0003   0.0108   0.0014   0.0014   0.0000   0.0000  -0.0075   0.0078  999.000
   112   1.9000  -0.3330   0.4000   0.2200   0.0091   0.0002   0.0109   0.0011   0.0011   0.0000   0.0000  -0.0074   0.0077  999.000
   113   1.9000  -0.3733   0.4000   0.2200   0.0086   0.0002   0.0110   0.0008   0.0008   0.0000   0.0000  -0.0074   0.0076  999.000
   114   1.9000  -0.4111   0.4000   0.2200   0.0079   0.0001   0.0112   0.0004   0.0004   0.0000   0.0000  -0.0073   0.0074  999.000
   115   1.9000  -0.4454   0.4000   0.2200   0.0071  -0.0000   0.0114  -0.0001  -0.0001   0.0000   0.0000  -0.0071   0.0071  999.000
   116   1.9000  -0.4753   0.4000   0.2200   0.0061  -0.0001   0.0117  -0.0007  -0.0007  -0.0000   0.0000  -0.0069   0.0067  999.000
   117   1.9000  -0.5002   0.4000   0.2200   0.0049  -0.0003   0.0122  -0.0013  -0.0013  -0.0000   0.0000  -0.0065   0.0062  999.000
   118   1.9000  -0.5194   0.4000   0.2200   0.0036  -0.0005   0.0127  -0.0021  -0.0021  -0.0000   0.0000  -0.0060   0.0054  999.000
   119   1.9000  -0.5325   0.4000   0.2200   0.0022  -0.0007   0.0133  -0.0030  -0.0030  -0.0000   0.0000  -0.0053   0.0045  999.000
   120   1.9000  -0.5392   0.4000   0.2200   0.0007  -0.0009   0.0137  -0.0039  -0.0039  -0.0001   0.0000  -0.0046   0.0036   -0.917

  Surface # 7     fin_panel_0                             
     # Chordwise = 12   # Spanwise = 20     First strip =121
     Surface area Ssurf =    0.080000     Ave. chord Cave =    0.200000

 Forces referred to Sref, Cref, Bref about Xref, Yref, Zref
 Standard axis orientation,  X fwd, Z down         
     CLsurf  =   0.00000     Clsurf  =  -0.00001
     CYsurf  =  -0.00024     Cmsurf  =  -0.00000
     CDsurf  =  -0.00000     Cnsurf  =   0.00008
     CDisurf =  -0.00000     CDvsurf =   0.00000

 Forces referred to Ssurf, Cave 
     CLsurf  =  -0.00528     CDsurf  =  -0.00001

 Strip Forces referred to Strip Area, Chord
    j     Xle      Yle      Zle      Chord    Area     c_cl     ai     cl_norm    cl       cd       cdv    cm_c/4     cm_LE   C.P.x/c
   121   1.9000   0.5400   0.3994   0.2000   0.0005  -0.0010  -0.0044  -0.0049  -0.0049   0.0000   0.0000  -0.0053  -0.0041   -0.829
   122   1.9000   0.5400   0.3945   0.2000   0.0015  -0.0011  -0.0024  -0.0055  -0.0055  -0.0000   0.0000  -0.0043  -0.0029   -0.532
   123   1.9000   0.5400   0.3848   0.2000   0.0024  -0.0013  -0.0022  -0.0063  -0.0063  -0.0000   0.0000  -0.0033  -0.0017   -0.275
   124   1.9000   0.5400   0.3705   0.2000   0.0033  -0.0014  -0.0018  -0.0069  -0.0069  -0.0000   0.0000  -0.0024  -0.0006   -0.093
   125   1.9000   0.5400   0.3521   0.2000   0.0041  -0.0014  -0.0012  -0.0072  -0.0072  -0.0000   0.0000  -0.0016   0.0002    0.027
   126   1.9000   0.5400   0.3299   0.2000   0.0048  -0.0015  -0.0007  -0.0074  -0.0074  -0.0000   0.0000  -0.0011   0.0008    0.104
   127   1.9000   0.5400   0.3045   0.2000   0.0054  -0.0015  -0.0003  -0.0073  -0.0073  -0.0000   0.0000  -0.0007   0.0011    0.153
   128   1.9000   0.5400   0.2765   0.2000   0.0058  -0.0014  -0.0000  -0.0070  -0.0070  -0.0000   0.0000  -0.0005   0.0013    0.182
   129   1.9000   0.5400   0.2467   0.2000   0.0061  -0.0013   0.0002  -0.0067  -0.0067  -0.0000   0.0000  -0.0003   0.0013    0.199
   130   1.9000   0.5400   0.2157   0.2000   0.0063  -0.0013   0.0004  -0.0063  -0.0063  -0.0000   0.0000  -0.0003   0.0013    0.208
   131   1.9000   0.5400   0.1843   0.2000   0.0063  -0.0011   0.0004  -0.0057  -0.0057  -0.0000   0.0000  -0.0002   0.0012    0.213
   132   1.9000   0.5400   0.1533   0.2000   0.0061  -0.0010   0.0005  -0.0052  -0.0052  -0.0000   0.0000  -0.0002   0.0011    0.213
   133   1.9000   0.5400   0.1235   0.2000   0.0058  -0.0009   0.0006  -0.0046  -0.0046  -0.0000   0.0000  -0.0002   0.0010    0.212
   134   1.9000   0.5400   0.0955   0.2000   0.0054  -0.0008   0.0007  -0.0039  -0.0039  -0.0000   0.0000  -0.0002   0.0008    0.208
   135   1.9000   0.5400   0.0701   0.2000   0.0048  -0.0006   0.0008  -0.0032  -0.0032  -0.0000   0.0000  -0.0001   0.0006    0.204
   136   1.9000   0.5400   0.0479   0.2000   0.0041  -0.0005   0.0010  -0.0025  -0.0025  -0.0000   0.0000  -0.0001   0.0005    0.199
   137   1.9000   0.5400   0.0295   0.2000   0.0033  -0.0004   0.0012  -0.0018  -0.0018  -0.0000   0.0000  -0.0001   0.0004    0.194
   138   1.9000   0.5400   0.0152   0.2000   0.0024  -0.0002   0.0017  -0.0012  -0.0012  -0.0000   0.0000  -0.0001   0.0002    0.188
   139   1.9000   0.5400   0.0055   0.2000   0.0015  -0.0001   0.0015  -0.0007  -0.0007  -0.0000   0.0000  -0.0000   0.0001    0.183
   140   1.9000   0.5400   0.0006   0.2000   0.0005  -0.0000   0.0003  -0.0002  -0.0002  -0.0000   0.0000  -0.0000   0.0000    0.180

  Surface # 8     fin_panel_0                             
     # Chordwise = 12   # Spanwise = 20     First strip =141
     Surface area Ssurf =    0.080000     Ave. chord Cave =    0.200000

 Forces referred to Sref, Cref, Bref about Xref, Yref, Zref
 Standard axis orientation,  X fwd, Z down         
     CLsurf  =   0.00000     Clsurf  =   0.00001
     CYsurf  =   0.00024     Cmsurf  =  -0.00000
     CDsurf  =  -0.00000     Cnsurf  =  -0.00008
     CDisurf =  -0.00000     CDvsurf =   0.00000

 Forces referred to Ssurf, Cave 
     CLsurf  =   0.00526     CDsurf  =  -0.00001

 Strip Forces referred to Strip Area, Chord
    j     Xle      Yle      Zle      Chord    Area     c_cl     ai     cl_norm    cl       cd       cdv    cm_c/4     cm_LE   C.P.x/c
   141   1.9000  -0.5400   0.3994   0.2000   0.0005   0.0010   0.0044   0.0048   0.0048   0.0000   0.0000   0.0051   0.0039   -0.809
   142   1.9000  -0.5400   0.3945   0.2000   0.0015   0.0011   0.0024   0.0055   0.0055  -0.0000   0.0000   0.0042   0.0028   -0.508
   143   1.9000  -0.5400   0.3848   0.2000   0.0024   0.0012   0.0022   0.0062   0.0062  -0.0000   0.0000   0.0031   0.0016   -0.249
   144   1.9000  -0.5400   0.3705   0.2000   0.0033   0.0014   0.0018   0.0069   0.0069  -0.0000   0.0000   0.0022   0.0005   -0.066
   145   1.9000  -0.5400   0.3521   0.2000   0.0041   0.0014   0.0012   0.0072   0.0072  -0.0000   0.0000   0.0014  -0.0004    0.055
   146   1.9000  -0.5400   0.3299   0.2000   0.0048   0.0015   0.0007   0.0073   0.0073  -0.0000   0.0000   0.0009  -0.0010    0.133
   147   1.9000  -0.5400   0.3045   0.2000   0.0054   0.0014   0.0003   0.0072   0.0072  -0.0000   0.0000   0.0005  -0.0013    0.182
   148   1.9000  -0.5400   0.2765   0.2000   0.0058   0.0014  -0.0000   0.0070   0.0070  -0.0000   0.0000   0.0003  -0.0015    0.213
   149   1.9000  -0.5400   0.2467   0.2000   0.0061   0.0013  -0.0002   0.0066   0.0066  -0.0000   0.0000   0.0001  -0.0015    0.232
   150   1.9000  -0.5400   0.2157   0.2000   0.0063   0.0012  -0.0004   0.0062   0.0062  -0.0000   0.0000   0.0000  -0.0015    0.244
   151   1.9000  -0.5400   0.1843   0.2000   0.0063   0.0011  -0.0005   0.0057   0.0057  -0.0000   0.0000  -0.0000  -0.0014    0.251
   152   1.9000  -0.5400   0.1533   0.2000   0.0061   0.0010  -0.0005   0.0051   0.0051  -0.0000   0.0000  -0.0000  -0.0013    0.256
   153   1.9000  -0.5400   0.1235   0.2000   0.0058   0.0009  -0.0006   0.0045   0.0045  -0.0000   0.0000  -0.0000  -0.0012    0.260
   154   1.9000  -0.5400   0.0955   0.2000   0.0054   0.0008  -0.0007   0.0039   0.0039  -0.0000   0.0000  -0.0001  -0.0010    0.264
   155   1.9000  -0.5400   0.0701   0.2000   0.0048   0.0006  -0.0008   0.0032   0.0032  -0.0000   0.0000  -0.0001  -0.0009    0.269
   156   1.9000  -0.5400   0.0479   0.2000   0.0041   0.0005  -0.0009   0.0025   0.0025  -0.0000   0.0000  -0.0001  -0.0007    0.275
   157   1.9000  -0.5400   0.0295   0.2000   0.0033   0.0004  -0.0012   0.0019   0.0019  -0.0000   0.0000  -0.0001  -0.0005    0.284
   158   1.9000  -0.5400   0.0152   0.2000   0.0024   0.0003  -0.0016   0.0013   0.0013  -0.0000   0.0000  -0.0001  -0.0004    0.293
   159   1.9000  -0.5400   0.0055   0.2000   0.0015   0.0001  -0.0014   0.0007   0.0007  -0.0000   0.0000  -0.0000  -0.0002    0.300
   160   1.9000  -0.5400   0.0006   0.2000   0.0005   0.0000  -0.0003   0.0002   0.0002  -0.0000   0.0000  -0.0000  -0.0001    0.304
 ---------------------------------------------------------------
