 ---------------------------------------------------------------
 Surface and Strip Forces by surface

  Sref =  1.7740       Cref = 0.39400       Bref =  4.5000    
  Xref = 0.50000       Yref =  0.0000       Zref =  0.0000    

  Surface # 1     main_wing_panel_0                       
     # Chordwise = 12   # Spanwise = 20     First strip =  1
     Surface area Ssurf =    0.434600     Ave. chord Cave =    0.410000

 Forces referred to Sref, Cref, Bref about Xref, Yref, Zref
 Standard axis orientation,  X fwd, Z down         
     CLsurf  =   0.20114     Clsurf  =  -0.02341
     CYsurf  =  -0.00000     Cmsurf  =   0.00685
     CDsurf  =   0.00342     Cnsurf  =  -0.00188
     CDisurf =   0.00342     CDvsurf =   0.00000

 Forces referred to Ssurf, Cave 
     CLsurf  =   0.82104     CDsurf  =   0.01396

 Strip Forces referred to Strip Area, Chord
    j     Xle      Yle      Zle      Chord    Area     c_cl     ai     cl_norm    cl       cd       cdv    cm_c/4     cm_LE   C.P.x/c
     1   0.4000   0.0016   0.0000   0.4100   0.0027   0.3410   0.0351   0.8344   0.8344   0.0130   0.0000   0.0320  -0.1759    0.212
     2   0.4000   0.0146   0.0000   0.4100   0.0080   0.3410   0.0351   0.8344   0.8344   0.0130   0.0000   0.0320  -0.1759    0.212
     3   0.4000   0.0403   0.0000   0.4100   0.0130   0.3410   0.0351   0.8343   0.8343   0.0131   0.0000   0.0320  -0.1759    0.212
     4   0.4000   0.0781   0.0000   0.4100   0.0178   0.3409   0.0351   0.8342   0.8342   0.0131   0.0000   0.0320  -0.1758    0.212
     5   0.4000   0.1270   0.0000   0.4100   0.0221   0.3408   0.0352   0.8339   0.8339   0.0131   0.0000   0.0320  -0.1758    0.212
     6   0.4000   0.1858   0.0000   0.4100   0.0259   0.3406   0.0352   0.8333   0.8333   0.0131   0.0000   0.0320  -0.1756    0.212
     7   0.4000   0.2531   0.0000   0.4100   0.0291   0.3402   0.0353   0.8324   0.8324   0.0132   0.0000   0.0320  -0.1754    0.212
     8   0.4000   0.3272   0.0000   0.4100   0.0315   0.3396   0.0355   0.8311   0.8311   0.0133   0.0000   0.0320  -0.1751    0.212
     9   0.4000   0.4063   0.0000   0.4100   0.0332   0.3389   0.0356   0.8292   0.8292   0.0134   0.0000   0.0320  -0.1747    0.211
    10   0.4000   0.4884   0.0000   0.4100   0.0340   0.3379   0.0360   0.8267   0.8267   0.0136   0.0000   0.0319  -0.1741    0.211
    11   0.4000   0.5716   0.0000   0.4100   0.0340   0.3367   0.0325   0.8237   0.8237   0.0138   0.0000   0.0319  -0.1734    0.211
    12   0.4000   0.6537   0.0000   0.4100   0.0332   0.3352   0.0334   0.8201   0.8201   0.0140   0.0000   0.0318  -0.1725    0.211
    13   0.4000   0.7328   0.0000   0.4100   0.0315   0.3335   0.0342   0.8160   0.8160   0.0143   0.0000   0.0318  -0.1716    0.211
    14   0.4000   0.8069   0.0000   0.4100   0.0291   0.3317   0.0351   0.8115   0.8115   0.0146   0.0000   0.0317  -0.1705    0.211
    15   0.4000   0.8742   0.0000   0.4100   0.0259   0.3298   0.0361   0.8067   0.8067   0.0149   0.0000   0.0317  -0.1694    0.211
    16   0.4000   0.9330   0.0000   0.4100   0.0221   0.3279   0.0370   0.8020   0.8020   0.0152   0.0000   0.0316  -0.1683    0.211
    17   0.4000   0.9819   0.0000   0.4100   0.0178   0.3261   0.0380   0.7977   0.7977   0.0155   0.0000   0.0315  -0.1673    0.210
    18   0.4000   1.0197   0.0000   0.4100   0.0130   0.3246   0.0388   0.7939   0.7939   0.0159   0.0000   0.0315  -0.1664    0.210
    19   0.4000   1.0454   0.0000   0.4100   0.0080   0.3235   0.0394   0.7912   0.7912   0.0164   0.0000   0.0314  -0.1658    0.210
    20   0.4000   1.0584   0.0000   0.4100   0.0027   0.3229   0.0399   0.7895   0.7895   0.0187   0.0000   0.0314  -0.1655    0.210

  Surface # 2     main_wing_panel_0 (YDUP)                
     # Chordwise = 12   # Spanwise = 20     First strip = 21
     Surface area Ssurf =    0.434600     Ave. chord Cave =    0.410000

 Forces referred to Sref, Cref, Bref about Xref, Yref, Zref
 Standard axis orientation,  X fwd, Z down         
     CLsurf  =   0.20114     Clsurf  =   0.02341
     CYsurf  =  -0.00000     Cmsurf  =   0.00685
     CDsurf  =   0.00342     Cnsurf  =   0.00188
     CDisurf =   0.00342     CDvsurf =   0.00000

 Forces referred to Ssurf, Cave 
     CLsurf  =   0.82104     CDsurf  =   0.01396

 Strip Forces referred to Strip Area, Chord
    j     Xle      Yle      Zle      Chord    Area     c_cl     ai     cl_norm    cl       cd       cdv    cm_c/4     cm_LE   C.P.x/c
    21   0.4000  -0.0016   0.0000   0.4100   0.0027   0.3410   0.0351   0.8344   0.8344   0.0130   0.0000   0.0320   0.1759    0.212
    22   0.4000  -0.0146   0.0000   0.4100   0.0080   0.3410   0.0351   0.8344   0.8344   0.0130   0.0000   0.0320   0.1759    0.212
    23   0.4000  -0.0403   0.0000   0.4100   0.0130   0.3410   0.0351   0.8343   0.8343   0.0131   0.0000   0.0320   0.1759    0.212
    24   0.4000  -0.0781   0.0000   0.4100   0.0178   0.3409   0.0351   0.8342   0.8342   0.0131   0.0000   0.0320   0.1758    0.212
    25   0.4000  -0.1270   0.0000   0.4100   0.0221   0.3408   0.0351   0.8339   0.8339   0.0131   0.0000   0.0320   0.1758    0.212
    26   0.4000  -0.1858   0.0000   0.4100   0.0259   0.3406   0.0352   0.8333   0.8333   0.0131   0.0000   0.0320   0.1756    0.212
    27   0.4000  -0.2531   0.0000   0.4100   0.0291   0.3402   0.0353   0.8324   0.8324   0.0132   0.0000   0.0320   0.1754    0.212
    28   0.4000  -0.3272   0.0000   0.4100   0.0315   0.3396   0.0354   0.8311   0.8311   0.0133   0.0000   0.0320   0.1751    0.211
    29   0.4000  -0.4063   0.0000   0.4100   0.0332   0.3389   0.0355   0.8292   0.8292   0.0134   0.0000   0.0320   0.1747    0.211
    30   0.4000  -0.4884   0.0000   0.4100   0.0340   0.3379   0.0360   0.8267   0.8267   0.0136   0.0000   0.0319   0.1741    0.211
    31   0.4000  -0.5716   0.0000   0.4100   0.0340   0.3367   0.0324   0.8237   0.8237   0.0138   0.0000   0.0319   0.1734    0.211
    32   0.4000  -0.6537   0.0000   0.4100   0.0332   0.3352   0.0335   0.8201   0.8201   0.0140   0.0000   0.0318   0.1725    0.211
    33   0.4000  -0.7328   0.0000   0.4100   0.0315   0.3335   0.0342   0.8160   0.8160   0.0143   0.0000   0.0318   0.1716    0.211
    34   0.4000  -0.8069   0.0000   0.4100   0.0291   0.3317   0.0351   0.8115   0.8115   0.0146   0.0000   0.0317   0.1705    0.211
    35   0.4000  -0.8742   0.0000   0.4100   0.0259   0.3298   0.0361   0.8067   0.8067   0.0149   0.0000   0.0317   0.1694    0.211
    36   0.4000  -0.9330   0.0000   0.4100   0.0221   0.3279   0.0371   0.8020   0.8020   0.0152   0.0000   0.0316   0.1683    0.211
    37   0.4000  -0.9819   0.0000   0.4100   0.0178   0.3261   0.0380   0.7976   0.7976   0.0155   0.0000   0.0315   0.1673    0.210
    38   0.4000  -1.0197   0.0000   0.4100   0.0130   0.3246   0.0388   0.7939   0.7939   0.0159   0.0000   0.0315   0.1664    0.210
    39   0.4000  -1.0454   0.0000   0.4100   0.0080   0.3235   0.0395   0.7912   0.7912   0.0164   0.0000   0.0314   0.1658    0.210
    40   0.4000  -1.0584   0.0000   0.4100   0.0027   0.3229   0.0399   0.7895   0.7895   0.0187   0.0000   0.0314   0.1655    0.210

  Surface # 3     main_wing_panel_1                       
     # Chordwise = 12   # Spanwise = 20     First strip = 41
     Surface area Ssurf =    0.452200     Ave. chord Cave =    0.380000

 Forces referred to Sref, Cref, Bref about Xref, Yref, Zref
 Standard axis orientation,  X fwd, Z down         
     CLsurf  =   0.16983     Clsurf  =  -0.05921
     CYsurf  =  -0.00043     Cmsurf  =   0.00684
     CDsurf  =   0.00441     Cnsurf  =  -0.00416
     CDisurf =   0.00441     CDvsurf =   0.00000

 Forces referred to Ssurf, Cave 
     CLsurf  =   0.66626     CDsurf  =   0.01732

 Strip Forces referred to Strip Area, Chord
    j     Xle      Yle      Zle      Chord    Area     c_cl     ai     cl_norm    cl       cd       cdv    cm_c/4     cm_LE   C.P.x/c
    41   0.4000   1.0618   0.0000   0.4099   0.0030   0.3228   0.0399   0.7894   0.7894   0.0185   0.0000   0.0314  -0.1654    0.210
    42   0.4002   1.0764   0.0000   0.4092   0.0089   0.3221   0.0398   0.7893   0.7893   0.0164   0.0000   0.0315  -0.1653    0.210
    43   0.4006   1.1053   0.0000   0.4077   0.0146   0.3206   0.0399   0.7884   0.7884   0.0161   0.0000   0.0316  -0.1649    0.210
    44   0.4011   1.1477   0.0000   0.4056   0.0198   0.3182   0.0401   0.7868   0.7868   0.0160   0.0000   0.0318  -0.1643    0.210
    45   0.4018   1.2026   0.0000   0.4028   0.0244   0.3149   0.0405   0.7839   0.7839   0.0160   0.0000   0.0320  -0.1634    0.209
    46   0.4026   1.2686   0.0000   0.3995   0.0284   0.3105   0.0413   0.7794   0.7794   0.0162   0.0000   0.0323  -0.1620    0.209
    47   0.4036   1.3441   0.0000   0.3957   0.0315   0.3050   0.0424   0.7728   0.7728   0.0164   0.0000   0.0326  -0.1601    0.208
    48   0.4046   1.4273   0.0000   0.3915   0.0338   0.2981   0.0439   0.7635   0.7635   0.0167   0.0000   0.0328  -0.1575    0.207
    49   0.4057   1.5161   0.0000   0.3870   0.0351   0.2898   0.0460   0.7507   0.7507   0.0172   0.0000   0.0331  -0.1540    0.206
    50   0.4069   1.6083   0.0000   0.3824   0.0356   0.2797   0.0486   0.7334   0.7334   0.0177   0.0000   0.0334  -0.1495    0.204
    51   0.4081   1.7017   0.0000   0.3776   0.0352   0.2678   0.0520   0.7107   0.7107   0.0183   0.0000   0.0336  -0.1436    0.203
    52   0.4093   1.7939   0.0000   0.3730   0.0339   0.2535   0.0561   0.6811   0.6811   0.0189   0.0000   0.0338  -0.1361    0.200
    53   0.4104   1.8827   0.0000   0.3685   0.0318   0.2366   0.0611   0.6431   0.6431   0.0194   0.0000   0.0339  -0.1266    0.197
    54   0.4114   1.9659   0.0000   0.3643   0.0290   0.2164   0.0666   0.5950   0.5950   0.0197   0.0000   0.0338  -0.1147    0.193
    55   0.4124   2.0414   0.0000   0.3605   0.0256   0.1927   0.0727   0.5352   0.5352   0.0194   0.0000   0.0332  -0.1004    0.188
    56   0.4132   2.1074   0.0000   0.3572   0.0217   0.1651   0.0787   0.4627   0.4627   0.0185   0.0000   0.0317  -0.0838    0.181
    57   0.4139   2.1623   0.0000   0.3544   0.0173   0.1336   0.0842   0.3771   0.3771   0.0167   0.0000   0.0288  -0.0654    0.174
    58   0.4144   2.2047   0.0000   0.3523   0.0126   0.0985   0.0888   0.2795   0.2795   0.0138   0.0000   0.0236  -0.0463    0.166
    59   0.4148   2.2336   0.0000   0.3508   0.0076   0.0604   0.0923   0.1720   0.1720   0.0096   0.0000   0.0157  -0.0273    0.158
    60   0.4150   2.2482   0.0000   0.3501   0.0026   0.0204   0.0944   0.0580   0.0580   0.0038   0.0000   0.0056  -0.0089    0.154

  Surface # 4     main_wing_panel_1 (YDUP)                
     # Chordwise = 12   # Spanwise = 20     First strip = 61
     Surface area Ssurf =    0.452200     Ave. chord Cave =    0.380000

 Forces referred to Sref, Cref, Bref about Xref, Yref, Zref
 Standard axis orientation,  X fwd, Z down         
     CLsurf  =   0.16983     Clsurf  =   0.05921
     CYsurf  =   0.00043     Cmsurf  =   0.00684
     CDsurf  =   0.00441     Cnsurf  =   0.00416
     CDisurf =   0.00441     CDvsurf =   0.00000

 Forces referred to Ssurf, Cave 
     CLsurf  =   0.66626     CDsurf  =   0.01732

 Strip Forces referred to Strip Area, Chord
    j     Xle      Yle      Zle      Chord    Area     c_cl     ai     cl_norm    cl       cd       cdv    cm_c/4     cm_LE   C.P.x/c
    61   0.4000  -1.0618   0.0000   0.4099   0.0030   0.3228   0.0399   0.7894   0.7894   0.0185   0.0000   0.0314   0.1654    0.210
    62   0.4002  -1.0764   0.0000   0.4092   0.0089   0.3221   0.0398   0.7893   0.7893   0.0164   0.0000   0.0315   0.1653    0.210
    63   0.4006  -1.1053   0.0000   0.4077   0.0146   0.3206   0.0399   0.7884   0.7884   0.0161   0.0000   0.0316   0.1649    0.210
    64   0.4011  -1.1477   0.0000   0.4056   0.0198   0.3182   0.0401   0.7867   0.7867   0.0160   0.0000   0.0318   0.1643    0.210
    65   0.4018  -1.2026   0.0000   0.4028   0.0244   0.3149   0.0406   0.7839   0.7839   0.0160   0.0000   0.0320   0.1634    0.209
    66   0.4026  -1.2686   0.0000   0.3995   0.0284   0.3105   0.0413   0.7794   0.7794   0.0162   0.0000   0.0323   0.1620    0.209
    67   0.4036  -1.3441   0.0000   0.3957   0.0315   0.3049   0.0424   0.7728   0.7728   0.0164   0.0000   0.0326   0.1601    0.208
    68   0.4046  -1.4273   0.0000   0.3915   0.0338   0.2981   0.0439   0.7635   0.7635   0.0167   0.0000   0.0328   0.1575    0.207
    69   0.4057  -1.5161   0.0000   0.3870   0.0351   0.2898   0.0460   0.7506   0.7506   0.0172   0.0000   0.0331   0.1540    0.206
    70   0.4069  -1.6083   0.0000   0.3824   0.0356   0.2797   0.0486   0.7334   0.7334   0.0177   0.0000   0.0334   0.1495    0.204
    71   0.4081  -1.7017   0.0000   0.3776   0.0352   0.2678   0.0520   0.7107   0.7107   0.0183   0.0000   0.0336   0.1436    0.203
    72   0.4093  -1.7939   0.0000   0.3730   0.0339   0.2535   0.0561   0.6811   0.6811   0.0189   0.0000   0.0338   0.1361    0.200
    73   0.4104  -1.8827   0.0000   0.3685   0.0318   0.2366   0.0611   0.6431   0.6431   0.0194   0.0000   0.0339   0.1266    0.197
    74   0.4114  -1.9659   0.0000   0.3643   0.0290   0.2164   0.0667   0.5950   0.5950   0.0197   0.0000   0.0338   0.1147    0.193
    75   0.4124  -2.0414   0.0000   0.3605   0.0256   0.1927   0.0727   0.5352   0.5352   0.0194   0.0000   0.0332   0.1004    0.188
    76   0.4132  -2.1074   0.0000   0.3572   0.0217   0.1651   0.0787   0.4627   0.4627   0.0185   0.0000   0.0317   0.0838    0.181
    77   0.4139  -2.1623   0.0000   0.3544   0.0173   0.1336   0.0842   0.3771   0.3771   0.0167   0.0000   0.0288   0.0654    0.174
    78   0.4144  -2.2047   0.0000   0.3523   0.0126   0.0985   0.0888   0.2795   0.2795   0.0138   0.0000   0.0236   0.0463    0.166
    79   0.4148  -2.2336   0.0000   0.3508   0.0076   0.0604   0.0923   0.1720   0.1720   0.0096   0.0000   0.0157   0.0273    0.158
    80   0.4150  -2.2482   0.0000   0.3501   0.0026   0.0204   0.0944   0.0580   0.0580   0.0038   0.0000   0.0056   0.0089    0.154

  Surface # 5     hstab_panel_0                           
     # Chordwise = 12   # Spanwise = 20     First strip = 81
     Surface area Ssurf =    0.118800     Ave. chord Cave =    0.220000

 Forces referred to Sref, Cref, Bref about Xref, Yref, Zref
 Standard axis orientation,  X fwd, Z down         
     CLsurf  =   0.00415     Clsurf  =  -0.00023
     CYsurf  =  -0.00000     Cmsurf  =  -0.01378
     CDsurf  =   0.00017     Cnsurf  =  -0.00001
     CDisurf =   0.00017     CDvsurf =   0.00000

 Forces referred to Ssurf, Cave 
     CLsurf  =   0.06192     CDsurf  =   0.00259

 Strip Forces referred to Strip Area, Chord
    j     Xle      Yle      Zle      Chord    Area     c_cl     ai     cl_norm    cl       cd       cdv    cm_c/4     cm_LE   C.P.x/c
    81   1.9000   0.0008   0.4000   0.2200   0.0007   0.0155   0.0342   0.0703   0.0703   0.0028   0.0000   0.0480   0.0305   -0.433
    82   1.9000   0.0075   0.4000   0.2200   0.0022   0.0155   0.0342   0.0704   0.0704   0.0028   0.0000   0.0480   0.0305   -0.433
    83   1.9000   0.0206   0.4000   0.2200   0.0036   0.0155   0.0342   0.0703   0.0703   0.0028   0.0000   0.0480   0.0305   -0.433
    84   1.9000   0.0398   0.4000   0.2200   0.0049   0.0154   0.0342   0.0703   0.0703   0.0028   0.0000   0.0480   0.0305   -0.433
    85   1.9000   0.0647   0.4000   0.2200   0.0061   0.0154   0.0342   0.0701   0.0701   0.0028   0.0000   0.0480   0.0305   -0.435
    86   1.9000   0.0946   0.4000   0.2200   0.0071   0.0154   0.0343   0.0699   0.0699   0.0028   0.0000   0.0481   0.0306   -0.438
    87   1.9000   0.1289   0.4000   0.2200   0.0079   0.0153   0.0343   0.0694   0.0694   0.0028   0.0000   0.0481   0.0307   -0.443
    88   1.9000   0.1667   0.4000   0.2200   0.0086   0.0151   0.0344   0.0687   0.0687   0.0028   0.0000   0.0481   0.0309   -0.450
    89   1.9000   0.2070   0.4000   0.2200   0.0091   0.0149   0.0345   0.0676   0.0676   0.0027   0.0000   0.0481   0.0312   -0.462
    90   1.9000   0.2488   0.4000   0.2200   0.0093   0.0146   0.0347   0.0662   0.0662   0.0027   0.0000   0.0482   0.0316   -0.477
    91   1.9000   0.2912   0.4000   0.2200   0.0093   0.0142   0.0348   0.0644   0.0644   0.0026   0.0000   0.0482   0.0321   -0.498
    92   1.9000   0.3330   0.4000   0.2200   0.0091   0.0136   0.0349   0.0621   0.0621   0.0025   0.0000   0.0482   0.0327   -0.526
    93   1.9000   0.3733   0.4000   0.2200   0.0086   0.0130   0.0348   0.0593   0.0593   0.0025   0.0000   0.0481   0.0333   -0.561
    94   1.9000   0.4111   0.4000   0.2200   0.0079   0.0123   0.0345   0.0560   0.0560   0.0024   0.0000   0.0478   0.0338   -0.603
    95   1.9000   0.4454   0.4000   0.2200   0.0071   0.0115   0.0337   0.0524   0.0524   0.0023   0.0000   0.0471   0.0340   -0.649
    96   1.9000   0.4753   0.4000   0.2200   0.0061   0.0107   0.0323   0.0486   0.0486   0.0023   0.0000   0.0458   0.0337   -0.693
    97   1.9000   0.5002   0.4000   0.2200   0.0049   0.0099   0.0299   0.0450   0.0450   0.0024   0.0000   0.0436   0.0323   -0.718
    98   1.9000   0.5194   0.4000   0.2200   0.0036   0.0093   0.0265   0.0422   0.0422   0.0025   0.0000   0.0401   0.0296   -0.702
    99   1.9000   0.5325   0.4000   0.2200   0.0022   0.0089   0.0226   0.0402   0.0402   0.0028   0.0000   0.0354   0.0253   -0.629
   100   1.9000   0.5392   0.4000   0.2200   0.0007   0.0083   0.0198   0.0381   0.0381  -0.0009   0.0000   0.0293   0.0198   -0.519

  Surface # 6     hstab_panel_0 (YDUP)                    
     # Chordwise = 12   # Spanwise = 20     First strip =101
     Surface area Ssurf =    0.118800     Ave. chord Cave =    0.220000

 Forces referred to Sref, Cref, Bref about Xref, Yref, Zref
 Standard axis orientation,  X fwd, Z down         
     CLsurf  =   0.00410     Clsurf  =   0.00023
     CYsurf  =   0.00000     Cmsurf  =  -0.01359
     CDsurf  =   0.00017     Cnsurf  =   0.00001
     CDisurf =   0.00017     CDvsurf =   0.00000

 Forces referred to Ssurf, Cave 
     CLsurf  =   0.06115     CDsurf  =   0.00259

 Strip Forces referred to Strip Area, Chord
    j     Xle      Yle      Zle      Chord    Area     c_cl     ai     cl_norm    cl       cd       cdv    cm_c/4     cm_LE   C.P.x/c
   101   1.9000  -0.0008   0.4000   0.2200   0.0007   0.0155   0.0342   0.0703   0.0703   0.0028   0.0000   0.0480  -0.0305   -0.433
   102   1.9000  -0.0075   0.4000   0.2200   0.0022   0.0155   0.0342   0.0703   0.0703   0.0028   0.0000   0.0480  -0.0305   -0.433
   103   1.9000  -0.0206   0.4000   0.2200   0.0036   0.0155   0.0342   0.0703   0.0703   0.0028   0.0000   0.0480  -0.0305   -0.433
   104   1.9000  -0.0398   0.4000   0.2200   0.0049   0.0154   0.0342   0.0702   0.0702   0.0028   0.0000   0.0480  -0.0305   -0.434
   105   1.9000  -0.0647   0.4000   0.2200   0.0061   0.0154   0.0342   0.0700   0.0700   0.0028   0.0000   0.0480  -0.0306   -0.436
   106   1.9000  -0.0946   0.4000   0.2200   0.0071   0.0153   0.0343   0.0697   0.0697   0.0028   0.0000   0.0481  -0.0307   -0.440
   107   1.9000  -0.1289   0.4000   0.2200   0.0079   0.0152   0.0343   0.0691   0.0691   0.0028   0.0000   0.0481  -0.0308   -0.445
   108   1.9000  -0.1667   0.4000   0.2200   0.0086   0.0150   0.0344   0.0683   0.0683   0.0027   0.0000   0.0481  -0.0310   -0.454
   109   1.9000  -0.2070   0.4000   0.2200   0.0091   0.0148   0.0346   0.0672   0.0672   0.0027   0.0000   0.0481  -0.0314   -0.467
   110   1.9000  -0.2488   0.4000   0.2200   0.0093   0.0144   0.0347   0.0656   0.0656   0.0027   0.0000   0.0482  -0.0318   -0.484
   111   1.9000  -0.2912   0.4000   0.2200   0.0093   0.0140   0.0348   0.0636   0.0636   0.0026   0.0000   0.0482  -0.0323   -0.507
   112   1.9000  -0.3330   0.4000   0.2200   0.0091   0.0134   0.0348   0.0611   0.0611   0.0025   0.0000   0.0482  -0.0329   -0.538
   113   1.9000  -0.3733   0.4000   0.2200   0.0086   0.0128   0.0347   0.0581   0.0581   0.0024   0.0000   0.0480  -0.0335   -0.576
   114   1.9000  -0.4111   0.4000   0.2200   0.0079   0.0120   0.0342   0.0546   0.0546   0.0024   0.0000   0.0476  -0.0339   -0.621
   115   1.9000  -0.4454   0.4000   0.2200   0.0071   0.0112   0.0333   0.0508   0.0508   0.0023   0.0000   0.0467  -0.0340   -0.669
   116   1.9000  -0.4753   0.4000   0.2200   0.0061   0.0103   0.0316   0.0469   0.0469   0.0023   0.0000   0.0451  -0.0333   -0.710
   117   1.9000  -0.5002   0.4000   0.2200   0.0049   0.0096   0.0291   0.0434   0.0434   0.0024   0.0000   0.0423  -0.0315   -0.724
   118   1.9000  -0.5194   0.4000   0.2200   0.0036   0.0090   0.0258   0.0408   0.0408   0.0026   0.0000   0.0382  -0.0280   -0.688
   119   1.9000  -0.5325   0.4000   0.2200   0.0022   0.0086   0.0221   0.0392   0.0392   0.0029   0.0000   0.0329  -0.0231   -0.590
   120   1.9000  -0.5392   0.4000   0.2200   0.0007   0.0082   0.0196   0.0375   0.0375  -0.0004   0.0000   0.0265  -0.0172   -0.457

  Surface # 7     fin_panel_0                             
     # Chordwise = 12   # Spanwise = 20     First strip =121
     Surface area Ssurf =    0.080000     Ave. chord Cave =    0.200000

 Forces referred to Sref, Cref, Bref about Xref, Yref, Zref
 Standard axis orientation,  X fwd, Z down         
     CLsurf  =   0.00000     Clsurf  =   0.00005
     CYsurf  =   0.00078     Cmsurf  =  -0.00000
     CDsurf  =  -0.00000     Cnsurf  =  -0.00024
     CDisurf =  -0.00000     CDvsurf =   0.00000

 Forces referred to Ssurf, Cave 
     CLsurf  =   0.01740     CDsurf  =  -0.00006

 Strip Forces referred to Strip Area, Chord
    j     Xle      Yle      Zle      Chord    Area     c_cl     ai     cl_norm    cl       cd       cdv    cm_c/4     cm_LE   C.P.x/c
   121   1.9000   0.5400   0.3994   0.2000   0.0005   0.0082   0.0308   0.0416   0.0412   0.0059   0.0000   0.0324   0.0221   -0.537
   122   1.9000   0.5400   0.3945   0.2000   0.0015   0.0088   0.0176   0.0447   0.0442  -0.0010   0.0000   0.0269   0.0158   -0.357
   123   1.9000   0.5400   0.3848   0.2000   0.0024   0.0089   0.0160   0.0448   0.0444  -0.0008   0.0000   0.0197   0.0087   -0.195
   124   1.9000   0.5400   0.3705   0.2000   0.0033   0.0085   0.0129   0.0430   0.0426  -0.0005   0.0000   0.0134   0.0028   -0.066
   125   1.9000   0.5400   0.3521   0.2000   0.0041   0.0078   0.0090   0.0394   0.0390  -0.0003   0.0000   0.0087  -0.0011    0.027
   126   1.9000   0.5400   0.3299   0.2000   0.0048   0.0068   0.0056   0.0344   0.0341  -0.0002   0.0000   0.0055  -0.0030    0.089
   127   1.9000   0.5400   0.3045   0.2000   0.0054   0.0057   0.0030   0.0289   0.0286  -0.0001   0.0000   0.0036  -0.0036    0.126
   128   1.9000   0.5400   0.2765   0.2000   0.0058   0.0047   0.0012   0.0235   0.0233  -0.0000   0.0000   0.0025  -0.0033    0.142
   129   1.9000   0.5400   0.2467   0.2000   0.0061   0.0037   0.0002   0.0187   0.0185  -0.0000   0.0000   0.0020  -0.0026    0.140
   130   1.9000   0.5400   0.2157   0.2000   0.0063   0.0029  -0.0004   0.0146   0.0145  -0.0000   0.0000   0.0019  -0.0017    0.120
   131   1.9000   0.5400   0.1843   0.2000   0.0063   0.0023  -0.0006   0.0114   0.0113   0.0000   0.0000   0.0019  -0.0009    0.083
   132   1.9000   0.5400   0.1533   0.2000   0.0061   0.0017  -0.0005   0.0088   0.0087   0.0000   0.0000   0.0020  -0.0002    0.027
   133   1.9000   0.5400   0.1235   0.2000   0.0058   0.0014  -0.0003   0.0069   0.0069   0.0000   0.0000   0.0020   0.0003   -0.047
   134   1.9000   0.5400   0.0955   0.2000   0.0054   0.0011  -0.0000   0.0056   0.0055   0.0000   0.0000   0.0021   0.0007   -0.135
   135   1.9000   0.5400   0.0701   0.2000   0.0048   0.0009   0.0004   0.0045   0.0045   0.0000   0.0000   0.0022   0.0010   -0.230
   136   1.9000   0.5400   0.0479   0.2000   0.0041   0.0007   0.0009   0.0037   0.0037   0.0000   0.0000   0.0021   0.0012   -0.323
   137   1.9000   0.5400   0.0295   0.2000   0.0033   0.0006   0.0017   0.0030   0.0030   0.0000   0.0000   0.0019   0.0012   -0.408
   138   1.9000   0.5400   0.0152   0.2000   0.0024   0.0004   0.0030   0.0022   0.0022   0.0000   0.0000   0.0016   0.0010   -0.480
   139   1.9000   0.5400   0.0055   0.2000   0.0015   0.0003   0.0024   0.0014   0.0013   0.0000   0.0000   0.0011   0.0007   -0.535
   140   1.9000   0.5400   0.0006   0.2000   0.0005   0.0001  -0.0013   0.0005   0.0005   0.0000   0.0000   0.0004   0.0003   -0.566

  Surface # 8     fin_panel_0                             
     # Chordwise = 12   # Spanwise = 20     First strip =141
     Surface area Ssurf =    0.080000     Ave. chord Cave =    0.200000

 Forces referred to Sref, Cref, Bref about Xref, Yref, Zref
 Standard axis orientation,  X fwd, Z down         
     CLsurf  =   0.00000     Clsurf  =  -0.00005
     CYsurf  =  -0.00075     Cmsurf  =  -0.00000
     CDsurf  =  -0.00000     Cnsurf  =   0.00024
     CDisurf =  -0.00000     CDvsurf =   0.00000

 Forces referred to Ssurf, Cave 
     CLsurf  =  -0.01667     CDsurf  =  -0.00010

 Strip Forces referred to Strip Area, Chord
    j     Xle      Yle      Zle      Chord    Area     c_cl     ai     cl_norm    cl       cd       cdv    cm_c/4     cm_LE   C.P.x/c
   141   1.9000  -0.5400   0.3994   0.2000   0.0005  -0.0082  -0.0310  -0.0411  -0.0408   0.0050   0.0000  -0.0287  -0.0185   -0.453
   142   1.9000  -0.5400   0.3945   0.2000   0.0015  -0.0087  -0.0183  -0.0438  -0.0434  -0.0012   0.0000  -0.0226  -0.0117   -0.270
   143   1.9000  -0.5400   0.3848   0.2000   0.0024  -0.0087  -0.0165  -0.0439  -0.0435  -0.0009   0.0000  -0.0150  -0.0042   -0.096
   144   1.9000  -0.5400   0.3705   0.2000   0.0033  -0.0083  -0.0132  -0.0420  -0.0416  -0.0006   0.0000  -0.0084   0.0020    0.048
   145   1.9000  -0.5400   0.3521   0.2000   0.0041  -0.0076  -0.0092  -0.0383  -0.0379  -0.0004   0.0000  -0.0034   0.0061    0.161
   146   1.9000  -0.5400   0.3299   0.2000   0.0048  -0.0066  -0.0056  -0.0332  -0.0329  -0.0002   0.0000   0.0000   0.0082    0.250
   147   1.9000  -0.5400   0.3045   0.2000   0.0054  -0.0055  -0.0028  -0.0277  -0.0274  -0.0001   0.0000   0.0020   0.0089    0.325
   148   1.9000  -0.5400   0.2765   0.2000   0.0058  -0.0044  -0.0010  -0.0222  -0.0220  -0.0001   0.0000   0.0031   0.0087    0.393
   149   1.9000  -0.5400   0.2467   0.2000   0.0061  -0.0035   0.0001  -0.0174  -0.0173  -0.0001   0.0000   0.0037   0.0080    0.462
   150   1.9000  -0.5400   0.2157   0.2000   0.0063  -0.0027   0.0007  -0.0134  -0.0133  -0.0000   0.0000   0.0038   0.0072    0.539
   151   1.9000  -0.5400   0.1843   0.2000   0.0063  -0.0020   0.0009  -0.0103  -0.0102  -0.0000   0.0000   0.0038   0.0064    0.629
   152   1.9000  -0.5400   0.1533   0.2000   0.0061  -0.0016   0.0008  -0.0079  -0.0078  -0.0000   0.0000   0.0038   0.0057    0.729
   153   1.9000  -0.5400   0.1235   0.2000   0.0058  -0.0012   0.0005  -0.0063  -0.0062  -0.0000   0.0000   0.0036   0.0052    0.830
   154   1.9000  -0.5400   0.0955   0.2000   0.0054  -0.0010   0.0001  -0.0052  -0.0052  -0.0000   0.0000   0.0034   0.0047    0.910
   155   1.9000  -0.5400   0.0701   0.2000   0.0048  -0.0009  -0.0006  -0.0046  -0.0045  -0.0000   0.0000   0.0032   0.0043    0.950
   156   1.9000  -0.5400   0.0479   0.2000   0.0041  -0.0008  -0.0015  -0.0041  -0.0040  -0.0000   0.0000   0.0028   0.0038    0.950
   157   1.9000  -0.5400   0.0295   0.2000   0.0033  -0.0007  -0.0028  -0.0035  -0.0035  -0.0000   0.0000   0.0024   0.0032    0.928
   158   1.9000  -0.5400   0.0152   0.2000   0.0024  -0.0006  -0.0045  -0.0028  -0.0028  -0.0000   0.0000   0.0018   0.0025    0.901
   159   1.9000  -0.5400   0.0055   0.2000   0.0015  -0.0004  -0.0043  -0.0018  -0.0018  -0.0000   0.0000   0.0011   0.0016    0.880
   160   1.9000  -0.5400   0.0006   0.2000   0.0005  -0.0001  -0.0008  -0.0006  -0.0006  -0.0000   0.0000   0.0004   0.0005    0.870
 ---------------------------------------------------------------
