 ---------------------------------------------------------------
 Vortex Lattice Output -- Total Forces

 Configuration: MACE2                                                       
     # Surfaces =   8
     # Strips   = 160
     # Vortices =1920

  Sref =  1.7740       Cref = 0.39400       Bref =  4.5000    
  Xref = 0.50000       Yref =  0.0000       Zref =  0.0000    

 Standard axis orientation,  X fwd, Z down         

 Run case: u_09_sl                                 

  Alpha =  11.74500     pb/2V =  -0.00000     p'b/2V =  -0.00000
  Beta  =   0.00000     qc/2V =   0.00000
  Mach  =     0.000     rb/2V =  -0.00000     r'b/2V =  -0.00000

  CXtot =   0.22223     Cltot =  -0.00000     Cl'tot =  -0.00000
  CYtot =   0.00000     Cmtot =  -0.00000
  CZtot =  -1.31598     Cntot =  -0.00000     Cn'tot =  -0.00000

  CLtot =   1.33367
  CDtot =   0.05030
  CDvis =   0.00000     CDind = 0.0503032
  CLff  =   1.34429     CDff  = 0.0513007    | Trefftz
  CYff  =   0.00000         e =    0.9823    | Plane  

   elevator        = -10.53780
   rudder          =  -0.00152

 ---------------------------------------------------------------
