 ---------------------------------------------------------------
 Vortex Lattice Output -- Total Forces

 Configuration: MACE2                                                       
     # Surfaces =   8
     # Strips   = 160
     # Vortices =1920

  Sref =  2.7910       Cref = 0.47500       Bref =  5.8800    
  Xref = 0.50000       Yref =  0.0000       Zref =  0.0000    

 Standard axis orientation,  X fwd, Z down         

 Run case: u_12_6000m                              

  Alpha =   6.19912     pb/2V =  -0.00000     p'b/2V =  -0.00000
  Beta  =   0.00000     qc/2V =  -0.00000
  Mach  =     0.000     rb/2V =  -0.00000     r'b/2V =  -0.00000

  CXtot =   0.07060     Cltot =  -0.00000     Cl'tot =  -0.00000
  CYtot =   0.00003     Cmtot =   0.00000
  CZtot =  -0.81068     Cntot =  -0.00000     Cn'tot =   0.00000

  CLtot =   0.81356
  CDtot =   0.01735
  CDvis =   0.00000     CDind = 0.0173536
  CLff  =   0.81549     CDff  = 0.0174274    | Trefftz
  CYff  =   0.00004         e =    0.9805    | Plane  

   elevator        =  -6.61875
   rudder          =  -0.17502

 ---------------------------------------------------------------
