 ---------------------------------------------------------------
 Vortex Lattice Output -- Total Forces

 Configuration: MACE2                                                       
     # Surfaces =   8
     # Strips   = 160
     # Vortices =1920

  Sref =  2.7910       Cref = 0.47500       Bref =  5.8800    
  Xref = 0.50000       Yref =  0.0000       Zref =  0.0000    

 Standard axis orientation,  X fwd, Z down         

 Run case: u_21_6000m                              

  Alpha =   0.34265     pb/2V =  -0.00000     p'b/2V =  -0.00000
  Beta  =   0.00000     qc/2V =  -0.00000
  Mach  =     0.000     rb/2V =  -0.00000     r'b/2V =  -0.00000

  CXtot =  -0.00029     Cltot =   0.00000     Cl'tot =   0.00000
  CYtot =  -0.00002     Cmtot =  -0.00000
  CZtot =  -0.26566     Cntot =   0.00000     Cn'tot =   0.00000

  CLtot =   0.26565
  CDtot =   0.00188
  CDvis =   0.00000     CDind = 0.0018824
  CLff  =   0.26567     CDff  = 0.0018768    | Trefftz
  CYff  =  -0.00002         e =    0.9663    | Plane  

   elevator        =   0.15407
   rudder          =   0.11063

 ---------------------------------------------------------------
