 ---------------------------------------------------------------
 Vortex Lattice Output -- Total Forces

 Configuration: MACE2                                                       
     # Surfaces =   8
     # Strips   = 160
     # Vortices =1920

  Sref =  1.7740       Cref = 0.39400       Bref =  4.5000    
  Xref = 0.50000       Yref =  0.0000       Zref =  0.0000    

 Standard axis orientation,  X fwd, Z down         

 Run case: u_18_sl                                 

  Alpha =   1.11105     pb/2V =  -0.00000     p'b/2V =  -0.00000
  Beta  =   0.00000     qc/2V =  -0.00000
  Mach  =     0.000     rb/2V =  -0.00000     r'b/2V =  -0.00000

  CXtot =   0.00328     Cltot =  -0.00000     Cl'tot =  -0.00000
  CYtot =   0.00001     Cmtot =  -0.00000
  CZtot =  -0.33342     Cntot =  -0.00000     Cn'tot =  -0.00000

  CLtot =   0.33342
  CDtot =   0.00319
  CDvis =   0.00000     CDind = 0.0031874
  CLff  =   0.33348     CDff  = 0.0031872    | Trefftz
  CYff  =   0.00001         e =    0.9730    | Plane  

   elevator        =  -0.12551
   rudder          =  -0.05891

 ---------------------------------------------------------------
