 ---------------------------------------------------------------
 Vortex Lattice Output -- Total Forces

 Configuration: MACE2                                                       
     # Surfaces =   8
     # Strips   = 160
     # Vortices =1920

  Sref =  2.7910       Cref = 0.47500       Bref =  5.8800    
  Xref = 0.50000       Yref =  0.0000       Zref =  0.0000    

 Standard axis orientation,  X fwd, Z down         

 Run case: u_20_6000m                              

  Alpha =   0.65751     pb/2V =  -0.00000     p'b/2V =  -0.00000
  Beta  =   0.00000     qc/2V =  -0.00000
  Mach  =     0.000     rb/2V =  -0.00000     r'b/2V =  -0.00000

  CXtot =   0.00108     Cltot =   0.00000     Cl'tot =   0.00000
  CYtot =  -0.00002     Cmtot =  -0.00000
  CZtot =  -0.29289     Cntot =   0.00000     Cn'tot =   0.00000

  CLtot =   0.29288
  CDtot =   0.00228
  CDvis =   0.00000     CDind = 0.0022816
  CLff  =   0.29291     CDff  = 0.0022753    | Trefftz
  CYff  =  -0.00002         e =    0.9689    | Plane  

   elevator        =  -0.23272
   rudder          =   0.09961

 ---------------------------------------------------------------
