 ---------------------------------------------------------------
 Vortex Lattice Output -- Total Forces

 Configuration: MACE2                                                       
     # Surfaces =   8
     # Strips   = 160
     # Vortices =1920

  Sref =  2.7910       Cref = 0.47500       Bref =  5.8800    
  Xref = 0.50000       Yref =  0.0000       Zref =  0.0000    

 Standard axis orientation,  X fwd, Z down         

 Run case: u_28_6000m                              

  Alpha =  -1.07962     pb/2V =  -0.00000     p'b/2V =  -0.00000
  Beta  =   0.00000     qc/2V =   0.00000
  Mach  =     0.000     rb/2V =  -0.00000     r'b/2V =  -0.00000

  CXtot =  -0.00342     Cltot =   0.00000     Cl'tot =   0.00000
  CYtot =  -0.00003     Cmtot =   0.00000
  CZtot =  -0.14939     Cntot =  -0.00000     Cn'tot =   0.00000

  CLtot =   0.14943
  CDtot =   0.00060
  CDvis =   0.00000     CDind = 0.0006000
  CLff  =   0.14943     CDff  = 0.0005969    | Trefftz
  CYff  =  -0.00003         e =    0.9613    | Plane  

   elevator        =   2.06124
   rudder          =   0.17681

 ---------------------------------------------------------------
