 ---------------------------------------------------------------
 Vortex Lattice Output -- Total Forces

 Configuration: MACE0                                                       
     # Surfaces =  10
     # Strips   = 200
     # Vortices =2400

  Sref =  1.2850       Cref = 0.25900       Bref =  4.9540    
  Xref = 0.50000       Yref =  0.0000       Zref =  0.0000    

 Standard axis orientation,  X fwd, Z down         

 Run case: u_10                                    

  Alpha =   3.10238     pb/2V =  -0.00000     p'b/2V =  -0.00000
  Beta  =   0.00000     qc/2V =   0.00000
  Mach  =     0.000     rb/2V =  -0.00000     r'b/2V =  -0.00000

  CXtot =   0.02498     Cltot =  -0.00003     Cl'tot =  -0.00003
  CYtot =   0.00004     Cmtot =  -0.00000
  CZtot =  -0.56024     Cntot =  -0.00000     Cn'tot =  -0.00000

  CLtot =   0.56077
  CDtot =   0.00538
  CDvis =   0.00000     CDind = 0.0053808
  CLff  =   0.56105     CDff  = 0.0045126    | Trefftz
  CYff  =   0.00004         e =    1.1626    | Plane  

   elevator        =   0.00617
   rudder          =  -0.55198

 ---------------------------------------------------------------

 Stability-axis derivatives...

                             alpha                beta
                  ----------------    ----------------
 z' force CL |    CLa =   6.798382    CLb =  -0.030844
 y  force CY |    CYa =   0.024519    CYb =  -0.266818
 x' mom.  Cl'|    Cla =  -0.000327    Clb =  -0.015885
 y  mom.  Cm |    Cma =  -0.807424    Cmb =   0.149354
 z' mom.  Cn'|    Cna =  -0.006628    Cnb =   0.073127

                     roll rate  p'      pitch rate  q'        yaw rate  r'
                  ----------------    ----------------    ----------------
 z' force CL |    CLp =   0.002986    CLq =  11.142945    CLr =   0.017026
 y  force CY |    CYp =   0.048928    CYq =   0.333069    CYr =   0.147274
 x' mom.  Cl'|    Clp =  -0.774829    Clq =  -0.004711    Clr =   0.136677
 y  mom.  Cm |    Cmp =  -0.014496    Cmq = -24.564470    Cmr =  -0.082457
 z' mom.  Cn'|    Cnp =  -0.054730    Cnq =  -0.090449    Cnr =  -0.042248

                  elevator     d01     rudder       d02 
                  ----------------    ----------------
 z' force CL |   CLd01 =   0.005188   CLd02 =   0.000282
 y  force CY |   CYd01 =   0.000216   CYd02 =   0.002844
 x' mom.  Cl'|   Cld01 =   0.000000   Cld02 =   0.000088
 y  mom.  Cm |   Cmd01 =  -0.025675   Cmd02 =  -0.001379
 z' mom.  Cn'|   Cnd01 =  -0.000059   Cnd02 =  -0.000788
 Trefftz drag| CDffd01 =  -0.000166 CDffd02 =   0.000111
 span eff.   |    ed01 =   0.064345    ed02 =  -0.027330



 Neutral point  Xnp =   0.530761

 Clb Cnr / Clr Cnb  =   0.067144    (  > 1 if spirally stable )
