 ---------------------------------------------------------------
 Vortex Lattice Output -- Total Forces

 Configuration: MACE0                                                       
     # Surfaces =  10
     # Strips   = 200
     # Vortices =2400

  Sref =  1.2850       Cref = 0.25900       Bref =  4.9540    
  Xref = 0.50000       Yref =  0.0000       Zref =  0.0000    

 Standard axis orientation,  X fwd, Z down         

 Run case: u_19                                    

  Alpha =  -1.03651     pb/2V =  -0.00000     p'b/2V =  -0.00000
  Beta  =   0.00000     qc/2V =   0.00000
  Mach  =     0.000     rb/2V =  -0.00000     r'b/2V =  -0.00000

  CXtot =  -0.00323     Cltot =   0.00000     Cl'tot =   0.00000
  CYtot =  -0.00000     Cmtot =  -0.00000
  CZtot =  -0.15530     Cntot =  -0.00000     Cn'tot =  -0.00000

  CLtot =   0.15534
  CDtot =   0.00042
  CDvis =   0.00000     CDind = 0.0004191
  CLff  =   0.15533     CDff  = 0.0003034    | Trefftz
  CYff  =  -0.00000         e =    1.3252    | Plane  

   elevator        =   2.66739
   rudder          =  -0.01490

 ---------------------------------------------------------------

 Stability-axis derivatives...

                             alpha                beta
                  ----------------    ----------------
 z' force CL |    CLa =   6.128752    CLb =  -0.032946
 y  force CY |    CYa =   0.027972    CYb =  -0.278866
 x' mom.  Cl'|    Cla =   0.000230    Clb =  -0.011148
 y  mom.  Cm |    Cma =  -1.287966    Cmb =   0.160693
 z' mom.  Cn'|    Cna =  -0.007577    Cnb =   0.074961

                     roll rate  p'      pitch rate  q'        yaw rate  r'
                  ----------------    ----------------    ----------------
 z' force CL |    CLp =   0.001658    CLq =  10.156179    CLr =   0.018368
 y  force CY |    CYp =   0.023345    CYq =   0.365863    CYr =   0.156316
 x' mom.  Cl'|    Clp =  -0.715542    Clq =   0.002707    Clr =   0.041103
 y  mom.  Cm |    Cmp =  -0.008131    Cmq = -25.969231    Cmr =  -0.089608
 z' mom.  Cn'|    Cnp =  -0.016218    Cnq =  -0.099107    Cnr =  -0.042235

                  elevator     d01     rudder       d02 
                  ----------------    ----------------
 z' force CL |   CLd01 =   0.005511   CLd02 =   0.000323
 y  force CY |   CYd01 =   0.000257   CYd02 =   0.003085
 x' mom.  Cl'|   Cld01 =   0.000001   Cld02 =   0.000097
 y  mom.  Cm |   Cmd01 =  -0.027437   Cmd02 =  -0.001590
 z' mom.  Cn'|   Cnd01 =  -0.000070   Cnd02 =  -0.000852
 Trefftz drag| CDffd01 =  -0.000054 CDffd02 =   0.000036
 span eff.   |    ed01 =   0.330899    ed02 =  -0.150976



 Neutral point  Xnp =   0.554429

 Clb Cnr / Clr Cnb  =   0.152809    (  > 1 if spirally stable )
