 ---------------------------------------------------------------
 Vortex Lattice Output -- Total Forces

 Configuration: MACE0                                                       
     # Surfaces =  10
     # Strips   = 200
     # Vortices =2400

  Sref =  1.2850       Cref = 0.25900       Bref =  4.9540    
  Xref = 0.50000       Yref =  0.0000       Zref =  0.0000    

 Standard axis orientation,  X fwd, Z down         

 Run case: u_17                                    

  Alpha =  -0.61081     pb/2V =  -0.00000     p'b/2V =  -0.00000
  Beta  =   0.00000     qc/2V =   0.00000
  Mach  =     0.000     rb/2V =  -0.00000     r'b/2V =  -0.00000

  CXtot =  -0.00272     Cltot =  -0.00000     Cl'tot =  -0.00000
  CYtot =   0.00001     Cmtot =  -0.00000
  CZtot =  -0.19402     Cntot =   0.00000     Cn'tot =  -0.00000

  CLtot =   0.19404
  CDtot =   0.00065
  CDvis =   0.00000     CDind = 0.0006484
  CLff  =   0.19403     CDff  = 0.0004927    | Trefftz
  CYff  =   0.00001         e =    1.2734    | Plane  

   elevator        =   2.29671
   rudder          =  -0.13000

 ---------------------------------------------------------------

 Stability-axis derivatives...

                             alpha                beta
                  ----------------    ----------------
 z' force CL |    CLa =   6.272212    CLb =  -0.032509
 y  force CY |    CYa =   0.027312    CYb =  -0.276730
 x' mom.  Cl'|    Cla =   0.000163    Clb =  -0.011583
 y  mom.  Cm |    Cma =  -1.196607    Cmb =   0.158383
 z' mom.  Cn'|    Cna =  -0.007399    Cnb =   0.074495

                     roll rate  p'      pitch rate  q'        yaw rate  r'
                  ----------------    ----------------    ----------------
 z' force CL |    CLp =   0.001814    CLq =  10.351934    CLr =   0.018108
 y  force CY |    CYp =   0.026273    CYq =   0.359686    CYr =   0.155005
 x' mom.  Cl'|    Clp =  -0.729343    Clq =   0.001860    Clr =   0.049841
 y  mom.  Cm |    Cmp =  -0.008879    Cmq = -25.718537    Cmr =  -0.088240
 z' mom.  Cn'|    Cnp =  -0.019978    Cnq =  -0.097502    Cnr =  -0.042021

                  elevator     d01     rudder       d02 
                  ----------------    ----------------
 z' force CL |   CLd01 =   0.005453   CLd02 =   0.000316
 y  force CY |   CYd01 =   0.000249   CYd02 =   0.003042
 x' mom.  Cl'|   Cld01 =   0.000001   Cld02 =   0.000095
 y  mom.  Cm |   Cmd01 =  -0.027114   Cmd02 =  -0.001549
 z' mom.  Cn'|   Cnd01 =  -0.000068   Cnd02 =  -0.000841
 Trefftz drag| CDffd01 =  -0.000066 CDffd02 =   0.000043
 span eff.   |    ed01 =   0.241055    ed02 =  -0.108185



 Neutral point  Xnp =   0.549412

 Clb Cnr / Clr Cnb  =   0.131086    (  > 1 if spirally stable )
