 ---------------------------------------------------------------
 Vortex Lattice Output -- Total Forces

 Configuration: MACE0                                                       
     # Surfaces =  10
     # Strips   = 200
     # Vortices =2400

  Sref =  1.2850       Cref = 0.25900       Bref =  4.9540    
  Xref = 0.50000       Yref =  0.0000       Zref =  0.0000    

 Standard axis orientation,  X fwd, Z down         

 Run case: u_12                                    

  Alpha =   1.46432     pb/2V =  -0.00000     p'b/2V =  -0.00000
  Beta  =   0.00000     qc/2V =   0.00000
  Mach  =     0.000     rb/2V =  -0.00000     r'b/2V =  -0.00000

  CXtot =   0.00736     Cltot =  -0.00001     Cl'tot =  -0.00001
  CYtot =   0.00002     Cmtot =  -0.00000
  CZtot =  -0.38936     Cntot =  -0.00000     Cn'tot =  -0.00000

  CLtot =   0.38942
  CDtot =   0.00259
  CDvis =   0.00000     CDind = 0.0025919
  CLff  =   0.38949     CDff  = 0.0021474    | Trefftz
  CYff  =   0.00002         e =    1.1774    | Plane  

   elevator        =   0.92609
   rudder          =  -0.34913

 ---------------------------------------------------------------

 Stability-axis derivatives...

                             alpha                beta
                  ----------------    ----------------
 z' force CL |    CLa =   6.656284    CLb =  -0.030975
 y  force CY |    CYa =   0.025081    CYb =  -0.268932
 x' mom.  Cl'|    Cla =  -0.000121    Clb =  -0.013748
 y  mom.  Cm |    Cma =  -0.920347    Cmb =   0.150379
 z' mom.  Cn'|    Cna =  -0.006795    Cnb =   0.073036

                     roll rate  p'      pitch rate  q'        yaw rate  r'
                  ----------------    ----------------    ----------------
 z' force CL |    CLp =   0.002464    CLq =  10.897066    CLr =   0.017175
 y  force CY |    CYp =   0.038687    CYq =   0.337144    CYr =   0.149716
 x' mom.  Cl'|    Clp =  -0.763867    Clq =  -0.001902    Clr =   0.095938
 y  mom.  Cm |    Cmp =  -0.012003    Cmq = -24.863558    Cmr =  -0.083392
 z' mom.  Cn'|    Cnp =  -0.038633    Cnq =  -0.091570    Cnr =  -0.041611

                  elevator     d01     rudder       d02 
                  ----------------    ----------------
 z' force CL |   CLd01 =   0.005248   CLd02 =   0.000288
 y  force CY |   CYd01 =   0.000223   CYd02 =   0.002890
 x' mom.  Cl'|   Cld01 =   0.000001   Cld02 =   0.000091
 y  mom.  Cm |   Cmd01 =  -0.026004   Cmd02 =  -0.001410
 z' mom.  Cn'|   Cnd01 =  -0.000061   Cnd02 =  -0.000800
 Trefftz drag| CDffd01 =  -0.000119 CDffd02 =   0.000079
 span eff.   |    ed01 =   0.097125    ed02 =  -0.041552



 Neutral point  Xnp =   0.535811

 Clb Cnr / Clr Cnb  =   0.081642    (  > 1 if spirally stable )
