 ---------------------------------------------------------------
 Vortex Lattice Output -- Total Forces

 Configuration: MACE0                                                       
     # Surfaces =  10
     # Strips   = 200
     # Vortices =2400

  Sref =  1.2850       Cref = 0.25900       Bref =  4.9540    
  Xref = 0.50000       Yref =  0.0000       Zref =  0.0000    

 Standard axis orientation,  X fwd, Z down         

 Run case: u_20                                    

  Alpha =  -1.21174     pb/2V =  -0.00000     p'b/2V =  -0.00000
  Beta  =   0.00000     qc/2V =  -0.00000
  Mach  =     0.000     rb/2V =  -0.00000     r'b/2V =  -0.00000

  CXtot =  -0.00331     Cltot =   0.00000     Cl'tot =   0.00000
  CYtot =  -0.00001     Cmtot =  -0.00000
  CZtot =  -0.14015     Cntot =  -0.00000     Cn'tot =   0.00000

  CLtot =   0.14019
  CDtot =   0.00034
  CDvis =   0.00000     CDind = 0.0003429
  CLff  =   0.14018     CDff  = 0.0002412    | Trefftz
  CYff  =  -0.00001         e =    1.3577    | Plane  

   elevator        =   2.82995
   rudder          =   0.03367

 ---------------------------------------------------------------

 Stability-axis derivatives...

                             alpha                beta
                  ----------------    ----------------
 z' force CL |    CLa =   6.057377    CLb =  -0.033157
 y  force CY |    CYa =   0.028298    CYb =  -0.279875
 x' mom.  Cl'|    Cla =   0.000259    Clb =  -0.011006
 y  mom.  Cm |    Cma =  -1.332132    Cmb =   0.161814
 z' mom.  Cn'|    Cna =  -0.007665    Cnb =   0.075188

                     roll rate  p'      pitch rate  q'        yaw rate  r'
                  ----------------    ----------------    ----------------
 z' force CL |    CLp =   0.001589    CLq =  10.060229    CLr =   0.018492
 y  force CY |    CYp =   0.022122    CYq =   0.368853    CYr =   0.156918
 x' mom.  Cl'|    Clp =  -0.708761    Clq =   0.003068    Clr =   0.037633
 y  mom.  Cm |    Cmp =  -0.007801    Cmq = -26.086844    Cmr =  -0.090265
 z' mom.  Cn'|    Cnp =  -0.014703    Cnq =  -0.099883    Cnr =  -0.042345

                  elevator     d01     rudder       d02 
                  ----------------    ----------------
 z' force CL |   CLd01 =   0.005537   CLd02 =   0.000327
 y  force CY |   CYd01 =   0.000260   CYd02 =   0.003105
 x' mom.  Cl'|   Cld01 =   0.000001   Cld02 =   0.000097
 y  mom.  Cm |   Cmd01 =  -0.027588   Cmd02 =  -0.001609
 z' mom.  Cn'|   Cnd01 =  -0.000071   Cnd02 =  -0.000858
 Trefftz drag| CDffd01 =  -0.000050 CDffd02 =   0.000033
 span eff.   |    ed01 =   0.387748    ed02 =  -0.178652



 Neutral point  Xnp =   0.556959

 Clb Cnr / Clr Cnb  =   0.164706    (  > 1 if spirally stable )
