 ---------------------------------------------------------------
 Vortex Lattice Output -- Total Forces

 Configuration: MACE0                                                       
     # Surfaces =  10
     # Strips   = 200
     # Vortices =2400

  Sref =  1.2850       Cref = 0.25900       Bref =  4.9540    
  Xref = 0.50000       Yref =  0.0000       Zref =  0.0000    

 Standard axis orientation,  X fwd, Z down         

 Run case: u_24                                    

  Alpha =  -1.74420     pb/2V =  -0.00000     p'b/2V =  -0.00000
  Beta  =   0.00000     qc/2V =  -0.00000
  Mach  =     0.000     rb/2V =  -0.00000     r'b/2V =  -0.00000

  CXtot =  -0.00313     Cltot =   0.00001     Cl'tot =   0.00001
  CYtot =  -0.00001     Cmtot =   0.00000
  CZtot =  -0.09731     Cntot =  -0.00000     Cn'tot =   0.00000

  CLtot =   0.09736
  CDtot =   0.00017
  CDvis =   0.00000     CDind = 0.0001699
  CLff  =   0.09735     CDff  = 0.0001018    | Trefftz
  CYff  =  -0.00002         e =    1.5520    | Plane  

   elevator        =   3.37934
   rudder          =   0.15291

 ---------------------------------------------------------------

 Stability-axis derivatives...

                             alpha                beta
                  ----------------    ----------------
 z' force CL |    CLa =   5.937136    CLb =  -0.033456
 y  force CY |    CYa =   0.028717    CYb =  -0.281575
 x' mom.  Cl'|    Cla =   0.000345    Clb =  -0.010646
 y  mom.  Cm |    Cma =  -1.396490    Cmb =   0.163372
 z' mom.  Cn'|    Cna =  -0.007776    Cnb =   0.075529

                     roll rate  p'      pitch rate  q'        yaw rate  r'
                  ----------------    ----------------    ----------------
 z' force CL |    CLp =   0.001395    CLq =   9.903782    CLr =   0.018673
 y  force CY |    CYp =   0.019105    CYq =   0.372889    CYr =   0.157918
 x' mom.  Cl'|    Clp =  -0.691931    Clq =   0.004138    Clr =   0.027784
 y  mom.  Cm |    Cmp =  -0.006860    Cmq = -26.246595    Cmr =  -0.091208
 z' mom.  Cn'|    Cnp =  -0.010422    Cnq =  -0.100879    Cnr =  -0.042482

                  elevator     d01     rudder       d02 
                  ----------------    ----------------
 z' force CL |   CLd01 =   0.005574   CLd02 =   0.000333
 y  force CY |   CYd01 =   0.000265   CYd02 =   0.003139
 x' mom.  Cl'|   Cld01 =   0.000001   Cld02 =   0.000098
 y  mom.  Cm |   Cmd01 =  -0.027800   Cmd02 =  -0.001642
 z' mom.  Cn'|   Cnd01 =  -0.000072   Cnd02 =  -0.000867
 Trefftz drag| CDffd01 =  -0.000037 CDffd02 =   0.000024
 span eff.   |    ed01 =   0.738676    ed02 =  -0.356709



 Neutral point  Xnp =   0.560920

 Clb Cnr / Clr Cnb  =   0.215511    (  > 1 if spirally stable )
