 ---------------------------------------------------------------
 Vortex Lattice Output -- Total Forces

 Configuration: MACE0                                                       
     # Surfaces =  10
     # Strips   = 200
     # Vortices =2400

  Sref =  1.2850       Cref = 0.25900       Bref =  4.9540    
  Xref = 0.50000       Yref =  0.0000       Zref =  0.0000    

 Standard axis orientation,  X fwd, Z down         

 Run case: u_16                                    

  Alpha =  -0.34728     pb/2V =  -0.00000     p'b/2V =  -0.00000
  Beta  =   0.00000     qc/2V =  -0.00000
  Mach  =     0.000     rb/2V =  -0.00000     r'b/2V =  -0.00000

  CXtot =  -0.00215     Cltot =  -0.00000     Cl'tot =  -0.00000
  CYtot =   0.00001     Cmtot =  -0.00000
  CZtot =  -0.21904     Cntot =   0.00000     Cn'tot =  -0.00000

  CLtot =   0.21905
  CDtot =   0.00082
  CDvis =   0.00000     CDind = 0.0008240
  CLff  =   0.21904     CDff  = 0.0006378    | Trefftz
  CYff  =   0.00001         e =    1.2537    | Plane  

   elevator        =   2.09068
   rudder          =  -0.19345

 ---------------------------------------------------------------

 Stability-axis derivatives...

                             alpha                beta
                  ----------------    ----------------
 z' force CL |    CLa =   6.346485    CLb =  -0.032260
 y  force CY |    CYa =   0.026946    CYb =  -0.275504
 x' mom.  Cl'|    Cla =   0.000124    Clb =  -0.011903
 y  mom.  Cm |    Cma =  -1.147124    Cmb =   0.157083
 z' mom.  Cn'|    Cna =  -0.007300    Cnb =   0.074236

                     roll rate  p'      pitch rate  q'        yaw rate  r'
                  ----------------    ----------------    ----------------
 z' force CL |    CLp =   0.001904    CLq =  10.454693    CLr =   0.017960
 y  force CY |    CYp =   0.028072    CYq =   0.356205    CYr =   0.154232
 x' mom.  Cl'|    Clp =  -0.736270    Clq =   0.001352    Clr =   0.055397
 y  mom.  Cm |    Cmp =  -0.009314    Cmq = -25.576441    Cmr =  -0.087463
 z' mom.  Cn'|    Cnp =  -0.022335    Cnq =  -0.096595    Cnr =  -0.041909

                  elevator     d01     rudder       d02 
                  ----------------    ----------------
 z' force CL |   CLd01 =   0.005420   CLd02 =   0.000311
 y  force CY |   CYd01 =   0.000245   CYd02 =   0.003017
 x' mom.  Cl'|   Cld01 =   0.000001   Cld02 =   0.000094
 y  mom.  Cm |   Cmd01 =  -0.026931   Cmd02 =  -0.001526
 z' mom.  Cn'|   Cnd01 =  -0.000067   Cnd02 =  -0.000834
 Trefftz drag| CDffd01 =  -0.000073 CDffd02 =   0.000048
 span eff.   |    ed01 =   0.205376    ed02 =  -0.091588



 Neutral point  Xnp =   0.546814

 Clb Cnr / Clr Cnb  =   0.121305    (  > 1 if spirally stable )
