 ---------------------------------------------------------------
 Vortex Lattice Output -- Total Forces

 Configuration: MACE0                                                       
     # Surfaces =  10
     # Strips   = 200
     # Vortices =2400

  Sref =  1.2850       Cref = 0.25900       Bref =  4.9540    
  Xref = 0.50000       Yref =  0.0000       Zref =  0.0000    

 Standard axis orientation,  X fwd, Z down         

 Run case: u_11                                    

  Alpha =   2.17532     pb/2V =  -0.00000     p'b/2V =  -0.00000
  Beta  =   0.00000     qc/2V =   0.00000
  Mach  =     0.000     rb/2V =  -0.00000     r'b/2V =  -0.00000

  CXtot =   0.01392     Cltot =  -0.00002     Cl'tot =  -0.00002
  CYtot =   0.00003     Cmtot =  -0.00000
  CZtot =  -0.46325     Cntot =  -0.00000     Cn'tot =  -0.00000

  CLtot =   0.46344
  CDtot =   0.00367
  CDvis =   0.00000     CDind = 0.0036720
  CLff  =   0.46358     CDff  = 0.0030622    | Trefftz
  CYff  =   0.00003         e =    1.1697    | Plane  

   elevator        =   0.52576
   rudder          =  -0.43678

 ---------------------------------------------------------------

 Stability-axis derivatives...

                             alpha                beta
                  ----------------    ----------------
 z' force CL |    CLa =   6.734711    CLb =  -0.030866
 y  force CY |    CYa =   0.024767    CYb =  -0.267827
 x' mom.  Cl'|    Cla =  -0.000211    Clb =  -0.014683
 y  mom.  Cm |    Cma =  -0.860653    Cmb =   0.149676
 z' mom.  Cn'|    Cna =  -0.006704    Cnb =   0.073006

                     roll rate  p'      pitch rate  q'        yaw rate  r'
                  ----------------    ----------------    ----------------
 z' force CL |    CLp =   0.002692    CLq =  11.027678    CLr =   0.017083
 y  force CY |    CYp =   0.043204    CYq =   0.334683    CYr =   0.148604
 x' mom.  Cl'|    Clp =  -0.770088    Clq =  -0.003124    Clr =   0.113476
 y  mom.  Cm |    Cmp =  -0.013092    Cmq = -24.707211    Cmr =  -0.082849
 z' mom.  Cn'|    Cnp =  -0.045585    Cnq =  -0.090909    Cnr =  -0.041819

                  elevator     d01     rudder       d02 
                  ----------------    ----------------
 z' force CL |   CLd01 =   0.005217   CLd02 =   0.000285
 y  force CY |   CYd01 =   0.000219   CYd02 =   0.002866
 x' mom.  Cl'|   Cld01 =   0.000001   Cld02 =   0.000090
 y  mom.  Cm |   Cmd01 =  -0.025833   Cmd02 =  -0.001393
 z' mom.  Cn'|   Cnd01 =  -0.000060   Cnd02 =  -0.000794
 Trefftz drag| CDffd01 =  -0.000140 CDffd02 =   0.000093
 span eff.   |    ed01 =   0.079644    ed02 =  -0.033940



 Neutral point  Xnp =   0.533099

 Clb Cnr / Clr Cnb  =   0.074119    (  > 1 if spirally stable )
