 ---------------------------------------------------------------
 Surface and Strip Forces by surface

  Sref =  1.2850       Cref = 0.25900       Bref =  4.9540    
  Xref = 0.50000       Yref =  0.0000       Zref =  0.0000    

  Surface # 1     mace0_panel_0                           
     # Chordwise = 12   # Spanwise = 20     First strip =  1
     Surface area Ssurf =    0.365400     Ave. chord Cave =    0.290000

 Forces referred to Sref, Cref, Bref about Xref, Yref, Zref
 Standard axis orientation,  X fwd, Z down         
     CLsurf  =   0.05777     Clsurf  =  -0.00729
     CYsurf  =  -0.00000     Cmsurf  =   0.00691
     CDsurf  =   0.00017     Cnsurf  =   0.00010
     CDisurf =   0.00017     CDvsurf =   0.00000

 Forces referred to Ssurf, Cave 
     CLsurf  =   0.20316     CDsurf  =   0.00058

 Strip Forces referred to Strip Area, Chord
    j     Xle      Yle      Zle      Chord    Area     c_cl     ai     cl_norm    cl       cd       cdv    cm_c/4     cm_LE   C.P.x/c
     1   0.4000   0.0019   0.0000   0.2900   0.0022   0.0598   0.0019   0.2062   0.2062   0.0005   0.0000   0.0024  -0.0492    0.238
     2   0.4000   0.0174   0.0000   0.2900   0.0067   0.0598   0.0018   0.2062   0.2062   0.0005   0.0000   0.0024  -0.0492    0.238
     3   0.4000   0.0480   0.0000   0.2900   0.0110   0.0598   0.0015   0.2062   0.2062   0.0005   0.0000   0.0024  -0.0492    0.238
     4   0.4000   0.0928   0.0000   0.2900   0.0150   0.0598  -0.0000   0.2062   0.2062   0.0005   0.0000   0.0024  -0.0491    0.238
     5   0.4000   0.1509   0.0000   0.2900   0.0186   0.0598  -0.0289   0.2061   0.2061   0.0005   0.0000   0.0024  -0.0491    0.238
     6   0.4000   0.2208   0.0000   0.2900   0.0218   0.0597  -0.0051   0.2060   0.2060   0.0005   0.0000   0.0024  -0.0491    0.238
     7   0.4000   0.3008   0.0000   0.2900   0.0244   0.0597   0.0114   0.2058   0.2058   0.0005   0.0000   0.0024  -0.0490    0.238
     8   0.4000   0.3889   0.0000   0.2900   0.0265   0.0596   0.0091   0.2055   0.2055   0.0005   0.0000   0.0024  -0.0490    0.238
     9   0.4000   0.4829   0.0000   0.2900   0.0279   0.0595  -0.0219   0.2051   0.2051   0.0005   0.0000   0.0024  -0.0489    0.238
    10   0.4000   0.5806   0.0000   0.2900   0.0286   0.0593   0.0103   0.2046   0.2046   0.0006   0.0000   0.0024  -0.0487    0.238
    11   0.4000   0.6794   0.0000   0.2900   0.0286   0.0591   0.0074   0.2039   0.2039   0.0006   0.0000   0.0024  -0.0486    0.238
    12   0.4000   0.7771   0.0000   0.2900   0.0279   0.0589   0.0349   0.2031   0.2031   0.0006   0.0000   0.0024  -0.0484    0.238
    13   0.4000   0.8711   0.0000   0.2900   0.0265   0.0586  -0.0032   0.2021   0.2021   0.0006   0.0000   0.0024  -0.0481    0.238
    14   0.4000   0.9592   0.0000   0.2900   0.0244   0.0583   0.0041   0.2010   0.2010   0.0006   0.0000   0.0024  -0.0478    0.238
    15   0.4000   1.0392   0.0000   0.2900   0.0218   0.0580   0.0054   0.1999   0.1999   0.0007   0.0000   0.0025  -0.0475    0.238
    16   0.4000   1.1091   0.0000   0.2900   0.0186   0.0576   0.0060   0.1986   0.1986   0.0007   0.0000   0.0025  -0.0472    0.237
    17   0.4000   1.1672   0.0000   0.2900   0.0150   0.0572   0.0065   0.1974   0.1974   0.0007   0.0000   0.0025  -0.0468    0.237
    18   0.4000   1.2120   0.0000   0.2900   0.0110   0.0569   0.0068   0.1963   0.1963   0.0007   0.0000   0.0025  -0.0466    0.237
    19   0.4000   1.2426   0.0000   0.2900   0.0067   0.0567   0.0071   0.1955   0.1955   0.0007   0.0000   0.0025  -0.0463    0.237
    20   0.4000   1.2581   0.0000   0.2900   0.0022   0.0566   0.0073   0.1951   0.1951   0.0008   0.0000   0.0026  -0.0462    0.237

  Surface # 2     mace0_panel_0 (YDUP)                    
     # Chordwise = 12   # Spanwise = 20     First strip = 21
     Surface area Ssurf =    0.365400     Ave. chord Cave =    0.290000

 Forces referred to Sref, Cref, Bref about Xref, Yref, Zref
 Standard axis orientation,  X fwd, Z down         
     CLsurf  =   0.05777     Clsurf  =   0.00729
     CYsurf  =  -0.00000     Cmsurf  =   0.00691
     CDsurf  =   0.00017     Cnsurf  =  -0.00010
     CDisurf =   0.00017     CDvsurf =   0.00000

 Forces referred to Ssurf, Cave 
     CLsurf  =   0.20316     CDsurf  =   0.00058

 Strip Forces referred to Strip Area, Chord
    j     Xle      Yle      Zle      Chord    Area     c_cl     ai     cl_norm    cl       cd       cdv    cm_c/4     cm_LE   C.P.x/c
    21   0.4000  -0.0019   0.0000   0.2900   0.0022   0.0598   0.0019   0.2062   0.2062   0.0005   0.0000   0.0024   0.0492    0.238
    22   0.4000  -0.0174   0.0000   0.2900   0.0067   0.0598   0.0018   0.2062   0.2062   0.0005   0.0000   0.0024   0.0492    0.238
    23   0.4000  -0.0480   0.0000   0.2900   0.0110   0.0598   0.0015   0.2062   0.2062   0.0005   0.0000   0.0024   0.0492    0.238
    24   0.4000  -0.0928   0.0000   0.2900   0.0150   0.0598  -0.0000   0.2062   0.2062   0.0005   0.0000   0.0024   0.0491    0.238
    25   0.4000  -0.1509   0.0000   0.2900   0.0186   0.0598  -0.0290   0.2061   0.2061   0.0005   0.0000   0.0024   0.0491    0.238
    26   0.4000  -0.2208   0.0000   0.2900   0.0218   0.0597  -0.0055   0.2060   0.2060   0.0005   0.0000   0.0024   0.0491    0.238
    27   0.4000  -0.3008   0.0000   0.2900   0.0244   0.0597   0.0117   0.2058   0.2058   0.0005   0.0000   0.0024   0.0491    0.238
    28   0.4000  -0.3889   0.0000   0.2900   0.0265   0.0596   0.0091   0.2055   0.2055   0.0005   0.0000   0.0024   0.0490    0.238
    29   0.4000  -0.4829   0.0000   0.2900   0.0279   0.0595  -0.0193   0.2051   0.2051   0.0005   0.0000   0.0024   0.0489    0.238
    30   0.4000  -0.5806   0.0000   0.2900   0.0286   0.0593   0.0106   0.2046   0.2046   0.0006   0.0000   0.0024   0.0487    0.238
    31   0.4000  -0.6794   0.0000   0.2900   0.0286   0.0591   0.0076   0.2039   0.2039   0.0006   0.0000   0.0024   0.0486    0.238
    32   0.4000  -0.7771   0.0000   0.2900   0.0279   0.0589   0.0345   0.2031   0.2031   0.0006   0.0000   0.0024   0.0484    0.238
    33   0.4000  -0.8711   0.0000   0.2900   0.0265   0.0586  -0.0032   0.2021   0.2021   0.0006   0.0000   0.0024   0.0481    0.238
    34   0.4000  -0.9592   0.0000   0.2900   0.0244   0.0583   0.0041   0.2010   0.2010   0.0006   0.0000   0.0024   0.0478    0.238
    35   0.4000  -1.0392   0.0000   0.2900   0.0218   0.0580   0.0054   0.1999   0.1999   0.0007   0.0000   0.0025   0.0475    0.238
    36   0.4000  -1.1091   0.0000   0.2900   0.0186   0.0576   0.0060   0.1986   0.1986   0.0007   0.0000   0.0025   0.0472    0.237
    37   0.4000  -1.1672   0.0000   0.2900   0.0150   0.0572   0.0065   0.1974   0.1974   0.0007   0.0000   0.0025   0.0468    0.237
    38   0.4000  -1.2120   0.0000   0.2900   0.0110   0.0569   0.0068   0.1963   0.1963   0.0007   0.0000   0.0025   0.0466    0.237
    39   0.4000  -1.2426   0.0000   0.2900   0.0067   0.0567   0.0071   0.1955   0.1955   0.0007   0.0000   0.0025   0.0463    0.237
    40   0.4000  -1.2581   0.0000   0.2900   0.0022   0.0566   0.0073   0.1951   0.1951   0.0008   0.0000   0.0026   0.0462    0.237

  Surface # 3     mace0_panel_1                           
     # Chordwise = 12   # Spanwise = 20     First strip = 41
     Surface area Ssurf =    0.275268     Ave. chord Cave =    0.226186

 Forces referred to Sref, Cref, Bref about Xref, Yref, Zref
 Standard axis orientation,  X fwd, Z down         
     CLsurf  =   0.03714     Clsurf  =  -0.01301
     CYsurf  =   0.00007     Cmsurf  =   0.00474
     CDsurf  =   0.00014     Cnsurf  =   0.00018
     CDisurf =   0.00014     CDvsurf =   0.00000

 Forces referred to Ssurf, Cave 
     CLsurf  =   0.17337     CDsurf  =   0.00065

 Strip Forces referred to Strip Area, Chord
    j     Xle      Yle      Zle      Chord    Area     c_cl     ai     cl_norm    cl       cd       cdv    cm_c/4     cm_LE   C.P.x/c
    41   0.4000   1.2617   0.0000   0.2899   0.0020   0.0566   0.0073   0.1951   0.1951   0.0008   0.0000   0.0026  -0.0462    0.237
    42   0.4001   1.2754   0.0000   0.2895   0.0059   0.0564   0.0073   0.1949   0.1949   0.0008   0.0000   0.0026  -0.0461    0.237
    43   0.4003   1.3025   0.0000   0.2887   0.0097   0.0562   0.0074   0.1945   0.1945   0.0008   0.0000   0.0026  -0.0460    0.237
    44   0.4005   1.3423   0.0000   0.2876   0.0132   0.0557   0.0075   0.1938   0.1938   0.0008   0.0000   0.0027  -0.0458    0.236
    45   0.4009   1.3938   0.0000   0.2861   0.0163   0.0551   0.0077   0.1927   0.1927   0.0008   0.0000   0.0028  -0.0454    0.236
    46   0.4013   1.4558   0.0000   0.2842   0.0189   0.0543   0.0081   0.1910   0.1910   0.0008   0.0000   0.0029  -0.0449    0.235
    47   0.4017   1.5267   0.0000   0.2821   0.0211   0.0532   0.0086   0.1885   0.1885   0.0008   0.0000   0.0030  -0.0441    0.234
    48   0.4034   1.6218   0.0000   0.2760   0.0319   0.0514   0.0088   0.1863   0.1863   0.0008   0.0000   0.0033  -0.0432    0.232
    49   0.4064   1.7407   0.0000   0.2654   0.0323   0.0486   0.0091   0.1831   0.1831   0.0008   0.0000   0.0038  -0.0419    0.229
    50   0.4095   1.8476   0.0000   0.2533   0.0232   0.0451   0.0089   0.1781   0.1781   0.0008   0.0000   0.0043  -0.0401    0.226
    51   0.4125   1.9394   0.0000   0.2397   0.0219   0.0412   0.0081   0.1719   0.1719   0.0007   0.0000   0.0048  -0.0382    0.222
    52   0.4161   2.0215   0.0000   0.2255   0.0163   0.0371   0.0073   0.1646   0.1646   0.0006   0.0000   0.0053  -0.0358    0.218
    53   0.4201   2.0922   0.0000   0.2109   0.0145   0.0329   0.0064   0.1561   0.1560   0.0005   0.0000   0.0057  -0.0332    0.213
    54   0.4256   2.1823   0.0000   0.1881   0.0207   0.0276   0.0047   0.1467   0.1467   0.0004   0.0000   0.0063  -0.0303    0.207
    55   0.4331   2.2799   0.0000   0.1570   0.0133   0.0207   0.0005   0.1321   0.1321   0.0000   0.0000   0.0064  -0.0265    0.202
    56   0.4393   2.3401   0.0000   0.1327   0.0049   0.0158  -0.0030   0.1191   0.1191  -0.0002   0.0000   0.0063  -0.0233    0.197
    57   0.4433   2.3732   0.0000   0.1167   0.0034   0.0124  -0.0037   0.1061   0.1061  -0.0002   0.0000   0.0062  -0.0202    0.192
    58   0.4499   2.4149   0.0000   0.0897   0.0046   0.0088  -0.0049   0.0978   0.0978  -0.0003   0.0000   0.0065  -0.0177    0.184
    59   0.4623   2.4550   0.0000   0.0412   0.0012   0.0044  -0.0103   0.1075   0.1075  -0.0007   0.0000   0.0085  -0.0165    0.171
    60   0.4718   2.4745   0.0000   0.0046   0.0000   0.0009  -0.0313   0.2014   0.2013  -0.0040   0.0000   0.0158  -0.0311    0.172

  Surface # 4     mace0_panel_1 (YDUP)                    
     # Chordwise = 12   # Spanwise = 20     First strip = 61
     Surface area Ssurf =    0.275268     Ave. chord Cave =    0.226186

 Forces referred to Sref, Cref, Bref about Xref, Yref, Zref
 Standard axis orientation,  X fwd, Z down         
     CLsurf  =   0.03714     Clsurf  =   0.01301
     CYsurf  =  -0.00007     Cmsurf  =   0.00474
     CDsurf  =   0.00014     Cnsurf  =  -0.00018
     CDisurf =   0.00014     CDvsurf =   0.00000

 Forces referred to Ssurf, Cave 
     CLsurf  =   0.17337     CDsurf  =   0.00065

 Strip Forces referred to Strip Area, Chord
    j     Xle      Yle      Zle      Chord    Area     c_cl     ai     cl_norm    cl       cd       cdv    cm_c/4     cm_LE   C.P.x/c
    61   0.4000  -1.2617   0.0000   0.2899   0.0020   0.0566   0.0073   0.1951   0.1951   0.0008   0.0000   0.0026   0.0462    0.237
    62   0.4001  -1.2754   0.0000   0.2895   0.0059   0.0564   0.0073   0.1949   0.1949   0.0008   0.0000   0.0026   0.0461    0.237
    63   0.4003  -1.3025   0.0000   0.2887   0.0097   0.0562   0.0074   0.1945   0.1945   0.0008   0.0000   0.0026   0.0460    0.237
    64   0.4005  -1.3423   0.0000   0.2876   0.0132   0.0557   0.0075   0.1938   0.1938   0.0008   0.0000   0.0027   0.0458    0.236
    65   0.4009  -1.3938   0.0000   0.2861   0.0163   0.0551   0.0077   0.1927   0.1927   0.0008   0.0000   0.0028   0.0454    0.236
    66   0.4013  -1.4558   0.0000   0.2842   0.0189   0.0543   0.0081   0.1910   0.1910   0.0008   0.0000   0.0029   0.0449    0.235
    67   0.4017  -1.5267   0.0000   0.2821   0.0211   0.0532   0.0086   0.1885   0.1885   0.0008   0.0000   0.0030   0.0441    0.234
    68   0.4034  -1.6218   0.0000   0.2760   0.0319   0.0514   0.0088   0.1863   0.1863   0.0008   0.0000   0.0033   0.0432    0.232
    69   0.4064  -1.7407   0.0000   0.2654   0.0323   0.0486   0.0091   0.1831   0.1831   0.0008   0.0000   0.0038   0.0419    0.229
    70   0.4095  -1.8476   0.0000   0.2533   0.0232   0.0451   0.0089   0.1781   0.1781   0.0008   0.0000   0.0043   0.0401    0.226
    71   0.4125  -1.9394   0.0000   0.2397   0.0219   0.0412   0.0081   0.1719   0.1719   0.0007   0.0000   0.0048   0.0382    0.222
    72   0.4161  -2.0215   0.0000   0.2255   0.0163   0.0371   0.0073   0.1646   0.1646   0.0006   0.0000   0.0053   0.0358    0.218
    73   0.4201  -2.0922   0.0000   0.2109   0.0145   0.0329   0.0064   0.1561   0.1560   0.0005   0.0000   0.0057   0.0332    0.213
    74   0.4256  -2.1823   0.0000   0.1881   0.0207   0.0276   0.0047   0.1467   0.1467   0.0004   0.0000   0.0063   0.0303    0.207
    75   0.4331  -2.2799   0.0000   0.1570   0.0133   0.0207   0.0005   0.1321   0.1321   0.0000   0.0000   0.0064   0.0265    0.202
    76   0.4393  -2.3401   0.0000   0.1327   0.0049   0.0158  -0.0030   0.1191   0.1191  -0.0002   0.0000   0.0063   0.0233    0.197
    77   0.4433  -2.3732   0.0000   0.1167   0.0034   0.0124  -0.0037   0.1061   0.1061  -0.0002   0.0000   0.0062   0.0202    0.192
    78   0.4499  -2.4149   0.0000   0.0897   0.0046   0.0088  -0.0049   0.0978   0.0978  -0.0003   0.0000   0.0065   0.0177    0.184
    79   0.4623  -2.4550   0.0000   0.0412   0.0012   0.0044  -0.0103   0.1075   0.1075  -0.0007   0.0000   0.0085   0.0165    0.171
    80   0.4718  -2.4745   0.0000   0.0046   0.0000   0.0009  -0.0313   0.2014   0.2013  -0.0040   0.0000   0.0158   0.0311    0.172

  Surface # 5     hstab_panel_0                           
     # Chordwise = 12   # Spanwise = 20     First strip = 81
     Surface area Ssurf =    0.043750     Ave. chord Cave =    0.125000

 Forces referred to Sref, Cref, Bref about Xref, Yref, Zref
 Standard axis orientation,  X fwd, Z down         
     CLsurf  =   0.00103     Clsurf  =  -0.00014
     CYsurf  =   0.00000     Cmsurf  =  -0.00571
     CDsurf  =   0.00001     Cnsurf  =   0.00000
     CDisurf =   0.00001     CDvsurf =   0.00000

 Forces referred to Ssurf, Cave 
     CLsurf  =   0.03031     CDsurf  =   0.00030

 Strip Forces referred to Strip Area, Chord
    j     Xle      Yle      Zle      Chord    Area     c_cl     ai     cl_norm    cl       cd       cdv    cm_c/4     cm_LE   C.P.x/c
    81   1.8000   0.5005   0.0000   0.1499   0.0003   0.0009  -0.1116   0.0062   0.0062   0.0003   0.0000  -0.0068  -0.0084    1.357
    82   1.8002   0.5048   0.0000   0.1493   0.0010   0.0020  -0.0094   0.0132   0.0132   0.0001   0.0000  -0.0117  -0.0150    1.141
    83   1.8005   0.5133   0.0000   0.1481   0.0016   0.0029   0.0065   0.0196   0.0196   0.0002   0.0000  -0.0163  -0.0211    1.081
    84   1.8009   0.5258   0.0000   0.1463   0.0021   0.0036   0.0125   0.0246   0.0246   0.0003   0.0000  -0.0198  -0.0259    1.054
    85   1.8014   0.5419   0.0000   0.1440   0.0026   0.0041   0.0099   0.0282   0.0282   0.0003   0.0000  -0.0222  -0.0292    1.037
    86   1.8021   0.5613   0.0000   0.1412   0.0029   0.0043   0.0102   0.0305   0.0305   0.0003   0.0000  -0.0235  -0.0311    1.023
    87   1.8029   0.5836   0.0000   0.1381   0.0032   0.0044   0.0099   0.0319   0.0319   0.0003   0.0000  -0.0243  -0.0323    1.010
    88   1.8037   0.6080   0.0000   0.1346   0.0034   0.0044   0.0100   0.0329   0.0329   0.0003   0.0000  -0.0247  -0.0329    0.999
    89   1.8046   0.6341   0.0000   0.1308   0.0035   0.0044   0.0055   0.0336   0.0336   0.0003   0.0000  -0.0249  -0.0332    0.989
    90   1.8055   0.6613   0.0000   0.1270   0.0035   0.0043   0.0088   0.0341   0.0341   0.0003   0.0000  -0.0249  -0.0334    0.981
    91   1.8065   0.6887   0.0000   0.1230   0.0034   0.0042   0.0094   0.0343   0.0343   0.0003   0.0000  -0.0249  -0.0335    0.976
    92   1.8074   0.7159   0.0000   0.1192   0.0032   0.0041   0.0108   0.0343   0.0343   0.0003   0.0000  -0.0248  -0.0334    0.973
    93   1.8083   0.7420   0.0000   0.1154   0.0029   0.0039   0.0085   0.0340   0.0340   0.0003   0.0000  -0.0247  -0.0332    0.975
    94   1.8091   0.7664   0.0000   0.1119   0.0026   0.0037   0.0103   0.0333   0.0333   0.0003   0.0000  -0.0244  -0.0327    0.981
    95   1.8099   0.7887   0.0000   0.1088   0.0023   0.0035   0.0118   0.0321   0.0321   0.0003   0.0000  -0.0238  -0.0318    0.991
    96   1.8106   0.8081   0.0000   0.1060   0.0019   0.0032   0.0142   0.0301   0.0301   0.0003   0.0000  -0.0227  -0.0302    1.005
    97   1.8111   0.8242   0.0000   0.1037   0.0015   0.0028   0.0627   0.0268   0.0268   0.0003   0.0000  -0.0206  -0.0273    1.020
    98   1.8115   0.8367   0.0000   0.1019   0.0011   0.0022   0.0164   0.0217   0.0217   0.0003   0.0000  -0.0170  -0.0225    1.034
    99   1.8118   0.8452   0.0000   0.1007   0.0006   0.0015   0.0201   0.0144   0.0144   0.0002   0.0000  -0.0114  -0.0150    1.044
   100   1.8120   0.8495   0.0000   0.1001   0.0002   0.0005   0.0223   0.0051   0.0051   0.0001   0.0000  -0.0041  -0.0053    1.050

  Surface # 6     hstab_panel_0 (YDUP)                    
     # Chordwise = 12   # Spanwise = 20     First strip =101
     Surface area Ssurf =    0.043750     Ave. chord Cave =    0.125000

 Forces referred to Sref, Cref, Bref about Xref, Yref, Zref
 Standard axis orientation,  X fwd, Z down         
     CLsurf  =   0.00101     Clsurf  =   0.00014
     CYsurf  =  -0.00000     Cmsurf  =  -0.00561
     CDsurf  =   0.00001     Cnsurf  =  -0.00000
     CDisurf =   0.00001     CDvsurf =   0.00000

 Forces referred to Ssurf, Cave 
     CLsurf  =   0.02980     CDsurf  =   0.00030

 Strip Forces referred to Strip Area, Chord
    j     Xle      Yle      Zle      Chord    Area     c_cl     ai     cl_norm    cl       cd       cdv    cm_c/4     cm_LE   C.P.x/c
   101   1.8000  -0.5005   0.0000   0.1499   0.0003   0.0006  -0.1038   0.0039   0.0039   0.0000   0.0000  -0.0032   0.0041    1.067
   102   1.8002  -0.5048   0.0000   0.1493   0.0010   0.0017  -0.0074   0.0113   0.0113   0.0001   0.0000  -0.0092   0.0121    1.065
   103   1.8005  -0.5133   0.0000   0.1481   0.0016   0.0027   0.0072   0.0180   0.0180   0.0002   0.0000  -0.0146   0.0191    1.061
   104   1.8009  -0.5258   0.0000   0.1463   0.0021   0.0034   0.0129   0.0233   0.0233   0.0003   0.0000  -0.0188   0.0246    1.055
   105   1.8014  -0.5419   0.0000   0.1440   0.0026   0.0039   0.0102   0.0271   0.0271   0.0003   0.0000  -0.0216   0.0284    1.046
   106   1.8021  -0.5613   0.0000   0.1412   0.0029   0.0042   0.0104   0.0296   0.0296   0.0003   0.0000  -0.0232   0.0306    1.034
   107   1.8029  -0.5836   0.0000   0.1381   0.0032   0.0043   0.0101   0.0313   0.0313   0.0003   0.0000  -0.0241   0.0319    1.021
   108   1.8037  -0.6080   0.0000   0.1346   0.0034   0.0044   0.0101   0.0324   0.0324   0.0003   0.0000  -0.0246   0.0327    1.009
   109   1.8046  -0.6341   0.0000   0.1308   0.0035   0.0043   0.0056   0.0332   0.0332   0.0003   0.0000  -0.0248   0.0331    0.997
   110   1.8055  -0.6613   0.0000   0.1270   0.0035   0.0043   0.0089   0.0338   0.0338   0.0003   0.0000  -0.0249   0.0333    0.987
   111   1.8065  -0.6887   0.0000   0.1230   0.0034   0.0042   0.0094   0.0341   0.0341   0.0003   0.0000  -0.0249   0.0334    0.980
   112   1.8074  -0.7159   0.0000   0.1192   0.0032   0.0041   0.0108   0.0341   0.0341   0.0003   0.0000  -0.0248   0.0333    0.977
   113   1.8083  -0.7420   0.0000   0.1154   0.0029   0.0039   0.0085   0.0339   0.0339   0.0003   0.0000  -0.0247   0.0331    0.978
   114   1.8091  -0.7664   0.0000   0.1119   0.0026   0.0037   0.0103   0.0332   0.0332   0.0003   0.0000  -0.0244   0.0327    0.983
   115   1.8099  -0.7887   0.0000   0.1088   0.0023   0.0035   0.0118   0.0320   0.0320   0.0003   0.0000  -0.0238   0.0318    0.993
   116   1.8106  -0.8081   0.0000   0.1060   0.0019   0.0032   0.0142   0.0300   0.0300   0.0003   0.0000  -0.0227   0.0302    1.007
   117   1.8111  -0.8242   0.0000   0.1037   0.0015   0.0028   0.0627   0.0267   0.0267   0.0003   0.0000  -0.0206   0.0273    1.022
   118   1.8115  -0.8367   0.0000   0.1019   0.0011   0.0022   0.0164   0.0217   0.0217   0.0003   0.0000  -0.0170   0.0224    1.035
   119   1.8118  -0.8452   0.0000   0.1007   0.0006   0.0014   0.0201   0.0144   0.0144   0.0002   0.0000  -0.0114   0.0150    1.045
   120   1.8120  -0.8495   0.0000   0.1001   0.0002   0.0005   0.0223   0.0051   0.0051   0.0001   0.0000  -0.0041   0.0053    1.051

  Surface # 7     fin_panel_0                             
     # Chordwise = 12   # Spanwise = 20     First strip =121
     Surface area Ssurf =    0.050000     Ave. chord Cave =    0.125000

 Forces referred to Sref, Cref, Bref about Xref, Yref, Zref
 Standard axis orientation,  X fwd, Z down         
     CLsurf  =  -0.00000     Clsurf  =  -0.00000
     CYsurf  =  -0.00008     Cmsurf  =  -0.00000
     CDsurf  =  -0.00000     Cnsurf  =   0.00002
     CDisurf =  -0.00000     CDvsurf =   0.00000

 Forces referred to Ssurf, Cave 
     CLsurf  =  -0.00194     CDsurf  =  -0.00000

 Strip Forces referred to Strip Area, Chord
    j     Xle      Yle      Zle      Chord    Area     c_cl     ai     cl_norm    cl       cd       cdv    cm_c/4     cm_LE   C.P.x/c
   121   1.8000   0.5000   0.3994   0.1499   0.0004  -0.0001  -0.0015  -0.0005  -0.0005   0.0000   0.0000   0.0002   0.0003    0.550
   122   1.8002   0.5000   0.3945   0.1493   0.0011  -0.0002  -0.0014  -0.0016  -0.0016   0.0000   0.0000   0.0005   0.0009    0.550
   123   1.8005   0.5000   0.3848   0.1481   0.0018  -0.0004  -0.0012  -0.0025  -0.0025   0.0000   0.0000   0.0008   0.0014    0.551
   124   1.8009   0.5000   0.3705   0.1463   0.0024  -0.0005  -0.0010  -0.0032  -0.0032   0.0000   0.0000   0.0010   0.0018    0.552
   125   1.8014   0.5000   0.3521   0.1440   0.0029  -0.0005  -0.0008  -0.0037  -0.0037   0.0000   0.0000   0.0011   0.0020    0.555
   126   1.8021   0.5000   0.3299   0.1412   0.0034  -0.0006  -0.0005  -0.0039  -0.0039   0.0000   0.0000   0.0012   0.0022    0.563
   127   1.8029   0.5000   0.3045   0.1381   0.0037  -0.0005  -0.0003  -0.0039  -0.0039  -0.0000   0.0000   0.0013   0.0023    0.580
   128   1.8037   0.5000   0.2765   0.1346   0.0039  -0.0005  -0.0001  -0.0038  -0.0038  -0.0000   0.0000   0.0013   0.0023    0.609
   129   1.8046   0.5000   0.2467   0.1308   0.0040  -0.0004   0.0001  -0.0034  -0.0034  -0.0000   0.0000   0.0014   0.0022    0.656
   130   1.8055   0.5000   0.2157   0.1270   0.0040  -0.0004   0.0003  -0.0029  -0.0029  -0.0000   0.0000   0.0014   0.0021    0.735
   131   1.8065   0.5000   0.1843   0.1230   0.0038  -0.0003   0.0004  -0.0023  -0.0023  -0.0000   0.0000   0.0014   0.0020    0.874
   132   1.8074   0.5000   0.1533   0.1192   0.0036  -0.0002   0.0006  -0.0015  -0.0015  -0.0000   0.0000   0.0014   0.0018    1.152
   133   1.8083   0.5000   0.1235   0.1154   0.0033  -0.0001   0.0007  -0.0008  -0.0008  -0.0000   0.0000   0.0014   0.0016    1.898
   134   1.8091   0.5000   0.0955   0.1119   0.0030  -0.0000   0.0008  -0.0001  -0.0001  -0.0000   0.0000   0.0013   0.0013  999.000
   135   1.8099   0.5000   0.0701   0.1088   0.0026   0.0001   0.0009   0.0005   0.0005   0.0000   0.0000   0.0010   0.0008  999.000
   136   1.8106   0.5000   0.0479   0.1060   0.0022   0.0001   0.0010   0.0011   0.0011   0.0000   0.0000   0.0003  -0.0000    0.009
   137   1.8111   0.5000   0.0295   0.1037   0.0017   0.0002   0.0011   0.0017   0.0017   0.0000   0.0000  -0.0013  -0.0017    1.015
   138   1.8115   0.5000   0.0152   0.1019   0.0012   0.0002   0.0017   0.0025   0.0025  -0.0000   0.0000  -0.0039  -0.0045    1.835
   139   1.8118   0.5000   0.0055   0.1007   0.0007   0.0003   0.0040   0.0032   0.0032  -0.0001   0.0000  -0.0070  -0.0078  999.000
   140   1.8120   0.5000   0.0006   0.1001   0.0002   0.0004   0.0057   0.0036   0.0036  -0.0005   0.0000  -0.0093  -0.0102  999.000

  Surface # 8     hstab_panel_0                           
     # Chordwise = 12   # Spanwise = 20     First strip =141
     Surface area Ssurf =    0.043750     Ave. chord Cave =    0.125000

 Forces referred to Sref, Cref, Bref about Xref, Yref, Zref
 Standard axis orientation,  X fwd, Z down         
     CLsurf  =   0.00110     Clsurf  =   0.00007
     CYsurf  =   0.00000     Cmsurf  =  -0.00606
     CDsurf  =   0.00001     Cnsurf  =  -0.00000
     CDisurf =   0.00001     CDvsurf =   0.00000

 Forces referred to Ssurf, Cave 
     CLsurf  =   0.03234     CDsurf  =   0.00030

 Strip Forces referred to Strip Area, Chord
    j     Xle      Yle      Zle      Chord    Area     c_cl     ai     cl_norm    cl       cd       cdv    cm_c/4     cm_LE   C.P.x/c
   141   1.8000  -0.4995   0.0000   0.1499   0.0003   0.0012  -0.1079   0.0079   0.0079   0.0002   0.0000  -0.0069  -0.0089    1.126
   142   1.8002  -0.4952   0.0000   0.1493   0.0010   0.0022  -0.0087   0.0149   0.0149   0.0001   0.0000  -0.0118  -0.0156    1.044
   143   1.8005  -0.4867   0.0000   0.1481   0.0016   0.0032   0.0063   0.0213   0.0213   0.0002   0.0000  -0.0164  -0.0217    1.019
   144   1.8009  -0.4742   0.0000   0.1463   0.0021   0.0039   0.0103   0.0263   0.0263   0.0003   0.0000  -0.0199  -0.0265    1.006
   145   1.8014  -0.4581   0.0000   0.1440   0.0026   0.0043   0.0105   0.0299   0.0299   0.0003   0.0000  -0.0223  -0.0297    0.995
   146   1.8021  -0.4387   0.0000   0.1412   0.0029   0.0045   0.0075   0.0322   0.0322   0.0003   0.0000  -0.0236  -0.0317    0.984
   147   1.8029  -0.4164   0.0000   0.1381   0.0032   0.0047   0.0100   0.0338   0.0338   0.0003   0.0000  -0.0244  -0.0328    0.972
   148   1.8037  -0.3920   0.0000   0.1346   0.0034   0.0047   0.0091   0.0348   0.0348   0.0003   0.0000  -0.0247  -0.0334    0.960
   149   1.8046  -0.3659   0.0000   0.1308   0.0035   0.0047   0.0086   0.0357   0.0357   0.0003   0.0000  -0.0249  -0.0338    0.949
   150   1.8055  -0.3387   0.0000   0.1270   0.0035   0.0046   0.0099   0.0362   0.0362   0.0003   0.0000  -0.0250  -0.0340    0.939
   151   1.8065  -0.3113   0.0000   0.1230   0.0034   0.0045   0.0088   0.0366   0.0366   0.0003   0.0000  -0.0250  -0.0341    0.932
   152   1.8074  -0.2841   0.0000   0.1192   0.0032   0.0044   0.0088   0.0367   0.0367   0.0003   0.0000  -0.0249  -0.0340    0.927
   153   1.8083  -0.2580   0.0000   0.1154   0.0029   0.0042   0.0119   0.0365   0.0365   0.0003   0.0000  -0.0247  -0.0338    0.926
   154   1.8091  -0.2336   0.0000   0.1119   0.0026   0.0040   0.0100   0.0359   0.0359   0.0003   0.0000  -0.0244  -0.0333    0.930
   155   1.8099  -0.2113   0.0000   0.1088   0.0023   0.0038   0.0108   0.0346   0.0346   0.0003   0.0000  -0.0238  -0.0324    0.939
   156   1.8106  -0.1919   0.0000   0.1060   0.0019   0.0034   0.0120   0.0323   0.0323   0.0004   0.0000  -0.0227  -0.0307    0.951
   157   1.8111  -0.1758   0.0000   0.1037   0.0015   0.0030   0.0149   0.0288   0.0288   0.0003   0.0000  -0.0206  -0.0278    0.966
   158   1.8115  -0.1633   0.0000   0.1019   0.0011   0.0024   0.0176   0.0233   0.0233   0.0003   0.0000  -0.0170  -0.0228    0.980
   159   1.8118  -0.1548   0.0000   0.1007   0.0006   0.0015   0.0204   0.0154   0.0154   0.0002   0.0000  -0.0114  -0.0152    0.991
   160   1.8120  -0.1505   0.0000   0.1001   0.0002   0.0005   0.0224   0.0054   0.0054   0.0001   0.0000  -0.0040  -0.0054    0.997

  Surface # 9     hstab_panel_0 (YDUP)                    
     # Chordwise = 12   # Spanwise = 20     First strip =161
     Surface area Ssurf =    0.043750     Ave. chord Cave =    0.125000

 Forces referred to Sref, Cref, Bref about Xref, Yref, Zref
 Standard axis orientation,  X fwd, Z down         
     CLsurf  =   0.00107     Clsurf  =  -0.00007
     CYsurf  =  -0.00000     Cmsurf  =  -0.00591
     CDsurf  =   0.00001     Cnsurf  =   0.00000
     CDisurf =   0.00001     CDvsurf =   0.00000

 Forces referred to Ssurf, Cave 
     CLsurf  =   0.03150     CDsurf  =   0.00030

 Strip Forces referred to Strip Area, Chord
    j     Xle      Yle      Zle      Chord    Area     c_cl     ai     cl_norm    cl       cd       cdv    cm_c/4     cm_LE   C.P.x/c
   161   1.8000   0.4995   0.0000   0.1499   0.0003   0.0006  -0.1042   0.0040   0.0040   0.0000   0.0000  -0.0032   0.0042    1.047
   162   1.8002   0.4952   0.0000   0.1493   0.0010   0.0017  -0.0078   0.0117   0.0117   0.0001   0.0000  -0.0093   0.0122    1.043
   163   1.8005   0.4867   0.0000   0.1481   0.0016   0.0027   0.0066   0.0186   0.0186   0.0002   0.0000  -0.0146   0.0192    1.037
   164   1.8009   0.4742   0.0000   0.1463   0.0021   0.0035   0.0106   0.0241   0.0241   0.0003   0.0000  -0.0188   0.0248    1.030
   165   1.8014   0.4581   0.0000   0.1440   0.0026   0.0041   0.0108   0.0281   0.0281   0.0003   0.0000  -0.0216   0.0287    1.019
   166   1.8021   0.4387   0.0000   0.1412   0.0029   0.0044   0.0078   0.0308   0.0308   0.0003   0.0000  -0.0233   0.0310    1.005
   167   1.8029   0.4164   0.0000   0.1381   0.0032   0.0045   0.0102   0.0327   0.0327   0.0003   0.0000  -0.0242   0.0323    0.990
   168   1.8037   0.3920   0.0000   0.1346   0.0034   0.0046   0.0093   0.0340   0.0340   0.0003   0.0000  -0.0246   0.0331    0.975
   169   1.8046   0.3659   0.0000   0.1308   0.0035   0.0046   0.0087   0.0350   0.0350   0.0003   0.0000  -0.0249   0.0336    0.960
   170   1.8055   0.3387   0.0000   0.1270   0.0035   0.0045   0.0100   0.0357   0.0357   0.0003   0.0000  -0.0249   0.0338    0.948
   171   1.8065   0.3113   0.0000   0.1230   0.0034   0.0045   0.0089   0.0362   0.0362   0.0003   0.0000  -0.0249   0.0340    0.939
   172   1.8074   0.2841   0.0000   0.1192   0.0032   0.0043   0.0088   0.0364   0.0364   0.0003   0.0000  -0.0249   0.0339    0.933
   173   1.8083   0.2580   0.0000   0.1154   0.0029   0.0042   0.0119   0.0363   0.0363   0.0003   0.0000  -0.0247   0.0337    0.931
   174   1.8091   0.2336   0.0000   0.1119   0.0026   0.0040   0.0100   0.0357   0.0357   0.0003   0.0000  -0.0244   0.0333    0.934
   175   1.8099   0.2113   0.0000   0.1088   0.0023   0.0037   0.0108   0.0344   0.0344   0.0003   0.0000  -0.0238   0.0324    0.942
   176   1.8106   0.1919   0.0000   0.1060   0.0019   0.0034   0.0120   0.0322   0.0322   0.0004   0.0000  -0.0227   0.0307    0.954
   177   1.8111   0.1758   0.0000   0.1037   0.0015   0.0030   0.0149   0.0287   0.0287   0.0003   0.0000  -0.0206   0.0277    0.968
   178   1.8115   0.1633   0.0000   0.1019   0.0011   0.0024   0.0176   0.0232   0.0232   0.0003   0.0000  -0.0170   0.0228    0.982
   179   1.8118   0.1548   0.0000   0.1007   0.0006   0.0015   0.0204   0.0153   0.0153   0.0002   0.0000  -0.0114   0.0152    0.993
   180   1.8120   0.1505   0.0000   0.1001   0.0002   0.0005   0.0224   0.0054   0.0054   0.0001   0.0000  -0.0040   0.0054    0.998

  Surface #10     fin_panel_0                             
     # Chordwise = 12   # Spanwise = 20     First strip =181
     Surface area Ssurf =    0.050000     Ave. chord Cave =    0.125000

 Forces referred to Sref, Cref, Bref about Xref, Yref, Zref
 Standard axis orientation,  X fwd, Z down         
     CLsurf  =  -0.00000     Clsurf  =   0.00000
     CYsurf  =   0.00008     Cmsurf  =   0.00000
     CDsurf  =  -0.00000     Cnsurf  =  -0.00002
     CDisurf =  -0.00000     CDvsurf =   0.00000

 Forces referred to Ssurf, Cave 
     CLsurf  =   0.00210     CDsurf  =  -0.00000

 Strip Forces referred to Strip Area, Chord
    j     Xle      Yle      Zle      Chord    Area     c_cl     ai     cl_norm    cl       cd       cdv    cm_c/4     cm_LE   C.P.x/c
   181   1.8000  -0.5000   0.3994   0.1499   0.0004  -0.0000  -0.0020  -0.0001  -0.0001   0.0000   0.0000   0.0002   0.0002  999.000
   182   1.8002  -0.5000   0.3945   0.1493   0.0011  -0.0000  -0.0019  -0.0003  -0.0003   0.0000   0.0000   0.0006   0.0006  999.000
   183   1.8005  -0.5000   0.3848   0.1481   0.0018  -0.0001  -0.0017  -0.0004  -0.0004   0.0000   0.0000   0.0009   0.0010  999.000
   184   1.8009  -0.5000   0.3705   0.1463   0.0024  -0.0001  -0.0016  -0.0003  -0.0003   0.0000   0.0000   0.0011   0.0012  999.000
   185   1.8014  -0.5000   0.3521   0.1440   0.0029  -0.0000  -0.0014  -0.0002  -0.0002   0.0000   0.0000   0.0012   0.0013  999.000
   186   1.8021  -0.5000   0.3299   0.1412   0.0034   0.0000  -0.0012   0.0001   0.0001   0.0000   0.0000   0.0013   0.0013  999.000
   187   1.8029  -0.5000   0.3045   0.1381   0.0037   0.0001  -0.0010   0.0005   0.0005  -0.0000   0.0000   0.0013   0.0012  999.000
   188   1.8037  -0.5000   0.2765   0.1346   0.0039   0.0001  -0.0009   0.0009   0.0009  -0.0000   0.0000   0.0014   0.0011  999.000
   189   1.8046  -0.5000   0.2467   0.1308   0.0040   0.0002  -0.0007   0.0014   0.0014  -0.0000   0.0000   0.0014   0.0010   -0.691
   190   1.8055  -0.5000   0.2157   0.1270   0.0040   0.0003  -0.0006   0.0020   0.0020  -0.0000   0.0000   0.0014   0.0009   -0.425
   191   1.8065  -0.5000   0.1843   0.1230   0.0038   0.0003  -0.0004   0.0026   0.0026  -0.0000   0.0000   0.0013   0.0007   -0.268
   192   1.8074  -0.5000   0.1533   0.1192   0.0036   0.0004  -0.0003   0.0032   0.0032  -0.0000   0.0000   0.0013   0.0005   -0.167
   193   1.8083  -0.5000   0.1235   0.1154   0.0033   0.0004  -0.0001   0.0037   0.0037  -0.0000   0.0000   0.0013   0.0003   -0.095
   194   1.8091  -0.5000   0.0955   0.1119   0.0030   0.0005  -0.0000   0.0041   0.0041   0.0000   0.0000   0.0012   0.0001   -0.031
   195   1.8099  -0.5000   0.0701   0.1088   0.0026   0.0005  -0.0000   0.0044   0.0044   0.0000   0.0000   0.0008  -0.0003    0.057
   196   1.8106  -0.5000   0.0479   0.1060   0.0022   0.0005  -0.0001   0.0046   0.0046   0.0000   0.0000   0.0001  -0.0010    0.224
   197   1.8111  -0.5000   0.0295   0.1037   0.0017   0.0005  -0.0001   0.0049   0.0049   0.0000   0.0000  -0.0014  -0.0027    0.543
   198   1.8115  -0.5000   0.0152   0.1019   0.0012   0.0005   0.0005   0.0054   0.0054  -0.0000   0.0000  -0.0041  -0.0054    1.006
   199   1.8118  -0.5000   0.0055   0.1007   0.0007   0.0006   0.0025   0.0059   0.0059  -0.0000   0.0000  -0.0072  -0.0087    1.464
   200   1.8120  -0.5000   0.0006   0.1001   0.0002   0.0006   0.0024   0.0062   0.0062  -0.0004   0.0000  -0.0095  -0.0111    1.791
 ---------------------------------------------------------------
