 ---------------------------------------------------------------
 Surface and Strip Forces by surface

  Sref =  1.2850       Cref = 0.25900       Bref =  4.9540    
  Xref = 0.50000       Yref =  0.0000       Zref =  0.0000    

  Surface # 1     main_wing_panel_0                       
     # Chordwise = 12   # Spanwise = 20     First strip =  1
     Surface area Ssurf =    0.365400     Ave. chord Cave =    0.290000

 Forces referred to Sref, Cref, Bref about Xref, Yref, Zref
 Standard axis orientation,  X fwd, Z down         
     CLsurf  =   0.00637     Clsurf  =  -0.00080
     CYsurf  =   0.00000     Cmsurf  =   0.00068
     CDsurf  =   0.00000     Cnsurf  =   0.00003
     CDisurf =   0.00000     CDvsurf =   0.00000

 Forces referred to Ssurf, Cave 
     CLsurf  =   0.02242     CDsurf  =   0.00001

 Strip Forces referred to Strip Area, Chord
    j     Xle      Yle      Zle      Chord    Area     c_cl     ai     cl_norm    cl       cd       cdv    cm_c/4     cm_LE   C.P.x/c
     1   0.4000   0.0019   0.0000   0.2900   0.0022   0.0067   0.0008   0.0231   0.0231   0.0000   0.0000   0.0000  -0.0058    0.250
     2   0.4000   0.0174   0.0000   0.2900   0.0067   0.0067   0.0008   0.0231   0.0231   0.0000   0.0000   0.0000  -0.0058    0.250
     3   0.4000   0.0480   0.0000   0.2900   0.0110   0.0067   0.0007   0.0231   0.0231   0.0000   0.0000   0.0000  -0.0058    0.250
     4   0.4000   0.0928   0.0000   0.2900   0.0150   0.0067   0.0006   0.0231   0.0231   0.0000   0.0000   0.0000  -0.0058    0.250
     5   0.4000   0.1509   0.0000   0.2900   0.0186   0.0067  -0.0029   0.0231   0.0231   0.0000   0.0000   0.0000  -0.0058    0.250
     6   0.4000   0.2208   0.0000   0.2900   0.0218   0.0067   0.0148   0.0231   0.0231   0.0000   0.0000   0.0000  -0.0058    0.250
     7   0.4000   0.3008   0.0000   0.2900   0.0244   0.0067  -0.0020   0.0230   0.0230   0.0000   0.0000   0.0000  -0.0057    0.250
     8   0.4000   0.3889   0.0000   0.2900   0.0265   0.0067   0.0004   0.0230   0.0230   0.0000   0.0000   0.0000  -0.0057    0.250
     9   0.4000   0.4829   0.0000   0.2900   0.0279   0.0066   0.0065   0.0229   0.0229   0.0000   0.0000   0.0000  -0.0057    0.250
    10   0.4000   0.5806   0.0000   0.2900   0.0286   0.0066   0.0002   0.0228   0.0228   0.0000   0.0000   0.0000  -0.0057    0.249
    11   0.4000   0.6794   0.0000   0.2900   0.0286   0.0066   0.0005   0.0226   0.0226   0.0000   0.0000   0.0000  -0.0056    0.249
    12   0.4000   0.7771   0.0000   0.2900   0.0279   0.0065  -0.0242   0.0224   0.0224   0.0000   0.0000   0.0000  -0.0056    0.249
    13   0.4000   0.8711   0.0000   0.2900   0.0265   0.0064  -0.0001   0.0222   0.0222   0.0000   0.0000   0.0000  -0.0055    0.249
    14   0.4000   0.9592   0.0000   0.2900   0.0244   0.0064   0.0011   0.0220   0.0220   0.0000   0.0000   0.0000  -0.0054    0.248
    15   0.4000   1.0392   0.0000   0.2900   0.0218   0.0063   0.0012   0.0216   0.0216   0.0000   0.0000   0.0000  -0.0054    0.248
    16   0.4000   1.1091   0.0000   0.2900   0.0186   0.0062   0.0012   0.0213   0.0213   0.0000   0.0000   0.0001  -0.0053    0.247
    17   0.4000   1.1672   0.0000   0.2900   0.0150   0.0061   0.0013   0.0210   0.0210   0.0000   0.0000   0.0001  -0.0052    0.247
    18   0.4000   1.2120   0.0000   0.2900   0.0110   0.0060   0.0014   0.0207   0.0207   0.0000   0.0000   0.0001  -0.0051    0.246
    19   0.4000   1.2426   0.0000   0.2900   0.0067   0.0059   0.0014   0.0205   0.0205   0.0000   0.0000   0.0001  -0.0050    0.246
    20   0.4000   1.2581   0.0000   0.2900   0.0022   0.0059   0.0014   0.0203   0.0203   0.0000   0.0000   0.0001  -0.0050    0.246

  Surface # 2     main_wing_panel_0 (YDUP)                
     # Chordwise = 12   # Spanwise = 20     First strip = 21
     Surface area Ssurf =    0.365400     Ave. chord Cave =    0.290000

 Forces referred to Sref, Cref, Bref about Xref, Yref, Zref
 Standard axis orientation,  X fwd, Z down         
     CLsurf  =   0.00637     Clsurf  =   0.00080
     CYsurf  =  -0.00000     Cmsurf  =   0.00068
     CDsurf  =   0.00000     Cnsurf  =  -0.00003
     CDisurf =   0.00000     CDvsurf =   0.00000

 Forces referred to Ssurf, Cave 
     CLsurf  =   0.02242     CDsurf  =   0.00001

 Strip Forces referred to Strip Area, Chord
    j     Xle      Yle      Zle      Chord    Area     c_cl     ai     cl_norm    cl       cd       cdv    cm_c/4     cm_LE   C.P.x/c
    21   0.4000  -0.0019   0.0000   0.2900   0.0022   0.0067   0.0008   0.0231   0.0231   0.0000   0.0000   0.0000   0.0058    0.250
    22   0.4000  -0.0174   0.0000   0.2900   0.0067   0.0067   0.0008   0.0231   0.0231   0.0000   0.0000   0.0000   0.0058    0.250
    23   0.4000  -0.0480   0.0000   0.2900   0.0110   0.0067   0.0008   0.0231   0.0231   0.0000   0.0000   0.0000   0.0058    0.250
    24   0.4000  -0.0928   0.0000   0.2900   0.0150   0.0067   0.0006   0.0231   0.0231   0.0000   0.0000   0.0000   0.0058    0.250
    25   0.4000  -0.1509   0.0000   0.2900   0.0186   0.0067  -0.0025   0.0231   0.0231   0.0000   0.0000   0.0000   0.0058    0.250
    26   0.4000  -0.2208   0.0000   0.2900   0.0218   0.0067   0.0160   0.0231   0.0231   0.0000   0.0000   0.0000   0.0058    0.250
    27   0.4000  -0.3008   0.0000   0.2900   0.0244   0.0067  -0.0031   0.0230   0.0230   0.0000   0.0000   0.0000   0.0057    0.250
    28   0.4000  -0.3889   0.0000   0.2900   0.0265   0.0067  -0.0002   0.0230   0.0230   0.0000   0.0000   0.0000   0.0057    0.250
    29   0.4000  -0.4829   0.0000   0.2900   0.0279   0.0066  -0.0128   0.0229   0.0229   0.0000   0.0000   0.0000   0.0057    0.250
    30   0.4000  -0.5806   0.0000   0.2900   0.0286   0.0066  -0.0009   0.0228   0.0228   0.0000   0.0000   0.0000   0.0057    0.249
    31   0.4000  -0.6794   0.0000   0.2900   0.0286   0.0066  -0.0009   0.0226   0.0226   0.0000   0.0000   0.0000   0.0056    0.249
    32   0.4000  -0.7771   0.0000   0.2900   0.0279   0.0065  -0.0225   0.0224   0.0224   0.0000   0.0000   0.0000   0.0056    0.249
    33   0.4000  -0.8711   0.0000   0.2900   0.0265   0.0064  -0.0002   0.0222   0.0222   0.0000   0.0000   0.0000   0.0055    0.249
    34   0.4000  -0.9592   0.0000   0.2900   0.0244   0.0064   0.0011   0.0220   0.0220   0.0000   0.0000   0.0000   0.0054    0.248
    35   0.4000  -1.0392   0.0000   0.2900   0.0218   0.0063   0.0012   0.0216   0.0216   0.0000   0.0000   0.0000   0.0054    0.248
    36   0.4000  -1.1091   0.0000   0.2900   0.0186   0.0062   0.0012   0.0213   0.0213   0.0000   0.0000   0.0001   0.0053    0.247
    37   0.4000  -1.1672   0.0000   0.2900   0.0150   0.0061   0.0013   0.0210   0.0210   0.0000   0.0000   0.0001   0.0052    0.247
    38   0.4000  -1.2120   0.0000   0.2900   0.0110   0.0060   0.0014   0.0207   0.0207   0.0000   0.0000   0.0001   0.0051    0.246
    39   0.4000  -1.2426   0.0000   0.2900   0.0067   0.0059   0.0014   0.0205   0.0205   0.0000   0.0000   0.0001   0.0050    0.246
    40   0.4000  -1.2581   0.0000   0.2900   0.0022   0.0059   0.0015   0.0203   0.0203   0.0000   0.0000   0.0001   0.0050    0.246

  Surface # 3     main_wing_panel_1                       
     # Chordwise = 12   # Spanwise = 20     First strip = 41
     Surface area Ssurf =    0.275268     Ave. chord Cave =    0.226186

 Forces referred to Sref, Cref, Bref about Xref, Yref, Zref
 Standard axis orientation,  X fwd, Z down         
     CLsurf  =   0.00087     Clsurf  =  -0.00007
     CYsurf  =  -0.00002     Cmsurf  =   0.00008
     CDsurf  =   0.00001     Cnsurf  =   0.00001
     CDisurf =   0.00001     CDvsurf =   0.00000

 Forces referred to Ssurf, Cave 
     CLsurf  =   0.00407     CDsurf  =   0.00003

 Strip Forces referred to Strip Area, Chord
    j     Xle      Yle      Zle      Chord    Area     c_cl     ai     cl_norm    cl       cd       cdv    cm_c/4     cm_LE   C.P.x/c
    41   0.4000   1.2617   0.0000   0.2899   0.0020   0.0059   0.0015   0.0203   0.0203   0.0000   0.0000   0.0001  -0.0050    0.246
    42   0.4001   1.2754   0.0000   0.2895   0.0059   0.0058   0.0014   0.0202   0.0202   0.0000   0.0000   0.0001  -0.0050    0.245
    43   0.4003   1.3025   0.0000   0.2887   0.0097   0.0058   0.0014   0.0200   0.0200   0.0000   0.0000   0.0001  -0.0049    0.245
    44   0.4005   1.3423   0.0000   0.2876   0.0132   0.0056   0.0014   0.0196   0.0196   0.0000   0.0000   0.0001  -0.0048    0.245
    45   0.4009   1.3938   0.0000   0.2861   0.0163   0.0054   0.0014   0.0190   0.0190   0.0000   0.0000   0.0001  -0.0046    0.244
    46   0.4013   1.4558   0.0000   0.2842   0.0189   0.0052   0.0015   0.0182   0.0182   0.0000   0.0000   0.0001  -0.0044    0.242
    47   0.4017   1.5267   0.0000   0.2821   0.0211   0.0048   0.0015   0.0171   0.0171   0.0000   0.0000   0.0002  -0.0041    0.240
    48   0.4034   1.6218   0.0000   0.2760   0.0319   0.0043   0.0014   0.0155   0.0155   0.0000   0.0000   0.0002  -0.0037    0.238
    49   0.4064   1.7407   0.0000   0.2654   0.0323   0.0034   0.0012   0.0127   0.0127   0.0000   0.0000   0.0002  -0.0030    0.233
    50   0.4095   1.8476   0.0000   0.2533   0.0232   0.0023   0.0010   0.0093   0.0093   0.0000   0.0000   0.0002  -0.0021    0.225
    51   0.4125   1.9394   0.0000   0.2397   0.0219   0.0012   0.0008   0.0051   0.0051   0.0000   0.0000   0.0002  -0.0011    0.207
    52   0.4161   2.0215   0.0000   0.2255   0.0163  -0.0001   0.0001  -0.0004  -0.0004  -0.0000   0.0000   0.0001   0.0002    0.572
    53   0.4201   2.0922   0.0000   0.2109   0.0145  -0.0015  -0.0010  -0.0072  -0.0072   0.0000   0.0000  -0.0001   0.0017    0.231
    54   0.4256   2.1823   0.0000   0.1881   0.0207  -0.0033  -0.0032  -0.0175  -0.0175   0.0000   0.0000  -0.0007   0.0037    0.210
    55   0.4331   2.2799   0.0000   0.1570   0.0133  -0.0052  -0.0069  -0.0332  -0.0332   0.0001   0.0000  -0.0019   0.0064    0.193
    56   0.4393   2.3401   0.0000   0.1327   0.0049  -0.0061  -0.0105  -0.0457  -0.0457   0.0002   0.0000  -0.0032   0.0082    0.181
    57   0.4433   2.3732   0.0000   0.1167   0.0034  -0.0063  -0.0135  -0.0541  -0.0541   0.0004   0.0000  -0.0041   0.0093    0.173
    58   0.4499   2.4149   0.0000   0.0897   0.0046  -0.0059  -0.0155  -0.0658  -0.0658   0.0005   0.0000  -0.0055   0.0108    0.166
    59   0.4623   2.4550   0.0000   0.0412   0.0012  -0.0036  -0.0129  -0.0882  -0.0882   0.0005   0.0000  -0.0079   0.0127    0.161
    60   0.4718   2.4745   0.0000   0.0046   0.0000  -0.0008   0.0060  -0.1818  -0.1817  -0.0012   0.0000  -0.0144   0.0278    0.171

  Surface # 4     main_wing_panel_1 (YDUP)                
     # Chordwise = 12   # Spanwise = 20     First strip = 61
     Surface area Ssurf =    0.275268     Ave. chord Cave =    0.226186

 Forces referred to Sref, Cref, Bref about Xref, Yref, Zref
 Standard axis orientation,  X fwd, Z down         
     CLsurf  =   0.00087     Clsurf  =   0.00007
     CYsurf  =   0.00002     Cmsurf  =   0.00008
     CDsurf  =   0.00001     Cnsurf  =  -0.00001
     CDisurf =   0.00001     CDvsurf =   0.00000

 Forces referred to Ssurf, Cave 
     CLsurf  =   0.00407     CDsurf  =   0.00003

 Strip Forces referred to Strip Area, Chord
    j     Xle      Yle      Zle      Chord    Area     c_cl     ai     cl_norm    cl       cd       cdv    cm_c/4     cm_LE   C.P.x/c
    61   0.4000  -1.2617   0.0000   0.2899   0.0020   0.0059   0.0015   0.0203   0.0203   0.0000   0.0000   0.0001   0.0050    0.246
    62   0.4001  -1.2754   0.0000   0.2895   0.0059   0.0058   0.0014   0.0202   0.0202   0.0000   0.0000   0.0001   0.0050    0.245
    63   0.4003  -1.3025   0.0000   0.2887   0.0097   0.0058   0.0014   0.0200   0.0200   0.0000   0.0000   0.0001   0.0049    0.245
    64   0.4005  -1.3423   0.0000   0.2876   0.0132   0.0056   0.0014   0.0196   0.0196   0.0000   0.0000   0.0001   0.0048    0.245
    65   0.4009  -1.3938   0.0000   0.2861   0.0163   0.0054   0.0014   0.0190   0.0190   0.0000   0.0000   0.0001   0.0046    0.244
    66   0.4013  -1.4558   0.0000   0.2842   0.0189   0.0052   0.0015   0.0182   0.0182   0.0000   0.0000   0.0001   0.0044    0.242
    67   0.4017  -1.5267   0.0000   0.2821   0.0211   0.0048   0.0015   0.0171   0.0171   0.0000   0.0000   0.0002   0.0041    0.240
    68   0.4034  -1.6218   0.0000   0.2760   0.0319   0.0043   0.0014   0.0155   0.0155   0.0000   0.0000   0.0002   0.0037    0.238
    69   0.4064  -1.7407   0.0000   0.2654   0.0323   0.0034   0.0012   0.0127   0.0127   0.0000   0.0000   0.0002   0.0030    0.233
    70   0.4095  -1.8476   0.0000   0.2533   0.0232   0.0023   0.0010   0.0093   0.0093   0.0000   0.0000   0.0002   0.0021    0.225
    71   0.4125  -1.9394   0.0000   0.2397   0.0219   0.0012   0.0008   0.0051   0.0051   0.0000   0.0000   0.0002   0.0011    0.207
    72   0.4161  -2.0215   0.0000   0.2255   0.0163  -0.0001   0.0001  -0.0004  -0.0004  -0.0000   0.0000   0.0001  -0.0002    0.572
    73   0.4201  -2.0922   0.0000   0.2109   0.0145  -0.0015  -0.0010  -0.0072  -0.0072   0.0000   0.0000  -0.0001  -0.0017    0.231
    74   0.4256  -2.1823   0.0000   0.1881   0.0207  -0.0033  -0.0032  -0.0175  -0.0175   0.0000   0.0000  -0.0007  -0.0037    0.210
    75   0.4331  -2.2799   0.0000   0.1570   0.0133  -0.0052  -0.0069  -0.0332  -0.0332   0.0001   0.0000  -0.0019  -0.0064    0.193
    76   0.4393  -2.3401   0.0000   0.1327   0.0049  -0.0061  -0.0105  -0.0457  -0.0457   0.0002   0.0000  -0.0032  -0.0082    0.181
    77   0.4433  -2.3732   0.0000   0.1167   0.0034  -0.0063  -0.0135  -0.0541  -0.0541   0.0004   0.0000  -0.0041  -0.0093    0.173
    78   0.4499  -2.4149   0.0000   0.0897   0.0046  -0.0059  -0.0155  -0.0658  -0.0658   0.0005   0.0000  -0.0055  -0.0108    0.166
    79   0.4623  -2.4550   0.0000   0.0412   0.0012  -0.0036  -0.0129  -0.0882  -0.0882   0.0005   0.0000  -0.0079  -0.0127    0.161
    80   0.4718  -2.4745   0.0000   0.0046   0.0000  -0.0008   0.0060  -0.1818  -0.1818  -0.0012   0.0000  -0.0144  -0.0278    0.171

  Surface # 5     hstab_panel_0                           
     # Chordwise = 12   # Spanwise = 20     First strip = 81
     Surface area Ssurf =    0.043750     Ave. chord Cave =    0.125000

 Forces referred to Sref, Cref, Bref about Xref, Yref, Zref
 Standard axis orientation,  X fwd, Z down         
     CLsurf  =  -0.00013     Clsurf  =   0.00001
     CYsurf  =  -0.00000     Cmsurf  =   0.00000
     CDsurf  =   0.00000     Cnsurf  =   0.00000
     CDisurf =   0.00000     CDvsurf =   0.00000

 Forces referred to Ssurf, Cave 
     CLsurf  =  -0.00369     CDsurf  =   0.00009

 Strip Forces referred to Strip Area, Chord
    j     Xle      Yle      Zle      Chord    Area     c_cl     ai     cl_norm    cl       cd       cdv    cm_c/4     cm_LE   C.P.x/c
    81   1.8000   0.5005   0.0000   0.1499   0.0003  -0.0031  -0.0446  -0.0204  -0.0204   0.0030   0.0000  -0.0130  -0.0079   -0.387
    82   1.8002   0.5048   0.0000   0.1493   0.0010  -0.0020   0.0027  -0.0134  -0.0134   0.0008   0.0000  -0.0213  -0.0179  999.000
    83   1.8005   0.5133   0.0000   0.1481   0.0016  -0.0012   0.0073  -0.0080  -0.0080   0.0005   0.0000  -0.0288  -0.0268  999.000
    84   1.8009   0.5258   0.0000   0.1463   0.0021  -0.0007   0.0066  -0.0050  -0.0050   0.0003   0.0000  -0.0346  -0.0333  999.000
    85   1.8014   0.5419   0.0000   0.1440   0.0026  -0.0006   0.0035  -0.0039  -0.0039   0.0001   0.0000  -0.0383  -0.0373  999.000
    86   1.8021   0.5613   0.0000   0.1412   0.0029  -0.0006   0.0016  -0.0041  -0.0041   0.0001   0.0000  -0.0404  -0.0393  999.000
    87   1.8029   0.5836   0.0000   0.1381   0.0032  -0.0006   0.0004  -0.0047  -0.0047   0.0000   0.0000  -0.0414  -0.0402  999.000
    88   1.8037   0.6080   0.0000   0.1346   0.0034  -0.0007  -0.0001  -0.0053  -0.0053  -0.0000   0.0000  -0.0418  -0.0405  999.000
    89   1.8046   0.6341   0.0000   0.1308   0.0035  -0.0008  -0.0014  -0.0057  -0.0057  -0.0000   0.0000  -0.0420  -0.0405  999.000
    90   1.8055   0.6613   0.0000   0.1270   0.0035  -0.0007  -0.0008  -0.0058  -0.0058  -0.0000   0.0000  -0.0420  -0.0405  999.000
    91   1.8065   0.6887   0.0000   0.1230   0.0034  -0.0007  -0.0006  -0.0055  -0.0055  -0.0000   0.0000  -0.0419  -0.0405  999.000
    92   1.8074   0.7159   0.0000   0.1192   0.0032  -0.0006  -0.0002  -0.0048  -0.0048  -0.0000   0.0000  -0.0418  -0.0406  999.000
    93   1.8083   0.7420   0.0000   0.1154   0.0029  -0.0004  -0.0005  -0.0036  -0.0036  -0.0000   0.0000  -0.0416  -0.0407  999.000
    94   1.8091   0.7664   0.0000   0.1119   0.0026  -0.0002   0.0003  -0.0018  -0.0018  -0.0000   0.0000  -0.0413  -0.0408  999.000
    95   1.8099   0.7887   0.0000   0.1088   0.0023   0.0000   0.0013   0.0004   0.0004   0.0000   0.0000  -0.0406  -0.0406  999.000
    96   1.8106   0.8081   0.0000   0.1060   0.0019   0.0003   0.0033   0.0030   0.0030   0.0000   0.0000  -0.0390  -0.0397  999.000
    97   1.8111   0.8242   0.0000   0.1037   0.0015   0.0006   0.0171   0.0053   0.0053   0.0001   0.0000  -0.0358  -0.0372  999.000
    98   1.8115   0.8367   0.0000   0.1019   0.0011   0.0007   0.0096   0.0065   0.0065   0.0002   0.0000  -0.0299  -0.0315  999.000
    99   1.8118   0.8452   0.0000   0.1007   0.0006   0.0005   0.0139   0.0054   0.0054   0.0002   0.0000  -0.0203  -0.0216  999.000
   100   1.8120   0.8495   0.0000   0.1001   0.0002   0.0002   0.0167   0.0021   0.0021   0.0001   0.0000  -0.0072  -0.0078  999.000

  Surface # 6     hstab_panel_0 (YDUP)                    
     # Chordwise = 12   # Spanwise = 20     First strip =101
     Surface area Ssurf =    0.043750     Ave. chord Cave =    0.125000

 Forces referred to Sref, Cref, Bref about Xref, Yref, Zref
 Standard axis orientation,  X fwd, Z down         
     CLsurf  =   0.00002     Clsurf  =   0.00000
     CYsurf  =   0.00000     Cmsurf  =  -0.00073
     CDsurf  =  -0.00000     Cnsurf  =  -0.00000
     CDisurf =  -0.00000     CDvsurf =   0.00000

 Forces referred to Ssurf, Cave 
     CLsurf  =   0.00051     CDsurf  =  -0.00000

 Strip Forces referred to Strip Area, Chord
    j     Xle      Yle      Zle      Chord    Area     c_cl     ai     cl_norm    cl       cd       cdv    cm_c/4     cm_LE   C.P.x/c
   101   1.8000  -0.5005   0.0000   0.1499   0.0003   0.0003  -0.1110   0.0019   0.0019   0.0000   0.0000  -0.0056   0.0061  999.000
   102   1.8002  -0.5048   0.0000   0.1493   0.0010   0.0008  -0.0030   0.0054   0.0054   0.0001   0.0000  -0.0163   0.0177  999.000
   103   1.8005  -0.5133   0.0000   0.1481   0.0016   0.0011   0.0082   0.0075   0.0075   0.0001   0.0000  -0.0257   0.0275  999.000
   104   1.8009  -0.5258   0.0000   0.1463   0.0021   0.0011   0.0084   0.0075   0.0075   0.0000   0.0000  -0.0328   0.0347  999.000
   105   1.8014  -0.5419   0.0000   0.1440   0.0026   0.0008   0.0046   0.0058   0.0058   0.0000   0.0000  -0.0375   0.0389  999.000
   106   1.8021  -0.5613   0.0000   0.1412   0.0029   0.0005   0.0021   0.0032   0.0032  -0.0000   0.0000  -0.0401   0.0409  999.000
   107   1.8029  -0.5836   0.0000   0.1381   0.0032   0.0001   0.0005   0.0007   0.0007  -0.0000   0.0000  -0.0414   0.0416  999.000
   108   1.8037  -0.6080   0.0000   0.1346   0.0034  -0.0002  -0.0003  -0.0014  -0.0014  -0.0000   0.0000  -0.0419   0.0416  999.000
   109   1.8046  -0.6341   0.0000   0.1308   0.0035  -0.0004  -0.0016  -0.0029  -0.0029  -0.0000   0.0000  -0.0421   0.0413  999.000
   110   1.8055  -0.6613   0.0000   0.1270   0.0035  -0.0005  -0.0009  -0.0038  -0.0038  -0.0000   0.0000  -0.0421   0.0411  999.000
   111   1.8065  -0.6887   0.0000   0.1230   0.0034  -0.0005  -0.0008  -0.0041  -0.0041  -0.0000   0.0000  -0.0420   0.0410  999.000
   112   1.8074  -0.7159   0.0000   0.1192   0.0032  -0.0004  -0.0003  -0.0037  -0.0037  -0.0000   0.0000  -0.0419   0.0409  999.000
   113   1.8083  -0.7420   0.0000   0.1154   0.0029  -0.0003  -0.0006  -0.0028  -0.0028  -0.0000   0.0000  -0.0417   0.0409  999.000
   114   1.8091  -0.7664   0.0000   0.1119   0.0026  -0.0001   0.0002  -0.0012  -0.0012  -0.0000   0.0000  -0.0413   0.0410  999.000
   115   1.8099  -0.7887   0.0000   0.1088   0.0023   0.0001   0.0013   0.0009   0.0009  -0.0000   0.0000  -0.0406   0.0408  999.000
   116   1.8106  -0.8081   0.0000   0.1060   0.0019   0.0004   0.0033   0.0033   0.0033   0.0000   0.0000  -0.0390   0.0399  999.000
   117   1.8111  -0.8242   0.0000   0.1037   0.0015   0.0006   0.0171   0.0056   0.0056   0.0001   0.0000  -0.0359   0.0372  999.000
   118   1.8115  -0.8367   0.0000   0.1019   0.0011   0.0007   0.0095   0.0066   0.0066   0.0002   0.0000  -0.0299   0.0315  999.000
   119   1.8118  -0.8452   0.0000   0.1007   0.0006   0.0006   0.0138   0.0055   0.0055   0.0002   0.0000  -0.0203   0.0216  999.000
   120   1.8120  -0.8495   0.0000   0.1001   0.0002   0.0002   0.0167   0.0022   0.0022   0.0001   0.0000  -0.0072   0.0078  999.000

  Surface # 7     fin_panel_0                             
     # Chordwise = 12   # Spanwise = 20     First strip =121
     Surface area Ssurf =    0.050000     Ave. chord Cave =    0.125000

 Forces referred to Sref, Cref, Bref about Xref, Yref, Zref
 Standard axis orientation,  X fwd, Z down         
     CLsurf  =  -0.00000     Clsurf  =   0.00000
     CYsurf  =  -0.00002     Cmsurf  =   0.00000
     CDsurf  =  -0.00000     Cnsurf  =   0.00000
     CDisurf =  -0.00000     CDvsurf =   0.00000

 Forces referred to Ssurf, Cave 
     CLsurf  =  -0.00049     CDsurf  =  -0.00005

 Strip Forces referred to Strip Area, Chord
    j     Xle      Yle      Zle      Chord    Area     c_cl     ai     cl_norm    cl       cd       cdv    cm_c/4     cm_LE   C.P.x/c
   121   1.8000   0.5000   0.3994   0.1499   0.0004   0.0000   0.0011   0.0003   0.0003   0.0000   0.0000  -0.0002  -0.0003    1.086
   122   1.8002   0.5000   0.3945   0.1493   0.0011   0.0001   0.0011   0.0008   0.0008   0.0000   0.0000  -0.0006  -0.0008    1.067
   123   1.8005   0.5000   0.3848   0.1481   0.0018   0.0002   0.0010   0.0012   0.0012   0.0000   0.0000  -0.0010  -0.0013    1.031
   124   1.8009   0.5000   0.3705   0.1463   0.0024   0.0002   0.0009   0.0017   0.0016   0.0000   0.0000  -0.0012  -0.0016    0.981
   125   1.8014   0.5000   0.3521   0.1440   0.0029   0.0003   0.0009   0.0020   0.0020   0.0000   0.0000  -0.0014  -0.0019    0.919
   126   1.8021   0.5000   0.3299   0.1412   0.0034   0.0003   0.0009   0.0024   0.0024   0.0000   0.0000  -0.0014  -0.0020    0.852
   127   1.8029   0.5000   0.3045   0.1381   0.0037   0.0004   0.0009   0.0027   0.0027   0.0000   0.0000  -0.0015  -0.0022    0.787
   128   1.8037   0.5000   0.2765   0.1346   0.0039   0.0004   0.0010   0.0031   0.0031   0.0000   0.0000  -0.0015  -0.0022    0.730
   129   1.8046   0.5000   0.2467   0.1308   0.0040   0.0004   0.0012   0.0034   0.0034   0.0000   0.0000  -0.0015  -0.0023    0.685
   130   1.8055   0.5000   0.2157   0.1270   0.0040   0.0004   0.0014   0.0035   0.0035   0.0000   0.0000  -0.0014  -0.0023    0.658
   131   1.8065   0.5000   0.1843   0.1230   0.0038   0.0004   0.0017   0.0034   0.0034   0.0000   0.0000  -0.0014  -0.0022    0.654
   132   1.8074   0.5000   0.1533   0.1192   0.0036   0.0003   0.0020   0.0029   0.0029   0.0000   0.0000  -0.0013  -0.0020    0.702
   133   1.8083   0.5000   0.1235   0.1154   0.0033   0.0002   0.0023   0.0017   0.0017   0.0000   0.0000  -0.0012  -0.0017    0.971
   134   1.8091   0.5000   0.0955   0.1119   0.0030  -0.0001   0.0025  -0.0005  -0.0005   0.0000   0.0000  -0.0012  -0.0011  999.000
   135   1.8099   0.5000   0.0701   0.1088   0.0026  -0.0005   0.0024  -0.0042  -0.0042  -0.0000   0.0000  -0.0014  -0.0003   -0.082
   136   1.8106   0.5000   0.0479   0.1060   0.0022  -0.0010   0.0013  -0.0097  -0.0096  -0.0000   0.0000  -0.0022   0.0002    0.017
   137   1.8111   0.5000   0.0295   0.1037   0.0017  -0.0017  -0.0020  -0.0169  -0.0169  -0.0001   0.0000  -0.0045  -0.0003   -0.020
   138   1.8115   0.5000   0.0152   0.1019   0.0012  -0.0025  -0.0086  -0.0248  -0.0248  -0.0004   0.0000  -0.0089  -0.0026   -0.108
   139   1.8118   0.5000   0.0055   0.1007   0.0007  -0.0032  -0.0209  -0.0319  -0.0318  -0.0009   0.0000  -0.0143  -0.0063   -0.199
   140   1.8120   0.5000   0.0006   0.1001   0.0002  -0.0037  -0.0837  -0.0368  -0.0367  -0.0056   0.0000  -0.0183  -0.0090   -0.248

  Surface # 8     hstab_panel_0                           
     # Chordwise = 12   # Spanwise = 20     First strip =141
     Surface area Ssurf =    0.043750     Ave. chord Cave =    0.125000

 Forces referred to Sref, Cref, Bref about Xref, Yref, Zref
 Standard axis orientation,  X fwd, Z down         
     CLsurf  =  -0.00012     Clsurf  =  -0.00001
     CYsurf  =  -0.00000     Cmsurf  =  -0.00004
     CDsurf  =   0.00000     Cnsurf  =   0.00000
     CDisurf =   0.00000     CDvsurf =   0.00000

 Forces referred to Ssurf, Cave 
     CLsurf  =  -0.00343     CDsurf  =   0.00009

 Strip Forces referred to Strip Area, Chord
    j     Xle      Yle      Zle      Chord    Area     c_cl     ai     cl_norm    cl       cd       cdv    cm_c/4     cm_LE   C.P.x/c
   141   1.8000  -0.4995   0.0000   0.1499   0.0003  -0.0030  -0.0440  -0.0201  -0.0201   0.0030   0.0000  -0.0130  -0.0079   -0.397
   142   1.8002  -0.4952   0.0000   0.1493   0.0010  -0.0020   0.0028  -0.0131  -0.0131   0.0008   0.0000  -0.0213  -0.0180  999.000
   143   1.8005  -0.4867   0.0000   0.1481   0.0016  -0.0011   0.0072  -0.0077  -0.0077   0.0005   0.0000  -0.0288  -0.0269  999.000
   144   1.8009  -0.4742   0.0000   0.1463   0.0021  -0.0007   0.0061  -0.0047  -0.0047   0.0003   0.0000  -0.0346  -0.0334  999.000
   145   1.8014  -0.4581   0.0000   0.1440   0.0026  -0.0005   0.0036  -0.0036  -0.0036   0.0001   0.0000  -0.0383  -0.0374  999.000
   146   1.8021  -0.4387   0.0000   0.1412   0.0029  -0.0005   0.0011  -0.0038  -0.0038   0.0001   0.0000  -0.0404  -0.0394  999.000
   147   1.8029  -0.4164   0.0000   0.1381   0.0032  -0.0006   0.0005  -0.0044  -0.0044   0.0000   0.0000  -0.0414  -0.0403  999.000
   148   1.8037  -0.3920   0.0000   0.1346   0.0034  -0.0007  -0.0003  -0.0051  -0.0051  -0.0000   0.0000  -0.0418  -0.0405  999.000
   149   1.8046  -0.3659   0.0000   0.1308   0.0035  -0.0007  -0.0007  -0.0055  -0.0055  -0.0000   0.0000  -0.0420  -0.0406  999.000
   150   1.8055  -0.3387   0.0000   0.1270   0.0035  -0.0007  -0.0005  -0.0056  -0.0056  -0.0000   0.0000  -0.0420  -0.0406  999.000
   151   1.8065  -0.3113   0.0000   0.1230   0.0034  -0.0006  -0.0007  -0.0053  -0.0053  -0.0000   0.0000  -0.0419  -0.0406  999.000
   152   1.8074  -0.2841   0.0000   0.1192   0.0032  -0.0005  -0.0006  -0.0045  -0.0045  -0.0000   0.0000  -0.0418  -0.0406  999.000
   153   1.8083  -0.2580   0.0000   0.1154   0.0029  -0.0004   0.0002  -0.0033  -0.0033  -0.0000   0.0000  -0.0416  -0.0408  999.000
   154   1.8091  -0.2336   0.0000   0.1119   0.0026  -0.0002   0.0002  -0.0015  -0.0015  -0.0000   0.0000  -0.0413  -0.0409  999.000
   155   1.8099  -0.2113   0.0000   0.1088   0.0023   0.0001   0.0012   0.0007   0.0007   0.0000   0.0000  -0.0406  -0.0407  999.000
   156   1.8106  -0.1919   0.0000   0.1060   0.0019   0.0003   0.0029   0.0032   0.0032   0.0000   0.0000  -0.0390  -0.0398  999.000
   157   1.8111  -0.1758   0.0000   0.1037   0.0015   0.0006   0.0059   0.0055   0.0055   0.0001   0.0000  -0.0358  -0.0372  999.000
   158   1.8115  -0.1633   0.0000   0.1019   0.0011   0.0007   0.0099   0.0066   0.0066   0.0002   0.0000  -0.0299  -0.0315  999.000
   159   1.8118  -0.1548   0.0000   0.1007   0.0006   0.0006   0.0140   0.0055   0.0055   0.0002   0.0000  -0.0203  -0.0216  999.000
   160   1.8120  -0.1505   0.0000   0.1001   0.0002   0.0002   0.0168   0.0022   0.0022   0.0001   0.0000  -0.0072  -0.0078  999.000

  Surface # 9     hstab_panel_0 (YDUP)                    
     # Chordwise = 12   # Spanwise = 20     First strip =161
     Surface area Ssurf =    0.043750     Ave. chord Cave =    0.125000

 Forces referred to Sref, Cref, Bref about Xref, Yref, Zref
 Standard axis orientation,  X fwd, Z down         
     CLsurf  =   0.00002     Clsurf  =  -0.00000
     CYsurf  =   0.00000     Cmsurf  =  -0.00076
     CDsurf  =  -0.00000     Cnsurf  =  -0.00000
     CDisurf =  -0.00000     CDvsurf =   0.00000

 Forces referred to Ssurf, Cave 
     CLsurf  =   0.00072     CDsurf  =  -0.00000

 Strip Forces referred to Strip Area, Chord
    j     Xle      Yle      Zle      Chord    Area     c_cl     ai     cl_norm    cl       cd       cdv    cm_c/4     cm_LE   C.P.x/c
   161   1.8000   0.4995   0.0000   0.1499   0.0003   0.0003  -0.1111   0.0019   0.0019   0.0000   0.0000  -0.0056   0.0061  999.000
   162   1.8002   0.4952   0.0000   0.1493   0.0010   0.0008  -0.0031   0.0054   0.0054   0.0001   0.0000  -0.0164   0.0177  999.000
   163   1.8005   0.4867   0.0000   0.1481   0.0016   0.0011   0.0081   0.0076   0.0076   0.0001   0.0000  -0.0257   0.0275  999.000
   164   1.8009   0.4742   0.0000   0.1463   0.0021   0.0011   0.0079   0.0077   0.0077   0.0000   0.0000  -0.0328   0.0347  999.000
   165   1.8014   0.4581   0.0000   0.1440   0.0026   0.0009   0.0048   0.0060   0.0060   0.0000   0.0000  -0.0375   0.0390  999.000
   166   1.8021   0.4387   0.0000   0.1412   0.0029   0.0005   0.0015   0.0034   0.0034  -0.0000   0.0000  -0.0401   0.0410  999.000
   167   1.8029   0.4164   0.0000   0.1381   0.0032   0.0001   0.0005   0.0009   0.0009  -0.0000   0.0000  -0.0414   0.0416  999.000
   168   1.8037   0.3920   0.0000   0.1346   0.0034  -0.0002  -0.0004  -0.0012  -0.0012  -0.0000   0.0000  -0.0419   0.0416  999.000
   169   1.8046   0.3659   0.0000   0.1308   0.0035  -0.0004  -0.0009  -0.0027  -0.0027  -0.0000   0.0000  -0.0421   0.0414  999.000
   170   1.8055   0.3387   0.0000   0.1270   0.0035  -0.0005  -0.0007  -0.0036  -0.0036  -0.0000   0.0000  -0.0421   0.0412  999.000
   171   1.8065   0.3113   0.0000   0.1230   0.0034  -0.0005  -0.0009  -0.0038  -0.0038  -0.0000   0.0000  -0.0420   0.0410  999.000
   172   1.8074   0.2841   0.0000   0.1192   0.0032  -0.0004  -0.0008  -0.0035  -0.0035  -0.0000   0.0000  -0.0419   0.0410  999.000
   173   1.8083   0.2580   0.0000   0.1154   0.0029  -0.0003   0.0001  -0.0025  -0.0025  -0.0000   0.0000  -0.0417   0.0410  999.000
   174   1.8091   0.2336   0.0000   0.1119   0.0026  -0.0001   0.0001  -0.0010  -0.0010  -0.0000   0.0000  -0.0413   0.0410  999.000
   175   1.8099   0.2113   0.0000   0.1088   0.0023   0.0001   0.0011   0.0011   0.0011  -0.0000   0.0000  -0.0406   0.0408  999.000
   176   1.8106   0.1919   0.0000   0.1060   0.0019   0.0004   0.0028   0.0036   0.0036   0.0000   0.0000  -0.0390   0.0399  999.000
   177   1.8111   0.1758   0.0000   0.1037   0.0015   0.0006   0.0059   0.0058   0.0058   0.0001   0.0000  -0.0359   0.0373  999.000
   178   1.8115   0.1633   0.0000   0.1019   0.0011   0.0007   0.0098   0.0068   0.0068   0.0002   0.0000  -0.0299   0.0316  999.000
   179   1.8118   0.1548   0.0000   0.1007   0.0006   0.0006   0.0139   0.0056   0.0056   0.0002   0.0000  -0.0203   0.0217  999.000
   180   1.8120   0.1505   0.0000   0.1001   0.0002   0.0002   0.0167   0.0022   0.0022   0.0001   0.0000  -0.0072   0.0078  999.000

  Surface #10     fin_panel_0                             
     # Chordwise = 12   # Spanwise = 20     First strip =181
     Surface area Ssurf =    0.050000     Ave. chord Cave =    0.125000

 Forces referred to Sref, Cref, Bref about Xref, Yref, Zref
 Standard axis orientation,  X fwd, Z down         
     CLsurf  =  -0.00000     Clsurf  =   0.00000
     CYsurf  =   0.00001     Cmsurf  =   0.00000
     CDsurf  =  -0.00000     Cnsurf  =  -0.00000
     CDisurf =  -0.00000     CDvsurf =   0.00000

 Forces referred to Ssurf, Cave 
     CLsurf  =   0.00022     CDsurf  =  -0.00005

 Strip Forces referred to Strip Area, Chord
    j     Xle      Yle      Zle      Chord    Area     c_cl     ai     cl_norm    cl       cd       cdv    cm_c/4     cm_LE   C.P.x/c
   181   1.8000  -0.5000   0.3994   0.1499   0.0004   0.0001   0.0011   0.0003   0.0003   0.0000   0.0000  -0.0002  -0.0003    0.883
   182   1.8002  -0.5000   0.3945   0.1493   0.0011   0.0001   0.0010   0.0010   0.0010   0.0000   0.0000  -0.0006  -0.0009    0.868
   183   1.8005  -0.5000   0.3848   0.1481   0.0018   0.0002   0.0009   0.0016   0.0016   0.0000   0.0000  -0.0009  -0.0013    0.841
   184   1.8009  -0.5000   0.3705   0.1463   0.0024   0.0003   0.0008   0.0021   0.0021   0.0000   0.0000  -0.0012  -0.0017    0.804
   185   1.8014  -0.5000   0.3521   0.1440   0.0029   0.0004   0.0008   0.0026   0.0026   0.0000   0.0000  -0.0013  -0.0020    0.759
   186   1.8021  -0.5000   0.3299   0.1412   0.0034   0.0004   0.0008   0.0031   0.0031   0.0000   0.0000  -0.0014  -0.0022    0.712
   187   1.8029  -0.5000   0.3045   0.1381   0.0037   0.0005   0.0008   0.0035   0.0035   0.0000   0.0000  -0.0015  -0.0023    0.667
   188   1.8037  -0.5000   0.2765   0.1346   0.0039   0.0005   0.0009   0.0039   0.0039   0.0000   0.0000  -0.0015  -0.0025    0.628
   189   1.8046  -0.5000   0.2467   0.1308   0.0040   0.0006   0.0011   0.0042   0.0042   0.0000   0.0000  -0.0015  -0.0025    0.598
   190   1.8055  -0.5000   0.2157   0.1270   0.0040   0.0006   0.0013   0.0044   0.0044   0.0000   0.0000  -0.0014  -0.0025    0.579
   191   1.8065  -0.5000   0.1843   0.1230   0.0038   0.0005   0.0015   0.0043   0.0043   0.0000   0.0000  -0.0014  -0.0025    0.575
   192   1.8074  -0.5000   0.1533   0.1192   0.0036   0.0004   0.0018   0.0037   0.0037   0.0000   0.0000  -0.0013  -0.0023    0.604
   193   1.8083  -0.5000   0.1235   0.1154   0.0033   0.0003   0.0022   0.0025   0.0025   0.0000   0.0000  -0.0012  -0.0019    0.745
   194   1.8091  -0.5000   0.0955   0.1119   0.0030   0.0000   0.0024   0.0002   0.0002   0.0000   0.0000  -0.0012  -0.0013  999.000
   195   1.8099  -0.5000   0.0701   0.1088   0.0026  -0.0004   0.0022  -0.0035  -0.0035  -0.0000   0.0000  -0.0014  -0.0005   -0.154
   196   1.8106  -0.5000   0.0479   0.1060   0.0022  -0.0010   0.0011  -0.0090  -0.0090  -0.0000   0.0000  -0.0023   0.0000   -0.001
   197   1.8111  -0.5000   0.0295   0.1037   0.0017  -0.0017  -0.0022  -0.0163  -0.0163  -0.0001   0.0000  -0.0046  -0.0005   -0.030
   198   1.8115  -0.5000   0.0152   0.1019   0.0012  -0.0025  -0.0088  -0.0243  -0.0243  -0.0003   0.0000  -0.0089  -0.0028   -0.116
   199   1.8118  -0.5000   0.0055   0.1007   0.0007  -0.0032  -0.0211  -0.0314  -0.0313  -0.0009   0.0000  -0.0143  -0.0064   -0.207
   200   1.8120  -0.5000   0.0006   0.1001   0.0002  -0.0036  -0.0842  -0.0363  -0.0363  -0.0056   0.0000  -0.0183  -0.0092   -0.255
 ---------------------------------------------------------------
