 ---------------------------------------------------------------
 Surface and Strip Forces by surface

  Sref =  1.2850       Cref = 0.25900       Bref =  4.9540    
  Xref = 0.50000       Yref =  0.0000       Zref =  0.0000    

  Surface # 1     main_wing_panel_0                       
     # Chordwise = 12   # Spanwise = 20     First strip =  1
     Surface area Ssurf =    0.365400     Ave. chord Cave =    0.290000

 Forces referred to Sref, Cref, Bref about Xref, Yref, Zref
 Standard axis orientation,  X fwd, Z down         
     CLsurf  =   0.05261     Clsurf  =  -0.00662
     CYsurf  =   0.00000     Cmsurf  =   0.00793
     CDsurf  =   0.00014     Cnsurf  =   0.00006
     CDisurf =   0.00014     CDvsurf =   0.00000

 Forces referred to Ssurf, Cave 
     CLsurf  =   0.18500     CDsurf  =   0.00050

 Strip Forces referred to Strip Area, Chord
    j     Xle      Yle      Zle      Chord    Area     c_cl     ai     cl_norm    cl       cd       cdv    cm_c/4     cm_LE   C.P.x/c
     1   0.4000   0.0019   0.0000   0.2900   0.0022   0.0546   0.0014   0.1884   0.1884   0.0004   0.0000   0.0074  -0.0397    0.211
     2   0.4000   0.0174   0.0000   0.2900   0.0067   0.0546   0.0013   0.1884   0.1884   0.0004   0.0000   0.0074  -0.0397    0.211
     3   0.4000   0.0480   0.0000   0.2900   0.0110   0.0546   0.0010   0.1884   0.1884   0.0004   0.0000   0.0074  -0.0397    0.211
     4   0.4000   0.0928   0.0000   0.2900   0.0150   0.0546  -0.0005   0.1884   0.1884   0.0004   0.0000   0.0074  -0.0397    0.211
     5   0.4000   0.1509   0.0000   0.2900   0.0186   0.0546  -0.0277   0.1883   0.1883   0.0004   0.0000   0.0074  -0.0397    0.211
     6   0.4000   0.2208   0.0000   0.2900   0.0218   0.0546  -0.0139   0.1882   0.1882   0.0004   0.0000   0.0074  -0.0396    0.211
     7   0.4000   0.3008   0.0000   0.2900   0.0244   0.0545   0.0155   0.1879   0.1879   0.0005   0.0000   0.0074  -0.0396    0.211
     8   0.4000   0.3889   0.0000   0.2900   0.0265   0.0544   0.0106   0.1876   0.1876   0.0005   0.0000   0.0074  -0.0395    0.211
     9   0.4000   0.4829   0.0000   0.2900   0.0279   0.0543  -0.0298   0.1872   0.1872   0.0005   0.0000   0.0074  -0.0394    0.211
    10   0.4000   0.5806   0.0000   0.2900   0.0286   0.0541   0.0119   0.1866   0.1866   0.0005   0.0000   0.0074  -0.0393    0.210
    11   0.4000   0.6794   0.0000   0.2900   0.0286   0.0539   0.0052   0.1859   0.1859   0.0005   0.0000   0.0074  -0.0391    0.210
    12   0.4000   0.7771   0.0000   0.2900   0.0279   0.0536   0.0458   0.1850   0.1850   0.0005   0.0000   0.0073  -0.0389    0.210
    13   0.4000   0.8711   0.0000   0.2900   0.0265   0.0533  -0.0034   0.1839   0.1839   0.0005   0.0000   0.0073  -0.0386    0.210
    14   0.4000   0.9592   0.0000   0.2900   0.0244   0.0530   0.0037   0.1827   0.1827   0.0005   0.0000   0.0073  -0.0384    0.210
    15   0.4000   1.0392   0.0000   0.2900   0.0218   0.0526   0.0049   0.1813   0.1813   0.0006   0.0000   0.0073  -0.0380    0.210
    16   0.4000   1.1091   0.0000   0.2900   0.0186   0.0522   0.0056   0.1799   0.1799   0.0006   0.0000   0.0073  -0.0377    0.210
    17   0.4000   1.1672   0.0000   0.2900   0.0150   0.0518   0.0060   0.1786   0.1786   0.0006   0.0000   0.0072  -0.0374    0.209
    18   0.4000   1.2120   0.0000   0.2900   0.0110   0.0514   0.0064   0.1773   0.1773   0.0006   0.0000   0.0072  -0.0371    0.209
    19   0.4000   1.2426   0.0000   0.2900   0.0067   0.0512   0.0066   0.1764   0.1764   0.0006   0.0000   0.0072  -0.0369    0.209
    20   0.4000   1.2581   0.0000   0.2900   0.0022   0.0510   0.0068   0.1759   0.1759   0.0007   0.0000   0.0072  -0.0368    0.209

  Surface # 2     main_wing_panel_0 (YDUP)                
     # Chordwise = 12   # Spanwise = 20     First strip = 21
     Surface area Ssurf =    0.365400     Ave. chord Cave =    0.290000

 Forces referred to Sref, Cref, Bref about Xref, Yref, Zref
 Standard axis orientation,  X fwd, Z down         
     CLsurf  =   0.05261     Clsurf  =   0.00662
     CYsurf  =  -0.00000     Cmsurf  =   0.00793
     CDsurf  =   0.00014     Cnsurf  =  -0.00006
     CDisurf =   0.00014     CDvsurf =   0.00000

 Forces referred to Ssurf, Cave 
     CLsurf  =   0.18500     CDsurf  =   0.00050

 Strip Forces referred to Strip Area, Chord
    j     Xle      Yle      Zle      Chord    Area     c_cl     ai     cl_norm    cl       cd       cdv    cm_c/4     cm_LE   C.P.x/c
    21   0.4000  -0.0019   0.0000   0.2900   0.0022   0.0546   0.0014   0.1884   0.1884   0.0004   0.0000   0.0074   0.0397    0.211
    22   0.4000  -0.0174   0.0000   0.2900   0.0067   0.0546   0.0013   0.1884   0.1884   0.0004   0.0000   0.0074   0.0397    0.211
    23   0.4000  -0.0480   0.0000   0.2900   0.0110   0.0546   0.0010   0.1884   0.1884   0.0004   0.0000   0.0074   0.0397    0.211
    24   0.4000  -0.0928   0.0000   0.2900   0.0150   0.0546  -0.0005   0.1884   0.1884   0.0004   0.0000   0.0074   0.0397    0.211
    25   0.4000  -0.1509   0.0000   0.2900   0.0186   0.0546  -0.0278   0.1883   0.1883   0.0004   0.0000   0.0074   0.0397    0.211
    26   0.4000  -0.2208   0.0000   0.2900   0.0218   0.0546  -0.0140   0.1882   0.1882   0.0004   0.0000   0.0074   0.0396    0.211
    27   0.4000  -0.3008   0.0000   0.2900   0.0244   0.0545   0.0156   0.1879   0.1879   0.0005   0.0000   0.0074   0.0396    0.211
    28   0.4000  -0.3889   0.0000   0.2900   0.0265   0.0544   0.0106   0.1876   0.1876   0.0005   0.0000   0.0074   0.0395    0.211
    29   0.4000  -0.4829   0.0000   0.2900   0.0279   0.0543  -0.0238   0.1872   0.1872   0.0005   0.0000   0.0074   0.0394    0.211
    30   0.4000  -0.5806   0.0000   0.2900   0.0286   0.0541   0.0120   0.1866   0.1866   0.0005   0.0000   0.0074   0.0393    0.210
    31   0.4000  -0.6794   0.0000   0.2900   0.0286   0.0539   0.0052   0.1859   0.1859   0.0005   0.0000   0.0074   0.0391    0.210
    32   0.4000  -0.7771   0.0000   0.2900   0.0279   0.0536   0.0458   0.1850   0.1850   0.0005   0.0000   0.0073   0.0389    0.210
    33   0.4000  -0.8711   0.0000   0.2900   0.0265   0.0533  -0.0034   0.1839   0.1839   0.0005   0.0000   0.0073   0.0386    0.210
    34   0.4000  -0.9592   0.0000   0.2900   0.0244   0.0530   0.0037   0.1827   0.1827   0.0005   0.0000   0.0073   0.0384    0.210
    35   0.4000  -1.0392   0.0000   0.2900   0.0218   0.0526   0.0049   0.1813   0.1813   0.0006   0.0000   0.0073   0.0380    0.210
    36   0.4000  -1.1091   0.0000   0.2900   0.0186   0.0522   0.0056   0.1799   0.1799   0.0006   0.0000   0.0073   0.0377    0.210
    37   0.4000  -1.1672   0.0000   0.2900   0.0150   0.0518   0.0060   0.1786   0.1786   0.0006   0.0000   0.0072   0.0374    0.209
    38   0.4000  -1.2120   0.0000   0.2900   0.0110   0.0514   0.0064   0.1773   0.1773   0.0006   0.0000   0.0072   0.0371    0.209
    39   0.4000  -1.2426   0.0000   0.2900   0.0067   0.0512   0.0066   0.1764   0.1764   0.0006   0.0000   0.0072   0.0369    0.209
    40   0.4000  -1.2581   0.0000   0.2900   0.0022   0.0510   0.0068   0.1759   0.1759   0.0007   0.0000   0.0072   0.0368    0.209

  Surface # 3     main_wing_panel_1                       
     # Chordwise = 12   # Spanwise = 20     First strip = 41
     Surface area Ssurf =    0.275268     Ave. chord Cave =    0.226186

 Forces referred to Sref, Cref, Bref about Xref, Yref, Zref
 Standard axis orientation,  X fwd, Z down         
     CLsurf  =   0.03246     Clsurf  =  -0.01135
     CYsurf  =   0.00004     Cmsurf  =   0.00490
     CDsurf  =   0.00010     Cnsurf  =   0.00010
     CDisurf =   0.00010     CDvsurf =   0.00000

 Forces referred to Ssurf, Cave 
     CLsurf  =   0.15155     CDsurf  =   0.00046

 Strip Forces referred to Strip Area, Chord
    j     Xle      Yle      Zle      Chord    Area     c_cl     ai     cl_norm    cl       cd       cdv    cm_c/4     cm_LE   C.P.x/c
    41   0.4000   1.2617   0.0000   0.2899   0.0020   0.0510   0.0068   0.1759   0.1759   0.0007   0.0000   0.0072  -0.0368    0.209
    42   0.4001   1.2754   0.0000   0.2895   0.0059   0.0508   0.0068   0.1756   0.1756   0.0006   0.0000   0.0072  -0.0367    0.209
    43   0.4003   1.3025   0.0000   0.2887   0.0097   0.0506   0.0068   0.1751   0.1751   0.0006   0.0000   0.0072  -0.0365    0.209
    44   0.4005   1.3423   0.0000   0.2876   0.0132   0.0501   0.0070   0.1741   0.1741   0.0006   0.0000   0.0072  -0.0363    0.208
    45   0.4009   1.3938   0.0000   0.2861   0.0163   0.0494   0.0071   0.1726   0.1726   0.0006   0.0000   0.0073  -0.0359    0.208
    46   0.4013   1.4558   0.0000   0.2842   0.0189   0.0484   0.0074   0.1704   0.1704   0.0007   0.0000   0.0073  -0.0354    0.207
    47   0.4017   1.5267   0.0000   0.2821   0.0211   0.0472   0.0077   0.1672   0.1672   0.0007   0.0000   0.0072  -0.0346    0.207
    48   0.4034   1.6218   0.0000   0.2760   0.0319   0.0452   0.0077   0.1638   0.1638   0.0007   0.0000   0.0073  -0.0336    0.205
    49   0.4064   1.7407   0.0000   0.2654   0.0323   0.0421   0.0073   0.1586   0.1586   0.0006   0.0000   0.0073  -0.0323    0.204
    50   0.4095   1.8476   0.0000   0.2533   0.0232   0.0385   0.0065   0.1519   0.1519   0.0005   0.0000   0.0073  -0.0307    0.202
    51   0.4125   1.9394   0.0000   0.2397   0.0219   0.0347   0.0052   0.1446   0.1446   0.0004   0.0000   0.0071  -0.0291    0.201
    52   0.4161   2.0215   0.0000   0.2255   0.0163   0.0309   0.0041   0.1371   0.1371   0.0003   0.0000   0.0069  -0.0273    0.200
    53   0.4201   2.0922   0.0000   0.2109   0.0145   0.0273   0.0031   0.1295   0.1295   0.0002   0.0000   0.0068  -0.0255    0.197
    54   0.4256   2.1823   0.0000   0.1881   0.0207   0.0232   0.0023   0.1232   0.1232   0.0001   0.0000   0.0069  -0.0239    0.194
    55   0.4331   2.2799   0.0000   0.1570   0.0133   0.0184   0.0014   0.1174   0.1173   0.0001   0.0000   0.0071  -0.0221    0.189
    56   0.4393   2.3401   0.0000   0.1327   0.0049   0.0149   0.0008   0.1121   0.1121   0.0000   0.0000   0.0073  -0.0206    0.185
    57   0.4433   2.3732   0.0000   0.1167   0.0034   0.0122   0.0008   0.1044   0.1044   0.0000   0.0000   0.0072  -0.0188    0.181
    58   0.4499   2.4149   0.0000   0.0897   0.0046   0.0091   0.0004   0.1014   0.1014  -0.0000   0.0000   0.0074  -0.0177    0.177
    59   0.4623   2.4550   0.0000   0.0412   0.0012   0.0048  -0.0048   0.1168   0.1168  -0.0005   0.0000   0.0096  -0.0176    0.168
    60   0.4718   2.4745   0.0000   0.0046   0.0000   0.0010  -0.0282   0.2241   0.2240  -0.0042   0.0000   0.0176  -0.0345    0.171

  Surface # 4     main_wing_panel_1 (YDUP)                
     # Chordwise = 12   # Spanwise = 20     First strip = 61
     Surface area Ssurf =    0.275268     Ave. chord Cave =    0.226186

 Forces referred to Sref, Cref, Bref about Xref, Yref, Zref
 Standard axis orientation,  X fwd, Z down         
     CLsurf  =   0.03246     Clsurf  =   0.01135
     CYsurf  =  -0.00004     Cmsurf  =   0.00490
     CDsurf  =   0.00010     Cnsurf  =  -0.00010
     CDisurf =   0.00010     CDvsurf =   0.00000

 Forces referred to Ssurf, Cave 
     CLsurf  =   0.15155     CDsurf  =   0.00046

 Strip Forces referred to Strip Area, Chord
    j     Xle      Yle      Zle      Chord    Area     c_cl     ai     cl_norm    cl       cd       cdv    cm_c/4     cm_LE   C.P.x/c
    61   0.4000  -1.2617   0.0000   0.2899   0.0020   0.0510   0.0068   0.1759   0.1759   0.0007   0.0000   0.0072   0.0368    0.209
    62   0.4001  -1.2754   0.0000   0.2895   0.0059   0.0508   0.0068   0.1756   0.1756   0.0006   0.0000   0.0072   0.0367    0.209
    63   0.4003  -1.3025   0.0000   0.2887   0.0097   0.0505   0.0068   0.1751   0.1751   0.0006   0.0000   0.0072   0.0365    0.209
    64   0.4005  -1.3423   0.0000   0.2876   0.0132   0.0501   0.0070   0.1741   0.1741   0.0006   0.0000   0.0072   0.0363    0.208
    65   0.4009  -1.3938   0.0000   0.2861   0.0163   0.0494   0.0071   0.1726   0.1726   0.0006   0.0000   0.0073   0.0359    0.208
    66   0.4013  -1.4558   0.0000   0.2842   0.0189   0.0484   0.0074   0.1704   0.1704   0.0007   0.0000   0.0073   0.0354    0.207
    67   0.4017  -1.5267   0.0000   0.2821   0.0211   0.0472   0.0077   0.1672   0.1672   0.0007   0.0000   0.0072   0.0346    0.207
    68   0.4034  -1.6218   0.0000   0.2760   0.0319   0.0452   0.0077   0.1638   0.1638   0.0007   0.0000   0.0073   0.0336    0.205
    69   0.4064  -1.7407   0.0000   0.2654   0.0323   0.0421   0.0073   0.1586   0.1586   0.0006   0.0000   0.0073   0.0323    0.204
    70   0.4095  -1.8476   0.0000   0.2533   0.0232   0.0385   0.0065   0.1519   0.1519   0.0005   0.0000   0.0073   0.0307    0.202
    71   0.4125  -1.9394   0.0000   0.2397   0.0219   0.0347   0.0052   0.1446   0.1446   0.0004   0.0000   0.0071   0.0291    0.201
    72   0.4161  -2.0215   0.0000   0.2255   0.0163   0.0309   0.0041   0.1371   0.1371   0.0003   0.0000   0.0069   0.0273    0.200
    73   0.4201  -2.0922   0.0000   0.2109   0.0145   0.0273   0.0031   0.1295   0.1295   0.0002   0.0000   0.0068   0.0255    0.197
    74   0.4256  -2.1823   0.0000   0.1881   0.0207   0.0232   0.0023   0.1232   0.1232   0.0001   0.0000   0.0069   0.0239    0.194
    75   0.4331  -2.2799   0.0000   0.1570   0.0133   0.0184   0.0014   0.1174   0.1173   0.0001   0.0000   0.0071   0.0221    0.189
    76   0.4393  -2.3401   0.0000   0.1327   0.0049   0.0149   0.0008   0.1121   0.1121   0.0000   0.0000   0.0073   0.0206    0.185
    77   0.4433  -2.3732   0.0000   0.1167   0.0034   0.0122   0.0008   0.1044   0.1044   0.0000   0.0000   0.0072   0.0188    0.181
    78   0.4499  -2.4149   0.0000   0.0897   0.0046   0.0091   0.0004   0.1014   0.1014  -0.0000   0.0000   0.0074   0.0177    0.177
    79   0.4623  -2.4550   0.0000   0.0412   0.0012   0.0048  -0.0048   0.1168   0.1168  -0.0005   0.0000   0.0096   0.0176    0.168
    80   0.4718  -2.4745   0.0000   0.0046   0.0000   0.0010  -0.0282   0.2241   0.2240  -0.0042   0.0000   0.0176   0.0345    0.171

  Surface # 5     hstab_panel_0                           
     # Chordwise = 12   # Spanwise = 20     First strip = 81
     Surface area Ssurf =    0.043750     Ave. chord Cave =    0.125000

 Forces referred to Sref, Cref, Bref about Xref, Yref, Zref
 Standard axis orientation,  X fwd, Z down         
     CLsurf  =   0.00115     Clsurf  =  -0.00015
     CYsurf  =   0.00000     Cmsurf  =  -0.00628
     CDsurf  =   0.00001     Cnsurf  =   0.00000
     CDisurf =   0.00001     CDvsurf =   0.00000

 Forces referred to Ssurf, Cave 
     CLsurf  =   0.03390     CDsurf  =   0.00033

 Strip Forces referred to Strip Area, Chord
    j     Xle      Yle      Zle      Chord    Area     c_cl     ai     cl_norm    cl       cd       cdv    cm_c/4     cm_LE   C.P.x/c
    81   1.8000   0.5005   0.0000   0.1499   0.0003   0.0013  -0.1359   0.0090   0.0090   0.0002   0.0000  -0.0054  -0.0076    0.853
    82   1.8002   0.5048   0.0000   0.1493   0.0010   0.0025  -0.0133   0.0165   0.0165   0.0002   0.0000  -0.0096  -0.0137    0.830
    83   1.8005   0.5133   0.0000   0.1481   0.0016   0.0035   0.0062   0.0237   0.0237   0.0003   0.0000  -0.0134  -0.0193    0.817
    84   1.8009   0.5258   0.0000   0.1463   0.0021   0.0043   0.0138   0.0297   0.0297   0.0003   0.0000  -0.0165  -0.0239    0.805
    85   1.8014   0.5419   0.0000   0.1440   0.0026   0.0049   0.0114   0.0340   0.0340   0.0004   0.0000  -0.0185  -0.0270    0.795
    86   1.8021   0.5613   0.0000   0.1412   0.0029   0.0052   0.0120   0.0369   0.0369   0.0004   0.0000  -0.0198  -0.0290    0.787
    87   1.8029   0.5836   0.0000   0.1381   0.0032   0.0053   0.0116   0.0386   0.0386   0.0004   0.0000  -0.0205  -0.0302    0.782
    88   1.8037   0.6080   0.0000   0.1346   0.0034   0.0053   0.0114   0.0395   0.0395   0.0004   0.0000  -0.0210  -0.0308    0.781
    89   1.8046   0.6341   0.0000   0.1308   0.0035   0.0052   0.0061   0.0397   0.0397   0.0004   0.0000  -0.0212  -0.0311    0.783
    90   1.8055   0.6613   0.0000   0.1270   0.0035   0.0050   0.0094   0.0393   0.0393   0.0004   0.0000  -0.0213  -0.0311    0.791
    91   1.8065   0.6887   0.0000   0.1230   0.0034   0.0047   0.0097   0.0385   0.0385   0.0003   0.0000  -0.0213  -0.0309    0.803
    92   1.8074   0.7159   0.0000   0.1192   0.0032   0.0044   0.0108   0.0373   0.0373   0.0003   0.0000  -0.0212  -0.0305    0.820
    93   1.8083   0.7420   0.0000   0.1154   0.0029   0.0041   0.0078   0.0357   0.0357   0.0003   0.0000  -0.0211  -0.0300    0.841
    94   1.8091   0.7664   0.0000   0.1119   0.0026   0.0038   0.0092   0.0337   0.0337   0.0003   0.0000  -0.0208  -0.0293    0.868
    95   1.8099   0.7887   0.0000   0.1088   0.0023   0.0034   0.0103   0.0314   0.0314   0.0003   0.0000  -0.0204  -0.0282    0.899
    96   1.8106   0.8081   0.0000   0.1060   0.0019   0.0030   0.0124   0.0285   0.0285   0.0003   0.0000  -0.0194  -0.0265    0.931
    97   1.8111   0.8242   0.0000   0.1037   0.0015   0.0026   0.0658   0.0248   0.0248   0.0003   0.0000  -0.0177  -0.0239    0.962
    98   1.8115   0.8367   0.0000   0.1019   0.0011   0.0020   0.0133   0.0198   0.0198   0.0002   0.0000  -0.0146  -0.0196    0.987
    99   1.8118   0.8452   0.0000   0.1007   0.0006   0.0013   0.0167   0.0130   0.0130   0.0002   0.0000  -0.0098  -0.0131    1.004
   100   1.8120   0.8495   0.0000   0.1001   0.0002   0.0005   0.0187   0.0046   0.0046   0.0001   0.0000  -0.0035  -0.0046    1.013

  Surface # 6     hstab_panel_0 (YDUP)                    
     # Chordwise = 12   # Spanwise = 20     First strip =101
     Surface area Ssurf =    0.043750     Ave. chord Cave =    0.125000

 Forces referred to Sref, Cref, Bref about Xref, Yref, Zref
 Standard axis orientation,  X fwd, Z down         
     CLsurf  =   0.00114     Clsurf  =   0.00015
     CYsurf  =  -0.00000     Cmsurf  =  -0.00623
     CDsurf  =   0.00001     Cnsurf  =  -0.00000
     CDisurf =   0.00001     CDvsurf =   0.00000

 Forces referred to Ssurf, Cave 
     CLsurf  =   0.03363     CDsurf  =   0.00033

 Strip Forces referred to Strip Area, Chord
    j     Xle      Yle      Zle      Chord    Area     c_cl     ai     cl_norm    cl       cd       cdv    cm_c/4     cm_LE   C.P.x/c
   101   1.8000  -0.5005   0.0000   0.1499   0.0003   0.0007  -0.1125   0.0046   0.0046   0.0001   0.0000  -0.0026   0.0038    0.814
   102   1.8002  -0.5048   0.0000   0.1493   0.0010   0.0020  -0.0107   0.0137   0.0137   0.0002   0.0000  -0.0077   0.0111    0.811
   103   1.8005  -0.5133   0.0000   0.1481   0.0016   0.0032   0.0065   0.0219   0.0219   0.0003   0.0000  -0.0122   0.0176    0.807
   104   1.8009  -0.5258   0.0000   0.1463   0.0021   0.0042   0.0137   0.0286   0.0286   0.0003   0.0000  -0.0157   0.0229    0.800
   105   1.8014  -0.5419   0.0000   0.1440   0.0026   0.0048   0.0114   0.0335   0.0335   0.0004   0.0000  -0.0182   0.0265    0.793
   106   1.8021  -0.5613   0.0000   0.1412   0.0029   0.0052   0.0120   0.0367   0.0367   0.0004   0.0000  -0.0197   0.0288    0.786
   107   1.8029  -0.5836   0.0000   0.1381   0.0032   0.0053   0.0115   0.0386   0.0386   0.0004   0.0000  -0.0205   0.0301    0.781
   108   1.8037  -0.6080   0.0000   0.1346   0.0034   0.0053   0.0114   0.0395   0.0395   0.0004   0.0000  -0.0209   0.0308    0.780
   109   1.8046  -0.6341   0.0000   0.1308   0.0035   0.0052   0.0060   0.0397   0.0397   0.0004   0.0000  -0.0212   0.0311    0.784
   110   1.8055  -0.6613   0.0000   0.1270   0.0035   0.0050   0.0094   0.0393   0.0393   0.0004   0.0000  -0.0213   0.0311    0.791
   111   1.8065  -0.6887   0.0000   0.1230   0.0034   0.0047   0.0096   0.0385   0.0385   0.0003   0.0000  -0.0213   0.0309    0.803
   112   1.8074  -0.7159   0.0000   0.1192   0.0032   0.0044   0.0108   0.0373   0.0373   0.0003   0.0000  -0.0212   0.0305    0.820
   113   1.8083  -0.7420   0.0000   0.1154   0.0029   0.0041   0.0077   0.0357   0.0357   0.0003   0.0000  -0.0211   0.0300    0.842
   114   1.8091  -0.7664   0.0000   0.1119   0.0026   0.0038   0.0092   0.0337   0.0337   0.0003   0.0000  -0.0209   0.0293    0.869
   115   1.8099  -0.7887   0.0000   0.1088   0.0023   0.0034   0.0103   0.0314   0.0314   0.0003   0.0000  -0.0204   0.0282    0.899
   116   1.8106  -0.8081   0.0000   0.1060   0.0019   0.0030   0.0123   0.0285   0.0285   0.0003   0.0000  -0.0194   0.0265    0.932
   117   1.8111  -0.8242   0.0000   0.1037   0.0015   0.0026   0.0658   0.0248   0.0248   0.0003   0.0000  -0.0177   0.0239    0.963
   118   1.8115  -0.8367   0.0000   0.1019   0.0011   0.0020   0.0132   0.0198   0.0198   0.0002   0.0000  -0.0146   0.0196    0.988
   119   1.8118  -0.8452   0.0000   0.1007   0.0006   0.0013   0.0167   0.0130   0.0130   0.0002   0.0000  -0.0098   0.0131    1.005
   120   1.8120  -0.8495   0.0000   0.1001   0.0002   0.0005   0.0187   0.0046   0.0046   0.0001   0.0000  -0.0035   0.0046    1.013

  Surface # 7     fin_panel_0                             
     # Chordwise = 12   # Spanwise = 20     First strip =121
     Surface area Ssurf =    0.050000     Ave. chord Cave =    0.125000

 Forces referred to Sref, Cref, Bref about Xref, Yref, Zref
 Standard axis orientation,  X fwd, Z down         
     CLsurf  =   0.00000     Clsurf  =  -0.00000
     CYsurf  =  -0.00008     Cmsurf  =  -0.00000
     CDsurf  =  -0.00000     Cnsurf  =   0.00002
     CDisurf =  -0.00000     CDvsurf =   0.00000

 Forces referred to Ssurf, Cave 
     CLsurf  =  -0.00193     CDsurf  =  -0.00000

 Strip Forces referred to Strip Area, Chord
    j     Xle      Yle      Zle      Chord    Area     c_cl     ai     cl_norm    cl       cd       cdv    cm_c/4     cm_LE   C.P.x/c
   121   1.8000   0.5000   0.3994   0.1499   0.0004  -0.0000   0.0005  -0.0001  -0.0001  -0.0000   0.0000   0.0003   0.0003  999.000
   122   1.8002   0.5000   0.3945   0.1493   0.0011  -0.0001   0.0006  -0.0003  -0.0003  -0.0000   0.0000   0.0008   0.0009  999.000
   123   1.8005   0.5000   0.3848   0.1481   0.0018  -0.0001   0.0007  -0.0005  -0.0005  -0.0000   0.0000   0.0013   0.0014  999.000
   124   1.8009   0.5000   0.3705   0.1463   0.0024  -0.0001   0.0008  -0.0007  -0.0007  -0.0000   0.0000   0.0016   0.0017  999.000
   125   1.8014   0.5000   0.3521   0.1440   0.0029  -0.0001   0.0009  -0.0008  -0.0008  -0.0000   0.0000   0.0017   0.0019  999.000
   126   1.8021   0.5000   0.3299   0.1412   0.0034  -0.0001   0.0009  -0.0010  -0.0010  -0.0000   0.0000   0.0018   0.0021  999.000
   127   1.8029   0.5000   0.3045   0.1381   0.0037  -0.0002   0.0008  -0.0013  -0.0013  -0.0000   0.0000   0.0019   0.0022    1.694
   128   1.8037   0.5000   0.2765   0.1346   0.0039  -0.0002   0.0007  -0.0017  -0.0017  -0.0000   0.0000   0.0019   0.0023    1.379
   129   1.8046   0.5000   0.2467   0.1308   0.0040  -0.0003   0.0006  -0.0021  -0.0021  -0.0000   0.0000   0.0019   0.0024    1.137
   130   1.8055   0.5000   0.2157   0.1270   0.0040  -0.0003   0.0004  -0.0026  -0.0026  -0.0000   0.0000   0.0019   0.0025    0.961
   131   1.8065   0.5000   0.1843   0.1230   0.0038  -0.0004   0.0002  -0.0032  -0.0032  -0.0000   0.0000   0.0019   0.0026    0.838
   132   1.8074   0.5000   0.1533   0.1192   0.0036  -0.0004  -0.0000  -0.0036  -0.0036  -0.0000   0.0000   0.0018   0.0027    0.753
   133   1.8083   0.5000   0.1235   0.1154   0.0033  -0.0005  -0.0003  -0.0039  -0.0039   0.0000   0.0000   0.0018   0.0027    0.695
   134   1.8091   0.5000   0.0955   0.1119   0.0030  -0.0004  -0.0006  -0.0040  -0.0040   0.0000   0.0000   0.0016   0.0026    0.653
   135   1.8099   0.5000   0.0701   0.1088   0.0026  -0.0004  -0.0008  -0.0036  -0.0036   0.0000   0.0000   0.0013   0.0022    0.609
   136   1.8106   0.5000   0.0479   0.1060   0.0022  -0.0003  -0.0009  -0.0025  -0.0025   0.0000   0.0000   0.0006   0.0012    0.491
   137   1.8111   0.5000   0.0295   0.1037   0.0017  -0.0001  -0.0003  -0.0005  -0.0005  -0.0000   0.0000  -0.0007  -0.0006  999.000
   138   1.8115   0.5000   0.0152   0.1019   0.0012   0.0002   0.0020   0.0023   0.0023  -0.0000   0.0000  -0.0029  -0.0034    1.525
   139   1.8118   0.5000   0.0055   0.1007   0.0007   0.0005   0.0082   0.0052   0.0052  -0.0000   0.0000  -0.0054  -0.0067    1.277
   140   1.8120   0.5000   0.0006   0.1001   0.0002   0.0007   0.0279   0.0073   0.0073  -0.0002   0.0000  -0.0071  -0.0089    1.218

  Surface # 8     hstab_panel_0                           
     # Chordwise = 12   # Spanwise = 20     First strip =141
     Surface area Ssurf =    0.043750     Ave. chord Cave =    0.125000

 Forces referred to Sref, Cref, Bref about Xref, Yref, Zref
 Standard axis orientation,  X fwd, Z down         
     CLsurf  =   0.00122     Clsurf  =   0.00008
     CYsurf  =   0.00000     Cmsurf  =  -0.00663
     CDsurf  =   0.00001     Cnsurf  =  -0.00000
     CDisurf =   0.00001     CDvsurf =   0.00000

 Forces referred to Ssurf, Cave 
     CLsurf  =   0.03588     CDsurf  =   0.00034

 Strip Forces referred to Strip Area, Chord
    j     Xle      Yle      Zle      Chord    Area     c_cl     ai     cl_norm    cl       cd       cdv    cm_c/4     cm_LE   C.P.x/c
   141   1.8000  -0.4995   0.0000   0.1499   0.0003   0.0016  -0.1322   0.0106   0.0106   0.0002   0.0000  -0.0055  -0.0082    0.767
   142   1.8002  -0.4952   0.0000   0.1493   0.0010   0.0027  -0.0127   0.0182   0.0182   0.0002   0.0000  -0.0097  -0.0142    0.782
   143   1.8005  -0.4867   0.0000   0.1481   0.0016   0.0038   0.0059   0.0254   0.0254   0.0003   0.0000  -0.0135  -0.0199    0.784
   144   1.8009  -0.4742   0.0000   0.1463   0.0021   0.0046   0.0114   0.0313   0.0313   0.0004   0.0000  -0.0166  -0.0244    0.780
   145   1.8014  -0.4581   0.0000   0.1440   0.0026   0.0051   0.0121   0.0357   0.0357   0.0004   0.0000  -0.0187  -0.0276    0.773
   146   1.8021  -0.4387   0.0000   0.1412   0.0029   0.0055   0.0089   0.0386   0.0386   0.0004   0.0000  -0.0199  -0.0296    0.766
   147   1.8029  -0.4164   0.0000   0.1381   0.0032   0.0056   0.0116   0.0404   0.0404   0.0004   0.0000  -0.0206  -0.0307    0.761
   148   1.8037  -0.3920   0.0000   0.1346   0.0034   0.0056   0.0105   0.0413   0.0413   0.0004   0.0000  -0.0210  -0.0314    0.759
   149   1.8046  -0.3659   0.0000   0.1308   0.0035   0.0054   0.0095   0.0416   0.0416   0.0004   0.0000  -0.0213  -0.0316    0.760
   150   1.8055  -0.3387   0.0000   0.1270   0.0035   0.0053   0.0106   0.0414   0.0414   0.0004   0.0000  -0.0214  -0.0317    0.766
   151   1.8065  -0.3113   0.0000   0.1230   0.0034   0.0050   0.0090   0.0407   0.0407   0.0004   0.0000  -0.0214  -0.0315    0.775
   152   1.8074  -0.2841   0.0000   0.1192   0.0032   0.0047   0.0086   0.0396   0.0396   0.0003   0.0000  -0.0213  -0.0312    0.788
   153   1.8083  -0.2580   0.0000   0.1154   0.0029   0.0044   0.0115   0.0381   0.0381   0.0003   0.0000  -0.0212  -0.0307    0.806
   154   1.8091  -0.2336   0.0000   0.1119   0.0026   0.0040   0.0089   0.0362   0.0362   0.0003   0.0000  -0.0209  -0.0299    0.828
   155   1.8099  -0.2113   0.0000   0.1088   0.0023   0.0037   0.0093   0.0338   0.0338   0.0003   0.0000  -0.0204  -0.0288    0.853
   156   1.8106  -0.1919   0.0000   0.1060   0.0019   0.0033   0.0100   0.0307   0.0307   0.0003   0.0000  -0.0194  -0.0271    0.882
   157   1.8111  -0.1758   0.0000   0.1037   0.0015   0.0028   0.0124   0.0268   0.0268   0.0003   0.0000  -0.0177  -0.0243    0.910
   158   1.8115  -0.1633   0.0000   0.1019   0.0011   0.0022   0.0146   0.0213   0.0213   0.0002   0.0000  -0.0146  -0.0199    0.934
   159   1.8118  -0.1548   0.0000   0.1007   0.0006   0.0014   0.0171   0.0140   0.0140   0.0002   0.0000  -0.0098  -0.0133    0.950
   160   1.8120  -0.1505   0.0000   0.1001   0.0002   0.0005   0.0189   0.0049   0.0049   0.0001   0.0000  -0.0035  -0.0047    0.958

  Surface # 9     hstab_panel_0 (YDUP)                    
     # Chordwise = 12   # Spanwise = 20     First strip =161
     Surface area Ssurf =    0.043750     Ave. chord Cave =    0.125000

 Forces referred to Sref, Cref, Bref about Xref, Yref, Zref
 Standard axis orientation,  X fwd, Z down         
     CLsurf  =   0.00120     Clsurf  =  -0.00008
     CYsurf  =  -0.00000     Cmsurf  =  -0.00652
     CDsurf  =   0.00001     Cnsurf  =   0.00000
     CDisurf =   0.00001     CDvsurf =   0.00000

 Forces referred to Ssurf, Cave 
     CLsurf  =   0.03530     CDsurf  =   0.00033

 Strip Forces referred to Strip Area, Chord
    j     Xle      Yle      Zle      Chord    Area     c_cl     ai     cl_norm    cl       cd       cdv    cm_c/4     cm_LE   C.P.x/c
   161   1.8000   0.4995   0.0000   0.1499   0.0003   0.0007  -0.1129   0.0047   0.0047   0.0001   0.0000  -0.0026   0.0038    0.803
   162   1.8002   0.4952   0.0000   0.1493   0.0010   0.0021  -0.0112   0.0140   0.0140   0.0002   0.0000  -0.0077   0.0112    0.800
   163   1.8005   0.4867   0.0000   0.1481   0.0016   0.0033   0.0058   0.0224   0.0224   0.0003   0.0000  -0.0122   0.0178    0.794
   164   1.8009   0.4742   0.0000   0.1463   0.0021   0.0043   0.0112   0.0294   0.0294   0.0003   0.0000  -0.0158   0.0231    0.787
   165   1.8014   0.4581   0.0000   0.1440   0.0026   0.0050   0.0122   0.0345   0.0345   0.0004   0.0000  -0.0182   0.0268    0.778
   166   1.8021   0.4387   0.0000   0.1412   0.0029   0.0053   0.0090   0.0379   0.0379   0.0004   0.0000  -0.0197   0.0292    0.771
   167   1.8029   0.4164   0.0000   0.1381   0.0032   0.0055   0.0116   0.0399   0.0399   0.0004   0.0000  -0.0206   0.0305    0.765
   168   1.8037   0.3920   0.0000   0.1346   0.0034   0.0055   0.0105   0.0410   0.0410   0.0004   0.0000  -0.0210   0.0312    0.762
   169   1.8046   0.3659   0.0000   0.1308   0.0035   0.0054   0.0095   0.0414   0.0414   0.0004   0.0000  -0.0212   0.0316    0.763
   170   1.8055   0.3387   0.0000   0.1270   0.0035   0.0052   0.0106   0.0412   0.0412   0.0004   0.0000  -0.0213   0.0316    0.768
   171   1.8065   0.3113   0.0000   0.1230   0.0034   0.0050   0.0090   0.0406   0.0406   0.0004   0.0000  -0.0214   0.0315    0.777
   172   1.8074   0.2841   0.0000   0.1192   0.0032   0.0047   0.0085   0.0395   0.0395   0.0003   0.0000  -0.0213   0.0312    0.790
   173   1.8083   0.2580   0.0000   0.1154   0.0029   0.0044   0.0115   0.0380   0.0380   0.0003   0.0000  -0.0212   0.0306    0.807
   174   1.8091   0.2336   0.0000   0.1119   0.0026   0.0040   0.0089   0.0361   0.0361   0.0003   0.0000  -0.0209   0.0299    0.829
   175   1.8099   0.2113   0.0000   0.1088   0.0023   0.0037   0.0093   0.0337   0.0337   0.0003   0.0000  -0.0204   0.0288    0.855
   176   1.8106   0.1919   0.0000   0.1060   0.0019   0.0033   0.0100   0.0307   0.0307   0.0003   0.0000  -0.0194   0.0271    0.883
   177   1.8111   0.1758   0.0000   0.1037   0.0015   0.0028   0.0124   0.0267   0.0267   0.0003   0.0000  -0.0177   0.0243    0.911
   178   1.8115   0.1633   0.0000   0.1019   0.0011   0.0022   0.0146   0.0213   0.0213   0.0002   0.0000  -0.0146   0.0199    0.935
   179   1.8118   0.1548   0.0000   0.1007   0.0006   0.0014   0.0171   0.0140   0.0140   0.0002   0.0000  -0.0098   0.0133    0.951
   180   1.8120   0.1505   0.0000   0.1001   0.0002   0.0005   0.0189   0.0049   0.0049   0.0001   0.0000  -0.0035   0.0047    0.959

  Surface #10     fin_panel_0                             
     # Chordwise = 12   # Spanwise = 20     First strip =181
     Surface area Ssurf =    0.050000     Ave. chord Cave =    0.125000

 Forces referred to Sref, Cref, Bref about Xref, Yref, Zref
 Standard axis orientation,  X fwd, Z down         
     CLsurf  =   0.00000     Clsurf  =   0.00000
     CYsurf  =   0.00009     Cmsurf  =  -0.00000
     CDsurf  =  -0.00000     Cnsurf  =  -0.00002
     CDisurf =  -0.00000     CDvsurf =   0.00000

 Forces referred to Ssurf, Cave 
     CLsurf  =   0.00219     CDsurf  =  -0.00000

 Strip Forces referred to Strip Area, Chord
    j     Xle      Yle      Zle      Chord    Area     c_cl     ai     cl_norm    cl       cd       cdv    cm_c/4     cm_LE   C.P.x/c
   181   1.8000  -0.5000   0.3994   0.1499   0.0004   0.0000   0.0000   0.0003   0.0003   0.0000   0.0000   0.0003   0.0002   -0.704
   182   1.8002  -0.5000   0.3945   0.1493   0.0011   0.0001   0.0001   0.0010   0.0010   0.0000   0.0000   0.0009   0.0006   -0.650
   183   1.8005  -0.5000   0.3848   0.1481   0.0018   0.0002   0.0002   0.0016   0.0016   0.0000   0.0000   0.0013   0.0009   -0.567
   184   1.8009  -0.5000   0.3705   0.1463   0.0024   0.0003   0.0002   0.0023   0.0023  -0.0000   0.0000   0.0016   0.0011   -0.477
   185   1.8014  -0.5000   0.3521   0.1440   0.0029   0.0004   0.0003   0.0028   0.0028  -0.0000   0.0000   0.0018   0.0011   -0.401
   186   1.8021  -0.5000   0.3299   0.1412   0.0034   0.0004   0.0002   0.0031   0.0031  -0.0000   0.0000   0.0018   0.0011   -0.349
   187   1.8029  -0.5000   0.3045   0.1381   0.0037   0.0004   0.0001   0.0032   0.0032  -0.0000   0.0000   0.0019   0.0010   -0.327
   188   1.8037  -0.5000   0.2765   0.1346   0.0039   0.0004  -0.0001   0.0031   0.0031  -0.0000   0.0000   0.0018   0.0011   -0.338
   189   1.8046  -0.5000   0.2467   0.1308   0.0040   0.0004  -0.0003   0.0028   0.0028  -0.0000   0.0000   0.0018   0.0011   -0.391
   190   1.8055  -0.5000   0.2157   0.1270   0.0040   0.0003  -0.0005   0.0024   0.0024  -0.0000   0.0000   0.0018   0.0012   -0.504
   191   1.8065  -0.5000   0.1843   0.1230   0.0038   0.0002  -0.0007   0.0018   0.0018  -0.0000   0.0000   0.0017   0.0013   -0.727
   192   1.8074  -0.5000   0.1533   0.1192   0.0036   0.0001  -0.0009   0.0012   0.0012  -0.0000   0.0000   0.0017   0.0014  999.000
   193   1.8083  -0.5000   0.1235   0.1154   0.0033   0.0001  -0.0012   0.0007   0.0007   0.0000   0.0000   0.0016   0.0015  999.000
   194   1.8091  -0.5000   0.0955   0.1119   0.0030   0.0000  -0.0015   0.0003   0.0003   0.0000   0.0000   0.0015   0.0014  999.000
   195   1.8099  -0.5000   0.0701   0.1088   0.0026   0.0000  -0.0018   0.0004   0.0004   0.0000   0.0000   0.0011   0.0010  999.000
   196   1.8106  -0.5000   0.0479   0.1060   0.0022   0.0001  -0.0020   0.0011   0.0011   0.0000   0.0000   0.0004   0.0002   -0.153
   197   1.8111  -0.5000   0.0295   0.1037   0.0017   0.0003  -0.0015   0.0027   0.0027  -0.0000   0.0000  -0.0009  -0.0016    0.595
   198   1.8115  -0.5000   0.0152   0.1019   0.0012   0.0005   0.0007   0.0051   0.0051  -0.0000   0.0000  -0.0031  -0.0044    0.850
   199   1.8118  -0.5000   0.0055   0.1007   0.0007   0.0008   0.0067   0.0079   0.0079  -0.0000   0.0000  -0.0056  -0.0075    0.958
   200   1.8120  -0.5000   0.0006   0.1001   0.0002   0.0010   0.0245   0.0099   0.0099  -0.0002   0.0000  -0.0073  -0.0098    0.992
 ---------------------------------------------------------------
