 ---------------------------------------------------------------
 Surface and Strip Forces by surface

  Sref =  1.2850       Cref = 0.25900       Bref =  4.9540    
  Xref = 0.50000       Yref =  0.0000       Zref =  0.0000    

  Surface # 1     main_wing_panel_0                       
     # Chordwise = 12   # Spanwise = 20     First strip =  1
     Surface area Ssurf =    0.365400     Ave. chord Cave =    0.290000

 Forces referred to Sref, Cref, Bref about Xref, Yref, Zref
 Standard axis orientation,  X fwd, Z down         
     CLsurf  =   0.13015     Clsurf  =  -0.01640
     CYsurf  =  -0.00000     Cmsurf  =   0.02180
     CDsurf  =   0.00080     Cnsurf  =  -0.00060
     CDisurf =   0.00080     CDvsurf =   0.00000

 Forces referred to Ssurf, Cave 
     CLsurf  =   0.45770     CDsurf  =   0.00282

 Strip Forces referred to Strip Area, Chord
    j     Xle      Yle      Zle      Chord    Area     c_cl     ai     cl_norm    cl       cd       cdv    cm_c/4     cm_LE   C.P.x/c
     1   0.4000   0.0019   0.0000   0.2900   0.0022   0.1347   0.0009   0.4649   0.4649   0.0025   0.0000   0.0254  -0.0908    0.195
     2   0.4000   0.0174   0.0000   0.2900   0.0067   0.1347   0.0008   0.4649   0.4649   0.0025   0.0000   0.0254  -0.0908    0.195
     3   0.4000   0.0480   0.0000   0.2900   0.0110   0.1347  -0.0002   0.4648   0.4648   0.0025   0.0000   0.0254  -0.0908    0.195
     4   0.4000   0.0928   0.0000   0.2900   0.0150   0.1347  -0.0048   0.4648   0.4648   0.0025   0.0000   0.0254  -0.0908    0.195
     5   0.4000   0.1509   0.0000   0.2900   0.0186   0.1346  -0.0902   0.4646   0.4646   0.0025   0.0000   0.0254  -0.0907    0.195
     6   0.4000   0.2208   0.0000   0.2900   0.0218   0.1346  -0.0487   0.4643   0.4643   0.0026   0.0000   0.0253  -0.0907    0.195
     7   0.4000   0.3008   0.0000   0.2900   0.0244   0.1344   0.0382   0.4639   0.4639   0.0026   0.0000   0.0253  -0.0906    0.195
     8   0.4000   0.3889   0.0000   0.2900   0.0265   0.1342   0.0256   0.4632   0.4632   0.0026   0.0000   0.0253  -0.0904    0.195
     9   0.4000   0.4829   0.0000   0.2900   0.0279   0.1340  -0.0892   0.4622   0.4622   0.0026   0.0000   0.0253  -0.0902    0.195
    10   0.4000   0.5806   0.0000   0.2900   0.0286   0.1336   0.0293   0.4610   0.4610   0.0027   0.0000   0.0252  -0.0900    0.195
    11   0.4000   0.6794   0.0000   0.2900   0.0286   0.1331   0.0182   0.4594   0.4594   0.0028   0.0000   0.0252  -0.0896    0.195
    12   0.4000   0.7771   0.0000   0.2900   0.0279   0.1326   0.1524   0.4575   0.4575   0.0028   0.0000   0.0251  -0.0892    0.195
    13   0.4000   0.8711   0.0000   0.2900   0.0265   0.1319  -0.0149   0.4552   0.4552   0.0029   0.0000   0.0250  -0.0887    0.195
    14   0.4000   0.9592   0.0000   0.2900   0.0244   0.1312   0.0065   0.4527   0.4527   0.0030   0.0000   0.0249  -0.0882    0.195
    15   0.4000   1.0392   0.0000   0.2900   0.0218   0.1304   0.0100   0.4499   0.4499   0.0031   0.0000   0.0248  -0.0876    0.195
    16   0.4000   1.1091   0.0000   0.2900   0.0186   0.1296   0.0118   0.4471   0.4471   0.0032   0.0000   0.0247  -0.0870    0.195
    17   0.4000   1.1672   0.0000   0.2900   0.0150   0.1288   0.0129   0.4445   0.4445   0.0033   0.0000   0.0246  -0.0864    0.195
    18   0.4000   1.2120   0.0000   0.2900   0.0110   0.1281   0.0136   0.4421   0.4421   0.0034   0.0000   0.0245  -0.0859    0.194
    19   0.4000   1.2426   0.0000   0.2900   0.0067   0.1276   0.0142   0.4404   0.4404   0.0035   0.0000   0.0245  -0.0855    0.194
    20   0.4000   1.2581   0.0000   0.2900   0.0022   0.1274   0.0145   0.4394   0.4394   0.0038   0.0000   0.0245  -0.0853    0.194

  Surface # 2     main_wing_panel_0 (YDUP)                
     # Chordwise = 12   # Spanwise = 20     First strip = 21
     Surface area Ssurf =    0.365400     Ave. chord Cave =    0.290000

 Forces referred to Sref, Cref, Bref about Xref, Yref, Zref
 Standard axis orientation,  X fwd, Z down         
     CLsurf  =   0.13015     Clsurf  =   0.01640
     CYsurf  =   0.00000     Cmsurf  =   0.02180
     CDsurf  =   0.00080     Cnsurf  =   0.00060
     CDisurf =   0.00080     CDvsurf =   0.00000

 Forces referred to Ssurf, Cave 
     CLsurf  =   0.45770     CDsurf  =   0.00282

 Strip Forces referred to Strip Area, Chord
    j     Xle      Yle      Zle      Chord    Area     c_cl     ai     cl_norm    cl       cd       cdv    cm_c/4     cm_LE   C.P.x/c
    21   0.4000  -0.0019   0.0000   0.2900   0.0022   0.1347   0.0009   0.4649   0.4649   0.0025   0.0000   0.0254   0.0908    0.195
    22   0.4000  -0.0174   0.0000   0.2900   0.0067   0.1347   0.0008   0.4649   0.4649   0.0025   0.0000   0.0254   0.0908    0.195
    23   0.4000  -0.0480   0.0000   0.2900   0.0110   0.1347  -0.0002   0.4648   0.4648   0.0025   0.0000   0.0254   0.0908    0.195
    24   0.4000  -0.0928   0.0000   0.2900   0.0150   0.1347  -0.0049   0.4648   0.4648   0.0025   0.0000   0.0254   0.0908    0.195
    25   0.4000  -0.1509   0.0000   0.2900   0.0186   0.1346  -0.0908   0.4646   0.4646   0.0025   0.0000   0.0254   0.0907    0.195
    26   0.4000  -0.2208   0.0000   0.2900   0.0218   0.1346  -0.0507   0.4643   0.4643   0.0026   0.0000   0.0253   0.0907    0.195
    27   0.4000  -0.3008   0.0000   0.2900   0.0244   0.1344   0.0401   0.4639   0.4639   0.0026   0.0000   0.0253   0.0906    0.195
    28   0.4000  -0.3889   0.0000   0.2900   0.0265   0.1342   0.0261   0.4632   0.4632   0.0026   0.0000   0.0253   0.0904    0.195
    29   0.4000  -0.4829   0.0000   0.2900   0.0279   0.1340  -0.0466   0.4622   0.4622   0.0026   0.0000   0.0253   0.0902    0.195
    30   0.4000  -0.5806   0.0000   0.2900   0.0286   0.1336   0.0324   0.4610   0.4610   0.0027   0.0000   0.0252   0.0900    0.195
    31   0.4000  -0.6794   0.0000   0.2900   0.0286   0.1331   0.0205   0.4594   0.4594   0.0028   0.0000   0.0252   0.0896    0.195
    32   0.4000  -0.7771   0.0000   0.2900   0.0279   0.1326   0.1500   0.4575   0.4575   0.0028   0.0000   0.0251   0.0892    0.195
    33   0.4000  -0.8711   0.0000   0.2900   0.0265   0.1319  -0.0148   0.4552   0.4552   0.0029   0.0000   0.0250   0.0887    0.195
    34   0.4000  -0.9592   0.0000   0.2900   0.0244   0.1312   0.0065   0.4527   0.4527   0.0030   0.0000   0.0249   0.0882    0.195
    35   0.4000  -1.0392   0.0000   0.2900   0.0218   0.1304   0.0100   0.4499   0.4499   0.0031   0.0000   0.0248   0.0876    0.195
    36   0.4000  -1.1091   0.0000   0.2900   0.0186   0.1296   0.0117   0.4471   0.4471   0.0032   0.0000   0.0247   0.0870    0.195
    37   0.4000  -1.1672   0.0000   0.2900   0.0150   0.1288   0.0128   0.4445   0.4445   0.0033   0.0000   0.0246   0.0864    0.195
    38   0.4000  -1.2120   0.0000   0.2900   0.0110   0.1281   0.0136   0.4421   0.4421   0.0034   0.0000   0.0246   0.0859    0.194
    39   0.4000  -1.2426   0.0000   0.2900   0.0067   0.1276   0.0141   0.4404   0.4404   0.0035   0.0000   0.0245   0.0855    0.194
    40   0.4000  -1.2581   0.0000   0.2900   0.0022   0.1274   0.0144   0.4394   0.4394   0.0038   0.0000   0.0245   0.0853    0.194

  Surface # 3     main_wing_panel_1                       
     # Chordwise = 12   # Spanwise = 20     First strip = 41
     Surface area Ssurf =    0.275268     Ave. chord Cave =    0.226186

 Forces referred to Sref, Cref, Bref about Xref, Yref, Zref
 Standard axis orientation,  X fwd, Z down         
     CLsurf  =   0.08978     Clsurf  =  -0.03196
     CYsurf  =  -0.00024     Cmsurf  =   0.01461
     CDsurf  =   0.00080     Cnsurf  =  -0.00108
     CDisurf =   0.00080     CDvsurf =   0.00000

 Forces referred to Ssurf, Cave 
     CLsurf  =   0.41909     CDsurf  =   0.00374

 Strip Forces referred to Strip Area, Chord
    j     Xle      Yle      Zle      Chord    Area     c_cl     ai     cl_norm    cl       cd       cdv    cm_c/4     cm_LE   C.P.x/c
    41   0.4000   1.2617   0.0000   0.2899   0.0020   0.1273   0.0145   0.4393   0.4393   0.0039   0.0000   0.0245  -0.0853    0.194
    42   0.4001   1.2754   0.0000   0.2895   0.0059   0.1270   0.0146   0.4390   0.4390   0.0036   0.0000   0.0245  -0.0852    0.194
    43   0.4003   1.3025   0.0000   0.2887   0.0097   0.1265   0.0148   0.4383   0.4383   0.0036   0.0000   0.0245  -0.0850    0.194
    44   0.4005   1.3423   0.0000   0.2876   0.0132   0.1256   0.0151   0.4371   0.4371   0.0036   0.0000   0.0245  -0.0847    0.194
    45   0.4009   1.3938   0.0000   0.2861   0.0163   0.1244   0.0156   0.4351   0.4351   0.0036   0.0000   0.0245  -0.0842    0.194
    46   0.4013   1.4558   0.0000   0.2842   0.0189   0.1227   0.0162   0.4319   0.4319   0.0037   0.0000   0.0245  -0.0835    0.193
    47   0.4017   1.5267   0.0000   0.2821   0.0211   0.1205   0.0171   0.4272   0.4272   0.0039   0.0000   0.0244  -0.0824    0.193
    48   0.4034   1.6218   0.0000   0.2760   0.0319   0.1171   0.0177   0.4244   0.4244   0.0039   0.0000   0.0245  -0.0815    0.192
    49   0.4064   1.7407   0.0000   0.2654   0.0323   0.1119   0.0182   0.4217   0.4217   0.0039   0.0000   0.0249  -0.0805    0.191
    50   0.4095   1.8476   0.0000   0.2533   0.0232   0.1058   0.0186   0.4179   0.4179   0.0039   0.0000   0.0252  -0.0791    0.190
    51   0.4125   1.9394   0.0000   0.2397   0.0219   0.0993   0.0186   0.4143   0.4143   0.0040   0.0000   0.0255  -0.0779    0.188
    52   0.4161   2.0215   0.0000   0.2255   0.0163   0.0924   0.0188   0.4099   0.4099   0.0040   0.0000   0.0259  -0.0764    0.187
    53   0.4201   2.0922   0.0000   0.2109   0.0145   0.0852   0.0191   0.4040   0.4040   0.0038   0.0000   0.0262  -0.0747    0.185
    54   0.4256   2.1823   0.0000   0.1881   0.0207   0.0758   0.0188   0.4033   0.4033   0.0038   0.0000   0.0265  -0.0741    0.184
    55   0.4331   2.2799   0.0000   0.1570   0.0133   0.0632   0.0183   0.4026   0.4025   0.0035   0.0000   0.0269  -0.0733    0.183
    56   0.4393   2.3401   0.0000   0.1327   0.0049   0.0524   0.0177   0.3950   0.3950   0.0030   0.0000   0.0273  -0.0709    0.181
    57   0.4433   2.3732   0.0000   0.1167   0.0034   0.0436   0.0178   0.3742   0.3742   0.0028   0.0000   0.0268  -0.0662    0.178
    58   0.4499   2.4149   0.0000   0.0897   0.0046   0.0332   0.0157   0.3702   0.3702   0.0024   0.0000   0.0278  -0.0637    0.175
    59   0.4623   2.4550   0.0000   0.0412   0.0012   0.0178  -0.0039   0.4324   0.4322  -0.0036   0.0000   0.0358  -0.0648    0.167
    60   0.4718   2.4745   0.0000   0.0046   0.0000   0.0038  -0.0914   0.8379   0.8376  -0.0524   0.0000   0.0657  -0.1285    0.172

  Surface # 4     main_wing_panel_1 (YDUP)                
     # Chordwise = 12   # Spanwise = 20     First strip = 61
     Surface area Ssurf =    0.275268     Ave. chord Cave =    0.226186

 Forces referred to Sref, Cref, Bref about Xref, Yref, Zref
 Standard axis orientation,  X fwd, Z down         
     CLsurf  =   0.08978     Clsurf  =   0.03196
     CYsurf  =   0.00024     Cmsurf  =   0.01461
     CDsurf  =   0.00080     Cnsurf  =   0.00108
     CDisurf =   0.00080     CDvsurf =   0.00000

 Forces referred to Ssurf, Cave 
     CLsurf  =   0.41910     CDsurf  =   0.00374

 Strip Forces referred to Strip Area, Chord
    j     Xle      Yle      Zle      Chord    Area     c_cl     ai     cl_norm    cl       cd       cdv    cm_c/4     cm_LE   C.P.x/c
    61   0.4000  -1.2617   0.0000   0.2899   0.0020   0.1273   0.0145   0.4393   0.4393   0.0039   0.0000   0.0245   0.0853    0.194
    62   0.4001  -1.2754   0.0000   0.2895   0.0059   0.1271   0.0146   0.4390   0.4390   0.0036   0.0000   0.0245   0.0852    0.194
    63   0.4003  -1.3025   0.0000   0.2887   0.0097   0.1265   0.0148   0.4384   0.4384   0.0036   0.0000   0.0245   0.0850    0.194
    64   0.4005  -1.3423   0.0000   0.2876   0.0132   0.1256   0.0151   0.4371   0.4371   0.0036   0.0000   0.0245   0.0847    0.194
    65   0.4009  -1.3938   0.0000   0.2861   0.0163   0.1244   0.0156   0.4351   0.4351   0.0036   0.0000   0.0245   0.0842    0.194
    66   0.4013  -1.4558   0.0000   0.2842   0.0189   0.1227   0.0162   0.4319   0.4319   0.0037   0.0000   0.0245   0.0835    0.193
    67   0.4017  -1.5267   0.0000   0.2821   0.0211   0.1205   0.0171   0.4272   0.4272   0.0039   0.0000   0.0244   0.0824    0.193
    68   0.4034  -1.6218   0.0000   0.2760   0.0319   0.1171   0.0177   0.4244   0.4244   0.0039   0.0000   0.0245   0.0815    0.192
    69   0.4064  -1.7407   0.0000   0.2654   0.0323   0.1119   0.0182   0.4217   0.4217   0.0039   0.0000   0.0249   0.0805    0.191
    70   0.4095  -1.8476   0.0000   0.2533   0.0232   0.1058   0.0186   0.4179   0.4179   0.0039   0.0000   0.0252   0.0791    0.190
    71   0.4125  -1.9394   0.0000   0.2397   0.0219   0.0993   0.0186   0.4143   0.4143   0.0040   0.0000   0.0255   0.0779    0.188
    72   0.4161  -2.0215   0.0000   0.2255   0.0163   0.0924   0.0188   0.4099   0.4099   0.0040   0.0000   0.0259   0.0764    0.187
    73   0.4201  -2.0922   0.0000   0.2109   0.0145   0.0852   0.0191   0.4040   0.4040   0.0038   0.0000   0.0262   0.0747    0.185
    74   0.4256  -2.1823   0.0000   0.1881   0.0207   0.0758   0.0188   0.4033   0.4033   0.0038   0.0000   0.0265   0.0741    0.184
    75   0.4331  -2.2799   0.0000   0.1570   0.0133   0.0632   0.0183   0.4026   0.4026   0.0035   0.0000   0.0269   0.0733    0.183
    76   0.4393  -2.3401   0.0000   0.1327   0.0049   0.0524   0.0177   0.3950   0.3950   0.0030   0.0000   0.0273   0.0709    0.181
    77   0.4433  -2.3732   0.0000   0.1167   0.0034   0.0436   0.0178   0.3742   0.3742   0.0028   0.0000   0.0268   0.0662    0.178
    78   0.4499  -2.4149   0.0000   0.0897   0.0046   0.0332   0.0157   0.3702   0.3702   0.0024   0.0000   0.0278   0.0637    0.175
    79   0.4623  -2.4550   0.0000   0.0412   0.0012   0.0178  -0.0039   0.4324   0.4322  -0.0036   0.0000   0.0358   0.0648    0.167
    80   0.4718  -2.4745   0.0000   0.0046   0.0000   0.0038  -0.0914   0.8379   0.8376  -0.0524   0.0000   0.0657   0.1285    0.172

  Surface # 5     hstab_panel_0                           
     # Chordwise = 12   # Spanwise = 20     First strip = 81
     Surface area Ssurf =    0.043750     Ave. chord Cave =    0.125000

 Forces referred to Sref, Cref, Bref about Xref, Yref, Zref
 Standard axis orientation,  X fwd, Z down         
     CLsurf  =   0.00357     Clsurf  =  -0.00048
     CYsurf  =  -0.00001     Cmsurf  =  -0.01852
     CDsurf  =   0.00009     Cnsurf  =  -0.00000
     CDisurf =   0.00009     CDvsurf =   0.00000

 Forces referred to Ssurf, Cave 
     CLsurf  =   0.10481     CDsurf  =   0.00259

 Strip Forces referred to Strip Area, Chord
    j     Xle      Yle      Zle      Chord    Area     c_cl     ai     cl_norm    cl       cd       cdv    cm_c/4     cm_LE   C.P.x/c
    81   1.8000   0.5005   0.0000   0.1499   0.0003   0.0086  -0.2975   0.0570   0.0570   0.0037   0.0000  -0.0011  -0.0154    0.269
    82   1.8002   0.5048   0.0000   0.1493   0.0010   0.0100  -0.0413   0.0670   0.0670   0.0022   0.0000  -0.0020  -0.0188    0.280
    83   1.8005   0.5133   0.0000   0.1481   0.0016   0.0116   0.0036   0.0781   0.0781   0.0023   0.0000  -0.0031  -0.0226    0.289
    84   1.8009   0.5258   0.0000   0.1463   0.0021   0.0131   0.0240   0.0892   0.0892   0.0024   0.0000  -0.0041  -0.0264    0.296
    85   1.8014   0.5419   0.0000   0.1440   0.0026   0.0143   0.0227   0.0989   0.0989   0.0025   0.0000  -0.0051  -0.0298    0.301
    86   1.8021   0.5613   0.0000   0.1412   0.0029   0.0151   0.0267   0.1067   0.1067   0.0026   0.0000  -0.0059  -0.0325    0.305
    87   1.8029   0.5836   0.0000   0.1381   0.0032   0.0156   0.0277   0.1126   0.1126   0.0027   0.0000  -0.0065  -0.0346    0.308
    88   1.8037   0.6080   0.0000   0.1346   0.0034   0.0157   0.0286   0.1169   0.1169   0.0028   0.0000  -0.0070  -0.0362    0.309
    89   1.8046   0.6341   0.0000   0.1308   0.0035   0.0157   0.0180   0.1197   0.1197   0.0028   0.0000  -0.0073  -0.0372    0.311
    90   1.8055   0.6613   0.0000   0.1270   0.0035   0.0154   0.0258   0.1211   0.1211   0.0028   0.0000  -0.0074  -0.0377    0.311
    91   1.8065   0.6887   0.0000   0.1230   0.0034   0.0149   0.0270   0.1210   0.1210   0.0028   0.0000  -0.0074  -0.0377    0.311
    92   1.8074   0.7159   0.0000   0.1192   0.0032   0.0142   0.0301   0.1194   0.1194   0.0028   0.0000  -0.0073  -0.0371    0.311
    93   1.8083   0.7420   0.0000   0.1154   0.0029   0.0134   0.0244   0.1160   0.1160   0.0027   0.0000  -0.0070  -0.0359    0.310
    94   1.8091   0.7664   0.0000   0.1119   0.0026   0.0124   0.0280   0.1104   0.1104   0.0027   0.0000  -0.0064  -0.0340    0.308
    95   1.8099   0.7887   0.0000   0.1088   0.0023   0.0111   0.0306   0.1022   0.1022   0.0026   0.0000  -0.0056  -0.0311    0.305
    96   1.8106   0.8081   0.0000   0.1060   0.0019   0.0096   0.0344   0.0910   0.0910   0.0024   0.0000  -0.0045  -0.0273    0.300
    97   1.8111   0.8242   0.0000   0.1037   0.0015   0.0079   0.1447   0.0763   0.0763   0.0021   0.0000  -0.0033  -0.0223    0.293
    98   1.8115   0.8367   0.0000   0.1019   0.0011   0.0059   0.0315   0.0580   0.0580   0.0017   0.0000  -0.0020  -0.0165    0.284
    99   1.8118   0.8452   0.0000   0.1007   0.0006   0.0037   0.0353   0.0364   0.0364   0.0011   0.0000  -0.0009  -0.0100    0.274
   100   1.8120   0.8495   0.0000   0.1001   0.0002   0.0012   0.0370   0.0124   0.0124   0.0004   0.0000  -0.0002  -0.0033    0.266

  Surface # 6     hstab_panel_0 (YDUP)                    
     # Chordwise = 12   # Spanwise = 20     First strip =101
     Surface area Ssurf =    0.043750     Ave. chord Cave =    0.125000

 Forces referred to Sref, Cref, Bref about Xref, Yref, Zref
 Standard axis orientation,  X fwd, Z down         
     CLsurf  =   0.00331     Clsurf  =   0.00045
     CYsurf  =   0.00001     Cmsurf  =  -0.01716
     CDsurf  =   0.00008     Cnsurf  =   0.00000
     CDisurf =   0.00008     CDvsurf =   0.00000

 Forces referred to Ssurf, Cave 
     CLsurf  =   0.09711     CDsurf  =   0.00240

 Strip Forces referred to Strip Area, Chord
    j     Xle      Yle      Zle      Chord    Area     c_cl     ai     cl_norm    cl       cd       cdv    cm_c/4     cm_LE   C.P.x/c
   101   1.8000  -0.5005   0.0000   0.1499   0.0003   0.0014  -0.1497   0.0095   0.0095   0.0003   0.0000  -0.0001   0.0025    0.262
   102   1.8002  -0.5048   0.0000   0.1493   0.0010   0.0043  -0.0240   0.0285   0.0285   0.0009   0.0000  -0.0005   0.0076    0.268
   103   1.8005  -0.5133   0.0000   0.1481   0.0016   0.0070   0.0048   0.0470   0.0470   0.0014   0.0000  -0.0013   0.0130    0.277
   104   1.8009  -0.5258   0.0000   0.1463   0.0021   0.0095   0.0228   0.0648   0.0648   0.0018   0.0000  -0.0023   0.0185    0.285
   105   1.8014  -0.5419   0.0000   0.1440   0.0026   0.0116   0.0224   0.0806   0.0806   0.0021   0.0000  -0.0035   0.0236    0.293
   106   1.8021  -0.5613   0.0000   0.1412   0.0029   0.0132   0.0272   0.0935   0.0935   0.0024   0.0000  -0.0046   0.0279    0.299
   107   1.8029  -0.5836   0.0000   0.1381   0.0032   0.0143   0.0285   0.1033   0.1033   0.0026   0.0000  -0.0055   0.0314    0.304
   108   1.8037  -0.6080   0.0000   0.1346   0.0034   0.0149   0.0293   0.1104   0.1104   0.0027   0.0000  -0.0063   0.0339    0.307
   109   1.8046  -0.6341   0.0000   0.1308   0.0035   0.0151   0.0187   0.1152   0.1152   0.0027   0.0000  -0.0068   0.0356    0.309
   110   1.8055  -0.6613   0.0000   0.1270   0.0035   0.0150   0.0263   0.1180   0.1180   0.0028   0.0000  -0.0071   0.0366    0.310
   111   1.8065  -0.6887   0.0000   0.1230   0.0034   0.0146   0.0274   0.1188   0.1188   0.0028   0.0000  -0.0072   0.0369    0.311
   112   1.8074  -0.7159   0.0000   0.1192   0.0032   0.0140   0.0304   0.1179   0.1179   0.0028   0.0000  -0.0071   0.0366    0.311
   113   1.8083  -0.7420   0.0000   0.1154   0.0029   0.0133   0.0246   0.1149   0.1149   0.0027   0.0000  -0.0069   0.0356    0.310
   114   1.8091  -0.7664   0.0000   0.1119   0.0026   0.0123   0.0282   0.1096   0.1096   0.0027   0.0000  -0.0063   0.0337    0.308
   115   1.8099  -0.7887   0.0000   0.1088   0.0023   0.0111   0.0307   0.1017   0.1017   0.0025   0.0000  -0.0055   0.0309    0.305
   116   1.8106  -0.8081   0.0000   0.1060   0.0019   0.0096   0.0345   0.0906   0.0906   0.0024   0.0000  -0.0045   0.0271    0.300
   117   1.8111  -0.8242   0.0000   0.1037   0.0015   0.0079   0.1447   0.0760   0.0760   0.0021   0.0000  -0.0032   0.0222    0.293
   118   1.8115  -0.8367   0.0000   0.1019   0.0011   0.0059   0.0315   0.0578   0.0578   0.0017   0.0000  -0.0019   0.0164    0.284
   119   1.8118  -0.8452   0.0000   0.1007   0.0006   0.0037   0.0353   0.0363   0.0363   0.0011   0.0000  -0.0009   0.0099    0.274
   120   1.8120  -0.8495   0.0000   0.1001   0.0002   0.0012   0.0370   0.0124   0.0124   0.0004   0.0000  -0.0002   0.0033    0.266

  Surface # 7     fin_panel_0                             
     # Chordwise = 12   # Spanwise = 20     First strip =121
     Surface area Ssurf =    0.050000     Ave. chord Cave =    0.125000

 Forces referred to Sref, Cref, Bref about Xref, Yref, Zref
 Standard axis orientation,  X fwd, Z down         
     CLsurf  =   0.00000     Clsurf  =  -0.00002
     CYsurf  =  -0.00016     Cmsurf  =   0.00000
     CDsurf  =  -0.00000     Cnsurf  =   0.00005
     CDisurf =  -0.00000     CDvsurf =   0.00000

 Forces referred to Ssurf, Cave 
     CLsurf  =  -0.00424     CDsurf  =  -0.00005

 Strip Forces referred to Strip Area, Chord
    j     Xle      Yle      Zle      Chord    Area     c_cl     ai     cl_norm    cl       cd       cdv    cm_c/4     cm_LE   C.P.x/c
   121   1.8000   0.5000   0.3994   0.1499   0.0004  -0.0002  -0.0039  -0.0016  -0.0016   0.0000   0.0000   0.0003   0.0007    0.452
   122   1.8002   0.5000   0.3945   0.1493   0.0011  -0.0007  -0.0037  -0.0046  -0.0046   0.0000   0.0000   0.0009   0.0021    0.453
   123   1.8005   0.5000   0.3848   0.1481   0.0018  -0.0011  -0.0034  -0.0073  -0.0073   0.0000   0.0000   0.0015   0.0033    0.453
   124   1.8009   0.5000   0.3705   0.1463   0.0024  -0.0014  -0.0029  -0.0096  -0.0096   0.0000   0.0000   0.0019   0.0043    0.451
   125   1.8014   0.5000   0.3521   0.1440   0.0029  -0.0016  -0.0025  -0.0115  -0.0114   0.0000   0.0000   0.0023   0.0051    0.447
   126   1.8021   0.5000   0.3299   0.1412   0.0034  -0.0018  -0.0021  -0.0128  -0.0128   0.0000   0.0000   0.0025   0.0057    0.444
   127   1.8029   0.5000   0.3045   0.1381   0.0037  -0.0019  -0.0019  -0.0138  -0.0138   0.0000   0.0000   0.0026   0.0061    0.443
   128   1.8037   0.5000   0.2765   0.1346   0.0039  -0.0019  -0.0017  -0.0143  -0.0142   0.0000   0.0000   0.0027   0.0063    0.443
   129   1.8046   0.5000   0.2467   0.1308   0.0040  -0.0019  -0.0016  -0.0142  -0.0142   0.0000   0.0000   0.0028   0.0063    0.445
   130   1.8055   0.5000   0.2157   0.1270   0.0040  -0.0017  -0.0017  -0.0137  -0.0136   0.0000   0.0000   0.0027   0.0061    0.451
   131   1.8065   0.5000   0.1843   0.1230   0.0038  -0.0015  -0.0018  -0.0124  -0.0124   0.0000   0.0000   0.0026   0.0057    0.463
   132   1.8074   0.5000   0.1533   0.1192   0.0036  -0.0012  -0.0021  -0.0103  -0.0103   0.0000   0.0000   0.0025   0.0050    0.489
   133   1.8083   0.5000   0.1235   0.1154   0.0033  -0.0008  -0.0025  -0.0069  -0.0069   0.0000   0.0000   0.0021   0.0039    0.561
   134   1.8091   0.5000   0.0955   0.1119   0.0030  -0.0002  -0.0028  -0.0017  -0.0017   0.0000   0.0000   0.0016   0.0021    1.212
   135   1.8099   0.5000   0.0701   0.1088   0.0026   0.0007  -0.0025   0.0060   0.0060  -0.0000   0.0000   0.0009  -0.0006    0.097
   136   1.8106   0.5000   0.0479   0.1060   0.0022   0.0018  -0.0006   0.0173   0.0172  -0.0001   0.0000  -0.0000  -0.0043    0.252
   137   1.8111   0.5000   0.0295   0.1037   0.0017   0.0034   0.0056   0.0324   0.0323  -0.0002   0.0000  -0.0011  -0.0091    0.283
   138   1.8115   0.5000   0.0152   0.1019   0.0012   0.0051   0.0201   0.0499   0.0498  -0.0004   0.0000  -0.0018  -0.0142    0.287
   139   1.8118   0.5000   0.0055   0.1007   0.0007   0.0067   0.0512   0.0663   0.0661  -0.0008   0.0000  -0.0021  -0.0185    0.281
   140   1.8120   0.5000   0.0006   0.1001   0.0002   0.0077   0.1730   0.0775   0.0774  -0.0045   0.0000  -0.0020  -0.0212    0.275

  Surface # 8     hstab_panel_0                           
     # Chordwise = 12   # Spanwise = 20     First strip =141
     Surface area Ssurf =    0.043750     Ave. chord Cave =    0.125000

 Forces referred to Sref, Cref, Bref about Xref, Yref, Zref
 Standard axis orientation,  X fwd, Z down         
     CLsurf  =   0.00372     Clsurf  =   0.00025
     CYsurf  =  -0.00001     Cmsurf  =  -0.01932
     CDsurf  =   0.00009     Cnsurf  =   0.00001
     CDisurf =   0.00009     CDvsurf =   0.00000

 Forces referred to Ssurf, Cave 
     CLsurf  =   0.10933     CDsurf  =   0.00261

 Strip Forces referred to Strip Area, Chord
    j     Xle      Yle      Zle      Chord    Area     c_cl     ai     cl_norm    cl       cd       cdv    cm_c/4     cm_LE   C.P.x/c
   141   1.8000  -0.4995   0.0000   0.1499   0.0003   0.0091  -0.2896   0.0607   0.0607   0.0040   0.0000  -0.0013  -0.0165    0.272
   142   1.8002  -0.4952   0.0000   0.1493   0.0010   0.0106  -0.0399   0.0707   0.0707   0.0023   0.0000  -0.0023  -0.0200    0.282
   143   1.8005  -0.4867   0.0000   0.1481   0.0016   0.0121   0.0029   0.0818   0.0818   0.0024   0.0000  -0.0034  -0.0238    0.291
   144   1.8009  -0.4742   0.0000   0.1463   0.0021   0.0136   0.0187   0.0929   0.0929   0.0025   0.0000  -0.0044  -0.0276    0.298
   145   1.8014  -0.4581   0.0000   0.1440   0.0026   0.0148   0.0242   0.1026   0.1026   0.0026   0.0000  -0.0054  -0.0310    0.302
   146   1.8021  -0.4387   0.0000   0.1412   0.0029   0.0156   0.0201   0.1105   0.1105   0.0027   0.0000  -0.0061  -0.0337    0.306
   147   1.8029  -0.4164   0.0000   0.1381   0.0032   0.0161   0.0277   0.1165   0.1165   0.0027   0.0000  -0.0067  -0.0359    0.308
   148   1.8037  -0.3920   0.0000   0.1346   0.0034   0.0163   0.0264   0.1210   0.1210   0.0028   0.0000  -0.0072  -0.0374    0.309
   149   1.8046  -0.3659   0.0000   0.1308   0.0035   0.0162   0.0252   0.1241   0.1241   0.0028   0.0000  -0.0075  -0.0385    0.310
   150   1.8055  -0.3387   0.0000   0.1270   0.0035   0.0160   0.0284   0.1258   0.1258   0.0028   0.0000  -0.0076  -0.0391    0.311
   151   1.8065  -0.3113   0.0000   0.1230   0.0034   0.0155   0.0255   0.1261   0.1261   0.0028   0.0000  -0.0076  -0.0391    0.311
   152   1.8074  -0.2841   0.0000   0.1192   0.0032   0.0149   0.0252   0.1248   0.1248   0.0028   0.0000  -0.0075  -0.0386    0.310
   153   1.8083  -0.2580   0.0000   0.1154   0.0029   0.0140   0.0324   0.1216   0.1216   0.0028   0.0000  -0.0071  -0.0375    0.309
   154   1.8091  -0.2336   0.0000   0.1119   0.0026   0.0130   0.0272   0.1161   0.1161   0.0027   0.0000  -0.0065  -0.0355    0.306
   155   1.8099  -0.2113   0.0000   0.1088   0.0023   0.0117   0.0282   0.1078   0.1078   0.0026   0.0000  -0.0057  -0.0326    0.303
   156   1.8106  -0.1919   0.0000   0.1060   0.0019   0.0102   0.0292   0.0963   0.0963   0.0024   0.0000  -0.0046  -0.0286    0.297
   157   1.8111  -0.1758   0.0000   0.1037   0.0015   0.0084   0.0327   0.0809   0.0809   0.0021   0.0000  -0.0032  -0.0234    0.290
   158   1.8115  -0.1633   0.0000   0.1019   0.0011   0.0063   0.0342   0.0616   0.0616   0.0017   0.0000  -0.0019  -0.0173    0.281
   159   1.8118  -0.1548   0.0000   0.1007   0.0006   0.0039   0.0359   0.0387   0.0387   0.0012   0.0000  -0.0008  -0.0105    0.270
   160   1.8120  -0.1505   0.0000   0.1001   0.0002   0.0013   0.0371   0.0132   0.0132   0.0004   0.0000  -0.0002  -0.0035    0.262

  Surface # 9     hstab_panel_0 (YDUP)                    
     # Chordwise = 12   # Spanwise = 20     First strip =161
     Surface area Ssurf =    0.043750     Ave. chord Cave =    0.125000

 Forces referred to Sref, Cref, Bref about Xref, Yref, Zref
 Standard axis orientation,  X fwd, Z down         
     CLsurf  =   0.00344     Clsurf  =  -0.00023
     CYsurf  =   0.00001     Cmsurf  =  -0.01783
     CDsurf  =   0.00008     Cnsurf  =  -0.00001
     CDisurf =   0.00008     CDvsurf =   0.00000

 Forces referred to Ssurf, Cave 
     CLsurf  =   0.10091     CDsurf  =   0.00242

 Strip Forces referred to Strip Area, Chord
    j     Xle      Yle      Zle      Chord    Area     c_cl     ai     cl_norm    cl       cd       cdv    cm_c/4     cm_LE   C.P.x/c
   161   1.8000   0.4995   0.0000   0.1499   0.0003   0.0015  -0.1503   0.0098   0.0098   0.0003   0.0000  -0.0001   0.0026    0.263
   162   1.8002   0.4952   0.0000   0.1493   0.0010   0.0044  -0.0250   0.0292   0.0292   0.0009   0.0000  -0.0006   0.0079    0.269
   163   1.8005   0.4867   0.0000   0.1481   0.0016   0.0071   0.0033   0.0483   0.0483   0.0014   0.0000  -0.0014   0.0134    0.278
   164   1.8009   0.4742   0.0000   0.1463   0.0021   0.0097   0.0173   0.0666   0.0666   0.0018   0.0000  -0.0024   0.0191    0.287
   165   1.8014   0.4581   0.0000   0.1440   0.0026   0.0119   0.0240   0.0829   0.0829   0.0022   0.0000  -0.0036   0.0243    0.294
   166   1.8021   0.4387   0.0000   0.1412   0.0029   0.0136   0.0207   0.0962   0.0962   0.0024   0.0000  -0.0047   0.0288    0.299
   167   1.8029   0.4164   0.0000   0.1381   0.0032   0.0147   0.0287   0.1064   0.1064   0.0026   0.0000  -0.0057   0.0323    0.304
   168   1.8037   0.3920   0.0000   0.1346   0.0034   0.0153   0.0273   0.1139   0.1139   0.0027   0.0000  -0.0065   0.0349    0.307
   169   1.8046   0.3659   0.0000   0.1308   0.0035   0.0156   0.0260   0.1191   0.1191   0.0027   0.0000  -0.0070   0.0367    0.309
   170   1.8055   0.3387   0.0000   0.1270   0.0035   0.0155   0.0290   0.1223   0.1223   0.0028   0.0000  -0.0073   0.0378    0.310
   171   1.8065   0.3113   0.0000   0.1230   0.0034   0.0152   0.0260   0.1236   0.1236   0.0028   0.0000  -0.0074   0.0383    0.310
   172   1.8074   0.2841   0.0000   0.1192   0.0032   0.0147   0.0255   0.1229   0.1229   0.0028   0.0000  -0.0073   0.0380    0.309
   173   1.8083   0.2580   0.0000   0.1154   0.0029   0.0139   0.0326   0.1202   0.1202   0.0027   0.0000  -0.0070   0.0370    0.308
   174   1.8091   0.2336   0.0000   0.1119   0.0026   0.0129   0.0274   0.1151   0.1151   0.0027   0.0000  -0.0065   0.0352    0.306
   175   1.8099   0.2113   0.0000   0.1088   0.0023   0.0117   0.0284   0.1071   0.1071   0.0026   0.0000  -0.0056   0.0324    0.302
   176   1.8106   0.1919   0.0000   0.1060   0.0019   0.0101   0.0293   0.0957   0.0957   0.0024   0.0000  -0.0045   0.0284    0.297
   177   1.8111   0.1758   0.0000   0.1037   0.0015   0.0083   0.0328   0.0805   0.0805   0.0021   0.0000  -0.0032   0.0233    0.290
   178   1.8115   0.1633   0.0000   0.1019   0.0011   0.0063   0.0343   0.0613   0.0613   0.0017   0.0000  -0.0019   0.0172    0.280
   179   1.8118   0.1548   0.0000   0.1007   0.0006   0.0039   0.0360   0.0386   0.0386   0.0012   0.0000  -0.0008   0.0104    0.270
   180   1.8120   0.1505   0.0000   0.1001   0.0002   0.0013   0.0371   0.0132   0.0132   0.0004   0.0000  -0.0002   0.0035    0.262

  Surface #10     fin_panel_0                             
     # Chordwise = 12   # Spanwise = 20     First strip =181
     Surface area Ssurf =    0.050000     Ave. chord Cave =    0.125000

 Forces referred to Sref, Cref, Bref about Xref, Yref, Zref
 Standard axis orientation,  X fwd, Z down         
     CLsurf  =   0.00000     Clsurf  =  -0.00000
     CYsurf  =   0.00018     Cmsurf  =   0.00000
     CDsurf  =  -0.00000     Cnsurf  =  -0.00005
     CDisurf =  -0.00000     CDvsurf =   0.00000

 Forces referred to Ssurf, Cave 
     CLsurf  =   0.00475     CDsurf  =  -0.00006

 Strip Forces referred to Strip Area, Chord
    j     Xle      Yle      Zle      Chord    Area     c_cl     ai     cl_norm    cl       cd       cdv    cm_c/4     cm_LE   C.P.x/c
   181   1.8000  -0.5000   0.3994   0.1499   0.0004  -0.0001  -0.0050  -0.0006  -0.0006   0.0000   0.0000   0.0004   0.0005    0.922
   182   1.8002  -0.5000   0.3945   0.1493   0.0011  -0.0002  -0.0049  -0.0016  -0.0016   0.0000   0.0000   0.0011   0.0015    0.919
   183   1.8005  -0.5000   0.3848   0.1481   0.0018  -0.0004  -0.0046  -0.0025  -0.0025   0.0000   0.0000   0.0017   0.0023    0.915
   184   1.8009  -0.5000   0.3705   0.1463   0.0024  -0.0005  -0.0043  -0.0032  -0.0031   0.0000   0.0000   0.0021   0.0029    0.910
   185   1.8014  -0.5000   0.3521   0.1440   0.0029  -0.0005  -0.0040  -0.0036  -0.0036   0.0000   0.0000   0.0023   0.0032    0.904
   186   1.8021  -0.5000   0.3299   0.1412   0.0034  -0.0005  -0.0038  -0.0038  -0.0038   0.0000   0.0000   0.0025   0.0034    0.902
   187   1.8029  -0.5000   0.3045   0.1381   0.0037  -0.0005  -0.0036  -0.0039  -0.0039   0.0000   0.0000   0.0026   0.0035    0.908
   188   1.8037  -0.5000   0.2765   0.1346   0.0039  -0.0005  -0.0036  -0.0038  -0.0038   0.0000   0.0000   0.0026   0.0035    0.933
   189   1.8046  -0.5000   0.2467   0.1308   0.0040  -0.0004  -0.0036  -0.0034  -0.0034   0.0000   0.0000   0.0026   0.0034    0.994
   190   1.8055  -0.5000   0.2157   0.1270   0.0040  -0.0004  -0.0037  -0.0028  -0.0028   0.0000   0.0000   0.0025   0.0032    1.146
   191   1.8065  -0.5000   0.1843   0.1230   0.0038  -0.0002  -0.0039  -0.0017  -0.0016   0.0000   0.0000   0.0024   0.0028    1.683
   192   1.8074  -0.5000   0.1533   0.1192   0.0036   0.0000  -0.0042   0.0002   0.0002   0.0000   0.0000   0.0022   0.0021  999.000
   193   1.8083  -0.5000   0.1235   0.1154   0.0033   0.0004  -0.0046   0.0031   0.0031  -0.0000   0.0000   0.0018   0.0011   -0.342
   194   1.8091  -0.5000   0.0955   0.1119   0.0030   0.0009  -0.0049   0.0077   0.0076  -0.0000   0.0000   0.0013  -0.0006    0.077
   195   1.8099  -0.5000   0.0701   0.1088   0.0026   0.0016  -0.0048   0.0147   0.0146  -0.0000   0.0000   0.0006  -0.0031    0.210
   196   1.8106  -0.5000   0.0479   0.1060   0.0022   0.0027  -0.0031   0.0251   0.0250  -0.0001   0.0000  -0.0004  -0.0066    0.266
   197   1.8111  -0.5000   0.0295   0.1037   0.0017   0.0041   0.0029   0.0394   0.0393  -0.0002   0.0000  -0.0015  -0.0113    0.287
   198   1.8115  -0.5000   0.0152   0.1019   0.0012   0.0057   0.0173   0.0562   0.0561  -0.0005   0.0000  -0.0023  -0.0163    0.291
   199   1.8118  -0.5000   0.0055   0.1007   0.0007   0.0072   0.0478   0.0721   0.0719  -0.0010   0.0000  -0.0025  -0.0204    0.285
   200   1.8120  -0.5000   0.0006   0.1001   0.0002   0.0083   0.1655   0.0831   0.0829  -0.0050   0.0000  -0.0024  -0.0231    0.280
 ---------------------------------------------------------------
