 ---------------------------------------------------------------
 Surface and Strip Forces by surface

  Sref =  1.2850       Cref = 0.25900       Bref =  4.9540    
  Xref = 0.50000       Yref =  0.0000       Zref =  0.0000    

  Surface # 1     mace0_panel_0                           
     # Chordwise = 12   # Spanwise = 20     First strip =  1
     Surface area Ssurf =    0.365400     Ave. chord Cave =    0.290000

 Forces referred to Sref, Cref, Bref about Xref, Yref, Zref
 Standard axis orientation,  X fwd, Z down         
     CLsurf  =   0.03827     Clsurf  =  -0.00483
     CYsurf  =  -0.00000     Cmsurf  =   0.00397
     CDsurf  =   0.00007     Cnsurf  =   0.00013
     CDisurf =   0.00007     CDvsurf =   0.00000

 Forces referred to Ssurf, Cave 
     CLsurf  =   0.13459     CDsurf  =   0.00026

 Strip Forces referred to Strip Area, Chord
    j     Xle      Yle      Zle      Chord    Area     c_cl     ai     cl_norm    cl       cd       cdv    cm_c/4     cm_LE   C.P.x/c
     1   0.4000   0.0019   0.0000   0.2900   0.0022   0.0396   0.0016   0.1366   0.1366   0.0002   0.0000  -0.0003  -0.0345    0.253
     2   0.4000   0.0174   0.0000   0.2900   0.0067   0.0396   0.0016   0.1366   0.1366   0.0002   0.0000  -0.0003  -0.0345    0.253
     3   0.4000   0.0480   0.0000   0.2900   0.0110   0.0396   0.0014   0.1366   0.1366   0.0002   0.0000  -0.0003  -0.0345    0.253
     4   0.4000   0.0928   0.0000   0.2900   0.0150   0.0396   0.0005   0.1365   0.1365   0.0002   0.0000  -0.0003  -0.0345    0.253
     5   0.4000   0.1509   0.0000   0.2900   0.0186   0.0396  -0.0169   0.1365   0.1365   0.0002   0.0000  -0.0003  -0.0345    0.252
     6   0.4000   0.2208   0.0000   0.2900   0.0218   0.0395   0.0039   0.1364   0.1364   0.0002   0.0000  -0.0003  -0.0344    0.252
     7   0.4000   0.3008   0.0000   0.2900   0.0244   0.0395   0.0057   0.1363   0.1363   0.0002   0.0000  -0.0003  -0.0344    0.252
     8   0.4000   0.3889   0.0000   0.2900   0.0265   0.0395   0.0054   0.1361   0.1361   0.0002   0.0000  -0.0003  -0.0344    0.252
     9   0.4000   0.4829   0.0000   0.2900   0.0279   0.0394  -0.0090   0.1359   0.1359   0.0002   0.0000  -0.0003  -0.0343    0.252
    10   0.4000   0.5806   0.0000   0.2900   0.0286   0.0393   0.0060   0.1355   0.1355   0.0002   0.0000  -0.0003  -0.0342    0.252
    11   0.4000   0.6794   0.0000   0.2900   0.0286   0.0392   0.0046   0.1351   0.1351   0.0003   0.0000  -0.0003  -0.0341    0.252
    12   0.4000   0.7771   0.0000   0.2900   0.0279   0.0390   0.0086   0.1346   0.1346   0.0003   0.0000  -0.0003  -0.0339    0.252
    13   0.4000   0.8711   0.0000   0.2900   0.0265   0.0388  -0.0015   0.1340   0.1340   0.0003   0.0000  -0.0003  -0.0338    0.252
    14   0.4000   0.9592   0.0000   0.2900   0.0244   0.0386   0.0031   0.1332   0.1332   0.0003   0.0000  -0.0003  -0.0336    0.252
    15   0.4000   1.0392   0.0000   0.2900   0.0218   0.0384   0.0038   0.1325   0.1325   0.0003   0.0000  -0.0002  -0.0333    0.252
    16   0.4000   1.1091   0.0000   0.2900   0.0186   0.0382   0.0042   0.1316   0.1316   0.0003   0.0000  -0.0002  -0.0331    0.252
    17   0.4000   1.1672   0.0000   0.2900   0.0150   0.0379   0.0045   0.1308   0.1308   0.0003   0.0000  -0.0002  -0.0329    0.251
    18   0.4000   1.2120   0.0000   0.2900   0.0110   0.0377   0.0047   0.1301   0.1301   0.0003   0.0000  -0.0002  -0.0327    0.251
    19   0.4000   1.2426   0.0000   0.2900   0.0067   0.0376   0.0049   0.1296   0.1296   0.0003   0.0000  -0.0001  -0.0325    0.251
    20   0.4000   1.2581   0.0000   0.2900   0.0022   0.0375   0.0050   0.1293   0.1293   0.0003   0.0000  -0.0001  -0.0324    0.251

  Surface # 2     mace0_panel_0 (YDUP)                    
     # Chordwise = 12   # Spanwise = 20     First strip = 21
     Surface area Ssurf =    0.365400     Ave. chord Cave =    0.290000

 Forces referred to Sref, Cref, Bref about Xref, Yref, Zref
 Standard axis orientation,  X fwd, Z down         
     CLsurf  =   0.03827     Clsurf  =   0.00483
     CYsurf  =   0.00000     Cmsurf  =   0.00397
     CDsurf  =   0.00007     Cnsurf  =  -0.00013
     CDisurf =   0.00007     CDvsurf =   0.00000

 Forces referred to Ssurf, Cave 
     CLsurf  =   0.13459     CDsurf  =   0.00026

 Strip Forces referred to Strip Area, Chord
    j     Xle      Yle      Zle      Chord    Area     c_cl     ai     cl_norm    cl       cd       cdv    cm_c/4     cm_LE   C.P.x/c
    21   0.4000  -0.0019   0.0000   0.2900   0.0022   0.0396   0.0016   0.1366   0.1366   0.0002   0.0000  -0.0003   0.0345    0.253
    22   0.4000  -0.0174   0.0000   0.2900   0.0067   0.0396   0.0016   0.1366   0.1366   0.0002   0.0000  -0.0003   0.0345    0.253
    23   0.4000  -0.0480   0.0000   0.2900   0.0110   0.0396   0.0014   0.1366   0.1366   0.0002   0.0000  -0.0003   0.0345    0.253
    24   0.4000  -0.0928   0.0000   0.2900   0.0150   0.0396   0.0005   0.1365   0.1365   0.0002   0.0000  -0.0003   0.0345    0.253
    25   0.4000  -0.1509   0.0000   0.2900   0.0186   0.0396  -0.0168   0.1365   0.1365   0.0002   0.0000  -0.0003   0.0345    0.252
    26   0.4000  -0.2208   0.0000   0.2900   0.0218   0.0395   0.0044   0.1364   0.1364   0.0002   0.0000  -0.0003   0.0344    0.252
    27   0.4000  -0.3008   0.0000   0.2900   0.0244   0.0395   0.0052   0.1363   0.1363   0.0002   0.0000  -0.0003   0.0344    0.252
    28   0.4000  -0.3889   0.0000   0.2900   0.0265   0.0395   0.0051   0.1361   0.1361   0.0002   0.0000  -0.0003   0.0344    0.252
    29   0.4000  -0.4829   0.0000   0.2900   0.0279   0.0394  -0.0161   0.1359   0.1359   0.0002   0.0000  -0.0003   0.0343    0.252
    30   0.4000  -0.5806   0.0000   0.2900   0.0286   0.0393   0.0057   0.1355   0.1355   0.0002   0.0000  -0.0003   0.0342    0.252
    31   0.4000  -0.6794   0.0000   0.2900   0.0286   0.0392   0.0040   0.1351   0.1351   0.0003   0.0000  -0.0003   0.0341    0.252
    32   0.4000  -0.7771   0.0000   0.2900   0.0279   0.0390   0.0094   0.1346   0.1346   0.0003   0.0000  -0.0003   0.0339    0.252
    33   0.4000  -0.8711   0.0000   0.2900   0.0265   0.0388  -0.0015   0.1340   0.1340   0.0003   0.0000  -0.0003   0.0338    0.252
    34   0.4000  -0.9592   0.0000   0.2900   0.0244   0.0386   0.0030   0.1332   0.1332   0.0003   0.0000  -0.0003   0.0336    0.252
    35   0.4000  -1.0392   0.0000   0.2900   0.0218   0.0384   0.0038   0.1325   0.1325   0.0003   0.0000  -0.0002   0.0333    0.252
    36   0.4000  -1.1091   0.0000   0.2900   0.0186   0.0382   0.0042   0.1316   0.1316   0.0003   0.0000  -0.0002   0.0331    0.252
    37   0.4000  -1.1672   0.0000   0.2900   0.0150   0.0379   0.0045   0.1308   0.1308   0.0003   0.0000  -0.0002   0.0329    0.251
    38   0.4000  -1.2120   0.0000   0.2900   0.0110   0.0377   0.0047   0.1301   0.1301   0.0003   0.0000  -0.0002   0.0327    0.251
    39   0.4000  -1.2426   0.0000   0.2900   0.0067   0.0376   0.0049   0.1296   0.1296   0.0003   0.0000  -0.0001   0.0325    0.251
    40   0.4000  -1.2581   0.0000   0.2900   0.0022   0.0375   0.0050   0.1293   0.1293   0.0003   0.0000  -0.0001   0.0324    0.251

  Surface # 3     mace0_panel_1                           
     # Chordwise = 12   # Spanwise = 20     First strip = 41
     Surface area Ssurf =    0.275268     Ave. chord Cave =    0.226186

 Forces referred to Sref, Cref, Bref about Xref, Yref, Zref
 Standard axis orientation,  X fwd, Z down         
     CLsurf  =   0.02420     Clsurf  =  -0.00843
     CYsurf  =   0.00006     Cmsurf  =   0.00275
     CDsurf  =   0.00006     Cnsurf  =   0.00022
     CDisurf =   0.00006     CDvsurf =   0.00000

 Forces referred to Ssurf, Cave 
     CLsurf  =   0.11295     CDsurf  =   0.00029

 Strip Forces referred to Strip Area, Chord
    j     Xle      Yle      Zle      Chord    Area     c_cl     ai     cl_norm    cl       cd       cdv    cm_c/4     cm_LE   C.P.x/c
    41   0.4000   1.2617   0.0000   0.2899   0.0020   0.0375   0.0050   0.1293   0.1293   0.0003   0.0000  -0.0001  -0.0324    0.251
    42   0.4001   1.2754   0.0000   0.2895   0.0059   0.0374   0.0050   0.1291   0.1291   0.0003   0.0000  -0.0001  -0.0324    0.251
    43   0.4003   1.3025   0.0000   0.2887   0.0097   0.0372   0.0050   0.1289   0.1289   0.0003   0.0000  -0.0001  -0.0323    0.251
    44   0.4005   1.3423   0.0000   0.2876   0.0132   0.0369   0.0051   0.1284   0.1284   0.0003   0.0000  -0.0001  -0.0322    0.251
    45   0.4009   1.3938   0.0000   0.2861   0.0163   0.0365   0.0052   0.1276   0.1276   0.0003   0.0000  -0.0000  -0.0319    0.250
    46   0.4013   1.4558   0.0000   0.2842   0.0189   0.0359   0.0055   0.1264   0.1264   0.0004   0.0000   0.0000  -0.0316    0.250
    47   0.4017   1.5267   0.0000   0.2821   0.0211   0.0351   0.0058   0.1246   0.1246   0.0004   0.0000   0.0001  -0.0310    0.249
    48   0.4034   1.6218   0.0000   0.2760   0.0319   0.0339   0.0059   0.1230   0.1230   0.0004   0.0000   0.0003  -0.0304    0.247
    49   0.4064   1.7407   0.0000   0.2654   0.0323   0.0320   0.0059   0.1206   0.1206   0.0004   0.0000   0.0007  -0.0294    0.244
    50   0.4095   1.8476   0.0000   0.2533   0.0232   0.0297   0.0059   0.1173   0.1173   0.0003   0.0000   0.0011  -0.0282    0.240
    51   0.4125   1.9394   0.0000   0.2397   0.0219   0.0272   0.0058   0.1137   0.1137   0.0003   0.0000   0.0016  -0.0268    0.236
    52   0.4161   2.0215   0.0000   0.2255   0.0163   0.0245   0.0055   0.1088   0.1088   0.0003   0.0000   0.0021  -0.0251    0.231
    53   0.4201   2.0922   0.0000   0.2109   0.0145   0.0216   0.0051   0.1025   0.1025   0.0003   0.0000   0.0025  -0.0230    0.225
    54   0.4256   2.1823   0.0000   0.1881   0.0207   0.0177   0.0032   0.0941   0.0941   0.0002   0.0000   0.0029  -0.0206    0.219
    55   0.4331   2.2799   0.0000   0.1570   0.0133   0.0126  -0.0002   0.0804   0.0804  -0.0000   0.0000   0.0031  -0.0169    0.211
    56   0.4393   2.3401   0.0000   0.1327   0.0049   0.0088  -0.0038   0.0667   0.0667  -0.0001   0.0000   0.0029  -0.0137    0.207
    57   0.4433   2.3732   0.0000   0.1167   0.0034   0.0061  -0.0073   0.0524   0.0524  -0.0002   0.0000   0.0023  -0.0107    0.206
    58   0.4499   2.4149   0.0000   0.0897   0.0046   0.0035  -0.0101   0.0395   0.0395  -0.0002   0.0000   0.0019  -0.0079    0.203
    59   0.4623   2.4550   0.0000   0.0412   0.0012   0.0014  -0.0131   0.0351   0.0351  -0.0002   0.0000   0.0023  -0.0058    0.184
    60   0.4718   2.4745   0.0000   0.0046   0.0000   0.0003  -0.0191   0.0573   0.0573  -0.0006   0.0000   0.0044  -0.0090    0.174

  Surface # 4     mace0_panel_1 (YDUP)                    
     # Chordwise = 12   # Spanwise = 20     First strip = 61
     Surface area Ssurf =    0.275268     Ave. chord Cave =    0.226186

 Forces referred to Sref, Cref, Bref about Xref, Yref, Zref
 Standard axis orientation,  X fwd, Z down         
     CLsurf  =   0.02420     Clsurf  =   0.00843
     CYsurf  =  -0.00006     Cmsurf  =   0.00275
     CDsurf  =   0.00006     Cnsurf  =  -0.00022
     CDisurf =   0.00006     CDvsurf =   0.00000

 Forces referred to Ssurf, Cave 
     CLsurf  =   0.11295     CDsurf  =   0.00029

 Strip Forces referred to Strip Area, Chord
    j     Xle      Yle      Zle      Chord    Area     c_cl     ai     cl_norm    cl       cd       cdv    cm_c/4     cm_LE   C.P.x/c
    61   0.4000  -1.2617   0.0000   0.2899   0.0020   0.0375   0.0050   0.1293   0.1293   0.0003   0.0000  -0.0001   0.0324    0.251
    62   0.4001  -1.2754   0.0000   0.2895   0.0059   0.0374   0.0050   0.1291   0.1291   0.0003   0.0000  -0.0001   0.0324    0.251
    63   0.4003  -1.3025   0.0000   0.2887   0.0097   0.0372   0.0050   0.1289   0.1289   0.0003   0.0000  -0.0001   0.0323    0.251
    64   0.4005  -1.3423   0.0000   0.2876   0.0132   0.0369   0.0051   0.1284   0.1284   0.0003   0.0000  -0.0001   0.0322    0.251
    65   0.4009  -1.3938   0.0000   0.2861   0.0163   0.0365   0.0052   0.1276   0.1276   0.0003   0.0000  -0.0000   0.0319    0.250
    66   0.4013  -1.4558   0.0000   0.2842   0.0189   0.0359   0.0055   0.1264   0.1264   0.0004   0.0000   0.0000   0.0316    0.250
    67   0.4017  -1.5267   0.0000   0.2821   0.0211   0.0351   0.0058   0.1246   0.1246   0.0004   0.0000   0.0001   0.0310    0.249
    68   0.4034  -1.6218   0.0000   0.2760   0.0319   0.0339   0.0059   0.1230   0.1230   0.0004   0.0000   0.0003   0.0304    0.247
    69   0.4064  -1.7407   0.0000   0.2654   0.0323   0.0320   0.0059   0.1206   0.1206   0.0004   0.0000   0.0007   0.0294    0.244
    70   0.4095  -1.8476   0.0000   0.2533   0.0232   0.0297   0.0059   0.1173   0.1173   0.0003   0.0000   0.0011   0.0282    0.240
    71   0.4125  -1.9394   0.0000   0.2397   0.0219   0.0272   0.0058   0.1137   0.1137   0.0003   0.0000   0.0016   0.0268    0.236
    72   0.4161  -2.0215   0.0000   0.2255   0.0163   0.0245   0.0055   0.1088   0.1088   0.0003   0.0000   0.0021   0.0251    0.231
    73   0.4201  -2.0922   0.0000   0.2109   0.0145   0.0216   0.0051   0.1025   0.1025   0.0003   0.0000   0.0025   0.0230    0.225
    74   0.4256  -2.1823   0.0000   0.1881   0.0207   0.0177   0.0032   0.0941   0.0941   0.0002   0.0000   0.0029   0.0206    0.219
    75   0.4331  -2.2799   0.0000   0.1570   0.0133   0.0126  -0.0002   0.0805   0.0804  -0.0000   0.0000   0.0031   0.0169    0.211
    76   0.4393  -2.3401   0.0000   0.1327   0.0049   0.0088  -0.0038   0.0667   0.0667  -0.0001   0.0000   0.0029   0.0137    0.207
    77   0.4433  -2.3732   0.0000   0.1167   0.0034   0.0061  -0.0073   0.0524   0.0524  -0.0002   0.0000   0.0023   0.0107    0.206
    78   0.4499  -2.4149   0.0000   0.0897   0.0046   0.0035  -0.0101   0.0395   0.0395  -0.0002   0.0000   0.0019   0.0079    0.203
    79   0.4623  -2.4550   0.0000   0.0412   0.0012   0.0014  -0.0131   0.0351   0.0351  -0.0002   0.0000   0.0023   0.0058    0.184
    80   0.4718  -2.4745   0.0000   0.0046   0.0000   0.0003  -0.0191   0.0573   0.0573  -0.0006   0.0000   0.0044   0.0090    0.174

  Surface # 5     hstab_panel_0                           
     # Chordwise = 12   # Spanwise = 20     First strip = 81
     Surface area Ssurf =    0.043750     Ave. chord Cave =    0.125000

 Forces referred to Sref, Cref, Bref about Xref, Yref, Zref
 Standard axis orientation,  X fwd, Z down         
     CLsurf  =   0.00051     Clsurf  =  -0.00007
     CYsurf  =   0.00000     Cmsurf  =  -0.00310
     CDsurf  =   0.00000     Cnsurf  =   0.00000
     CDisurf =   0.00000     CDvsurf =   0.00000

 Forces referred to Ssurf, Cave 
     CLsurf  =   0.01484     CDsurf  =   0.00013

 Strip Forces referred to Strip Area, Chord
    j     Xle      Yle      Zle      Chord    Area     c_cl     ai     cl_norm    cl       cd       cdv    cm_c/4     cm_LE   C.P.x/c
    81   1.8000   0.5005   0.0000   0.1499   0.0003  -0.0009  -0.0807  -0.0059  -0.0059   0.0011   0.0000  -0.0098  -0.0083  999.000
    82   1.8002   0.5048   0.0000   0.1493   0.0010   0.0002  -0.0038   0.0010   0.0010   0.0003   0.0000  -0.0162  -0.0164  999.000
    83   1.8005   0.5133   0.0000   0.1481   0.0016   0.0010   0.0069   0.0069   0.0069   0.0002   0.0000  -0.0220  -0.0237  999.000
    84   1.8009   0.5258   0.0000   0.1463   0.0021   0.0016   0.0099   0.0110   0.0110   0.0002   0.0000  -0.0265  -0.0292  999.000
    85   1.8014   0.5419   0.0000   0.1440   0.0026   0.0019   0.0071   0.0135   0.0135   0.0001   0.0000  -0.0294  -0.0327  999.000
    86   1.8021   0.5613   0.0000   0.1412   0.0029   0.0021   0.0065   0.0147   0.0147   0.0001   0.0000  -0.0310  -0.0346  999.000
    87   1.8029   0.5836   0.0000   0.1381   0.0032   0.0021   0.0059   0.0152   0.0152   0.0001   0.0000  -0.0318  -0.0356  999.000
    88   1.8037   0.6080   0.0000   0.1346   0.0034   0.0021   0.0057   0.0155   0.0155   0.0001   0.0000  -0.0322  -0.0361  999.000
    89   1.8046   0.6341   0.0000   0.1308   0.0035   0.0021   0.0027   0.0157   0.0157   0.0001   0.0000  -0.0324  -0.0363  999.000
    90   1.8055   0.6613   0.0000   0.1270   0.0035   0.0020   0.0048   0.0160   0.0160   0.0001   0.0000  -0.0324  -0.0364  999.000
    91   1.8065   0.6887   0.0000   0.1230   0.0034   0.0020   0.0052   0.0163   0.0163   0.0001   0.0000  -0.0324  -0.0364  999.000
    92   1.8074   0.7159   0.0000   0.1192   0.0032   0.0020   0.0061   0.0166   0.0166   0.0001   0.0000  -0.0323  -0.0364  999.000
    93   1.8083   0.7420   0.0000   0.1154   0.0029   0.0020   0.0047   0.0170   0.0170   0.0001   0.0000  -0.0321  -0.0364  999.000
    94   1.8091   0.7664   0.0000   0.1119   0.0026   0.0020   0.0060   0.0174   0.0174   0.0001   0.0000  -0.0318  -0.0362  999.000
    95   1.8099   0.7887   0.0000   0.1088   0.0023   0.0019   0.0073   0.0178   0.0178   0.0001   0.0000  -0.0312  -0.0356  999.000
    96   1.8106   0.8081   0.0000   0.1060   0.0019   0.0019   0.0095   0.0178   0.0178   0.0001   0.0000  -0.0299  -0.0343    1.933
    97   1.8111   0.8242   0.0000   0.1037   0.0015   0.0018   0.0420   0.0170   0.0170   0.0002   0.0000  -0.0274  -0.0316    1.859
    98   1.8115   0.8367   0.0000   0.1019   0.0011   0.0015   0.0135   0.0147   0.0147   0.0002   0.0000  -0.0227  -0.0264    1.793
    99   1.8118   0.8452   0.0000   0.1007   0.0006   0.0010   0.0174   0.0103   0.0103   0.0002   0.0000  -0.0153  -0.0179    1.745
   100   1.8120   0.8495   0.0000   0.1001   0.0002   0.0004   0.0198   0.0037   0.0037   0.0001   0.0000  -0.0055  -0.0064    1.722

  Surface # 6     hstab_panel_0 (YDUP)                    
     # Chordwise = 12   # Spanwise = 20     First strip =101
     Surface area Ssurf =    0.043750     Ave. chord Cave =    0.125000

 Forces referred to Sref, Cref, Bref about Xref, Yref, Zref
 Standard axis orientation,  X fwd, Z down         
     CLsurf  =   0.00056     Clsurf  =   0.00008
     CYsurf  =  -0.00000     Cmsurf  =  -0.00340
     CDsurf  =   0.00000     Cnsurf  =  -0.00000
     CDisurf =   0.00000     CDvsurf =   0.00000

 Forces referred to Ssurf, Cave 
     CLsurf  =   0.01659     CDsurf  =   0.00010

 Strip Forces referred to Strip Area, Chord
    j     Xle      Yle      Zle      Chord    Area     c_cl     ai     cl_norm    cl       cd       cdv    cm_c/4     cm_LE   C.P.x/c
   101   1.8000  -0.5005   0.0000   0.1499   0.0003   0.0004  -0.1055   0.0030   0.0030   0.0000   0.0000  -0.0042   0.0050    1.678
   102   1.8002  -0.5048   0.0000   0.1493   0.0010   0.0013  -0.0051   0.0086   0.0086   0.0001   0.0000  -0.0123   0.0145    1.690
   103   1.8005  -0.5133   0.0000   0.1481   0.0016   0.0019   0.0078   0.0131   0.0131   0.0001   0.0000  -0.0194   0.0227    1.727
   104   1.8009  -0.5258   0.0000   0.1463   0.0021   0.0024   0.0110   0.0161   0.0161   0.0001   0.0000  -0.0249   0.0289    1.796
   105   1.8014  -0.5419   0.0000   0.1440   0.0026   0.0025   0.0079   0.0174   0.0174   0.0001   0.0000  -0.0286   0.0329    1.887
   106   1.8021  -0.5613   0.0000   0.1412   0.0029   0.0025   0.0069   0.0177   0.0177   0.0001   0.0000  -0.0307   0.0351    1.980
   107   1.8029  -0.5836   0.0000   0.1381   0.0032   0.0024   0.0060   0.0175   0.0175   0.0001   0.0000  -0.0317   0.0361  999.000
   108   1.8037  -0.6080   0.0000   0.1346   0.0034   0.0023   0.0057   0.0172   0.0172   0.0001   0.0000  -0.0322   0.0365  999.000
   109   1.8046  -0.6341   0.0000   0.1308   0.0035   0.0022   0.0026   0.0170   0.0170   0.0001   0.0000  -0.0324   0.0366  999.000
   110   1.8055  -0.6613   0.0000   0.1270   0.0035   0.0021   0.0047   0.0169   0.0169   0.0001   0.0000  -0.0325   0.0367  999.000
   111   1.8065  -0.6887   0.0000   0.1230   0.0034   0.0021   0.0051   0.0169   0.0169   0.0001   0.0000  -0.0324   0.0366  999.000
   112   1.8074  -0.7159   0.0000   0.1192   0.0032   0.0020   0.0061   0.0171   0.0171   0.0001   0.0000  -0.0323   0.0366  999.000
   113   1.8083  -0.7420   0.0000   0.1154   0.0029   0.0020   0.0047   0.0174   0.0174   0.0001   0.0000  -0.0322   0.0365  999.000
   114   1.8091  -0.7664   0.0000   0.1119   0.0026   0.0020   0.0060   0.0177   0.0177   0.0001   0.0000  -0.0318   0.0363  999.000
   115   1.8099  -0.7887   0.0000   0.1088   0.0023   0.0020   0.0073   0.0180   0.0180   0.0001   0.0000  -0.0312   0.0357    1.987
   116   1.8106  -0.8081   0.0000   0.1060   0.0019   0.0019   0.0095   0.0179   0.0179   0.0001   0.0000  -0.0299   0.0344    1.918
   117   1.8111  -0.8242   0.0000   0.1037   0.0015   0.0018   0.0420   0.0171   0.0171   0.0002   0.0000  -0.0274   0.0316    1.847
   118   1.8115  -0.8367   0.0000   0.1019   0.0011   0.0015   0.0135   0.0148   0.0148   0.0002   0.0000  -0.0227   0.0264    1.784
   119   1.8118  -0.8452   0.0000   0.1007   0.0006   0.0010   0.0174   0.0103   0.0103   0.0002   0.0000  -0.0153   0.0179    1.738
   120   1.8120  -0.8495   0.0000   0.1001   0.0002   0.0004   0.0198   0.0037   0.0037   0.0001   0.0000  -0.0055   0.0064    1.715

  Surface # 7     fin_panel_0                             
     # Chordwise = 12   # Spanwise = 20     First strip =121
     Surface area Ssurf =    0.050000     Ave. chord Cave =    0.125000

 Forces referred to Sref, Cref, Bref about Xref, Yref, Zref
 Standard axis orientation,  X fwd, Z down         
     CLsurf  =  -0.00000     Clsurf  =  -0.00000
     CYsurf  =  -0.00005     Cmsurf  =   0.00000
     CDsurf  =  -0.00000     Cnsurf  =   0.00001
     CDisurf =  -0.00000     CDvsurf =   0.00000

 Forces referred to Ssurf, Cave 
     CLsurf  =  -0.00141     CDsurf  =  -0.00002

 Strip Forces referred to Strip Area, Chord
    j     Xle      Yle      Zle      Chord    Area     c_cl     ai     cl_norm    cl       cd       cdv    cm_c/4     cm_LE   C.P.x/c
   121   1.8000   0.5000   0.3994   0.1499   0.0004  -0.0000  -0.0000  -0.0002  -0.0002   0.0000   0.0000  -0.0001  -0.0001   -0.598
   122   1.8002   0.5000   0.3945   0.1493   0.0011  -0.0001  -0.0000  -0.0004  -0.0004   0.0000   0.0000  -0.0004  -0.0003   -0.564
   123   1.8005   0.5000   0.3848   0.1481   0.0018  -0.0001  -0.0000  -0.0007  -0.0007  -0.0000   0.0000  -0.0005  -0.0004   -0.514
   124   1.8009   0.5000   0.3705   0.1463   0.0024  -0.0001   0.0000  -0.0009  -0.0009  -0.0000   0.0000  -0.0007  -0.0004   -0.464
   125   1.8014   0.5000   0.3521   0.1440   0.0029  -0.0002   0.0000  -0.0011  -0.0011  -0.0000   0.0000  -0.0007  -0.0005   -0.430
   126   1.8021   0.5000   0.3299   0.1412   0.0034  -0.0002   0.0001  -0.0011  -0.0011  -0.0000   0.0000  -0.0007  -0.0005   -0.430
   127   1.8029   0.5000   0.3045   0.1381   0.0037  -0.0001   0.0002  -0.0010  -0.0010  -0.0000   0.0000  -0.0007  -0.0005   -0.486
   128   1.8037   0.5000   0.2765   0.1346   0.0039  -0.0001   0.0004  -0.0008  -0.0008  -0.0000   0.0000  -0.0007  -0.0005   -0.649
   129   1.8046   0.5000   0.2467   0.1308   0.0040  -0.0001   0.0006  -0.0005  -0.0005  -0.0000   0.0000  -0.0007  -0.0006  999.000
   130   1.8055   0.5000   0.2157   0.1270   0.0040  -0.0000   0.0007  -0.0002  -0.0002  -0.0000   0.0000  -0.0007  -0.0006  999.000
   131   1.8065   0.5000   0.1843   0.1230   0.0038   0.0000   0.0010   0.0001   0.0001   0.0000   0.0000  -0.0006  -0.0007  999.000
   132   1.8074   0.5000   0.1533   0.1192   0.0036   0.0000   0.0012   0.0002   0.0002   0.0000   0.0000  -0.0006  -0.0007  999.000
   133   1.8083   0.5000   0.1235   0.1154   0.0033   0.0000   0.0014   0.0001   0.0001   0.0000   0.0000  -0.0006  -0.0006  999.000
   134   1.8091   0.5000   0.0955   0.1119   0.0030  -0.0001   0.0016  -0.0005  -0.0005  -0.0000   0.0000  -0.0006  -0.0005   -0.997
   135   1.8099   0.5000   0.0701   0.1088   0.0026  -0.0002   0.0016  -0.0018  -0.0018  -0.0000   0.0000  -0.0009  -0.0004   -0.243
   136   1.8106   0.5000   0.0479   0.1060   0.0022  -0.0004   0.0011  -0.0039  -0.0039  -0.0000   0.0000  -0.0017  -0.0007   -0.176
   137   1.8111   0.5000   0.0295   0.1037   0.0017  -0.0007  -0.0003  -0.0068  -0.0068  -0.0000   0.0000  -0.0035  -0.0018   -0.274
   138   1.8115   0.5000   0.0152   0.1019   0.0012  -0.0010  -0.0028  -0.0099  -0.0099  -0.0001   0.0000  -0.0069  -0.0044   -0.450
   139   1.8118   0.5000   0.0055   0.1007   0.0007  -0.0013  -0.0069  -0.0126  -0.0126  -0.0003   0.0000  -0.0110  -0.0079   -0.624
   140   1.8120   0.5000   0.0006   0.1001   0.0002  -0.0015  -0.0341  -0.0147  -0.0147  -0.0021   0.0000  -0.0140  -0.0103   -0.705

  Surface # 8     hstab_panel_0                           
     # Chordwise = 12   # Spanwise = 20     First strip =141
     Surface area Ssurf =    0.043750     Ave. chord Cave =    0.125000

 Forces referred to Sref, Cref, Bref about Xref, Yref, Zref
 Standard axis orientation,  X fwd, Z down         
     CLsurf  =   0.00055     Clsurf  =   0.00004
     CYsurf  =   0.00000     Cmsurf  =  -0.00333
     CDsurf  =   0.00000     Cnsurf  =  -0.00000
     CDisurf =   0.00000     CDvsurf =   0.00000

 Forces referred to Ssurf, Cave 
     CLsurf  =   0.01614     CDsurf  =   0.00012

 Strip Forces referred to Strip Area, Chord
    j     Xle      Yle      Zle      Chord    Area     c_cl     ai     cl_norm    cl       cd       cdv    cm_c/4     cm_LE   C.P.x/c
   141   1.8000  -0.4995   0.0000   0.1499   0.0003  -0.0007  -0.0783  -0.0048  -0.0048   0.0010   0.0000  -0.0099  -0.0087  999.000
   142   1.8002  -0.4952   0.0000   0.1493   0.0010   0.0003  -0.0034   0.0022   0.0022   0.0003   0.0000  -0.0162  -0.0168  999.000
   143   1.8005  -0.4867   0.0000   0.1481   0.0016   0.0012   0.0068   0.0080   0.0080   0.0002   0.0000  -0.0220  -0.0240  999.000
   144   1.8009  -0.4742   0.0000   0.1463   0.0021   0.0018   0.0085   0.0121   0.0121   0.0002   0.0000  -0.0265  -0.0295  999.000
   145   1.8014  -0.4581   0.0000   0.1440   0.0026   0.0021   0.0076   0.0146   0.0146   0.0001   0.0000  -0.0294  -0.0330  999.000
   146   1.8021  -0.4387   0.0000   0.1412   0.0029   0.0022   0.0048   0.0158   0.0158   0.0001   0.0000  -0.0310  -0.0350  999.000
   147   1.8029  -0.4164   0.0000   0.1381   0.0032   0.0023   0.0059   0.0164   0.0164   0.0001   0.0000  -0.0319  -0.0360  999.000
   148   1.8037  -0.3920   0.0000   0.1346   0.0034   0.0023   0.0051   0.0167   0.0167   0.0001   0.0000  -0.0323  -0.0364  999.000
   149   1.8046  -0.3659   0.0000   0.1308   0.0035   0.0022   0.0046   0.0170   0.0170   0.0001   0.0000  -0.0324  -0.0367  999.000
   150   1.8055  -0.3387   0.0000   0.1270   0.0035   0.0022   0.0055   0.0174   0.0174   0.0001   0.0000  -0.0325  -0.0368  999.000
   151   1.8065  -0.3113   0.0000   0.1230   0.0034   0.0022   0.0048   0.0177   0.0177   0.0001   0.0000  -0.0324  -0.0368  999.000
   152   1.8074  -0.2841   0.0000   0.1192   0.0032   0.0022   0.0048   0.0181   0.0181   0.0001   0.0000  -0.0323  -0.0368  999.000
   153   1.8083  -0.2580   0.0000   0.1154   0.0029   0.0021   0.0069   0.0186   0.0186   0.0001   0.0000  -0.0322  -0.0368    1.979
   154   1.8091  -0.2336   0.0000   0.1119   0.0026   0.0021   0.0058   0.0190   0.0190   0.0001   0.0000  -0.0318  -0.0366    1.924
   155   1.8099  -0.2113   0.0000   0.1088   0.0023   0.0021   0.0067   0.0193   0.0193   0.0001   0.0000  -0.0312  -0.0360    1.866
   156   1.8106  -0.1919   0.0000   0.1060   0.0019   0.0020   0.0081   0.0192   0.0192   0.0002   0.0000  -0.0299  -0.0347    1.807
   157   1.8111  -0.1758   0.0000   0.1037   0.0015   0.0019   0.0111   0.0182   0.0182   0.0002   0.0000  -0.0273  -0.0319    1.748
   158   1.8115  -0.1633   0.0000   0.1019   0.0011   0.0016   0.0142   0.0157   0.0157   0.0002   0.0000  -0.0227  -0.0266    1.697
   159   1.8118  -0.1548   0.0000   0.1007   0.0006   0.0011   0.0176   0.0109   0.0109   0.0002   0.0000  -0.0153  -0.0180    1.659
   160   1.8120  -0.1505   0.0000   0.1001   0.0002   0.0004   0.0198   0.0039   0.0039   0.0001   0.0000  -0.0055  -0.0064    1.641

  Surface # 9     hstab_panel_0 (YDUP)                    
     # Chordwise = 12   # Spanwise = 20     First strip =161
     Surface area Ssurf =    0.043750     Ave. chord Cave =    0.125000

 Forces referred to Sref, Cref, Bref about Xref, Yref, Zref
 Standard axis orientation,  X fwd, Z down         
     CLsurf  =   0.00060     Clsurf  =  -0.00004
     CYsurf  =  -0.00000     Cmsurf  =  -0.00359
     CDsurf  =   0.00000     Cnsurf  =   0.00000
     CDisurf =   0.00000     CDvsurf =   0.00000

 Forces referred to Ssurf, Cave 
     CLsurf  =   0.01767     CDsurf  =   0.00011

 Strip Forces referred to Strip Area, Chord
    j     Xle      Yle      Zle      Chord    Area     c_cl     ai     cl_norm    cl       cd       cdv    cm_c/4     cm_LE   C.P.x/c
   161   1.8000   0.4995   0.0000   0.1499   0.0003   0.0005  -0.1058   0.0030   0.0030   0.0000   0.0000  -0.0042   0.0050    1.647
   162   1.8002   0.4952   0.0000   0.1493   0.0010   0.0013  -0.0054   0.0088   0.0088   0.0001   0.0000  -0.0123   0.0145    1.656
   163   1.8005   0.4867   0.0000   0.1481   0.0016   0.0020   0.0074   0.0135   0.0135   0.0001   0.0000  -0.0194   0.0228    1.687
   164   1.8009   0.4742   0.0000   0.1463   0.0021   0.0024   0.0096   0.0166   0.0166   0.0001   0.0000  -0.0249   0.0291    1.748
   165   1.8014   0.4581   0.0000   0.1440   0.0026   0.0026   0.0083   0.0181   0.0181   0.0001   0.0000  -0.0286   0.0331    1.829
   166   1.8021   0.4387   0.0000   0.1412   0.0029   0.0026   0.0052   0.0185   0.0185   0.0001   0.0000  -0.0307   0.0353    1.909
   167   1.8029   0.4164   0.0000   0.1381   0.0032   0.0025   0.0061   0.0184   0.0184   0.0001   0.0000  -0.0318   0.0363    1.977
   168   1.8037   0.3920   0.0000   0.1346   0.0034   0.0024   0.0052   0.0182   0.0182   0.0001   0.0000  -0.0323   0.0368  999.000
   169   1.8046   0.3659   0.0000   0.1308   0.0035   0.0024   0.0046   0.0181   0.0181   0.0001   0.0000  -0.0324   0.0369  999.000
   170   1.8055   0.3387   0.0000   0.1270   0.0035   0.0023   0.0054   0.0181   0.0181   0.0001   0.0000  -0.0325   0.0370  999.000
   171   1.8065   0.3113   0.0000   0.1230   0.0034   0.0022   0.0047   0.0183   0.0183   0.0001   0.0000  -0.0325   0.0370  999.000
   172   1.8074   0.2841   0.0000   0.1192   0.0032   0.0022   0.0048   0.0185   0.0185   0.0001   0.0000  -0.0324   0.0370    1.995
   173   1.8083   0.2580   0.0000   0.1154   0.0029   0.0022   0.0068   0.0189   0.0189   0.0001   0.0000  -0.0322   0.0369    1.953
   174   1.8091   0.2336   0.0000   0.1119   0.0026   0.0022   0.0058   0.0192   0.0192   0.0001   0.0000  -0.0318   0.0366    1.905
   175   1.8099   0.2113   0.0000   0.1088   0.0023   0.0021   0.0067   0.0195   0.0195   0.0001   0.0000  -0.0312   0.0360    1.853
   176   1.8106   0.1919   0.0000   0.1060   0.0019   0.0020   0.0081   0.0193   0.0193   0.0002   0.0000  -0.0299   0.0347    1.797
   177   1.8111   0.1758   0.0000   0.1037   0.0015   0.0019   0.0110   0.0183   0.0183   0.0002   0.0000  -0.0273   0.0319    1.741
   178   1.8115   0.1633   0.0000   0.1019   0.0011   0.0016   0.0142   0.0157   0.0157   0.0002   0.0000  -0.0227   0.0266    1.691
   179   1.8118   0.1548   0.0000   0.1007   0.0006   0.0011   0.0176   0.0109   0.0109   0.0002   0.0000  -0.0153   0.0180    1.655
   180   1.8120   0.1505   0.0000   0.1001   0.0002   0.0004   0.0198   0.0039   0.0039   0.0001   0.0000  -0.0055   0.0064    1.636

  Surface #10     fin_panel_0                             
     # Chordwise = 12   # Spanwise = 20     First strip =181
     Surface area Ssurf =    0.050000     Ave. chord Cave =    0.125000

 Forces referred to Sref, Cref, Bref about Xref, Yref, Zref
 Standard axis orientation,  X fwd, Z down         
     CLsurf  =  -0.00000     Clsurf  =   0.00000
     CYsurf  =   0.00005     Cmsurf  =   0.00000
     CDsurf  =  -0.00000     Cnsurf  =  -0.00001
     CDisurf =  -0.00000     CDvsurf =   0.00000

 Forces referred to Ssurf, Cave 
     CLsurf  =   0.00121     CDsurf  =  -0.00002

 Strip Forces referred to Strip Area, Chord
    j     Xle      Yle      Zle      Chord    Area     c_cl     ai     cl_norm    cl       cd       cdv    cm_c/4     cm_LE   C.P.x/c
   181   1.8000  -0.5000   0.3994   0.1499   0.0004   0.0000  -0.0003   0.0001   0.0001  -0.0000   0.0000  -0.0001  -0.0001    1.059
   182   1.8002  -0.5000   0.3945   0.1493   0.0011   0.0001  -0.0003   0.0004   0.0004  -0.0000   0.0000  -0.0003  -0.0004    1.027
   183   1.8005  -0.5000   0.3848   0.1481   0.0018   0.0001  -0.0003   0.0007   0.0007  -0.0000   0.0000  -0.0005  -0.0006    0.970
   184   1.8009  -0.5000   0.3705   0.1463   0.0024   0.0001  -0.0003   0.0009   0.0009  -0.0000   0.0000  -0.0006  -0.0008    0.892
   185   1.8014  -0.5000   0.3521   0.1440   0.0029   0.0002  -0.0003   0.0012   0.0012  -0.0000   0.0000  -0.0007  -0.0010    0.803
   186   1.8021  -0.5000   0.3299   0.1412   0.0034   0.0002  -0.0003   0.0015   0.0015  -0.0000   0.0000  -0.0007  -0.0011    0.715
   187   1.8029  -0.5000   0.3045   0.1381   0.0037   0.0003  -0.0002   0.0018   0.0018  -0.0000   0.0000  -0.0007  -0.0012    0.636
   188   1.8037  -0.5000   0.2765   0.1346   0.0039   0.0003  -0.0001   0.0022   0.0022  -0.0000   0.0000  -0.0007  -0.0013    0.571
   189   1.8046  -0.5000   0.2467   0.1308   0.0040   0.0003   0.0001   0.0026   0.0026  -0.0000   0.0000  -0.0007  -0.0014    0.521
   190   1.8055  -0.5000   0.2157   0.1270   0.0040   0.0004   0.0002   0.0030   0.0030   0.0000   0.0000  -0.0007  -0.0014    0.485
   191   1.8065  -0.5000   0.1843   0.1230   0.0038   0.0004   0.0004   0.0032   0.0032   0.0000   0.0000  -0.0007  -0.0015    0.460
   192   1.8074  -0.5000   0.1533   0.1192   0.0036   0.0004   0.0006   0.0033   0.0033   0.0000   0.0000  -0.0007  -0.0015    0.450
   193   1.8083  -0.5000   0.1235   0.1154   0.0033   0.0003   0.0009   0.0030   0.0030   0.0000   0.0000  -0.0006  -0.0014    0.465
   194   1.8091  -0.5000   0.0955   0.1119   0.0030   0.0002   0.0010   0.0022   0.0022   0.0000   0.0000  -0.0007  -0.0013    0.563
   195   1.8099  -0.5000   0.0701   0.1088   0.0026   0.0001   0.0010   0.0007   0.0007   0.0000   0.0000  -0.0010  -0.0011    1.541
   196   1.8106  -0.5000   0.0479   0.1060   0.0022  -0.0002   0.0004  -0.0016  -0.0016  -0.0000   0.0000  -0.0017  -0.0013   -0.843
   197   1.8111  -0.5000   0.0295   0.1037   0.0017  -0.0005  -0.0010  -0.0047  -0.0047  -0.0000   0.0000  -0.0036  -0.0025   -0.527
   198   1.8115  -0.5000   0.0152   0.1019   0.0012  -0.0008  -0.0035  -0.0080  -0.0080  -0.0001   0.0000  -0.0070  -0.0050   -0.630
   199   1.8118  -0.5000   0.0055   0.1007   0.0007  -0.0011  -0.0079  -0.0108  -0.0108  -0.0003   0.0000  -0.0111  -0.0084   -0.777
   200   1.8120  -0.5000   0.0006   0.1001   0.0002  -0.0013  -0.0362  -0.0130  -0.0130  -0.0020   0.0000  -0.0141  -0.0109   -0.840
 ---------------------------------------------------------------
