 ---------------------------------------------------------------
 Surface and Strip Forces by surface

  Sref =  1.2850       Cref = 0.25900       Bref =  4.9540    
  Xref = 0.50000       Yref =  0.0000       Zref =  0.0000    

  Surface # 1     main_wing_panel_0                       
     # Chordwise = 12   # Spanwise = 20     First strip =  1
     Surface area Ssurf =    0.365400     Ave. chord Cave =    0.290000

 Forces referred to Sref, Cref, Bref about Xref, Yref, Zref
 Standard axis orientation,  X fwd, Z down         
     CLsurf  =   0.06465     Clsurf  =  -0.00814
     CYsurf  =  -0.00000     Cmsurf  =   0.01012
     CDsurf  =   0.00021     Cnsurf  =   0.00001
     CDisurf =   0.00021     CDvsurf =   0.00000

 Forces referred to Ssurf, Cave 
     CLsurf  =   0.22736     CDsurf  =   0.00075

 Strip Forces referred to Strip Area, Chord
    j     Xle      Yle      Zle      Chord    Area     c_cl     ai     cl_norm    cl       cd       cdv    cm_c/4     cm_LE   C.P.x/c
     1   0.4000   0.0019   0.0000   0.2900   0.0022   0.0671   0.0014   0.2315   0.2315   0.0007   0.0000   0.0103  -0.0476    0.205
     2   0.4000   0.0174   0.0000   0.2900   0.0067   0.0671   0.0013   0.2315   0.2315   0.0007   0.0000   0.0103  -0.0476    0.205
     3   0.4000   0.0480   0.0000   0.2900   0.0110   0.0671   0.0009   0.2315   0.2315   0.0007   0.0000   0.0103  -0.0476    0.205
     4   0.4000   0.0928   0.0000   0.2900   0.0150   0.0671  -0.0010   0.2315   0.2315   0.0007   0.0000   0.0103  -0.0476    0.205
     5   0.4000   0.1509   0.0000   0.2900   0.0186   0.0671  -0.0363   0.2314   0.2314   0.0007   0.0000   0.0103  -0.0475    0.205
     6   0.4000   0.2208   0.0000   0.2900   0.0218   0.0671  -0.0210   0.2313   0.2313   0.0007   0.0000   0.0103  -0.0475    0.205
     7   0.4000   0.3008   0.0000   0.2900   0.0244   0.0670   0.0199   0.2310   0.2310   0.0007   0.0000   0.0103  -0.0475    0.205
     8   0.4000   0.3889   0.0000   0.2900   0.0265   0.0669   0.0133   0.2306   0.2306   0.0007   0.0000   0.0103  -0.0474    0.205
     9   0.4000   0.4829   0.0000   0.2900   0.0279   0.0667  -0.0399   0.2301   0.2301   0.0007   0.0000   0.0103  -0.0472    0.205
    10   0.4000   0.5806   0.0000   0.2900   0.0286   0.0665   0.0150   0.2293   0.2293   0.0007   0.0000   0.0103  -0.0471    0.205
    11   0.4000   0.6794   0.0000   0.2900   0.0286   0.0662   0.0069   0.2284   0.2284   0.0007   0.0000   0.0102  -0.0469    0.205
    12   0.4000   0.7771   0.0000   0.2900   0.0279   0.0659   0.0645   0.2273   0.2273   0.0008   0.0000   0.0102  -0.0466    0.205
    13   0.4000   0.8711   0.0000   0.2900   0.0265   0.0655  -0.0049   0.2260   0.2260   0.0008   0.0000   0.0102  -0.0463    0.205
    14   0.4000   0.9592   0.0000   0.2900   0.0244   0.0651   0.0042   0.2245   0.2245   0.0008   0.0000   0.0101  -0.0460    0.205
    15   0.4000   1.0392   0.0000   0.2900   0.0218   0.0646   0.0058   0.2228   0.2228   0.0008   0.0000   0.0101  -0.0456    0.205
    16   0.4000   1.1091   0.0000   0.2900   0.0186   0.0641   0.0067   0.2211   0.2211   0.0009   0.0000   0.0101  -0.0452    0.204
    17   0.4000   1.1672   0.0000   0.2900   0.0150   0.0636   0.0072   0.2194   0.2194   0.0009   0.0000   0.0100  -0.0448    0.204
    18   0.4000   1.2120   0.0000   0.2900   0.0110   0.0632   0.0077   0.2179   0.2179   0.0009   0.0000   0.0100  -0.0445    0.204
    19   0.4000   1.2426   0.0000   0.2900   0.0067   0.0629   0.0079   0.2167   0.2167   0.0010   0.0000   0.0100  -0.0442    0.204
    20   0.4000   1.2581   0.0000   0.2900   0.0022   0.0627   0.0081   0.2161   0.2161   0.0010   0.0000   0.0100  -0.0441    0.204

  Surface # 2     main_wing_panel_0 (YDUP)                
     # Chordwise = 12   # Spanwise = 20     First strip = 21
     Surface area Ssurf =    0.365400     Ave. chord Cave =    0.290000

 Forces referred to Sref, Cref, Bref about Xref, Yref, Zref
 Standard axis orientation,  X fwd, Z down         
     CLsurf  =   0.06465     Clsurf  =   0.00814
     CYsurf  =   0.00000     Cmsurf  =   0.01012
     CDsurf  =   0.00021     Cnsurf  =  -0.00001
     CDisurf =   0.00021     CDvsurf =   0.00000

 Forces referred to Ssurf, Cave 
     CLsurf  =   0.22736     CDsurf  =   0.00075

 Strip Forces referred to Strip Area, Chord
    j     Xle      Yle      Zle      Chord    Area     c_cl     ai     cl_norm    cl       cd       cdv    cm_c/4     cm_LE   C.P.x/c
    21   0.4000  -0.0019   0.0000   0.2900   0.0022   0.0671   0.0014   0.2315   0.2315   0.0007   0.0000   0.0103   0.0476    0.205
    22   0.4000  -0.0174   0.0000   0.2900   0.0067   0.0671   0.0013   0.2315   0.2315   0.0007   0.0000   0.0103   0.0476    0.205
    23   0.4000  -0.0480   0.0000   0.2900   0.0110   0.0671   0.0009   0.2315   0.2315   0.0007   0.0000   0.0103   0.0476    0.205
    24   0.4000  -0.0928   0.0000   0.2900   0.0150   0.0671  -0.0011   0.2315   0.2315   0.0007   0.0000   0.0103   0.0476    0.205
    25   0.4000  -0.1509   0.0000   0.2900   0.0186   0.0671  -0.0365   0.2314   0.2314   0.0007   0.0000   0.0103   0.0475    0.205
    26   0.4000  -0.2208   0.0000   0.2900   0.0218   0.0671  -0.0214   0.2313   0.2313   0.0007   0.0000   0.0103   0.0475    0.205
    27   0.4000  -0.3008   0.0000   0.2900   0.0244   0.0670   0.0203   0.2310   0.2310   0.0007   0.0000   0.0103   0.0475    0.205
    28   0.4000  -0.3889   0.0000   0.2900   0.0265   0.0669   0.0134   0.2306   0.2306   0.0007   0.0000   0.0103   0.0474    0.205
    29   0.4000  -0.4829   0.0000   0.2900   0.0279   0.0667  -0.0273   0.2301   0.2301   0.0007   0.0000   0.0103   0.0472    0.205
    30   0.4000  -0.5806   0.0000   0.2900   0.0286   0.0665   0.0154   0.2293   0.2293   0.0007   0.0000   0.0103   0.0471    0.205
    31   0.4000  -0.6794   0.0000   0.2900   0.0286   0.0662   0.0072   0.2284   0.2284   0.0007   0.0000   0.0102   0.0469    0.205
    32   0.4000  -0.7771   0.0000   0.2900   0.0279   0.0659   0.0640   0.2273   0.2273   0.0008   0.0000   0.0102   0.0466    0.205
    33   0.4000  -0.8711   0.0000   0.2900   0.0265   0.0655  -0.0048   0.2260   0.2260   0.0008   0.0000   0.0102   0.0463    0.205
    34   0.4000  -0.9592   0.0000   0.2900   0.0244   0.0651   0.0042   0.2245   0.2245   0.0008   0.0000   0.0101   0.0460    0.205
    35   0.4000  -1.0392   0.0000   0.2900   0.0218   0.0646   0.0058   0.2228   0.2228   0.0008   0.0000   0.0101   0.0456    0.205
    36   0.4000  -1.1091   0.0000   0.2900   0.0186   0.0641   0.0067   0.2211   0.2211   0.0009   0.0000   0.0101   0.0452    0.204
    37   0.4000  -1.1672   0.0000   0.2900   0.0150   0.0636   0.0072   0.2194   0.2194   0.0009   0.0000   0.0100   0.0448    0.204
    38   0.4000  -1.2120   0.0000   0.2900   0.0110   0.0632   0.0077   0.2179   0.2179   0.0009   0.0000   0.0100   0.0445    0.204
    39   0.4000  -1.2426   0.0000   0.2900   0.0067   0.0629   0.0079   0.2167   0.2167   0.0010   0.0000   0.0100   0.0442    0.204
    40   0.4000  -1.2581   0.0000   0.2900   0.0022   0.0627   0.0081   0.2161   0.2161   0.0010   0.0000   0.0100   0.0441    0.204

  Surface # 3     main_wing_panel_1                       
     # Chordwise = 12   # Spanwise = 20     First strip = 41
     Surface area Ssurf =    0.275268     Ave. chord Cave =    0.226186

 Forces referred to Sref, Cref, Bref about Xref, Yref, Zref
 Standard axis orientation,  X fwd, Z down         
     CLsurf  =   0.04103     Clsurf  =  -0.01445
     CYsurf  =   0.00002     Cmsurf  =   0.00634
     CDsurf  =   0.00016     Cnsurf  =   0.00001
     CDisurf =   0.00016     CDvsurf =   0.00000

 Forces referred to Ssurf, Cave 
     CLsurf  =   0.19155     CDsurf  =   0.00073

 Strip Forces referred to Strip Area, Chord
    j     Xle      Yle      Zle      Chord    Area     c_cl     ai     cl_norm    cl       cd       cdv    cm_c/4     cm_LE   C.P.x/c
    41   0.4000   1.2617   0.0000   0.2899   0.0020   0.0626   0.0081   0.2160   0.2160   0.0010   0.0000   0.0100  -0.0441    0.204
    42   0.4001   1.2754   0.0000   0.2895   0.0059   0.0625   0.0081   0.2157   0.2157   0.0010   0.0000   0.0100  -0.0440    0.204
    43   0.4003   1.3025   0.0000   0.2887   0.0097   0.0621   0.0082   0.2150   0.2150   0.0009   0.0000   0.0099  -0.0438    0.204
    44   0.4005   1.3423   0.0000   0.2876   0.0132   0.0615   0.0083   0.2138   0.2138   0.0009   0.0000   0.0099  -0.0435    0.204
    45   0.4009   1.3938   0.0000   0.2861   0.0163   0.0606   0.0084   0.2119   0.2119   0.0009   0.0000   0.0099  -0.0431    0.203
    46   0.4013   1.4558   0.0000   0.2842   0.0189   0.0595   0.0086   0.2092   0.2092   0.0009   0.0000   0.0098  -0.0425    0.203
    47   0.4017   1.5267   0.0000   0.2821   0.0211   0.0579   0.0089   0.2052   0.2052   0.0010   0.0000   0.0097  -0.0416    0.203
    48   0.4034   1.6218   0.0000   0.2760   0.0319   0.0555   0.0087   0.2012   0.2012   0.0009   0.0000   0.0097  -0.0406    0.202
    49   0.4064   1.7407   0.0000   0.2654   0.0323   0.0519   0.0081   0.1956   0.1956   0.0008   0.0000   0.0096  -0.0392    0.201
    50   0.4095   1.8476   0.0000   0.2533   0.0232   0.0480   0.0074   0.1893   0.1893   0.0007   0.0000   0.0096  -0.0377    0.199
    51   0.4125   1.9394   0.0000   0.2397   0.0219   0.0439   0.0065   0.1833   0.1833   0.0006   0.0000   0.0095  -0.0363    0.198
    52   0.4161   2.0215   0.0000   0.2255   0.0163   0.0401   0.0061   0.1777   0.1777   0.0006   0.0000   0.0095  -0.0348    0.196
    53   0.4201   2.0922   0.0000   0.2109   0.0145   0.0363   0.0060   0.1721   0.1721   0.0005   0.0000   0.0097  -0.0332    0.193
    54   0.4256   2.1823   0.0000   0.1881   0.0207   0.0317   0.0056   0.1683   0.1683   0.0005   0.0000   0.0101  -0.0319    0.190
    55   0.4331   2.2799   0.0000   0.1570   0.0133   0.0258   0.0047   0.1643   0.1643   0.0004   0.0000   0.0105  -0.0304    0.186
    56   0.4393   2.3401   0.0000   0.1327   0.0049   0.0211   0.0043   0.1593   0.1593   0.0003   0.0000   0.0108  -0.0289    0.182
    57   0.4433   2.3732   0.0000   0.1167   0.0034   0.0175   0.0044   0.1500   0.1500   0.0003   0.0000   0.0106  -0.0267    0.180
    58   0.4499   2.4149   0.0000   0.0897   0.0046   0.0132   0.0038   0.1474   0.1474   0.0002   0.0000   0.0110  -0.0255    0.176
    59   0.4623   2.4550   0.0000   0.0412   0.0012   0.0071  -0.0039   0.1712   0.1711  -0.0008   0.0000   0.0141  -0.0258    0.167
    60   0.4718   2.4745   0.0000   0.0046   0.0000   0.0015  -0.0385   0.3299   0.3297  -0.0086   0.0000   0.0259  -0.0508    0.171

  Surface # 4     main_wing_panel_1 (YDUP)                
     # Chordwise = 12   # Spanwise = 20     First strip = 61
     Surface area Ssurf =    0.275268     Ave. chord Cave =    0.226186

 Forces referred to Sref, Cref, Bref about Xref, Yref, Zref
 Standard axis orientation,  X fwd, Z down         
     CLsurf  =   0.04103     Clsurf  =   0.01445
     CYsurf  =  -0.00002     Cmsurf  =   0.00634
     CDsurf  =   0.00016     Cnsurf  =  -0.00001
     CDisurf =   0.00016     CDvsurf =   0.00000

 Forces referred to Ssurf, Cave 
     CLsurf  =   0.19155     CDsurf  =   0.00073

 Strip Forces referred to Strip Area, Chord
    j     Xle      Yle      Zle      Chord    Area     c_cl     ai     cl_norm    cl       cd       cdv    cm_c/4     cm_LE   C.P.x/c
    61   0.4000  -1.2617   0.0000   0.2899   0.0020   0.0626   0.0081   0.2160   0.2160   0.0010   0.0000   0.0100   0.0441    0.204
    62   0.4001  -1.2754   0.0000   0.2895   0.0059   0.0625   0.0081   0.2157   0.2157   0.0010   0.0000   0.0100   0.0440    0.204
    63   0.4003  -1.3025   0.0000   0.2887   0.0097   0.0621   0.0082   0.2150   0.2150   0.0009   0.0000   0.0099   0.0438    0.204
    64   0.4005  -1.3423   0.0000   0.2876   0.0132   0.0615   0.0083   0.2138   0.2138   0.0009   0.0000   0.0099   0.0435    0.204
    65   0.4009  -1.3938   0.0000   0.2861   0.0163   0.0606   0.0084   0.2119   0.2119   0.0009   0.0000   0.0099   0.0431    0.203
    66   0.4013  -1.4558   0.0000   0.2842   0.0189   0.0595   0.0086   0.2092   0.2092   0.0009   0.0000   0.0098   0.0425    0.203
    67   0.4017  -1.5267   0.0000   0.2821   0.0211   0.0579   0.0089   0.2052   0.2052   0.0010   0.0000   0.0097   0.0416    0.203
    68   0.4034  -1.6218   0.0000   0.2760   0.0319   0.0555   0.0087   0.2012   0.2012   0.0009   0.0000   0.0097   0.0406    0.202
    69   0.4064  -1.7407   0.0000   0.2654   0.0323   0.0519   0.0081   0.1956   0.1956   0.0008   0.0000   0.0096   0.0392    0.201
    70   0.4095  -1.8476   0.0000   0.2533   0.0232   0.0480   0.0074   0.1893   0.1893   0.0007   0.0000   0.0096   0.0377    0.199
    71   0.4125  -1.9394   0.0000   0.2397   0.0219   0.0439   0.0065   0.1833   0.1833   0.0006   0.0000   0.0095   0.0363    0.198
    72   0.4161  -2.0215   0.0000   0.2255   0.0163   0.0401   0.0061   0.1777   0.1777   0.0006   0.0000   0.0095   0.0348    0.196
    73   0.4201  -2.0922   0.0000   0.2109   0.0145   0.0363   0.0060   0.1721   0.1721   0.0005   0.0000   0.0097   0.0332    0.193
    74   0.4256  -2.1823   0.0000   0.1881   0.0207   0.0317   0.0056   0.1683   0.1683   0.0005   0.0000   0.0101   0.0319    0.190
    75   0.4331  -2.2799   0.0000   0.1570   0.0133   0.0258   0.0047   0.1643   0.1643   0.0004   0.0000   0.0105   0.0304    0.186
    76   0.4393  -2.3401   0.0000   0.1327   0.0049   0.0211   0.0043   0.1593   0.1593   0.0003   0.0000   0.0108   0.0289    0.182
    77   0.4433  -2.3732   0.0000   0.1167   0.0034   0.0175   0.0044   0.1500   0.1500   0.0003   0.0000   0.0106   0.0267    0.180
    78   0.4499  -2.4149   0.0000   0.0897   0.0046   0.0132   0.0038   0.1474   0.1474   0.0002   0.0000   0.0110   0.0255    0.176
    79   0.4623  -2.4550   0.0000   0.0412   0.0012   0.0071  -0.0039   0.1712   0.1711  -0.0008   0.0000   0.0141   0.0258    0.167
    80   0.4718  -2.4745   0.0000   0.0046   0.0000   0.0015  -0.0385   0.3299   0.3297  -0.0086   0.0000   0.0259   0.0508    0.171

  Surface # 5     hstab_panel_0                           
     # Chordwise = 12   # Spanwise = 20     First strip = 81
     Surface area Ssurf =    0.043750     Ave. chord Cave =    0.125000

 Forces referred to Sref, Cref, Bref about Xref, Yref, Zref
 Standard axis orientation,  X fwd, Z down         
     CLsurf  =   0.00153     Clsurf  =  -0.00020
     CYsurf  =   0.00000     Cmsurf  =  -0.00816
     CDsurf  =   0.00002     Cnsurf  =   0.00000
     CDisurf =   0.00002     CDvsurf =   0.00000

 Forces referred to Ssurf, Cave 
     CLsurf  =   0.04497     CDsurf  =   0.00054

 Strip Forces referred to Strip Area, Chord
    j     Xle      Yle      Zle      Chord    Area     c_cl     ai     cl_norm    cl       cd       cdv    cm_c/4     cm_LE   C.P.x/c
    81   1.8000   0.5005   0.0000   0.1499   0.0003   0.0026  -0.1620   0.0171   0.0171   0.0003   0.0000  -0.0040  -0.0083    0.485
    82   1.8002   0.5048   0.0000   0.1493   0.0010   0.0037  -0.0180   0.0248   0.0248   0.0003   0.0000  -0.0073  -0.0135    0.545
    83   1.8005   0.5133   0.0000   0.1481   0.0016   0.0048   0.0058   0.0326   0.0326   0.0004   0.0000  -0.0104  -0.0186    0.570
    84   1.8009   0.5258   0.0000   0.1463   0.0021   0.0058   0.0157   0.0394   0.0394   0.0005   0.0000  -0.0129  -0.0228    0.579
    85   1.8014   0.5419   0.0000   0.1440   0.0026   0.0064   0.0134   0.0447   0.0447   0.0006   0.0000  -0.0147  -0.0259    0.579
    86   1.8021   0.5613   0.0000   0.1412   0.0029   0.0068   0.0146   0.0484   0.0484   0.0006   0.0000  -0.0159  -0.0279    0.577
    87   1.8029   0.5836   0.0000   0.1381   0.0032   0.0070   0.0145   0.0508   0.0508   0.0006   0.0000  -0.0165  -0.0292    0.576
    88   1.8037   0.6080   0.0000   0.1346   0.0034   0.0070   0.0145   0.0522   0.0522   0.0006   0.0000  -0.0170  -0.0300    0.575
    89   1.8046   0.6341   0.0000   0.1308   0.0035   0.0069   0.0080   0.0527   0.0527   0.0006   0.0000  -0.0172  -0.0304    0.577
    90   1.8055   0.6613   0.0000   0.1270   0.0035   0.0067   0.0122   0.0524   0.0524   0.0006   0.0000  -0.0173  -0.0304    0.581
    91   1.8065   0.6887   0.0000   0.1230   0.0034   0.0063   0.0125   0.0514   0.0514   0.0006   0.0000  -0.0174  -0.0302    0.588
    92   1.8074   0.7159   0.0000   0.1192   0.0032   0.0059   0.0139   0.0499   0.0499   0.0006   0.0000  -0.0173  -0.0298    0.598
    93   1.8083   0.7420   0.0000   0.1154   0.0029   0.0055   0.0102   0.0477   0.0477   0.0005   0.0000  -0.0172  -0.0291    0.611
    94   1.8091   0.7664   0.0000   0.1119   0.0026   0.0050   0.0119   0.0449   0.0449   0.0005   0.0000  -0.0169  -0.0281    0.627
    95   1.8099   0.7887   0.0000   0.1088   0.0023   0.0045   0.0132   0.0414   0.0414   0.0005   0.0000  -0.0164  -0.0268    0.647
    96   1.8106   0.8081   0.0000   0.1060   0.0019   0.0039   0.0154   0.0371   0.0371   0.0004   0.0000  -0.0156  -0.0248    0.670
    97   1.8111   0.8242   0.0000   0.1037   0.0015   0.0033   0.0807   0.0316   0.0316   0.0004   0.0000  -0.0141  -0.0220    0.694
    98   1.8115   0.8367   0.0000   0.1019   0.0011   0.0025   0.0150   0.0247   0.0247   0.0003   0.0000  -0.0115  -0.0177    0.716
    99   1.8118   0.8452   0.0000   0.1007   0.0006   0.0016   0.0184   0.0159   0.0159   0.0002   0.0000  -0.0077  -0.0116    0.732
   100   1.8120   0.8495   0.0000   0.1001   0.0002   0.0006   0.0202   0.0055   0.0055   0.0001   0.0000  -0.0027  -0.0041    0.740

  Surface # 6     hstab_panel_0 (YDUP)                    
     # Chordwise = 12   # Spanwise = 20     First strip =101
     Surface area Ssurf =    0.043750     Ave. chord Cave =    0.125000

 Forces referred to Sref, Cref, Bref about Xref, Yref, Zref
 Standard axis orientation,  X fwd, Z down         
     CLsurf  =   0.00148     Clsurf  =   0.00020
     CYsurf  =  -0.00000     Cmsurf  =  -0.00790
     CDsurf  =   0.00002     Cnsurf  =  -0.00000
     CDisurf =   0.00002     CDvsurf =   0.00000

 Forces referred to Ssurf, Cave 
     CLsurf  =   0.04346     CDsurf  =   0.00053

 Strip Forces referred to Strip Area, Chord
    j     Xle      Yle      Zle      Chord    Area     c_cl     ai     cl_norm    cl       cd       cdv    cm_c/4     cm_LE   C.P.x/c
   101   1.8000  -0.5005   0.0000   0.1499   0.0003   0.0008  -0.1156   0.0054   0.0054   0.0001   0.0000  -0.0020   0.0033    0.617
   102   1.8002  -0.5048   0.0000   0.1493   0.0010   0.0024  -0.0130   0.0160   0.0160   0.0003   0.0000  -0.0059   0.0099    0.616
   103   1.8005  -0.5133   0.0000   0.1481   0.0016   0.0038   0.0060   0.0259   0.0259   0.0004   0.0000  -0.0094   0.0159    0.612
   104   1.8009  -0.5258   0.0000   0.1463   0.0021   0.0051   0.0152   0.0345   0.0345   0.0005   0.0000  -0.0123   0.0209    0.605
   105   1.8014  -0.5419   0.0000   0.1440   0.0026   0.0059   0.0132   0.0413   0.0413   0.0006   0.0000  -0.0143   0.0246    0.596
   106   1.8021  -0.5613   0.0000   0.1412   0.0029   0.0065   0.0146   0.0461   0.0461   0.0006   0.0000  -0.0156   0.0271    0.589
   107   1.8029  -0.5836   0.0000   0.1381   0.0032   0.0068   0.0145   0.0492   0.0492   0.0006   0.0000  -0.0164   0.0287    0.583
   108   1.8037  -0.6080   0.0000   0.1346   0.0034   0.0069   0.0145   0.0511   0.0511   0.0006   0.0000  -0.0169   0.0296    0.581
   109   1.8046  -0.6341   0.0000   0.1308   0.0035   0.0068   0.0080   0.0519   0.0519   0.0006   0.0000  -0.0172   0.0301    0.581
   110   1.8055  -0.6613   0.0000   0.1270   0.0035   0.0066   0.0122   0.0519   0.0519   0.0006   0.0000  -0.0173   0.0303    0.584
   111   1.8065  -0.6887   0.0000   0.1230   0.0034   0.0063   0.0125   0.0510   0.0510   0.0006   0.0000  -0.0174   0.0301    0.590
   112   1.8074  -0.7159   0.0000   0.1192   0.0032   0.0059   0.0139   0.0496   0.0496   0.0006   0.0000  -0.0173   0.0297    0.600
   113   1.8083  -0.7420   0.0000   0.1154   0.0029   0.0055   0.0102   0.0475   0.0475   0.0005   0.0000  -0.0172   0.0290    0.612
   114   1.8091  -0.7664   0.0000   0.1119   0.0026   0.0050   0.0119   0.0447   0.0447   0.0005   0.0000  -0.0169   0.0281    0.628
   115   1.8099  -0.7887   0.0000   0.1088   0.0023   0.0045   0.0132   0.0413   0.0413   0.0005   0.0000  -0.0164   0.0267    0.648
   116   1.8106  -0.8081   0.0000   0.1060   0.0019   0.0039   0.0154   0.0370   0.0370   0.0004   0.0000  -0.0156   0.0248    0.671
   117   1.8111  -0.8242   0.0000   0.1037   0.0015   0.0033   0.0807   0.0316   0.0316   0.0004   0.0000  -0.0141   0.0219    0.695
   118   1.8115  -0.8367   0.0000   0.1019   0.0011   0.0025   0.0150   0.0246   0.0246   0.0003   0.0000  -0.0115   0.0177    0.717
   119   1.8118  -0.8452   0.0000   0.1007   0.0006   0.0016   0.0184   0.0159   0.0159   0.0002   0.0000  -0.0077   0.0116    0.733
   120   1.8120  -0.8495   0.0000   0.1001   0.0002   0.0006   0.0202   0.0055   0.0055   0.0001   0.0000  -0.0027   0.0041    0.741

  Surface # 7     fin_panel_0                             
     # Chordwise = 12   # Spanwise = 20     First strip =121
     Surface area Ssurf =    0.050000     Ave. chord Cave =    0.125000

 Forces referred to Sref, Cref, Bref about Xref, Yref, Zref
 Standard axis orientation,  X fwd, Z down         
     CLsurf  =   0.00000     Clsurf  =  -0.00000
     CYsurf  =  -0.00009     Cmsurf  =  -0.00000
     CDsurf  =  -0.00000     Cnsurf  =   0.00003
     CDisurf =  -0.00000     CDvsurf =   0.00000

 Forces referred to Ssurf, Cave 
     CLsurf  =  -0.00234     CDsurf  =  -0.00000

 Strip Forces referred to Strip Area, Chord
    j     Xle      Yle      Zle      Chord    Area     c_cl     ai     cl_norm    cl       cd       cdv    cm_c/4     cm_LE   C.P.x/c
   121   1.8000   0.5000   0.3994   0.1499   0.0004  -0.0000   0.0000  -0.0003  -0.0003  -0.0000   0.0000   0.0004   0.0005    1.608
   122   1.8002   0.5000   0.3945   0.1493   0.0011  -0.0001   0.0001  -0.0008  -0.0008  -0.0000   0.0000   0.0011   0.0013    1.592
   123   1.8005   0.5000   0.3848   0.1481   0.0018  -0.0002   0.0003  -0.0013  -0.0013  -0.0000   0.0000   0.0017   0.0020    1.561
   124   1.8009   0.5000   0.3705   0.1463   0.0024  -0.0002   0.0005  -0.0017  -0.0017  -0.0000   0.0000   0.0021   0.0025    1.507
   125   1.8014   0.5000   0.3521   0.1440   0.0029  -0.0003   0.0007  -0.0020  -0.0020  -0.0000   0.0000   0.0024   0.0029    1.419
   126   1.8021   0.5000   0.3299   0.1412   0.0034  -0.0003   0.0007  -0.0024  -0.0024  -0.0000   0.0000   0.0025   0.0031    1.300
   127   1.8029   0.5000   0.3045   0.1381   0.0037  -0.0004   0.0007  -0.0028  -0.0028  -0.0000   0.0000   0.0026   0.0033    1.166
   128   1.8037   0.5000   0.2765   0.1346   0.0039  -0.0004   0.0005  -0.0033  -0.0033  -0.0000   0.0000   0.0026   0.0034    1.038
   129   1.8046   0.5000   0.2467   0.1308   0.0040  -0.0005   0.0004  -0.0038  -0.0038  -0.0000   0.0000   0.0026   0.0035    0.927
   130   1.8055   0.5000   0.2157   0.1270   0.0040  -0.0006   0.0001  -0.0044  -0.0044  -0.0000   0.0000   0.0026   0.0037    0.839
   131   1.8065   0.5000   0.1843   0.1230   0.0038  -0.0006  -0.0002  -0.0048  -0.0048  -0.0000   0.0000   0.0025   0.0038    0.775
   132   1.8074   0.5000   0.1533   0.1192   0.0036  -0.0006  -0.0005  -0.0051  -0.0051   0.0000   0.0000   0.0025   0.0038    0.734
   133   1.8083   0.5000   0.1235   0.1154   0.0033  -0.0006  -0.0008  -0.0051  -0.0051   0.0000   0.0000   0.0024   0.0036    0.718
   134   1.8091   0.5000   0.0955   0.1119   0.0030  -0.0005  -0.0012  -0.0044  -0.0044   0.0000   0.0000   0.0022   0.0033    0.739
   135   1.8099   0.5000   0.0701   0.1088   0.0026  -0.0003  -0.0015  -0.0029  -0.0029   0.0000   0.0000   0.0018   0.0025    0.866
   136   1.8106   0.5000   0.0479   0.1060   0.0022  -0.0000  -0.0012  -0.0001  -0.0001   0.0000   0.0000   0.0011   0.0011  999.000
   137   1.8111   0.5000   0.0295   0.1037   0.0017   0.0004   0.0004   0.0043   0.0043  -0.0000   0.0000  -0.0002  -0.0012    0.287
   138   1.8115   0.5000   0.0152   0.1019   0.0012   0.0010   0.0050   0.0099   0.0099  -0.0000   0.0000  -0.0019  -0.0044    0.447
   139   1.8118   0.5000   0.0055   0.1007   0.0007   0.0016   0.0159   0.0154   0.0154  -0.0000   0.0000  -0.0039  -0.0077    0.502
   140   1.8120   0.5000   0.0006   0.1001   0.0002   0.0019   0.0559   0.0194   0.0194  -0.0002   0.0000  -0.0052  -0.0100    0.518

  Surface # 8     hstab_panel_0                           
     # Chordwise = 12   # Spanwise = 20     First strip =141
     Surface area Ssurf =    0.043750     Ave. chord Cave =    0.125000

 Forces referred to Sref, Cref, Bref about Xref, Yref, Zref
 Standard axis orientation,  X fwd, Z down         
     CLsurf  =   0.00161     Clsurf  =   0.00011
     CYsurf  =   0.00000     Cmsurf  =  -0.00860
     CDsurf  =   0.00002     Cnsurf  =  -0.00000
     CDisurf =   0.00002     CDvsurf =   0.00000

 Forces referred to Ssurf, Cave 
     CLsurf  =   0.04742     CDsurf  =   0.00055

 Strip Forces referred to Strip Area, Chord
    j     Xle      Yle      Zle      Chord    Area     c_cl     ai     cl_norm    cl       cd       cdv    cm_c/4     cm_LE   C.P.x/c
   141   1.8000  -0.4995   0.0000   0.1499   0.0003   0.0029  -0.1575   0.0192   0.0192   0.0003   0.0000  -0.0041  -0.0089    0.466
   142   1.8002  -0.4952   0.0000   0.1493   0.0010   0.0040  -0.0172   0.0269   0.0269   0.0003   0.0000  -0.0075  -0.0142    0.527
   143   1.8005  -0.4867   0.0000   0.1481   0.0016   0.0051   0.0054   0.0347   0.0347   0.0005   0.0000  -0.0106  -0.0192    0.555
   144   1.8009  -0.4742   0.0000   0.1463   0.0021   0.0061   0.0127   0.0415   0.0415   0.0005   0.0000  -0.0131  -0.0235    0.566
   145   1.8014  -0.4581   0.0000   0.1440   0.0026   0.0067   0.0143   0.0468   0.0468   0.0006   0.0000  -0.0149  -0.0265    0.568
   146   1.8021  -0.4387   0.0000   0.1412   0.0029   0.0071   0.0109   0.0505   0.0505   0.0006   0.0000  -0.0160  -0.0286    0.567
   147   1.8029  -0.4164   0.0000   0.1381   0.0032   0.0073   0.0145   0.0530   0.0530   0.0006   0.0000  -0.0167  -0.0299    0.565
   148   1.8037  -0.3920   0.0000   0.1346   0.0034   0.0073   0.0133   0.0544   0.0544   0.0006   0.0000  -0.0171  -0.0307    0.564
   149   1.8046  -0.3659   0.0000   0.1308   0.0035   0.0072   0.0122   0.0551   0.0551   0.0006   0.0000  -0.0173  -0.0311    0.565
   150   1.8055  -0.3387   0.0000   0.1270   0.0035   0.0070   0.0136   0.0550   0.0550   0.0006   0.0000  -0.0174  -0.0312    0.567
   151   1.8065  -0.3113   0.0000   0.1230   0.0034   0.0067   0.0117   0.0542   0.0542   0.0006   0.0000  -0.0175  -0.0310    0.573
   152   1.8074  -0.2841   0.0000   0.1192   0.0032   0.0063   0.0112   0.0528   0.0528   0.0006   0.0000  -0.0174  -0.0306    0.580
   153   1.8083  -0.2580   0.0000   0.1154   0.0029   0.0059   0.0148   0.0507   0.0507   0.0005   0.0000  -0.0173  -0.0299    0.591
   154   1.8091  -0.2336   0.0000   0.1119   0.0026   0.0054   0.0116   0.0479   0.0479   0.0005   0.0000  -0.0170  -0.0290    0.604
   155   1.8099  -0.2113   0.0000   0.1088   0.0023   0.0048   0.0119   0.0444   0.0444   0.0005   0.0000  -0.0165  -0.0276    0.621
   156   1.8106  -0.1919   0.0000   0.1060   0.0019   0.0042   0.0125   0.0399   0.0399   0.0004   0.0000  -0.0156  -0.0255    0.641
   157   1.8111  -0.1758   0.0000   0.1037   0.0015   0.0035   0.0149   0.0341   0.0341   0.0004   0.0000  -0.0140  -0.0225    0.662
   158   1.8115  -0.1633   0.0000   0.1019   0.0011   0.0027   0.0167   0.0266   0.0266   0.0003   0.0000  -0.0115  -0.0181    0.682
   159   1.8118  -0.1548   0.0000   0.1007   0.0006   0.0017   0.0189   0.0171   0.0171   0.0002   0.0000  -0.0076  -0.0119    0.696
   160   1.8120  -0.1505   0.0000   0.1001   0.0002   0.0006   0.0204   0.0059   0.0059   0.0001   0.0000  -0.0027  -0.0042    0.703

  Surface # 9     hstab_panel_0 (YDUP)                    
     # Chordwise = 12   # Spanwise = 20     First strip =161
     Surface area Ssurf =    0.043750     Ave. chord Cave =    0.125000

 Forces referred to Sref, Cref, Bref about Xref, Yref, Zref
 Standard axis orientation,  X fwd, Z down         
     CLsurf  =   0.00155     Clsurf  =  -0.00011
     CYsurf  =  -0.00000     Cmsurf  =  -0.00826
     CDsurf  =   0.00002     Cnsurf  =   0.00000
     CDisurf =   0.00002     CDvsurf =   0.00000

 Forces referred to Ssurf, Cave 
     CLsurf  =   0.04552     CDsurf  =   0.00054

 Strip Forces referred to Strip Area, Chord
    j     Xle      Yle      Zle      Chord    Area     c_cl     ai     cl_norm    cl       cd       cdv    cm_c/4     cm_LE   C.P.x/c
   161   1.8000   0.4995   0.0000   0.1499   0.0003   0.0008  -0.1160   0.0056   0.0056   0.0001   0.0000  -0.0020   0.0034    0.610
   162   1.8002   0.4952   0.0000   0.1493   0.0010   0.0025  -0.0136   0.0164   0.0164   0.0003   0.0000  -0.0059   0.0100    0.609
   163   1.8005   0.4867   0.0000   0.1481   0.0016   0.0039   0.0052   0.0266   0.0266   0.0004   0.0000  -0.0094   0.0161    0.604
   164   1.8009   0.4742   0.0000   0.1463   0.0021   0.0052   0.0122   0.0355   0.0355   0.0005   0.0000  -0.0123   0.0212    0.597
   165   1.8014   0.4581   0.0000   0.1440   0.0026   0.0061   0.0141   0.0425   0.0425   0.0006   0.0000  -0.0144   0.0250    0.588
   166   1.8021   0.4387   0.0000   0.1412   0.0029   0.0067   0.0109   0.0476   0.0476   0.0006   0.0000  -0.0157   0.0276    0.580
   167   1.8029   0.4164   0.0000   0.1381   0.0032   0.0070   0.0146   0.0509   0.0509   0.0006   0.0000  -0.0165   0.0292    0.574
   168   1.8037   0.3920   0.0000   0.1346   0.0034   0.0071   0.0134   0.0530   0.0530   0.0006   0.0000  -0.0170   0.0302    0.570
   169   1.8046   0.3659   0.0000   0.1308   0.0035   0.0071   0.0123   0.0540   0.0540   0.0006   0.0000  -0.0172   0.0307    0.569
   170   1.8055   0.3387   0.0000   0.1270   0.0035   0.0069   0.0137   0.0542   0.0542   0.0006   0.0000  -0.0174   0.0309    0.571
   171   1.8065   0.3113   0.0000   0.1230   0.0034   0.0066   0.0118   0.0536   0.0536   0.0006   0.0000  -0.0174   0.0308    0.575
   172   1.8074   0.2841   0.0000   0.1192   0.0032   0.0062   0.0112   0.0523   0.0523   0.0006   0.0000  -0.0174   0.0305    0.583
   173   1.8083   0.2580   0.0000   0.1154   0.0029   0.0058   0.0148   0.0503   0.0503   0.0005   0.0000  -0.0173   0.0298    0.593
   174   1.8091   0.2336   0.0000   0.1119   0.0026   0.0053   0.0116   0.0477   0.0477   0.0005   0.0000  -0.0170   0.0289    0.606
   175   1.8099   0.2113   0.0000   0.1088   0.0023   0.0048   0.0119   0.0442   0.0442   0.0005   0.0000  -0.0165   0.0275    0.623
   176   1.8106   0.1919   0.0000   0.1060   0.0019   0.0042   0.0125   0.0397   0.0397   0.0004   0.0000  -0.0156   0.0255    0.642
   177   1.8111   0.1758   0.0000   0.1037   0.0015   0.0035   0.0149   0.0339   0.0339   0.0004   0.0000  -0.0140   0.0225    0.663
   178   1.8115   0.1633   0.0000   0.1019   0.0011   0.0027   0.0168   0.0265   0.0265   0.0003   0.0000  -0.0115   0.0181    0.683
   179   1.8118   0.1548   0.0000   0.1007   0.0006   0.0017   0.0189   0.0171   0.0171   0.0002   0.0000  -0.0076   0.0119    0.697
   180   1.8120   0.1505   0.0000   0.1001   0.0002   0.0006   0.0204   0.0059   0.0059   0.0001   0.0000  -0.0027   0.0042    0.704

  Surface #10     fin_panel_0                             
     # Chordwise = 12   # Spanwise = 20     First strip =181
     Surface area Ssurf =    0.050000     Ave. chord Cave =    0.125000

 Forces referred to Sref, Cref, Bref about Xref, Yref, Zref
 Standard axis orientation,  X fwd, Z down         
     CLsurf  =  -0.00000     Clsurf  =   0.00000
     CYsurf  =   0.00011     Cmsurf  =  -0.00000
     CDsurf  =  -0.00000     Cnsurf  =  -0.00003
     CDisurf =  -0.00000     CDvsurf =   0.00000

 Forces referred to Ssurf, Cave 
     CLsurf  =   0.00272     CDsurf  =  -0.00000

 Strip Forces referred to Strip Area, Chord
    j     Xle      Yle      Zle      Chord    Area     c_cl     ai     cl_norm    cl       cd       cdv    cm_c/4     cm_LE   C.P.x/c
   181   1.8000  -0.5000   0.3994   0.1499   0.0004   0.0000  -0.0005   0.0003   0.0003   0.0000   0.0000   0.0004   0.0004  999.000
   182   1.8002  -0.5000   0.3945   0.1493   0.0011   0.0001  -0.0004   0.0008   0.0008   0.0000   0.0000   0.0012   0.0010  999.000
   183   1.8005  -0.5000   0.3848   0.1481   0.0018   0.0002  -0.0003   0.0014   0.0014   0.0000   0.0000   0.0018   0.0015  999.000
   184   1.8009  -0.5000   0.3705   0.1463   0.0024   0.0003  -0.0002   0.0019   0.0019  -0.0000   0.0000   0.0022   0.0017   -0.915
   185   1.8014  -0.5000   0.3521   0.1440   0.0029   0.0003  -0.0001   0.0024   0.0024  -0.0000   0.0000   0.0024   0.0018   -0.785
   186   1.8021  -0.5000   0.3299   0.1412   0.0034   0.0004  -0.0001   0.0026   0.0026  -0.0000   0.0000   0.0025   0.0019   -0.706
   187   1.8029  -0.5000   0.3045   0.1381   0.0037   0.0004  -0.0003   0.0027   0.0027  -0.0000   0.0000   0.0025   0.0019   -0.686
   188   1.8037  -0.5000   0.2765   0.1346   0.0039   0.0003  -0.0004   0.0026   0.0026  -0.0000   0.0000   0.0025   0.0019   -0.734
   189   1.8046  -0.5000   0.2467   0.1308   0.0040   0.0003  -0.0007   0.0022   0.0022  -0.0000   0.0000   0.0025   0.0019   -0.873
   190   1.8055  -0.5000   0.2157   0.1270   0.0040   0.0002  -0.0010   0.0017   0.0017  -0.0000   0.0000   0.0025   0.0020  999.000
   191   1.8065  -0.5000   0.1843   0.1230   0.0038   0.0001  -0.0013   0.0012   0.0012  -0.0000   0.0000   0.0024   0.0021  999.000
   192   1.8074  -0.5000   0.1533   0.1192   0.0036   0.0001  -0.0016   0.0008   0.0008   0.0000   0.0000   0.0023   0.0021  999.000
   193   1.8083  -0.5000   0.1235   0.1154   0.0033   0.0001  -0.0020   0.0006   0.0006   0.0000   0.0000   0.0022   0.0021  999.000
   194   1.8091  -0.5000   0.0955   0.1119   0.0030   0.0001  -0.0024   0.0009   0.0009   0.0000   0.0000   0.0020   0.0018  999.000
   195   1.8099  -0.5000   0.0701   0.1088   0.0026   0.0002  -0.0027   0.0020   0.0020   0.0000   0.0000   0.0016   0.0011   -0.549
   196   1.8106  -0.5000   0.0479   0.1060   0.0022   0.0005  -0.0026   0.0043   0.0043  -0.0000   0.0000   0.0009  -0.0002    0.053
   197   1.8111  -0.5000   0.0295   0.1037   0.0017   0.0009  -0.0011   0.0082   0.0082  -0.0000   0.0000  -0.0004  -0.0024    0.297
   198   1.8115  -0.5000   0.0152   0.1019   0.0012   0.0014   0.0034   0.0134   0.0134  -0.0000   0.0000  -0.0022  -0.0055    0.413
   199   1.8118  -0.5000   0.0055   0.1007   0.0007   0.0019   0.0140   0.0187   0.0187  -0.0001   0.0000  -0.0041  -0.0088    0.472
   200   1.8120  -0.5000   0.0006   0.1001   0.0002   0.0023   0.0518   0.0225   0.0225  -0.0003   0.0000  -0.0055  -0.0111    0.493
 ---------------------------------------------------------------
