 ---------------------------------------------------------------
 Surface and Strip Forces by surface

  Sref =  1.2850       Cref = 0.25900       Bref =  4.9540    
  Xref = 0.50000       Yref =  0.0000       Zref =  0.0000    

  Surface # 1     main_wing_panel_0                       
     # Chordwise = 12   # Spanwise = 20     First strip =  1
     Surface area Ssurf =    0.365400     Ave. chord Cave =    0.290000

 Forces referred to Sref, Cref, Bref about Xref, Yref, Zref
 Standard axis orientation,  X fwd, Z down         
     CLsurf  =   0.07482     Clsurf  =  -0.00942
     CYsurf  =   0.00000     Cmsurf  =   0.01189
     CDsurf  =   0.00028     Cnsurf  =  -0.00006
     CDisurf =   0.00028     CDvsurf =   0.00000

 Forces referred to Ssurf, Cave 
     CLsurf  =   0.26311     CDsurf  =   0.00098

 Strip Forces referred to Strip Area, Chord
    j     Xle      Yle      Zle      Chord    Area     c_cl     ai     cl_norm    cl       cd       cdv    cm_c/4     cm_LE   C.P.x/c
     1   0.4000   0.0019   0.0000   0.2900   0.0022   0.0776   0.0013   0.2677   0.2677   0.0009   0.0000   0.0125  -0.0544    0.203
     2   0.4000   0.0174   0.0000   0.2900   0.0067   0.0776   0.0012   0.2677   0.2677   0.0009   0.0000   0.0125  -0.0544    0.203
     3   0.4000   0.0480   0.0000   0.2900   0.0110   0.0776   0.0007   0.2677   0.2677   0.0009   0.0000   0.0125  -0.0544    0.203
     4   0.4000   0.0928   0.0000   0.2900   0.0150   0.0776  -0.0017   0.2676   0.2676   0.0009   0.0000   0.0125  -0.0544    0.203
     5   0.4000   0.1509   0.0000   0.2900   0.0186   0.0776  -0.0453   0.2676   0.2676   0.0009   0.0000   0.0125  -0.0544    0.203
     6   0.4000   0.2208   0.0000   0.2900   0.0218   0.0775  -0.0250   0.2674   0.2674   0.0009   0.0000   0.0125  -0.0543    0.203
     7   0.4000   0.3008   0.0000   0.2900   0.0244   0.0775   0.0224   0.2671   0.2671   0.0009   0.0000   0.0125  -0.0543    0.203
     8   0.4000   0.3889   0.0000   0.2900   0.0265   0.0773   0.0150   0.2667   0.2667   0.0009   0.0000   0.0125  -0.0542    0.203
     9   0.4000   0.4829   0.0000   0.2900   0.0279   0.0772  -0.0474   0.2661   0.2661   0.0009   0.0000   0.0125  -0.0541    0.203
    10   0.4000   0.5806   0.0000   0.2900   0.0286   0.0769   0.0170   0.2653   0.2653   0.0009   0.0000   0.0124  -0.0539    0.203
    11   0.4000   0.6794   0.0000   0.2900   0.0286   0.0766   0.0089   0.2643   0.2643   0.0010   0.0000   0.0124  -0.0537    0.203
    12   0.4000   0.7771   0.0000   0.2900   0.0279   0.0763   0.0782   0.2630   0.2630   0.0010   0.0000   0.0124  -0.0534    0.203
    13   0.4000   0.8711   0.0000   0.2900   0.0265   0.0759  -0.0066   0.2616   0.2616   0.0010   0.0000   0.0123  -0.0531    0.203
    14   0.4000   0.9592   0.0000   0.2900   0.0244   0.0754   0.0045   0.2599   0.2599   0.0011   0.0000   0.0123  -0.0527    0.203
    15   0.4000   1.0392   0.0000   0.2900   0.0218   0.0749   0.0064   0.2581   0.2581   0.0011   0.0000   0.0123  -0.0523    0.203
    16   0.4000   1.1091   0.0000   0.2900   0.0186   0.0743   0.0074   0.2563   0.2563   0.0011   0.0000   0.0122  -0.0519    0.202
    17   0.4000   1.1672   0.0000   0.2900   0.0150   0.0738   0.0080   0.2544   0.2544   0.0012   0.0000   0.0122  -0.0514    0.202
    18   0.4000   1.2120   0.0000   0.2900   0.0110   0.0733   0.0085   0.2528   0.2528   0.0012   0.0000   0.0121  -0.0511    0.202
    19   0.4000   1.2426   0.0000   0.2900   0.0067   0.0730   0.0088   0.2516   0.2516   0.0012   0.0000   0.0121  -0.0508    0.202
    20   0.4000   1.2581   0.0000   0.2900   0.0022   0.0728   0.0090   0.2509   0.2509   0.0013   0.0000   0.0121  -0.0507    0.202

  Surface # 2     main_wing_panel_0 (YDUP)                
     # Chordwise = 12   # Spanwise = 20     First strip = 21
     Surface area Ssurf =    0.365400     Ave. chord Cave =    0.290000

 Forces referred to Sref, Cref, Bref about Xref, Yref, Zref
 Standard axis orientation,  X fwd, Z down         
     CLsurf  =   0.07482     Clsurf  =   0.00942
     CYsurf  =  -0.00000     Cmsurf  =   0.01189
     CDsurf  =   0.00028     Cnsurf  =   0.00006
     CDisurf =   0.00028     CDvsurf =   0.00000

 Forces referred to Ssurf, Cave 
     CLsurf  =   0.26311     CDsurf  =   0.00098

 Strip Forces referred to Strip Area, Chord
    j     Xle      Yle      Zle      Chord    Area     c_cl     ai     cl_norm    cl       cd       cdv    cm_c/4     cm_LE   C.P.x/c
    21   0.4000  -0.0019   0.0000   0.2900   0.0022   0.0776   0.0013   0.2677   0.2677   0.0009   0.0000   0.0125   0.0544    0.203
    22   0.4000  -0.0174   0.0000   0.2900   0.0067   0.0776   0.0012   0.2677   0.2677   0.0009   0.0000   0.0125   0.0544    0.203
    23   0.4000  -0.0480   0.0000   0.2900   0.0110   0.0776   0.0007   0.2677   0.2677   0.0009   0.0000   0.0125   0.0544    0.203
    24   0.4000  -0.0928   0.0000   0.2900   0.0150   0.0776  -0.0017   0.2676   0.2676   0.0009   0.0000   0.0125   0.0544    0.203
    25   0.4000  -0.1509   0.0000   0.2900   0.0186   0.0776  -0.0455   0.2676   0.2676   0.0009   0.0000   0.0125   0.0544    0.203
    26   0.4000  -0.2208   0.0000   0.2900   0.0218   0.0775  -0.0257   0.2674   0.2674   0.0009   0.0000   0.0125   0.0543    0.203
    27   0.4000  -0.3008   0.0000   0.2900   0.0244   0.0775   0.0230   0.2671   0.2671   0.0009   0.0000   0.0125   0.0543    0.203
    28   0.4000  -0.3889   0.0000   0.2900   0.0265   0.0773   0.0152   0.2667   0.2667   0.0009   0.0000   0.0125   0.0542    0.203
    29   0.4000  -0.4829   0.0000   0.2900   0.0279   0.0772  -0.0297   0.2661   0.2661   0.0009   0.0000   0.0125   0.0541    0.203
    30   0.4000  -0.5806   0.0000   0.2900   0.0286   0.0769   0.0180   0.2653   0.2653   0.0009   0.0000   0.0124   0.0539    0.203
    31   0.4000  -0.6794   0.0000   0.2900   0.0286   0.0766   0.0096   0.2643   0.2643   0.0010   0.0000   0.0124   0.0537    0.203
    32   0.4000  -0.7771   0.0000   0.2900   0.0279   0.0763   0.0774   0.2630   0.2630   0.0010   0.0000   0.0124   0.0534    0.203
    33   0.4000  -0.8711   0.0000   0.2900   0.0265   0.0759  -0.0066   0.2616   0.2616   0.0010   0.0000   0.0123   0.0531    0.203
    34   0.4000  -0.9592   0.0000   0.2900   0.0244   0.0754   0.0045   0.2599   0.2599   0.0011   0.0000   0.0123   0.0527    0.203
    35   0.4000  -1.0392   0.0000   0.2900   0.0218   0.0749   0.0064   0.2581   0.2581   0.0011   0.0000   0.0123   0.0523    0.203
    36   0.4000  -1.1091   0.0000   0.2900   0.0186   0.0743   0.0074   0.2563   0.2563   0.0011   0.0000   0.0122   0.0519    0.202
    37   0.4000  -1.1672   0.0000   0.2900   0.0150   0.0738   0.0080   0.2544   0.2544   0.0012   0.0000   0.0122   0.0514    0.202
    38   0.4000  -1.2120   0.0000   0.2900   0.0110   0.0733   0.0085   0.2528   0.2528   0.0012   0.0000   0.0121   0.0511    0.202
    39   0.4000  -1.2426   0.0000   0.2900   0.0067   0.0730   0.0088   0.2516   0.2516   0.0012   0.0000   0.0121   0.0508    0.202
    40   0.4000  -1.2581   0.0000   0.2900   0.0022   0.0728   0.0090   0.2509   0.2509   0.0013   0.0000   0.0121   0.0507    0.202

  Surface # 3     main_wing_panel_1                       
     # Chordwise = 12   # Spanwise = 20     First strip = 41
     Surface area Ssurf =    0.275268     Ave. chord Cave =    0.226186

 Forces referred to Sref, Cref, Bref about Xref, Yref, Zref
 Standard axis orientation,  X fwd, Z down         
     CLsurf  =   0.04913     Clsurf  =  -0.01740
     CYsurf  =  -0.00000     Cmsurf  =   0.00768
     CDsurf  =   0.00023     Cnsurf  =  -0.00010
     CDisurf =   0.00023     CDvsurf =   0.00000

 Forces referred to Ssurf, Cave 
     CLsurf  =   0.22936     CDsurf  =   0.00107

 Strip Forces referred to Strip Area, Chord
    j     Xle      Yle      Zle      Chord    Area     c_cl     ai     cl_norm    cl       cd       cdv    cm_c/4     cm_LE   C.P.x/c
    41   0.4000   1.2617   0.0000   0.2899   0.0020   0.0727   0.0090   0.2508   0.2508   0.0013   0.0000   0.0121  -0.0506    0.202
    42   0.4001   1.2754   0.0000   0.2895   0.0059   0.0725   0.0091   0.2505   0.2505   0.0013   0.0000   0.0121  -0.0506    0.202
    43   0.4003   1.3025   0.0000   0.2887   0.0097   0.0721   0.0091   0.2498   0.2498   0.0012   0.0000   0.0121  -0.0504    0.202
    44   0.4005   1.3423   0.0000   0.2876   0.0132   0.0715   0.0092   0.2486   0.2486   0.0012   0.0000   0.0121  -0.0501    0.202
    45   0.4009   1.3938   0.0000   0.2861   0.0163   0.0706   0.0094   0.2468   0.2468   0.0012   0.0000   0.0120  -0.0497    0.201
    46   0.4013   1.4558   0.0000   0.2842   0.0189   0.0694   0.0097   0.2440   0.2440   0.0012   0.0000   0.0120  -0.0490    0.201
    47   0.4017   1.5267   0.0000   0.2821   0.0211   0.0677   0.0100   0.2400   0.2400   0.0013   0.0000   0.0119  -0.0481    0.201
    48   0.4034   1.6218   0.0000   0.2760   0.0319   0.0652   0.0099   0.2363   0.2363   0.0012   0.0000   0.0118  -0.0472    0.200
    49   0.4064   1.7407   0.0000   0.2654   0.0323   0.0615   0.0094   0.2316   0.2316   0.0011   0.0000   0.0118  -0.0460    0.199
    50   0.4095   1.8476   0.0000   0.2533   0.0232   0.0575   0.0091   0.2268   0.2268   0.0010   0.0000   0.0119  -0.0448    0.197
    51   0.4125   1.9394   0.0000   0.2397   0.0219   0.0534   0.0090   0.2229   0.2229   0.0010   0.0000   0.0121  -0.0436    0.196
    52   0.4161   2.0215   0.0000   0.2255   0.0163   0.0493   0.0090   0.2187   0.2187   0.0010   0.0000   0.0124  -0.0422    0.194
    53   0.4201   2.0922   0.0000   0.2109   0.0145   0.0451   0.0090   0.2137   0.2137   0.0009   0.0000   0.0126  -0.0407    0.191
    54   0.4256   2.1823   0.0000   0.1881   0.0207   0.0397   0.0084   0.2110   0.2110   0.0009   0.0000   0.0131  -0.0396    0.188
    55   0.4331   2.2799   0.0000   0.1570   0.0133   0.0327   0.0077   0.2083   0.2083   0.0008   0.0000   0.0136  -0.0383    0.184
    56   0.4393   2.3401   0.0000   0.1327   0.0049   0.0270   0.0074   0.2033   0.2033   0.0006   0.0000   0.0139  -0.0366    0.182
    57   0.4433   2.3732   0.0000   0.1167   0.0034   0.0224   0.0075   0.1921   0.1921   0.0006   0.0000   0.0136  -0.0341    0.179
    58   0.4499   2.4149   0.0000   0.0897   0.0046   0.0170   0.0066   0.1895   0.1895   0.0005   0.0000   0.0142  -0.0327    0.175
    59   0.4623   2.4550   0.0000   0.0412   0.0012   0.0091  -0.0034   0.2207   0.2206  -0.0011   0.0000   0.0182  -0.0332    0.167
    60   0.4718   2.4745   0.0000   0.0046   0.0000   0.0020  -0.0480   0.4261   0.4259  -0.0139   0.0000   0.0335  -0.0656    0.171

  Surface # 4     main_wing_panel_1 (YDUP)                
     # Chordwise = 12   # Spanwise = 20     First strip = 61
     Surface area Ssurf =    0.275268     Ave. chord Cave =    0.226186

 Forces referred to Sref, Cref, Bref about Xref, Yref, Zref
 Standard axis orientation,  X fwd, Z down         
     CLsurf  =   0.04913     Clsurf  =   0.01740
     CYsurf  =   0.00000     Cmsurf  =   0.00768
     CDsurf  =   0.00023     Cnsurf  =   0.00010
     CDisurf =   0.00023     CDvsurf =   0.00000

 Forces referred to Ssurf, Cave 
     CLsurf  =   0.22936     CDsurf  =   0.00107

 Strip Forces referred to Strip Area, Chord
    j     Xle      Yle      Zle      Chord    Area     c_cl     ai     cl_norm    cl       cd       cdv    cm_c/4     cm_LE   C.P.x/c
    61   0.4000  -1.2617   0.0000   0.2899   0.0020   0.0727   0.0090   0.2508   0.2508   0.0013   0.0000   0.0121   0.0506    0.202
    62   0.4001  -1.2754   0.0000   0.2895   0.0059   0.0725   0.0090   0.2505   0.2505   0.0013   0.0000   0.0121   0.0506    0.202
    63   0.4003  -1.3025   0.0000   0.2887   0.0097   0.0721   0.0091   0.2498   0.2498   0.0012   0.0000   0.0121   0.0504    0.202
    64   0.4005  -1.3423   0.0000   0.2876   0.0132   0.0715   0.0092   0.2486   0.2486   0.0012   0.0000   0.0121   0.0501    0.202
    65   0.4009  -1.3938   0.0000   0.2861   0.0163   0.0706   0.0094   0.2468   0.2468   0.0012   0.0000   0.0120   0.0497    0.201
    66   0.4013  -1.4558   0.0000   0.2842   0.0189   0.0694   0.0096   0.2440   0.2440   0.0012   0.0000   0.0120   0.0490    0.201
    67   0.4017  -1.5267   0.0000   0.2821   0.0211   0.0677   0.0100   0.2400   0.2400   0.0013   0.0000   0.0119   0.0481    0.201
    68   0.4034  -1.6218   0.0000   0.2760   0.0319   0.0652   0.0099   0.2363   0.2363   0.0012   0.0000   0.0118   0.0472    0.200
    69   0.4064  -1.7407   0.0000   0.2654   0.0323   0.0615   0.0094   0.2316   0.2316   0.0011   0.0000   0.0118   0.0460    0.199
    70   0.4095  -1.8476   0.0000   0.2533   0.0232   0.0575   0.0091   0.2268   0.2268   0.0010   0.0000   0.0119   0.0448    0.197
    71   0.4125  -1.9394   0.0000   0.2397   0.0219   0.0534   0.0090   0.2229   0.2229   0.0010   0.0000   0.0121   0.0436    0.196
    72   0.4161  -2.0215   0.0000   0.2255   0.0163   0.0493   0.0090   0.2187   0.2187   0.0010   0.0000   0.0124   0.0422    0.194
    73   0.4201  -2.0922   0.0000   0.2109   0.0145   0.0451   0.0090   0.2137   0.2137   0.0009   0.0000   0.0126   0.0407    0.191
    74   0.4256  -2.1823   0.0000   0.1881   0.0207   0.0397   0.0084   0.2110   0.2110   0.0009   0.0000   0.0131   0.0396    0.188
    75   0.4331  -2.2799   0.0000   0.1570   0.0133   0.0327   0.0077   0.2083   0.2083   0.0008   0.0000   0.0136   0.0383    0.184
    76   0.4393  -2.3401   0.0000   0.1327   0.0049   0.0270   0.0074   0.2033   0.2033   0.0006   0.0000   0.0139   0.0366    0.182
    77   0.4433  -2.3732   0.0000   0.1167   0.0034   0.0224   0.0075   0.1921   0.1921   0.0006   0.0000   0.0136   0.0341    0.179
    78   0.4499  -2.4149   0.0000   0.0897   0.0046   0.0170   0.0066   0.1895   0.1895   0.0005   0.0000   0.0142   0.0327    0.175
    79   0.4623  -2.4550   0.0000   0.0412   0.0012   0.0091  -0.0034   0.2207   0.2206  -0.0011   0.0000   0.0182   0.0332    0.167
    80   0.4718  -2.4745   0.0000   0.0046   0.0000   0.0020  -0.0480   0.4261   0.4260  -0.0139   0.0000   0.0335   0.0656    0.171

  Surface # 5     hstab_panel_0                           
     # Chordwise = 12   # Spanwise = 20     First strip = 81
     Surface area Ssurf =    0.043750     Ave. chord Cave =    0.125000

 Forces referred to Sref, Cref, Bref about Xref, Yref, Zref
 Standard axis orientation,  X fwd, Z down         
     CLsurf  =   0.00185     Clsurf  =  -0.00025
     CYsurf  =  -0.00000     Cmsurf  =  -0.00979
     CDsurf  =   0.00003     Cnsurf  =   0.00000
     CDisurf =   0.00003     CDvsurf =   0.00000

 Forces referred to Ssurf, Cave 
     CLsurf  =   0.05445     CDsurf  =   0.00076

 Strip Forces referred to Strip Area, Chord
    j     Xle      Yle      Zle      Chord    Area     c_cl     ai     cl_norm    cl       cd       cdv    cm_c/4     cm_LE   C.P.x/c
    81   1.8000   0.5005   0.0000   0.1499   0.0003   0.0036  -0.1805   0.0238   0.0238   0.0005   0.0000  -0.0034  -0.0093    0.392
    82   1.8002   0.5048   0.0000   0.1493   0.0010   0.0047  -0.0215   0.0317   0.0317   0.0005   0.0000  -0.0061  -0.0140    0.443
    83   1.8005   0.5133   0.0000   0.1481   0.0016   0.0059   0.0051   0.0397   0.0397   0.0006   0.0000  -0.0087  -0.0186    0.469
    84   1.8009   0.5258   0.0000   0.1463   0.0021   0.0069   0.0166   0.0471   0.0471   0.0007   0.0000  -0.0108  -0.0226    0.480
    85   1.8014   0.5419   0.0000   0.1440   0.0026   0.0076   0.0145   0.0529   0.0529   0.0008   0.0000  -0.0123  -0.0256    0.483
    86   1.8021   0.5613   0.0000   0.1412   0.0029   0.0081   0.0162   0.0573   0.0573   0.0008   0.0000  -0.0133  -0.0276    0.483
    87   1.8029   0.5836   0.0000   0.1381   0.0032   0.0083   0.0163   0.0602   0.0602   0.0008   0.0000  -0.0140  -0.0290    0.482
    88   1.8037   0.6080   0.0000   0.1346   0.0034   0.0084   0.0165   0.0621   0.0621   0.0009   0.0000  -0.0144  -0.0299    0.482
    89   1.8046   0.6341   0.0000   0.1308   0.0035   0.0083   0.0095   0.0631   0.0631   0.0008   0.0000  -0.0146  -0.0304    0.482
    90   1.8055   0.6613   0.0000   0.1270   0.0035   0.0080   0.0143   0.0632   0.0632   0.0008   0.0000  -0.0148  -0.0306    0.484
    91   1.8065   0.6887   0.0000   0.1230   0.0034   0.0077   0.0148   0.0625   0.0625   0.0008   0.0000  -0.0148  -0.0304    0.487
    92   1.8074   0.7159   0.0000   0.1192   0.0032   0.0073   0.0165   0.0611   0.0611   0.0008   0.0000  -0.0147  -0.0300    0.491
    93   1.8083   0.7420   0.0000   0.1154   0.0029   0.0068   0.0125   0.0589   0.0589   0.0008   0.0000  -0.0146  -0.0293    0.498
    94   1.8091   0.7664   0.0000   0.1119   0.0026   0.0062   0.0146   0.0557   0.0557   0.0007   0.0000  -0.0143  -0.0282    0.506
    95   1.8099   0.7887   0.0000   0.1088   0.0023   0.0056   0.0161   0.0515   0.0515   0.0007   0.0000  -0.0138  -0.0266    0.517
    96   1.8106   0.8081   0.0000   0.1060   0.0019   0.0049   0.0185   0.0461   0.0461   0.0007   0.0000  -0.0129  -0.0244    0.530
    97   1.8111   0.8242   0.0000   0.1037   0.0015   0.0041   0.0899   0.0391   0.0391   0.0006   0.0000  -0.0115  -0.0212    0.543
    98   1.8115   0.8367   0.0000   0.1019   0.0011   0.0031   0.0177   0.0302   0.0302   0.0005   0.0000  -0.0093  -0.0168    0.556
    99   1.8118   0.8452   0.0000   0.1007   0.0006   0.0019   0.0211   0.0193   0.0193   0.0003   0.0000  -0.0061  -0.0109    0.565
   100   1.8120   0.8495   0.0000   0.1001   0.0002   0.0007   0.0228   0.0067   0.0067   0.0001   0.0000  -0.0021  -0.0038    0.570

  Surface # 6     hstab_panel_0 (YDUP)                    
     # Chordwise = 12   # Spanwise = 20     First strip =101
     Surface area Ssurf =    0.043750     Ave. chord Cave =    0.125000

 Forces referred to Sref, Cref, Bref about Xref, Yref, Zref
 Standard axis orientation,  X fwd, Z down         
     CLsurf  =   0.00177     Clsurf  =   0.00024
     CYsurf  =   0.00000     Cmsurf  =  -0.00933
     CDsurf  =   0.00002     Cnsurf  =  -0.00000
     CDisurf =   0.00002     CDvsurf =   0.00000

 Forces referred to Ssurf, Cave 
     CLsurf  =   0.05188     CDsurf  =   0.00073

 Strip Forces referred to Strip Area, Chord
    j     Xle      Yle      Zle      Chord    Area     c_cl     ai     cl_norm    cl       cd       cdv    cm_c/4     cm_LE   C.P.x/c
   101   1.8000  -0.5005   0.0000   0.1499   0.0003   0.0009  -0.1172   0.0060   0.0060   0.0001   0.0000  -0.0016   0.0031    0.512
   102   1.8002  -0.5048   0.0000   0.1493   0.0010   0.0026  -0.0144   0.0177   0.0177   0.0003   0.0000  -0.0046   0.0090    0.512
   103   1.8005  -0.5133   0.0000   0.1481   0.0016   0.0043   0.0056   0.0288   0.0288   0.0005   0.0000  -0.0075   0.0147    0.510
   104   1.8009  -0.5258   0.0000   0.1463   0.0021   0.0057   0.0160   0.0387   0.0387   0.0006   0.0000  -0.0099   0.0196    0.505
   105   1.8014  -0.5419   0.0000   0.1440   0.0026   0.0068   0.0144   0.0469   0.0469   0.0007   0.0000  -0.0117   0.0234    0.499
   106   1.8021  -0.5613   0.0000   0.1412   0.0029   0.0075   0.0163   0.0530   0.0530   0.0008   0.0000  -0.0129   0.0261    0.493
   107   1.8029  -0.5836   0.0000   0.1381   0.0032   0.0079   0.0165   0.0573   0.0573   0.0008   0.0000  -0.0137   0.0280    0.489
   108   1.8037  -0.6080   0.0000   0.1346   0.0034   0.0081   0.0167   0.0601   0.0601   0.0008   0.0000  -0.0142   0.0292    0.486
   109   1.8046  -0.6341   0.0000   0.1308   0.0035   0.0081   0.0097   0.0617   0.0617   0.0008   0.0000  -0.0145   0.0299    0.485
   110   1.8055  -0.6613   0.0000   0.1270   0.0035   0.0079   0.0144   0.0622   0.0622   0.0008   0.0000  -0.0147   0.0302    0.486
   111   1.8065  -0.6887   0.0000   0.1230   0.0034   0.0076   0.0148   0.0619   0.0619   0.0008   0.0000  -0.0147   0.0302    0.488
   112   1.8074  -0.7159   0.0000   0.1192   0.0032   0.0072   0.0165   0.0606   0.0606   0.0008   0.0000  -0.0147   0.0298    0.493
   113   1.8083  -0.7420   0.0000   0.1154   0.0029   0.0068   0.0126   0.0585   0.0585   0.0008   0.0000  -0.0146   0.0292    0.499
   114   1.8091  -0.7664   0.0000   0.1119   0.0026   0.0062   0.0146   0.0555   0.0555   0.0007   0.0000  -0.0143   0.0281    0.507
   115   1.8099  -0.7887   0.0000   0.1088   0.0023   0.0056   0.0161   0.0513   0.0513   0.0007   0.0000  -0.0137   0.0266    0.518
   116   1.8106  -0.8081   0.0000   0.1060   0.0019   0.0049   0.0185   0.0459   0.0459   0.0007   0.0000  -0.0129   0.0243    0.530
   117   1.8111  -0.8242   0.0000   0.1037   0.0015   0.0040   0.0899   0.0390   0.0390   0.0006   0.0000  -0.0115   0.0212    0.544
   118   1.8115  -0.8367   0.0000   0.1019   0.0011   0.0031   0.0177   0.0302   0.0302   0.0005   0.0000  -0.0093   0.0168    0.557
   119   1.8118  -0.8452   0.0000   0.1007   0.0006   0.0019   0.0211   0.0193   0.0193   0.0003   0.0000  -0.0061   0.0109    0.566
   120   1.8120  -0.8495   0.0000   0.1001   0.0002   0.0007   0.0228   0.0067   0.0067   0.0001   0.0000  -0.0021   0.0038    0.570

  Surface # 7     fin_panel_0                             
     # Chordwise = 12   # Spanwise = 20     First strip =121
     Surface area Ssurf =    0.050000     Ave. chord Cave =    0.125000

 Forces referred to Sref, Cref, Bref about Xref, Yref, Zref
 Standard axis orientation,  X fwd, Z down         
     CLsurf  =   0.00000     Clsurf  =  -0.00001
     CYsurf  =  -0.00010     Cmsurf  =  -0.00000
     CDsurf  =  -0.00000     Cnsurf  =   0.00003
     CDisurf =  -0.00000     CDvsurf =   0.00000

 Forces referred to Ssurf, Cave 
     CLsurf  =  -0.00265     CDsurf  =  -0.00001

 Strip Forces referred to Strip Area, Chord
    j     Xle      Yle      Zle      Chord    Area     c_cl     ai     cl_norm    cl       cd       cdv    cm_c/4     cm_LE   C.P.x/c
   121   1.8000   0.5000   0.3994   0.1499   0.0004  -0.0001  -0.0007  -0.0005  -0.0005  -0.0000   0.0000   0.0003   0.0004    0.831
   122   1.8002   0.5000   0.3945   0.1493   0.0011  -0.0002  -0.0005  -0.0015  -0.0015  -0.0000   0.0000   0.0009   0.0012    0.821
   123   1.8005   0.5000   0.3848   0.1481   0.0018  -0.0004  -0.0004  -0.0024  -0.0024  -0.0000   0.0000   0.0013   0.0019    0.804
   124   1.8009   0.5000   0.3705   0.1463   0.0024  -0.0005  -0.0002  -0.0032  -0.0032  -0.0000   0.0000   0.0017   0.0025    0.778
   125   1.8014   0.5000   0.3521   0.1440   0.0029  -0.0005  -0.0000  -0.0038  -0.0038  -0.0000   0.0000   0.0019   0.0028    0.747
   126   1.8021   0.5000   0.3299   0.1412   0.0034  -0.0006   0.0001  -0.0044  -0.0044  -0.0000   0.0000   0.0020   0.0031    0.712
   127   1.8029   0.5000   0.3045   0.1381   0.0037  -0.0007   0.0001  -0.0049  -0.0049  -0.0000   0.0000   0.0021   0.0033    0.679
   128   1.8037   0.5000   0.2765   0.1346   0.0039  -0.0007   0.0000  -0.0054  -0.0054  -0.0000   0.0000   0.0021   0.0035    0.648
   129   1.8046   0.5000   0.2467   0.1308   0.0040  -0.0008  -0.0001  -0.0058  -0.0058  -0.0000   0.0000   0.0021   0.0036    0.622
   130   1.8055   0.5000   0.2157   0.1270   0.0040  -0.0008  -0.0003  -0.0060  -0.0060  -0.0000   0.0000   0.0021   0.0036    0.602
   131   1.8065   0.5000   0.1843   0.1230   0.0038  -0.0008  -0.0005  -0.0061  -0.0061   0.0000   0.0000   0.0021   0.0036    0.591
   132   1.8074   0.5000   0.1533   0.1192   0.0036  -0.0007  -0.0008  -0.0059  -0.0059   0.0000   0.0000   0.0020   0.0035    0.591
   133   1.8083   0.5000   0.1235   0.1154   0.0033  -0.0006  -0.0011  -0.0052  -0.0052   0.0000   0.0000   0.0019   0.0032    0.611
   134   1.8091   0.5000   0.0955   0.1119   0.0030  -0.0004  -0.0014  -0.0036  -0.0036   0.0000   0.0000   0.0016   0.0025    0.693
   135   1.8099   0.5000   0.0701   0.1088   0.0026  -0.0001  -0.0015  -0.0010  -0.0010   0.0000   0.0000   0.0012   0.0014    1.475
   136   1.8106   0.5000   0.0479   0.1060   0.0022   0.0004  -0.0010   0.0033   0.0033  -0.0000   0.0000   0.0005  -0.0004    0.110
   137   1.8111   0.5000   0.0295   0.1037   0.0017   0.0010   0.0015   0.0095   0.0095  -0.0000   0.0000  -0.0007  -0.0030    0.319
   138   1.8115   0.5000   0.0152   0.1019   0.0012   0.0017   0.0077   0.0170   0.0170  -0.0001   0.0000  -0.0021  -0.0064    0.376
   139   1.8118   0.5000   0.0055   0.1007   0.0007   0.0024   0.0219   0.0243   0.0243  -0.0001   0.0000  -0.0036  -0.0097    0.400
   140   1.8120   0.5000   0.0006   0.1001   0.0002   0.0029   0.0750   0.0294   0.0294  -0.0005   0.0000  -0.0046  -0.0119    0.406

  Surface # 8     hstab_panel_0                           
     # Chordwise = 12   # Spanwise = 20     First strip =141
     Surface area Ssurf =    0.043750     Ave. chord Cave =    0.125000

 Forces referred to Sref, Cref, Bref about Xref, Yref, Zref
 Standard axis orientation,  X fwd, Z down         
     CLsurf  =   0.00195     Clsurf  =   0.00013
     CYsurf  =  -0.00000     Cmsurf  =  -0.01028
     CDsurf  =   0.00003     Cnsurf  =  -0.00000
     CDisurf =   0.00003     CDvsurf =   0.00000

 Forces referred to Ssurf, Cave 
     CLsurf  =   0.05720     CDsurf  =   0.00077

 Strip Forces referred to Strip Area, Chord
    j     Xle      Yle      Zle      Chord    Area     c_cl     ai     cl_norm    cl       cd       cdv    cm_c/4     cm_LE   C.P.x/c
   141   1.8000  -0.4995   0.0000   0.1499   0.0003   0.0039  -0.1756   0.0261   0.0261   0.0006   0.0000  -0.0035  -0.0101    0.385
   142   1.8002  -0.4952   0.0000   0.1493   0.0010   0.0051  -0.0207   0.0340   0.0340   0.0005   0.0000  -0.0063  -0.0148    0.435
   143   1.8005  -0.4867   0.0000   0.1481   0.0016   0.0062   0.0047   0.0420   0.0420   0.0006   0.0000  -0.0089  -0.0194    0.461
   144   1.8009  -0.4742   0.0000   0.1463   0.0021   0.0072   0.0132   0.0493   0.0493   0.0007   0.0000  -0.0110  -0.0233    0.473
   145   1.8014  -0.4581   0.0000   0.1440   0.0026   0.0080   0.0155   0.0552   0.0552   0.0008   0.0000  -0.0125  -0.0263    0.477
   146   1.8021  -0.4387   0.0000   0.1412   0.0029   0.0084   0.0121   0.0596   0.0596   0.0008   0.0000  -0.0135  -0.0284    0.477
   147   1.8029  -0.4164   0.0000   0.1381   0.0032   0.0087   0.0163   0.0626   0.0626   0.0009   0.0000  -0.0141  -0.0298    0.476
   148   1.8037  -0.3920   0.0000   0.1346   0.0034   0.0087   0.0152   0.0647   0.0647   0.0009   0.0000  -0.0145  -0.0307    0.475
   149   1.8046  -0.3659   0.0000   0.1308   0.0035   0.0086   0.0141   0.0658   0.0658   0.0009   0.0000  -0.0148  -0.0312    0.474
   150   1.8055  -0.3387   0.0000   0.1270   0.0035   0.0084   0.0159   0.0661   0.0661   0.0008   0.0000  -0.0149  -0.0314    0.475
   151   1.8065  -0.3113   0.0000   0.1230   0.0034   0.0081   0.0139   0.0656   0.0656   0.0008   0.0000  -0.0149  -0.0313    0.477
   152   1.8074  -0.2841   0.0000   0.1192   0.0032   0.0077   0.0134   0.0643   0.0643   0.0008   0.0000  -0.0148  -0.0309    0.481
   153   1.8083  -0.2580   0.0000   0.1154   0.0029   0.0072   0.0176   0.0622   0.0622   0.0008   0.0000  -0.0147  -0.0302    0.486
   154   1.8091  -0.2336   0.0000   0.1119   0.0026   0.0066   0.0142   0.0591   0.0591   0.0008   0.0000  -0.0143  -0.0291    0.493
   155   1.8099  -0.2113   0.0000   0.1088   0.0023   0.0060   0.0146   0.0549   0.0549   0.0007   0.0000  -0.0138  -0.0275    0.501
   156   1.8106  -0.1919   0.0000   0.1060   0.0019   0.0052   0.0153   0.0492   0.0492   0.0007   0.0000  -0.0129  -0.0252    0.512
   157   1.8111  -0.1758   0.0000   0.1037   0.0015   0.0043   0.0179   0.0418   0.0418   0.0006   0.0000  -0.0114  -0.0219    0.524
   158   1.8115  -0.1633   0.0000   0.1019   0.0011   0.0033   0.0196   0.0324   0.0324   0.0005   0.0000  -0.0092  -0.0173    0.535
   159   1.8118  -0.1548   0.0000   0.1007   0.0006   0.0021   0.0216   0.0207   0.0207   0.0003   0.0000  -0.0060  -0.0112    0.542
   160   1.8120  -0.1505   0.0000   0.1001   0.0002   0.0007   0.0229   0.0071   0.0071   0.0001   0.0000  -0.0021  -0.0039    0.546

  Surface # 9     hstab_panel_0 (YDUP)                    
     # Chordwise = 12   # Spanwise = 20     First strip =161
     Surface area Ssurf =    0.043750     Ave. chord Cave =    0.125000

 Forces referred to Sref, Cref, Bref about Xref, Yref, Zref
 Standard axis orientation,  X fwd, Z down         
     CLsurf  =   0.00184     Clsurf  =  -0.00012
     CYsurf  =   0.00000     Cmsurf  =  -0.00974
     CDsurf  =   0.00003     Cnsurf  =   0.00000
     CDisurf =   0.00003     CDvsurf =   0.00000

 Forces referred to Ssurf, Cave 
     CLsurf  =   0.05419     CDsurf  =   0.00074

 Strip Forces referred to Strip Area, Chord
    j     Xle      Yle      Zle      Chord    Area     c_cl     ai     cl_norm    cl       cd       cdv    cm_c/4     cm_LE   C.P.x/c
   161   1.8000   0.4995   0.0000   0.1499   0.0003   0.0009  -0.1177   0.0061   0.0061   0.0001   0.0000  -0.0016   0.0031    0.507
   162   1.8002   0.4952   0.0000   0.1493   0.0010   0.0027  -0.0150   0.0181   0.0181   0.0003   0.0000  -0.0047   0.0092    0.507
   163   1.8005   0.4867   0.0000   0.1481   0.0016   0.0044   0.0047   0.0296   0.0296   0.0005   0.0000  -0.0075   0.0149    0.505
   164   1.8009   0.4742   0.0000   0.1463   0.0021   0.0058   0.0126   0.0399   0.0399   0.0006   0.0000  -0.0100   0.0199    0.500
   165   1.8014   0.4581   0.0000   0.1440   0.0026   0.0070   0.0154   0.0483   0.0483   0.0007   0.0000  -0.0118   0.0238    0.494
   166   1.8021   0.4387   0.0000   0.1412   0.0029   0.0077   0.0123   0.0547   0.0547   0.0008   0.0000  -0.0130   0.0266    0.487
   167   1.8029   0.4164   0.0000   0.1381   0.0032   0.0082   0.0166   0.0592   0.0592   0.0008   0.0000  -0.0138   0.0286    0.483
   168   1.8037   0.3920   0.0000   0.1346   0.0034   0.0084   0.0154   0.0622   0.0622   0.0008   0.0000  -0.0143   0.0298    0.480
   169   1.8046   0.3659   0.0000   0.1308   0.0035   0.0084   0.0144   0.0641   0.0641   0.0008   0.0000  -0.0146   0.0306    0.478
   170   1.8055   0.3387   0.0000   0.1270   0.0035   0.0082   0.0160   0.0648   0.0648   0.0008   0.0000  -0.0148   0.0310    0.478
   171   1.8065   0.3113   0.0000   0.1230   0.0034   0.0080   0.0140   0.0647   0.0647   0.0008   0.0000  -0.0148   0.0310    0.479
   172   1.8074   0.2841   0.0000   0.1192   0.0032   0.0076   0.0135   0.0637   0.0637   0.0008   0.0000  -0.0148   0.0307    0.482
   173   1.8083   0.2580   0.0000   0.1154   0.0029   0.0071   0.0177   0.0617   0.0617   0.0008   0.0000  -0.0146   0.0300    0.487
   174   1.8091   0.2336   0.0000   0.1119   0.0026   0.0066   0.0142   0.0588   0.0588   0.0008   0.0000  -0.0143   0.0290    0.494
   175   1.8099   0.2113   0.0000   0.1088   0.0023   0.0059   0.0147   0.0546   0.0546   0.0007   0.0000  -0.0138   0.0274    0.502
   176   1.8106   0.1919   0.0000   0.1060   0.0019   0.0052   0.0153   0.0490   0.0490   0.0007   0.0000  -0.0129   0.0251    0.513
   177   1.8111   0.1758   0.0000   0.1037   0.0015   0.0043   0.0179   0.0417   0.0417   0.0006   0.0000  -0.0114   0.0218    0.524
   178   1.8115   0.1633   0.0000   0.1019   0.0011   0.0033   0.0196   0.0322   0.0322   0.0005   0.0000  -0.0092   0.0173    0.535
   179   1.8118   0.1548   0.0000   0.1007   0.0006   0.0021   0.0216   0.0206   0.0206   0.0003   0.0000  -0.0060   0.0112    0.543
   180   1.8120   0.1505   0.0000   0.1001   0.0002   0.0007   0.0230   0.0071   0.0071   0.0001   0.0000  -0.0021   0.0039    0.546

  Surface #10     fin_panel_0                             
     # Chordwise = 12   # Spanwise = 20     First strip =181
     Surface area Ssurf =    0.050000     Ave. chord Cave =    0.125000

 Forces referred to Sref, Cref, Bref about Xref, Yref, Zref
 Standard axis orientation,  X fwd, Z down         
     CLsurf  =  -0.00000     Clsurf  =   0.00000
     CYsurf  =   0.00011     Cmsurf  =  -0.00000
     CDsurf  =  -0.00000     Cnsurf  =  -0.00003
     CDisurf =  -0.00000     CDvsurf =   0.00000

 Forces referred to Ssurf, Cave 
     CLsurf  =   0.00295     CDsurf  =  -0.00001

 Strip Forces referred to Strip Area, Chord
    j     Xle      Yle      Zle      Chord    Area     c_cl     ai     cl_norm    cl       cd       cdv    cm_c/4     cm_LE   C.P.x/c
   181   1.8000  -0.5000   0.3994   0.1499   0.0004   0.0000  -0.0013   0.0001   0.0001   0.0000   0.0000   0.0003   0.0003  999.000
   182   1.8002  -0.5000   0.3945   0.1493   0.0011   0.0000  -0.0012   0.0003   0.0003   0.0000   0.0000   0.0010   0.0009  999.000
   183   1.8005  -0.5000   0.3848   0.1481   0.0018   0.0001  -0.0011   0.0006   0.0006  -0.0000   0.0000   0.0015   0.0013  999.000
   184   1.8009  -0.5000   0.3705   0.1463   0.0024   0.0001  -0.0010   0.0008   0.0008  -0.0000   0.0000   0.0018   0.0016  999.000
   185   1.8014  -0.5000   0.3521   0.1440   0.0029   0.0002  -0.0009   0.0010   0.0010  -0.0000   0.0000   0.0020   0.0017  999.000
   186   1.8021  -0.5000   0.3299   0.1412   0.0034   0.0002  -0.0009   0.0012   0.0012  -0.0000   0.0000   0.0020   0.0017  999.000
   187   1.8029  -0.5000   0.3045   0.1381   0.0037   0.0002  -0.0009   0.0012   0.0012  -0.0000   0.0000   0.0021   0.0018  999.000
   188   1.8037  -0.5000   0.2765   0.1346   0.0039   0.0002  -0.0011   0.0011   0.0011  -0.0000   0.0000   0.0021   0.0018  999.000
   189   1.8046  -0.5000   0.2467   0.1308   0.0040   0.0001  -0.0012   0.0009   0.0009  -0.0000   0.0000   0.0020   0.0018  999.000
   190   1.8055  -0.5000   0.2157   0.1270   0.0040   0.0001  -0.0015   0.0007   0.0007  -0.0000   0.0000   0.0020   0.0018  999.000
   191   1.8065  -0.5000   0.1843   0.1230   0.0038   0.0001  -0.0017   0.0006   0.0006   0.0000   0.0000   0.0019   0.0018  999.000
   192   1.8074  -0.5000   0.1533   0.1192   0.0036   0.0001  -0.0020   0.0006   0.0006   0.0000   0.0000   0.0018   0.0017  999.000
   193   1.8083  -0.5000   0.1235   0.1154   0.0033   0.0001  -0.0024   0.0011   0.0011   0.0000   0.0000   0.0017   0.0014  999.000
   194   1.8091  -0.5000   0.0955   0.1119   0.0030   0.0002  -0.0027   0.0022   0.0022  -0.0000   0.0000   0.0014   0.0009   -0.396
   195   1.8099  -0.5000   0.0701   0.1088   0.0026   0.0005  -0.0029   0.0044   0.0044  -0.0000   0.0000   0.0010  -0.0001    0.029
   196   1.8106  -0.5000   0.0479   0.1060   0.0022   0.0009  -0.0025   0.0082   0.0082  -0.0000   0.0000   0.0002  -0.0018    0.221
   197   1.8111  -0.5000   0.0295   0.1037   0.0017   0.0014  -0.0002   0.0138   0.0138  -0.0000   0.0000  -0.0009  -0.0044    0.316
   198   1.8115  -0.5000   0.0152   0.1019   0.0012   0.0021   0.0059   0.0209   0.0209  -0.0001   0.0000  -0.0024  -0.0076    0.366
   199   1.8118  -0.5000   0.0055   0.1007   0.0007   0.0028   0.0198   0.0279   0.0279  -0.0001   0.0000  -0.0039  -0.0109    0.391
   200   1.8120  -0.5000   0.0006   0.1001   0.0002   0.0033   0.0704   0.0328   0.0328  -0.0006   0.0000  -0.0049  -0.0131    0.399
 ---------------------------------------------------------------
