 ---------------------------------------------------------------
 Surface and Strip Forces by surface

  Sref =  1.2850       Cref = 0.25900       Bref =  4.9540    
  Xref = 0.50000       Yref =  0.0000       Zref =  0.0000    

  Surface # 1     mace0_panel_0                           
     # Chordwise = 12   # Spanwise = 20     First strip =  1
     Surface area Ssurf =    0.365400     Ave. chord Cave =    0.290000

 Forces referred to Sref, Cref, Bref about Xref, Yref, Zref
 Standard axis orientation,  X fwd, Z down         
     CLsurf  =   0.11366     Clsurf  =  -0.01433
     CYsurf  =   0.00000     Cmsurf  =   0.01648
     CDsurf  =   0.00063     Cnsurf  =  -0.00028
     CDisurf =   0.00063     CDvsurf =   0.00000

 Forces referred to Ssurf, Cave 
     CLsurf  =   0.39970     CDsurf  =   0.00221

 Strip Forces referred to Strip Area, Chord
    j     Xle      Yle      Zle      Chord    Area     c_cl     ai     cl_norm    cl       cd       cdv    cm_c/4     cm_LE   C.P.x/c
     1   0.4000   0.0019   0.0000   0.2900   0.0022   0.1177   0.0022   0.4060   0.4060   0.0020   0.0000   0.0139  -0.0875    0.216
     2   0.4000   0.0174   0.0000   0.2900   0.0067   0.1177   0.0021   0.4060   0.4060   0.0020   0.0000   0.0139  -0.0875    0.216
     3   0.4000   0.0480   0.0000   0.2900   0.0110   0.1177   0.0014   0.4059   0.4059   0.0020   0.0000   0.0139  -0.0875    0.216
     4   0.4000   0.0928   0.0000   0.2900   0.0150   0.1177  -0.0020   0.4059   0.4059   0.0020   0.0000   0.0139  -0.0875    0.216
     5   0.4000   0.1509   0.0000   0.2900   0.0186   0.1176  -0.0644   0.4058   0.4058   0.0020   0.0000   0.0139  -0.0875    0.216
     6   0.4000   0.2208   0.0000   0.2900   0.0218   0.1176  -0.0370   0.4055   0.4055   0.0020   0.0000   0.0139  -0.0874    0.216
     7   0.4000   0.3008   0.0000   0.2900   0.0244   0.1175   0.0320   0.4051   0.4051   0.0020   0.0000   0.0139  -0.0873    0.216
     8   0.4000   0.3889   0.0000   0.2900   0.0265   0.1173   0.0215   0.4045   0.4045   0.0020   0.0000   0.0139  -0.0872    0.216
     9   0.4000   0.4829   0.0000   0.2900   0.0279   0.1171  -0.0673   0.4037   0.4037   0.0021   0.0000   0.0139  -0.0870    0.216
    10   0.4000   0.5806   0.0000   0.2900   0.0286   0.1167   0.0245   0.4026   0.4026   0.0021   0.0000   0.0139  -0.0867    0.216
    11   0.4000   0.6794   0.0000   0.2900   0.0286   0.1163   0.0138   0.4012   0.4012   0.0022   0.0000   0.0139  -0.0864    0.215
    12   0.4000   0.7771   0.0000   0.2900   0.0279   0.1159   0.1166   0.3996   0.3996   0.0022   0.0000   0.0138  -0.0860    0.215
    13   0.4000   0.8711   0.0000   0.2900   0.0265   0.1153  -0.0089   0.3976   0.3976   0.0023   0.0000   0.0138  -0.0856    0.215
    14   0.4000   0.9592   0.0000   0.2900   0.0244   0.1146   0.0069   0.3953   0.3953   0.0024   0.0000   0.0138  -0.0850    0.215
    15   0.4000   1.0392   0.0000   0.2900   0.0218   0.1139   0.0097   0.3929   0.3929   0.0025   0.0000   0.0138  -0.0844    0.215
    16   0.4000   1.1091   0.0000   0.2900   0.0186   0.1132   0.0111   0.3904   0.3904   0.0025   0.0000   0.0137  -0.0838    0.215
    17   0.4000   1.1672   0.0000   0.2900   0.0150   0.1125   0.0120   0.3880   0.3880   0.0026   0.0000   0.0137  -0.0833    0.215
    18   0.4000   1.2120   0.0000   0.2900   0.0110   0.1119   0.0127   0.3859   0.3859   0.0027   0.0000   0.0137  -0.0828    0.214
    19   0.4000   1.2426   0.0000   0.2900   0.0067   0.1114   0.0132   0.3842   0.3842   0.0028   0.0000   0.0137  -0.0824    0.214
    20   0.4000   1.2581   0.0000   0.2900   0.0022   0.1112   0.0135   0.3834   0.3834   0.0030   0.0000   0.0137  -0.0821    0.214

  Surface # 2     mace0_panel_0 (YDUP)                    
     # Chordwise = 12   # Spanwise = 20     First strip = 21
     Surface area Ssurf =    0.365400     Ave. chord Cave =    0.290000

 Forces referred to Sref, Cref, Bref about Xref, Yref, Zref
 Standard axis orientation,  X fwd, Z down         
     CLsurf  =   0.11366     Clsurf  =   0.01433
     CYsurf  =   0.00000     Cmsurf  =   0.01648
     CDsurf  =   0.00063     Cnsurf  =   0.00028
     CDisurf =   0.00063     CDvsurf =   0.00000

 Forces referred to Ssurf, Cave 
     CLsurf  =   0.39970     CDsurf  =   0.00221

 Strip Forces referred to Strip Area, Chord
    j     Xle      Yle      Zle      Chord    Area     c_cl     ai     cl_norm    cl       cd       cdv    cm_c/4     cm_LE   C.P.x/c
    21   0.4000  -0.0019   0.0000   0.2900   0.0022   0.1177   0.0022   0.4060   0.4060   0.0020   0.0000   0.0139   0.0875    0.216
    22   0.4000  -0.0174   0.0000   0.2900   0.0067   0.1177   0.0021   0.4060   0.4060   0.0020   0.0000   0.0139   0.0875    0.216
    23   0.4000  -0.0480   0.0000   0.2900   0.0110   0.1177   0.0014   0.4059   0.4059   0.0020   0.0000   0.0139   0.0875    0.216
    24   0.4000  -0.0928   0.0000   0.2900   0.0150   0.1177  -0.0021   0.4059   0.4059   0.0020   0.0000   0.0139   0.0875    0.216
    25   0.4000  -0.1509   0.0000   0.2900   0.0186   0.1176  -0.0649   0.4058   0.4058   0.0020   0.0000   0.0139   0.0875    0.216
    26   0.4000  -0.2208   0.0000   0.2900   0.0218   0.1176  -0.0385   0.4055   0.4055   0.0020   0.0000   0.0139   0.0874    0.216
    27   0.4000  -0.3008   0.0000   0.2900   0.0244   0.1175   0.0334   0.4051   0.4051   0.0020   0.0000   0.0139   0.0873    0.216
    28   0.4000  -0.3889   0.0000   0.2900   0.0265   0.1173   0.0220   0.4045   0.4045   0.0020   0.0000   0.0139   0.0872    0.216
    29   0.4000  -0.4829   0.0000   0.2900   0.0279   0.1171  -0.0372   0.4037   0.4037   0.0021   0.0000   0.0139   0.0870    0.216
    30   0.4000  -0.5806   0.0000   0.2900   0.0286   0.1167   0.0263   0.4026   0.4026   0.0021   0.0000   0.0139   0.0867    0.216
    31   0.4000  -0.6794   0.0000   0.2900   0.0286   0.1163   0.0153   0.4012   0.4012   0.0022   0.0000   0.0139   0.0864    0.215
    32   0.4000  -0.7771   0.0000   0.2900   0.0279   0.1159   0.1148   0.3996   0.3996   0.0022   0.0000   0.0138   0.0860    0.215
    33   0.4000  -0.8711   0.0000   0.2900   0.0265   0.1153  -0.0088   0.3976   0.3976   0.0023   0.0000   0.0138   0.0856    0.215
    34   0.4000  -0.9592   0.0000   0.2900   0.0244   0.1146   0.0069   0.3953   0.3953   0.0024   0.0000   0.0138   0.0850    0.215
    35   0.4000  -1.0392   0.0000   0.2900   0.0218   0.1139   0.0097   0.3929   0.3929   0.0025   0.0000   0.0138   0.0844    0.215
    36   0.4000  -1.1091   0.0000   0.2900   0.0186   0.1132   0.0111   0.3904   0.3904   0.0025   0.0000   0.0137   0.0838    0.215
    37   0.4000  -1.1672   0.0000   0.2900   0.0150   0.1125   0.0120   0.3880   0.3880   0.0026   0.0000   0.0137   0.0833    0.215
    38   0.4000  -1.2120   0.0000   0.2900   0.0110   0.1119   0.0127   0.3859   0.3859   0.0027   0.0000   0.0137   0.0828    0.214
    39   0.4000  -1.2426   0.0000   0.2900   0.0067   0.1114   0.0132   0.3843   0.3843   0.0028   0.0000   0.0137   0.0824    0.214
    40   0.4000  -1.2581   0.0000   0.2900   0.0022   0.1112   0.0135   0.3834   0.3834   0.0030   0.0000   0.0137   0.0821    0.214

  Surface # 3     mace0_panel_1                           
     # Chordwise = 12   # Spanwise = 20     First strip = 41
     Surface area Ssurf =    0.275268     Ave. chord Cave =    0.226186

 Forces referred to Sref, Cref, Bref about Xref, Yref, Zref
 Standard axis orientation,  X fwd, Z down         
     CLsurf  =   0.07576     Clsurf  =  -0.02681
     CYsurf  =  -0.00008     Cmsurf  =   0.01115
     CDsurf  =   0.00056     Cnsurf  =  -0.00048
     CDisurf =   0.00056     CDvsurf =   0.00000

 Forces referred to Ssurf, Cave 
     CLsurf  =   0.35367     CDsurf  =   0.00262

 Strip Forces referred to Strip Area, Chord
    j     Xle      Yle      Zle      Chord    Area     c_cl     ai     cl_norm    cl       cd       cdv    cm_c/4     cm_LE   C.P.x/c
    41   0.4000   1.2617   0.0000   0.2899   0.0020   0.1111   0.0135   0.3833   0.3833   0.0030   0.0000   0.0137  -0.0821    0.214
    42   0.4001   1.2754   0.0000   0.2895   0.0059   0.1109   0.0136   0.3830   0.3830   0.0028   0.0000   0.0137  -0.0820    0.214
    43   0.4003   1.3025   0.0000   0.2887   0.0097   0.1104   0.0137   0.3822   0.3822   0.0028   0.0000   0.0138  -0.0818    0.214
    44   0.4005   1.3423   0.0000   0.2876   0.0132   0.1095   0.0140   0.3809   0.3809   0.0028   0.0000   0.0138  -0.0814    0.214
    45   0.4009   1.3938   0.0000   0.2861   0.0163   0.1083   0.0144   0.3788   0.3788   0.0029   0.0000   0.0139  -0.0808    0.213
    46   0.4013   1.4558   0.0000   0.2842   0.0189   0.1067   0.0149   0.3755   0.3755   0.0029   0.0000   0.0140  -0.0798    0.213
    47   0.4017   1.5267   0.0000   0.2821   0.0211   0.1046   0.0157   0.3707   0.3707   0.0031   0.0000   0.0141  -0.0785    0.212
    48   0.4034   1.6218   0.0000   0.2760   0.0319   0.1013   0.0161   0.3670   0.3670   0.0031   0.0000   0.0145  -0.0772    0.210
    49   0.4064   1.7407   0.0000   0.2654   0.0323   0.0961   0.0164   0.3621   0.3621   0.0030   0.0000   0.0152  -0.0753    0.208
    50   0.4095   1.8476   0.0000   0.2533   0.0232   0.0900   0.0163   0.3553   0.3553   0.0030   0.0000   0.0158  -0.0729    0.205
    51   0.4125   1.9394   0.0000   0.2397   0.0219   0.0833   0.0155   0.3477   0.3477   0.0028   0.0000   0.0163  -0.0706    0.203
    52   0.4161   2.0215   0.0000   0.2255   0.0163   0.0763   0.0145   0.3386   0.3386   0.0025   0.0000   0.0166  -0.0679    0.201
    53   0.4201   2.0922   0.0000   0.2109   0.0145   0.0691   0.0132   0.3278   0.3278   0.0021   0.0000   0.0169  -0.0649    0.198
    54   0.4256   2.1823   0.0000   0.1881   0.0207   0.0603   0.0117   0.3205   0.3205   0.0019   0.0000   0.0176  -0.0624    0.195
    55   0.4331   2.2799   0.0000   0.1570   0.0133   0.0493   0.0105   0.3139   0.3139   0.0016   0.0000   0.0190  -0.0592    0.190
    56   0.4393   2.3401   0.0000   0.1327   0.0049   0.0405   0.0096   0.3049   0.3049   0.0013   0.0000   0.0200  -0.0558    0.184
    57   0.4433   2.3732   0.0000   0.1167   0.0034   0.0335   0.0096   0.2869   0.2869   0.0012   0.0000   0.0199  -0.0514    0.180
    58   0.4499   2.4149   0.0000   0.0897   0.0046   0.0253   0.0082   0.2819   0.2819   0.0009   0.0000   0.0210  -0.0487    0.176
    59   0.4623   2.4550   0.0000   0.0412   0.0012   0.0135  -0.0066   0.3276   0.3275  -0.0026   0.0000   0.0270  -0.0493    0.167
    60   0.4718   2.4745   0.0000   0.0046   0.0000   0.0029  -0.0726   0.6324   0.6321  -0.0310   0.0000   0.0496  -0.0972    0.171

  Surface # 4     mace0_panel_1 (YDUP)                    
     # Chordwise = 12   # Spanwise = 20     First strip = 61
     Surface area Ssurf =    0.275268     Ave. chord Cave =    0.226186

 Forces referred to Sref, Cref, Bref about Xref, Yref, Zref
 Standard axis orientation,  X fwd, Z down         
     CLsurf  =   0.07576     Clsurf  =   0.02681
     CYsurf  =   0.00008     Cmsurf  =   0.01115
     CDsurf  =   0.00056     Cnsurf  =   0.00048
     CDisurf =   0.00056     CDvsurf =   0.00000

 Forces referred to Ssurf, Cave 
     CLsurf  =   0.35368     CDsurf  =   0.00262

 Strip Forces referred to Strip Area, Chord
    j     Xle      Yle      Zle      Chord    Area     c_cl     ai     cl_norm    cl       cd       cdv    cm_c/4     cm_LE   C.P.x/c
    61   0.4000  -1.2617   0.0000   0.2899   0.0020   0.1111   0.0135   0.3833   0.3833   0.0030   0.0000   0.0137   0.0821    0.214
    62   0.4001  -1.2754   0.0000   0.2895   0.0059   0.1109   0.0135   0.3830   0.3830   0.0028   0.0000   0.0137   0.0820    0.214
    63   0.4003  -1.3025   0.0000   0.2887   0.0097   0.1104   0.0137   0.3822   0.3822   0.0028   0.0000   0.0138   0.0818    0.214
    64   0.4005  -1.3423   0.0000   0.2876   0.0132   0.1095   0.0140   0.3809   0.3809   0.0028   0.0000   0.0138   0.0814    0.214
    65   0.4009  -1.3938   0.0000   0.2861   0.0163   0.1083   0.0144   0.3788   0.3788   0.0029   0.0000   0.0139   0.0808    0.213
    66   0.4013  -1.4558   0.0000   0.2842   0.0189   0.1067   0.0149   0.3755   0.3755   0.0029   0.0000   0.0140   0.0798    0.213
    67   0.4017  -1.5267   0.0000   0.2821   0.0211   0.1046   0.0157   0.3707   0.3707   0.0031   0.0000   0.0141   0.0785    0.212
    68   0.4034  -1.6218   0.0000   0.2760   0.0319   0.1013   0.0161   0.3670   0.3670   0.0031   0.0000   0.0145   0.0772    0.210
    69   0.4064  -1.7407   0.0000   0.2654   0.0323   0.0961   0.0164   0.3621   0.3621   0.0030   0.0000   0.0152   0.0753    0.208
    70   0.4095  -1.8476   0.0000   0.2533   0.0232   0.0900   0.0163   0.3553   0.3553   0.0030   0.0000   0.0158   0.0729    0.205
    71   0.4125  -1.9394   0.0000   0.2397   0.0219   0.0833   0.0155   0.3477   0.3477   0.0028   0.0000   0.0163   0.0706    0.203
    72   0.4161  -2.0215   0.0000   0.2255   0.0163   0.0763   0.0145   0.3386   0.3386   0.0025   0.0000   0.0166   0.0679    0.201
    73   0.4201  -2.0922   0.0000   0.2109   0.0145   0.0691   0.0132   0.3278   0.3278   0.0021   0.0000   0.0169   0.0649    0.198
    74   0.4256  -2.1823   0.0000   0.1881   0.0207   0.0603   0.0117   0.3205   0.3205   0.0019   0.0000   0.0176   0.0624    0.195
    75   0.4331  -2.2799   0.0000   0.1570   0.0133   0.0493   0.0105   0.3139   0.3139   0.0016   0.0000   0.0190   0.0592    0.190
    76   0.4393  -2.3401   0.0000   0.1327   0.0049   0.0405   0.0096   0.3049   0.3049   0.0013   0.0000   0.0200   0.0558    0.184
    77   0.4433  -2.3732   0.0000   0.1167   0.0034   0.0335   0.0096   0.2869   0.2869   0.0012   0.0000   0.0199   0.0514    0.180
    78   0.4499  -2.4149   0.0000   0.0897   0.0046   0.0253   0.0082   0.2819   0.2819   0.0009   0.0000   0.0210   0.0487    0.176
    79   0.4623  -2.4550   0.0000   0.0412   0.0012   0.0135  -0.0066   0.3276   0.3275  -0.0026   0.0000   0.0270   0.0493    0.167
    80   0.4718  -2.4745   0.0000   0.0046   0.0000   0.0029  -0.0726   0.6324   0.6321  -0.0310   0.0000   0.0496   0.0972    0.171

  Surface # 5     hstab_panel_0                           
     # Chordwise = 12   # Spanwise = 20     First strip = 81
     Surface area Ssurf =    0.043750     Ave. chord Cave =    0.125000

 Forces referred to Sref, Cref, Bref about Xref, Yref, Zref
 Standard axis orientation,  X fwd, Z down         
     CLsurf  =   0.00267     Clsurf  =  -0.00036
     CYsurf  =  -0.00001     Cmsurf  =  -0.01394
     CDsurf  =   0.00005     Cnsurf  =  -0.00000
     CDisurf =   0.00005     CDvsurf =   0.00000

 Forces referred to Ssurf, Cave 
     CLsurf  =   0.07840     CDsurf  =   0.00161

 Strip Forces referred to Strip Area, Chord
    j     Xle      Yle      Zle      Chord    Area     c_cl     ai     cl_norm    cl       cd       cdv    cm_c/4     cm_LE   C.P.x/c
    81   1.8000   0.5005   0.0000   0.1499   0.0003   0.0060  -0.2379   0.0399   0.0399   0.0018   0.0000  -0.0019  -0.0118    0.297
    82   1.8002   0.5048   0.0000   0.1493   0.0010   0.0073  -0.0302   0.0488   0.0488   0.0012   0.0000  -0.0037  -0.0159    0.326
    83   1.8005   0.5133   0.0000   0.1481   0.0016   0.0087   0.0057   0.0585   0.0585   0.0014   0.0000  -0.0055  -0.0202    0.345
    84   1.8009   0.5258   0.0000   0.1463   0.0021   0.0099   0.0220   0.0678   0.0678   0.0015   0.0000  -0.0072  -0.0241    0.356
    85   1.8014   0.5419   0.0000   0.1440   0.0026   0.0109   0.0200   0.0757   0.0757   0.0016   0.0000  -0.0085  -0.0274    0.362
    86   1.8021   0.5613   0.0000   0.1412   0.0029   0.0115   0.0228   0.0817   0.0817   0.0017   0.0000  -0.0094  -0.0298    0.365
    87   1.8029   0.5836   0.0000   0.1381   0.0032   0.0119   0.0234   0.0861   0.0861   0.0018   0.0000  -0.0101  -0.0316    0.367
    88   1.8037   0.6080   0.0000   0.1346   0.0034   0.0120   0.0239   0.0890   0.0890   0.0018   0.0000  -0.0106  -0.0328    0.369
    89   1.8046   0.6341   0.0000   0.1308   0.0035   0.0119   0.0145   0.0907   0.0907   0.0018   0.0000  -0.0109  -0.0335    0.370
    90   1.8055   0.6613   0.0000   0.1270   0.0035   0.0116   0.0211   0.0911   0.0911   0.0018   0.0000  -0.0111  -0.0338    0.372
    91   1.8065   0.6887   0.0000   0.1230   0.0034   0.0111   0.0219   0.0903   0.0903   0.0018   0.0000  -0.0112  -0.0337    0.373
    92   1.8074   0.7159   0.0000   0.1192   0.0032   0.0105   0.0243   0.0884   0.0884   0.0017   0.0000  -0.0111  -0.0332    0.376
    93   1.8083   0.7420   0.0000   0.1154   0.0029   0.0098   0.0190   0.0852   0.0852   0.0017   0.0000  -0.0109  -0.0322    0.378
    94   1.8091   0.7664   0.0000   0.1119   0.0026   0.0090   0.0218   0.0806   0.0806   0.0016   0.0000  -0.0106  -0.0307    0.381
    95   1.8099   0.7887   0.0000   0.1088   0.0023   0.0081   0.0237   0.0742   0.0742   0.0015   0.0000  -0.0100  -0.0286    0.385
    96   1.8106   0.8081   0.0000   0.1060   0.0019   0.0070   0.0268   0.0659   0.0659   0.0014   0.0000  -0.0091  -0.0256    0.388
    97   1.8111   0.8242   0.0000   0.1037   0.0015   0.0057   0.1234   0.0554   0.0554   0.0012   0.0000  -0.0078  -0.0216    0.391
    98   1.8115   0.8367   0.0000   0.1019   0.0011   0.0043   0.0244   0.0423   0.0423   0.0010   0.0000  -0.0060  -0.0166    0.393
    99   1.8118   0.8452   0.0000   0.1007   0.0006   0.0027   0.0280   0.0267   0.0267   0.0006   0.0000  -0.0038  -0.0105    0.393
   100   1.8120   0.8495   0.0000   0.1001   0.0002   0.0009   0.0298   0.0092   0.0092   0.0002   0.0000  -0.0013  -0.0036    0.391

  Surface # 6     hstab_panel_0 (YDUP)                    
     # Chordwise = 12   # Spanwise = 20     First strip =101
     Surface area Ssurf =    0.043750     Ave. chord Cave =    0.125000

 Forces referred to Sref, Cref, Bref about Xref, Yref, Zref
 Standard axis orientation,  X fwd, Z down         
     CLsurf  =   0.00249     Clsurf  =   0.00034
     CYsurf  =   0.00000     Cmsurf  =  -0.01302
     CDsurf  =   0.00005     Cnsurf  =   0.00000
     CDisurf =   0.00005     CDvsurf =   0.00000

 Forces referred to Ssurf, Cave 
     CLsurf  =   0.07322     CDsurf  =   0.00152

 Strip Forces referred to Strip Area, Chord
    j     Xle      Yle      Zle      Chord    Area     c_cl     ai     cl_norm    cl       cd       cdv    cm_c/4     cm_LE   C.P.x/c
   101   1.8000  -0.5005   0.0000   0.1499   0.0003   0.0012  -0.1327   0.0077   0.0077   0.0002   0.0000  -0.0009   0.0028    0.365
   102   1.8002  -0.5048   0.0000   0.1493   0.0010   0.0034  -0.0184   0.0230   0.0230   0.0006   0.0000  -0.0027   0.0085    0.367
   103   1.8005  -0.5133   0.0000   0.1481   0.0016   0.0056   0.0063   0.0378   0.0378   0.0009   0.0000  -0.0045   0.0140    0.370
   104   1.8009  -0.5258   0.0000   0.1463   0.0021   0.0076   0.0208   0.0516   0.0516   0.0012   0.0000  -0.0062   0.0192    0.371
   105   1.8014  -0.5419   0.0000   0.1440   0.0026   0.0092   0.0195   0.0636   0.0636   0.0014   0.0000  -0.0077   0.0236    0.371
   106   1.8021  -0.5613   0.0000   0.1412   0.0029   0.0103   0.0229   0.0730   0.0730   0.0016   0.0000  -0.0088   0.0270    0.370
   107   1.8029  -0.5836   0.0000   0.1381   0.0032   0.0110   0.0237   0.0799   0.0799   0.0017   0.0000  -0.0096   0.0296    0.370
   108   1.8037  -0.6080   0.0000   0.1346   0.0034   0.0114   0.0242   0.0846   0.0846   0.0017   0.0000  -0.0102   0.0313    0.371
   109   1.8046  -0.6341   0.0000   0.1308   0.0035   0.0115   0.0148   0.0875   0.0875   0.0018   0.0000  -0.0106   0.0325    0.371
   110   1.8055  -0.6613   0.0000   0.1270   0.0035   0.0113   0.0213   0.0889   0.0889   0.0018   0.0000  -0.0109   0.0331    0.373
   111   1.8065  -0.6887   0.0000   0.1230   0.0034   0.0109   0.0221   0.0887   0.0887   0.0018   0.0000  -0.0110   0.0332    0.374
   112   1.8074  -0.7159   0.0000   0.1192   0.0032   0.0104   0.0244   0.0873   0.0873   0.0017   0.0000  -0.0110   0.0328    0.376
   113   1.8083  -0.7420   0.0000   0.1154   0.0029   0.0097   0.0191   0.0844   0.0844   0.0017   0.0000  -0.0109   0.0320    0.379
   114   1.8091  -0.7664   0.0000   0.1119   0.0026   0.0090   0.0219   0.0800   0.0800   0.0016   0.0000  -0.0105   0.0305    0.382
   115   1.8099  -0.7887   0.0000   0.1088   0.0023   0.0080   0.0238   0.0738   0.0738   0.0015   0.0000  -0.0100   0.0284    0.385
   116   1.8106  -0.8081   0.0000   0.1060   0.0019   0.0070   0.0269   0.0656   0.0656   0.0014   0.0000  -0.0091   0.0255    0.389
   117   1.8111  -0.8242   0.0000   0.1037   0.0015   0.0057   0.1234   0.0551   0.0551   0.0012   0.0000  -0.0078   0.0216    0.391
   118   1.8115  -0.8367   0.0000   0.1019   0.0011   0.0043   0.0244   0.0421   0.0421   0.0010   0.0000  -0.0060   0.0166    0.393
   119   1.8118  -0.8452   0.0000   0.1007   0.0006   0.0027   0.0280   0.0266   0.0266   0.0006   0.0000  -0.0038   0.0104    0.393
   120   1.8120  -0.8495   0.0000   0.1001   0.0002   0.0009   0.0298   0.0091   0.0091   0.0002   0.0000  -0.0013   0.0036    0.391

  Surface # 7     fin_panel_0                             
     # Chordwise = 12   # Spanwise = 20     First strip =121
     Surface area Ssurf =    0.050000     Ave. chord Cave =    0.125000

 Forces referred to Sref, Cref, Bref about Xref, Yref, Zref
 Standard axis orientation,  X fwd, Z down         
     CLsurf  =  -0.00000     Clsurf  =  -0.00001
     CYsurf  =  -0.00014     Cmsurf  =   0.00000
     CDsurf  =  -0.00000     Cnsurf  =   0.00004
     CDisurf =  -0.00000     CDvsurf =   0.00000

 Forces referred to Ssurf, Cave 
     CLsurf  =  -0.00373     CDsurf  =  -0.00002

 Strip Forces referred to Strip Area, Chord
    j     Xle      Yle      Zle      Chord    Area     c_cl     ai     cl_norm    cl       cd       cdv    cm_c/4     cm_LE   C.P.x/c
   121   1.8000   0.5000   0.3994   0.1499   0.0004  -0.0002  -0.0023  -0.0010  -0.0010  -0.0000   0.0000   0.0005   0.0008    0.728
   122   1.8002   0.5000   0.3945   0.1493   0.0011  -0.0005  -0.0021  -0.0030  -0.0030   0.0000   0.0000   0.0014   0.0022    0.722
   123   1.8005   0.5000   0.3848   0.1481   0.0018  -0.0007  -0.0018  -0.0048  -0.0048  -0.0000   0.0000   0.0022   0.0034    0.711
   124   1.8009   0.5000   0.3705   0.1463   0.0024  -0.0009  -0.0014  -0.0063  -0.0063  -0.0000   0.0000   0.0028   0.0044    0.695
   125   1.8014   0.5000   0.3521   0.1440   0.0029  -0.0011  -0.0010  -0.0075  -0.0075  -0.0000   0.0000   0.0032   0.0051    0.676
   126   1.8021   0.5000   0.3299   0.1412   0.0034  -0.0012  -0.0008  -0.0084  -0.0084  -0.0000   0.0000   0.0034   0.0055    0.657
   127   1.8029   0.5000   0.3045   0.1381   0.0037  -0.0013  -0.0006  -0.0092  -0.0092  -0.0000   0.0000   0.0036   0.0059    0.639
   128   1.8037   0.5000   0.2765   0.1346   0.0039  -0.0013  -0.0006  -0.0097  -0.0097  -0.0000   0.0000   0.0036   0.0061    0.626
   129   1.8046   0.5000   0.2467   0.1308   0.0040  -0.0013  -0.0007  -0.0100  -0.0100  -0.0000   0.0000   0.0037   0.0061    0.617
   130   1.8055   0.5000   0.2157   0.1270   0.0040  -0.0013  -0.0008  -0.0100  -0.0100   0.0000   0.0000   0.0036   0.0061    0.615
   131   1.8065   0.5000   0.1843   0.1230   0.0038  -0.0012  -0.0011  -0.0095  -0.0095   0.0000   0.0000   0.0036   0.0060    0.624
   132   1.8074   0.5000   0.1533   0.1192   0.0036  -0.0010  -0.0014  -0.0085  -0.0085   0.0000   0.0000   0.0034   0.0056    0.653
   133   1.8083   0.5000   0.1235   0.1154   0.0033  -0.0008  -0.0018  -0.0067  -0.0066   0.0000   0.0000   0.0032   0.0049    0.734
   134   1.8091   0.5000   0.0955   0.1119   0.0030  -0.0004  -0.0022  -0.0035  -0.0035   0.0000   0.0000   0.0029   0.0037    1.073
   135   1.8099   0.5000   0.0701   0.1088   0.0026   0.0002  -0.0022   0.0016   0.0016   0.0000   0.0000   0.0023   0.0019  999.000
   136   1.8106   0.5000   0.0479   0.1060   0.0022   0.0010  -0.0010   0.0093   0.0093  -0.0000   0.0000   0.0014  -0.0009    0.095
   137   1.8111   0.5000   0.0295   0.1037   0.0017   0.0021   0.0032   0.0198   0.0198  -0.0001   0.0000   0.0003  -0.0046    0.233
   138   1.8115   0.5000   0.0152   0.1019   0.0012   0.0033   0.0135   0.0324   0.0324  -0.0002   0.0000  -0.0009  -0.0089    0.277
   139   1.8118   0.5000   0.0055   0.1007   0.0007   0.0044   0.0361   0.0442   0.0442  -0.0004   0.0000  -0.0019  -0.0129    0.292
   140   1.8120   0.5000   0.0006   0.1001   0.0002   0.0053   0.1247   0.0526   0.0525  -0.0020   0.0000  -0.0024  -0.0155    0.297

  Surface # 8     hstab_panel_0                           
     # Chordwise = 12   # Spanwise = 20     First strip =141
     Surface area Ssurf =    0.043750     Ave. chord Cave =    0.125000

 Forces referred to Sref, Cref, Bref about Xref, Yref, Zref
 Standard axis orientation,  X fwd, Z down         
     CLsurf  =   0.00281     Clsurf  =   0.00019
     CYsurf  =  -0.00001     Cmsurf  =  -0.01466
     CDsurf  =   0.00006     Cnsurf  =   0.00000
     CDisurf =   0.00006     CDvsurf =   0.00000

 Forces referred to Ssurf, Cave 
     CLsurf  =   0.08246     CDsurf  =   0.00164

 Strip Forces referred to Strip Area, Chord
    j     Xle      Yle      Zle      Chord    Area     c_cl     ai     cl_norm    cl       cd       cdv    cm_c/4     cm_LE   C.P.x/c
   141   1.8000  -0.4995   0.0000   0.1499   0.0003   0.0065  -0.2307   0.0433   0.0433   0.0020   0.0000  -0.0021  -0.0129    0.298
   142   1.8002  -0.4952   0.0000   0.1493   0.0010   0.0078  -0.0288   0.0522   0.0522   0.0013   0.0000  -0.0039  -0.0169    0.325
   143   1.8005  -0.4867   0.0000   0.1481   0.0016   0.0092   0.0052   0.0618   0.0618   0.0014   0.0000  -0.0058  -0.0212    0.343
   144   1.8009  -0.4742   0.0000   0.1463   0.0021   0.0104   0.0174   0.0711   0.0711   0.0016   0.0000  -0.0074  -0.0252    0.354
   145   1.8014  -0.4581   0.0000   0.1440   0.0026   0.0114   0.0213   0.0790   0.0790   0.0017   0.0000  -0.0087  -0.0284    0.360
   146   1.8021  -0.4387   0.0000   0.1412   0.0029   0.0120   0.0172   0.0852   0.0852   0.0017   0.0000  -0.0096  -0.0309    0.363
   147   1.8029  -0.4164   0.0000   0.1381   0.0032   0.0124   0.0234   0.0897   0.0897   0.0018   0.0000  -0.0103  -0.0327    0.365
   148   1.8037  -0.3920   0.0000   0.1346   0.0034   0.0125   0.0220   0.0928   0.0928   0.0018   0.0000  -0.0107  -0.0339    0.366
   149   1.8046  -0.3659   0.0000   0.1308   0.0035   0.0124   0.0208   0.0946   0.0946   0.0018   0.0000  -0.0110  -0.0347    0.367
   150   1.8055  -0.3387   0.0000   0.1270   0.0035   0.0121   0.0233   0.0953   0.0953   0.0018   0.0000  -0.0112  -0.0350    0.368
   151   1.8065  -0.3113   0.0000   0.1230   0.0034   0.0117   0.0206   0.0949   0.0949   0.0018   0.0000  -0.0113  -0.0350    0.369
   152   1.8074  -0.2841   0.0000   0.1192   0.0032   0.0111   0.0201   0.0932   0.0932   0.0017   0.0000  -0.0112  -0.0345    0.371
   153   1.8083  -0.2580   0.0000   0.1154   0.0029   0.0104   0.0259   0.0902   0.0902   0.0017   0.0000  -0.0111  -0.0336    0.373
   154   1.8091  -0.2336   0.0000   0.1119   0.0026   0.0096   0.0212   0.0856   0.0856   0.0016   0.0000  -0.0107  -0.0321    0.375
   155   1.8099  -0.2113   0.0000   0.1088   0.0023   0.0086   0.0217   0.0792   0.0792   0.0015   0.0000  -0.0101  -0.0298    0.377
   156   1.8106  -0.1919   0.0000   0.1060   0.0019   0.0075   0.0224   0.0706   0.0706   0.0014   0.0000  -0.0091  -0.0267    0.379
   157   1.8111  -0.1758   0.0000   0.1037   0.0015   0.0062   0.0253   0.0594   0.0594   0.0012   0.0000  -0.0078  -0.0226    0.381
   158   1.8115  -0.1633   0.0000   0.1019   0.0011   0.0046   0.0269   0.0454   0.0454   0.0010   0.0000  -0.0060  -0.0173    0.381
   159   1.8118  -0.1548   0.0000   0.1007   0.0006   0.0029   0.0286   0.0287   0.0287   0.0007   0.0000  -0.0037  -0.0109    0.380
   160   1.8120  -0.1505   0.0000   0.1001   0.0002   0.0010   0.0299   0.0098   0.0098   0.0002   0.0000  -0.0013  -0.0037    0.377

  Surface # 9     hstab_panel_0 (YDUP)                    
     # Chordwise = 12   # Spanwise = 20     First strip =161
     Surface area Ssurf =    0.043750     Ave. chord Cave =    0.125000

 Forces referred to Sref, Cref, Bref about Xref, Yref, Zref
 Standard axis orientation,  X fwd, Z down         
     CLsurf  =   0.00261     Clsurf  =  -0.00017
     CYsurf  =   0.00000     Cmsurf  =  -0.01362
     CDsurf  =   0.00005     Cnsurf  =  -0.00000
     CDisurf =   0.00005     CDvsurf =   0.00000

 Forces referred to Ssurf, Cave 
     CLsurf  =   0.07662     CDsurf  =   0.00154

 Strip Forces referred to Strip Area, Chord
    j     Xle      Yle      Zle      Chord    Area     c_cl     ai     cl_norm    cl       cd       cdv    cm_c/4     cm_LE   C.P.x/c
   161   1.8000   0.4995   0.0000   0.1499   0.0003   0.0012  -0.1334   0.0079   0.0079   0.0002   0.0000  -0.0009   0.0029    0.364
   162   1.8002   0.4952   0.0000   0.1493   0.0010   0.0035  -0.0193   0.0237   0.0237   0.0006   0.0000  -0.0027   0.0087    0.366
   163   1.8005   0.4867   0.0000   0.1481   0.0016   0.0058   0.0050   0.0390   0.0390   0.0010   0.0000  -0.0046   0.0144    0.369
   164   1.8009   0.4742   0.0000   0.1463   0.0021   0.0078   0.0161   0.0533   0.0533   0.0012   0.0000  -0.0063   0.0197    0.369
   165   1.8014   0.4581   0.0000   0.1440   0.0026   0.0095   0.0208   0.0656   0.0656   0.0015   0.0000  -0.0078   0.0242    0.369
   166   1.8021   0.4387   0.0000   0.1412   0.0029   0.0106   0.0174   0.0754   0.0754   0.0016   0.0000  -0.0089   0.0277    0.368
   167   1.8029   0.4164   0.0000   0.1381   0.0032   0.0114   0.0238   0.0826   0.0826   0.0017   0.0000  -0.0097   0.0304    0.368
   168   1.8037   0.3920   0.0000   0.1346   0.0034   0.0118   0.0225   0.0877   0.0877   0.0018   0.0000  -0.0103   0.0322    0.368
   169   1.8046   0.3659   0.0000   0.1308   0.0035   0.0119   0.0212   0.0910   0.0910   0.0018   0.0000  -0.0107   0.0335    0.368
   170   1.8055   0.3387   0.0000   0.1270   0.0035   0.0118   0.0236   0.0927   0.0927   0.0018   0.0000  -0.0110   0.0342    0.369
   171   1.8065   0.3113   0.0000   0.1230   0.0034   0.0114   0.0209   0.0930   0.0930   0.0018   0.0000  -0.0111   0.0344    0.370
   172   1.8074   0.2841   0.0000   0.1192   0.0032   0.0109   0.0203   0.0918   0.0918   0.0017   0.0000  -0.0111   0.0341    0.371
   173   1.8083   0.2580   0.0000   0.1154   0.0029   0.0103   0.0261   0.0891   0.0891   0.0017   0.0000  -0.0110   0.0332    0.373
   174   1.8091   0.2336   0.0000   0.1119   0.0026   0.0095   0.0213   0.0848   0.0848   0.0016   0.0000  -0.0106   0.0318    0.375
   175   1.8099   0.2113   0.0000   0.1088   0.0023   0.0086   0.0218   0.0786   0.0786   0.0015   0.0000  -0.0100   0.0296    0.377
   176   1.8106   0.1919   0.0000   0.1060   0.0019   0.0074   0.0224   0.0701   0.0701   0.0014   0.0000  -0.0091   0.0266    0.380
   177   1.8111   0.1758   0.0000   0.1037   0.0015   0.0061   0.0254   0.0591   0.0591   0.0012   0.0000  -0.0077   0.0225    0.381
   178   1.8115   0.1633   0.0000   0.1019   0.0011   0.0046   0.0269   0.0452   0.0452   0.0010   0.0000  -0.0059   0.0172    0.382
   179   1.8118   0.1548   0.0000   0.1007   0.0006   0.0029   0.0287   0.0285   0.0285   0.0007   0.0000  -0.0037   0.0108    0.380
   180   1.8120   0.1505   0.0000   0.1001   0.0002   0.0010   0.0299   0.0098   0.0098   0.0002   0.0000  -0.0013   0.0037    0.378

  Surface #10     fin_panel_0                             
     # Chordwise = 12   # Spanwise = 20     First strip =181
     Surface area Ssurf =    0.050000     Ave. chord Cave =    0.125000

 Forces referred to Sref, Cref, Bref about Xref, Yref, Zref
 Standard axis orientation,  X fwd, Z down         
     CLsurf  =  -0.00000     Clsurf  =   0.00000
     CYsurf  =   0.00017     Cmsurf  =   0.00000
     CDsurf  =  -0.00000     Cnsurf  =  -0.00004
     CDisurf =  -0.00000     CDvsurf =   0.00000

 Forces referred to Ssurf, Cave 
     CLsurf  =   0.00433     CDsurf  =  -0.00003

 Strip Forces referred to Strip Area, Chord
    j     Xle      Yle      Zle      Chord    Area     c_cl     ai     cl_norm    cl       cd       cdv    cm_c/4     cm_LE   C.P.x/c
   181   1.8000  -0.5000   0.3994   0.1499   0.0004  -0.0000  -0.0032  -0.0002  -0.0002   0.0000   0.0000   0.0006   0.0006  999.000
   182   1.8002  -0.5000   0.3945   0.1493   0.0011  -0.0001  -0.0031  -0.0004  -0.0004   0.0000   0.0000   0.0016   0.0017  999.000
   183   1.8005  -0.5000   0.3848   0.1481   0.0018  -0.0001  -0.0028  -0.0006  -0.0006   0.0000   0.0000   0.0024   0.0026  999.000
   184   1.8009  -0.5000   0.3705   0.1463   0.0024  -0.0001  -0.0025  -0.0006  -0.0006   0.0000   0.0000   0.0030   0.0031  999.000
   185   1.8014  -0.5000   0.3521   0.1440   0.0029  -0.0001  -0.0022  -0.0005  -0.0005   0.0000   0.0000   0.0033   0.0035  999.000
   186   1.8021  -0.5000   0.3299   0.1412   0.0034  -0.0001  -0.0021  -0.0004  -0.0004   0.0000   0.0000   0.0035   0.0036  999.000
   187   1.8029  -0.5000   0.3045   0.1381   0.0037  -0.0000  -0.0021  -0.0003  -0.0003   0.0000   0.0000   0.0036   0.0037  999.000
   188   1.8037  -0.5000   0.2765   0.1346   0.0039  -0.0000  -0.0022  -0.0003  -0.0003   0.0000   0.0000   0.0036   0.0037  999.000
   189   1.8046  -0.5000   0.2467   0.1308   0.0040  -0.0000  -0.0023  -0.0003  -0.0003   0.0000   0.0000   0.0035   0.0036  999.000
   190   1.8055  -0.5000   0.2157   0.1270   0.0040  -0.0000  -0.0025  -0.0002  -0.0002   0.0000   0.0000   0.0035   0.0035  999.000
   191   1.8065  -0.5000   0.1843   0.1230   0.0038   0.0000  -0.0028   0.0001   0.0001   0.0000   0.0000   0.0034   0.0034  999.000
   192   1.8074  -0.5000   0.1533   0.1192   0.0036   0.0001  -0.0032   0.0008   0.0008   0.0000   0.0000   0.0032   0.0030  999.000
   193   1.8083  -0.5000   0.1235   0.1154   0.0033   0.0003  -0.0036   0.0023   0.0023   0.0000   0.0000   0.0030   0.0024  999.000
   194   1.8091  -0.5000   0.0955   0.1119   0.0030   0.0006  -0.0040   0.0049   0.0049  -0.0000   0.0000   0.0026   0.0014   -0.277
   195   1.8099  -0.5000   0.0701   0.1088   0.0026   0.0010  -0.0041   0.0093   0.0093  -0.0000   0.0000   0.0020  -0.0003    0.037
   196   1.8106  -0.5000   0.0479   0.1060   0.0022   0.0017  -0.0031   0.0163   0.0163  -0.0000   0.0000   0.0011  -0.0029    0.181
   197   1.8111  -0.5000   0.0295   0.1037   0.0017   0.0027   0.0009   0.0261   0.0261  -0.0001   0.0000  -0.0000  -0.0065    0.251
   198   1.8115  -0.5000   0.0152   0.1019   0.0012   0.0039   0.0110   0.0381   0.0380  -0.0002   0.0000  -0.0013  -0.0107    0.283
   199   1.8118  -0.5000   0.0055   0.1007   0.0007   0.0050   0.0331   0.0495   0.0495  -0.0004   0.0000  -0.0023  -0.0146    0.296
   200   1.8120  -0.5000   0.0006   0.1001   0.0002   0.0058   0.1181   0.0576   0.0576  -0.0023   0.0000  -0.0029  -0.0172    0.300
 ---------------------------------------------------------------
