 ---------------------------------------------------------------
 Surface and Strip Forces by surface

  Sref =  1.2850       Cref = 0.25900       Bref =  4.9540    
  Xref = 0.50000       Yref =  0.0000       Zref =  0.0000    

  Surface # 1     main_wing_panel_0                       
     # Chordwise = 12   # Spanwise = 20     First strip =  1
     Surface area Ssurf =    0.365400     Ave. chord Cave =    0.290000

 Forces referred to Sref, Cref, Bref about Xref, Yref, Zref
 Standard axis orientation,  X fwd, Z down         
     CLsurf  =   0.06039     Clsurf  =  -0.00760
     CYsurf  =   0.00000     Cmsurf  =   0.00937
     CDsurf  =   0.00019     Cnsurf  =   0.00003
     CDisurf =   0.00019     CDvsurf =   0.00000

 Forces referred to Ssurf, Cave 
     CLsurf  =   0.21237     CDsurf  =   0.00066

 Strip Forces referred to Strip Area, Chord
    j     Xle      Yle      Zle      Chord    Area     c_cl     ai     cl_norm    cl       cd       cdv    cm_c/4     cm_LE   C.P.x/c
     1   0.4000   0.0019   0.0000   0.2900   0.0022   0.0627   0.0014   0.2164   0.2164   0.0006   0.0000   0.0094  -0.0447    0.207
     2   0.4000   0.0174   0.0000   0.2900   0.0067   0.0627   0.0014   0.2164   0.2164   0.0006   0.0000   0.0094  -0.0447    0.207
     3   0.4000   0.0480   0.0000   0.2900   0.0110   0.0627   0.0010   0.2164   0.2164   0.0006   0.0000   0.0094  -0.0447    0.207
     4   0.4000   0.0928   0.0000   0.2900   0.0150   0.0627  -0.0008   0.2163   0.2163   0.0006   0.0000   0.0094  -0.0447    0.207
     5   0.4000   0.1509   0.0000   0.2900   0.0186   0.0627  -0.0332   0.2162   0.2162   0.0006   0.0000   0.0094  -0.0447    0.207
     6   0.4000   0.2208   0.0000   0.2900   0.0218   0.0627  -0.0183   0.2161   0.2161   0.0006   0.0000   0.0094  -0.0447    0.207
     7   0.4000   0.3008   0.0000   0.2900   0.0244   0.0626   0.0183   0.2159   0.2159   0.0006   0.0000   0.0094  -0.0446    0.207
     8   0.4000   0.3889   0.0000   0.2900   0.0265   0.0625   0.0123   0.2155   0.2155   0.0006   0.0000   0.0093  -0.0445    0.207
     9   0.4000   0.4829   0.0000   0.2900   0.0279   0.0623  -0.0362   0.2150   0.2150   0.0006   0.0000   0.0093  -0.0444    0.207
    10   0.4000   0.5806   0.0000   0.2900   0.0286   0.0621   0.0139   0.2143   0.2143   0.0006   0.0000   0.0093  -0.0443    0.207
    11   0.4000   0.6794   0.0000   0.2900   0.0286   0.0619   0.0063   0.2134   0.2134   0.0006   0.0000   0.0093  -0.0441    0.206
    12   0.4000   0.7771   0.0000   0.2900   0.0279   0.0616   0.0576   0.2123   0.2123   0.0007   0.0000   0.0093  -0.0438    0.206
    13   0.4000   0.8711   0.0000   0.2900   0.0265   0.0612  -0.0043   0.2111   0.2111   0.0007   0.0000   0.0092  -0.0435    0.206
    14   0.4000   0.9592   0.0000   0.2900   0.0244   0.0608   0.0041   0.2096   0.2096   0.0007   0.0000   0.0092  -0.0432    0.206
    15   0.4000   1.0392   0.0000   0.2900   0.0218   0.0603   0.0056   0.2080   0.2080   0.0007   0.0000   0.0092  -0.0428    0.206
    16   0.4000   1.1091   0.0000   0.2900   0.0186   0.0598   0.0064   0.2064   0.2064   0.0008   0.0000   0.0092  -0.0424    0.206
    17   0.4000   1.1672   0.0000   0.2900   0.0150   0.0594   0.0069   0.2047   0.2047   0.0008   0.0000   0.0091  -0.0421    0.205
    18   0.4000   1.2120   0.0000   0.2900   0.0110   0.0590   0.0073   0.2033   0.2033   0.0008   0.0000   0.0091  -0.0417    0.205
    19   0.4000   1.2426   0.0000   0.2900   0.0067   0.0586   0.0076   0.2022   0.2022   0.0008   0.0000   0.0091  -0.0415    0.205
    20   0.4000   1.2581   0.0000   0.2900   0.0022   0.0585   0.0077   0.2016   0.2016   0.0009   0.0000   0.0090  -0.0413    0.205

  Surface # 2     main_wing_panel_0 (YDUP)                
     # Chordwise = 12   # Spanwise = 20     First strip = 21
     Surface area Ssurf =    0.365400     Ave. chord Cave =    0.290000

 Forces referred to Sref, Cref, Bref about Xref, Yref, Zref
 Standard axis orientation,  X fwd, Z down         
     CLsurf  =   0.06039     Clsurf  =   0.00760
     CYsurf  =   0.00000     Cmsurf  =   0.00937
     CDsurf  =   0.00019     Cnsurf  =  -0.00003
     CDisurf =   0.00019     CDvsurf =   0.00000

 Forces referred to Ssurf, Cave 
     CLsurf  =   0.21237     CDsurf  =   0.00066

 Strip Forces referred to Strip Area, Chord
    j     Xle      Yle      Zle      Chord    Area     c_cl     ai     cl_norm    cl       cd       cdv    cm_c/4     cm_LE   C.P.x/c
    21   0.4000  -0.0019   0.0000   0.2900   0.0022   0.0627   0.0014   0.2164   0.2164   0.0006   0.0000   0.0094   0.0447    0.207
    22   0.4000  -0.0174   0.0000   0.2900   0.0067   0.0627   0.0014   0.2164   0.2164   0.0006   0.0000   0.0094   0.0447    0.207
    23   0.4000  -0.0480   0.0000   0.2900   0.0110   0.0627   0.0010   0.2164   0.2164   0.0006   0.0000   0.0094   0.0447    0.207
    24   0.4000  -0.0928   0.0000   0.2900   0.0150   0.0627  -0.0008   0.2163   0.2163   0.0006   0.0000   0.0094   0.0447    0.207
    25   0.4000  -0.1509   0.0000   0.2900   0.0186   0.0627  -0.0333   0.2162   0.2162   0.0006   0.0000   0.0094   0.0447    0.207
    26   0.4000  -0.2208   0.0000   0.2900   0.0218   0.0627  -0.0186   0.2161   0.2161   0.0006   0.0000   0.0094   0.0447    0.207
    27   0.4000  -0.3008   0.0000   0.2900   0.0244   0.0626   0.0186   0.2159   0.2159   0.0006   0.0000   0.0094   0.0446    0.207
    28   0.4000  -0.3889   0.0000   0.2900   0.0265   0.0625   0.0125   0.2155   0.2155   0.0006   0.0000   0.0093   0.0445    0.207
    29   0.4000  -0.4829   0.0000   0.2900   0.0279   0.0623  -0.0261   0.2150   0.2150   0.0006   0.0000   0.0093   0.0444    0.207
    30   0.4000  -0.5806   0.0000   0.2900   0.0286   0.0621   0.0142   0.2143   0.2143   0.0006   0.0000   0.0093   0.0443    0.207
    31   0.4000  -0.6794   0.0000   0.2900   0.0286   0.0619   0.0065   0.2134   0.2134   0.0006   0.0000   0.0093   0.0441    0.206
    32   0.4000  -0.7771   0.0000   0.2900   0.0279   0.0616   0.0573   0.2123   0.2123   0.0007   0.0000   0.0093   0.0438    0.206
    33   0.4000  -0.8711   0.0000   0.2900   0.0265   0.0612  -0.0043   0.2111   0.2111   0.0007   0.0000   0.0092   0.0435    0.206
    34   0.4000  -0.9592   0.0000   0.2900   0.0244   0.0608   0.0041   0.2096   0.2096   0.0007   0.0000   0.0092   0.0432    0.206
    35   0.4000  -1.0392   0.0000   0.2900   0.0218   0.0603   0.0056   0.2080   0.2080   0.0007   0.0000   0.0092   0.0428    0.206
    36   0.4000  -1.1091   0.0000   0.2900   0.0186   0.0598   0.0064   0.2064   0.2064   0.0008   0.0000   0.0092   0.0424    0.206
    37   0.4000  -1.1672   0.0000   0.2900   0.0150   0.0594   0.0069   0.2047   0.2047   0.0008   0.0000   0.0091   0.0421    0.205
    38   0.4000  -1.2120   0.0000   0.2900   0.0110   0.0590   0.0073   0.2033   0.2033   0.0008   0.0000   0.0091   0.0417    0.205
    39   0.4000  -1.2426   0.0000   0.2900   0.0067   0.0586   0.0076   0.2022   0.2022   0.0008   0.0000   0.0091   0.0415    0.205
    40   0.4000  -1.2581   0.0000   0.2900   0.0022   0.0585   0.0077   0.2016   0.2016   0.0009   0.0000   0.0090   0.0413    0.205

  Surface # 3     main_wing_panel_1                       
     # Chordwise = 12   # Spanwise = 20     First strip = 41
     Surface area Ssurf =    0.275268     Ave. chord Cave =    0.226186

 Forces referred to Sref, Cref, Bref about Xref, Yref, Zref
 Standard axis orientation,  X fwd, Z down         
     CLsurf  =   0.03765     Clsurf  =  -0.01322
     CYsurf  =   0.00003     Cmsurf  =   0.00578
     CDsurf  =   0.00013     Cnsurf  =   0.00005
     CDisurf =   0.00013     CDvsurf =   0.00000

 Forces referred to Ssurf, Cave 
     CLsurf  =   0.17576     CDsurf  =   0.00061

 Strip Forces referred to Strip Area, Chord
    j     Xle      Yle      Zle      Chord    Area     c_cl     ai     cl_norm    cl       cd       cdv    cm_c/4     cm_LE   C.P.x/c
    41   0.4000   1.2617   0.0000   0.2899   0.0020   0.0584   0.0077   0.2015   0.2015   0.0009   0.0000   0.0090  -0.0413    0.205
    42   0.4001   1.2754   0.0000   0.2895   0.0059   0.0583   0.0077   0.2012   0.2012   0.0009   0.0000   0.0090  -0.0412    0.205
    43   0.4003   1.3025   0.0000   0.2887   0.0097   0.0579   0.0078   0.2005   0.2005   0.0008   0.0000   0.0090  -0.0411    0.205
    44   0.4005   1.3423   0.0000   0.2876   0.0132   0.0573   0.0079   0.1993   0.1993   0.0008   0.0000   0.0090  -0.0408    0.205
    45   0.4009   1.3938   0.0000   0.2861   0.0163   0.0565   0.0080   0.1974   0.1974   0.0008   0.0000   0.0090  -0.0404    0.204
    46   0.4013   1.4558   0.0000   0.2842   0.0189   0.0553   0.0082   0.1947   0.1947   0.0008   0.0000   0.0089  -0.0397    0.204
    47   0.4017   1.5267   0.0000   0.2821   0.0211   0.0538   0.0085   0.1908   0.1908   0.0009   0.0000   0.0089  -0.0388    0.204
    48   0.4034   1.6218   0.0000   0.2760   0.0319   0.0515   0.0083   0.1867   0.1867   0.0008   0.0000   0.0088  -0.0379    0.203
    49   0.4064   1.7407   0.0000   0.2654   0.0323   0.0480   0.0077   0.1808   0.1808   0.0007   0.0000   0.0087  -0.0365    0.202
    50   0.4095   1.8476   0.0000   0.2533   0.0232   0.0440   0.0068   0.1738   0.1738   0.0006   0.0000   0.0086  -0.0349    0.201
    51   0.4125   1.9394   0.0000   0.2397   0.0219   0.0400   0.0056   0.1669   0.1669   0.0005   0.0000   0.0084  -0.0333    0.200
    52   0.4161   2.0215   0.0000   0.2255   0.0163   0.0362   0.0049   0.1606   0.1606   0.0004   0.0000   0.0084  -0.0317    0.198
    53   0.4201   2.0922   0.0000   0.2109   0.0145   0.0326   0.0048   0.1546   0.1546   0.0004   0.0000   0.0085  -0.0301    0.195
    54   0.4256   2.1823   0.0000   0.1881   0.0207   0.0282   0.0043   0.1501   0.1501   0.0003   0.0000   0.0088  -0.0287    0.191
    55   0.4331   2.2799   0.0000   0.1570   0.0133   0.0228   0.0034   0.1454   0.1454   0.0002   0.0000   0.0092  -0.0271    0.187
    56   0.4393   2.3401   0.0000   0.1327   0.0049   0.0186   0.0029   0.1404   0.1404   0.0002   0.0000   0.0094  -0.0255    0.183
    57   0.4433   2.3732   0.0000   0.1167   0.0034   0.0154   0.0030   0.1318   0.1318   0.0001   0.0000   0.0092  -0.0236    0.180
    58   0.4499   2.4149   0.0000   0.0897   0.0046   0.0116   0.0025   0.1292   0.1292   0.0001   0.0000   0.0096  -0.0224    0.176
    59   0.4623   2.4550   0.0000   0.0412   0.0012   0.0062  -0.0042   0.1497   0.1496  -0.0006   0.0000   0.0123  -0.0225    0.168
    60   0.4718   2.4745   0.0000   0.0046   0.0000   0.0013  -0.0344   0.2882   0.2880  -0.0066   0.0000   0.0227  -0.0444    0.171

  Surface # 4     main_wing_panel_1 (YDUP)                
     # Chordwise = 12   # Spanwise = 20     First strip = 61
     Surface area Ssurf =    0.275268     Ave. chord Cave =    0.226186

 Forces referred to Sref, Cref, Bref about Xref, Yref, Zref
 Standard axis orientation,  X fwd, Z down         
     CLsurf  =   0.03765     Clsurf  =   0.01322
     CYsurf  =  -0.00003     Cmsurf  =   0.00578
     CDsurf  =   0.00013     Cnsurf  =  -0.00005
     CDisurf =   0.00013     CDvsurf =   0.00000

 Forces referred to Ssurf, Cave 
     CLsurf  =   0.17576     CDsurf  =   0.00061

 Strip Forces referred to Strip Area, Chord
    j     Xle      Yle      Zle      Chord    Area     c_cl     ai     cl_norm    cl       cd       cdv    cm_c/4     cm_LE   C.P.x/c
    61   0.4000  -1.2617   0.0000   0.2899   0.0020   0.0584   0.0077   0.2015   0.2015   0.0009   0.0000   0.0090   0.0413    0.205
    62   0.4001  -1.2754   0.0000   0.2895   0.0059   0.0583   0.0077   0.2012   0.2012   0.0009   0.0000   0.0090   0.0412    0.205
    63   0.4003  -1.3025   0.0000   0.2887   0.0097   0.0579   0.0078   0.2005   0.2005   0.0008   0.0000   0.0090   0.0411    0.205
    64   0.4005  -1.3423   0.0000   0.2876   0.0132   0.0573   0.0079   0.1993   0.1993   0.0008   0.0000   0.0090   0.0408    0.205
    65   0.4009  -1.3938   0.0000   0.2861   0.0163   0.0565   0.0080   0.1974   0.1974   0.0008   0.0000   0.0090   0.0404    0.204
    66   0.4013  -1.4558   0.0000   0.2842   0.0189   0.0553   0.0082   0.1947   0.1947   0.0008   0.0000   0.0089   0.0397    0.204
    67   0.4017  -1.5267   0.0000   0.2821   0.0211   0.0538   0.0085   0.1908   0.1908   0.0009   0.0000   0.0089   0.0388    0.204
    68   0.4034  -1.6218   0.0000   0.2760   0.0319   0.0515   0.0083   0.1867   0.1867   0.0008   0.0000   0.0088   0.0379    0.203
    69   0.4064  -1.7407   0.0000   0.2654   0.0323   0.0480   0.0077   0.1808   0.1808   0.0007   0.0000   0.0087   0.0365    0.202
    70   0.4095  -1.8476   0.0000   0.2533   0.0232   0.0440   0.0068   0.1738   0.1738   0.0006   0.0000   0.0086   0.0349    0.201
    71   0.4125  -1.9394   0.0000   0.2397   0.0219   0.0400   0.0056   0.1669   0.1669   0.0005   0.0000   0.0084   0.0333    0.200
    72   0.4161  -2.0215   0.0000   0.2255   0.0163   0.0362   0.0049   0.1606   0.1606   0.0004   0.0000   0.0084   0.0317    0.198
    73   0.4201  -2.0922   0.0000   0.2109   0.0145   0.0326   0.0048   0.1546   0.1546   0.0004   0.0000   0.0085   0.0301    0.195
    74   0.4256  -2.1823   0.0000   0.1881   0.0207   0.0282   0.0043   0.1501   0.1501   0.0003   0.0000   0.0088   0.0287    0.191
    75   0.4331  -2.2799   0.0000   0.1570   0.0133   0.0228   0.0034   0.1454   0.1454   0.0002   0.0000   0.0092   0.0271    0.187
    76   0.4393  -2.3401   0.0000   0.1327   0.0049   0.0186   0.0029   0.1404   0.1404   0.0002   0.0000   0.0094   0.0255    0.183
    77   0.4433  -2.3732   0.0000   0.1167   0.0034   0.0154   0.0030   0.1318   0.1318   0.0001   0.0000   0.0092   0.0236    0.180
    78   0.4499  -2.4149   0.0000   0.0897   0.0046   0.0116   0.0025   0.1292   0.1292   0.0001   0.0000   0.0096   0.0224    0.176
    79   0.4623  -2.4550   0.0000   0.0412   0.0012   0.0062  -0.0042   0.1497   0.1496  -0.0006   0.0000   0.0123   0.0225    0.168
    80   0.4718  -2.4745   0.0000   0.0046   0.0000   0.0013  -0.0344   0.2882   0.2880  -0.0066   0.0000   0.0227   0.0444    0.171

  Surface # 5     hstab_panel_0                           
     # Chordwise = 12   # Spanwise = 20     First strip = 81
     Surface area Ssurf =    0.043750     Ave. chord Cave =    0.125000

 Forces referred to Sref, Cref, Bref about Xref, Yref, Zref
 Standard axis orientation,  X fwd, Z down         
     CLsurf  =   0.00139     Clsurf  =  -0.00019
     CYsurf  =   0.00000     Cmsurf  =  -0.00748
     CDsurf  =   0.00002     Cnsurf  =   0.00000
     CDisurf =   0.00002     CDvsurf =   0.00000

 Forces referred to Ssurf, Cave 
     CLsurf  =   0.04091     CDsurf  =   0.00046

 Strip Forces referred to Strip Area, Chord
    j     Xle      Yle      Zle      Chord    Area     c_cl     ai     cl_norm    cl       cd       cdv    cm_c/4     cm_LE   C.P.x/c
    81   1.8000   0.5005   0.0000   0.1499   0.0003   0.0021  -0.1530   0.0140   0.0140   0.0002   0.0000  -0.0046  -0.0081    0.580
    82   1.8002   0.5048   0.0000   0.1493   0.0010   0.0032  -0.0162   0.0217   0.0217   0.0003   0.0000  -0.0083  -0.0137    0.632
    83   1.8005   0.5133   0.0000   0.1481   0.0016   0.0043   0.0061   0.0293   0.0293   0.0004   0.0000  -0.0117  -0.0190    0.650
    84   1.8009   0.5258   0.0000   0.1463   0.0021   0.0052   0.0151   0.0358   0.0358   0.0005   0.0000  -0.0145  -0.0234    0.654
    85   1.8014   0.5419   0.0000   0.1440   0.0026   0.0059   0.0127   0.0408   0.0408   0.0005   0.0000  -0.0164  -0.0266    0.651
    86   1.8021   0.5613   0.0000   0.1412   0.0029   0.0062   0.0137   0.0442   0.0442   0.0005   0.0000  -0.0176  -0.0286    0.647
    87   1.8029   0.5836   0.0000   0.1381   0.0032   0.0064   0.0135   0.0464   0.0464   0.0005   0.0000  -0.0183  -0.0299    0.644
    88   1.8037   0.6080   0.0000   0.1346   0.0034   0.0064   0.0134   0.0475   0.0475   0.0005   0.0000  -0.0187  -0.0306    0.643
    89   1.8046   0.6341   0.0000   0.1308   0.0035   0.0063   0.0072   0.0479   0.0479   0.0005   0.0000  -0.0189  -0.0309    0.645
    90   1.8055   0.6613   0.0000   0.1270   0.0035   0.0060   0.0112   0.0476   0.0476   0.0005   0.0000  -0.0191  -0.0309    0.650
    91   1.8065   0.6887   0.0000   0.1230   0.0034   0.0057   0.0115   0.0467   0.0467   0.0005   0.0000  -0.0191  -0.0307    0.659
    92   1.8074   0.7159   0.0000   0.1192   0.0032   0.0054   0.0129   0.0452   0.0452   0.0005   0.0000  -0.0190  -0.0303    0.671
    93   1.8083   0.7420   0.0000   0.1154   0.0029   0.0050   0.0093   0.0433   0.0433   0.0005   0.0000  -0.0189  -0.0297    0.687
    94   1.8091   0.7664   0.0000   0.1119   0.0026   0.0046   0.0110   0.0408   0.0408   0.0004   0.0000  -0.0186  -0.0288    0.707
    95   1.8099   0.7887   0.0000   0.1088   0.0023   0.0041   0.0122   0.0377   0.0377   0.0004   0.0000  -0.0181  -0.0276    0.731
    96   1.8106   0.8081   0.0000   0.1060   0.0019   0.0036   0.0144   0.0340   0.0340   0.0004   0.0000  -0.0172  -0.0257    0.758
    97   1.8111   0.8242   0.0000   0.1037   0.0015   0.0030   0.0770   0.0292   0.0292   0.0003   0.0000  -0.0156  -0.0229    0.786
    98   1.8115   0.8367   0.0000   0.1019   0.0011   0.0023   0.0144   0.0229   0.0229   0.0003   0.0000  -0.0129  -0.0186    0.810
    99   1.8118   0.8452   0.0000   0.1007   0.0006   0.0015   0.0179   0.0149   0.0149   0.0002   0.0000  -0.0086  -0.0123    0.828
   100   1.8120   0.8495   0.0000   0.1001   0.0002   0.0005   0.0198   0.0052   0.0052   0.0001   0.0000  -0.0030  -0.0043    0.837

  Surface # 6     hstab_panel_0 (YDUP)                    
     # Chordwise = 12   # Spanwise = 20     First strip =101
     Surface area Ssurf =    0.043750     Ave. chord Cave =    0.125000

 Forces referred to Sref, Cref, Bref about Xref, Yref, Zref
 Standard axis orientation,  X fwd, Z down         
     CLsurf  =   0.00136     Clsurf  =   0.00018
     CYsurf  =  -0.00000     Cmsurf  =  -0.00729
     CDsurf  =   0.00002     Cnsurf  =  -0.00000
     CDisurf =   0.00002     CDvsurf =   0.00000

 Forces referred to Ssurf, Cave 
     CLsurf  =   0.03989     CDsurf  =   0.00046

 Strip Forces referred to Strip Area, Chord
    j     Xle      Yle      Zle      Chord    Area     c_cl     ai     cl_norm    cl       cd       cdv    cm_c/4     cm_LE   C.P.x/c
   101   1.8000  -0.5005   0.0000   0.1499   0.0003   0.0008  -0.1153   0.0052   0.0052   0.0001   0.0000  -0.0023   0.0035    0.688
   102   1.8002  -0.5048   0.0000   0.1493   0.0010   0.0023  -0.0121   0.0152   0.0152   0.0002   0.0000  -0.0066   0.0104    0.686
   103   1.8005  -0.5133   0.0000   0.1481   0.0016   0.0036   0.0063   0.0245   0.0245   0.0004   0.0000  -0.0106   0.0167    0.681
   104   1.8009  -0.5258   0.0000   0.1463   0.0021   0.0047   0.0149   0.0325   0.0325   0.0004   0.0000  -0.0137   0.0218    0.674
   105   1.8014  -0.5419   0.0000   0.1440   0.0026   0.0055   0.0126   0.0385   0.0385   0.0005   0.0000  -0.0160   0.0256    0.664
   106   1.8021  -0.5613   0.0000   0.1412   0.0029   0.0060   0.0137   0.0427   0.0427   0.0005   0.0000  -0.0173   0.0280    0.656
   107   1.8029  -0.5836   0.0000   0.1381   0.0032   0.0063   0.0135   0.0454   0.0454   0.0005   0.0000  -0.0182   0.0295    0.650
   108   1.8037  -0.6080   0.0000   0.1346   0.0034   0.0063   0.0134   0.0469   0.0469   0.0005   0.0000  -0.0186   0.0303    0.648
   109   1.8046  -0.6341   0.0000   0.1308   0.0035   0.0062   0.0072   0.0474   0.0474   0.0005   0.0000  -0.0189   0.0307    0.648
   110   1.8055  -0.6613   0.0000   0.1270   0.0035   0.0060   0.0112   0.0473   0.0473   0.0005   0.0000  -0.0190   0.0308    0.653
   111   1.8065  -0.6887   0.0000   0.1230   0.0034   0.0057   0.0115   0.0464   0.0464   0.0005   0.0000  -0.0191   0.0307    0.661
   112   1.8074  -0.7159   0.0000   0.1192   0.0032   0.0054   0.0129   0.0450   0.0450   0.0005   0.0000  -0.0190   0.0303    0.673
   113   1.8083  -0.7420   0.0000   0.1154   0.0029   0.0050   0.0093   0.0431   0.0431   0.0005   0.0000  -0.0189   0.0297    0.688
   114   1.8091  -0.7664   0.0000   0.1119   0.0026   0.0046   0.0110   0.0407   0.0407   0.0004   0.0000  -0.0186   0.0288    0.708
   115   1.8099  -0.7887   0.0000   0.1088   0.0023   0.0041   0.0122   0.0376   0.0376   0.0004   0.0000  -0.0181   0.0275    0.732
   116   1.8106  -0.8081   0.0000   0.1060   0.0019   0.0036   0.0144   0.0339   0.0339   0.0004   0.0000  -0.0172   0.0257    0.759
   117   1.8111  -0.8242   0.0000   0.1037   0.0015   0.0030   0.0770   0.0291   0.0291   0.0003   0.0000  -0.0156   0.0229    0.787
   118   1.8115  -0.8367   0.0000   0.1019   0.0011   0.0023   0.0144   0.0229   0.0229   0.0003   0.0000  -0.0129   0.0186    0.811
   119   1.8118  -0.8452   0.0000   0.1007   0.0006   0.0015   0.0179   0.0149   0.0149   0.0002   0.0000  -0.0086   0.0123    0.828
   120   1.8120  -0.8495   0.0000   0.1001   0.0002   0.0005   0.0198   0.0052   0.0052   0.0001   0.0000  -0.0030   0.0043    0.837

  Surface # 7     fin_panel_0                             
     # Chordwise = 12   # Spanwise = 20     First strip =121
     Surface area Ssurf =    0.050000     Ave. chord Cave =    0.125000

 Forces referred to Sref, Cref, Bref about Xref, Yref, Zref
 Standard axis orientation,  X fwd, Z down         
     CLsurf  =   0.00000     Clsurf  =  -0.00000
     CYsurf  =  -0.00009     Cmsurf  =  -0.00000
     CDsurf  =  -0.00000     Cnsurf  =   0.00003
     CDisurf =  -0.00000     CDvsurf =   0.00000

 Forces referred to Ssurf, Cave 
     CLsurf  =  -0.00223     CDsurf  =  -0.00000

 Strip Forces referred to Strip Area, Chord
    j     Xle      Yle      Zle      Chord    Area     c_cl     ai     cl_norm    cl       cd       cdv    cm_c/4     cm_LE   C.P.x/c
   121   1.8000   0.5000   0.3994   0.1499   0.0004  -0.0000   0.0002  -0.0002  -0.0002  -0.0000   0.0000   0.0004   0.0004    1.810
   122   1.8002   0.5000   0.3945   0.1493   0.0011  -0.0001   0.0003  -0.0006  -0.0006  -0.0000   0.0000   0.0010   0.0012    1.793
   123   1.8005   0.5000   0.3848   0.1481   0.0018  -0.0001   0.0005  -0.0010  -0.0010  -0.0000   0.0000   0.0015   0.0018    1.760
   124   1.8009   0.5000   0.3705   0.1463   0.0024  -0.0002   0.0006  -0.0013  -0.0013  -0.0000   0.0000   0.0019   0.0022    1.698
   125   1.8014   0.5000   0.3521   0.1440   0.0029  -0.0002   0.0008  -0.0016  -0.0016  -0.0000   0.0000   0.0021   0.0025    1.589
   126   1.8021   0.5000   0.3299   0.1412   0.0034  -0.0003   0.0008  -0.0019  -0.0019  -0.0000   0.0000   0.0022   0.0027    1.438
   127   1.8029   0.5000   0.3045   0.1381   0.0037  -0.0003   0.0007  -0.0023  -0.0023  -0.0000   0.0000   0.0023   0.0029    1.268
   128   1.8037   0.5000   0.2765   0.1346   0.0039  -0.0004   0.0006  -0.0027  -0.0027  -0.0000   0.0000   0.0023   0.0030    1.106
   129   1.8046   0.5000   0.2467   0.1308   0.0040  -0.0004   0.0005  -0.0032  -0.0032  -0.0000   0.0000   0.0023   0.0031    0.969
   130   1.8055   0.5000   0.2157   0.1270   0.0040  -0.0005   0.0002  -0.0038  -0.0038  -0.0000   0.0000   0.0023   0.0032    0.863
   131   1.8065   0.5000   0.1843   0.1230   0.0038  -0.0005  -0.0000  -0.0043  -0.0043  -0.0000   0.0000   0.0023   0.0033    0.785
   132   1.8074   0.5000   0.1533   0.1192   0.0036  -0.0006  -0.0003  -0.0046  -0.0046   0.0000   0.0000   0.0022   0.0034    0.732
   133   1.8083   0.5000   0.1235   0.1154   0.0033  -0.0005  -0.0006  -0.0047  -0.0047   0.0000   0.0000   0.0021   0.0033    0.703
   134   1.8091   0.5000   0.0955   0.1119   0.0030  -0.0005  -0.0010  -0.0043  -0.0043   0.0000   0.0000   0.0019   0.0030    0.699
   135   1.8099   0.5000   0.0701   0.1088   0.0026  -0.0004  -0.0012  -0.0032  -0.0032   0.0000   0.0000   0.0016   0.0024    0.740
   136   1.8106   0.5000   0.0479   0.1060   0.0022  -0.0001  -0.0011  -0.0011  -0.0011   0.0000   0.0000   0.0009   0.0012    1.061
   137   1.8111   0.5000   0.0295   0.1037   0.0017   0.0002   0.0002   0.0024   0.0024  -0.0000   0.0000  -0.0004  -0.0010    0.417
   138   1.8115   0.5000   0.0152   0.1019   0.0012   0.0007   0.0039   0.0069   0.0069  -0.0000   0.0000  -0.0023  -0.0040    0.590
   139   1.8118   0.5000   0.0055   0.1007   0.0007   0.0012   0.0130   0.0114   0.0114  -0.0000   0.0000  -0.0045  -0.0074    0.644
   140   1.8120   0.5000   0.0006   0.1001   0.0002   0.0015   0.0452   0.0147   0.0147  -0.0002   0.0000  -0.0060  -0.0097    0.658

  Surface # 8     hstab_panel_0                           
     # Chordwise = 12   # Spanwise = 20     First strip =141
     Surface area Ssurf =    0.043750     Ave. chord Cave =    0.125000

 Forces referred to Sref, Cref, Bref about Xref, Yref, Zref
 Standard axis orientation,  X fwd, Z down         
     CLsurf  =   0.00147     Clsurf  =   0.00010
     CYsurf  =   0.00000     Cmsurf  =  -0.00788
     CDsurf  =   0.00002     Cnsurf  =  -0.00000
     CDisurf =   0.00002     CDvsurf =   0.00000

 Forces referred to Ssurf, Cave 
     CLsurf  =   0.04322     CDsurf  =   0.00047

 Strip Forces referred to Strip Area, Chord
    j     Xle      Yle      Zle      Chord    Area     c_cl     ai     cl_norm    cl       cd       cdv    cm_c/4     cm_LE   C.P.x/c
   141   1.8000  -0.4995   0.0000   0.1499   0.0003   0.0024  -0.1487   0.0159   0.0159   0.0002   0.0000  -0.0047  -0.0087    0.546
   142   1.8002  -0.4952   0.0000   0.1493   0.0010   0.0035  -0.0155   0.0237   0.0237   0.0003   0.0000  -0.0084  -0.0143    0.606
   143   1.8005  -0.4867   0.0000   0.1481   0.0016   0.0046   0.0057   0.0312   0.0312   0.0004   0.0000  -0.0119  -0.0197    0.629
   144   1.8009  -0.4742   0.0000   0.1463   0.0021   0.0055   0.0123   0.0378   0.0378   0.0005   0.0000  -0.0146  -0.0240    0.637
   145   1.8014  -0.4581   0.0000   0.1440   0.0026   0.0062   0.0136   0.0428   0.0428   0.0005   0.0000  -0.0165  -0.0272    0.636
   146   1.8021  -0.4387   0.0000   0.1412   0.0029   0.0065   0.0102   0.0462   0.0462   0.0005   0.0000  -0.0177  -0.0292    0.633
   147   1.8029  -0.4164   0.0000   0.1381   0.0032   0.0067   0.0135   0.0484   0.0484   0.0005   0.0000  -0.0184  -0.0305    0.630
   148   1.8037  -0.3920   0.0000   0.1346   0.0034   0.0067   0.0123   0.0497   0.0497   0.0005   0.0000  -0.0188  -0.0312    0.629
   149   1.8046  -0.3659   0.0000   0.1308   0.0035   0.0066   0.0113   0.0502   0.0502   0.0005   0.0000  -0.0190  -0.0316    0.629
   150   1.8055  -0.3387   0.0000   0.1270   0.0035   0.0064   0.0126   0.0500   0.0500   0.0005   0.0000  -0.0191  -0.0316    0.633
   151   1.8065  -0.3113   0.0000   0.1230   0.0034   0.0061   0.0108   0.0493   0.0493   0.0005   0.0000  -0.0192  -0.0315    0.639
   152   1.8074  -0.2841   0.0000   0.1192   0.0032   0.0057   0.0102   0.0480   0.0480   0.0005   0.0000  -0.0191  -0.0311    0.649
   153   1.8083  -0.2580   0.0000   0.1154   0.0029   0.0053   0.0137   0.0461   0.0461   0.0005   0.0000  -0.0190  -0.0305    0.662
   154   1.8091  -0.2336   0.0000   0.1119   0.0026   0.0049   0.0106   0.0436   0.0436   0.0004   0.0000  -0.0187  -0.0296    0.678
   155   1.8099  -0.2113   0.0000   0.1088   0.0023   0.0044   0.0110   0.0405   0.0405   0.0004   0.0000  -0.0182  -0.0283    0.698
   156   1.8106  -0.1919   0.0000   0.1060   0.0019   0.0039   0.0116   0.0366   0.0366   0.0004   0.0000  -0.0173  -0.0264    0.722
   157   1.8111  -0.1758   0.0000   0.1037   0.0015   0.0033   0.0141   0.0314   0.0314   0.0003   0.0000  -0.0156  -0.0234    0.746
   158   1.8115  -0.1633   0.0000   0.1019   0.0011   0.0025   0.0161   0.0247   0.0247   0.0003   0.0000  -0.0128  -0.0190    0.768
   159   1.8118  -0.1548   0.0000   0.1007   0.0006   0.0016   0.0184   0.0160   0.0160   0.0002   0.0000  -0.0086  -0.0126    0.784
   160   1.8120  -0.1505   0.0000   0.1001   0.0002   0.0006   0.0200   0.0056   0.0056   0.0001   0.0000  -0.0030  -0.0044    0.793

  Surface # 9     hstab_panel_0 (YDUP)                    
     # Chordwise = 12   # Spanwise = 20     First strip =161
     Surface area Ssurf =    0.043750     Ave. chord Cave =    0.125000

 Forces referred to Sref, Cref, Bref about Xref, Yref, Zref
 Standard axis orientation,  X fwd, Z down         
     CLsurf  =   0.00142     Clsurf  =  -0.00010
     CYsurf  =  -0.00000     Cmsurf  =  -0.00764
     CDsurf  =   0.00002     Cnsurf  =   0.00000
     CDisurf =   0.00002     CDvsurf =   0.00000

 Forces referred to Ssurf, Cave 
     CLsurf  =   0.04183     CDsurf  =   0.00046

 Strip Forces referred to Strip Area, Chord
    j     Xle      Yle      Zle      Chord    Area     c_cl     ai     cl_norm    cl       cd       cdv    cm_c/4     cm_LE   C.P.x/c
   161   1.8000   0.4995   0.0000   0.1499   0.0003   0.0008  -0.1158   0.0053   0.0053   0.0001   0.0000  -0.0023   0.0036    0.679
   162   1.8002   0.4952   0.0000   0.1493   0.0010   0.0023  -0.0127   0.0156   0.0156   0.0002   0.0000  -0.0067   0.0106    0.677
   163   1.8005   0.4867   0.0000   0.1481   0.0016   0.0037   0.0055   0.0252   0.0252   0.0004   0.0000  -0.0106   0.0169    0.672
   164   1.8009   0.4742   0.0000   0.1463   0.0021   0.0049   0.0119   0.0334   0.0334   0.0005   0.0000  -0.0138   0.0222    0.663
   165   1.8014   0.4581   0.0000   0.1440   0.0026   0.0057   0.0135   0.0397   0.0397   0.0005   0.0000  -0.0160   0.0259    0.654
   166   1.8021   0.4387   0.0000   0.1412   0.0029   0.0062   0.0102   0.0441   0.0441   0.0005   0.0000  -0.0174   0.0284    0.645
   167   1.8029   0.4164   0.0000   0.1381   0.0032   0.0065   0.0136   0.0470   0.0470   0.0005   0.0000  -0.0182   0.0300    0.638
   168   1.8037   0.3920   0.0000   0.1346   0.0034   0.0065   0.0123   0.0487   0.0487   0.0005   0.0000  -0.0187   0.0309    0.635
   169   1.8046   0.3659   0.0000   0.1308   0.0035   0.0065   0.0113   0.0494   0.0494   0.0005   0.0000  -0.0190   0.0313    0.634
   170   1.8055   0.3387   0.0000   0.1270   0.0035   0.0063   0.0127   0.0495   0.0495   0.0005   0.0000  -0.0191   0.0315    0.636
   171   1.8065   0.3113   0.0000   0.1230   0.0034   0.0060   0.0108   0.0489   0.0489   0.0005   0.0000  -0.0191   0.0313    0.642
   172   1.8074   0.2841   0.0000   0.1192   0.0032   0.0057   0.0103   0.0476   0.0476   0.0005   0.0000  -0.0191   0.0310    0.651
   173   1.8083   0.2580   0.0000   0.1154   0.0029   0.0053   0.0137   0.0458   0.0458   0.0005   0.0000  -0.0190   0.0304    0.664
   174   1.8091   0.2336   0.0000   0.1119   0.0026   0.0049   0.0107   0.0434   0.0434   0.0004   0.0000  -0.0187   0.0295    0.680
   175   1.8099   0.2113   0.0000   0.1088   0.0023   0.0044   0.0110   0.0404   0.0404   0.0004   0.0000  -0.0182   0.0282    0.700
   176   1.8106   0.1919   0.0000   0.1060   0.0019   0.0039   0.0116   0.0364   0.0364   0.0004   0.0000  -0.0172   0.0263    0.723
   177   1.8111   0.1758   0.0000   0.1037   0.0015   0.0032   0.0141   0.0313   0.0313   0.0003   0.0000  -0.0156   0.0234    0.748
   178   1.8115   0.1633   0.0000   0.1019   0.0011   0.0025   0.0161   0.0246   0.0246   0.0003   0.0000  -0.0128   0.0190    0.770
   179   1.8118   0.1548   0.0000   0.1007   0.0006   0.0016   0.0184   0.0160   0.0160   0.0002   0.0000  -0.0086   0.0125    0.786
   180   1.8120   0.1505   0.0000   0.1001   0.0002   0.0006   0.0200   0.0056   0.0056   0.0001   0.0000  -0.0030   0.0044    0.794

  Surface #10     fin_panel_0                             
     # Chordwise = 12   # Spanwise = 20     First strip =181
     Surface area Ssurf =    0.050000     Ave. chord Cave =    0.125000

 Forces referred to Sref, Cref, Bref about Xref, Yref, Zref
 Standard axis orientation,  X fwd, Z down         
     CLsurf  =   0.00000     Clsurf  =   0.00000
     CYsurf  =   0.00010     Cmsurf  =  -0.00000
     CDsurf  =  -0.00000     Cnsurf  =  -0.00003
     CDisurf =  -0.00000     CDvsurf =   0.00000

 Forces referred to Ssurf, Cave 
     CLsurf  =   0.00257     CDsurf  =  -0.00000

 Strip Forces referred to Strip Area, Chord
    j     Xle      Yle      Zle      Chord    Area     c_cl     ai     cl_norm    cl       cd       cdv    cm_c/4     cm_LE   C.P.x/c
   181   1.8000  -0.5000   0.3994   0.1499   0.0004   0.0000  -0.0003   0.0003   0.0003   0.0000   0.0000   0.0004   0.0003  999.000
   182   1.8002  -0.5000   0.3945   0.1493   0.0011   0.0001  -0.0002   0.0009   0.0009   0.0000   0.0000   0.0011   0.0009   -0.948
   183   1.8005  -0.5000   0.3848   0.1481   0.0018   0.0002  -0.0001   0.0015   0.0015   0.0000   0.0000   0.0016   0.0013   -0.829
   184   1.8009  -0.5000   0.3705   0.1463   0.0024   0.0003  -0.0000   0.0021   0.0021  -0.0000   0.0000   0.0020   0.0015   -0.704
   185   1.8014  -0.5000   0.3521   0.1440   0.0029   0.0004   0.0000   0.0026   0.0026  -0.0000   0.0000   0.0022   0.0015   -0.600
   186   1.8021  -0.5000   0.3299   0.1412   0.0034   0.0004   0.0000   0.0029   0.0029  -0.0000   0.0000   0.0023   0.0015   -0.534
   187   1.8029  -0.5000   0.3045   0.1381   0.0037   0.0004  -0.0001   0.0030   0.0030  -0.0000   0.0000   0.0023   0.0015   -0.512
   188   1.8037  -0.5000   0.2765   0.1346   0.0039   0.0004  -0.0003   0.0029   0.0029  -0.0000   0.0000   0.0023   0.0015   -0.540
   189   1.8046  -0.5000   0.2467   0.1308   0.0040   0.0003  -0.0005   0.0025   0.0025  -0.0000   0.0000   0.0022   0.0016   -0.631
   190   1.8055  -0.5000   0.2157   0.1270   0.0040   0.0003  -0.0008   0.0021   0.0021  -0.0000   0.0000   0.0022   0.0017   -0.820
   191   1.8065  -0.5000   0.1843   0.1230   0.0038   0.0002  -0.0011   0.0015   0.0015  -0.0000   0.0000   0.0022   0.0018  999.000
   192   1.8074  -0.5000   0.1533   0.1192   0.0036   0.0001  -0.0014   0.0010   0.0010  -0.0000   0.0000   0.0021   0.0018  999.000
   193   1.8083  -0.5000   0.1235   0.1154   0.0033   0.0001  -0.0017   0.0006   0.0006   0.0000   0.0000   0.0020   0.0018  999.000
   194   1.8091  -0.5000   0.0955   0.1119   0.0030   0.0001  -0.0021   0.0007   0.0007   0.0000   0.0000   0.0018   0.0016  999.000
   195   1.8099  -0.5000   0.0701   0.1088   0.0026   0.0002  -0.0024   0.0014   0.0014   0.0000   0.0000   0.0014   0.0011   -0.764
   196   1.8106  -0.5000   0.0479   0.1060   0.0022   0.0003  -0.0024   0.0031   0.0031  -0.0000   0.0000   0.0007  -0.0001    0.029
   197   1.8111  -0.5000   0.0295   0.1037   0.0017   0.0006  -0.0013   0.0061   0.0061  -0.0000   0.0000  -0.0006  -0.0021    0.351
   198   1.8115  -0.5000   0.0152   0.1019   0.0012   0.0010   0.0023   0.0102   0.0102  -0.0000   0.0000  -0.0026  -0.0051    0.502
   199   1.8118  -0.5000   0.0055   0.1007   0.0007   0.0015   0.0112   0.0145   0.0145  -0.0000   0.0000  -0.0048  -0.0084    0.577
   200   1.8120  -0.5000   0.0006   0.1001   0.0002   0.0018   0.0413   0.0176   0.0176  -0.0002   0.0000  -0.0063  -0.0107    0.605
 ---------------------------------------------------------------
