 ---------------------------------------------------------------
 Surface and Strip Forces by surface

  Sref =  1.2850       Cref = 0.25900       Bref =  4.9540    
  Xref = 0.50000       Yref =  0.0000       Zref =  0.0000    

  Surface # 1     main_wing_panel_0                       
     # Chordwise = 12   # Spanwise = 20     First strip =  1
     Surface area Ssurf =    0.365400     Ave. chord Cave =    0.290000

 Forces referred to Sref, Cref, Bref about Xref, Yref, Zref
 Standard axis orientation,  X fwd, Z down         
     CLsurf  =   0.00470     Clsurf  =  -0.00059
     CYsurf  =  -0.00000     Cmsurf  =   0.00048
     CDsurf  =   0.00000     Cnsurf  =   0.00003
     CDisurf =   0.00000     CDvsurf =   0.00000

 Forces referred to Ssurf, Cave 
     CLsurf  =   0.01653     CDsurf  =   0.00001

 Strip Forces referred to Strip Area, Chord
    j     Xle      Yle      Zle      Chord    Area     c_cl     ai     cl_norm    cl       cd       cdv    cm_c/4     cm_LE   C.P.x/c
     1   0.4000   0.0019   0.0000   0.2900   0.0022   0.0049   0.0007   0.0170   0.0170   0.0000   0.0000  -0.0001  -0.0043    0.254
     2   0.4000   0.0174   0.0000   0.2900   0.0067   0.0049   0.0007   0.0170   0.0170   0.0000   0.0000  -0.0001  -0.0043    0.254
     3   0.4000   0.0480   0.0000   0.2900   0.0110   0.0049   0.0007   0.0170   0.0170   0.0000   0.0000  -0.0001  -0.0043    0.254
     4   0.4000   0.0928   0.0000   0.2900   0.0150   0.0049   0.0005   0.0170   0.0170   0.0000   0.0000  -0.0001  -0.0043    0.254
     5   0.4000   0.1509   0.0000   0.2900   0.0186   0.0049  -0.0021   0.0170   0.0170   0.0000   0.0000  -0.0001  -0.0043    0.254
     6   0.4000   0.2208   0.0000   0.2900   0.0218   0.0049   0.0156   0.0170   0.0170   0.0000   0.0000  -0.0001  -0.0043    0.254
     7   0.4000   0.3008   0.0000   0.2900   0.0244   0.0049  -0.0023   0.0170   0.0170   0.0000   0.0000  -0.0001  -0.0043    0.254
     8   0.4000   0.3889   0.0000   0.2900   0.0265   0.0049   0.0002   0.0169   0.0169   0.0000   0.0000  -0.0001  -0.0043    0.254
     9   0.4000   0.4829   0.0000   0.2900   0.0279   0.0049   0.0071   0.0169   0.0169   0.0000   0.0000  -0.0001  -0.0043    0.254
    10   0.4000   0.5806   0.0000   0.2900   0.0286   0.0049  -0.0001   0.0168   0.0168   0.0000   0.0000  -0.0001  -0.0043    0.254
    11   0.4000   0.6794   0.0000   0.2900   0.0286   0.0048   0.0000   0.0167   0.0167   0.0000   0.0000  -0.0001  -0.0042    0.254
    12   0.4000   0.7771   0.0000   0.2900   0.0279   0.0048  -0.0270   0.0165   0.0165   0.0000   0.0000  -0.0001  -0.0042    0.254
    13   0.4000   0.8711   0.0000   0.2900   0.0265   0.0047  -0.0000   0.0164   0.0164   0.0000   0.0000  -0.0001  -0.0041    0.253
    14   0.4000   0.9592   0.0000   0.2900   0.0244   0.0047   0.0009   0.0162   0.0162   0.0000   0.0000  -0.0000  -0.0041    0.253
    15   0.4000   1.0392   0.0000   0.2900   0.0218   0.0046   0.0009   0.0160   0.0160   0.0000   0.0000  -0.0000  -0.0040    0.252
    16   0.4000   1.1091   0.0000   0.2900   0.0186   0.0046   0.0010   0.0157   0.0157   0.0000   0.0000  -0.0000  -0.0040    0.252
    17   0.4000   1.1672   0.0000   0.2900   0.0150   0.0045   0.0010   0.0155   0.0155   0.0000   0.0000  -0.0000  -0.0039    0.251
    18   0.4000   1.2120   0.0000   0.2900   0.0110   0.0044   0.0011   0.0153   0.0153   0.0000   0.0000  -0.0000  -0.0038    0.251
    19   0.4000   1.2426   0.0000   0.2900   0.0067   0.0044   0.0011   0.0151   0.0151   0.0000   0.0000  -0.0000  -0.0038    0.250
    20   0.4000   1.2581   0.0000   0.2900   0.0022   0.0043   0.0011   0.0150   0.0150   0.0000   0.0000  -0.0000  -0.0037    0.250

  Surface # 2     main_wing_panel_0 (YDUP)                
     # Chordwise = 12   # Spanwise = 20     First strip = 21
     Surface area Ssurf =    0.365400     Ave. chord Cave =    0.290000

 Forces referred to Sref, Cref, Bref about Xref, Yref, Zref
 Standard axis orientation,  X fwd, Z down         
     CLsurf  =   0.00470     Clsurf  =   0.00059
     CYsurf  =   0.00000     Cmsurf  =   0.00048
     CDsurf  =   0.00000     Cnsurf  =  -0.00003
     CDisurf =   0.00000     CDvsurf =   0.00000

 Forces referred to Ssurf, Cave 
     CLsurf  =   0.01653     CDsurf  =   0.00001

 Strip Forces referred to Strip Area, Chord
    j     Xle      Yle      Zle      Chord    Area     c_cl     ai     cl_norm    cl       cd       cdv    cm_c/4     cm_LE   C.P.x/c
    21   0.4000  -0.0019   0.0000   0.2900   0.0022   0.0049   0.0007   0.0170   0.0170   0.0000   0.0000  -0.0001   0.0043    0.254
    22   0.4000  -0.0174   0.0000   0.2900   0.0067   0.0049   0.0007   0.0170   0.0170   0.0000   0.0000  -0.0001   0.0043    0.254
    23   0.4000  -0.0480   0.0000   0.2900   0.0110   0.0049   0.0007   0.0170   0.0170   0.0000   0.0000  -0.0001   0.0043    0.254
    24   0.4000  -0.0928   0.0000   0.2900   0.0150   0.0049   0.0006   0.0170   0.0170   0.0000   0.0000  -0.0001   0.0043    0.254
    25   0.4000  -0.1509   0.0000   0.2900   0.0186   0.0049  -0.0016   0.0170   0.0170   0.0000   0.0000  -0.0001   0.0043    0.254
    26   0.4000  -0.2208   0.0000   0.2900   0.0218   0.0049   0.0170   0.0170   0.0170   0.0000   0.0000  -0.0001   0.0043    0.254
    27   0.4000  -0.3008   0.0000   0.2900   0.0244   0.0049  -0.0037   0.0170   0.0170   0.0000   0.0000  -0.0001   0.0043    0.254
    28   0.4000  -0.3889   0.0000   0.2900   0.0265   0.0049  -0.0005   0.0169   0.0169   0.0000   0.0000  -0.0001   0.0043    0.254
    29   0.4000  -0.4829   0.0000   0.2900   0.0279   0.0049  -0.0140   0.0169   0.0169   0.0000   0.0000  -0.0001   0.0043    0.254
    30   0.4000  -0.5806   0.0000   0.2900   0.0286   0.0049  -0.0013   0.0168   0.0168   0.0000   0.0000  -0.0001   0.0043    0.254
    31   0.4000  -0.6794   0.0000   0.2900   0.0286   0.0048  -0.0016   0.0167   0.0167   0.0000   0.0000  -0.0001   0.0042    0.254
    32   0.4000  -0.7771   0.0000   0.2900   0.0279   0.0048  -0.0249   0.0165   0.0165   0.0000   0.0000  -0.0001   0.0042    0.254
    33   0.4000  -0.8711   0.0000   0.2900   0.0265   0.0047  -0.0002   0.0164   0.0164   0.0000   0.0000  -0.0001   0.0041    0.253
    34   0.4000  -0.9592   0.0000   0.2900   0.0244   0.0047   0.0009   0.0162   0.0162   0.0000   0.0000  -0.0000   0.0041    0.253
    35   0.4000  -1.0392   0.0000   0.2900   0.0218   0.0046   0.0009   0.0160   0.0160   0.0000   0.0000  -0.0000   0.0040    0.252
    36   0.4000  -1.1091   0.0000   0.2900   0.0186   0.0046   0.0010   0.0157   0.0157   0.0000   0.0000  -0.0000   0.0040    0.252
    37   0.4000  -1.1672   0.0000   0.2900   0.0150   0.0045   0.0010   0.0155   0.0155   0.0000   0.0000  -0.0000   0.0039    0.251
    38   0.4000  -1.2120   0.0000   0.2900   0.0110   0.0044   0.0011   0.0153   0.0153   0.0000   0.0000  -0.0000   0.0038    0.251
    39   0.4000  -1.2426   0.0000   0.2900   0.0067   0.0044   0.0011   0.0151   0.0151   0.0000   0.0000  -0.0000   0.0038    0.250
    40   0.4000  -1.2581   0.0000   0.2900   0.0022   0.0043   0.0011   0.0150   0.0150   0.0000   0.0000  -0.0000   0.0037    0.250

  Surface # 3     main_wing_panel_1                       
     # Chordwise = 12   # Spanwise = 20     First strip = 41
     Surface area Ssurf =    0.275268     Ave. chord Cave =    0.226186

 Forces referred to Sref, Cref, Bref about Xref, Yref, Zref
 Standard axis orientation,  X fwd, Z down         
     CLsurf  =   0.00043     Clsurf  =   0.00005
     CYsurf  =  -0.00002     Cmsurf  =   0.00003
     CDsurf  =   0.00001     Cnsurf  =   0.00000
     CDisurf =   0.00001     CDvsurf =   0.00000

 Forces referred to Ssurf, Cave 
     CLsurf  =   0.00202     CDsurf  =   0.00003

 Strip Forces referred to Strip Area, Chord
    j     Xle      Yle      Zle      Chord    Area     c_cl     ai     cl_norm    cl       cd       cdv    cm_c/4     cm_LE   C.P.x/c
    41   0.4000   1.2617   0.0000   0.2899   0.0020   0.0043   0.0011   0.0150   0.0150   0.0000   0.0000  -0.0000  -0.0037    0.250
    42   0.4001   1.2754   0.0000   0.2895   0.0059   0.0043   0.0011   0.0149   0.0149   0.0000   0.0000  -0.0000  -0.0037    0.250
    43   0.4003   1.3025   0.0000   0.2887   0.0097   0.0042   0.0011   0.0147   0.0147   0.0000   0.0000   0.0000  -0.0037    0.250
    44   0.4005   1.3423   0.0000   0.2876   0.0132   0.0041   0.0011   0.0144   0.0144   0.0000   0.0000   0.0000  -0.0036    0.250
    45   0.4009   1.3938   0.0000   0.2861   0.0163   0.0040   0.0011   0.0140   0.0140   0.0000   0.0000   0.0000  -0.0035    0.249
    46   0.4013   1.4558   0.0000   0.2842   0.0189   0.0038   0.0011   0.0134   0.0134   0.0000   0.0000   0.0000  -0.0033    0.248
    47   0.4017   1.5267   0.0000   0.2821   0.0211   0.0035   0.0012   0.0126   0.0126   0.0000   0.0000   0.0000  -0.0031    0.246
    48   0.4034   1.6218   0.0000   0.2760   0.0319   0.0031   0.0011   0.0114   0.0114   0.0000   0.0000   0.0001  -0.0028    0.245
    49   0.4064   1.7407   0.0000   0.2654   0.0323   0.0025   0.0010   0.0093   0.0093   0.0000   0.0000   0.0001  -0.0022    0.241
    50   0.4095   1.8476   0.0000   0.2533   0.0232   0.0017   0.0008   0.0065   0.0065   0.0000   0.0000   0.0001  -0.0015    0.235
    51   0.4125   1.9394   0.0000   0.2397   0.0219   0.0008   0.0005   0.0032   0.0032   0.0000   0.0000   0.0001  -0.0007    0.217
    52   0.4161   2.0215   0.0000   0.2255   0.0163  -0.0002   0.0001  -0.0008  -0.0008  -0.0000   0.0000   0.0001   0.0003    0.361
    53   0.4201   2.0922   0.0000   0.2109   0.0145  -0.0012  -0.0004  -0.0057  -0.0057   0.0000   0.0000   0.0000   0.0014    0.253
    54   0.4256   2.1823   0.0000   0.1881   0.0207  -0.0026  -0.0018  -0.0136  -0.0136   0.0000   0.0000  -0.0003   0.0031    0.229
    55   0.4331   2.2799   0.0000   0.1570   0.0133  -0.0043  -0.0051  -0.0276  -0.0276   0.0001   0.0000  -0.0012   0.0056    0.206
    56   0.4393   2.3401   0.0000   0.1327   0.0049  -0.0054  -0.0090  -0.0405  -0.0405   0.0002   0.0000  -0.0025   0.0076    0.190
    57   0.4433   2.3732   0.0000   0.1167   0.0034  -0.0059  -0.0124  -0.0502  -0.0502   0.0003   0.0000  -0.0036   0.0089    0.179
    58   0.4499   2.4149   0.0000   0.0897   0.0046  -0.0058  -0.0158  -0.0645  -0.0645   0.0005   0.0000  -0.0052   0.0107    0.169
    59   0.4623   2.4550   0.0000   0.0412   0.0012  -0.0037  -0.0148  -0.0907  -0.0906   0.0006   0.0000  -0.0079   0.0132    0.163
    60   0.4718   2.4745   0.0000   0.0046   0.0000  -0.0009   0.0050  -0.1889  -0.1888  -0.0011   0.0000  -0.0144   0.0294    0.174

  Surface # 4     main_wing_panel_1 (YDUP)                
     # Chordwise = 12   # Spanwise = 20     First strip = 61
     Surface area Ssurf =    0.275268     Ave. chord Cave =    0.226186

 Forces referred to Sref, Cref, Bref about Xref, Yref, Zref
 Standard axis orientation,  X fwd, Z down         
     CLsurf  =   0.00043     Clsurf  =  -0.00005
     CYsurf  =   0.00002     Cmsurf  =   0.00003
     CDsurf  =   0.00001     Cnsurf  =  -0.00000
     CDisurf =   0.00001     CDvsurf =   0.00000

 Forces referred to Ssurf, Cave 
     CLsurf  =   0.00202     CDsurf  =   0.00003

 Strip Forces referred to Strip Area, Chord
    j     Xle      Yle      Zle      Chord    Area     c_cl     ai     cl_norm    cl       cd       cdv    cm_c/4     cm_LE   C.P.x/c
    61   0.4000  -1.2617   0.0000   0.2899   0.0020   0.0043   0.0011   0.0150   0.0150   0.0000   0.0000  -0.0000   0.0037    0.250
    62   0.4001  -1.2754   0.0000   0.2895   0.0059   0.0043   0.0011   0.0149   0.0149   0.0000   0.0000  -0.0000   0.0037    0.250
    63   0.4003  -1.3025   0.0000   0.2887   0.0097   0.0042   0.0011   0.0147   0.0147   0.0000   0.0000   0.0000   0.0037    0.250
    64   0.4005  -1.3423   0.0000   0.2876   0.0132   0.0041   0.0011   0.0144   0.0144   0.0000   0.0000   0.0000   0.0036    0.250
    65   0.4009  -1.3938   0.0000   0.2861   0.0163   0.0040   0.0011   0.0140   0.0140   0.0000   0.0000   0.0000   0.0035    0.249
    66   0.4013  -1.4558   0.0000   0.2842   0.0189   0.0038   0.0011   0.0134   0.0134   0.0000   0.0000   0.0000   0.0033    0.248
    67   0.4017  -1.5267   0.0000   0.2821   0.0211   0.0035   0.0012   0.0126   0.0126   0.0000   0.0000   0.0000   0.0031    0.246
    68   0.4034  -1.6218   0.0000   0.2760   0.0319   0.0031   0.0011   0.0114   0.0114   0.0000   0.0000   0.0001   0.0028    0.245
    69   0.4064  -1.7407   0.0000   0.2654   0.0323   0.0025   0.0010   0.0093   0.0093   0.0000   0.0000   0.0001   0.0022    0.241
    70   0.4095  -1.8476   0.0000   0.2533   0.0232   0.0017   0.0008   0.0065   0.0065   0.0000   0.0000   0.0001   0.0015    0.235
    71   0.4125  -1.9394   0.0000   0.2397   0.0219   0.0008   0.0005   0.0032   0.0032   0.0000   0.0000   0.0001   0.0007    0.217
    72   0.4161  -2.0215   0.0000   0.2255   0.0163  -0.0002   0.0001  -0.0008  -0.0008  -0.0000   0.0000   0.0001  -0.0003    0.361
    73   0.4201  -2.0922   0.0000   0.2109   0.0145  -0.0012  -0.0004  -0.0057  -0.0057   0.0000   0.0000   0.0000  -0.0014    0.253
    74   0.4256  -2.1823   0.0000   0.1881   0.0207  -0.0026  -0.0018  -0.0136  -0.0136   0.0000   0.0000  -0.0003  -0.0031    0.229
    75   0.4331  -2.2799   0.0000   0.1570   0.0133  -0.0043  -0.0051  -0.0276  -0.0276   0.0001   0.0000  -0.0012  -0.0056    0.206
    76   0.4393  -2.3401   0.0000   0.1327   0.0049  -0.0054  -0.0090  -0.0405  -0.0405   0.0002   0.0000  -0.0025  -0.0076    0.190
    77   0.4433  -2.3732   0.0000   0.1167   0.0034  -0.0059  -0.0124  -0.0502  -0.0502   0.0003   0.0000  -0.0036  -0.0089    0.179
    78   0.4499  -2.4149   0.0000   0.0897   0.0046  -0.0058  -0.0158  -0.0645  -0.0645   0.0005   0.0000  -0.0052  -0.0107    0.169
    79   0.4623  -2.4550   0.0000   0.0412   0.0012  -0.0037  -0.0148  -0.0907  -0.0906   0.0006   0.0000  -0.0079  -0.0132    0.163
    80   0.4718  -2.4745   0.0000   0.0046   0.0000  -0.0009   0.0050  -0.1889  -0.1888  -0.0011   0.0000  -0.0144  -0.0294    0.174

  Surface # 5     hstab_panel_0                           
     # Chordwise = 12   # Spanwise = 20     First strip = 81
     Surface area Ssurf =    0.043750     Ave. chord Cave =    0.125000

 Forces referred to Sref, Cref, Bref about Xref, Yref, Zref
 Standard axis orientation,  X fwd, Z down         
     CLsurf  =  -0.00017     Clsurf  =   0.00002
     CYsurf  =  -0.00000     Cmsurf  =   0.00018
     CDsurf  =   0.00000     Cnsurf  =  -0.00000
     CDisurf =   0.00000     CDvsurf =   0.00000

 Forces referred to Ssurf, Cave 
     CLsurf  =  -0.00499     CDsurf  =   0.00010

 Strip Forces referred to Strip Area, Chord
    j     Xle      Yle      Zle      Chord    Area     c_cl     ai     cl_norm    cl       cd       cdv    cm_c/4     cm_LE   C.P.x/c
    81   1.8000   0.5005   0.0000   0.1499   0.0003  -0.0034  -0.0476  -0.0225  -0.0225   0.0037   0.0000  -0.0143  -0.0086   -0.383
    82   1.8002   0.5048   0.0000   0.1493   0.0010  -0.0023   0.0028  -0.0151  -0.0151   0.0010   0.0000  -0.0231  -0.0193  999.000
    83   1.8005   0.5133   0.0000   0.1481   0.0016  -0.0014   0.0076  -0.0094  -0.0094   0.0006   0.0000  -0.0311  -0.0287  999.000
    84   1.8009   0.5258   0.0000   0.1463   0.0021  -0.0009   0.0066  -0.0062  -0.0062   0.0003   0.0000  -0.0373  -0.0357  999.000
    85   1.8014   0.5419   0.0000   0.1440   0.0026  -0.0007   0.0035  -0.0051  -0.0051   0.0002   0.0000  -0.0412  -0.0399  999.000
    86   1.8021   0.5613   0.0000   0.1412   0.0029  -0.0007   0.0015  -0.0053  -0.0053   0.0001   0.0000  -0.0433  -0.0420  999.000
    87   1.8029   0.5836   0.0000   0.1381   0.0032  -0.0008   0.0002  -0.0060  -0.0060   0.0000   0.0000  -0.0444  -0.0429  999.000
    88   1.8037   0.6080   0.0000   0.1346   0.0034  -0.0009  -0.0005  -0.0067  -0.0067  -0.0000   0.0000  -0.0449  -0.0432  999.000
    89   1.8046   0.6341   0.0000   0.1308   0.0035  -0.0009  -0.0016  -0.0072  -0.0072  -0.0000   0.0000  -0.0451  -0.0433  999.000
    90   1.8055   0.6613   0.0000   0.1270   0.0035  -0.0009  -0.0012  -0.0073  -0.0073  -0.0000   0.0000  -0.0452  -0.0433  999.000
    91   1.8065   0.6887   0.0000   0.1230   0.0034  -0.0009  -0.0011  -0.0071  -0.0071  -0.0000   0.0000  -0.0451  -0.0433  999.000
    92   1.8074   0.7159   0.0000   0.1192   0.0032  -0.0008  -0.0007  -0.0063  -0.0063  -0.0000   0.0000  -0.0450  -0.0434  999.000
    93   1.8083   0.7420   0.0000   0.1154   0.0029  -0.0006  -0.0009  -0.0051  -0.0051  -0.0000   0.0000  -0.0449  -0.0436  999.000
    94   1.8091   0.7664   0.0000   0.1119   0.0026  -0.0004  -0.0002  -0.0032  -0.0032  -0.0000   0.0000  -0.0446  -0.0437  999.000
    95   1.8099   0.7887   0.0000   0.1088   0.0023  -0.0001   0.0009  -0.0008  -0.0008  -0.0000   0.0000  -0.0438  -0.0436  999.000
    96   1.8106   0.8081   0.0000   0.1060   0.0019   0.0002   0.0028   0.0020   0.0020   0.0000   0.0000  -0.0422  -0.0426  999.000
    97   1.8111   0.8242   0.0000   0.1037   0.0015   0.0005   0.0139   0.0046   0.0046   0.0001   0.0000  -0.0387  -0.0399  999.000
    98   1.8115   0.8367   0.0000   0.1019   0.0011   0.0006   0.0095   0.0060   0.0060   0.0002   0.0000  -0.0323  -0.0338  999.000
    99   1.8118   0.8452   0.0000   0.1007   0.0006   0.0005   0.0139   0.0052   0.0052   0.0002   0.0000  -0.0219  -0.0232  999.000
   100   1.8120   0.8495   0.0000   0.1001   0.0002   0.0002   0.0169   0.0021   0.0021   0.0002   0.0000  -0.0078  -0.0083  999.000

  Surface # 6     hstab_panel_0 (YDUP)                    
     # Chordwise = 12   # Spanwise = 20     First strip =101
     Surface area Ssurf =    0.043750     Ave. chord Cave =    0.125000

 Forces referred to Sref, Cref, Bref about Xref, Yref, Zref
 Standard axis orientation,  X fwd, Z down         
     CLsurf  =  -0.00000     Clsurf  =  -0.00000
     CYsurf  =   0.00000     Cmsurf  =  -0.00067
     CDsurf  =  -0.00000     Cnsurf  =  -0.00000
     CDisurf =  -0.00000     CDvsurf =   0.00000

 Forces referred to Ssurf, Cave 
     CLsurf  =  -0.00010     CDsurf  =  -0.00000

 Strip Forces referred to Strip Area, Chord
    j     Xle      Yle      Zle      Chord    Area     c_cl     ai     cl_norm    cl       cd       cdv    cm_c/4     cm_LE   C.P.x/c
   101   1.8000  -0.5005   0.0000   0.1499   0.0003   0.0003  -0.1194   0.0021   0.0021   0.0001   0.0000  -0.0060   0.0065  999.000
   102   1.8002  -0.5048   0.0000   0.1493   0.0010   0.0009  -0.0035   0.0057   0.0057   0.0001   0.0000  -0.0175   0.0189  999.000
   103   1.8005  -0.5133   0.0000   0.1481   0.0016   0.0012   0.0086   0.0080   0.0080   0.0001   0.0000  -0.0275   0.0294  999.000
   104   1.8009  -0.5258   0.0000   0.1463   0.0021   0.0012   0.0086   0.0080   0.0080   0.0000   0.0000  -0.0352   0.0371  999.000
   105   1.8014  -0.5419   0.0000   0.1440   0.0026   0.0009   0.0048   0.0061   0.0061   0.0000   0.0000  -0.0402   0.0417  999.000
   106   1.8021  -0.5613   0.0000   0.1412   0.0029   0.0005   0.0020   0.0032   0.0032  -0.0000   0.0000  -0.0431   0.0438  999.000
   107   1.8029  -0.5836   0.0000   0.1381   0.0032   0.0001   0.0003   0.0004   0.0004  -0.0000   0.0000  -0.0445   0.0445  999.000
   108   1.8037  -0.6080   0.0000   0.1346   0.0034  -0.0003  -0.0006  -0.0020  -0.0020  -0.0000   0.0000  -0.0451   0.0445  999.000
   109   1.8046  -0.6341   0.0000   0.1308   0.0035  -0.0005  -0.0018  -0.0038  -0.0038  -0.0000   0.0000  -0.0453   0.0443  999.000
   110   1.8055  -0.6613   0.0000   0.1270   0.0035  -0.0006  -0.0014  -0.0048  -0.0048  -0.0000   0.0000  -0.0453   0.0441  999.000
   111   1.8065  -0.6887   0.0000   0.1230   0.0034  -0.0006  -0.0013  -0.0052  -0.0052  -0.0000   0.0000  -0.0452   0.0439  999.000
   112   1.8074  -0.7159   0.0000   0.1192   0.0032  -0.0006  -0.0009  -0.0050  -0.0050  -0.0000   0.0000  -0.0451   0.0439  999.000
   113   1.8083  -0.7420   0.0000   0.1154   0.0029  -0.0005  -0.0011  -0.0040  -0.0040  -0.0000   0.0000  -0.0449   0.0439  999.000
   114   1.8091  -0.7664   0.0000   0.1119   0.0026  -0.0003  -0.0003  -0.0024  -0.0024  -0.0000   0.0000  -0.0446   0.0440  999.000
   115   1.8099  -0.7887   0.0000   0.1088   0.0023  -0.0000   0.0008  -0.0002  -0.0002  -0.0000   0.0000  -0.0438   0.0438  999.000
   116   1.8106  -0.8081   0.0000   0.1060   0.0019   0.0003   0.0028   0.0025   0.0025   0.0000   0.0000  -0.0422   0.0428  999.000
   117   1.8111  -0.8242   0.0000   0.1037   0.0015   0.0005   0.0138   0.0050   0.0050   0.0001   0.0000  -0.0387   0.0400  999.000
   118   1.8115  -0.8367   0.0000   0.1019   0.0011   0.0006   0.0095   0.0063   0.0063   0.0002   0.0000  -0.0323   0.0338  999.000
   119   1.8118  -0.8452   0.0000   0.1007   0.0006   0.0005   0.0139   0.0053   0.0053   0.0002   0.0000  -0.0219   0.0232  999.000
   120   1.8120  -0.8495   0.0000   0.1001   0.0002   0.0002   0.0168   0.0021   0.0021   0.0002   0.0000  -0.0078   0.0083  999.000

  Surface # 7     fin_panel_0                             
     # Chordwise = 12   # Spanwise = 20     First strip =121
     Surface area Ssurf =    0.050000     Ave. chord Cave =    0.125000

 Forces referred to Sref, Cref, Bref about Xref, Yref, Zref
 Standard axis orientation,  X fwd, Z down         
     CLsurf  =  -0.00000     Clsurf  =   0.00000
     CYsurf  =  -0.00002     Cmsurf  =   0.00000
     CDsurf  =  -0.00000     Cnsurf  =   0.00000
     CDisurf =  -0.00000     CDvsurf =   0.00000

 Forces referred to Ssurf, Cave 
     CLsurf  =  -0.00045     CDsurf  =  -0.00006

 Strip Forces referred to Strip Area, Chord
    j     Xle      Yle      Zle      Chord    Area     c_cl     ai     cl_norm    cl       cd       cdv    cm_c/4     cm_LE   C.P.x/c
   121   1.8000   0.5000   0.3994   0.1499   0.0004   0.0001   0.0020   0.0004   0.0004   0.0000   0.0000  -0.0003  -0.0005    1.047
   122   1.8002   0.5000   0.3945   0.1493   0.0011   0.0002   0.0019   0.0013   0.0013   0.0000   0.0000  -0.0010  -0.0013    1.035
   123   1.8005   0.5000   0.3848   0.1481   0.0018   0.0003   0.0017   0.0020   0.0020   0.0000   0.0000  -0.0015  -0.0020    1.015
   124   1.8009   0.5000   0.3705   0.1463   0.0024   0.0004   0.0015   0.0026   0.0026   0.0000   0.0000  -0.0019  -0.0026    0.988
   125   1.8014   0.5000   0.3521   0.1440   0.0029   0.0004   0.0013   0.0031   0.0031   0.0000   0.0000  -0.0022  -0.0029    0.953
   126   1.8021   0.5000   0.3299   0.1412   0.0034   0.0005   0.0012   0.0035   0.0034   0.0000   0.0000  -0.0023  -0.0032    0.915
   127   1.8029   0.5000   0.3045   0.1381   0.0037   0.0005   0.0012   0.0038   0.0038   0.0000   0.0000  -0.0024  -0.0033    0.878
   128   1.8037   0.5000   0.2765   0.1346   0.0039   0.0005   0.0013   0.0040   0.0040   0.0000   0.0000  -0.0024  -0.0034    0.846
   129   1.8046   0.5000   0.2467   0.1308   0.0040   0.0005   0.0014   0.0041   0.0041   0.0000   0.0000  -0.0024  -0.0034    0.826
   130   1.8055   0.5000   0.2157   0.1270   0.0040   0.0005   0.0016   0.0041   0.0041   0.0000   0.0000  -0.0024  -0.0034    0.827
   131   1.8065   0.5000   0.1843   0.1230   0.0038   0.0005   0.0018   0.0037   0.0037   0.0000   0.0000  -0.0023  -0.0032    0.867
   132   1.8074   0.5000   0.1533   0.1192   0.0036   0.0003   0.0021   0.0029   0.0029   0.0000   0.0000  -0.0022  -0.0029    1.018
   133   1.8083   0.5000   0.1235   0.1154   0.0033   0.0002   0.0023   0.0013   0.0013   0.0000   0.0000  -0.0021  -0.0025    1.856
   134   1.8091   0.5000   0.0955   0.1119   0.0030  -0.0001   0.0025  -0.0013  -0.0013   0.0000   0.0000  -0.0021  -0.0018  999.000
   135   1.8099   0.5000   0.0701   0.1088   0.0026  -0.0006   0.0023  -0.0055  -0.0055  -0.0000   0.0000  -0.0023  -0.0010   -0.178
   136   1.8106   0.5000   0.0479   0.1060   0.0022  -0.0012   0.0010  -0.0115  -0.0115  -0.0000   0.0000  -0.0033  -0.0004   -0.036
   137   1.8111   0.5000   0.0295   0.1037   0.0017  -0.0020  -0.0025  -0.0194  -0.0193  -0.0001   0.0000  -0.0058  -0.0009   -0.050
   138   1.8115   0.5000   0.0152   0.1019   0.0012  -0.0028  -0.0095  -0.0279  -0.0278  -0.0004   0.0000  -0.0104  -0.0034   -0.125
   139   1.8118   0.5000   0.0055   0.1007   0.0007  -0.0036  -0.0226  -0.0354  -0.0353  -0.0010   0.0000  -0.0162  -0.0073   -0.208
   140   1.8120   0.5000   0.0006   0.1001   0.0002  -0.0041  -0.0903  -0.0406  -0.0405  -0.0067   0.0000  -0.0204  -0.0102   -0.254

  Surface # 8     hstab_panel_0                           
     # Chordwise = 12   # Spanwise = 20     First strip =141
     Surface area Ssurf =    0.043750     Ave. chord Cave =    0.125000

 Forces referred to Sref, Cref, Bref about Xref, Yref, Zref
 Standard axis orientation,  X fwd, Z down         
     CLsurf  =  -0.00017     Clsurf  =  -0.00001
     CYsurf  =  -0.00000     Cmsurf  =   0.00016
     CDsurf  =   0.00000     Cnsurf  =   0.00000
     CDisurf =   0.00000     CDvsurf =   0.00000

 Forces referred to Ssurf, Cave 
     CLsurf  =  -0.00485     CDsurf  =   0.00010

 Strip Forces referred to Strip Area, Chord
    j     Xle      Yle      Zle      Chord    Area     c_cl     ai     cl_norm    cl       cd       cdv    cm_c/4     cm_LE   C.P.x/c
   141   1.8000  -0.4995   0.0000   0.1499   0.0003  -0.0034  -0.0472  -0.0223  -0.0223   0.0036   0.0000  -0.0143  -0.0086   -0.389
   142   1.8002  -0.4952   0.0000   0.1493   0.0010  -0.0022   0.0028  -0.0150  -0.0150   0.0010   0.0000  -0.0231  -0.0193  999.000
   143   1.8005  -0.4867   0.0000   0.1481   0.0016  -0.0014   0.0075  -0.0093  -0.0093   0.0006   0.0000  -0.0311  -0.0288  999.000
   144   1.8009  -0.4742   0.0000   0.1463   0.0021  -0.0009   0.0063  -0.0060  -0.0060   0.0003   0.0000  -0.0373  -0.0357  999.000
   145   1.8014  -0.4581   0.0000   0.1440   0.0026  -0.0007   0.0036  -0.0049  -0.0049   0.0002   0.0000  -0.0412  -0.0399  999.000
   146   1.8021  -0.4387   0.0000   0.1412   0.0029  -0.0007   0.0011  -0.0051  -0.0051   0.0001   0.0000  -0.0434  -0.0421  999.000
   147   1.8029  -0.4164   0.0000   0.1381   0.0032  -0.0008   0.0002  -0.0058  -0.0058   0.0000   0.0000  -0.0444  -0.0430  999.000
   148   1.8037  -0.3920   0.0000   0.1346   0.0034  -0.0009  -0.0006  -0.0065  -0.0065  -0.0000   0.0000  -0.0449  -0.0433  999.000
   149   1.8046  -0.3659   0.0000   0.1308   0.0035  -0.0009  -0.0011  -0.0070  -0.0070  -0.0000   0.0000  -0.0451  -0.0433  999.000
   150   1.8055  -0.3387   0.0000   0.1270   0.0035  -0.0009  -0.0010  -0.0072  -0.0072  -0.0000   0.0000  -0.0452  -0.0433  999.000
   151   1.8065  -0.3113   0.0000   0.1230   0.0034  -0.0008  -0.0011  -0.0069  -0.0069  -0.0000   0.0000  -0.0451  -0.0434  999.000
   152   1.8074  -0.2841   0.0000   0.1192   0.0032  -0.0007  -0.0011  -0.0062  -0.0062  -0.0000   0.0000  -0.0450  -0.0435  999.000
   153   1.8083  -0.2580   0.0000   0.1154   0.0029  -0.0006  -0.0004  -0.0049  -0.0049  -0.0000   0.0000  -0.0449  -0.0436  999.000
   154   1.8091  -0.2336   0.0000   0.1119   0.0026  -0.0003  -0.0003  -0.0031  -0.0031  -0.0000   0.0000  -0.0446  -0.0438  999.000
   155   1.8099  -0.2113   0.0000   0.1088   0.0023  -0.0001   0.0007  -0.0007  -0.0007  -0.0000   0.0000  -0.0438  -0.0436  999.000
   156   1.8106  -0.1919   0.0000   0.1060   0.0019   0.0002   0.0025   0.0021   0.0021   0.0000   0.0000  -0.0422  -0.0427  999.000
   157   1.8111  -0.1758   0.0000   0.1037   0.0015   0.0005   0.0056   0.0047   0.0047   0.0001   0.0000  -0.0387  -0.0399  999.000
   158   1.8115  -0.1633   0.0000   0.1019   0.0011   0.0006   0.0097   0.0061   0.0061   0.0002   0.0000  -0.0323  -0.0338  999.000
   159   1.8118  -0.1548   0.0000   0.1007   0.0006   0.0005   0.0140   0.0052   0.0052   0.0002   0.0000  -0.0219  -0.0232  999.000
   160   1.8120  -0.1505   0.0000   0.1001   0.0002   0.0002   0.0168   0.0021   0.0021   0.0002   0.0000  -0.0078  -0.0083  999.000

  Surface # 9     hstab_panel_0 (YDUP)                    
     # Chordwise = 12   # Spanwise = 20     First strip =161
     Surface area Ssurf =    0.043750     Ave. chord Cave =    0.125000

 Forces referred to Sref, Cref, Bref about Xref, Yref, Zref
 Standard axis orientation,  X fwd, Z down         
     CLsurf  =   0.00000     Clsurf  =  -0.00000
     CYsurf  =   0.00000     Cmsurf  =  -0.00069
     CDsurf  =  -0.00000     Cnsurf  =  -0.00000
     CDisurf =  -0.00000     CDvsurf =   0.00000

 Forces referred to Ssurf, Cave 
     CLsurf  =   0.00001     CDsurf  =  -0.00000

 Strip Forces referred to Strip Area, Chord
    j     Xle      Yle      Zle      Chord    Area     c_cl     ai     cl_norm    cl       cd       cdv    cm_c/4     cm_LE   C.P.x/c
   161   1.8000   0.4995   0.0000   0.1499   0.0003   0.0003  -0.1194   0.0021   0.0021   0.0001   0.0000  -0.0060   0.0065  999.000
   162   1.8002   0.4952   0.0000   0.1493   0.0010   0.0009  -0.0036   0.0058   0.0058   0.0001   0.0000  -0.0175   0.0189  999.000
   163   1.8005   0.4867   0.0000   0.1481   0.0016   0.0012   0.0085   0.0080   0.0080   0.0001   0.0000  -0.0275   0.0295  999.000
   164   1.8009   0.4742   0.0000   0.1463   0.0021   0.0012   0.0083   0.0081   0.0081   0.0000   0.0000  -0.0352   0.0372  999.000
   165   1.8014   0.4581   0.0000   0.1440   0.0026   0.0009   0.0049   0.0062   0.0062   0.0000   0.0000  -0.0402   0.0417  999.000
   166   1.8021   0.4387   0.0000   0.1412   0.0029   0.0005   0.0016   0.0034   0.0034  -0.0000   0.0000  -0.0431   0.0439  999.000
   167   1.8029   0.4164   0.0000   0.1381   0.0032   0.0001   0.0003   0.0005   0.0005  -0.0000   0.0000  -0.0445   0.0446  999.000
   168   1.8037   0.3920   0.0000   0.1346   0.0034  -0.0003  -0.0008  -0.0019  -0.0019  -0.0000   0.0000  -0.0451   0.0446  999.000
   169   1.8046   0.3659   0.0000   0.1308   0.0035  -0.0005  -0.0013  -0.0036  -0.0036  -0.0000   0.0000  -0.0453   0.0443  999.000
   170   1.8055   0.3387   0.0000   0.1270   0.0035  -0.0006  -0.0012  -0.0047  -0.0047  -0.0000   0.0000  -0.0453   0.0441  999.000
   171   1.8065   0.3113   0.0000   0.1230   0.0034  -0.0006  -0.0013  -0.0051  -0.0051  -0.0000   0.0000  -0.0452   0.0439  999.000
   172   1.8074   0.2841   0.0000   0.1192   0.0032  -0.0006  -0.0012  -0.0048  -0.0048  -0.0000   0.0000  -0.0451   0.0439  999.000
   173   1.8083   0.2580   0.0000   0.1154   0.0029  -0.0005  -0.0005  -0.0039  -0.0039  -0.0000   0.0000  -0.0449   0.0439  999.000
   174   1.8091   0.2336   0.0000   0.1119   0.0026  -0.0003  -0.0004  -0.0023  -0.0023  -0.0000   0.0000  -0.0446   0.0440  999.000
   175   1.8099   0.2113   0.0000   0.1088   0.0023  -0.0000   0.0006  -0.0001  -0.0001  -0.0000   0.0000  -0.0438   0.0438  999.000
   176   1.8106   0.1919   0.0000   0.1060   0.0019   0.0003   0.0024   0.0026   0.0026   0.0000   0.0000  -0.0422   0.0428  999.000
   177   1.8111   0.1758   0.0000   0.1037   0.0015   0.0005   0.0056   0.0050   0.0050   0.0001   0.0000  -0.0387   0.0400  999.000
   178   1.8115   0.1633   0.0000   0.1019   0.0011   0.0006   0.0097   0.0063   0.0063   0.0002   0.0000  -0.0323   0.0338  999.000
   179   1.8118   0.1548   0.0000   0.1007   0.0006   0.0005   0.0139   0.0054   0.0054   0.0002   0.0000  -0.0219   0.0232  999.000
   180   1.8120   0.1505   0.0000   0.1001   0.0002   0.0002   0.0168   0.0021   0.0021   0.0002   0.0000  -0.0078   0.0083  999.000

  Surface #10     fin_panel_0                             
     # Chordwise = 12   # Spanwise = 20     First strip =181
     Surface area Ssurf =    0.050000     Ave. chord Cave =    0.125000

 Forces referred to Sref, Cref, Bref about Xref, Yref, Zref
 Standard axis orientation,  X fwd, Z down         
     CLsurf  =  -0.00000     Clsurf  =   0.00001
     CYsurf  =   0.00000     Cmsurf  =   0.00000
     CDsurf  =  -0.00000     Cnsurf  =  -0.00000
     CDisurf =  -0.00000     CDvsurf =   0.00000

 Forces referred to Ssurf, Cave 
     CLsurf  =   0.00003     CDsurf  =  -0.00006

 Strip Forces referred to Strip Area, Chord
    j     Xle      Yle      Zle      Chord    Area     c_cl     ai     cl_norm    cl       cd       cdv    cm_c/4     cm_LE   C.P.x/c
   181   1.8000  -0.5000   0.3994   0.1499   0.0004   0.0001   0.0019   0.0005   0.0005   0.0000   0.0000  -0.0003  -0.0005    0.955
   182   1.8002  -0.5000   0.3945   0.1493   0.0011   0.0002   0.0018   0.0014   0.0014   0.0000   0.0000  -0.0010  -0.0013    0.944
   183   1.8005  -0.5000   0.3848   0.1481   0.0018   0.0003   0.0016   0.0022   0.0022   0.0000   0.0000  -0.0015  -0.0021    0.925
   184   1.8009  -0.5000   0.3705   0.1463   0.0024   0.0004   0.0014   0.0029   0.0029   0.0000   0.0000  -0.0019  -0.0026    0.899
   185   1.8014  -0.5000   0.3521   0.1440   0.0029   0.0005   0.0013   0.0035   0.0035   0.0000   0.0000  -0.0021  -0.0030    0.867
   186   1.8021  -0.5000   0.3299   0.1412   0.0034   0.0006   0.0012   0.0039   0.0039   0.0000   0.0000  -0.0023  -0.0033    0.833
   187   1.8029  -0.5000   0.3045   0.1381   0.0037   0.0006   0.0011   0.0043   0.0043   0.0000   0.0000  -0.0024  -0.0034    0.800
   188   1.8037  -0.5000   0.2765   0.1346   0.0039   0.0006   0.0012   0.0046   0.0046   0.0000   0.0000  -0.0024  -0.0035    0.773
   189   1.8046  -0.5000   0.2467   0.1308   0.0040   0.0006   0.0013   0.0047   0.0047   0.0000   0.0000  -0.0024  -0.0036    0.756
   190   1.8055  -0.5000   0.2157   0.1270   0.0040   0.0006   0.0015   0.0047   0.0047   0.0000   0.0000  -0.0024  -0.0035    0.755
   191   1.8065  -0.5000   0.1843   0.1230   0.0038   0.0005   0.0017   0.0043   0.0043   0.0000   0.0000  -0.0023  -0.0034    0.785
   192   1.8074  -0.5000   0.1533   0.1192   0.0036   0.0004   0.0020   0.0035   0.0035   0.0000   0.0000  -0.0022  -0.0031    0.894
   193   1.8083  -0.5000   0.1235   0.1154   0.0033   0.0002   0.0022   0.0019   0.0019   0.0000   0.0000  -0.0022  -0.0026    1.393
   194   1.8091  -0.5000   0.0955   0.1119   0.0030  -0.0001   0.0024  -0.0008  -0.0008   0.0000   0.0000  -0.0021  -0.0019  999.000
   195   1.8099  -0.5000   0.0701   0.1088   0.0026  -0.0005   0.0022  -0.0050  -0.0050  -0.0000   0.0000  -0.0024  -0.0011   -0.220
   196   1.8106  -0.5000   0.0479   0.1060   0.0022  -0.0012   0.0009  -0.0111  -0.0111  -0.0000   0.0000  -0.0033  -0.0005   -0.048
   197   1.8111  -0.5000   0.0295   0.1037   0.0017  -0.0020  -0.0026  -0.0190  -0.0190  -0.0001   0.0000  -0.0058  -0.0010   -0.056
   198   1.8115  -0.5000   0.0152   0.1019   0.0012  -0.0028  -0.0096  -0.0276  -0.0275  -0.0004   0.0000  -0.0105  -0.0035   -0.130
   199   1.8118  -0.5000   0.0055   0.1007   0.0007  -0.0035  -0.0228  -0.0351  -0.0350  -0.0010   0.0000  -0.0162  -0.0074   -0.213
   200   1.8120  -0.5000   0.0006   0.1001   0.0002  -0.0040  -0.0907  -0.0403  -0.0402  -0.0067   0.0000  -0.0204  -0.0103   -0.258
 ---------------------------------------------------------------
