 ---------------------------------------------------------------
 Surface and Strip Forces by surface

  Sref =  1.2850       Cref = 0.25900       Bref =  4.9540    
  Xref = 0.50000       Yref =  0.0000       Zref =  0.0000    

  Surface # 1     main_wing_panel_0                       
     # Chordwise = 12   # Spanwise = 20     First strip =  1
     Surface area Ssurf =    0.365400     Ave. chord Cave =    0.290000

 Forces referred to Sref, Cref, Bref about Xref, Yref, Zref
 Standard axis orientation,  X fwd, Z down         
     CLsurf  =   0.04932     Clsurf  =  -0.00621
     CYsurf  =  -0.00000     Cmsurf  =   0.00732
     CDsurf  =   0.00013     Cnsurf  =   0.00007
     CDisurf =   0.00013     CDvsurf =   0.00000

 Forces referred to Ssurf, Cave 
     CLsurf  =   0.17346     CDsurf  =   0.00044

 Strip Forces referred to Strip Area, Chord
    j     Xle      Yle      Zle      Chord    Area     c_cl     ai     cl_norm    cl       cd       cdv    cm_c/4     cm_LE   C.P.x/c
     1   0.4000   0.0019   0.0000   0.2900   0.0022   0.0512   0.0014   0.1766   0.1766   0.0004   0.0000   0.0066  -0.0376    0.213
     2   0.4000   0.0174   0.0000   0.2900   0.0067   0.0512   0.0013   0.1766   0.1766   0.0004   0.0000   0.0066  -0.0376    0.213
     3   0.4000   0.0480   0.0000   0.2900   0.0110   0.0512   0.0010   0.1766   0.1766   0.0004   0.0000   0.0066  -0.0376    0.213
     4   0.4000   0.0928   0.0000   0.2900   0.0150   0.0512  -0.0004   0.1766   0.1766   0.0004   0.0000   0.0066  -0.0375    0.213
     5   0.4000   0.1509   0.0000   0.2900   0.0186   0.0512  -0.0255   0.1765   0.1765   0.0004   0.0000   0.0066  -0.0375    0.213
     6   0.4000   0.2208   0.0000   0.2900   0.0218   0.0512  -0.0119   0.1764   0.1764   0.0004   0.0000   0.0066  -0.0375    0.213
     7   0.4000   0.3008   0.0000   0.2900   0.0244   0.0511   0.0143   0.1762   0.1762   0.0004   0.0000   0.0066  -0.0375    0.213
     8   0.4000   0.3889   0.0000   0.2900   0.0265   0.0510   0.0099   0.1759   0.1759   0.0004   0.0000   0.0066  -0.0374    0.213
     9   0.4000   0.4829   0.0000   0.2900   0.0279   0.0509  -0.0270   0.1755   0.1755   0.0004   0.0000   0.0066  -0.0373    0.213
    10   0.4000   0.5806   0.0000   0.2900   0.0286   0.0507   0.0111   0.1750   0.1750   0.0004   0.0000   0.0066  -0.0372    0.212
    11   0.4000   0.6794   0.0000   0.2900   0.0286   0.0505   0.0048   0.1743   0.1743   0.0004   0.0000   0.0066  -0.0370    0.212
    12   0.4000   0.7771   0.0000   0.2900   0.0279   0.0503   0.0407   0.1734   0.1734   0.0004   0.0000   0.0065  -0.0368    0.212
    13   0.4000   0.8711   0.0000   0.2900   0.0265   0.0500  -0.0031   0.1724   0.1724   0.0005   0.0000   0.0065  -0.0366    0.212
    14   0.4000   0.9592   0.0000   0.2900   0.0244   0.0497   0.0035   0.1713   0.1713   0.0005   0.0000   0.0065  -0.0363    0.212
    15   0.4000   1.0392   0.0000   0.2900   0.0218   0.0493   0.0047   0.1700   0.1700   0.0005   0.0000   0.0065  -0.0360    0.212
    16   0.4000   1.1091   0.0000   0.2900   0.0186   0.0489   0.0053   0.1687   0.1687   0.0005   0.0000   0.0065  -0.0357    0.212
    17   0.4000   1.1672   0.0000   0.2900   0.0150   0.0485   0.0057   0.1674   0.1674   0.0005   0.0000   0.0065  -0.0354    0.211
    18   0.4000   1.2120   0.0000   0.2900   0.0110   0.0482   0.0060   0.1663   0.1663   0.0005   0.0000   0.0065  -0.0351    0.211
    19   0.4000   1.2426   0.0000   0.2900   0.0067   0.0480   0.0063   0.1654   0.1654   0.0006   0.0000   0.0064  -0.0349    0.211
    20   0.4000   1.2581   0.0000   0.2900   0.0022   0.0478   0.0064   0.1649   0.1649   0.0006   0.0000   0.0064  -0.0348    0.211

  Surface # 2     main_wing_panel_0 (YDUP)                
     # Chordwise = 12   # Spanwise = 20     First strip = 21
     Surface area Ssurf =    0.365400     Ave. chord Cave =    0.290000

 Forces referred to Sref, Cref, Bref about Xref, Yref, Zref
 Standard axis orientation,  X fwd, Z down         
     CLsurf  =   0.04932     Clsurf  =   0.00621
     CYsurf  =   0.00000     Cmsurf  =   0.00732
     CDsurf  =   0.00013     Cnsurf  =  -0.00007
     CDisurf =   0.00013     CDvsurf =   0.00000

 Forces referred to Ssurf, Cave 
     CLsurf  =   0.17346     CDsurf  =   0.00044

 Strip Forces referred to Strip Area, Chord
    j     Xle      Yle      Zle      Chord    Area     c_cl     ai     cl_norm    cl       cd       cdv    cm_c/4     cm_LE   C.P.x/c
    21   0.4000  -0.0019   0.0000   0.2900   0.0022   0.0512   0.0014   0.1766   0.1766   0.0004   0.0000   0.0066   0.0376    0.213
    22   0.4000  -0.0174   0.0000   0.2900   0.0067   0.0512   0.0013   0.1766   0.1766   0.0004   0.0000   0.0066   0.0376    0.213
    23   0.4000  -0.0480   0.0000   0.2900   0.0110   0.0512   0.0010   0.1766   0.1766   0.0004   0.0000   0.0066   0.0376    0.213
    24   0.4000  -0.0928   0.0000   0.2900   0.0150   0.0512  -0.0004   0.1766   0.1766   0.0004   0.0000   0.0066   0.0375    0.213
    25   0.4000  -0.1509   0.0000   0.2900   0.0186   0.0512  -0.0255   0.1765   0.1765   0.0004   0.0000   0.0066   0.0375    0.213
    26   0.4000  -0.2208   0.0000   0.2900   0.0218   0.0512  -0.0120   0.1764   0.1764   0.0004   0.0000   0.0066   0.0375    0.213
    27   0.4000  -0.3008   0.0000   0.2900   0.0244   0.0511   0.0143   0.1762   0.1762   0.0004   0.0000   0.0066   0.0375    0.213
    28   0.4000  -0.3889   0.0000   0.2900   0.0265   0.0510   0.0099   0.1759   0.1759   0.0004   0.0000   0.0066   0.0374    0.213
    29   0.4000  -0.4829   0.0000   0.2900   0.0279   0.0509  -0.0228   0.1755   0.1755   0.0004   0.0000   0.0066   0.0373    0.213
    30   0.4000  -0.5806   0.0000   0.2900   0.0286   0.0507   0.0110   0.1750   0.1750   0.0004   0.0000   0.0066   0.0372    0.212
    31   0.4000  -0.6794   0.0000   0.2900   0.0286   0.0505   0.0046   0.1743   0.1743   0.0004   0.0000   0.0066   0.0370    0.212
    32   0.4000  -0.7771   0.0000   0.2900   0.0279   0.0503   0.0408   0.1734   0.1734   0.0004   0.0000   0.0065   0.0368    0.212
    33   0.4000  -0.8711   0.0000   0.2900   0.0265   0.0500  -0.0031   0.1724   0.1724   0.0005   0.0000   0.0065   0.0366    0.212
    34   0.4000  -0.9592   0.0000   0.2900   0.0244   0.0497   0.0035   0.1713   0.1713   0.0005   0.0000   0.0065   0.0363    0.212
    35   0.4000  -1.0392   0.0000   0.2900   0.0218   0.0493   0.0047   0.1700   0.1700   0.0005   0.0000   0.0065   0.0360    0.212
    36   0.4000  -1.1091   0.0000   0.2900   0.0186   0.0489   0.0053   0.1687   0.1687   0.0005   0.0000   0.0065   0.0357    0.212
    37   0.4000  -1.1672   0.0000   0.2900   0.0150   0.0485   0.0057   0.1674   0.1674   0.0005   0.0000   0.0065   0.0354    0.211
    38   0.4000  -1.2120   0.0000   0.2900   0.0110   0.0482   0.0060   0.1663   0.1663   0.0005   0.0000   0.0065   0.0351    0.211
    39   0.4000  -1.2426   0.0000   0.2900   0.0067   0.0480   0.0063   0.1654   0.1654   0.0006   0.0000   0.0064   0.0349    0.211
    40   0.4000  -1.2581   0.0000   0.2900   0.0022   0.0478   0.0064   0.1649   0.1649   0.0006   0.0000   0.0064   0.0348    0.211

  Surface # 3     main_wing_panel_1                       
     # Chordwise = 12   # Spanwise = 20     First strip = 41
     Surface area Ssurf =    0.275268     Ave. chord Cave =    0.226186

 Forces referred to Sref, Cref, Bref about Xref, Yref, Zref
 Standard axis orientation,  X fwd, Z down         
     CLsurf  =   0.03021     Clsurf  =  -0.01054
     CYsurf  =   0.00004     Cmsurf  =   0.00452
     CDsurf  =   0.00009     Cnsurf  =   0.00012
     CDisurf =   0.00009     CDvsurf =   0.00000

 Forces referred to Ssurf, Cave 
     CLsurf  =   0.14103     CDsurf  =   0.00041

 Strip Forces referred to Strip Area, Chord
    j     Xle      Yle      Zle      Chord    Area     c_cl     ai     cl_norm    cl       cd       cdv    cm_c/4     cm_LE   C.P.x/c
    41   0.4000   1.2617   0.0000   0.2899   0.0020   0.0478   0.0064   0.1649   0.1649   0.0006   0.0000   0.0064  -0.0348    0.211
    42   0.4001   1.2754   0.0000   0.2895   0.0059   0.0477   0.0064   0.1647   0.1647   0.0006   0.0000   0.0064  -0.0347    0.211
    43   0.4003   1.3025   0.0000   0.2887   0.0097   0.0474   0.0065   0.1641   0.1641   0.0006   0.0000   0.0065  -0.0346    0.211
    44   0.4005   1.3423   0.0000   0.2876   0.0132   0.0469   0.0065   0.1632   0.1632   0.0006   0.0000   0.0065  -0.0343    0.210
    45   0.4009   1.3938   0.0000   0.2861   0.0163   0.0463   0.0067   0.1618   0.1618   0.0006   0.0000   0.0065  -0.0340    0.210
    46   0.4013   1.4558   0.0000   0.2842   0.0189   0.0454   0.0069   0.1598   0.1598   0.0006   0.0000   0.0065  -0.0334    0.209
    47   0.4017   1.5267   0.0000   0.2821   0.0211   0.0442   0.0072   0.1567   0.1567   0.0006   0.0000   0.0065  -0.0327    0.209
    48   0.4034   1.6218   0.0000   0.2760   0.0319   0.0424   0.0073   0.1536   0.1536   0.0006   0.0000   0.0066  -0.0318    0.207
    49   0.4064   1.7407   0.0000   0.2654   0.0323   0.0395   0.0071   0.1490   0.1490   0.0005   0.0000   0.0068  -0.0305    0.205
    50   0.4095   1.8476   0.0000   0.2533   0.0232   0.0361   0.0065   0.1425   0.1425   0.0005   0.0000   0.0067  -0.0289    0.203
    51   0.4125   1.9394   0.0000   0.2397   0.0219   0.0324   0.0051   0.1350   0.1350   0.0004   0.0000   0.0065  -0.0272    0.202
    52   0.4161   2.0215   0.0000   0.2255   0.0163   0.0286   0.0038   0.1270   0.1270   0.0002   0.0000   0.0063  -0.0254    0.200
    53   0.4201   2.0922   0.0000   0.2109   0.0145   0.0251   0.0024   0.1188   0.1188   0.0001   0.0000   0.0061  -0.0235    0.199
    54   0.4256   2.1823   0.0000   0.1881   0.0207   0.0210   0.0014   0.1115   0.1115   0.0001   0.0000   0.0061  -0.0218    0.196
    55   0.4331   2.2799   0.0000   0.1570   0.0133   0.0165   0.0005   0.1051   0.1051   0.0000   0.0000   0.0063  -0.0199    0.191
    56   0.4393   2.3401   0.0000   0.1327   0.0049   0.0132  -0.0001   0.0997   0.0997  -0.0000   0.0000   0.0064  -0.0184    0.186
    57   0.4433   2.3732   0.0000   0.1167   0.0034   0.0108  -0.0002   0.0923   0.0923  -0.0000   0.0000   0.0062  -0.0167    0.182
    58   0.4499   2.4149   0.0000   0.0897   0.0046   0.0080  -0.0005   0.0892   0.0892  -0.0001   0.0000   0.0065  -0.0156    0.177
    59   0.4623   2.4550   0.0000   0.0412   0.0012   0.0042  -0.0051   0.1023   0.1023  -0.0004   0.0000   0.0084  -0.0155    0.168
    60   0.4718   2.4745   0.0000   0.0046   0.0000   0.0009  -0.0256   0.1958   0.1957  -0.0033   0.0000   0.0154  -0.0302    0.171

  Surface # 4     main_wing_panel_1 (YDUP)                
     # Chordwise = 12   # Spanwise = 20     First strip = 61
     Surface area Ssurf =    0.275268     Ave. chord Cave =    0.226186

 Forces referred to Sref, Cref, Bref about Xref, Yref, Zref
 Standard axis orientation,  X fwd, Z down         
     CLsurf  =   0.03021     Clsurf  =   0.01054
     CYsurf  =  -0.00004     Cmsurf  =   0.00452
     CDsurf  =   0.00009     Cnsurf  =  -0.00012
     CDisurf =   0.00009     CDvsurf =   0.00000

 Forces referred to Ssurf, Cave 
     CLsurf  =   0.14103     CDsurf  =   0.00041

 Strip Forces referred to Strip Area, Chord
    j     Xle      Yle      Zle      Chord    Area     c_cl     ai     cl_norm    cl       cd       cdv    cm_c/4     cm_LE   C.P.x/c
    61   0.4000  -1.2617   0.0000   0.2899   0.0020   0.0478   0.0064   0.1649   0.1649   0.0006   0.0000   0.0064   0.0348    0.211
    62   0.4001  -1.2754   0.0000   0.2895   0.0059   0.0477   0.0064   0.1647   0.1647   0.0006   0.0000   0.0064   0.0347    0.211
    63   0.4003  -1.3025   0.0000   0.2887   0.0097   0.0474   0.0065   0.1641   0.1641   0.0006   0.0000   0.0065   0.0346    0.211
    64   0.4005  -1.3423   0.0000   0.2876   0.0132   0.0469   0.0065   0.1632   0.1632   0.0006   0.0000   0.0065   0.0343    0.210
    65   0.4009  -1.3938   0.0000   0.2861   0.0163   0.0463   0.0067   0.1618   0.1618   0.0006   0.0000   0.0065   0.0340    0.210
    66   0.4013  -1.4558   0.0000   0.2842   0.0189   0.0454   0.0069   0.1598   0.1598   0.0006   0.0000   0.0065   0.0334    0.209
    67   0.4017  -1.5267   0.0000   0.2821   0.0211   0.0442   0.0072   0.1567   0.1567   0.0006   0.0000   0.0065   0.0327    0.209
    68   0.4034  -1.6218   0.0000   0.2760   0.0319   0.0424   0.0073   0.1536   0.1536   0.0006   0.0000   0.0066   0.0318    0.207
    69   0.4064  -1.7407   0.0000   0.2654   0.0323   0.0395   0.0072   0.1490   0.1490   0.0005   0.0000   0.0068   0.0305    0.205
    70   0.4095  -1.8476   0.0000   0.2533   0.0232   0.0361   0.0065   0.1425   0.1425   0.0005   0.0000   0.0067   0.0289    0.203
    71   0.4125  -1.9394   0.0000   0.2397   0.0219   0.0324   0.0051   0.1350   0.1350   0.0004   0.0000   0.0065   0.0272    0.202
    72   0.4161  -2.0215   0.0000   0.2255   0.0163   0.0286   0.0038   0.1270   0.1270   0.0002   0.0000   0.0063   0.0254    0.200
    73   0.4201  -2.0922   0.0000   0.2109   0.0145   0.0251   0.0024   0.1188   0.1188   0.0001   0.0000   0.0061   0.0235    0.199
    74   0.4256  -2.1823   0.0000   0.1881   0.0207   0.0210   0.0014   0.1115   0.1115   0.0001   0.0000   0.0061   0.0218    0.196
    75   0.4331  -2.2799   0.0000   0.1570   0.0133   0.0165   0.0005   0.1051   0.1051   0.0000   0.0000   0.0063   0.0199    0.191
    76   0.4393  -2.3401   0.0000   0.1327   0.0049   0.0132  -0.0001   0.0997   0.0997  -0.0000   0.0000   0.0064   0.0184    0.186
    77   0.4433  -2.3732   0.0000   0.1167   0.0034   0.0108  -0.0002   0.0923   0.0923  -0.0000   0.0000   0.0062   0.0167    0.182
    78   0.4499  -2.4149   0.0000   0.0897   0.0046   0.0080  -0.0005   0.0892   0.0892  -0.0001   0.0000   0.0065   0.0156    0.177
    79   0.4623  -2.4550   0.0000   0.0412   0.0012   0.0042  -0.0051   0.1023   0.1023  -0.0004   0.0000   0.0084   0.0155    0.168
    80   0.4718  -2.4745   0.0000   0.0046   0.0000   0.0009  -0.0256   0.1958   0.1957  -0.0033   0.0000   0.0154   0.0302    0.171

  Surface # 5     hstab_panel_0                           
     # Chordwise = 12   # Spanwise = 20     First strip = 81
     Surface area Ssurf =    0.043750     Ave. chord Cave =    0.125000

 Forces referred to Sref, Cref, Bref about Xref, Yref, Zref
 Standard axis orientation,  X fwd, Z down         
     CLsurf  =   0.00105     Clsurf  =  -0.00014
     CYsurf  =   0.00000     Cmsurf  =  -0.00577
     CDsurf  =   0.00001     Cnsurf  =   0.00000
     CDisurf =   0.00001     CDvsurf =   0.00000

 Forces referred to Ssurf, Cave 
     CLsurf  =   0.03090     CDsurf  =   0.00029

 Strip Forces referred to Strip Area, Chord
    j     Xle      Yle      Zle      Chord    Area     c_cl     ai     cl_norm    cl       cd       cdv    cm_c/4     cm_LE   C.P.x/c
    81   1.8000   0.5005   0.0000   0.1499   0.0003   0.0010  -0.1286   0.0068   0.0068   0.0002   0.0000  -0.0058  -0.0075    1.105
    82   1.8002   0.5048   0.0000   0.1493   0.0010   0.0021  -0.0121   0.0142   0.0142   0.0002   0.0000  -0.0102  -0.0137    0.965
    83   1.8005   0.5133   0.0000   0.1481   0.0016   0.0031   0.0063   0.0213   0.0213   0.0003   0.0000  -0.0142  -0.0195    0.920
    84   1.8009   0.5258   0.0000   0.1463   0.0021   0.0040   0.0133   0.0270   0.0270   0.0003   0.0000  -0.0174  -0.0242    0.896
    85   1.8014   0.5419   0.0000   0.1440   0.0026   0.0045   0.0108   0.0311   0.0311   0.0003   0.0000  -0.0196  -0.0274    0.880
    86   1.8021   0.5613   0.0000   0.1412   0.0029   0.0048   0.0112   0.0338   0.0338   0.0003   0.0000  -0.0209  -0.0293    0.869
    87   1.8029   0.5836   0.0000   0.1381   0.0032   0.0049   0.0108   0.0353   0.0353   0.0003   0.0000  -0.0216  -0.0304    0.863
    88   1.8037   0.6080   0.0000   0.1346   0.0034   0.0048   0.0106   0.0360   0.0360   0.0003   0.0000  -0.0220  -0.0310    0.862
    89   1.8046   0.6341   0.0000   0.1308   0.0035   0.0047   0.0056   0.0362   0.0362   0.0003   0.0000  -0.0223  -0.0313    0.865
    90   1.8055   0.6613   0.0000   0.1270   0.0035   0.0045   0.0087   0.0358   0.0358   0.0003   0.0000  -0.0223  -0.0313    0.874
    91   1.8065   0.6887   0.0000   0.1230   0.0034   0.0043   0.0089   0.0350   0.0350   0.0003   0.0000  -0.0224  -0.0311    0.889
    92   1.8074   0.7159   0.0000   0.1192   0.0032   0.0040   0.0099   0.0339   0.0339   0.0003   0.0000  -0.0223  -0.0308    0.909
    93   1.8083   0.7420   0.0000   0.1154   0.0029   0.0037   0.0071   0.0324   0.0324   0.0003   0.0000  -0.0222  -0.0303    0.933
    94   1.8091   0.7664   0.0000   0.1119   0.0026   0.0034   0.0085   0.0307   0.0307   0.0003   0.0000  -0.0219  -0.0296    0.963
    95   1.8099   0.7887   0.0000   0.1088   0.0023   0.0031   0.0095   0.0287   0.0287   0.0002   0.0000  -0.0214  -0.0286    0.997
    96   1.8106   0.8081   0.0000   0.1060   0.0019   0.0028   0.0115   0.0262   0.0262   0.0002   0.0000  -0.0205  -0.0270    1.031
    97   1.8111   0.8242   0.0000   0.1037   0.0015   0.0024   0.0618   0.0230   0.0230   0.0002   0.0000  -0.0187  -0.0244    1.061
    98   1.8115   0.8367   0.0000   0.1019   0.0011   0.0019   0.0128   0.0185   0.0185   0.0002   0.0000  -0.0155  -0.0201    1.084
    99   1.8118   0.8452   0.0000   0.1007   0.0006   0.0012   0.0163   0.0123   0.0123   0.0002   0.0000  -0.0104  -0.0135    1.099
   100   1.8120   0.8495   0.0000   0.1001   0.0002   0.0004   0.0184   0.0043   0.0043   0.0001   0.0000  -0.0037  -0.0048    1.106

  Surface # 6     hstab_panel_0 (YDUP)                    
     # Chordwise = 12   # Spanwise = 20     First strip =101
     Surface area Ssurf =    0.043750     Ave. chord Cave =    0.125000

 Forces referred to Sref, Cref, Bref about Xref, Yref, Zref
 Standard axis orientation,  X fwd, Z down         
     CLsurf  =   0.00105     Clsurf  =   0.00014
     CYsurf  =  -0.00000     Cmsurf  =  -0.00578
     CDsurf  =   0.00001     Cnsurf  =  -0.00000
     CDisurf =   0.00001     CDvsurf =   0.00000

 Forces referred to Ssurf, Cave 
     CLsurf  =   0.03095     CDsurf  =   0.00029

 Strip Forces referred to Strip Area, Chord
    j     Xle      Yle      Zle      Chord    Area     c_cl     ai     cl_norm    cl       cd       cdv    cm_c/4     cm_LE   C.P.x/c
   101   1.8000  -0.5005   0.0000   0.1499   0.0003   0.0007  -0.1116   0.0044   0.0044   0.0001   0.0000  -0.0028   0.0039    0.880
   102   1.8002  -0.5048   0.0000   0.1493   0.0010   0.0019  -0.0100   0.0130   0.0130   0.0002   0.0000  -0.0082   0.0114    0.878
   103   1.8005  -0.5133   0.0000   0.1481   0.0016   0.0031   0.0066   0.0207   0.0207   0.0003   0.0000  -0.0129   0.0181    0.874
   104   1.8009  -0.5258   0.0000   0.1463   0.0021   0.0039   0.0133   0.0269   0.0269   0.0003   0.0000  -0.0167   0.0234    0.869
   105   1.8014  -0.5419   0.0000   0.1440   0.0026   0.0045   0.0109   0.0313   0.0313   0.0003   0.0000  -0.0192   0.0271    0.864
   106   1.8021  -0.5613   0.0000   0.1412   0.0029   0.0048   0.0112   0.0341   0.0341   0.0003   0.0000  -0.0208   0.0293    0.859
   107   1.8029  -0.5836   0.0000   0.1381   0.0032   0.0049   0.0107   0.0356   0.0356   0.0003   0.0000  -0.0216   0.0305    0.856
   108   1.8037  -0.6080   0.0000   0.1346   0.0034   0.0049   0.0105   0.0363   0.0363   0.0003   0.0000  -0.0221   0.0311    0.858
   109   1.8046  -0.6341   0.0000   0.1308   0.0035   0.0048   0.0055   0.0364   0.0364   0.0003   0.0000  -0.0223   0.0313    0.863
   110   1.8055  -0.6613   0.0000   0.1270   0.0035   0.0046   0.0086   0.0359   0.0359   0.0003   0.0000  -0.0224   0.0313    0.873
   111   1.8065  -0.6887   0.0000   0.1230   0.0034   0.0043   0.0088   0.0351   0.0351   0.0003   0.0000  -0.0224   0.0311    0.888
   112   1.8074  -0.7159   0.0000   0.1192   0.0032   0.0040   0.0099   0.0339   0.0339   0.0003   0.0000  -0.0223   0.0308    0.908
   113   1.8083  -0.7420   0.0000   0.1154   0.0029   0.0037   0.0071   0.0325   0.0325   0.0003   0.0000  -0.0222   0.0303    0.933
   114   1.8091  -0.7664   0.0000   0.1119   0.0026   0.0034   0.0084   0.0307   0.0307   0.0003   0.0000  -0.0219   0.0296    0.963
   115   1.8099  -0.7887   0.0000   0.1088   0.0023   0.0031   0.0095   0.0287   0.0287   0.0002   0.0000  -0.0214   0.0286    0.997
   116   1.8106  -0.8081   0.0000   0.1060   0.0019   0.0028   0.0115   0.0262   0.0262   0.0002   0.0000  -0.0205   0.0270    1.031
   117   1.8111  -0.8242   0.0000   0.1037   0.0015   0.0024   0.0618   0.0230   0.0230   0.0002   0.0000  -0.0187   0.0244    1.061
   118   1.8115  -0.8367   0.0000   0.1019   0.0011   0.0019   0.0128   0.0185   0.0185   0.0002   0.0000  -0.0155   0.0201    1.085
   119   1.8118  -0.8452   0.0000   0.1007   0.0006   0.0012   0.0163   0.0123   0.0123   0.0002   0.0000  -0.0104   0.0135    1.099
   120   1.8120  -0.8495   0.0000   0.1001   0.0002   0.0004   0.0184   0.0043   0.0043   0.0001   0.0000  -0.0037   0.0048    1.106

  Surface # 7     fin_panel_0                             
     # Chordwise = 12   # Spanwise = 20     First strip =121
     Surface area Ssurf =    0.050000     Ave. chord Cave =    0.125000

 Forces referred to Sref, Cref, Bref about Xref, Yref, Zref
 Standard axis orientation,  X fwd, Z down         
     CLsurf  =   0.00000     Clsurf  =  -0.00000
     CYsurf  =  -0.00007     Cmsurf  =  -0.00000
     CDsurf  =  -0.00000     Cnsurf  =   0.00002
     CDisurf =  -0.00000     CDvsurf =   0.00000

 Forces referred to Ssurf, Cave 
     CLsurf  =  -0.00182     CDsurf  =  -0.00000

 Strip Forces referred to Strip Area, Chord
    j     Xle      Yle      Zle      Chord    Area     c_cl     ai     cl_norm    cl       cd       cdv    cm_c/4     cm_LE   C.P.x/c
   121   1.8000   0.5000   0.3994   0.1499   0.0004  -0.0000   0.0006  -0.0001  -0.0001  -0.0000   0.0000   0.0003   0.0003  999.000
   122   1.8002   0.5000   0.3945   0.1493   0.0011  -0.0000   0.0007  -0.0002  -0.0002  -0.0000   0.0000   0.0007   0.0008  999.000
   123   1.8005   0.5000   0.3848   0.1481   0.0018  -0.0000   0.0008  -0.0003  -0.0003  -0.0000   0.0000   0.0011   0.0012  999.000
   124   1.8009   0.5000   0.3705   0.1463   0.0024  -0.0001   0.0009  -0.0004  -0.0004  -0.0000   0.0000   0.0014   0.0015  999.000
   125   1.8014   0.5000   0.3521   0.1440   0.0029  -0.0001   0.0009  -0.0005  -0.0005  -0.0000   0.0000   0.0016   0.0017  999.000
   126   1.8021   0.5000   0.3299   0.1412   0.0034  -0.0001   0.0009  -0.0007  -0.0007  -0.0000   0.0000   0.0016   0.0018  999.000
   127   1.8029   0.5000   0.3045   0.1381   0.0037  -0.0001   0.0009  -0.0009  -0.0009  -0.0000   0.0000   0.0017   0.0019  999.000
   128   1.8037   0.5000   0.2765   0.1346   0.0039  -0.0002   0.0008  -0.0012  -0.0012  -0.0000   0.0000   0.0017   0.0020    1.603
   129   1.8046   0.5000   0.2467   0.1308   0.0040  -0.0002   0.0006  -0.0017  -0.0017  -0.0000   0.0000   0.0017   0.0021    1.258
   130   1.8055   0.5000   0.2157   0.1270   0.0040  -0.0003   0.0005  -0.0022  -0.0022  -0.0000   0.0000   0.0017   0.0022    1.025
   131   1.8065   0.5000   0.1843   0.1230   0.0038  -0.0003   0.0003  -0.0027  -0.0027  -0.0000   0.0000   0.0017   0.0023    0.870
   132   1.8074   0.5000   0.1533   0.1192   0.0036  -0.0004   0.0001  -0.0032  -0.0032  -0.0000   0.0000   0.0016   0.0024    0.764
   133   1.8083   0.5000   0.1235   0.1154   0.0033  -0.0004  -0.0001  -0.0036  -0.0036  -0.0000   0.0000   0.0016   0.0025    0.690
   134   1.8091   0.5000   0.0955   0.1119   0.0030  -0.0004  -0.0004  -0.0038  -0.0038   0.0000   0.0000   0.0014   0.0024    0.630
   135   1.8099   0.5000   0.0701   0.1088   0.0026  -0.0004  -0.0006  -0.0037  -0.0037   0.0000   0.0000   0.0011   0.0021    0.559
   136   1.8106   0.5000   0.0479   0.1060   0.0022  -0.0003  -0.0008  -0.0031  -0.0031  -0.0000   0.0000   0.0005   0.0013    0.403
   137   1.8111   0.5000   0.0295   0.1037   0.0017  -0.0002  -0.0004  -0.0018  -0.0018  -0.0000   0.0000  -0.0009  -0.0004   -0.243
   138   1.8115   0.5000   0.0152   0.1019   0.0012   0.0000   0.0012   0.0002   0.0002  -0.0000   0.0000  -0.0031  -0.0032  999.000
   139   1.8118   0.5000   0.0055   0.1007   0.0007   0.0003   0.0061   0.0025   0.0025  -0.0001   0.0000  -0.0058  -0.0064  999.000
   140   1.8120   0.5000   0.0006   0.1001   0.0002   0.0004   0.0202   0.0041   0.0041  -0.0003   0.0000  -0.0076  -0.0086  999.000

  Surface # 8     hstab_panel_0                           
     # Chordwise = 12   # Spanwise = 20     First strip =141
     Surface area Ssurf =    0.043750     Ave. chord Cave =    0.125000

 Forces referred to Sref, Cref, Bref about Xref, Yref, Zref
 Standard axis orientation,  X fwd, Z down         
     CLsurf  =   0.00112     Clsurf  =   0.00008
     CYsurf  =   0.00000     Cmsurf  =  -0.00610
     CDsurf  =   0.00001     Cnsurf  =  -0.00000
     CDisurf =   0.00001     CDvsurf =   0.00000

 Forces referred to Ssurf, Cave 
     CLsurf  =   0.03275     CDsurf  =   0.00029

 Strip Forces referred to Strip Area, Chord
    j     Xle      Yle      Zle      Chord    Area     c_cl     ai     cl_norm    cl       cd       cdv    cm_c/4     cm_LE   C.P.x/c
   141   1.8000  -0.4995   0.0000   0.1499   0.0003   0.0013  -0.1252   0.0083   0.0083   0.0002   0.0000  -0.0059  -0.0080    0.954
   142   1.8002  -0.4952   0.0000   0.1493   0.0010   0.0024  -0.0114   0.0158   0.0158   0.0002   0.0000  -0.0103  -0.0142    0.900
   143   1.8005  -0.4867   0.0000   0.1481   0.0016   0.0034   0.0060   0.0228   0.0228   0.0003   0.0000  -0.0144  -0.0200    0.879
   144   1.8009  -0.4742   0.0000   0.1463   0.0021   0.0042   0.0110   0.0286   0.0286   0.0003   0.0000  -0.0176  -0.0247    0.865
   145   1.8014  -0.4581   0.0000   0.1440   0.0026   0.0047   0.0115   0.0327   0.0327   0.0003   0.0000  -0.0197  -0.0279    0.853
   146   1.8021  -0.4387   0.0000   0.1412   0.0029   0.0050   0.0084   0.0354   0.0354   0.0003   0.0000  -0.0210  -0.0298    0.844
   147   1.8029  -0.4164   0.0000   0.1381   0.0032   0.0051   0.0108   0.0369   0.0369   0.0003   0.0000  -0.0217  -0.0310    0.838
   148   1.8037  -0.3920   0.0000   0.1346   0.0034   0.0051   0.0097   0.0378   0.0378   0.0003   0.0000  -0.0221  -0.0315    0.836
   149   1.8046  -0.3659   0.0000   0.1308   0.0035   0.0050   0.0088   0.0380   0.0380   0.0003   0.0000  -0.0223  -0.0318    0.838
   150   1.8055  -0.3387   0.0000   0.1270   0.0035   0.0048   0.0098   0.0377   0.0377   0.0003   0.0000  -0.0224  -0.0318    0.844
   151   1.8065  -0.3113   0.0000   0.1230   0.0034   0.0046   0.0083   0.0371   0.0371   0.0003   0.0000  -0.0224  -0.0317    0.855
   152   1.8074  -0.2841   0.0000   0.1192   0.0032   0.0043   0.0078   0.0360   0.0360   0.0003   0.0000  -0.0224  -0.0314    0.870
   153   1.8083  -0.2580   0.0000   0.1154   0.0029   0.0040   0.0106   0.0347   0.0347   0.0003   0.0000  -0.0222  -0.0309    0.891
   154   1.8091  -0.2336   0.0000   0.1119   0.0026   0.0037   0.0082   0.0330   0.0330   0.0003   0.0000  -0.0220  -0.0302    0.915
   155   1.8099  -0.2113   0.0000   0.1088   0.0023   0.0034   0.0086   0.0309   0.0309   0.0002   0.0000  -0.0214  -0.0292    0.943
   156   1.8106  -0.1919   0.0000   0.1060   0.0019   0.0030   0.0093   0.0283   0.0283   0.0002   0.0000  -0.0205  -0.0275    0.973
   157   1.8111  -0.1758   0.0000   0.1037   0.0015   0.0026   0.0118   0.0248   0.0248   0.0002   0.0000  -0.0187  -0.0248    1.001
   158   1.8115  -0.1633   0.0000   0.1019   0.0011   0.0020   0.0141   0.0199   0.0199   0.0002   0.0000  -0.0154  -0.0204    1.024
   159   1.8118  -0.1548   0.0000   0.1007   0.0006   0.0013   0.0167   0.0132   0.0132   0.0002   0.0000  -0.0104  -0.0137    1.038
   160   1.8120  -0.1505   0.0000   0.1001   0.0002   0.0005   0.0185   0.0046   0.0046   0.0001   0.0000  -0.0037  -0.0048    1.046

  Surface # 9     hstab_panel_0 (YDUP)                    
     # Chordwise = 12   # Spanwise = 20     First strip =161
     Surface area Ssurf =    0.043750     Ave. chord Cave =    0.125000

 Forces referred to Sref, Cref, Bref about Xref, Yref, Zref
 Standard axis orientation,  X fwd, Z down         
     CLsurf  =   0.00111     Clsurf  =  -0.00008
     CYsurf  =  -0.00000     Cmsurf  =  -0.00605
     CDsurf  =   0.00001     Cnsurf  =   0.00000
     CDisurf =   0.00001     CDvsurf =   0.00000

 Forces referred to Ssurf, Cave 
     CLsurf  =   0.03251     CDsurf  =   0.00029

 Strip Forces referred to Strip Area, Chord
    j     Xle      Yle      Zle      Chord    Area     c_cl     ai     cl_norm    cl       cd       cdv    cm_c/4     cm_LE   C.P.x/c
   161   1.8000   0.4995   0.0000   0.1499   0.0003   0.0007  -0.1119   0.0045   0.0045   0.0001   0.0000  -0.0028   0.0039    0.868
   162   1.8002   0.4952   0.0000   0.1493   0.0010   0.0020  -0.0105   0.0133   0.0133   0.0002   0.0000  -0.0082   0.0115    0.865
   163   1.8005   0.4867   0.0000   0.1481   0.0016   0.0031   0.0060   0.0213   0.0213   0.0003   0.0000  -0.0130   0.0183    0.860
   164   1.8009   0.4742   0.0000   0.1463   0.0021   0.0041   0.0110   0.0277   0.0277   0.0003   0.0000  -0.0167   0.0236    0.854
   165   1.8014   0.4581   0.0000   0.1440   0.0026   0.0047   0.0116   0.0323   0.0323   0.0003   0.0000  -0.0193   0.0274    0.847
   166   1.8021   0.4387   0.0000   0.1412   0.0029   0.0050   0.0085   0.0352   0.0352   0.0003   0.0000  -0.0208   0.0296    0.841
   167   1.8029   0.4164   0.0000   0.1381   0.0032   0.0051   0.0108   0.0369   0.0369   0.0003   0.0000  -0.0217   0.0309    0.837
   168   1.8037   0.3920   0.0000   0.1346   0.0034   0.0051   0.0097   0.0377   0.0377   0.0003   0.0000  -0.0221   0.0315    0.836
   169   1.8046   0.3659   0.0000   0.1308   0.0035   0.0050   0.0087   0.0380   0.0380   0.0003   0.0000  -0.0223   0.0318    0.838
   170   1.8055   0.3387   0.0000   0.1270   0.0035   0.0048   0.0098   0.0377   0.0377   0.0003   0.0000  -0.0224   0.0318    0.845
   171   1.8065   0.3113   0.0000   0.1230   0.0034   0.0046   0.0083   0.0370   0.0370   0.0003   0.0000  -0.0224   0.0317    0.856
   172   1.8074   0.2841   0.0000   0.1192   0.0032   0.0043   0.0078   0.0360   0.0360   0.0003   0.0000  -0.0224   0.0313    0.871
   173   1.8083   0.2580   0.0000   0.1154   0.0029   0.0040   0.0106   0.0346   0.0346   0.0003   0.0000  -0.0222   0.0309    0.892
   174   1.8091   0.2336   0.0000   0.1119   0.0026   0.0037   0.0082   0.0330   0.0330   0.0003   0.0000  -0.0220   0.0302    0.916
   175   1.8099   0.2113   0.0000   0.1088   0.0023   0.0034   0.0086   0.0309   0.0309   0.0002   0.0000  -0.0214   0.0291    0.944
   176   1.8106   0.1919   0.0000   0.1060   0.0019   0.0030   0.0093   0.0283   0.0283   0.0002   0.0000  -0.0205   0.0275    0.974
   177   1.8111   0.1758   0.0000   0.1037   0.0015   0.0026   0.0118   0.0248   0.0248   0.0002   0.0000  -0.0187   0.0248    1.002
   178   1.8115   0.1633   0.0000   0.1019   0.0011   0.0020   0.0141   0.0199   0.0199   0.0002   0.0000  -0.0154   0.0204    1.025
   179   1.8118   0.1548   0.0000   0.1007   0.0006   0.0013   0.0167   0.0132   0.0132   0.0002   0.0000  -0.0104   0.0137    1.039
   180   1.8120   0.1505   0.0000   0.1001   0.0002   0.0005   0.0185   0.0046   0.0046   0.0001   0.0000  -0.0037   0.0048    1.047

  Surface #10     fin_panel_0                             
     # Chordwise = 12   # Spanwise = 20     First strip =181
     Surface area Ssurf =    0.050000     Ave. chord Cave =    0.125000

 Forces referred to Sref, Cref, Bref about Xref, Yref, Zref
 Standard axis orientation,  X fwd, Z down         
     CLsurf  =   0.00000     Clsurf  =   0.00000
     CYsurf  =   0.00008     Cmsurf  =  -0.00000
     CDsurf  =  -0.00000     Cnsurf  =  -0.00002
     CDisurf =  -0.00000     CDvsurf =   0.00000

 Forces referred to Ssurf, Cave 
     CLsurf  =   0.00204     CDsurf  =  -0.00000

 Strip Forces referred to Strip Area, Chord
    j     Xle      Yle      Zle      Chord    Area     c_cl     ai     cl_norm    cl       cd       cdv    cm_c/4     cm_LE   C.P.x/c
   181   1.8000  -0.5000   0.3994   0.1499   0.0004   0.0001   0.0002   0.0003   0.0003   0.0000   0.0000   0.0003   0.0002   -0.581
   182   1.8002  -0.5000   0.3945   0.1493   0.0011   0.0002   0.0002   0.0010   0.0010   0.0000   0.0000   0.0008   0.0006   -0.536
   183   1.8005  -0.5000   0.3848   0.1481   0.0018   0.0003   0.0003   0.0017   0.0017   0.0000   0.0000   0.0012   0.0008   -0.464
   184   1.8009  -0.5000   0.3705   0.1463   0.0024   0.0003   0.0003   0.0023   0.0023   0.0000   0.0000   0.0015   0.0009   -0.387
   185   1.8014  -0.5000   0.3521   0.1440   0.0029   0.0004   0.0004   0.0028   0.0028  -0.0000   0.0000   0.0016   0.0009   -0.320
   186   1.8021  -0.5000   0.3299   0.1412   0.0034   0.0004   0.0003   0.0032   0.0032  -0.0000   0.0000   0.0017   0.0009   -0.273
   187   1.8029  -0.5000   0.3045   0.1381   0.0037   0.0005   0.0002   0.0033   0.0033  -0.0000   0.0000   0.0017   0.0008   -0.251
   188   1.8037  -0.5000   0.2765   0.1346   0.0039   0.0004   0.0000   0.0032   0.0032  -0.0000   0.0000   0.0016   0.0008   -0.257
   189   1.8046  -0.5000   0.2467   0.1308   0.0040   0.0004  -0.0001   0.0030   0.0030  -0.0000   0.0000   0.0016   0.0009   -0.295
   190   1.8055  -0.5000   0.2157   0.1270   0.0040   0.0003  -0.0003   0.0025   0.0025  -0.0000   0.0000   0.0016   0.0010   -0.382
   191   1.8065  -0.5000   0.1843   0.1230   0.0038   0.0002  -0.0005   0.0019   0.0019  -0.0000   0.0000   0.0016   0.0011   -0.554
   192   1.8074  -0.5000   0.1533   0.1192   0.0036   0.0002  -0.0008   0.0013   0.0013  -0.0000   0.0000   0.0015   0.0012   -0.911
   193   1.8083  -0.5000   0.1235   0.1154   0.0033   0.0001  -0.0010   0.0007   0.0007   0.0000   0.0000   0.0015   0.0013  999.000
   194   1.8091  -0.5000   0.0955   0.1119   0.0030   0.0000  -0.0013   0.0002   0.0002   0.0000   0.0000   0.0013   0.0013  999.000
   195   1.8099  -0.5000   0.0701   0.1088   0.0026  -0.0000  -0.0016  -0.0000  -0.0000   0.0000   0.0000   0.0010   0.0010  999.000
   196   1.8106  -0.5000   0.0479   0.1060   0.0022   0.0000  -0.0018   0.0002   0.0002   0.0000   0.0000   0.0003   0.0003  999.000
   197   1.8111  -0.5000   0.0295   0.1037   0.0017   0.0001  -0.0015   0.0012   0.0012  -0.0000   0.0000  -0.0011  -0.0014    1.142
   198   1.8115  -0.5000   0.0152   0.1019   0.0012   0.0003   0.0000   0.0029   0.0029  -0.0000   0.0000  -0.0033  -0.0041    1.386
   199   1.8118  -0.5000   0.0055   0.1007   0.0007   0.0005   0.0047   0.0050   0.0050  -0.0000   0.0000  -0.0060  -0.0072    1.449
   200   1.8120  -0.5000   0.0006   0.1001   0.0002   0.0006   0.0170   0.0065   0.0065  -0.0003   0.0000  -0.0078  -0.0095    1.460
 ---------------------------------------------------------------
