 ---------------------------------------------------------------
 Surface and Strip Forces by surface

  Sref =  1.2850       Cref = 0.25900       Bref =  4.9540    
  Xref = 0.50000       Yref =  0.0000       Zref =  0.0000    

  Surface # 1     main_wing_panel_0                       
     # Chordwise = 12   # Spanwise = 20     First strip =  1
     Surface area Ssurf =    0.365400     Ave. chord Cave =    0.290000

 Forces referred to Sref, Cref, Bref about Xref, Yref, Zref
 Standard axis orientation,  X fwd, Z down         
     CLsurf  =   0.16446     Clsurf  =  -0.02071
     CYsurf  =  -0.00000     Cmsurf  =   0.02807
     CDsurf  =   0.00128     Cnsurf  =  -0.00109
     CDisurf =   0.00128     CDvsurf =   0.00000

 Forces referred to Ssurf, Cave 
     CLsurf  =   0.57836     CDsurf  =   0.00450

 Strip Forces referred to Strip Area, Chord
    j     Xle      Yle      Zle      Chord    Area     c_cl     ai     cl_norm    cl       cd       cdv    cm_c/4     cm_LE   C.P.x/c
     1   0.4000   0.0019   0.0000   0.2900   0.0022   0.1701   0.0009   0.5875   0.5875   0.0040   0.0000   0.0338  -0.1129    0.193
     2   0.4000   0.0174   0.0000   0.2900   0.0067   0.1701   0.0007   0.5875   0.5875   0.0040   0.0000   0.0338  -0.1129    0.193
     3   0.4000   0.0480   0.0000   0.2900   0.0110   0.1701  -0.0006   0.5874   0.5874   0.0040   0.0000   0.0338  -0.1129    0.193
     4   0.4000   0.0928   0.0000   0.2900   0.0150   0.1701  -0.0065   0.5874   0.5874   0.0040   0.0000   0.0338  -0.1129    0.193
     5   0.4000   0.1509   0.0000   0.2900   0.0186   0.1700  -0.1166   0.5872   0.5872   0.0041   0.0000   0.0338  -0.1128    0.193
     6   0.4000   0.2208   0.0000   0.2900   0.0218   0.1699  -0.0644   0.5868   0.5868   0.0041   0.0000   0.0337  -0.1128    0.193
     7   0.4000   0.3008   0.0000   0.2900   0.0244   0.1698   0.0490   0.5862   0.5862   0.0041   0.0000   0.0337  -0.1126    0.192
     8   0.4000   0.3889   0.0000   0.2900   0.0265   0.1695   0.0327   0.5853   0.5853   0.0042   0.0000   0.0337  -0.1124    0.192
     9   0.4000   0.4829   0.0000   0.2900   0.0279   0.1692  -0.1158   0.5841   0.5841   0.0042   0.0000   0.0336  -0.1122    0.192
    10   0.4000   0.5806   0.0000   0.2900   0.0286   0.1687   0.0374   0.5825   0.5825   0.0043   0.0000   0.0336  -0.1119    0.192
    11   0.4000   0.6794   0.0000   0.2900   0.0286   0.1681   0.0234   0.5805   0.5805   0.0044   0.0000   0.0335  -0.1114    0.192
    12   0.4000   0.7771   0.0000   0.2900   0.0279   0.1674   0.1991   0.5780   0.5780   0.0045   0.0000   0.0334  -0.1109    0.192
    13   0.4000   0.8711   0.0000   0.2900   0.0265   0.1666  -0.0196   0.5752   0.5752   0.0047   0.0000   0.0333  -0.1103    0.192
    14   0.4000   0.9592   0.0000   0.2900   0.0244   0.1656   0.0080   0.5720   0.5720   0.0048   0.0000   0.0331  -0.1096    0.192
    15   0.4000   1.0392   0.0000   0.2900   0.0218   0.1646   0.0125   0.5685   0.5685   0.0050   0.0000   0.0330  -0.1089    0.192
    16   0.4000   1.1091   0.0000   0.2900   0.0186   0.1636   0.0147   0.5650   0.5650   0.0051   0.0000   0.0329  -0.1082    0.192
    17   0.4000   1.1672   0.0000   0.2900   0.0150   0.1626   0.0161   0.5616   0.5616   0.0053   0.0000   0.0328  -0.1075    0.192
    18   0.4000   1.2120   0.0000   0.2900   0.0110   0.1618   0.0171   0.5586   0.5586   0.0055   0.0000   0.0326  -0.1068    0.192
    19   0.4000   1.2426   0.0000   0.2900   0.0067   0.1612   0.0178   0.5564   0.5564   0.0056   0.0000   0.0325  -0.1064    0.192
    20   0.4000   1.2581   0.0000   0.2900   0.0022   0.1608   0.0181   0.5552   0.5552   0.0062   0.0000   0.0325  -0.1061    0.191

  Surface # 2     main_wing_panel_0 (YDUP)                
     # Chordwise = 12   # Spanwise = 20     First strip = 21
     Surface area Ssurf =    0.365400     Ave. chord Cave =    0.290000

 Forces referred to Sref, Cref, Bref about Xref, Yref, Zref
 Standard axis orientation,  X fwd, Z down         
     CLsurf  =   0.16446     Clsurf  =   0.02071
     CYsurf  =   0.00000     Cmsurf  =   0.02807
     CDsurf  =   0.00128     Cnsurf  =   0.00109
     CDisurf =   0.00128     CDvsurf =   0.00000

 Forces referred to Ssurf, Cave 
     CLsurf  =   0.57836     CDsurf  =   0.00450

 Strip Forces referred to Strip Area, Chord
    j     Xle      Yle      Zle      Chord    Area     c_cl     ai     cl_norm    cl       cd       cdv    cm_c/4     cm_LE   C.P.x/c
    21   0.4000  -0.0019   0.0000   0.2900   0.0022   0.1701   0.0009   0.5875   0.5875   0.0040   0.0000   0.0338   0.1129    0.193
    22   0.4000  -0.0174   0.0000   0.2900   0.0067   0.1701   0.0007   0.5875   0.5875   0.0040   0.0000   0.0338   0.1129    0.193
    23   0.4000  -0.0480   0.0000   0.2900   0.0110   0.1701  -0.0006   0.5874   0.5874   0.0040   0.0000   0.0338   0.1129    0.193
    24   0.4000  -0.0928   0.0000   0.2900   0.0150   0.1701  -0.0066   0.5874   0.5874   0.0040   0.0000   0.0338   0.1129    0.193
    25   0.4000  -0.1509   0.0000   0.2900   0.0186   0.1700  -0.1174   0.5872   0.5872   0.0041   0.0000   0.0338   0.1128    0.193
    26   0.4000  -0.2208   0.0000   0.2900   0.0218   0.1699  -0.0671   0.5868   0.5868   0.0041   0.0000   0.0337   0.1128    0.193
    27   0.4000  -0.3008   0.0000   0.2900   0.0244   0.1698   0.0516   0.5862   0.5862   0.0041   0.0000   0.0337   0.1126    0.192
    28   0.4000  -0.3889   0.0000   0.2900   0.0265   0.1695   0.0333   0.5853   0.5853   0.0041   0.0000   0.0337   0.1125    0.192
    29   0.4000  -0.4829   0.0000   0.2900   0.0279   0.1692  -0.0581   0.5841   0.5841   0.0042   0.0000   0.0336   0.1122    0.192
    30   0.4000  -0.5806   0.0000   0.2900   0.0286   0.1687   0.0416   0.5825   0.5825   0.0043   0.0000   0.0336   0.1119    0.192
    31   0.4000  -0.6794   0.0000   0.2900   0.0286   0.1681   0.0266   0.5805   0.5805   0.0044   0.0000   0.0335   0.1114    0.192
    32   0.4000  -0.7771   0.0000   0.2900   0.0279   0.1674   0.1956   0.5780   0.5780   0.0045   0.0000   0.0334   0.1109    0.192
    33   0.4000  -0.8711   0.0000   0.2900   0.0265   0.1666  -0.0195   0.5752   0.5752   0.0047   0.0000   0.0333   0.1103    0.192
    34   0.4000  -0.9592   0.0000   0.2900   0.0244   0.1656   0.0079   0.5720   0.5720   0.0048   0.0000   0.0331   0.1096    0.192
    35   0.4000  -1.0392   0.0000   0.2900   0.0218   0.1646   0.0125   0.5685   0.5685   0.0050   0.0000   0.0330   0.1089    0.192
    36   0.4000  -1.1091   0.0000   0.2900   0.0186   0.1636   0.0147   0.5650   0.5650   0.0051   0.0000   0.0329   0.1082    0.192
    37   0.4000  -1.1672   0.0000   0.2900   0.0150   0.1626   0.0161   0.5616   0.5616   0.0053   0.0000   0.0328   0.1075    0.192
    38   0.4000  -1.2120   0.0000   0.2900   0.0110   0.1618   0.0171   0.5586   0.5586   0.0055   0.0000   0.0326   0.1068    0.192
    39   0.4000  -1.2426   0.0000   0.2900   0.0067   0.1612   0.0177   0.5564   0.5564   0.0056   0.0000   0.0325   0.1064    0.192
    40   0.4000  -1.2581   0.0000   0.2900   0.0022   0.1608   0.0181   0.5552   0.5552   0.0062   0.0000   0.0325   0.1061    0.191

  Surface # 3     main_wing_panel_1                       
     # Chordwise = 12   # Spanwise = 20     First strip = 41
     Surface area Ssurf =    0.275268     Ave. chord Cave =    0.226186

 Forces referred to Sref, Cref, Bref about Xref, Yref, Zref
 Standard axis orientation,  X fwd, Z down         
     CLsurf  =   0.11371     Clsurf  =  -0.04047
     CYsurf  =  -0.00047     Cmsurf  =   0.01873
     CDsurf  =   0.00128     Cnsurf  =  -0.00198
     CDisurf =   0.00128     CDvsurf =   0.00000

 Forces referred to Ssurf, Cave 
     CLsurf  =   0.53082     CDsurf  =   0.00600

 Strip Forces referred to Strip Area, Chord
    j     Xle      Yle      Zle      Chord    Area     c_cl     ai     cl_norm    cl       cd       cdv    cm_c/4     cm_LE   C.P.x/c
    41   0.4000   1.2617   0.0000   0.2899   0.0020   0.1608   0.0182   0.5551   0.5551   0.0062   0.0000   0.0325  -0.1061    0.191
    42   0.4001   1.2754   0.0000   0.2895   0.0059   0.1604   0.0183   0.5547   0.5547   0.0057   0.0000   0.0325  -0.1060    0.191
    43   0.4003   1.3025   0.0000   0.2887   0.0097   0.1597   0.0185   0.5539   0.5539   0.0057   0.0000   0.0325  -0.1058    0.191
    44   0.4005   1.3423   0.0000   0.2876   0.0132   0.1586   0.0190   0.5523   0.5523   0.0057   0.0000   0.0325  -0.1054    0.191
    45   0.4009   1.3938   0.0000   0.2861   0.0163   0.1571   0.0196   0.5498   0.5498   0.0058   0.0000   0.0325  -0.1048    0.191
    46   0.4013   1.4558   0.0000   0.2842   0.0189   0.1550   0.0204   0.5459   0.5459   0.0059   0.0000   0.0324  -0.1039    0.191
    47   0.4017   1.5267   0.0000   0.2821   0.0211   0.1522   0.0215   0.5400   0.5400   0.0062   0.0000   0.0322  -0.1026    0.190
    48   0.4034   1.6218   0.0000   0.2760   0.0319   0.1479   0.0222   0.5367   0.5367   0.0063   0.0000   0.0324  -0.1016    0.190
    49   0.4064   1.7407   0.0000   0.2654   0.0323   0.1415   0.0230   0.5336   0.5336   0.0063   0.0000   0.0329  -0.1003    0.188
    50   0.4095   1.8476   0.0000   0.2533   0.0232   0.1339   0.0235   0.5293   0.5292   0.0064   0.0000   0.0332  -0.0989    0.187
    51   0.4125   1.9394   0.0000   0.2397   0.0219   0.1258   0.0237   0.5253   0.5253   0.0065   0.0000   0.0333  -0.0978    0.187
    52   0.4161   2.0215   0.0000   0.2255   0.0163   0.1172   0.0241   0.5202   0.5202   0.0064   0.0000   0.0334  -0.0963    0.186
    53   0.4201   2.0922   0.0000   0.2109   0.0145   0.1081   0.0246   0.5133   0.5132   0.0062   0.0000   0.0335  -0.0945    0.185
    54   0.4256   2.1823   0.0000   0.1881   0.0207   0.0964   0.0243   0.5128   0.5128   0.0061   0.0000   0.0338  -0.0941    0.184
    55   0.4331   2.2799   0.0000   0.1570   0.0133   0.0803   0.0235   0.5120   0.5120   0.0058   0.0000   0.0343  -0.0932    0.183
    56   0.4393   2.3401   0.0000   0.1327   0.0049   0.0666   0.0228   0.5025   0.5025   0.0049   0.0000   0.0347  -0.0901    0.181
    57   0.4433   2.3732   0.0000   0.1167   0.0034   0.0555   0.0228   0.4761   0.4761   0.0045   0.0000   0.0340  -0.0842    0.179
    58   0.4499   2.4149   0.0000   0.0897   0.0046   0.0422   0.0202   0.4711   0.4711   0.0039   0.0000   0.0354  -0.0810    0.175
    59   0.4623   2.4550   0.0000   0.0412   0.0012   0.0226  -0.0048   0.5506   0.5504  -0.0058   0.0000   0.0455  -0.0825    0.167
    60   0.4718   2.4745   0.0000   0.0046   0.0000   0.0049  -0.1162   1.0690   1.0686  -0.0847   0.0000   0.0835  -0.1635    0.172

  Surface # 4     main_wing_panel_1 (YDUP)                
     # Chordwise = 12   # Spanwise = 20     First strip = 61
     Surface area Ssurf =    0.275268     Ave. chord Cave =    0.226186

 Forces referred to Sref, Cref, Bref about Xref, Yref, Zref
 Standard axis orientation,  X fwd, Z down         
     CLsurf  =   0.11371     Clsurf  =   0.04047
     CYsurf  =   0.00047     Cmsurf  =   0.01873
     CDsurf  =   0.00128     Cnsurf  =   0.00198
     CDisurf =   0.00128     CDvsurf =   0.00000

 Forces referred to Ssurf, Cave 
     CLsurf  =   0.53083     CDsurf  =   0.00600

 Strip Forces referred to Strip Area, Chord
    j     Xle      Yle      Zle      Chord    Area     c_cl     ai     cl_norm    cl       cd       cdv    cm_c/4     cm_LE   C.P.x/c
    61   0.4000  -1.2617   0.0000   0.2899   0.0020   0.1608   0.0182   0.5551   0.5551   0.0062   0.0000   0.0325   0.1061    0.191
    62   0.4001  -1.2754   0.0000   0.2895   0.0059   0.1604   0.0183   0.5548   0.5547   0.0057   0.0000   0.0325   0.1060    0.191
    63   0.4003  -1.3025   0.0000   0.2887   0.0097   0.1597   0.0185   0.5539   0.5539   0.0057   0.0000   0.0325   0.1058    0.191
    64   0.4005  -1.3423   0.0000   0.2876   0.0132   0.1586   0.0190   0.5523   0.5523   0.0057   0.0000   0.0325   0.1054    0.191
    65   0.4009  -1.3938   0.0000   0.2861   0.0163   0.1571   0.0196   0.5498   0.5498   0.0058   0.0000   0.0325   0.1048    0.191
    66   0.4013  -1.4558   0.0000   0.2842   0.0189   0.1550   0.0204   0.5459   0.5459   0.0059   0.0000   0.0324   0.1039    0.191
    67   0.4017  -1.5267   0.0000   0.2821   0.0211   0.1522   0.0215   0.5400   0.5400   0.0062   0.0000   0.0322   0.1026    0.190
    68   0.4034  -1.6218   0.0000   0.2760   0.0319   0.1480   0.0222   0.5367   0.5367   0.0063   0.0000   0.0324   0.1016    0.190
    69   0.4064  -1.7407   0.0000   0.2654   0.0323   0.1415   0.0230   0.5336   0.5336   0.0063   0.0000   0.0329   0.1003    0.188
    70   0.4095  -1.8476   0.0000   0.2533   0.0232   0.1339   0.0235   0.5293   0.5293   0.0064   0.0000   0.0332   0.0989    0.187
    71   0.4125  -1.9394   0.0000   0.2397   0.0219   0.1258   0.0237   0.5253   0.5253   0.0065   0.0000   0.0333   0.0978    0.187
    72   0.4161  -2.0215   0.0000   0.2255   0.0163   0.1172   0.0241   0.5202   0.5202   0.0064   0.0000   0.0334   0.0963    0.186
    73   0.4201  -2.0922   0.0000   0.2109   0.0145   0.1081   0.0246   0.5133   0.5133   0.0062   0.0000   0.0335   0.0945    0.185
    74   0.4256  -2.1823   0.0000   0.1881   0.0207   0.0964   0.0243   0.5128   0.5128   0.0061   0.0000   0.0338   0.0941    0.184
    75   0.4331  -2.2799   0.0000   0.1570   0.0133   0.0803   0.0235   0.5120   0.5120   0.0058   0.0000   0.0343   0.0932    0.183
    76   0.4393  -2.3401   0.0000   0.1327   0.0049   0.0666   0.0228   0.5025   0.5025   0.0049   0.0000   0.0347   0.0901    0.181
    77   0.4433  -2.3732   0.0000   0.1167   0.0034   0.0555   0.0228   0.4761   0.4761   0.0045   0.0000   0.0340   0.0842    0.179
    78   0.4499  -2.4149   0.0000   0.0897   0.0046   0.0422   0.0202   0.4711   0.4711   0.0039   0.0000   0.0354   0.0810    0.175
    79   0.4623  -2.4550   0.0000   0.0412   0.0012   0.0226  -0.0048   0.5506   0.5504  -0.0058   0.0000   0.0455   0.0825    0.167
    80   0.4718  -2.4745   0.0000   0.0046   0.0000   0.0049  -0.1162   1.0690   1.0686  -0.0847   0.0000   0.0835   0.1635    0.172

  Surface # 5     hstab_panel_0                           
     # Chordwise = 12   # Spanwise = 20     First strip = 81
     Surface area Ssurf =    0.043750     Ave. chord Cave =    0.125000

 Forces referred to Sref, Cref, Bref about Xref, Yref, Zref
 Standard axis orientation,  X fwd, Z down         
     CLsurf  =   0.00462     Clsurf  =  -0.00062
     CYsurf  =  -0.00003     Cmsurf  =  -0.02389
     CDsurf  =   0.00015     Cnsurf  =  -0.00001
     CDisurf =   0.00015     CDvsurf =   0.00000

 Forces referred to Ssurf, Cave 
     CLsurf  =   0.13562     CDsurf  =   0.00428

 Strip Forces referred to Strip Area, Chord
    j     Xle      Yle      Zle      Chord    Area     c_cl     ai     cl_norm    cl       cd       cdv    cm_c/4     cm_LE   C.P.x/c
    81   1.8000   0.5005   0.0000   0.1499   0.0003   0.0116  -0.3751   0.0768   0.0768   0.0072   0.0000   0.0002  -0.0191    0.248
    82   1.8002   0.5048   0.0000   0.1493   0.0010   0.0132  -0.0537   0.0885   0.0885   0.0040   0.0000   0.0001  -0.0220    0.249
    83   1.8005   0.5133   0.0000   0.1481   0.0016   0.0151   0.0032   0.1019   0.1019   0.0039   0.0000  -0.0002  -0.0257    0.252
    84   1.8009   0.5258   0.0000   0.1463   0.0021   0.0169   0.0296   0.1156   0.1156   0.0040   0.0000  -0.0009  -0.0298    0.257
    85   1.8014   0.5419   0.0000   0.1440   0.0026   0.0184   0.0284   0.1279   0.1279   0.0042   0.0000  -0.0016  -0.0336    0.263
    86   1.8021   0.5613   0.0000   0.1412   0.0029   0.0195   0.0338   0.1378   0.1378   0.0043   0.0000  -0.0024  -0.0368    0.267
    87   1.8029   0.5836   0.0000   0.1381   0.0032   0.0201   0.0352   0.1455   0.1455   0.0044   0.0000  -0.0031  -0.0394    0.271
    88   1.8037   0.6080   0.0000   0.1346   0.0034   0.0203   0.0365   0.1511   0.1511   0.0045   0.0000  -0.0036  -0.0414    0.274
    89   1.8046   0.6341   0.0000   0.1308   0.0035   0.0203   0.0232   0.1549   0.1549   0.0046   0.0000  -0.0040  -0.0427    0.276
    90   1.8055   0.6613   0.0000   0.1270   0.0035   0.0199   0.0332   0.1568   0.1568   0.0046   0.0000  -0.0042  -0.0433    0.277
    91   1.8065   0.6887   0.0000   0.1230   0.0034   0.0193   0.0347   0.1567   0.1567   0.0046   0.0000  -0.0042  -0.0433    0.277
    92   1.8074   0.7159   0.0000   0.1192   0.0032   0.0184   0.0387   0.1547   0.1547   0.0046   0.0000  -0.0040  -0.0426    0.276
    93   1.8083   0.7420   0.0000   0.1154   0.0029   0.0173   0.0314   0.1502   0.1502   0.0045   0.0000  -0.0036  -0.0411    0.274
    94   1.8091   0.7664   0.0000   0.1119   0.0026   0.0160   0.0361   0.1429   0.1429   0.0044   0.0000  -0.0029  -0.0386    0.270
    95   1.8099   0.7887   0.0000   0.1088   0.0023   0.0144   0.0393   0.1321   0.1321   0.0042   0.0000  -0.0019  -0.0349    0.264
    96   1.8106   0.8081   0.0000   0.1060   0.0019   0.0124   0.0440   0.1173   0.1173   0.0039   0.0000  -0.0007  -0.0300    0.256
    97   1.8111   0.8242   0.0000   0.1037   0.0015   0.0102   0.1834   0.0981   0.0981   0.0034   0.0000   0.0006  -0.0239    0.244
    98   1.8115   0.8367   0.0000   0.1019   0.0011   0.0076   0.0394   0.0742   0.0742   0.0027   0.0000   0.0015  -0.0171    0.230
    99   1.8118   0.8452   0.0000   0.1007   0.0006   0.0047   0.0436   0.0464   0.0464   0.0019   0.0000   0.0016  -0.0100    0.215
   100   1.8120   0.8495   0.0000   0.1001   0.0002   0.0016   0.0454   0.0158   0.0158   0.0007   0.0000   0.0007  -0.0032    0.204

  Surface # 6     hstab_panel_0 (YDUP)                    
     # Chordwise = 12   # Spanwise = 20     First strip =101
     Surface area Ssurf =    0.043750     Ave. chord Cave =    0.125000

 Forces referred to Sref, Cref, Bref about Xref, Yref, Zref
 Standard axis orientation,  X fwd, Z down         
     CLsurf  =   0.00425     Clsurf  =   0.00058
     CYsurf  =   0.00002     Cmsurf  =  -0.02199
     CDsurf  =   0.00013     Cnsurf  =   0.00001
     CDisurf =   0.00013     CDvsurf =   0.00000

 Forces referred to Ssurf, Cave 
     CLsurf  =   0.12493     CDsurf  =   0.00392

 Strip Forces referred to Strip Area, Chord
    j     Xle      Yle      Zle      Chord    Area     c_cl     ai     cl_norm    cl       cd       cdv    cm_c/4     cm_LE   C.P.x/c
   101   1.8000  -0.5005   0.0000   0.1499   0.0003   0.0018  -0.1758   0.0119   0.0119   0.0005   0.0000   0.0006   0.0024    0.199
   102   1.8002  -0.5048   0.0000   0.1493   0.0010   0.0053  -0.0306   0.0356   0.0356   0.0014   0.0000   0.0015   0.0074    0.208
   103   1.8005  -0.5133   0.0000   0.1481   0.0016   0.0087   0.0047   0.0590   0.0590   0.0022   0.0000   0.0018   0.0130    0.220
   104   1.8009  -0.5258   0.0000   0.1463   0.0021   0.0120   0.0277   0.0818   0.0818   0.0029   0.0000   0.0013   0.0191    0.234
   105   1.8014  -0.5419   0.0000   0.1440   0.0026   0.0148   0.0279   0.1025   0.1025   0.0034   0.0000   0.0004   0.0252    0.246
   106   1.8021  -0.5613   0.0000   0.1412   0.0029   0.0169   0.0344   0.1195   0.1195   0.0039   0.0000  -0.0007   0.0305    0.256
   107   1.8029  -0.5836   0.0000   0.1381   0.0032   0.0183   0.0363   0.1325   0.1325   0.0042   0.0000  -0.0018   0.0349    0.263
   108   1.8037  -0.6080   0.0000   0.1346   0.0034   0.0191   0.0376   0.1421   0.1421   0.0044   0.0000  -0.0027   0.0382    0.269
   109   1.8046  -0.6341   0.0000   0.1308   0.0035   0.0194   0.0241   0.1486   0.1486   0.0045   0.0000  -0.0033   0.0404    0.272
   110   1.8055  -0.6613   0.0000   0.1270   0.0035   0.0193   0.0339   0.1524   0.1524   0.0045   0.0000  -0.0037   0.0418    0.274
   111   1.8065  -0.6887   0.0000   0.1230   0.0034   0.0189   0.0352   0.1537   0.1537   0.0046   0.0000  -0.0039   0.0423    0.275
   112   1.8074  -0.7159   0.0000   0.1192   0.0032   0.0182   0.0391   0.1525   0.1525   0.0046   0.0000  -0.0038   0.0419    0.275
   113   1.8083  -0.7420   0.0000   0.1154   0.0029   0.0172   0.0317   0.1487   0.1487   0.0045   0.0000  -0.0034   0.0406    0.273
   114   1.8091  -0.7664   0.0000   0.1119   0.0026   0.0159   0.0363   0.1418   0.1418   0.0044   0.0000  -0.0028   0.0382    0.270
   115   1.8099  -0.7887   0.0000   0.1088   0.0023   0.0143   0.0394   0.1313   0.1313   0.0042   0.0000  -0.0018   0.0346    0.264
   116   1.8106  -0.8081   0.0000   0.1060   0.0019   0.0124   0.0440   0.1167   0.1167   0.0039   0.0000  -0.0006   0.0298    0.255
   117   1.8111  -0.8242   0.0000   0.1037   0.0015   0.0101   0.1835   0.0976   0.0976   0.0034   0.0000   0.0006   0.0238    0.244
   118   1.8115  -0.8367   0.0000   0.1019   0.0011   0.0075   0.0395   0.0740   0.0740   0.0027   0.0000   0.0015   0.0170    0.230
   119   1.8118  -0.8452   0.0000   0.1007   0.0006   0.0047   0.0437   0.0463   0.0463   0.0018   0.0000   0.0016   0.0099    0.215
   120   1.8120  -0.8495   0.0000   0.1001   0.0002   0.0016   0.0455   0.0158   0.0158   0.0007   0.0000   0.0007   0.0032    0.204

  Surface # 7     fin_panel_0                             
     # Chordwise = 12   # Spanwise = 20     First strip =121
     Surface area Ssurf =    0.050000     Ave. chord Cave =    0.125000

 Forces referred to Sref, Cref, Bref about Xref, Yref, Zref
 Standard axis orientation,  X fwd, Z down         
     CLsurf  =   0.00000     Clsurf  =  -0.00002
     CYsurf  =  -0.00021     Cmsurf  =   0.00000
     CDsurf  =  -0.00000     Cnsurf  =   0.00006
     CDisurf =  -0.00000     CDvsurf =   0.00000

 Forces referred to Ssurf, Cave 
     CLsurf  =  -0.00529     CDsurf  =  -0.00009

 Strip Forces referred to Strip Area, Chord
    j     Xle      Yle      Zle      Chord    Area     c_cl     ai     cl_norm    cl       cd       cdv    cm_c/4     cm_LE   C.P.x/c
   121   1.8000   0.5000   0.3994   0.1499   0.0004  -0.0003  -0.0056  -0.0021  -0.0021   0.0000   0.0000   0.0004   0.0010    0.458
   122   1.8002   0.5000   0.3945   0.1493   0.0011  -0.0009  -0.0053  -0.0062  -0.0062   0.0000   0.0000   0.0013   0.0028    0.459
   123   1.8005   0.5000   0.3848   0.1481   0.0018  -0.0015  -0.0048  -0.0099  -0.0098   0.0000   0.0000   0.0021   0.0045    0.459
   124   1.8009   0.5000   0.3705   0.1463   0.0024  -0.0019  -0.0042  -0.0130  -0.0129   0.0000   0.0000   0.0027   0.0059    0.456
   125   1.8014   0.5000   0.3521   0.1440   0.0029  -0.0022  -0.0036  -0.0155  -0.0154   0.0000   0.0000   0.0031   0.0070    0.453
   126   1.8021   0.5000   0.3299   0.1412   0.0034  -0.0024  -0.0031  -0.0173  -0.0172   0.0000   0.0000   0.0035   0.0077    0.450
   127   1.8029   0.5000   0.3045   0.1381   0.0037  -0.0025  -0.0027  -0.0185  -0.0184   0.0000   0.0000   0.0037   0.0083    0.449
   128   1.8037   0.5000   0.2765   0.1346   0.0039  -0.0026  -0.0025  -0.0191  -0.0190   0.0000   0.0000   0.0038   0.0085    0.449
   129   1.8046   0.5000   0.2467   0.1308   0.0040  -0.0025  -0.0024  -0.0190  -0.0189   0.0000   0.0000   0.0038   0.0085    0.452
   130   1.8055   0.5000   0.2157   0.1270   0.0040  -0.0023  -0.0024  -0.0181  -0.0181   0.0000   0.0000   0.0038   0.0083    0.460
   131   1.8065   0.5000   0.1843   0.1230   0.0038  -0.0020  -0.0026  -0.0164  -0.0163   0.0000   0.0000   0.0037   0.0077    0.475
   132   1.8074   0.5000   0.1533   0.1192   0.0036  -0.0016  -0.0029  -0.0134  -0.0133   0.0000   0.0000   0.0034   0.0067    0.507
   133   1.8083   0.5000   0.1235   0.1154   0.0033  -0.0010  -0.0034  -0.0087  -0.0086   0.0000   0.0000   0.0030   0.0051    0.597
   134   1.8091   0.5000   0.0955   0.1119   0.0030  -0.0002  -0.0038  -0.0015  -0.0015   0.0000   0.0000   0.0024   0.0027    1.789
   135   1.8099   0.5000   0.0701   0.1088   0.0026   0.0010  -0.0034   0.0091   0.0091  -0.0000   0.0000   0.0014  -0.0008    0.090
   136   1.8106   0.5000   0.0479   0.1060   0.0022   0.0026  -0.0008   0.0244   0.0243  -0.0001   0.0000   0.0003  -0.0057    0.237
   137   1.8111   0.5000   0.0295   0.1037   0.0017   0.0046   0.0076   0.0450   0.0448  -0.0003   0.0000  -0.0007  -0.0119    0.266
   138   1.8115   0.5000   0.0152   0.1019   0.0012   0.0070   0.0272   0.0688   0.0685  -0.0008   0.0000  -0.0012  -0.0182    0.268
   139   1.8118   0.5000   0.0055   0.1007   0.0007   0.0091   0.0688   0.0909   0.0905  -0.0017   0.0000  -0.0008  -0.0233    0.259
   140   1.8120   0.5000   0.0006   0.1001   0.0002   0.0106   0.2338   0.1061   0.1057  -0.0090   0.0000  -0.0002  -0.0265    0.252

  Surface # 8     hstab_panel_0                           
     # Chordwise = 12   # Spanwise = 20     First strip =141
     Surface area Ssurf =    0.043750     Ave. chord Cave =    0.125000

 Forces referred to Sref, Cref, Bref about Xref, Yref, Zref
 Standard axis orientation,  X fwd, Z down         
     CLsurf  =   0.00481     Clsurf  =   0.00033
     CYsurf  =  -0.00003     Cmsurf  =  -0.02490
     CDsurf  =   0.00015     Cnsurf  =   0.00002
     CDisurf =   0.00015     CDvsurf =   0.00000

 Forces referred to Ssurf, Cave 
     CLsurf  =   0.14138     CDsurf  =   0.00433

 Strip Forces referred to Strip Area, Chord
    j     Xle      Yle      Zle      Chord    Area     c_cl     ai     cl_norm    cl       cd       cdv    cm_c/4     cm_LE   C.P.x/c
   141   1.8000  -0.4995   0.0000   0.1499   0.0003   0.0123  -0.3650   0.0815   0.0815   0.0077   0.0000  -0.0001  -0.0205    0.251
   142   1.8002  -0.4952   0.0000   0.1493   0.0010   0.0139  -0.0519   0.0933   0.0933   0.0042   0.0000  -0.0002  -0.0236    0.252
   143   1.8005  -0.4867   0.0000   0.1481   0.0016   0.0158   0.0023   0.1066   0.1066   0.0041   0.0000  -0.0006  -0.0273    0.256
   144   1.8009  -0.4742   0.0000   0.1463   0.0021   0.0176   0.0229   0.1203   0.1203   0.0042   0.0000  -0.0012  -0.0313    0.260
   145   1.8014  -0.4581   0.0000   0.1440   0.0026   0.0191   0.0303   0.1326   0.1326   0.0043   0.0000  -0.0020  -0.0351    0.265
   146   1.8021  -0.4387   0.0000   0.1412   0.0029   0.0201   0.0254   0.1426   0.1426   0.0044   0.0000  -0.0027  -0.0384    0.269
   147   1.8029  -0.4164   0.0000   0.1381   0.0032   0.0208   0.0353   0.1505   0.1505   0.0045   0.0000  -0.0034  -0.0410    0.272
   148   1.8037  -0.3920   0.0000   0.1346   0.0034   0.0210   0.0337   0.1564   0.1564   0.0046   0.0000  -0.0039  -0.0430    0.275
   149   1.8046  -0.3659   0.0000   0.1308   0.0035   0.0210   0.0323   0.1605   0.1605   0.0046   0.0000  -0.0042  -0.0443    0.276
   150   1.8055  -0.3387   0.0000   0.1270   0.0035   0.0207   0.0364   0.1628   0.1628   0.0046   0.0000  -0.0044  -0.0451    0.277
   151   1.8065  -0.3113   0.0000   0.1230   0.0034   0.0201   0.0328   0.1632   0.1632   0.0046   0.0000  -0.0044  -0.0452    0.277
   152   1.8074  -0.2841   0.0000   0.1192   0.0032   0.0192   0.0324   0.1615   0.1615   0.0046   0.0000  -0.0042  -0.0446    0.276
   153   1.8083  -0.2580   0.0000   0.1154   0.0029   0.0182   0.0416   0.1573   0.1573   0.0045   0.0000  -0.0038  -0.0431    0.274
   154   1.8091  -0.2336   0.0000   0.1119   0.0026   0.0168   0.0350   0.1502   0.1502   0.0044   0.0000  -0.0030  -0.0406    0.270
   155   1.8099  -0.2113   0.0000   0.1088   0.0023   0.0152   0.0363   0.1393   0.1393   0.0042   0.0000  -0.0020  -0.0368    0.264
   156   1.8106  -0.1919   0.0000   0.1060   0.0019   0.0131   0.0373   0.1240   0.1240   0.0039   0.0000  -0.0007  -0.0317    0.256
   157   1.8111  -0.1758   0.0000   0.1037   0.0015   0.0108   0.0414   0.1039   0.1039   0.0034   0.0000   0.0006  -0.0253    0.244
   158   1.8115  -0.1633   0.0000   0.1019   0.0011   0.0080   0.0429   0.0788   0.0788   0.0028   0.0000   0.0016  -0.0181    0.230
   159   1.8118  -0.1548   0.0000   0.1007   0.0006   0.0050   0.0444   0.0493   0.0493   0.0019   0.0000   0.0017  -0.0106    0.215
   160   1.8120  -0.1505   0.0000   0.1001   0.0002   0.0017   0.0455   0.0168   0.0168   0.0007   0.0000   0.0008  -0.0034    0.204

  Surface # 9     hstab_panel_0 (YDUP)                    
     # Chordwise = 12   # Spanwise = 20     First strip =161
     Surface area Ssurf =    0.043750     Ave. chord Cave =    0.125000

 Forces referred to Sref, Cref, Bref about Xref, Yref, Zref
 Standard axis orientation,  X fwd, Z down         
     CLsurf  =   0.00442     Clsurf  =  -0.00029
     CYsurf  =   0.00003     Cmsurf  =  -0.02284
     CDsurf  =   0.00013     Cnsurf  =  -0.00002
     CDisurf =   0.00013     CDvsurf =   0.00000

 Forces referred to Ssurf, Cave 
     CLsurf  =   0.12976     CDsurf  =   0.00395

 Strip Forces referred to Strip Area, Chord
    j     Xle      Yle      Zle      Chord    Area     c_cl     ai     cl_norm    cl       cd       cdv    cm_c/4     cm_LE   C.P.x/c
   161   1.8000   0.4995   0.0000   0.1499   0.0003   0.0018  -0.1766   0.0122   0.0122   0.0005   0.0000   0.0006   0.0025    0.203
   162   1.8002   0.4952   0.0000   0.1493   0.0010   0.0055  -0.0318   0.0365   0.0365   0.0015   0.0000   0.0014   0.0077    0.211
   163   1.8005   0.4867   0.0000   0.1481   0.0016   0.0090   0.0028   0.0607   0.0607   0.0022   0.0000   0.0016   0.0135    0.223
   164   1.8009   0.4742   0.0000   0.1463   0.0021   0.0123   0.0209   0.0841   0.0841   0.0029   0.0000   0.0012   0.0198    0.236
   165   1.8014   0.4581   0.0000   0.1440   0.0026   0.0152   0.0299   0.1053   0.1053   0.0035   0.0000   0.0002   0.0261    0.248
   166   1.8021   0.4387   0.0000   0.1412   0.0029   0.0173   0.0262   0.1228   0.1228   0.0039   0.0000  -0.0009   0.0316    0.257
   167   1.8029   0.4164   0.0000   0.1381   0.0032   0.0188   0.0365   0.1364   0.1364   0.0042   0.0000  -0.0020   0.0361    0.265
   168   1.8037   0.3920   0.0000   0.1346   0.0034   0.0197   0.0350   0.1464   0.1464   0.0044   0.0000  -0.0029   0.0395    0.270
   169   1.8046   0.3659   0.0000   0.1308   0.0035   0.0201   0.0333   0.1535   0.1535   0.0045   0.0000  -0.0035   0.0419    0.273
   170   1.8055   0.3387   0.0000   0.1270   0.0035   0.0200   0.0372   0.1578   0.1578   0.0046   0.0000  -0.0039   0.0434    0.275
   171   1.8065   0.3113   0.0000   0.1230   0.0034   0.0196   0.0335   0.1596   0.1596   0.0046   0.0000  -0.0041   0.0440    0.276
   172   1.8074   0.2841   0.0000   0.1192   0.0032   0.0189   0.0329   0.1590   0.1590   0.0046   0.0000  -0.0040   0.0437    0.275
   173   1.8083   0.2580   0.0000   0.1154   0.0029   0.0179   0.0419   0.1555   0.1555   0.0045   0.0000  -0.0036   0.0424    0.273
   174   1.8091   0.2336   0.0000   0.1119   0.0026   0.0167   0.0353   0.1488   0.1488   0.0044   0.0000  -0.0029   0.0401    0.270
   175   1.8099   0.2113   0.0000   0.1088   0.0023   0.0150   0.0365   0.1383   0.1383   0.0042   0.0000  -0.0019   0.0365    0.264
   176   1.8106   0.1919   0.0000   0.1060   0.0019   0.0131   0.0375   0.1233   0.1233   0.0039   0.0000  -0.0007   0.0315    0.255
   177   1.8111   0.1758   0.0000   0.1037   0.0015   0.0107   0.0416   0.1033   0.1033   0.0034   0.0000   0.0007   0.0252    0.244
   178   1.8115   0.1633   0.0000   0.1019   0.0011   0.0080   0.0430   0.0784   0.0784   0.0028   0.0000   0.0016   0.0180    0.229
   179   1.8118   0.1548   0.0000   0.1007   0.0006   0.0049   0.0445   0.0491   0.0491   0.0019   0.0000   0.0017   0.0105    0.215
   180   1.8120   0.1505   0.0000   0.1001   0.0002   0.0017   0.0456   0.0167   0.0167   0.0007   0.0000   0.0008   0.0034    0.204

  Surface #10     fin_panel_0                             
     # Chordwise = 12   # Spanwise = 20     First strip =181
     Surface area Ssurf =    0.050000     Ave. chord Cave =    0.125000

 Forces referred to Sref, Cref, Bref about Xref, Yref, Zref
 Standard axis orientation,  X fwd, Z down         
     CLsurf  =   0.00000     Clsurf  =  -0.00000
     CYsurf  =   0.00024     Cmsurf  =   0.00000
     CDsurf  =  -0.00000     Cnsurf  =  -0.00006
     CDisurf =  -0.00000     CDvsurf =   0.00000

 Forces referred to Ssurf, Cave 
     CLsurf  =   0.00611     CDsurf  =  -0.00012

 Strip Forces referred to Strip Area, Chord
    j     Xle      Yle      Zle      Chord    Area     c_cl     ai     cl_norm    cl       cd       cdv    cm_c/4     cm_LE   C.P.x/c
   181   1.8000  -0.5000   0.3994   0.1499   0.0004  -0.0001  -0.0070  -0.0008  -0.0008   0.0000   0.0000   0.0005   0.0007    0.863
   182   1.8002  -0.5000   0.3945   0.1493   0.0011  -0.0004  -0.0068  -0.0024  -0.0024   0.0000   0.0000   0.0015   0.0021    0.860
   183   1.8005  -0.5000   0.3848   0.1481   0.0018  -0.0006  -0.0064  -0.0038  -0.0038   0.0000   0.0000   0.0023   0.0032    0.856
   184   1.8009  -0.5000   0.3705   0.1463   0.0024  -0.0007  -0.0059  -0.0048  -0.0048   0.0000   0.0000   0.0029   0.0041    0.850
   185   1.8014  -0.5000   0.3521   0.1440   0.0029  -0.0008  -0.0055  -0.0055  -0.0055   0.0000   0.0000   0.0032   0.0046    0.845
   186   1.8021  -0.5000   0.3299   0.1412   0.0034  -0.0008  -0.0052  -0.0059  -0.0058   0.0000   0.0000   0.0035   0.0049    0.843
   187   1.8029  -0.5000   0.3045   0.1381   0.0037  -0.0008  -0.0049  -0.0060  -0.0059   0.0000   0.0000   0.0036   0.0050    0.850
   188   1.8037  -0.5000   0.2765   0.1346   0.0039  -0.0008  -0.0049  -0.0058  -0.0058   0.0000   0.0000   0.0036   0.0050    0.873
   189   1.8046  -0.5000   0.2467   0.1308   0.0040  -0.0007  -0.0049  -0.0053  -0.0053   0.0000   0.0000   0.0036   0.0049    0.929
   190   1.8055  -0.5000   0.2157   0.1270   0.0040  -0.0005  -0.0050  -0.0043  -0.0043   0.0000   0.0000   0.0035   0.0046    1.062
   191   1.8065  -0.5000   0.1843   0.1230   0.0038  -0.0003  -0.0052  -0.0027  -0.0027   0.0000   0.0000   0.0033   0.0040    1.499
   192   1.8074  -0.5000   0.1533   0.1192   0.0036  -0.0000  -0.0056  -0.0001  -0.0001   0.0000   0.0000   0.0030   0.0031  999.000
   193   1.8083  -0.5000   0.1235   0.1154   0.0033   0.0005  -0.0061   0.0040   0.0040  -0.0000   0.0000   0.0026   0.0016   -0.400
   194   1.8091  -0.5000   0.0955   0.1119   0.0030   0.0012  -0.0065   0.0104   0.0104  -0.0000   0.0000   0.0020  -0.0006    0.060
   195   1.8099  -0.5000   0.0701   0.1088   0.0026   0.0022  -0.0063   0.0201   0.0200  -0.0001   0.0000   0.0010  -0.0039    0.199
   196   1.8106  -0.5000   0.0479   0.1060   0.0022   0.0036  -0.0039   0.0343   0.0342  -0.0002   0.0000  -0.0001  -0.0086    0.254
   197   1.8111  -0.5000   0.0295   0.1037   0.0017   0.0056   0.0043   0.0539   0.0537  -0.0005   0.0000  -0.0012  -0.0146    0.273
   198   1.8115  -0.5000   0.0152   0.1019   0.0012   0.0078   0.0236   0.0768   0.0765  -0.0010   0.0000  -0.0018  -0.0208    0.273
   199   1.8118  -0.5000   0.0055   0.1007   0.0007   0.0099   0.0645   0.0983   0.0979  -0.0019   0.0000  -0.0014  -0.0257    0.264
   200   1.8120  -0.5000   0.0006   0.1001   0.0002   0.0113   0.2242   0.1132   0.1128  -0.0099   0.0000  -0.0008  -0.0289    0.257
 ---------------------------------------------------------------
