 ---------------------------------------------------------------
 Surface and Strip Forces by surface

  Sref =  1.2850       Cref = 0.25900       Bref =  4.9540    
  Xref = 0.50000       Yref =  0.0000       Zref =  0.0000    

  Surface # 1     mace0_panel_0                           
     # Chordwise = 12   # Spanwise = 20     First strip =  1
     Surface area Ssurf =    0.365400     Ave. chord Cave =    0.290000

 Forces referred to Sref, Cref, Bref about Xref, Yref, Zref
 Standard axis orientation,  X fwd, Z down         
     CLsurf  =   0.03498     Clsurf  =  -0.00441
     CYsurf  =  -0.00000     Cmsurf  =   0.00360
     CDsurf  =   0.00006     Cnsurf  =   0.00012
     CDisurf =   0.00006     CDvsurf =   0.00000

 Forces referred to Ssurf, Cave 
     CLsurf  =   0.12302     CDsurf  =   0.00022

 Strip Forces referred to Strip Area, Chord
    j     Xle      Yle      Zle      Chord    Area     c_cl     ai     cl_norm    cl       cd       cdv    cm_c/4     cm_LE   C.P.x/c
     1   0.4000   0.0019   0.0000   0.2900   0.0022   0.0362   0.0015   0.1248   0.1248   0.0002   0.0000  -0.0004  -0.0316    0.253
     2   0.4000   0.0174   0.0000   0.2900   0.0067   0.0362   0.0015   0.1248   0.1248   0.0002   0.0000  -0.0004  -0.0316    0.253
     3   0.4000   0.0480   0.0000   0.2900   0.0110   0.0362   0.0013   0.1248   0.1248   0.0002   0.0000  -0.0004  -0.0316    0.253
     4   0.4000   0.0928   0.0000   0.2900   0.0150   0.0362   0.0005   0.1248   0.1248   0.0002   0.0000  -0.0004  -0.0316    0.253
     5   0.4000   0.1509   0.0000   0.2900   0.0186   0.0362  -0.0153   0.1248   0.1248   0.0002   0.0000  -0.0004  -0.0316    0.253
     6   0.4000   0.2208   0.0000   0.2900   0.0218   0.0362   0.0052   0.1247   0.1247   0.0002   0.0000  -0.0004  -0.0316    0.253
     7   0.4000   0.3008   0.0000   0.2900   0.0244   0.0361   0.0049   0.1246   0.1246   0.0002   0.0000  -0.0004  -0.0315    0.253
     8   0.4000   0.3889   0.0000   0.2900   0.0265   0.0361   0.0049   0.1244   0.1244   0.0002   0.0000  -0.0004  -0.0315    0.253
     9   0.4000   0.4829   0.0000   0.2900   0.0279   0.0360  -0.0073   0.1242   0.1242   0.0002   0.0000  -0.0004  -0.0314    0.253
    10   0.4000   0.5806   0.0000   0.2900   0.0286   0.0359   0.0054   0.1239   0.1239   0.0002   0.0000  -0.0004  -0.0313    0.253
    11   0.4000   0.6794   0.0000   0.2900   0.0286   0.0358   0.0041   0.1235   0.1235   0.0002   0.0000  -0.0004  -0.0312    0.253
    12   0.4000   0.7771   0.0000   0.2900   0.0279   0.0357   0.0047   0.1230   0.1230   0.0002   0.0000  -0.0004  -0.0311    0.253
    13   0.4000   0.8711   0.0000   0.2900   0.0265   0.0355  -0.0013   0.1224   0.1224   0.0002   0.0000  -0.0003  -0.0309    0.253
    14   0.4000   0.9592   0.0000   0.2900   0.0244   0.0353   0.0028   0.1218   0.1218   0.0002   0.0000  -0.0003  -0.0308    0.253
    15   0.4000   1.0392   0.0000   0.2900   0.0218   0.0351   0.0035   0.1211   0.1211   0.0002   0.0000  -0.0003  -0.0306    0.252
    16   0.4000   1.1091   0.0000   0.2900   0.0186   0.0349   0.0039   0.1203   0.1203   0.0003   0.0000  -0.0003  -0.0303    0.252
    17   0.4000   1.1672   0.0000   0.2900   0.0150   0.0347   0.0041   0.1196   0.1196   0.0003   0.0000  -0.0003  -0.0301    0.252
    18   0.4000   1.2120   0.0000   0.2900   0.0110   0.0345   0.0043   0.1189   0.1189   0.0003   0.0000  -0.0002  -0.0299    0.252
    19   0.4000   1.2426   0.0000   0.2900   0.0067   0.0343   0.0045   0.1184   0.1184   0.0003   0.0000  -0.0002  -0.0298    0.252
    20   0.4000   1.2581   0.0000   0.2900   0.0022   0.0342   0.0046   0.1181   0.1181   0.0003   0.0000  -0.0002  -0.0297    0.252

  Surface # 2     mace0_panel_0 (YDUP)                    
     # Chordwise = 12   # Spanwise = 20     First strip = 21
     Surface area Ssurf =    0.365400     Ave. chord Cave =    0.290000

 Forces referred to Sref, Cref, Bref about Xref, Yref, Zref
 Standard axis orientation,  X fwd, Z down         
     CLsurf  =   0.03498     Clsurf  =   0.00441
     CYsurf  =   0.00000     Cmsurf  =   0.00360
     CDsurf  =   0.00006     Cnsurf  =  -0.00012
     CDisurf =   0.00006     CDvsurf =   0.00000

 Forces referred to Ssurf, Cave 
     CLsurf  =   0.12302     CDsurf  =   0.00022

 Strip Forces referred to Strip Area, Chord
    j     Xle      Yle      Zle      Chord    Area     c_cl     ai     cl_norm    cl       cd       cdv    cm_c/4     cm_LE   C.P.x/c
    21   0.4000  -0.0019   0.0000   0.2900   0.0022   0.0362   0.0015   0.1248   0.1248   0.0002   0.0000  -0.0004   0.0316    0.253
    22   0.4000  -0.0174   0.0000   0.2900   0.0067   0.0362   0.0015   0.1248   0.1248   0.0002   0.0000  -0.0004   0.0316    0.253
    23   0.4000  -0.0480   0.0000   0.2900   0.0110   0.0362   0.0014   0.1248   0.1248   0.0002   0.0000  -0.0004   0.0316    0.253
    24   0.4000  -0.0928   0.0000   0.2900   0.0150   0.0362   0.0005   0.1248   0.1248   0.0002   0.0000  -0.0004   0.0316    0.253
    25   0.4000  -0.1509   0.0000   0.2900   0.0186   0.0362  -0.0151   0.1248   0.1248   0.0002   0.0000  -0.0004   0.0316    0.253
    26   0.4000  -0.2208   0.0000   0.2900   0.0218   0.0362   0.0057   0.1247   0.1247   0.0002   0.0000  -0.0004   0.0316    0.253
    27   0.4000  -0.3008   0.0000   0.2900   0.0244   0.0361   0.0043   0.1246   0.1246   0.0002   0.0000  -0.0004   0.0315    0.253
    28   0.4000  -0.3889   0.0000   0.2900   0.0265   0.0361   0.0045   0.1244   0.1244   0.0002   0.0000  -0.0004   0.0315    0.253
    29   0.4000  -0.4829   0.0000   0.2900   0.0279   0.0360  -0.0160   0.1242   0.1242   0.0002   0.0000  -0.0004   0.0314    0.253
    30   0.4000  -0.5806   0.0000   0.2900   0.0286   0.0359   0.0050   0.1239   0.1239   0.0002   0.0000  -0.0004   0.0313    0.253
    31   0.4000  -0.6794   0.0000   0.2900   0.0286   0.0358   0.0034   0.1235   0.1235   0.0002   0.0000  -0.0004   0.0312    0.253
    32   0.4000  -0.7771   0.0000   0.2900   0.0279   0.0357   0.0057   0.1230   0.1230   0.0002   0.0000  -0.0004   0.0311    0.253
    33   0.4000  -0.8711   0.0000   0.2900   0.0265   0.0355  -0.0014   0.1224   0.1224   0.0002   0.0000  -0.0003   0.0309    0.253
    34   0.4000  -0.9592   0.0000   0.2900   0.0244   0.0353   0.0028   0.1218   0.1218   0.0002   0.0000  -0.0003   0.0308    0.253
    35   0.4000  -1.0392   0.0000   0.2900   0.0218   0.0351   0.0035   0.1211   0.1211   0.0002   0.0000  -0.0003   0.0306    0.252
    36   0.4000  -1.1091   0.0000   0.2900   0.0186   0.0349   0.0039   0.1203   0.1203   0.0003   0.0000  -0.0003   0.0303    0.252
    37   0.4000  -1.1672   0.0000   0.2900   0.0150   0.0347   0.0041   0.1196   0.1196   0.0003   0.0000  -0.0003   0.0301    0.252
    38   0.4000  -1.2120   0.0000   0.2900   0.0110   0.0345   0.0043   0.1189   0.1189   0.0003   0.0000  -0.0002   0.0299    0.252
    39   0.4000  -1.2426   0.0000   0.2900   0.0067   0.0343   0.0045   0.1184   0.1184   0.0003   0.0000  -0.0002   0.0298    0.252
    40   0.4000  -1.2581   0.0000   0.2900   0.0022   0.0342   0.0046   0.1181   0.1181   0.0003   0.0000  -0.0002   0.0297    0.252

  Surface # 3     mace0_panel_1                           
     # Chordwise = 12   # Spanwise = 20     First strip = 41
     Surface area Ssurf =    0.275268     Ave. chord Cave =    0.226186

 Forces referred to Sref, Cref, Bref about Xref, Yref, Zref
 Standard axis orientation,  X fwd, Z down         
     CLsurf  =   0.02198     Clsurf  =  -0.00765
     CYsurf  =   0.00006     Cmsurf  =   0.00245
     CDsurf  =   0.00005     Cnsurf  =   0.00022
     CDisurf =   0.00005     CDvsurf =   0.00000

 Forces referred to Ssurf, Cave 
     CLsurf  =   0.10259     CDsurf  =   0.00024

 Strip Forces referred to Strip Area, Chord
    j     Xle      Yle      Zle      Chord    Area     c_cl     ai     cl_norm    cl       cd       cdv    cm_c/4     cm_LE   C.P.x/c
    41   0.4000   1.2617   0.0000   0.2899   0.0020   0.0342   0.0046   0.1181   0.1181   0.0003   0.0000  -0.0002  -0.0297    0.252
    42   0.4001   1.2754   0.0000   0.2895   0.0059   0.0341   0.0046   0.1180   0.1180   0.0003   0.0000  -0.0002  -0.0297    0.252
    43   0.4003   1.3025   0.0000   0.2887   0.0097   0.0340   0.0046   0.1177   0.1177   0.0003   0.0000  -0.0002  -0.0296    0.252
    44   0.4005   1.3423   0.0000   0.2876   0.0132   0.0337   0.0047   0.1172   0.1172   0.0003   0.0000  -0.0002  -0.0295    0.251
    45   0.4009   1.3938   0.0000   0.2861   0.0163   0.0333   0.0048   0.1165   0.1165   0.0003   0.0000  -0.0001  -0.0293    0.251
    46   0.4013   1.4558   0.0000   0.2842   0.0189   0.0328   0.0050   0.1154   0.1154   0.0003   0.0000  -0.0001  -0.0289    0.251
    47   0.4017   1.5267   0.0000   0.2821   0.0211   0.0321   0.0053   0.1137   0.1137   0.0003   0.0000  -0.0000  -0.0284    0.250
    48   0.4034   1.6218   0.0000   0.2760   0.0319   0.0309   0.0054   0.1121   0.1121   0.0003   0.0000   0.0001  -0.0279    0.249
    49   0.4064   1.7407   0.0000   0.2654   0.0323   0.0292   0.0054   0.1099   0.1099   0.0003   0.0000   0.0003  -0.0271    0.247
    50   0.4095   1.8476   0.0000   0.2533   0.0232   0.0270   0.0054   0.1068   0.1068   0.0003   0.0000   0.0007  -0.0260    0.244
    51   0.4125   1.9394   0.0000   0.2397   0.0219   0.0248   0.0052   0.1033   0.1033   0.0003   0.0000   0.0011  -0.0247    0.239
    52   0.4161   2.0215   0.0000   0.2255   0.0163   0.0223   0.0050   0.0989   0.0989   0.0003   0.0000   0.0016  -0.0231    0.234
    53   0.4201   2.0922   0.0000   0.2109   0.0145   0.0197   0.0049   0.0934   0.0934   0.0002   0.0000   0.0021  -0.0212    0.228
    54   0.4256   2.1823   0.0000   0.1881   0.0207   0.0161   0.0032   0.0855   0.0854   0.0001   0.0000   0.0025  -0.0189    0.221
    55   0.4331   2.2799   0.0000   0.1570   0.0133   0.0112  -0.0005   0.0716   0.0716  -0.0000   0.0000   0.0026  -0.0152    0.214
    56   0.4393   2.3401   0.0000   0.1327   0.0049   0.0076  -0.0042   0.0575   0.0575  -0.0001   0.0000   0.0023  -0.0120    0.210
    57   0.4433   2.3732   0.0000   0.1167   0.0034   0.0051  -0.0078   0.0433   0.0433  -0.0002   0.0000   0.0017  -0.0091    0.212
    58   0.4499   2.4149   0.0000   0.0897   0.0046   0.0027  -0.0108   0.0299   0.0299  -0.0002   0.0000   0.0011  -0.0063    0.212
    59   0.4623   2.4550   0.0000   0.0412   0.0012   0.0010  -0.0135   0.0231   0.0231  -0.0002   0.0000   0.0013  -0.0040    0.195
    60   0.4718   2.4745   0.0000   0.0046   0.0000   0.0002  -0.0170   0.0335   0.0334  -0.0003   0.0000   0.0025  -0.0053    0.177

  Surface # 4     mace0_panel_1 (YDUP)                    
     # Chordwise = 12   # Spanwise = 20     First strip = 61
     Surface area Ssurf =    0.275268     Ave. chord Cave =    0.226186

 Forces referred to Sref, Cref, Bref about Xref, Yref, Zref
 Standard axis orientation,  X fwd, Z down         
     CLsurf  =   0.02198     Clsurf  =   0.00765
     CYsurf  =  -0.00006     Cmsurf  =   0.00245
     CDsurf  =   0.00005     Cnsurf  =  -0.00022
     CDisurf =   0.00005     CDvsurf =   0.00000

 Forces referred to Ssurf, Cave 
     CLsurf  =   0.10259     CDsurf  =   0.00024

 Strip Forces referred to Strip Area, Chord
    j     Xle      Yle      Zle      Chord    Area     c_cl     ai     cl_norm    cl       cd       cdv    cm_c/4     cm_LE   C.P.x/c
    61   0.4000  -1.2617   0.0000   0.2899   0.0020   0.0342   0.0046   0.1181   0.1181   0.0003   0.0000  -0.0002   0.0297    0.252
    62   0.4001  -1.2754   0.0000   0.2895   0.0059   0.0341   0.0046   0.1180   0.1180   0.0003   0.0000  -0.0002   0.0297    0.252
    63   0.4003  -1.3025   0.0000   0.2887   0.0097   0.0340   0.0046   0.1177   0.1177   0.0003   0.0000  -0.0002   0.0296    0.252
    64   0.4005  -1.3423   0.0000   0.2876   0.0132   0.0337   0.0047   0.1172   0.1172   0.0003   0.0000  -0.0002   0.0295    0.251
    65   0.4009  -1.3938   0.0000   0.2861   0.0163   0.0333   0.0048   0.1165   0.1165   0.0003   0.0000  -0.0001   0.0293    0.251
    66   0.4013  -1.4558   0.0000   0.2842   0.0189   0.0328   0.0050   0.1154   0.1154   0.0003   0.0000  -0.0001   0.0289    0.251
    67   0.4017  -1.5267   0.0000   0.2821   0.0211   0.0321   0.0053   0.1137   0.1137   0.0003   0.0000  -0.0000   0.0284    0.250
    68   0.4034  -1.6218   0.0000   0.2760   0.0319   0.0309   0.0054   0.1121   0.1121   0.0003   0.0000   0.0001   0.0279    0.249
    69   0.4064  -1.7407   0.0000   0.2654   0.0323   0.0292   0.0054   0.1099   0.1099   0.0003   0.0000   0.0003   0.0271    0.247
    70   0.4095  -1.8476   0.0000   0.2533   0.0232   0.0270   0.0054   0.1068   0.1068   0.0003   0.0000   0.0007   0.0260    0.244
    71   0.4125  -1.9394   0.0000   0.2397   0.0219   0.0248   0.0052   0.1033   0.1033   0.0003   0.0000   0.0011   0.0247    0.239
    72   0.4161  -2.0215   0.0000   0.2255   0.0163   0.0223   0.0050   0.0989   0.0989   0.0003   0.0000   0.0016   0.0231    0.234
    73   0.4201  -2.0922   0.0000   0.2109   0.0145   0.0197   0.0049   0.0934   0.0934   0.0002   0.0000   0.0021   0.0212    0.228
    74   0.4256  -2.1823   0.0000   0.1881   0.0207   0.0161   0.0032   0.0855   0.0854   0.0001   0.0000   0.0025   0.0189    0.221
    75   0.4331  -2.2799   0.0000   0.1570   0.0133   0.0112  -0.0005   0.0716   0.0716  -0.0000   0.0000   0.0026   0.0152    0.214
    76   0.4393  -2.3401   0.0000   0.1327   0.0049   0.0076  -0.0042   0.0575   0.0575  -0.0001   0.0000   0.0023   0.0120    0.210
    77   0.4433  -2.3732   0.0000   0.1167   0.0034   0.0051  -0.0078   0.0433   0.0433  -0.0002   0.0000   0.0017   0.0091    0.212
    78   0.4499  -2.4149   0.0000   0.0897   0.0046   0.0027  -0.0108   0.0299   0.0299  -0.0002   0.0000   0.0011   0.0063    0.212
    79   0.4623  -2.4550   0.0000   0.0412   0.0012   0.0010  -0.0135   0.0231   0.0231  -0.0002   0.0000   0.0013   0.0040    0.195
    80   0.4718  -2.4745   0.0000   0.0046   0.0000   0.0002  -0.0170   0.0335   0.0334  -0.0003   0.0000   0.0025   0.0053    0.177

  Surface # 5     hstab_panel_0                           
     # Chordwise = 12   # Spanwise = 20     First strip = 81
     Surface area Ssurf =    0.043750     Ave. chord Cave =    0.125000

 Forces referred to Sref, Cref, Bref about Xref, Yref, Zref
 Standard axis orientation,  X fwd, Z down         
     CLsurf  =   0.00043     Clsurf  =  -0.00006
     CYsurf  =   0.00000     Cmsurf  =  -0.00274
     CDsurf  =   0.00000     Cnsurf  =   0.00000
     CDisurf =   0.00000     CDvsurf =   0.00000

 Forces referred to Ssurf, Cave 
     CLsurf  =   0.01265     CDsurf  =   0.00011

 Strip Forces referred to Strip Area, Chord
    j     Xle      Yle      Zle      Chord    Area     c_cl     ai     cl_norm    cl       cd       cdv    cm_c/4     cm_LE   C.P.x/c
    81   1.8000   0.5005   0.0000   0.1499   0.0003  -0.0012  -0.0777  -0.0079  -0.0079   0.0013   0.0000  -0.0104  -0.0084  999.000
    82   1.8002   0.5048   0.0000   0.1493   0.0010  -0.0001  -0.0031  -0.0008  -0.0008   0.0003   0.0000  -0.0171  -0.0169  999.000
    83   1.8005   0.5133   0.0000   0.1481   0.0016   0.0007   0.0070   0.0051   0.0051   0.0002   0.0000  -0.0231  -0.0244  999.000
    84   1.8009   0.5258   0.0000   0.1463   0.0021   0.0013   0.0096   0.0091   0.0091   0.0002   0.0000  -0.0278  -0.0301  999.000
    85   1.8014   0.5419   0.0000   0.1440   0.0026   0.0016   0.0068   0.0114   0.0114   0.0001   0.0000  -0.0308  -0.0337  999.000
    86   1.8021   0.5613   0.0000   0.1412   0.0029   0.0018   0.0060   0.0125   0.0125   0.0001   0.0000  -0.0325  -0.0356  999.000
    87   1.8029   0.5836   0.0000   0.1381   0.0032   0.0018   0.0053   0.0129   0.0129   0.0001   0.0000  -0.0334  -0.0366  999.000
    88   1.8037   0.6080   0.0000   0.1346   0.0034   0.0018   0.0050   0.0131   0.0131   0.0001   0.0000  -0.0338  -0.0371  999.000
    89   1.8046   0.6341   0.0000   0.1308   0.0035   0.0017   0.0022   0.0132   0.0132   0.0001   0.0000  -0.0340  -0.0373  999.000
    90   1.8055   0.6613   0.0000   0.1270   0.0035   0.0017   0.0042   0.0134   0.0134   0.0001   0.0000  -0.0340  -0.0374  999.000
    91   1.8065   0.6887   0.0000   0.1230   0.0034   0.0017   0.0045   0.0137   0.0137   0.0001   0.0000  -0.0340  -0.0374  999.000
    92   1.8074   0.7159   0.0000   0.1192   0.0032   0.0017   0.0054   0.0141   0.0141   0.0001   0.0000  -0.0339  -0.0374  999.000
    93   1.8083   0.7420   0.0000   0.1154   0.0029   0.0017   0.0041   0.0146   0.0146   0.0001   0.0000  -0.0337  -0.0374  999.000
    94   1.8091   0.7664   0.0000   0.1119   0.0026   0.0017   0.0054   0.0151   0.0151   0.0001   0.0000  -0.0334  -0.0372  999.000
    95   1.8099   0.7887   0.0000   0.1088   0.0023   0.0017   0.0066   0.0157   0.0157   0.0001   0.0000  -0.0328  -0.0367  999.000
    96   1.8106   0.8081   0.0000   0.1060   0.0019   0.0017   0.0088   0.0160   0.0160   0.0001   0.0000  -0.0314  -0.0354  999.000
    97   1.8111   0.8242   0.0000   0.1037   0.0015   0.0016   0.0390   0.0156   0.0156   0.0002   0.0000  -0.0288  -0.0327  999.000
    98   1.8115   0.8367   0.0000   0.1019   0.0011   0.0014   0.0131   0.0137   0.0137   0.0002   0.0000  -0.0239  -0.0273    1.990
    99   1.8118   0.8452   0.0000   0.1007   0.0006   0.0010   0.0170   0.0097   0.0097   0.0002   0.0000  -0.0162  -0.0186    1.918
   100   1.8120   0.8495   0.0000   0.1001   0.0002   0.0004   0.0195   0.0035   0.0035   0.0001   0.0000  -0.0058  -0.0066    1.882

  Surface # 6     hstab_panel_0 (YDUP)                    
     # Chordwise = 12   # Spanwise = 20     First strip =101
     Surface area Ssurf =    0.043750     Ave. chord Cave =    0.125000

 Forces referred to Sref, Cref, Bref about Xref, Yref, Zref
 Standard axis orientation,  X fwd, Z down         
     CLsurf  =   0.00050     Clsurf  =   0.00007
     CYsurf  =  -0.00000     Cmsurf  =  -0.00312
     CDsurf  =   0.00000     Cnsurf  =  -0.00000
     CDisurf =   0.00000     CDvsurf =   0.00000

 Forces referred to Ssurf, Cave 
     CLsurf  =   0.01481     CDsurf  =   0.00008

 Strip Forces referred to Strip Area, Chord
    j     Xle      Yle      Zle      Chord    Area     c_cl     ai     cl_norm    cl       cd       cdv    cm_c/4     cm_LE   C.P.x/c
   101   1.8000  -0.5005   0.0000   0.1499   0.0003   0.0004  -0.1078   0.0029   0.0029   0.0000   0.0000  -0.0045   0.0052    1.792
   102   1.8002  -0.5048   0.0000   0.1493   0.0010   0.0012  -0.0050   0.0083   0.0083   0.0001   0.0000  -0.0130   0.0150    1.809
   103   1.8005  -0.5133   0.0000   0.1481   0.0016   0.0019   0.0080   0.0127   0.0127   0.0001   0.0000  -0.0204   0.0236    1.859
   104   1.8009  -0.5258   0.0000   0.1463   0.0021   0.0022   0.0108   0.0153   0.0153   0.0001   0.0000  -0.0262   0.0300    1.955
   105   1.8014  -0.5419   0.0000   0.1440   0.0026   0.0024   0.0076   0.0163   0.0163   0.0001   0.0000  -0.0300   0.0341  999.000
   106   1.8021  -0.5613   0.0000   0.1412   0.0029   0.0023   0.0065   0.0163   0.0163   0.0001   0.0000  -0.0322   0.0362  999.000
   107   1.8029  -0.5836   0.0000   0.1381   0.0032   0.0022   0.0055   0.0157   0.0157   0.0001   0.0000  -0.0333   0.0372  999.000
   108   1.8037  -0.6080   0.0000   0.1346   0.0034   0.0020   0.0051   0.0152   0.0152   0.0001   0.0000  -0.0338   0.0376  999.000
   109   1.8046  -0.6341   0.0000   0.1308   0.0035   0.0019   0.0022   0.0148   0.0148   0.0001   0.0000  -0.0340   0.0377  999.000
   110   1.8055  -0.6613   0.0000   0.1270   0.0035   0.0018   0.0041   0.0145   0.0145   0.0001   0.0000  -0.0341   0.0377  999.000
   111   1.8065  -0.6887   0.0000   0.1230   0.0034   0.0018   0.0044   0.0145   0.0145   0.0001   0.0000  -0.0340   0.0376  999.000
   112   1.8074  -0.7159   0.0000   0.1192   0.0032   0.0018   0.0053   0.0147   0.0147   0.0001   0.0000  -0.0339   0.0376  999.000
   113   1.8083  -0.7420   0.0000   0.1154   0.0029   0.0017   0.0041   0.0150   0.0150   0.0001   0.0000  -0.0338   0.0375  999.000
   114   1.8091  -0.7664   0.0000   0.1119   0.0026   0.0017   0.0053   0.0155   0.0155   0.0001   0.0000  -0.0334   0.0373  999.000
   115   1.8099  -0.7887   0.0000   0.1088   0.0023   0.0017   0.0066   0.0160   0.0160   0.0001   0.0000  -0.0328   0.0368  999.000
   116   1.8106  -0.8081   0.0000   0.1060   0.0019   0.0017   0.0088   0.0162   0.0162   0.0001   0.0000  -0.0315   0.0355  999.000
   117   1.8111  -0.8242   0.0000   0.1037   0.0015   0.0016   0.0390   0.0158   0.0158   0.0002   0.0000  -0.0288   0.0327  999.000
   118   1.8115  -0.8367   0.0000   0.1019   0.0011   0.0014   0.0130   0.0139   0.0139   0.0002   0.0000  -0.0239   0.0274    1.976
   119   1.8118  -0.8452   0.0000   0.1007   0.0006   0.0010   0.0170   0.0098   0.0098   0.0002   0.0000  -0.0162   0.0186    1.907
   120   1.8120  -0.8495   0.0000   0.1001   0.0002   0.0004   0.0195   0.0036   0.0036   0.0001   0.0000  -0.0058   0.0066    1.872

  Surface # 7     fin_panel_0                             
     # Chordwise = 12   # Spanwise = 20     First strip =121
     Surface area Ssurf =    0.050000     Ave. chord Cave =    0.125000

 Forces referred to Sref, Cref, Bref about Xref, Yref, Zref
 Standard axis orientation,  X fwd, Z down         
     CLsurf  =  -0.00000     Clsurf  =  -0.00000
     CYsurf  =  -0.00005     Cmsurf  =   0.00000
     CDsurf  =  -0.00000     Cnsurf  =   0.00001
     CDisurf =  -0.00000     CDvsurf =   0.00000

 Forces referred to Ssurf, Cave 
     CLsurf  =  -0.00132     CDsurf  =  -0.00002

 Strip Forces referred to Strip Area, Chord
    j     Xle      Yle      Zle      Chord    Area     c_cl     ai     cl_norm    cl       cd       cdv    cm_c/4     cm_LE   C.P.x/c
   121   1.8000   0.5000   0.3994   0.1499   0.0004  -0.0000   0.0003  -0.0001  -0.0001   0.0000   0.0000  -0.0002  -0.0002  999.000
   122   1.8002   0.5000   0.3945   0.1493   0.0011  -0.0000   0.0003  -0.0002  -0.0002   0.0000   0.0000  -0.0005  -0.0004  999.000
   123   1.8005   0.5000   0.3848   0.1481   0.0018  -0.0000   0.0003  -0.0003  -0.0003  -0.0000   0.0000  -0.0007  -0.0007  999.000
   124   1.8009   0.5000   0.3705   0.1463   0.0024  -0.0001   0.0002  -0.0004  -0.0004  -0.0000   0.0000  -0.0009  -0.0008  999.000
   125   1.8014   0.5000   0.3521   0.1440   0.0029  -0.0001   0.0003  -0.0005  -0.0005  -0.0000   0.0000  -0.0010  -0.0009  999.000
   126   1.8021   0.5000   0.3299   0.1412   0.0034  -0.0001   0.0003  -0.0005  -0.0005  -0.0000   0.0000  -0.0010  -0.0009  999.000
   127   1.8029   0.5000   0.3045   0.1381   0.0037  -0.0001   0.0004  -0.0004  -0.0004  -0.0000   0.0000  -0.0011  -0.0010  999.000
   128   1.8037   0.5000   0.2765   0.1346   0.0039  -0.0000   0.0005  -0.0002  -0.0002  -0.0000   0.0000  -0.0010  -0.0010  999.000
   129   1.8046   0.5000   0.2467   0.1308   0.0040   0.0000   0.0007   0.0000   0.0000   0.0000   0.0000  -0.0010  -0.0010  999.000
   130   1.8055   0.5000   0.2157   0.1270   0.0040   0.0000   0.0008   0.0003   0.0003   0.0000   0.0000  -0.0010  -0.0011  999.000
   131   1.8065   0.5000   0.1843   0.1230   0.0038   0.0001   0.0010   0.0005   0.0005   0.0000   0.0000  -0.0010  -0.0011  999.000
   132   1.8074   0.5000   0.1533   0.1192   0.0036   0.0001   0.0013   0.0005   0.0005   0.0000   0.0000  -0.0009  -0.0010  999.000
   133   1.8083   0.5000   0.1235   0.1154   0.0033   0.0000   0.0015   0.0001   0.0001   0.0000   0.0000  -0.0009  -0.0009  999.000
   134   1.8091   0.5000   0.0955   0.1119   0.0030  -0.0001   0.0017  -0.0007  -0.0007  -0.0000   0.0000  -0.0009  -0.0008  999.000
   135   1.8099   0.5000   0.0701   0.1088   0.0026  -0.0003   0.0016  -0.0024  -0.0024  -0.0000   0.0000  -0.0012  -0.0006   -0.250
   136   1.8106   0.5000   0.0479   0.1060   0.0022  -0.0005   0.0011  -0.0050  -0.0050  -0.0000   0.0000  -0.0020  -0.0008   -0.153
   137   1.8111   0.5000   0.0295   0.1037   0.0017  -0.0009  -0.0005  -0.0084  -0.0084  -0.0000   0.0000  -0.0040  -0.0018   -0.222
   138   1.8115   0.5000   0.0152   0.1019   0.0012  -0.0012  -0.0035  -0.0121  -0.0121  -0.0001   0.0000  -0.0075  -0.0044   -0.368
   139   1.8118   0.5000   0.0055   0.1007   0.0007  -0.0015  -0.0087  -0.0154  -0.0154  -0.0004   0.0000  -0.0118  -0.0079   -0.517
   140   1.8120   0.5000   0.0006   0.1001   0.0002  -0.0018  -0.0404  -0.0178  -0.0178  -0.0025   0.0000  -0.0149  -0.0104   -0.589

  Surface # 8     hstab_panel_0                           
     # Chordwise = 12   # Spanwise = 20     First strip =141
     Surface area Ssurf =    0.043750     Ave. chord Cave =    0.125000

 Forces referred to Sref, Cref, Bref about Xref, Yref, Zref
 Standard axis orientation,  X fwd, Z down         
     CLsurf  =   0.00047     Clsurf  =   0.00003
     CYsurf  =   0.00000     Cmsurf  =  -0.00295
     CDsurf  =   0.00000     Cnsurf  =  -0.00000
     CDisurf =   0.00000     CDvsurf =   0.00000

 Forces referred to Ssurf, Cave 
     CLsurf  =   0.01383     CDsurf  =   0.00011

 Strip Forces referred to Strip Area, Chord
    j     Xle      Yle      Zle      Chord    Area     c_cl     ai     cl_norm    cl       cd       cdv    cm_c/4     cm_LE   C.P.x/c
   141   1.8000  -0.4995   0.0000   0.1499   0.0003  -0.0010  -0.0755  -0.0069  -0.0069   0.0012   0.0000  -0.0105  -0.0087  999.000
   142   1.8002  -0.4952   0.0000   0.1493   0.0010   0.0000  -0.0027   0.0002   0.0002   0.0003   0.0000  -0.0171  -0.0172  999.000
   143   1.8005  -0.4867   0.0000   0.1481   0.0016   0.0009   0.0069   0.0061   0.0061   0.0002   0.0000  -0.0232  -0.0247  999.000
   144   1.8009  -0.4742   0.0000   0.1463   0.0021   0.0015   0.0083   0.0101   0.0101   0.0002   0.0000  -0.0279  -0.0304  999.000
   145   1.8014  -0.4581   0.0000   0.1440   0.0026   0.0018   0.0072   0.0124   0.0124   0.0001   0.0000  -0.0309  -0.0340  999.000
   146   1.8021  -0.4387   0.0000   0.1412   0.0029   0.0019   0.0044   0.0135   0.0135   0.0001   0.0000  -0.0326  -0.0359  999.000
   147   1.8029  -0.4164   0.0000   0.1381   0.0032   0.0019   0.0053   0.0140   0.0140   0.0001   0.0000  -0.0335  -0.0369  999.000
   148   1.8037  -0.3920   0.0000   0.1346   0.0034   0.0019   0.0045   0.0142   0.0142   0.0001   0.0000  -0.0339  -0.0374  999.000
   149   1.8046  -0.3659   0.0000   0.1308   0.0035   0.0019   0.0040   0.0144   0.0144   0.0001   0.0000  -0.0340  -0.0376  999.000
   150   1.8055  -0.3387   0.0000   0.1270   0.0035   0.0019   0.0048   0.0147   0.0147   0.0001   0.0000  -0.0341  -0.0377  999.000
   151   1.8065  -0.3113   0.0000   0.1230   0.0034   0.0018   0.0042   0.0150   0.0150   0.0001   0.0000  -0.0340  -0.0378  999.000
   152   1.8074  -0.2841   0.0000   0.1192   0.0032   0.0018   0.0042   0.0155   0.0155   0.0001   0.0000  -0.0339  -0.0378  999.000
   153   1.8083  -0.2580   0.0000   0.1154   0.0029   0.0018   0.0061   0.0160   0.0160   0.0001   0.0000  -0.0338  -0.0377  999.000
   154   1.8091  -0.2336   0.0000   0.1119   0.0026   0.0019   0.0052   0.0166   0.0166   0.0001   0.0000  -0.0334  -0.0376  999.000
   155   1.8099  -0.2113   0.0000   0.1088   0.0023   0.0019   0.0061   0.0171   0.0171   0.0001   0.0000  -0.0328  -0.0370  999.000
   156   1.8106  -0.1919   0.0000   0.1060   0.0019   0.0018   0.0075   0.0173   0.0173   0.0001   0.0000  -0.0314  -0.0357  999.000
   157   1.8111  -0.1758   0.0000   0.1037   0.0015   0.0017   0.0105   0.0167   0.0167   0.0002   0.0000  -0.0288  -0.0329    1.969
   158   1.8115  -0.1633   0.0000   0.1019   0.0011   0.0015   0.0138   0.0146   0.0146   0.0002   0.0000  -0.0239  -0.0275    1.885
   159   1.8118  -0.1548   0.0000   0.1007   0.0006   0.0010   0.0172   0.0102   0.0102   0.0002   0.0000  -0.0161  -0.0187    1.826
   160   1.8120  -0.1505   0.0000   0.1001   0.0002   0.0004   0.0195   0.0037   0.0037   0.0001   0.0000  -0.0058  -0.0067    1.797

  Surface # 9     hstab_panel_0 (YDUP)                    
     # Chordwise = 12   # Spanwise = 20     First strip =161
     Surface area Ssurf =    0.043750     Ave. chord Cave =    0.125000

 Forces referred to Sref, Cref, Bref about Xref, Yref, Zref
 Standard axis orientation,  X fwd, Z down         
     CLsurf  =   0.00054     Clsurf  =  -0.00004
     CYsurf  =  -0.00000     Cmsurf  =  -0.00329
     CDsurf  =   0.00000     Cnsurf  =   0.00000
     CDisurf =   0.00000     CDvsurf =   0.00000

 Forces referred to Ssurf, Cave 
     CLsurf  =   0.01579     CDsurf  =   0.00009

 Strip Forces referred to Strip Area, Chord
    j     Xle      Yle      Zle      Chord    Area     c_cl     ai     cl_norm    cl       cd       cdv    cm_c/4     cm_LE   C.P.x/c
   161   1.8000   0.4995   0.0000   0.1499   0.0003   0.0004  -0.1081   0.0030   0.0030   0.0000   0.0000  -0.0045   0.0052    1.760
   162   1.8002   0.4952   0.0000   0.1493   0.0010   0.0013  -0.0052   0.0085   0.0085   0.0001   0.0000  -0.0130   0.0151    1.774
   163   1.8005   0.4867   0.0000   0.1481   0.0016   0.0019   0.0076   0.0130   0.0130   0.0001   0.0000  -0.0204   0.0237    1.818
   164   1.8009   0.4742   0.0000   0.1463   0.0021   0.0023   0.0095   0.0158   0.0158   0.0001   0.0000  -0.0262   0.0301    1.905
   165   1.8014   0.4581   0.0000   0.1440   0.0026   0.0024   0.0080   0.0169   0.0169   0.0001   0.0000  -0.0300   0.0342  999.000
   166   1.8021   0.4387   0.0000   0.1412   0.0029   0.0024   0.0049   0.0170   0.0170   0.0001   0.0000  -0.0322   0.0364  999.000
   167   1.8029   0.4164   0.0000   0.1381   0.0032   0.0023   0.0055   0.0165   0.0165   0.0001   0.0000  -0.0333   0.0374  999.000
   168   1.8037   0.3920   0.0000   0.1346   0.0034   0.0022   0.0046   0.0161   0.0161   0.0001   0.0000  -0.0338   0.0378  999.000
   169   1.8046   0.3659   0.0000   0.1308   0.0035   0.0021   0.0040   0.0158   0.0158   0.0001   0.0000  -0.0340   0.0380  999.000
   170   1.8055   0.3387   0.0000   0.1270   0.0035   0.0020   0.0047   0.0157   0.0157   0.0001   0.0000  -0.0341   0.0380  999.000
   171   1.8065   0.3113   0.0000   0.1230   0.0034   0.0019   0.0041   0.0157   0.0157   0.0001   0.0000  -0.0341   0.0380  999.000
   172   1.8074   0.2841   0.0000   0.1192   0.0032   0.0019   0.0041   0.0160   0.0160   0.0001   0.0000  -0.0340   0.0379  999.000
   173   1.8083   0.2580   0.0000   0.1154   0.0029   0.0019   0.0061   0.0164   0.0164   0.0001   0.0000  -0.0338   0.0379  999.000
   174   1.8091   0.2336   0.0000   0.1119   0.0026   0.0019   0.0051   0.0169   0.0169   0.0001   0.0000  -0.0335   0.0376  999.000
   175   1.8099   0.2113   0.0000   0.1088   0.0023   0.0019   0.0060   0.0173   0.0173   0.0001   0.0000  -0.0328   0.0371  999.000
   176   1.8106   0.1919   0.0000   0.1060   0.0019   0.0019   0.0075   0.0175   0.0175   0.0001   0.0000  -0.0314   0.0358  999.000
   177   1.8111   0.1758   0.0000   0.1037   0.0015   0.0017   0.0105   0.0169   0.0169   0.0002   0.0000  -0.0288   0.0329    1.957
   178   1.8115   0.1633   0.0000   0.1019   0.0011   0.0015   0.0138   0.0147   0.0147   0.0002   0.0000  -0.0239   0.0275    1.876
   179   1.8118   0.1548   0.0000   0.1007   0.0006   0.0010   0.0172   0.0103   0.0103   0.0002   0.0000  -0.0161   0.0187    1.819
   180   1.8120   0.1505   0.0000   0.1001   0.0002   0.0004   0.0195   0.0037   0.0037   0.0001   0.0000  -0.0058   0.0067    1.790

  Surface #10     fin_panel_0                             
     # Chordwise = 12   # Spanwise = 20     First strip =181
     Surface area Ssurf =    0.050000     Ave. chord Cave =    0.125000

 Forces referred to Sref, Cref, Bref about Xref, Yref, Zref
 Standard axis orientation,  X fwd, Z down         
     CLsurf  =  -0.00000     Clsurf  =   0.00000
     CYsurf  =   0.00004     Cmsurf  =   0.00000
     CDsurf  =  -0.00000     Cnsurf  =  -0.00001
     CDisurf =  -0.00000     CDvsurf =   0.00000

 Forces referred to Ssurf, Cave 
     CLsurf  =   0.00107     CDsurf  =  -0.00002

 Strip Forces referred to Strip Area, Chord
    j     Xle      Yle      Zle      Chord    Area     c_cl     ai     cl_norm    cl       cd       cdv    cm_c/4     cm_LE   C.P.x/c
   181   1.8000  -0.5000   0.3994   0.1499   0.0004   0.0000   0.0001   0.0002   0.0002  -0.0000   0.0000  -0.0002  -0.0002    1.040
   182   1.8002  -0.5000   0.3945   0.1493   0.0011   0.0001   0.0000   0.0006   0.0006  -0.0000   0.0000  -0.0004  -0.0006    1.018
   183   1.8005  -0.5000   0.3848   0.1481   0.0018   0.0001  -0.0000   0.0009   0.0009  -0.0000   0.0000  -0.0007  -0.0009    0.978
   184   1.8009  -0.5000   0.3705   0.1463   0.0024   0.0002  -0.0001   0.0012   0.0012  -0.0000   0.0000  -0.0008  -0.0011    0.922
   185   1.8014  -0.5000   0.3521   0.1440   0.0029   0.0002  -0.0001   0.0016   0.0016  -0.0000   0.0000  -0.0009  -0.0013    0.854
   186   1.8021  -0.5000   0.3299   0.1412   0.0034   0.0003  -0.0001   0.0019   0.0019  -0.0000   0.0000  -0.0010  -0.0015    0.782
   187   1.8029  -0.5000   0.3045   0.1381   0.0037   0.0003  -0.0000   0.0022   0.0022  -0.0000   0.0000  -0.0010  -0.0016    0.714
   188   1.8037  -0.5000   0.2765   0.1346   0.0039   0.0003   0.0001   0.0026   0.0026  -0.0000   0.0000  -0.0010  -0.0017    0.654
   189   1.8046  -0.5000   0.2467   0.1308   0.0040   0.0004   0.0002   0.0029   0.0029  -0.0000   0.0000  -0.0010  -0.0017    0.605
   190   1.8055  -0.5000   0.2157   0.1270   0.0040   0.0004   0.0004   0.0032   0.0032   0.0000   0.0000  -0.0010  -0.0018    0.570
   191   1.8065  -0.5000   0.1843   0.1230   0.0038   0.0004   0.0006   0.0033   0.0033   0.0000   0.0000  -0.0010  -0.0018    0.548
   192   1.8074  -0.5000   0.1533   0.1192   0.0036   0.0004   0.0008   0.0033   0.0033   0.0000   0.0000  -0.0010  -0.0018    0.547
   193   1.8083  -0.5000   0.1235   0.1154   0.0033   0.0003   0.0010   0.0028   0.0028   0.0000   0.0000  -0.0009  -0.0016    0.589
   194   1.8091  -0.5000   0.0955   0.1119   0.0030   0.0002   0.0011   0.0018   0.0018   0.0000   0.0000  -0.0010  -0.0014    0.811
   195   1.8099  -0.5000   0.0701   0.1088   0.0026  -0.0000   0.0011  -0.0001  -0.0001   0.0000   0.0000  -0.0012  -0.0012  999.000
   196   1.8106  -0.5000   0.0479   0.1060   0.0022  -0.0003   0.0005  -0.0028  -0.0028  -0.0000   0.0000  -0.0021  -0.0014   -0.479
   197   1.8111  -0.5000   0.0295   0.1037   0.0017  -0.0007  -0.0012  -0.0065  -0.0065  -0.0000   0.0000  -0.0040  -0.0024   -0.374
   198   1.8115  -0.5000   0.0152   0.1019   0.0012  -0.0011  -0.0043  -0.0104  -0.0104  -0.0001   0.0000  -0.0076  -0.0050   -0.481
   199   1.8118  -0.5000   0.0055   0.1007   0.0007  -0.0014  -0.0096  -0.0138  -0.0137  -0.0004   0.0000  -0.0119  -0.0084   -0.614
   200   1.8120  -0.5000   0.0006   0.1001   0.0002  -0.0016  -0.0423  -0.0162  -0.0162  -0.0024   0.0000  -0.0150  -0.0109   -0.676
 ---------------------------------------------------------------
