 ---------------------------------------------------------------
 Surface and Strip Forces by surface

  Sref =  1.2850       Cref = 0.25900       Bref =  4.9540    
  Xref = 0.50000       Yref =  0.0000       Zref =  0.0000    

  Surface # 1     main_wing_panel_0                       
     # Chordwise = 12   # Spanwise = 20     First strip =  1
     Surface area Ssurf =    0.365400     Ave. chord Cave =    0.290000

 Forces referred to Sref, Cref, Bref about Xref, Yref, Zref
 Standard axis orientation,  X fwd, Z down         
     CLsurf  =   0.09596     Clsurf  =  -0.01210
     CYsurf  =   0.00000     Cmsurf  =   0.01563
     CDsurf  =   0.00044     Cnsurf  =  -0.00024
     CDisurf =   0.00044     CDvsurf =   0.00000

 Forces referred to Ssurf, Cave 
     CLsurf  =   0.33745     CDsurf  =   0.00154

 Strip Forces referred to Strip Area, Chord
    j     Xle      Yle      Zle      Chord    Area     c_cl     ai     cl_norm    cl       cd       cdv    cm_c/4     cm_LE   C.P.x/c
     1   0.4000   0.0019   0.0000   0.2900   0.0022   0.0994   0.0010   0.3427   0.3427   0.0014   0.0000   0.0173  -0.0684    0.200
     2   0.4000   0.0174   0.0000   0.2900   0.0067   0.0994   0.0009   0.3427   0.3427   0.0014   0.0000   0.0173  -0.0684    0.200
     3   0.4000   0.0480   0.0000   0.2900   0.0110   0.0994   0.0002   0.3427   0.3427   0.0014   0.0000   0.0173  -0.0684    0.200
     4   0.4000   0.0928   0.0000   0.2900   0.0150   0.0994  -0.0031   0.3427   0.3427   0.0014   0.0000   0.0173  -0.0684    0.200
     5   0.4000   0.1509   0.0000   0.2900   0.0186   0.0993  -0.0639   0.3426   0.3426   0.0014   0.0000   0.0173  -0.0684    0.200
     6   0.4000   0.2208   0.0000   0.2900   0.0218   0.0993  -0.0335   0.3424   0.3424   0.0014   0.0000   0.0173  -0.0683    0.200
     7   0.4000   0.3008   0.0000   0.2900   0.0244   0.0992   0.0278   0.3420   0.3420   0.0014   0.0000   0.0172  -0.0682    0.200
     8   0.4000   0.3889   0.0000   0.2900   0.0265   0.0990   0.0187   0.3415   0.3415   0.0014   0.0000   0.0172  -0.0681    0.200
     9   0.4000   0.4829   0.0000   0.2900   0.0279   0.0988  -0.0631   0.3408   0.3408   0.0014   0.0000   0.0172  -0.0680    0.200
    10   0.4000   0.5806   0.0000   0.2900   0.0286   0.0985   0.0214   0.3399   0.3399   0.0015   0.0000   0.0172  -0.0678    0.199
    11   0.4000   0.6794   0.0000   0.2900   0.0286   0.0982   0.0128   0.3387   0.3387   0.0015   0.0000   0.0171  -0.0675    0.199
    12   0.4000   0.7771   0.0000   0.2900   0.0279   0.0978   0.1064   0.3373   0.3373   0.0016   0.0000   0.0171  -0.0672    0.199
    13   0.4000   0.8711   0.0000   0.2900   0.0265   0.0973  -0.0103   0.3356   0.3356   0.0016   0.0000   0.0170  -0.0668    0.199
    14   0.4000   0.9592   0.0000   0.2900   0.0244   0.0968   0.0050   0.3337   0.3337   0.0017   0.0000   0.0170  -0.0664    0.199
    15   0.4000   1.0392   0.0000   0.2900   0.0218   0.0962   0.0076   0.3317   0.3317   0.0017   0.0000   0.0169  -0.0660    0.199
    16   0.4000   1.1091   0.0000   0.2900   0.0186   0.0956   0.0088   0.3296   0.3296   0.0018   0.0000   0.0169  -0.0655    0.199
    17   0.4000   1.1672   0.0000   0.2900   0.0150   0.0950   0.0096   0.3276   0.3276   0.0018   0.0000   0.0168  -0.0651    0.199
    18   0.4000   1.2120   0.0000   0.2900   0.0110   0.0945   0.0102   0.3259   0.3259   0.0019   0.0000   0.0167  -0.0647    0.199
    19   0.4000   1.2426   0.0000   0.2900   0.0067   0.0941   0.0106   0.3246   0.3246   0.0019   0.0000   0.0167  -0.0644    0.199
    20   0.4000   1.2581   0.0000   0.2900   0.0022   0.0939   0.0108   0.3239   0.3239   0.0021   0.0000   0.0167  -0.0643    0.198

  Surface # 2     main_wing_panel_0 (YDUP)                
     # Chordwise = 12   # Spanwise = 20     First strip = 21
     Surface area Ssurf =    0.365400     Ave. chord Cave =    0.290000

 Forces referred to Sref, Cref, Bref about Xref, Yref, Zref
 Standard axis orientation,  X fwd, Z down         
     CLsurf  =   0.09596     Clsurf  =   0.01210
     CYsurf  =  -0.00000     Cmsurf  =   0.01563
     CDsurf  =   0.00044     Cnsurf  =   0.00024
     CDisurf =   0.00044     CDvsurf =   0.00000

 Forces referred to Ssurf, Cave 
     CLsurf  =   0.33745     CDsurf  =   0.00154

 Strip Forces referred to Strip Area, Chord
    j     Xle      Yle      Zle      Chord    Area     c_cl     ai     cl_norm    cl       cd       cdv    cm_c/4     cm_LE   C.P.x/c
    21   0.4000  -0.0019   0.0000   0.2900   0.0022   0.0994   0.0010   0.3427   0.3427   0.0014   0.0000   0.0173   0.0684    0.200
    22   0.4000  -0.0174   0.0000   0.2900   0.0067   0.0994   0.0009   0.3427   0.3427   0.0014   0.0000   0.0173   0.0684    0.200
    23   0.4000  -0.0480   0.0000   0.2900   0.0110   0.0994   0.0002   0.3427   0.3427   0.0014   0.0000   0.0173   0.0684    0.200
    24   0.4000  -0.0928   0.0000   0.2900   0.0150   0.0994  -0.0032   0.3427   0.3427   0.0014   0.0000   0.0173   0.0684    0.200
    25   0.4000  -0.1509   0.0000   0.2900   0.0186   0.0993  -0.0642   0.3426   0.3426   0.0014   0.0000   0.0173   0.0684    0.200
    26   0.4000  -0.2208   0.0000   0.2900   0.0218   0.0993  -0.0347   0.3424   0.3424   0.0014   0.0000   0.0173   0.0683    0.200
    27   0.4000  -0.3008   0.0000   0.2900   0.0244   0.0992   0.0289   0.3420   0.3420   0.0014   0.0000   0.0172   0.0682    0.200
    28   0.4000  -0.3889   0.0000   0.2900   0.0265   0.0990   0.0190   0.3415   0.3415   0.0014   0.0000   0.0172   0.0681    0.200
    29   0.4000  -0.4829   0.0000   0.2900   0.0279   0.0988  -0.0355   0.3408   0.3408   0.0014   0.0000   0.0172   0.0680    0.200
    30   0.4000  -0.5806   0.0000   0.2900   0.0286   0.0985   0.0233   0.3399   0.3399   0.0015   0.0000   0.0172   0.0678    0.199
    31   0.4000  -0.6794   0.0000   0.2900   0.0286   0.0982   0.0142   0.3387   0.3387   0.0015   0.0000   0.0171   0.0675    0.199
    32   0.4000  -0.7771   0.0000   0.2900   0.0279   0.0978   0.1049   0.3373   0.3373   0.0016   0.0000   0.0171   0.0672    0.199
    33   0.4000  -0.8711   0.0000   0.2900   0.0265   0.0973  -0.0102   0.3356   0.3356   0.0016   0.0000   0.0170   0.0668    0.199
    34   0.4000  -0.9592   0.0000   0.2900   0.0244   0.0968   0.0050   0.3337   0.3337   0.0017   0.0000   0.0170   0.0664    0.199
    35   0.4000  -1.0392   0.0000   0.2900   0.0218   0.0962   0.0076   0.3317   0.3317   0.0017   0.0000   0.0169   0.0660    0.199
    36   0.4000  -1.1091   0.0000   0.2900   0.0186   0.0956   0.0088   0.3296   0.3296   0.0018   0.0000   0.0169   0.0655    0.199
    37   0.4000  -1.1672   0.0000   0.2900   0.0150   0.0950   0.0096   0.3276   0.3276   0.0018   0.0000   0.0168   0.0651    0.199
    38   0.4000  -1.2120   0.0000   0.2900   0.0110   0.0945   0.0102   0.3259   0.3259   0.0019   0.0000   0.0167   0.0647    0.199
    39   0.4000  -1.2426   0.0000   0.2900   0.0067   0.0941   0.0106   0.3246   0.3246   0.0019   0.0000   0.0167   0.0644    0.199
    40   0.4000  -1.2581   0.0000   0.2900   0.0022   0.0939   0.0108   0.3239   0.3239   0.0021   0.0000   0.0167   0.0643    0.198

  Surface # 3     main_wing_panel_1                       
     # Chordwise = 12   # Spanwise = 20     First strip = 41
     Surface area Ssurf =    0.275268     Ave. chord Cave =    0.226186

 Forces referred to Sref, Cref, Bref about Xref, Yref, Zref
 Standard axis orientation,  X fwd, Z down         
     CLsurf  =   0.06578     Clsurf  =  -0.02340
     CYsurf  =  -0.00008     Cmsurf  =   0.01050
     CDsurf  =   0.00043     Cnsurf  =  -0.00043
     CDisurf =   0.00043     CDvsurf =   0.00000

 Forces referred to Ssurf, Cave 
     CLsurf  =   0.30706     CDsurf  =   0.00200

 Strip Forces referred to Strip Area, Chord
    j     Xle      Yle      Zle      Chord    Area     c_cl     ai     cl_norm    cl       cd       cdv    cm_c/4     cm_LE   C.P.x/c
    41   0.4000   1.2617   0.0000   0.2899   0.0020   0.0939   0.0108   0.3238   0.3238   0.0021   0.0000   0.0167  -0.0643    0.198
    42   0.4001   1.2754   0.0000   0.2895   0.0059   0.0937   0.0109   0.3236   0.3236   0.0020   0.0000   0.0167  -0.0642    0.198
    43   0.4003   1.3025   0.0000   0.2887   0.0097   0.0933   0.0110   0.3231   0.3230   0.0019   0.0000   0.0167  -0.0640    0.198
    44   0.4005   1.3423   0.0000   0.2876   0.0132   0.0926   0.0113   0.3221   0.3221   0.0020   0.0000   0.0167  -0.0638    0.198
    45   0.4009   1.3938   0.0000   0.2861   0.0163   0.0917   0.0116   0.3205   0.3205   0.0020   0.0000   0.0167  -0.0634    0.198
    46   0.4013   1.4558   0.0000   0.2842   0.0189   0.0904   0.0121   0.3181   0.3181   0.0020   0.0000   0.0167  -0.0628    0.197
    47   0.4017   1.5267   0.0000   0.2821   0.0211   0.0887   0.0127   0.3144   0.3144   0.0021   0.0000   0.0166  -0.0620    0.197
    48   0.4034   1.6218   0.0000   0.2760   0.0319   0.0861   0.0131   0.3122   0.3122   0.0021   0.0000   0.0168  -0.0612    0.196
    49   0.4064   1.7407   0.0000   0.2654   0.0323   0.0822   0.0134   0.3097   0.3097   0.0021   0.0000   0.0171  -0.0603    0.195
    50   0.4095   1.8476   0.0000   0.2533   0.0232   0.0776   0.0136   0.3064   0.3064   0.0021   0.0000   0.0174  -0.0592    0.193
    51   0.4125   1.9394   0.0000   0.2397   0.0219   0.0727   0.0136   0.3032   0.3032   0.0021   0.0000   0.0177  -0.0581    0.192
    52   0.4161   2.0215   0.0000   0.2255   0.0163   0.0675   0.0136   0.2993   0.2993   0.0021   0.0000   0.0180  -0.0567    0.190
    53   0.4201   2.0922   0.0000   0.2109   0.0145   0.0620   0.0136   0.2942   0.2942   0.0020   0.0000   0.0184  -0.0550    0.187
    54   0.4256   2.1823   0.0000   0.1881   0.0207   0.0550   0.0132   0.2927   0.2926   0.0019   0.0000   0.0189  -0.0541    0.185
    55   0.4331   2.2799   0.0000   0.1570   0.0133   0.0457   0.0126   0.2912   0.2912   0.0018   0.0000   0.0194  -0.0531    0.183
    56   0.4393   2.3401   0.0000   0.1327   0.0049   0.0379   0.0123   0.2855   0.2855   0.0015   0.0000   0.0197  -0.0513    0.181
    57   0.4433   2.3732   0.0000   0.1167   0.0034   0.0315   0.0124   0.2703   0.2703   0.0014   0.0000   0.0193  -0.0479    0.179
    58   0.4499   2.4149   0.0000   0.0897   0.0046   0.0240   0.0109   0.2672   0.2672   0.0012   0.0000   0.0201  -0.0460    0.175
    59   0.4623   2.4550   0.0000   0.0412   0.0012   0.0128  -0.0033   0.3119   0.3118  -0.0019   0.0000   0.0258  -0.0468    0.167
    60   0.4718   2.4745   0.0000   0.0046   0.0000   0.0028  -0.0664   0.6034   0.6031  -0.0274   0.0000   0.0474  -0.0927    0.171

  Surface # 4     main_wing_panel_1 (YDUP)                
     # Chordwise = 12   # Spanwise = 20     First strip = 61
     Surface area Ssurf =    0.275268     Ave. chord Cave =    0.226186

 Forces referred to Sref, Cref, Bref about Xref, Yref, Zref
 Standard axis orientation,  X fwd, Z down         
     CLsurf  =   0.06578     Clsurf  =   0.02340
     CYsurf  =   0.00008     Cmsurf  =   0.01050
     CDsurf  =   0.00043     Cnsurf  =   0.00043
     CDisurf =   0.00043     CDvsurf =   0.00000

 Forces referred to Ssurf, Cave 
     CLsurf  =   0.30706     CDsurf  =   0.00200

 Strip Forces referred to Strip Area, Chord
    j     Xle      Yle      Zle      Chord    Area     c_cl     ai     cl_norm    cl       cd       cdv    cm_c/4     cm_LE   C.P.x/c
    61   0.4000  -1.2617   0.0000   0.2899   0.0020   0.0939   0.0108   0.3238   0.3238   0.0021   0.0000   0.0167   0.0643    0.198
    62   0.4001  -1.2754   0.0000   0.2895   0.0059   0.0937   0.0109   0.3236   0.3236   0.0020   0.0000   0.0167   0.0642    0.198
    63   0.4003  -1.3025   0.0000   0.2887   0.0097   0.0933   0.0110   0.3231   0.3231   0.0019   0.0000   0.0167   0.0640    0.198
    64   0.4005  -1.3423   0.0000   0.2876   0.0132   0.0926   0.0113   0.3221   0.3221   0.0020   0.0000   0.0167   0.0638    0.198
    65   0.4009  -1.3938   0.0000   0.2861   0.0163   0.0917   0.0116   0.3205   0.3205   0.0020   0.0000   0.0167   0.0634    0.198
    66   0.4013  -1.4558   0.0000   0.2842   0.0189   0.0904   0.0121   0.3181   0.3181   0.0020   0.0000   0.0167   0.0628    0.197
    67   0.4017  -1.5267   0.0000   0.2821   0.0211   0.0887   0.0127   0.3144   0.3144   0.0021   0.0000   0.0166   0.0620    0.197
    68   0.4034  -1.6218   0.0000   0.2760   0.0319   0.0861   0.0131   0.3122   0.3122   0.0021   0.0000   0.0168   0.0612    0.196
    69   0.4064  -1.7407   0.0000   0.2654   0.0323   0.0822   0.0134   0.3097   0.3097   0.0021   0.0000   0.0171   0.0603    0.195
    70   0.4095  -1.8476   0.0000   0.2533   0.0232   0.0776   0.0136   0.3064   0.3064   0.0021   0.0000   0.0174   0.0592    0.193
    71   0.4125  -1.9394   0.0000   0.2397   0.0219   0.0727   0.0136   0.3032   0.3032   0.0021   0.0000   0.0177   0.0581    0.192
    72   0.4161  -2.0215   0.0000   0.2255   0.0163   0.0675   0.0136   0.2993   0.2993   0.0021   0.0000   0.0180   0.0567    0.190
    73   0.4201  -2.0922   0.0000   0.2109   0.0145   0.0620   0.0136   0.2942   0.2942   0.0020   0.0000   0.0184   0.0550    0.187
    74   0.4256  -2.1823   0.0000   0.1881   0.0207   0.0550   0.0132   0.2927   0.2926   0.0019   0.0000   0.0189   0.0541    0.185
    75   0.4331  -2.2799   0.0000   0.1570   0.0133   0.0457   0.0126   0.2912   0.2912   0.0018   0.0000   0.0194   0.0531    0.183
    76   0.4393  -2.3401   0.0000   0.1327   0.0049   0.0379   0.0123   0.2855   0.2855   0.0015   0.0000   0.0197   0.0513    0.181
    77   0.4433  -2.3732   0.0000   0.1167   0.0034   0.0315   0.0123   0.2703   0.2703   0.0014   0.0000   0.0193   0.0479    0.179
    78   0.4499  -2.4149   0.0000   0.0897   0.0046   0.0240   0.0109   0.2672   0.2672   0.0012   0.0000   0.0201   0.0460    0.175
    79   0.4623  -2.4550   0.0000   0.0412   0.0012   0.0128  -0.0033   0.3119   0.3118  -0.0019   0.0000   0.0258   0.0468    0.167
    80   0.4718  -2.4745   0.0000   0.0046   0.0000   0.0028  -0.0664   0.6034   0.6031  -0.0274   0.0000   0.0474   0.0927    0.171

  Surface # 5     hstab_panel_0                           
     # Chordwise = 12   # Spanwise = 20     First strip = 81
     Surface area Ssurf =    0.043750     Ave. chord Cave =    0.125000

 Forces referred to Sref, Cref, Bref about Xref, Yref, Zref
 Standard axis orientation,  X fwd, Z down         
     CLsurf  =   0.00253     Clsurf  =  -0.00034
     CYsurf  =  -0.00000     Cmsurf  =  -0.01321
     CDsurf  =   0.00005     Cnsurf  =  -0.00000
     CDisurf =   0.00005     CDvsurf =   0.00000

 Forces referred to Ssurf, Cave 
     CLsurf  =   0.07424     CDsurf  =   0.00133

 Strip Forces referred to Strip Area, Chord
    j     Xle      Yle      Zle      Chord    Area     c_cl     ai     cl_norm    cl       cd       cdv    cm_c/4     cm_LE   C.P.x/c
    81   1.8000   0.5005   0.0000   0.1499   0.0003   0.0056  -0.2223   0.0373   0.0373   0.0014   0.0000  -0.0024  -0.0118    0.316
    82   1.8002   0.5048   0.0000   0.1493   0.0010   0.0068  -0.0291   0.0456   0.0456   0.0010   0.0000  -0.0043  -0.0157    0.344
    83   1.8005   0.5133   0.0000   0.1481   0.0016   0.0081   0.0040   0.0546   0.0546   0.0011   0.0000  -0.0061  -0.0198    0.362
    84   1.8009   0.5258   0.0000   0.1463   0.0021   0.0093   0.0187   0.0632   0.0632   0.0012   0.0000  -0.0077  -0.0235    0.371
    85   1.8014   0.5419   0.0000   0.1440   0.0026   0.0101   0.0172   0.0704   0.0704   0.0013   0.0000  -0.0089  -0.0265    0.376
    86   1.8021   0.5613   0.0000   0.1412   0.0029   0.0107   0.0198   0.0761   0.0761   0.0014   0.0000  -0.0097  -0.0287    0.378
    87   1.8029   0.5836   0.0000   0.1381   0.0032   0.0111   0.0203   0.0802   0.0802   0.0014   0.0000  -0.0103  -0.0303    0.378
    88   1.8037   0.6080   0.0000   0.1346   0.0034   0.0112   0.0208   0.0831   0.0831   0.0014   0.0000  -0.0107  -0.0315    0.379
    89   1.8046   0.6341   0.0000   0.1308   0.0035   0.0111   0.0129   0.0850   0.0850   0.0015   0.0000  -0.0109  -0.0322    0.379
    90   1.8055   0.6613   0.0000   0.1270   0.0035   0.0109   0.0186   0.0858   0.0858   0.0015   0.0000  -0.0111  -0.0325    0.379
    91   1.8065   0.6887   0.0000   0.1230   0.0034   0.0105   0.0194   0.0856   0.0856   0.0014   0.0000  -0.0111  -0.0325    0.380
    92   1.8074   0.7159   0.0000   0.1192   0.0032   0.0100   0.0216   0.0843   0.0843   0.0014   0.0000  -0.0110  -0.0321    0.380
    93   1.8083   0.7420   0.0000   0.1154   0.0029   0.0094   0.0173   0.0818   0.0818   0.0014   0.0000  -0.0108  -0.0312    0.381
    94   1.8091   0.7664   0.0000   0.1119   0.0026   0.0087   0.0200   0.0779   0.0779   0.0014   0.0000  -0.0103  -0.0298    0.383
    95   1.8099   0.7887   0.0000   0.1088   0.0023   0.0079   0.0219   0.0723   0.0723   0.0013   0.0000  -0.0097  -0.0278    0.384
    96   1.8106   0.8081   0.0000   0.1060   0.0019   0.0068   0.0249   0.0646   0.0646   0.0012   0.0000  -0.0088  -0.0249    0.386
    97   1.8111   0.8242   0.0000   0.1037   0.0015   0.0057   0.1067   0.0545   0.0545   0.0011   0.0000  -0.0075  -0.0211    0.387
    98   1.8115   0.8367   0.0000   0.1019   0.0011   0.0043   0.0236   0.0418   0.0418   0.0009   0.0000  -0.0057  -0.0162    0.387
    99   1.8118   0.8452   0.0000   0.1007   0.0006   0.0027   0.0269   0.0264   0.0264   0.0006   0.0000  -0.0036  -0.0102    0.385
   100   1.8120   0.8495   0.0000   0.1001   0.0002   0.0009   0.0286   0.0091   0.0091   0.0002   0.0000  -0.0012  -0.0035    0.383

  Surface # 6     hstab_panel_0 (YDUP)                    
     # Chordwise = 12   # Spanwise = 20     First strip =101
     Surface area Ssurf =    0.043750     Ave. chord Cave =    0.125000

 Forces referred to Sref, Cref, Bref about Xref, Yref, Zref
 Standard axis orientation,  X fwd, Z down         
     CLsurf  =   0.00237     Clsurf  =   0.00032
     CYsurf  =   0.00000     Cmsurf  =  -0.01238
     CDsurf  =   0.00004     Cnsurf  =   0.00000
     CDisurf =   0.00004     CDvsurf =   0.00000

 Forces referred to Ssurf, Cave 
     CLsurf  =   0.06955     CDsurf  =   0.00126

 Strip Forces referred to Strip Area, Chord
    j     Xle      Yle      Zle      Chord    Area     c_cl     ai     cl_norm    cl       cd       cdv    cm_c/4     cm_LE   C.P.x/c
   101   1.8000  -0.5005   0.0000   0.1499   0.0003   0.0011  -0.1258   0.0072   0.0072   0.0002   0.0000  -0.0009   0.0027    0.372
   102   1.8002  -0.5048   0.0000   0.1493   0.0010   0.0032  -0.0177   0.0215   0.0215   0.0005   0.0000  -0.0027   0.0081    0.375
   103   1.8005  -0.5133   0.0000   0.1481   0.0016   0.0052   0.0050   0.0353   0.0353   0.0008   0.0000  -0.0045   0.0133    0.378
   104   1.8009  -0.5258   0.0000   0.1463   0.0021   0.0070   0.0180   0.0481   0.0481   0.0010   0.0000  -0.0063   0.0183    0.380
   105   1.8014  -0.5419   0.0000   0.1440   0.0026   0.0085   0.0171   0.0593   0.0593   0.0012   0.0000  -0.0077   0.0225    0.380
   106   1.8021  -0.5613   0.0000   0.1412   0.0029   0.0096   0.0201   0.0681   0.0681   0.0013   0.0000  -0.0088   0.0258    0.380
   107   1.8029  -0.5836   0.0000   0.1381   0.0032   0.0103   0.0208   0.0746   0.0746   0.0014   0.0000  -0.0097   0.0283    0.380
   108   1.8037  -0.6080   0.0000   0.1346   0.0034   0.0107   0.0212   0.0793   0.0793   0.0014   0.0000  -0.0103   0.0301    0.380
   109   1.8046  -0.6341   0.0000   0.1308   0.0035   0.0108   0.0133   0.0823   0.0823   0.0014   0.0000  -0.0107   0.0312    0.379
   110   1.8055  -0.6613   0.0000   0.1270   0.0035   0.0107   0.0189   0.0839   0.0839   0.0014   0.0000  -0.0109   0.0318    0.380
   111   1.8065  -0.6887   0.0000   0.1230   0.0034   0.0104   0.0196   0.0843   0.0843   0.0014   0.0000  -0.0110   0.0320    0.380
   112   1.8074  -0.7159   0.0000   0.1192   0.0032   0.0099   0.0218   0.0834   0.0834   0.0014   0.0000  -0.0109   0.0317    0.381
   113   1.8083  -0.7420   0.0000   0.1154   0.0029   0.0094   0.0175   0.0812   0.0812   0.0014   0.0000  -0.0107   0.0310    0.382
   114   1.8091  -0.7664   0.0000   0.1119   0.0026   0.0087   0.0201   0.0775   0.0775   0.0014   0.0000  -0.0103   0.0297    0.383
   115   1.8099  -0.7887   0.0000   0.1088   0.0023   0.0078   0.0220   0.0720   0.0720   0.0013   0.0000  -0.0097   0.0277    0.384
   116   1.8106  -0.8081   0.0000   0.1060   0.0019   0.0068   0.0249   0.0644   0.0644   0.0012   0.0000  -0.0087   0.0248    0.386
   117   1.8111  -0.8242   0.0000   0.1037   0.0015   0.0056   0.1067   0.0543   0.0543   0.0011   0.0000  -0.0074   0.0210    0.387
   118   1.8115  -0.8367   0.0000   0.1019   0.0011   0.0042   0.0236   0.0417   0.0417   0.0009   0.0000  -0.0057   0.0161    0.387
   119   1.8118  -0.8452   0.0000   0.1007   0.0006   0.0027   0.0269   0.0264   0.0264   0.0006   0.0000  -0.0036   0.0102    0.385
   120   1.8120  -0.8495   0.0000   0.1001   0.0002   0.0009   0.0286   0.0090   0.0090   0.0002   0.0000  -0.0012   0.0035    0.383

  Surface # 7     fin_panel_0                             
     # Chordwise = 12   # Spanwise = 20     First strip =121
     Surface area Ssurf =    0.050000     Ave. chord Cave =    0.125000

 Forces referred to Sref, Cref, Bref about Xref, Yref, Zref
 Standard axis orientation,  X fwd, Z down         
     CLsurf  =  -0.00000     Clsurf  =  -0.00001
     CYsurf  =  -0.00012     Cmsurf  =   0.00000
     CDsurf  =  -0.00000     Cnsurf  =   0.00003
     CDisurf =  -0.00000     CDvsurf =   0.00000

 Forces referred to Ssurf, Cave 
     CLsurf  =  -0.00318     CDsurf  =  -0.00002

 Strip Forces referred to Strip Area, Chord
    j     Xle      Yle      Zle      Chord    Area     c_cl     ai     cl_norm    cl       cd       cdv    cm_c/4     cm_LE   C.P.x/c
   121   1.8000   0.5000   0.3994   0.1499   0.0004  -0.0001  -0.0022  -0.0010  -0.0010   0.0000   0.0000   0.0002   0.0005    0.464
   122   1.8002   0.5000   0.3945   0.1493   0.0011  -0.0004  -0.0020  -0.0029  -0.0029   0.0000   0.0000   0.0006   0.0013    0.464
   123   1.8005   0.5000   0.3848   0.1481   0.0018  -0.0007  -0.0018  -0.0046  -0.0046   0.0000   0.0000   0.0010   0.0021    0.463
   124   1.8009   0.5000   0.3705   0.1463   0.0024  -0.0009  -0.0015  -0.0061  -0.0061   0.0000   0.0000   0.0013   0.0028    0.459
   125   1.8014   0.5000   0.3521   0.1440   0.0029  -0.0010  -0.0013  -0.0073  -0.0073   0.0000   0.0000   0.0015   0.0033    0.455
   126   1.8021   0.5000   0.3299   0.1412   0.0034  -0.0012  -0.0011  -0.0082  -0.0082   0.0000   0.0000   0.0016   0.0037    0.450
   127   1.8029   0.5000   0.3045   0.1381   0.0037  -0.0012  -0.0009  -0.0089  -0.0089   0.0000   0.0000   0.0017   0.0040    0.446
   128   1.8037   0.5000   0.2765   0.1346   0.0039  -0.0012  -0.0009  -0.0093  -0.0093   0.0000   0.0000   0.0018   0.0041    0.444
   129   1.8046   0.5000   0.2467   0.1308   0.0040  -0.0012  -0.0009  -0.0094  -0.0094   0.0000   0.0000   0.0018   0.0042    0.444
   130   1.8055   0.5000   0.2157   0.1270   0.0040  -0.0012  -0.0009  -0.0092  -0.0092   0.0000   0.0000   0.0018   0.0041    0.446
   131   1.8065   0.5000   0.1843   0.1230   0.0038  -0.0010  -0.0011  -0.0085  -0.0085   0.0000   0.0000   0.0017   0.0039    0.454
   132   1.8074   0.5000   0.1533   0.1192   0.0036  -0.0009  -0.0013  -0.0073  -0.0073   0.0000   0.0000   0.0016   0.0034    0.471
   133   1.8083   0.5000   0.1235   0.1154   0.0033  -0.0006  -0.0016  -0.0053  -0.0053   0.0000   0.0000   0.0014   0.0027    0.514
   134   1.8091   0.5000   0.0955   0.1119   0.0030  -0.0002  -0.0018  -0.0021  -0.0021   0.0000   0.0000   0.0011   0.0016    0.748
   135   1.8099   0.5000   0.0701   0.1088   0.0026   0.0003  -0.0017   0.0027   0.0027  -0.0000   0.0000   0.0005  -0.0002    0.060
   136   1.8106   0.5000   0.0479   0.1060   0.0022   0.0010  -0.0006   0.0099   0.0099  -0.0000   0.0000  -0.0003  -0.0027    0.277
   137   1.8111   0.5000   0.0295   0.1037   0.0017   0.0020   0.0034   0.0196   0.0196  -0.0001   0.0000  -0.0013  -0.0062    0.316
   138   1.8115   0.5000   0.0152   0.1019   0.0012   0.0032   0.0129   0.0310   0.0310  -0.0002   0.0000  -0.0024  -0.0101    0.327
   139   1.8118   0.5000   0.0055   0.1007   0.0007   0.0042   0.0336   0.0417   0.0416  -0.0003   0.0000  -0.0032  -0.0136    0.328
   140   1.8120   0.5000   0.0006   0.1001   0.0002   0.0049   0.1127   0.0490   0.0490  -0.0015   0.0000  -0.0036  -0.0159    0.324

  Surface # 8     hstab_panel_0                           
     # Chordwise = 12   # Spanwise = 20     First strip =141
     Surface area Ssurf =    0.043750     Ave. chord Cave =    0.125000

 Forces referred to Sref, Cref, Bref about Xref, Yref, Zref
 Standard axis orientation,  X fwd, Z down         
     CLsurf  =   0.00264     Clsurf  =   0.00018
     CYsurf  =  -0.00001     Cmsurf  =  -0.01380
     CDsurf  =   0.00005     Cnsurf  =   0.00000
     CDisurf =   0.00005     CDvsurf =   0.00000

 Forces referred to Ssurf, Cave 
     CLsurf  =   0.07756     CDsurf  =   0.00134

 Strip Forces referred to Strip Area, Chord
    j     Xle      Yle      Zle      Chord    Area     c_cl     ai     cl_norm    cl       cd       cdv    cm_c/4     cm_LE   C.P.x/c
   141   1.8000  -0.4995   0.0000   0.1499   0.0003   0.0060  -0.2164   0.0400   0.0400   0.0015   0.0000  -0.0026  -0.0126    0.315
   142   1.8002  -0.4952   0.0000   0.1493   0.0010   0.0072  -0.0281   0.0483   0.0483   0.0010   0.0000  -0.0045  -0.0166    0.343
   143   1.8005  -0.4867   0.0000   0.1481   0.0016   0.0085   0.0035   0.0573   0.0573   0.0011   0.0000  -0.0063  -0.0206    0.360
   144   1.8009  -0.4742   0.0000   0.1463   0.0021   0.0096   0.0148   0.0659   0.0659   0.0013   0.0000  -0.0079  -0.0244    0.370
   145   1.8014  -0.4581   0.0000   0.1440   0.0026   0.0105   0.0183   0.0732   0.0732   0.0013   0.0000  -0.0091  -0.0273    0.374
   146   1.8021  -0.4387   0.0000   0.1412   0.0029   0.0111   0.0149   0.0788   0.0788   0.0014   0.0000  -0.0099  -0.0296    0.376
   147   1.8029  -0.4164   0.0000   0.1381   0.0032   0.0115   0.0203   0.0831   0.0831   0.0014   0.0000  -0.0105  -0.0312    0.376
   148   1.8037  -0.3920   0.0000   0.1346   0.0034   0.0116   0.0192   0.0861   0.0861   0.0014   0.0000  -0.0109  -0.0324    0.376
   149   1.8046  -0.3659   0.0000   0.1308   0.0035   0.0115   0.0182   0.0882   0.0882   0.0015   0.0000  -0.0111  -0.0331    0.376
   150   1.8055  -0.3387   0.0000   0.1270   0.0035   0.0113   0.0205   0.0892   0.0892   0.0015   0.0000  -0.0112  -0.0335    0.376
   151   1.8065  -0.3113   0.0000   0.1230   0.0034   0.0110   0.0183   0.0893   0.0893   0.0015   0.0000  -0.0112  -0.0335    0.376
   152   1.8074  -0.2841   0.0000   0.1192   0.0032   0.0105   0.0180   0.0883   0.0883   0.0014   0.0000  -0.0111  -0.0332    0.376
   153   1.8083  -0.2580   0.0000   0.1154   0.0029   0.0099   0.0232   0.0859   0.0859   0.0014   0.0000  -0.0109  -0.0323    0.376
   154   1.8091  -0.2336   0.0000   0.1119   0.0026   0.0092   0.0194   0.0821   0.0821   0.0014   0.0000  -0.0104  -0.0309    0.377
   155   1.8099  -0.2113   0.0000   0.1088   0.0023   0.0083   0.0202   0.0764   0.0764   0.0013   0.0000  -0.0098  -0.0289    0.378
   156   1.8106  -0.1919   0.0000   0.1060   0.0019   0.0073   0.0210   0.0685   0.0685   0.0012   0.0000  -0.0088  -0.0259    0.378
   157   1.8111  -0.1758   0.0000   0.1037   0.0015   0.0060   0.0239   0.0579   0.0579   0.0011   0.0000  -0.0074  -0.0219    0.378
   158   1.8115  -0.1633   0.0000   0.1019   0.0011   0.0045   0.0256   0.0444   0.0444   0.0009   0.0000  -0.0057  -0.0167    0.378
   159   1.8118  -0.1548   0.0000   0.1007   0.0006   0.0028   0.0274   0.0281   0.0281   0.0006   0.0000  -0.0035  -0.0105    0.375
   160   1.8120  -0.1505   0.0000   0.1001   0.0002   0.0010   0.0287   0.0096   0.0096   0.0002   0.0000  -0.0012  -0.0036    0.372

  Surface # 9     hstab_panel_0 (YDUP)                    
     # Chordwise = 12   # Spanwise = 20     First strip =161
     Surface area Ssurf =    0.043750     Ave. chord Cave =    0.125000

 Forces referred to Sref, Cref, Bref about Xref, Yref, Zref
 Standard axis orientation,  X fwd, Z down         
     CLsurf  =   0.00246     Clsurf  =  -0.00016
     CYsurf  =   0.00000     Cmsurf  =  -0.01287
     CDsurf  =   0.00004     Cnsurf  =  -0.00000
     CDisurf =   0.00004     CDvsurf =   0.00000

 Forces referred to Ssurf, Cave 
     CLsurf  =   0.07234     CDsurf  =   0.00127

 Strip Forces referred to Strip Area, Chord
    j     Xle      Yle      Zle      Chord    Area     c_cl     ai     cl_norm    cl       cd       cdv    cm_c/4     cm_LE   C.P.x/c
   161   1.8000   0.4995   0.0000   0.1499   0.0003   0.0011  -0.1263   0.0074   0.0074   0.0002   0.0000  -0.0009   0.0027    0.371
   162   1.8002   0.4952   0.0000   0.1493   0.0010   0.0033  -0.0185   0.0220   0.0220   0.0005   0.0000  -0.0027   0.0082    0.374
   163   1.8005   0.4867   0.0000   0.1481   0.0016   0.0054   0.0038   0.0362   0.0362   0.0008   0.0000  -0.0046   0.0136    0.377
   164   1.8009   0.4742   0.0000   0.1463   0.0021   0.0072   0.0140   0.0495   0.0495   0.0010   0.0000  -0.0063   0.0187    0.378
   165   1.8014   0.4581   0.0000   0.1440   0.0026   0.0088   0.0183   0.0609   0.0609   0.0012   0.0000  -0.0078   0.0230    0.378
   166   1.8021   0.4387   0.0000   0.1412   0.0029   0.0099   0.0154   0.0700   0.0700   0.0013   0.0000  -0.0090   0.0265    0.378
   167   1.8029   0.4164   0.0000   0.1381   0.0032   0.0106   0.0209   0.0769   0.0769   0.0014   0.0000  -0.0098   0.0290    0.378
   168   1.8037   0.3920   0.0000   0.1346   0.0034   0.0110   0.0197   0.0818   0.0818   0.0014   0.0000  -0.0104   0.0308    0.377
   169   1.8046   0.3659   0.0000   0.1308   0.0035   0.0111   0.0187   0.0851   0.0851   0.0014   0.0000  -0.0108   0.0320    0.377
   170   1.8055   0.3387   0.0000   0.1270   0.0035   0.0111   0.0208   0.0871   0.0871   0.0014   0.0000  -0.0110   0.0328    0.376
   171   1.8065   0.3113   0.0000   0.1230   0.0034   0.0108   0.0186   0.0878   0.0878   0.0014   0.0000  -0.0111   0.0330    0.376
   172   1.8074   0.2841   0.0000   0.1192   0.0032   0.0104   0.0182   0.0872   0.0872   0.0014   0.0000  -0.0110   0.0328    0.376
   173   1.8083   0.2580   0.0000   0.1154   0.0029   0.0098   0.0234   0.0851   0.0851   0.0014   0.0000  -0.0108   0.0321    0.377
   174   1.8091   0.2336   0.0000   0.1119   0.0026   0.0091   0.0195   0.0815   0.0815   0.0014   0.0000  -0.0104   0.0307    0.377
   175   1.8099   0.2113   0.0000   0.1088   0.0023   0.0083   0.0203   0.0760   0.0760   0.0013   0.0000  -0.0097   0.0287    0.378
   176   1.8106   0.1919   0.0000   0.1060   0.0019   0.0072   0.0211   0.0681   0.0681   0.0012   0.0000  -0.0088   0.0258    0.379
   177   1.8111   0.1758   0.0000   0.1037   0.0015   0.0060   0.0240   0.0576   0.0576   0.0011   0.0000  -0.0074   0.0218    0.379
   178   1.8115   0.1633   0.0000   0.1019   0.0011   0.0045   0.0256   0.0442   0.0442   0.0009   0.0000  -0.0056   0.0167    0.378
   179   1.8118   0.1548   0.0000   0.1007   0.0006   0.0028   0.0274   0.0280   0.0280   0.0006   0.0000  -0.0035   0.0105    0.375
   180   1.8120   0.1505   0.0000   0.1001   0.0002   0.0010   0.0287   0.0096   0.0096   0.0002   0.0000  -0.0012   0.0036    0.372

  Surface #10     fin_panel_0                             
     # Chordwise = 12   # Spanwise = 20     First strip =181
     Surface area Ssurf =    0.050000     Ave. chord Cave =    0.125000

 Forces referred to Sref, Cref, Bref about Xref, Yref, Zref
 Standard axis orientation,  X fwd, Z down         
     CLsurf  =   0.00000     Clsurf  =  -0.00000
     CYsurf  =   0.00013     Cmsurf  =   0.00000
     CDsurf  =  -0.00000     Cnsurf  =  -0.00004
     CDisurf =  -0.00000     CDvsurf =   0.00000

 Forces referred to Ssurf, Cave 
     CLsurf  =   0.00345     CDsurf  =  -0.00002

 Strip Forces referred to Strip Area, Chord
    j     Xle      Yle      Zle      Chord    Area     c_cl     ai     cl_norm    cl       cd       cdv    cm_c/4     cm_LE   C.P.x/c
   181   1.8000  -0.5000   0.3994   0.1499   0.0004  -0.0000  -0.0030  -0.0002  -0.0002   0.0000   0.0000   0.0003   0.0003    1.291
   182   1.8002  -0.5000   0.3945   0.1493   0.0011  -0.0001  -0.0029  -0.0007  -0.0007   0.0000   0.0000   0.0007   0.0009    1.291
   183   1.8005  -0.5000   0.3848   0.1481   0.0018  -0.0002  -0.0027  -0.0011  -0.0011   0.0000   0.0000   0.0011   0.0014    1.293
   184   1.8009  -0.5000   0.3705   0.1463   0.0024  -0.0002  -0.0025  -0.0013  -0.0013   0.0000   0.0000   0.0014   0.0017    1.296
   185   1.8014  -0.5000   0.3521   0.1440   0.0029  -0.0002  -0.0024  -0.0015  -0.0015   0.0000   0.0000   0.0015   0.0019    1.296
   186   1.8021  -0.5000   0.3299   0.1412   0.0034  -0.0002  -0.0023  -0.0016  -0.0016   0.0000   0.0000   0.0016   0.0020    1.293
   187   1.8029  -0.5000   0.3045   0.1381   0.0037  -0.0002  -0.0022  -0.0016  -0.0016   0.0000   0.0000   0.0017   0.0021    1.296
   188   1.8037  -0.5000   0.2765   0.1346   0.0039  -0.0002  -0.0022  -0.0016  -0.0016   0.0000   0.0000   0.0017   0.0021    1.321
   189   1.8046  -0.5000   0.2467   0.1308   0.0040  -0.0002  -0.0023  -0.0014  -0.0014   0.0000   0.0000   0.0017   0.0020    1.403
   190   1.8055  -0.5000   0.2157   0.1270   0.0040  -0.0001  -0.0024  -0.0011  -0.0011   0.0000   0.0000   0.0016   0.0019    1.655
   191   1.8065  -0.5000   0.1843   0.1230   0.0038  -0.0001  -0.0026  -0.0006  -0.0006   0.0000   0.0000   0.0015   0.0017  999.000
   192   1.8074  -0.5000   0.1533   0.1192   0.0036   0.0000  -0.0028   0.0004   0.0004   0.0000   0.0000   0.0014   0.0013  999.000
   193   1.8083  -0.5000   0.1235   0.1154   0.0033   0.0002  -0.0031   0.0021   0.0021  -0.0000   0.0000   0.0012   0.0007   -0.316
   194   1.8091  -0.5000   0.0955   0.1119   0.0030   0.0005  -0.0034   0.0048   0.0048  -0.0000   0.0000   0.0008  -0.0004    0.080
   195   1.8099  -0.5000   0.0701   0.1088   0.0026   0.0010  -0.0034   0.0091   0.0091  -0.0000   0.0000   0.0003  -0.0020    0.221
   196   1.8106  -0.5000   0.0479   0.1060   0.0022   0.0017  -0.0024   0.0156   0.0156  -0.0000   0.0000  -0.0005  -0.0044    0.285
   197   1.8111  -0.5000   0.0295   0.1037   0.0017   0.0026   0.0015   0.0247   0.0247  -0.0001   0.0000  -0.0016  -0.0078    0.314
   198   1.8115  -0.5000   0.0152   0.1019   0.0012   0.0036   0.0108   0.0356   0.0356  -0.0002   0.0000  -0.0027  -0.0116    0.326
   199   1.8118  -0.5000   0.0055   0.1007   0.0007   0.0046   0.0311   0.0459   0.0459  -0.0004   0.0000  -0.0036  -0.0150    0.328
   200   1.8120  -0.5000   0.0006   0.1001   0.0002   0.0053   0.1071   0.0531   0.0531  -0.0017   0.0000  -0.0040  -0.0173    0.326
 ---------------------------------------------------------------
