 ---------------------------------------------------------------
 Surface and Strip Forces by surface

  Sref =  1.2850       Cref = 0.25900       Bref =  4.9540    
  Xref = 0.50000       Yref =  0.0000       Zref =  0.0000    

  Surface # 1     mace0_panel_0                           
     # Chordwise = 12   # Spanwise = 20     First strip =  1
     Surface area Ssurf =    0.365400     Ave. chord Cave =    0.290000

 Forces referred to Sref, Cref, Bref about Xref, Yref, Zref
 Standard axis orientation,  X fwd, Z down         
     CLsurf  =   0.07400     Clsurf  =  -0.00933
     CYsurf  =   0.00000     Cmsurf  =   0.00957
     CDsurf  =   0.00027     Cnsurf  =   0.00004
     CDisurf =   0.00027     CDvsurf =   0.00000

 Forces referred to Ssurf, Cave 
     CLsurf  =   0.26023     CDsurf  =   0.00096

 Strip Forces referred to Strip Area, Chord
    j     Xle      Yle      Zle      Chord    Area     c_cl     ai     cl_norm    cl       cd       cdv    cm_c/4     cm_LE   C.P.x/c
     1   0.4000   0.0019   0.0000   0.2900   0.0022   0.0767   0.0021   0.2644   0.2644   0.0008   0.0000   0.0054  -0.0607    0.230
     2   0.4000   0.0174   0.0000   0.2900   0.0067   0.0767   0.0020   0.2644   0.2644   0.0008   0.0000   0.0054  -0.0607    0.230
     3   0.4000   0.0480   0.0000   0.2900   0.0110   0.0767   0.0016   0.2644   0.2644   0.0008   0.0000   0.0054  -0.0607    0.230
     4   0.4000   0.0928   0.0000   0.2900   0.0150   0.0767  -0.0005   0.2643   0.2643   0.0009   0.0000   0.0054  -0.0607    0.230
     5   0.4000   0.1509   0.0000   0.2900   0.0186   0.0766  -0.0394   0.2643   0.2643   0.0009   0.0000   0.0054  -0.0607    0.230
     6   0.4000   0.2208   0.0000   0.2900   0.0218   0.0766  -0.0129   0.2641   0.2641   0.0009   0.0000   0.0054  -0.0607    0.230
     7   0.4000   0.3008   0.0000   0.2900   0.0244   0.0765   0.0166   0.2638   0.2638   0.0009   0.0000   0.0054  -0.0606    0.230
     8   0.4000   0.3889   0.0000   0.2900   0.0265   0.0764   0.0124   0.2635   0.2635   0.0009   0.0000   0.0054  -0.0605    0.230
     9   0.4000   0.4829   0.0000   0.2900   0.0279   0.0762  -0.0335   0.2629   0.2629   0.0009   0.0000   0.0054  -0.0604    0.230
    10   0.4000   0.5806   0.0000   0.2900   0.0286   0.0760   0.0141   0.2622   0.2622   0.0009   0.0000   0.0054  -0.0602    0.230
    11   0.4000   0.6794   0.0000   0.2900   0.0286   0.0758   0.0098   0.2613   0.2613   0.0009   0.0000   0.0054  -0.0600    0.229
    12   0.4000   0.7771   0.0000   0.2900   0.0279   0.0755   0.0572   0.2602   0.2602   0.0010   0.0000   0.0054  -0.0597    0.229
    13   0.4000   0.8711   0.0000   0.2900   0.0265   0.0751  -0.0048   0.2589   0.2589   0.0010   0.0000   0.0054  -0.0594    0.229
    14   0.4000   0.9592   0.0000   0.2900   0.0244   0.0746   0.0051   0.2574   0.2574   0.0010   0.0000   0.0054  -0.0590    0.229
    15   0.4000   1.0392   0.0000   0.2900   0.0218   0.0742   0.0068   0.2557   0.2557   0.0011   0.0000   0.0054  -0.0586    0.229
    16   0.4000   1.1091   0.0000   0.2900   0.0186   0.0737   0.0077   0.2540   0.2540   0.0011   0.0000   0.0054  -0.0581    0.229
    17   0.4000   1.1672   0.0000   0.2900   0.0150   0.0732   0.0083   0.2523   0.2523   0.0012   0.0000   0.0054  -0.0577    0.229
    18   0.4000   1.2120   0.0000   0.2900   0.0110   0.0728   0.0088   0.2509   0.2509   0.0012   0.0000   0.0054  -0.0573    0.228
    19   0.4000   1.2426   0.0000   0.2900   0.0067   0.0724   0.0091   0.2497   0.2497   0.0012   0.0000   0.0054  -0.0570    0.228
    20   0.4000   1.2581   0.0000   0.2900   0.0022   0.0722   0.0093   0.2491   0.2491   0.0013   0.0000   0.0054  -0.0568    0.228

  Surface # 2     mace0_panel_0 (YDUP)                    
     # Chordwise = 12   # Spanwise = 20     First strip = 21
     Surface area Ssurf =    0.365400     Ave. chord Cave =    0.290000

 Forces referred to Sref, Cref, Bref about Xref, Yref, Zref
 Standard axis orientation,  X fwd, Z down         
     CLsurf  =   0.07400     Clsurf  =   0.00933
     CYsurf  =   0.00000     Cmsurf  =   0.00957
     CDsurf  =   0.00027     Cnsurf  =  -0.00004
     CDisurf =   0.00027     CDvsurf =   0.00000

 Forces referred to Ssurf, Cave 
     CLsurf  =   0.26023     CDsurf  =   0.00096

 Strip Forces referred to Strip Area, Chord
    j     Xle      Yle      Zle      Chord    Area     c_cl     ai     cl_norm    cl       cd       cdv    cm_c/4     cm_LE   C.P.x/c
    21   0.4000  -0.0019   0.0000   0.2900   0.0022   0.0767   0.0021   0.2644   0.2644   0.0008   0.0000   0.0054   0.0607    0.230
    22   0.4000  -0.0174   0.0000   0.2900   0.0067   0.0767   0.0020   0.2644   0.2644   0.0008   0.0000   0.0054   0.0607    0.230
    23   0.4000  -0.0480   0.0000   0.2900   0.0110   0.0767   0.0016   0.2644   0.2644   0.0008   0.0000   0.0054   0.0607    0.230
    24   0.4000  -0.0928   0.0000   0.2900   0.0150   0.0767  -0.0005   0.2643   0.2643   0.0009   0.0000   0.0054   0.0607    0.230
    25   0.4000  -0.1509   0.0000   0.2900   0.0186   0.0766  -0.0397   0.2643   0.2643   0.0009   0.0000   0.0054   0.0607    0.230
    26   0.4000  -0.2208   0.0000   0.2900   0.0218   0.0766  -0.0138   0.2641   0.2641   0.0009   0.0000   0.0054   0.0607    0.230
    27   0.4000  -0.3008   0.0000   0.2900   0.0244   0.0765   0.0173   0.2638   0.2638   0.0009   0.0000   0.0054   0.0606    0.230
    28   0.4000  -0.3889   0.0000   0.2900   0.0265   0.0764   0.0125   0.2635   0.2635   0.0009   0.0000   0.0054   0.0605    0.230
    29   0.4000  -0.4829   0.0000   0.2900   0.0279   0.0762  -0.0229   0.2629   0.2629   0.0009   0.0000   0.0054   0.0604    0.230
    30   0.4000  -0.5806   0.0000   0.2900   0.0286   0.0760   0.0149   0.2622   0.2622   0.0009   0.0000   0.0054   0.0602    0.230
    31   0.4000  -0.6794   0.0000   0.2900   0.0286   0.0758   0.0105   0.2613   0.2613   0.0009   0.0000   0.0054   0.0600    0.229
    32   0.4000  -0.7771   0.0000   0.2900   0.0279   0.0755   0.0561   0.2602   0.2602   0.0010   0.0000   0.0054   0.0597    0.229
    33   0.4000  -0.8711   0.0000   0.2900   0.0265   0.0751  -0.0047   0.2589   0.2589   0.0010   0.0000   0.0054   0.0594    0.229
    34   0.4000  -0.9592   0.0000   0.2900   0.0244   0.0746   0.0051   0.2574   0.2574   0.0010   0.0000   0.0054   0.0590    0.229
    35   0.4000  -1.0392   0.0000   0.2900   0.0218   0.0742   0.0068   0.2557   0.2557   0.0011   0.0000   0.0054   0.0586    0.229
    36   0.4000  -1.1091   0.0000   0.2900   0.0186   0.0737   0.0077   0.2540   0.2540   0.0011   0.0000   0.0054   0.0581    0.229
    37   0.4000  -1.1672   0.0000   0.2900   0.0150   0.0732   0.0083   0.2523   0.2523   0.0012   0.0000   0.0054   0.0577    0.229
    38   0.4000  -1.2120   0.0000   0.2900   0.0110   0.0728   0.0088   0.2509   0.2509   0.0012   0.0000   0.0054   0.0573    0.228
    39   0.4000  -1.2426   0.0000   0.2900   0.0067   0.0724   0.0091   0.2497   0.2497   0.0012   0.0000   0.0054   0.0570    0.228
    40   0.4000  -1.2581   0.0000   0.2900   0.0022   0.0722   0.0093   0.2491   0.2491   0.0013   0.0000   0.0054   0.0568    0.228

  Surface # 3     mace0_panel_1                           
     # Chordwise = 12   # Spanwise = 20     First strip = 41
     Surface area Ssurf =    0.275268     Ave. chord Cave =    0.226186

 Forces referred to Sref, Cref, Bref about Xref, Yref, Zref
 Standard axis orientation,  X fwd, Z down         
     CLsurf  =   0.04763     Clsurf  =  -0.01674
     CYsurf  =   0.00005     Cmsurf  =   0.00644
     CDsurf  =   0.00022     Cnsurf  =   0.00008
     CDisurf =   0.00022     CDvsurf =   0.00000

 Forces referred to Ssurf, Cave 
     CLsurf  =   0.22235     CDsurf  =   0.00103

 Strip Forces referred to Strip Area, Chord
    j     Xle      Yle      Zle      Chord    Area     c_cl     ai     cl_norm    cl       cd       cdv    cm_c/4     cm_LE   C.P.x/c
    41   0.4000   1.2617   0.0000   0.2899   0.0020   0.0722   0.0093   0.2491   0.2491   0.0013   0.0000   0.0054  -0.0568    0.228
    42   0.4001   1.2754   0.0000   0.2895   0.0059   0.0720   0.0093   0.2488   0.2488   0.0012   0.0000   0.0055  -0.0567    0.228
    43   0.4003   1.3025   0.0000   0.2887   0.0097   0.0717   0.0094   0.2482   0.2482   0.0012   0.0000   0.0055  -0.0565    0.228
    44   0.4005   1.3423   0.0000   0.2876   0.0132   0.0711   0.0095   0.2471   0.2471   0.0012   0.0000   0.0056  -0.0562    0.228
    45   0.4009   1.3938   0.0000   0.2861   0.0163   0.0702   0.0097   0.2454   0.2454   0.0012   0.0000   0.0056  -0.0557    0.227
    46   0.4013   1.4558   0.0000   0.2842   0.0189   0.0690   0.0101   0.2429   0.2429   0.0013   0.0000   0.0057  -0.0550    0.226
    47   0.4017   1.5267   0.0000   0.2821   0.0211   0.0675   0.0106   0.2391   0.2391   0.0013   0.0000   0.0059  -0.0539    0.226
    48   0.4034   1.6218   0.0000   0.2760   0.0319   0.0651   0.0107   0.2357   0.2357   0.0013   0.0000   0.0061  -0.0528    0.224
    49   0.4064   1.7407   0.0000   0.2654   0.0323   0.0613   0.0105   0.2310   0.2310   0.0012   0.0000   0.0066  -0.0511    0.221
    50   0.4095   1.8476   0.0000   0.2533   0.0232   0.0570   0.0103   0.2250   0.2250   0.0012   0.0000   0.0072  -0.0490    0.218
    51   0.4125   1.9394   0.0000   0.2397   0.0219   0.0524   0.0097   0.2185   0.2185   0.0011   0.0000   0.0077  -0.0469    0.215
    52   0.4161   2.0215   0.0000   0.2255   0.0163   0.0476   0.0092   0.2110   0.2110   0.0010   0.0000   0.0083  -0.0444    0.211
    53   0.4201   2.0922   0.0000   0.2109   0.0145   0.0426   0.0086   0.2019   0.2019   0.0009   0.0000   0.0089  -0.0415    0.206
    54   0.4256   2.1823   0.0000   0.1881   0.0207   0.0361   0.0061   0.1921   0.1921   0.0006   0.0000   0.0093  -0.0387    0.202
    55   0.4331   2.2799   0.0000   0.1570   0.0133   0.0281   0.0024   0.1789   0.1789   0.0002   0.0000   0.0095  -0.0351    0.197
    56   0.4393   2.3401   0.0000   0.1327   0.0049   0.0223   0.0004   0.1680   0.1680  -0.0000   0.0000   0.0098  -0.0320    0.192
    57   0.4433   2.3732   0.0000   0.1167   0.0034   0.0180  -0.0000   0.1544   0.1544  -0.0001   0.0000   0.0099  -0.0285    0.186
    58   0.4499   2.4149   0.0000   0.0897   0.0046   0.0133  -0.0010   0.1477   0.1477  -0.0001   0.0000   0.0105  -0.0261    0.179
    59   0.4623   2.4550   0.0000   0.0412   0.0012   0.0069  -0.0087   0.1681   0.1681  -0.0011   0.0000   0.0137  -0.0255    0.169
    60   0.4718   2.4745   0.0000   0.0046   0.0000   0.0015  -0.0422   0.3207   0.3205  -0.0088   0.0000   0.0252  -0.0494    0.171

  Surface # 4     mace0_panel_1 (YDUP)                    
     # Chordwise = 12   # Spanwise = 20     First strip = 61
     Surface area Ssurf =    0.275268     Ave. chord Cave =    0.226186

 Forces referred to Sref, Cref, Bref about Xref, Yref, Zref
 Standard axis orientation,  X fwd, Z down         
     CLsurf  =   0.04763     Clsurf  =   0.01674
     CYsurf  =  -0.00005     Cmsurf  =   0.00644
     CDsurf  =   0.00022     Cnsurf  =  -0.00008
     CDisurf =   0.00022     CDvsurf =   0.00000

 Forces referred to Ssurf, Cave 
     CLsurf  =   0.22235     CDsurf  =   0.00103

 Strip Forces referred to Strip Area, Chord
    j     Xle      Yle      Zle      Chord    Area     c_cl     ai     cl_norm    cl       cd       cdv    cm_c/4     cm_LE   C.P.x/c
    61   0.4000  -1.2617   0.0000   0.2899   0.0020   0.0722   0.0093   0.2491   0.2491   0.0013   0.0000   0.0054   0.0568    0.228
    62   0.4001  -1.2754   0.0000   0.2895   0.0059   0.0720   0.0093   0.2488   0.2488   0.0012   0.0000   0.0055   0.0567    0.228
    63   0.4003  -1.3025   0.0000   0.2887   0.0097   0.0717   0.0094   0.2482   0.2482   0.0012   0.0000   0.0055   0.0565    0.228
    64   0.4005  -1.3423   0.0000   0.2876   0.0132   0.0711   0.0095   0.2471   0.2471   0.0012   0.0000   0.0056   0.0562    0.228
    65   0.4009  -1.3938   0.0000   0.2861   0.0163   0.0702   0.0097   0.2454   0.2454   0.0012   0.0000   0.0056   0.0557    0.227
    66   0.4013  -1.4558   0.0000   0.2842   0.0189   0.0690   0.0101   0.2429   0.2429   0.0013   0.0000   0.0057   0.0550    0.226
    67   0.4017  -1.5267   0.0000   0.2821   0.0211   0.0675   0.0106   0.2391   0.2391   0.0013   0.0000   0.0059   0.0539    0.226
    68   0.4034  -1.6218   0.0000   0.2760   0.0319   0.0651   0.0107   0.2357   0.2357   0.0013   0.0000   0.0061   0.0528    0.224
    69   0.4064  -1.7407   0.0000   0.2654   0.0323   0.0613   0.0105   0.2310   0.2310   0.0012   0.0000   0.0066   0.0511    0.221
    70   0.4095  -1.8476   0.0000   0.2533   0.0232   0.0570   0.0103   0.2250   0.2250   0.0012   0.0000   0.0072   0.0490    0.218
    71   0.4125  -1.9394   0.0000   0.2397   0.0219   0.0524   0.0097   0.2185   0.2185   0.0011   0.0000   0.0077   0.0469    0.215
    72   0.4161  -2.0215   0.0000   0.2255   0.0163   0.0476   0.0092   0.2110   0.2110   0.0010   0.0000   0.0083   0.0444    0.211
    73   0.4201  -2.0922   0.0000   0.2109   0.0145   0.0426   0.0086   0.2019   0.2019   0.0009   0.0000   0.0089   0.0415    0.206
    74   0.4256  -2.1823   0.0000   0.1881   0.0207   0.0361   0.0061   0.1921   0.1921   0.0006   0.0000   0.0093   0.0387    0.202
    75   0.4331  -2.2799   0.0000   0.1570   0.0133   0.0281   0.0024   0.1789   0.1789   0.0002   0.0000   0.0095   0.0351    0.197
    76   0.4393  -2.3401   0.0000   0.1327   0.0049   0.0223   0.0004   0.1680   0.1680  -0.0000   0.0000   0.0098   0.0320    0.192
    77   0.4433  -2.3732   0.0000   0.1167   0.0034   0.0180  -0.0000   0.1544   0.1544  -0.0001   0.0000   0.0099   0.0285    0.186
    78   0.4499  -2.4149   0.0000   0.0897   0.0046   0.0133  -0.0010   0.1477   0.1477  -0.0001   0.0000   0.0105   0.0261    0.179
    79   0.4623  -2.4550   0.0000   0.0412   0.0012   0.0069  -0.0087   0.1681   0.1681  -0.0011   0.0000   0.0137   0.0255    0.169
    80   0.4718  -2.4745   0.0000   0.0046   0.0000   0.0015  -0.0422   0.3207   0.3205  -0.0088   0.0000   0.0252   0.0494    0.171

  Surface # 5     hstab_panel_0                           
     # Chordwise = 12   # Spanwise = 20     First strip = 81
     Surface area Ssurf =    0.043750     Ave. chord Cave =    0.125000

 Forces referred to Sref, Cref, Bref about Xref, Yref, Zref
 Standard axis orientation,  X fwd, Z down         
     CLsurf  =   0.00149     Clsurf  =  -0.00020
     CYsurf  =   0.00000     Cmsurf  =  -0.00798
     CDsurf  =   0.00002     Cnsurf  =   0.00000
     CDisurf =   0.00002     CDvsurf =   0.00000

 Forces referred to Ssurf, Cave 
     CLsurf  =   0.04370     CDsurf  =   0.00056

 Strip Forces referred to Strip Area, Chord
    j     Xle      Yle      Zle      Chord    Area     c_cl     ai     cl_norm    cl       cd       cdv    cm_c/4     cm_LE   C.P.x/c
    81   1.8000   0.5005   0.0000   0.1499   0.0003   0.0024  -0.1413   0.0161   0.0161   0.0002   0.0000  -0.0049  -0.0089    0.553
    82   1.8002   0.5048   0.0000   0.1493   0.0010   0.0035  -0.0145   0.0233   0.0233   0.0002   0.0000  -0.0088  -0.0146    0.627
    83   1.8005   0.5133   0.0000   0.1481   0.0016   0.0045   0.0063   0.0304   0.0304   0.0004   0.0000  -0.0125  -0.0200    0.660
    84   1.8009   0.5258   0.0000   0.1463   0.0021   0.0053   0.0150   0.0364   0.0364   0.0005   0.0000  -0.0154  -0.0245    0.673
    85   1.8014   0.5419   0.0000   0.1440   0.0026   0.0059   0.0124   0.0410   0.0410   0.0005   0.0000  -0.0174  -0.0276    0.675
    86   1.8021   0.5613   0.0000   0.1412   0.0029   0.0062   0.0135   0.0442   0.0442   0.0005   0.0000  -0.0186  -0.0297    0.671
    87   1.8029   0.5836   0.0000   0.1381   0.0032   0.0064   0.0135   0.0465   0.0465   0.0006   0.0000  -0.0193  -0.0309    0.666
    88   1.8037   0.6080   0.0000   0.1346   0.0034   0.0065   0.0138   0.0481   0.0481   0.0006   0.0000  -0.0197  -0.0317    0.660
    89   1.8046   0.6341   0.0000   0.1308   0.0035   0.0064   0.0078   0.0492   0.0492   0.0006   0.0000  -0.0199  -0.0322    0.655
    90   1.8055   0.6613   0.0000   0.1270   0.0035   0.0063   0.0123   0.0498   0.0498   0.0006   0.0000  -0.0200  -0.0324    0.652
    91   1.8065   0.6887   0.0000   0.1230   0.0034   0.0061   0.0131   0.0499   0.0499   0.0006   0.0000  -0.0200  -0.0325    0.651
    92   1.8074   0.7159   0.0000   0.1192   0.0032   0.0059   0.0149   0.0496   0.0496   0.0006   0.0000  -0.0200  -0.0323    0.652
    93   1.8083   0.7420   0.0000   0.1154   0.0029   0.0056   0.0117   0.0487   0.0487   0.0006   0.0000  -0.0198  -0.0319    0.656
    94   1.8091   0.7664   0.0000   0.1119   0.0026   0.0053   0.0139   0.0471   0.0471   0.0006   0.0000  -0.0195  -0.0312    0.663
    95   1.8099   0.7887   0.0000   0.1088   0.0023   0.0048   0.0156   0.0445   0.0445   0.0006   0.0000  -0.0189  -0.0300    0.675
    96   1.8106   0.8081   0.0000   0.1060   0.0019   0.0043   0.0183   0.0408   0.0408   0.0006   0.0000  -0.0179  -0.0281    0.689
    97   1.8111   0.8242   0.0000   0.1037   0.0015   0.0037   0.0837   0.0354   0.0354   0.0005   0.0000  -0.0161  -0.0250    0.706
    98   1.8115   0.8367   0.0000   0.1019   0.0011   0.0028   0.0190   0.0279   0.0279   0.0005   0.0000  -0.0132  -0.0202    0.723
    99   1.8118   0.8452   0.0000   0.1007   0.0006   0.0018   0.0227   0.0181   0.0181   0.0003   0.0000  -0.0088  -0.0133    0.735
   100   1.8120   0.8495   0.0000   0.1001   0.0002   0.0006   0.0248   0.0063   0.0063   0.0001   0.0000  -0.0031  -0.0047    0.742

  Surface # 6     hstab_panel_0 (YDUP)                    
     # Chordwise = 12   # Spanwise = 20     First strip =101
     Surface area Ssurf =    0.043750     Ave. chord Cave =    0.125000

 Forces referred to Sref, Cref, Bref about Xref, Yref, Zref
 Standard axis orientation,  X fwd, Z down         
     CLsurf  =   0.00141     Clsurf  =   0.00019
     CYsurf  =  -0.00000     Cmsurf  =  -0.00759
     CDsurf  =   0.00002     Cnsurf  =  -0.00000
     CDisurf =   0.00002     CDvsurf =   0.00000

 Forces referred to Ssurf, Cave 
     CLsurf  =   0.04149     CDsurf  =   0.00055

 Strip Forces referred to Strip Area, Chord
    j     Xle      Yle      Zle      Chord    Area     c_cl     ai     cl_norm    cl       cd       cdv    cm_c/4     cm_LE   C.P.x/c
   101   1.8000  -0.5005   0.0000   0.1499   0.0003   0.0007  -0.1066   0.0048   0.0048   0.0001   0.0000  -0.0024   0.0036    0.759
   102   1.8002  -0.5048   0.0000   0.1493   0.0010   0.0021  -0.0097   0.0140   0.0140   0.0002   0.0000  -0.0071   0.0106    0.756
   103   1.8005  -0.5133   0.0000   0.1481   0.0016   0.0033   0.0069   0.0226   0.0226   0.0003   0.0000  -0.0113   0.0169    0.749
   104   1.8009  -0.5258   0.0000   0.1463   0.0021   0.0044   0.0149   0.0301   0.0301   0.0004   0.0000  -0.0146   0.0221    0.736
   105   1.8014  -0.5419   0.0000   0.1440   0.0026   0.0052   0.0124   0.0360   0.0360   0.0005   0.0000  -0.0169   0.0259    0.719
   106   1.8021  -0.5613   0.0000   0.1412   0.0029   0.0057   0.0136   0.0405   0.0405   0.0005   0.0000  -0.0183   0.0284    0.702
   107   1.8029  -0.5836   0.0000   0.1381   0.0032   0.0060   0.0137   0.0437   0.0437   0.0006   0.0000  -0.0191   0.0300    0.688
   108   1.8037  -0.6080   0.0000   0.1346   0.0034   0.0062   0.0140   0.0460   0.0460   0.0006   0.0000  -0.0196   0.0310    0.676
   109   1.8046  -0.6341   0.0000   0.1308   0.0035   0.0062   0.0079   0.0476   0.0476   0.0006   0.0000  -0.0198   0.0317    0.666
   110   1.8055  -0.6613   0.0000   0.1270   0.0035   0.0062   0.0124   0.0486   0.0486   0.0006   0.0000  -0.0199   0.0321    0.660
   111   1.8065  -0.6887   0.0000   0.1230   0.0034   0.0060   0.0131   0.0491   0.0491   0.0006   0.0000  -0.0200   0.0322    0.657
   112   1.8074  -0.7159   0.0000   0.1192   0.0032   0.0058   0.0150   0.0490   0.0490   0.0006   0.0000  -0.0199   0.0321    0.657
   113   1.8083  -0.7420   0.0000   0.1154   0.0029   0.0056   0.0117   0.0482   0.0482   0.0006   0.0000  -0.0198   0.0318    0.660
   114   1.8091  -0.7664   0.0000   0.1119   0.0026   0.0052   0.0139   0.0467   0.0467   0.0006   0.0000  -0.0194   0.0311    0.666
   115   1.8099  -0.7887   0.0000   0.1088   0.0023   0.0048   0.0156   0.0442   0.0442   0.0006   0.0000  -0.0189   0.0299    0.677
   116   1.8106  -0.8081   0.0000   0.1060   0.0019   0.0043   0.0184   0.0405   0.0405   0.0006   0.0000  -0.0179   0.0280    0.692
   117   1.8111  -0.8242   0.0000   0.1037   0.0015   0.0037   0.0837   0.0352   0.0352   0.0005   0.0000  -0.0161   0.0249    0.708
   118   1.8115  -0.8367   0.0000   0.1019   0.0011   0.0028   0.0190   0.0278   0.0278   0.0005   0.0000  -0.0132   0.0201    0.725
   119   1.8118  -0.8452   0.0000   0.1007   0.0006   0.0018   0.0227   0.0181   0.0181   0.0003   0.0000  -0.0088   0.0133    0.737
   120   1.8120  -0.8495   0.0000   0.1001   0.0002   0.0006   0.0248   0.0063   0.0063   0.0001   0.0000  -0.0031   0.0047    0.744

  Surface # 7     fin_panel_0                             
     # Chordwise = 12   # Spanwise = 20     First strip =121
     Surface area Ssurf =    0.050000     Ave. chord Cave =    0.125000

 Forces referred to Sref, Cref, Bref about Xref, Yref, Zref
 Standard axis orientation,  X fwd, Z down         
     CLsurf  =  -0.00000     Clsurf  =  -0.00001
     CYsurf  =  -0.00010     Cmsurf  =   0.00000
     CDsurf  =   0.00000     Cnsurf  =   0.00003
     CDisurf =   0.00000     CDvsurf =   0.00000

 Forces referred to Ssurf, Cave 
     CLsurf  =  -0.00249     CDsurf  =   0.00000

 Strip Forces referred to Strip Area, Chord
    j     Xle      Yle      Zle      Chord    Area     c_cl     ai     cl_norm    cl       cd       cdv    cm_c/4     cm_LE   C.P.x/c
   121   1.8000   0.5000   0.3994   0.1499   0.0004  -0.0001  -0.0026  -0.0008  -0.0008   0.0000   0.0000   0.0004   0.0006    0.675
   122   1.8002   0.5000   0.3945   0.1493   0.0011  -0.0004  -0.0024  -0.0025  -0.0025   0.0000   0.0000   0.0010   0.0017    0.673
   123   1.8005   0.5000   0.3848   0.1481   0.0018  -0.0006  -0.0021  -0.0039  -0.0039   0.0000   0.0000   0.0016   0.0026    0.670
   124   1.8009   0.5000   0.3705   0.1463   0.0024  -0.0007  -0.0017  -0.0049  -0.0049   0.0000   0.0000   0.0021   0.0033    0.666
   125   1.8014   0.5000   0.3521   0.1440   0.0029  -0.0008  -0.0013  -0.0057  -0.0057   0.0000   0.0000   0.0024   0.0038    0.664
   126   1.8021   0.5000   0.3299   0.1412   0.0034  -0.0009  -0.0010  -0.0061  -0.0061   0.0000   0.0000   0.0026   0.0041    0.666
   127   1.8029   0.5000   0.3045   0.1381   0.0037  -0.0009  -0.0007  -0.0063  -0.0063   0.0000   0.0000   0.0027   0.0042    0.676
   128   1.8037   0.5000   0.2765   0.1346   0.0039  -0.0008  -0.0004  -0.0061  -0.0061  -0.0000   0.0000   0.0027   0.0043    0.696
   129   1.8046   0.5000   0.2467   0.1308   0.0040  -0.0008  -0.0003  -0.0058  -0.0058  -0.0000   0.0000   0.0028   0.0042    0.731
   130   1.8055   0.5000   0.2157   0.1270   0.0040  -0.0007  -0.0001  -0.0051  -0.0051  -0.0000   0.0000   0.0028   0.0041    0.791
   131   1.8065   0.5000   0.1843   0.1230   0.0038  -0.0005   0.0000  -0.0043  -0.0043  -0.0000   0.0000   0.0028   0.0038    0.896
   132   1.8074   0.5000   0.1533   0.1192   0.0036  -0.0004   0.0001  -0.0032  -0.0032  -0.0000   0.0000   0.0027   0.0035    1.102
   133   1.8083   0.5000   0.1235   0.1154   0.0033  -0.0002   0.0002  -0.0019  -0.0019   0.0000   0.0000   0.0026   0.0031    1.681
   134   1.8091   0.5000   0.0955   0.1119   0.0030  -0.0000   0.0002  -0.0002  -0.0002   0.0000   0.0000   0.0025   0.0025  999.000
   135   1.8099   0.5000   0.0701   0.1088   0.0026   0.0002   0.0004   0.0019   0.0019   0.0000   0.0000   0.0021   0.0016   -0.848
   136   1.8106   0.5000   0.0479   0.1060   0.0022   0.0005   0.0008   0.0047   0.0047   0.0000   0.0000   0.0014   0.0003   -0.056
   137   1.8111   0.5000   0.0295   0.1037   0.0017   0.0008   0.0021   0.0081   0.0081   0.0000   0.0000   0.0001  -0.0019    0.240
   138   1.8115   0.5000   0.0152   0.1019   0.0012   0.0012   0.0054   0.0121   0.0121   0.0000   0.0000  -0.0020  -0.0051    0.419
   139   1.8118   0.5000   0.0055   0.1007   0.0007   0.0016   0.0130   0.0159   0.0159   0.0000   0.0000  -0.0045  -0.0085    0.535
   140   1.8120   0.5000   0.0006   0.1001   0.0002   0.0018   0.0383   0.0183   0.0183  -0.0001   0.0000  -0.0064  -0.0109    0.598

  Surface # 8     hstab_panel_0                           
     # Chordwise = 12   # Spanwise = 20     First strip =141
     Surface area Ssurf =    0.043750     Ave. chord Cave =    0.125000

 Forces referred to Sref, Cref, Bref about Xref, Yref, Zref
 Standard axis orientation,  X fwd, Z down         
     CLsurf  =   0.00158     Clsurf  =   0.00011
     CYsurf  =   0.00000     Cmsurf  =  -0.00846
     CDsurf  =   0.00002     Cnsurf  =  -0.00000
     CDisurf =   0.00002     CDvsurf =   0.00000

 Forces referred to Ssurf, Cave 
     CLsurf  =   0.04641     CDsurf  =   0.00056

 Strip Forces referred to Strip Area, Chord
    j     Xle      Yle      Zle      Chord    Area     c_cl     ai     cl_norm    cl       cd       cdv    cm_c/4     cm_LE   C.P.x/c
   141   1.8000  -0.4995   0.0000   0.1499   0.0003   0.0028  -0.1364   0.0184   0.0184   0.0002   0.0000  -0.0050  -0.0096    0.522
   142   1.8002  -0.4952   0.0000   0.1493   0.0010   0.0038  -0.0136   0.0256   0.0256   0.0002   0.0000  -0.0089  -0.0153    0.598
   143   1.8005  -0.4867   0.0000   0.1481   0.0016   0.0048   0.0059   0.0326   0.0326   0.0004   0.0000  -0.0126  -0.0208    0.636
   144   1.8009  -0.4742   0.0000   0.1463   0.0021   0.0057   0.0120   0.0386   0.0386   0.0005   0.0000  -0.0155  -0.0252    0.652
   145   1.8014  -0.4581   0.0000   0.1440   0.0026   0.0062   0.0132   0.0432   0.0432   0.0005   0.0000  -0.0175  -0.0283    0.656
   146   1.8021  -0.4387   0.0000   0.1412   0.0029   0.0066   0.0098   0.0465   0.0465   0.0006   0.0000  -0.0188  -0.0304    0.653
   147   1.8029  -0.4164   0.0000   0.1381   0.0032   0.0067   0.0136   0.0489   0.0489   0.0006   0.0000  -0.0194  -0.0316    0.648
   148   1.8037  -0.3920   0.0000   0.1346   0.0034   0.0068   0.0126   0.0506   0.0506   0.0006   0.0000  -0.0198  -0.0324    0.642
   149   1.8046  -0.3659   0.0000   0.1308   0.0035   0.0068   0.0119   0.0518   0.0518   0.0006   0.0000  -0.0200  -0.0329    0.636
   150   1.8055  -0.3387   0.0000   0.1270   0.0035   0.0067   0.0138   0.0526   0.0526   0.0006   0.0000  -0.0201  -0.0332    0.632
   151   1.8065  -0.3113   0.0000   0.1230   0.0034   0.0065   0.0123   0.0530   0.0530   0.0006   0.0000  -0.0201  -0.0333    0.629
   152   1.8074  -0.2841   0.0000   0.1192   0.0032   0.0063   0.0121   0.0528   0.0528   0.0006   0.0000  -0.0200  -0.0332    0.629
   153   1.8083  -0.2580   0.0000   0.1154   0.0029   0.0060   0.0162   0.0520   0.0520   0.0006   0.0000  -0.0198  -0.0328    0.631
   154   1.8091  -0.2336   0.0000   0.1119   0.0026   0.0056   0.0135   0.0504   0.0504   0.0006   0.0000  -0.0195  -0.0321    0.637
   155   1.8099  -0.2113   0.0000   0.1088   0.0023   0.0052   0.0143   0.0478   0.0478   0.0006   0.0000  -0.0189  -0.0309    0.646
   156   1.8106  -0.1919   0.0000   0.1060   0.0019   0.0046   0.0154   0.0438   0.0438   0.0006   0.0000  -0.0179  -0.0288    0.658
   157   1.8111  -0.1758   0.0000   0.1037   0.0015   0.0039   0.0184   0.0380   0.0380   0.0006   0.0000  -0.0161  -0.0256    0.673
   158   1.8115  -0.1633   0.0000   0.1019   0.0011   0.0031   0.0207   0.0300   0.0300   0.0005   0.0000  -0.0131  -0.0206    0.688
   159   1.8118  -0.1548   0.0000   0.1007   0.0006   0.0020   0.0232   0.0194   0.0194   0.0003   0.0000  -0.0087  -0.0136    0.699
   160   1.8120  -0.1505   0.0000   0.1001   0.0002   0.0007   0.0249   0.0068   0.0068   0.0001   0.0000  -0.0031  -0.0048    0.705

  Surface # 9     hstab_panel_0 (YDUP)                    
     # Chordwise = 12   # Spanwise = 20     First strip =161
     Surface area Ssurf =    0.043750     Ave. chord Cave =    0.125000

 Forces referred to Sref, Cref, Bref about Xref, Yref, Zref
 Standard axis orientation,  X fwd, Z down         
     CLsurf  =   0.00149     Clsurf  =  -0.00010
     CYsurf  =  -0.00000     Cmsurf  =  -0.00799
     CDsurf  =   0.00002     Cnsurf  =   0.00000
     CDisurf =   0.00002     CDvsurf =   0.00000

 Forces referred to Ssurf, Cave 
     CLsurf  =   0.04376     CDsurf  =   0.00056

 Strip Forces referred to Strip Area, Chord
    j     Xle      Yle      Zle      Chord    Area     c_cl     ai     cl_norm    cl       cd       cdv    cm_c/4     cm_LE   C.P.x/c
   161   1.8000   0.4995   0.0000   0.1499   0.0003   0.0007  -0.1071   0.0049   0.0049   0.0001   0.0000  -0.0024   0.0037    0.746
   162   1.8002   0.4952   0.0000   0.1493   0.0010   0.0022  -0.0103   0.0145   0.0145   0.0002   0.0000  -0.0071   0.0107    0.742
   163   1.8005   0.4867   0.0000   0.1481   0.0016   0.0035   0.0061   0.0234   0.0234   0.0003   0.0000  -0.0113   0.0172    0.734
   164   1.8009   0.4742   0.0000   0.1463   0.0021   0.0046   0.0118   0.0312   0.0312   0.0004   0.0000  -0.0147   0.0224    0.721
   165   1.8014   0.4581   0.0000   0.1440   0.0026   0.0054   0.0133   0.0374   0.0374   0.0005   0.0000  -0.0170   0.0263    0.704
   166   1.8021   0.4387   0.0000   0.1412   0.0029   0.0059   0.0100   0.0421   0.0421   0.0005   0.0000  -0.0184   0.0289    0.687
   167   1.8029   0.4164   0.0000   0.1381   0.0032   0.0063   0.0138   0.0455   0.0455   0.0006   0.0000  -0.0192   0.0305    0.672
   168   1.8037   0.3920   0.0000   0.1346   0.0034   0.0065   0.0129   0.0481   0.0481   0.0006   0.0000  -0.0196   0.0316    0.659
   169   1.8046   0.3659   0.0000   0.1308   0.0035   0.0065   0.0121   0.0499   0.0499   0.0006   0.0000  -0.0199   0.0323    0.648
   170   1.8055   0.3387   0.0000   0.1270   0.0035   0.0065   0.0139   0.0512   0.0512   0.0006   0.0000  -0.0200   0.0328    0.641
   171   1.8065   0.3113   0.0000   0.1230   0.0034   0.0064   0.0124   0.0519   0.0519   0.0006   0.0000  -0.0200   0.0330    0.636
   172   1.8074   0.2841   0.0000   0.1192   0.0032   0.0062   0.0123   0.0520   0.0520   0.0006   0.0000  -0.0200   0.0329    0.634
   173   1.8083   0.2580   0.0000   0.1154   0.0029   0.0059   0.0163   0.0514   0.0514   0.0006   0.0000  -0.0198   0.0326    0.635
   174   1.8091   0.2336   0.0000   0.1119   0.0026   0.0056   0.0136   0.0499   0.0499   0.0006   0.0000  -0.0195   0.0319    0.640
   175   1.8099   0.2113   0.0000   0.1088   0.0023   0.0052   0.0144   0.0474   0.0474   0.0006   0.0000  -0.0189   0.0307    0.648
   176   1.8106   0.1919   0.0000   0.1060   0.0019   0.0046   0.0154   0.0435   0.0435   0.0006   0.0000  -0.0179   0.0287    0.661
   177   1.8111   0.1758   0.0000   0.1037   0.0015   0.0039   0.0184   0.0378   0.0378   0.0006   0.0000  -0.0161   0.0255    0.675
   178   1.8115   0.1633   0.0000   0.1019   0.0011   0.0030   0.0207   0.0298   0.0298   0.0005   0.0000  -0.0131   0.0206    0.690
   179   1.8118   0.1548   0.0000   0.1007   0.0006   0.0019   0.0232   0.0193   0.0193   0.0003   0.0000  -0.0087   0.0136    0.701
   180   1.8120   0.1505   0.0000   0.1001   0.0002   0.0007   0.0249   0.0067   0.0067   0.0001   0.0000  -0.0031   0.0048    0.707

  Surface #10     fin_panel_0                             
     # Chordwise = 12   # Spanwise = 20     First strip =181
     Surface area Ssurf =    0.050000     Ave. chord Cave =    0.125000

 Forces referred to Sref, Cref, Bref about Xref, Yref, Zref
 Standard axis orientation,  X fwd, Z down         
     CLsurf  =  -0.00000     Clsurf  =   0.00000
     CYsurf  =   0.00011     Cmsurf  =   0.00000
     CDsurf  =   0.00000     Cnsurf  =  -0.00003
     CDisurf =   0.00000     CDvsurf =   0.00000

 Forces referred to Ssurf, Cave 
     CLsurf  =   0.00290     CDsurf  =   0.00000

 Strip Forces referred to Strip Area, Chord
    j     Xle      Yle      Zle      Chord    Area     c_cl     ai     cl_norm    cl       cd       cdv    cm_c/4     cm_LE   C.P.x/c
   181   1.8000  -0.5000   0.3994   0.1499   0.0004  -0.0000  -0.0031  -0.0003  -0.0003   0.0000   0.0000   0.0004   0.0005    1.798
   182   1.8002  -0.5000   0.3945   0.1493   0.0011  -0.0001  -0.0030  -0.0007  -0.0007   0.0000   0.0000   0.0011   0.0013    1.844
   183   1.8005  -0.5000   0.3848   0.1481   0.0018  -0.0002  -0.0027  -0.0010  -0.0010   0.0000   0.0000   0.0018   0.0020    1.959
   184   1.8009  -0.5000   0.3705   0.1463   0.0024  -0.0002  -0.0024  -0.0011  -0.0011   0.0000   0.0000   0.0022   0.0025  999.000
   185   1.8014  -0.5000   0.3521   0.1440   0.0029  -0.0001  -0.0021  -0.0010  -0.0010   0.0000   0.0000   0.0025   0.0027  999.000
   186   1.8021  -0.5000   0.3299   0.1412   0.0034  -0.0001  -0.0018  -0.0008  -0.0008   0.0000   0.0000   0.0026   0.0028  999.000
   187   1.8029  -0.5000   0.3045   0.1381   0.0037  -0.0001  -0.0016  -0.0004  -0.0004   0.0000   0.0000   0.0027   0.0028  999.000
   188   1.8037  -0.5000   0.2765   0.1346   0.0039   0.0000  -0.0014   0.0001   0.0001   0.0000   0.0000   0.0027   0.0027  999.000
   189   1.8046  -0.5000   0.2467   0.1308   0.0040   0.0001  -0.0013   0.0007   0.0007  -0.0000   0.0000   0.0027   0.0026  999.000
   190   1.8055  -0.5000   0.2157   0.1270   0.0040   0.0002  -0.0012   0.0014   0.0014  -0.0000   0.0000   0.0027   0.0024  999.000
   191   1.8065  -0.5000   0.1843   0.1230   0.0038   0.0003  -0.0011   0.0022   0.0022  -0.0000   0.0000   0.0027   0.0021   -0.990
   192   1.8074  -0.5000   0.1533   0.1192   0.0036   0.0004  -0.0010   0.0031   0.0031  -0.0000   0.0000   0.0026   0.0019   -0.601
   193   1.8083  -0.5000   0.1235   0.1154   0.0033   0.0005  -0.0010   0.0042   0.0042  -0.0000   0.0000   0.0025   0.0015   -0.355
   194   1.8091  -0.5000   0.0955   0.1119   0.0030   0.0006  -0.0010   0.0055   0.0055  -0.0000   0.0000   0.0023   0.0010   -0.176
   195   1.8099  -0.5000   0.0701   0.1088   0.0026   0.0008  -0.0009   0.0072   0.0072   0.0000   0.0000   0.0020   0.0002   -0.025
   196   1.8106  -0.5000   0.0479   0.1060   0.0022   0.0010  -0.0006   0.0094   0.0094   0.0000   0.0000   0.0012  -0.0011    0.118
   197   1.8111  -0.5000   0.0295   0.1037   0.0017   0.0013   0.0005   0.0124   0.0124   0.0000   0.0000  -0.0001  -0.0032    0.260
   198   1.8115  -0.5000   0.0152   0.1019   0.0012   0.0016   0.0037   0.0160   0.0160   0.0000   0.0000  -0.0023  -0.0063    0.393
   199   1.8118  -0.5000   0.0055   0.1007   0.0007   0.0020   0.0110   0.0195   0.0195   0.0000   0.0000  -0.0048  -0.0096    0.495
   200   1.8120  -0.5000   0.0006   0.1001   0.0002   0.0022   0.0339   0.0217   0.0217  -0.0002   0.0000  -0.0066  -0.0121    0.555
 ---------------------------------------------------------------
