 ---------------------------------------------------------------
 Surface and Strip Forces by surface

  Sref =  1.2850       Cref = 0.25900       Bref =  4.9540    
  Xref = 0.50000       Yref =  0.0000       Zref =  0.0000    

  Surface # 1     main_wing_panel_0                       
     # Chordwise = 12   # Spanwise = 20     First strip =  1
     Surface area Ssurf =    0.365400     Ave. chord Cave =    0.290000

 Forces referred to Sref, Cref, Bref about Xref, Yref, Zref
 Standard axis orientation,  X fwd, Z down         
     CLsurf  =   0.18702     Clsurf  =  -0.02353
     CYsurf  =   0.00000     Cmsurf  =   0.03221
     CDsurf  =   0.00165     Cnsurf  =  -0.00148
     CDisurf =   0.00165     CDvsurf =   0.00000

 Forces referred to Ssurf, Cave 
     CLsurf  =   0.65768     CDsurf  =   0.00581

 Strip Forces referred to Strip Area, Chord
    j     Xle      Yle      Zle      Chord    Area     c_cl     ai     cl_norm    cl       cd       cdv    cm_c/4     cm_LE   C.P.x/c
     1   0.4000   0.0019   0.0000   0.2900   0.0022   0.1933   0.0009   0.6681   0.6681   0.0052   0.0000   0.0394  -0.1273    0.191
     2   0.4000   0.0174   0.0000   0.2900   0.0067   0.1933   0.0007   0.6681   0.6681   0.0052   0.0000   0.0394  -0.1273    0.191
     3   0.4000   0.0480   0.0000   0.2900   0.0110   0.1933  -0.0008   0.6680   0.6680   0.0052   0.0000   0.0394  -0.1273    0.191
     4   0.4000   0.0928   0.0000   0.2900   0.0150   0.1933  -0.0076   0.6679   0.6679   0.0052   0.0000   0.0394  -0.1273    0.191
     5   0.4000   0.1509   0.0000   0.2900   0.0186   0.1932  -0.1338   0.6677   0.6677   0.0052   0.0000   0.0393  -0.1272    0.191
     6   0.4000   0.2208   0.0000   0.2900   0.0218   0.1931  -0.0749   0.6673   0.6673   0.0053   0.0000   0.0393  -0.1272    0.191
     7   0.4000   0.3008   0.0000   0.2900   0.0244   0.1929   0.0562   0.6666   0.6666   0.0053   0.0000   0.0393  -0.1270    0.191
     8   0.4000   0.3889   0.0000   0.2900   0.0265   0.1926   0.0374   0.6656   0.6656   0.0054   0.0000   0.0393  -0.1268    0.191
     9   0.4000   0.4829   0.0000   0.2900   0.0279   0.1922  -0.1334   0.6643   0.6643   0.0054   0.0000   0.0392  -0.1265    0.191
    10   0.4000   0.5806   0.0000   0.2900   0.0286   0.1917   0.0428   0.6624   0.6624   0.0056   0.0000   0.0391  -0.1261    0.191
    11   0.4000   0.6794   0.0000   0.2900   0.0286   0.1911   0.0267   0.6601   0.6601   0.0057   0.0000   0.0390  -0.1257    0.191
    12   0.4000   0.7771   0.0000   0.2900   0.0279   0.1902   0.2299   0.6573   0.6573   0.0058   0.0000   0.0389  -0.1251    0.191
    13   0.4000   0.8711   0.0000   0.2900   0.0265   0.1893  -0.0226   0.6540   0.6540   0.0060   0.0000   0.0388  -0.1244    0.191
    14   0.4000   0.9592   0.0000   0.2900   0.0244   0.1882   0.0089   0.6504   0.6504   0.0062   0.0000   0.0386  -0.1236    0.191
    15   0.4000   1.0392   0.0000   0.2900   0.0218   0.1871   0.0142   0.6464   0.6464   0.0064   0.0000   0.0385  -0.1228    0.190
    16   0.4000   1.1091   0.0000   0.2900   0.0186   0.1859   0.0167   0.6424   0.6424   0.0066   0.0000   0.0383  -0.1220    0.190
    17   0.4000   1.1672   0.0000   0.2900   0.0150   0.1848   0.0183   0.6385   0.6385   0.0068   0.0000   0.0382  -0.1212    0.190
    18   0.4000   1.2120   0.0000   0.2900   0.0110   0.1839   0.0194   0.6352   0.6352   0.0070   0.0000   0.0380  -0.1205    0.190
    19   0.4000   1.2426   0.0000   0.2900   0.0067   0.1831   0.0201   0.6327   0.6327   0.0073   0.0000   0.0379  -0.1200    0.190
    20   0.4000   1.2581   0.0000   0.2900   0.0022   0.1828   0.0206   0.6313   0.6313   0.0080   0.0000   0.0379  -0.1197    0.190

  Surface # 2     main_wing_panel_0 (YDUP)                
     # Chordwise = 12   # Spanwise = 20     First strip = 21
     Surface area Ssurf =    0.365400     Ave. chord Cave =    0.290000

 Forces referred to Sref, Cref, Bref about Xref, Yref, Zref
 Standard axis orientation,  X fwd, Z down         
     CLsurf  =   0.18702     Clsurf  =   0.02353
     CYsurf  =   0.00000     Cmsurf  =   0.03221
     CDsurf  =   0.00165     Cnsurf  =   0.00148
     CDisurf =   0.00165     CDvsurf =   0.00000

 Forces referred to Ssurf, Cave 
     CLsurf  =   0.65768     CDsurf  =   0.00581

 Strip Forces referred to Strip Area, Chord
    j     Xle      Yle      Zle      Chord    Area     c_cl     ai     cl_norm    cl       cd       cdv    cm_c/4     cm_LE   C.P.x/c
    21   0.4000  -0.0019   0.0000   0.2900   0.0022   0.1933   0.0009   0.6681   0.6681   0.0052   0.0000   0.0394   0.1273    0.191
    22   0.4000  -0.0174   0.0000   0.2900   0.0067   0.1933   0.0007   0.6681   0.6681   0.0052   0.0000   0.0394   0.1273    0.191
    23   0.4000  -0.0480   0.0000   0.2900   0.0110   0.1933  -0.0008   0.6680   0.6680   0.0052   0.0000   0.0394   0.1273    0.191
    24   0.4000  -0.0928   0.0000   0.2900   0.0150   0.1933  -0.0077   0.6679   0.6679   0.0052   0.0000   0.0394   0.1273    0.191
    25   0.4000  -0.1509   0.0000   0.2900   0.0186   0.1932  -0.1347   0.6677   0.6677   0.0052   0.0000   0.0393   0.1272    0.191
    26   0.4000  -0.2208   0.0000   0.2900   0.0218   0.1931  -0.0781   0.6673   0.6673   0.0053   0.0000   0.0393   0.1272    0.191
    27   0.4000  -0.3008   0.0000   0.2900   0.0244   0.1929   0.0593   0.6666   0.6666   0.0053   0.0000   0.0393   0.1270    0.191
    28   0.4000  -0.3889   0.0000   0.2900   0.0265   0.1926   0.0381   0.6656   0.6656   0.0054   0.0000   0.0393   0.1268    0.191
    29   0.4000  -0.4829   0.0000   0.2900   0.0279   0.1922  -0.0660   0.6643   0.6643   0.0054   0.0000   0.0392   0.1265    0.191
    30   0.4000  -0.5806   0.0000   0.2900   0.0286   0.1917   0.0477   0.6624   0.6624   0.0056   0.0000   0.0391   0.1262    0.191
    31   0.4000  -0.6794   0.0000   0.2900   0.0286   0.1911   0.0306   0.6601   0.6601   0.0057   0.0000   0.0390   0.1257    0.191
    32   0.4000  -0.7771   0.0000   0.2900   0.0279   0.1902   0.2258   0.6573   0.6573   0.0058   0.0000   0.0389   0.1251    0.191
    33   0.4000  -0.8711   0.0000   0.2900   0.0265   0.1893  -0.0225   0.6540   0.6540   0.0060   0.0000   0.0388   0.1244    0.191
    34   0.4000  -0.9592   0.0000   0.2900   0.0244   0.1882   0.0089   0.6504   0.6504   0.0062   0.0000   0.0386   0.1236    0.191
    35   0.4000  -1.0392   0.0000   0.2900   0.0218   0.1871   0.0141   0.6464   0.6464   0.0064   0.0000   0.0385   0.1228    0.190
    36   0.4000  -1.1091   0.0000   0.2900   0.0186   0.1859   0.0166   0.6424   0.6424   0.0066   0.0000   0.0383   0.1220    0.190
    37   0.4000  -1.1672   0.0000   0.2900   0.0150   0.1848   0.0182   0.6385   0.6385   0.0068   0.0000   0.0382   0.1212    0.190
    38   0.4000  -1.2120   0.0000   0.2900   0.0110   0.1839   0.0193   0.6352   0.6352   0.0070   0.0000   0.0380   0.1205    0.190
    39   0.4000  -1.2426   0.0000   0.2900   0.0067   0.1831   0.0201   0.6327   0.6327   0.0073   0.0000   0.0379   0.1200    0.190
    40   0.4000  -1.2581   0.0000   0.2900   0.0022   0.1828   0.0205   0.6313   0.6313   0.0080   0.0000   0.0379   0.1197    0.190

  Surface # 3     main_wing_panel_1                       
     # Chordwise = 12   # Spanwise = 20     First strip = 41
     Surface area Ssurf =    0.275268     Ave. chord Cave =    0.226186

 Forces referred to Sref, Cref, Bref about Xref, Yref, Zref
 Standard axis orientation,  X fwd, Z down         
     CLsurf  =   0.12939     Clsurf  =  -0.04604
     CYsurf  =  -0.00066     Cmsurf  =   0.02143
     CDsurf  =   0.00166     Cnsurf  =  -0.00271
     CDisurf =   0.00166     CDvsurf =   0.00000

 Forces referred to Ssurf, Cave 
     CLsurf  =   0.60402     CDsurf  =   0.00777

 Strip Forces referred to Strip Area, Chord
    j     Xle      Yle      Zle      Chord    Area     c_cl     ai     cl_norm    cl       cd       cdv    cm_c/4     cm_LE   C.P.x/c
    41   0.4000   1.2617   0.0000   0.2899   0.0020   0.1827   0.0206   0.6311   0.6311   0.0080   0.0000   0.0379  -0.1197    0.190
    42   0.4001   1.2754   0.0000   0.2895   0.0059   0.1823   0.0207   0.6308   0.6308   0.0074   0.0000   0.0379  -0.1195    0.190
    43   0.4003   1.3025   0.0000   0.2887   0.0097   0.1815   0.0210   0.6298   0.6298   0.0073   0.0000   0.0379  -0.1193    0.190
    44   0.4005   1.3423   0.0000   0.2876   0.0132   0.1803   0.0215   0.6280   0.6280   0.0073   0.0000   0.0379  -0.1189    0.190
    45   0.4009   1.3938   0.0000   0.2861   0.0163   0.1785   0.0222   0.6252   0.6252   0.0075   0.0000   0.0378  -0.1182    0.189
    46   0.4013   1.4558   0.0000   0.2842   0.0189   0.1761   0.0232   0.6208   0.6208   0.0077   0.0000   0.0378  -0.1172    0.189
    47   0.4017   1.5267   0.0000   0.2821   0.0211   0.1730   0.0244   0.6141   0.6141   0.0081   0.0000   0.0375  -0.1157    0.189
    48   0.4034   1.6218   0.0000   0.2760   0.0319   0.1682   0.0253   0.6104   0.6104   0.0081   0.0000   0.0377  -0.1146    0.188
    49   0.4064   1.7407   0.0000   0.2654   0.0323   0.1608   0.0261   0.6070   0.6070   0.0081   0.0000   0.0382  -0.1133    0.187
    50   0.4095   1.8476   0.0000   0.2533   0.0232   0.1523   0.0268   0.6023   0.6023   0.0082   0.0000   0.0383  -0.1120    0.186
    51   0.4125   1.9394   0.0000   0.2397   0.0219   0.1431   0.0271   0.5980   0.5980   0.0084   0.0000   0.0382  -0.1110    0.186
    52   0.4161   2.0215   0.0000   0.2255   0.0163   0.1334   0.0276   0.5924   0.5924   0.0083   0.0000   0.0381  -0.1096    0.186
    53   0.4201   2.0922   0.0000   0.2109   0.0145   0.1231   0.0281   0.5846   0.5845   0.0080   0.0000   0.0381  -0.1076    0.185
    54   0.4256   2.1823   0.0000   0.1881   0.0207   0.1097   0.0277   0.5841   0.5841   0.0080   0.0000   0.0385  -0.1071    0.184
    55   0.4331   2.2799   0.0000   0.1570   0.0133   0.0914   0.0268   0.5833   0.5833   0.0075   0.0000   0.0390  -0.1061    0.183
    56   0.4393   2.3401   0.0000   0.1327   0.0049   0.0758   0.0260   0.5724   0.5724   0.0064   0.0000   0.0396  -0.1025    0.181
    57   0.4433   2.3732   0.0000   0.1167   0.0034   0.0632   0.0261   0.5424   0.5424   0.0059   0.0000   0.0388  -0.0959    0.179
    58   0.4499   2.4149   0.0000   0.0897   0.0046   0.0481   0.0231   0.5367   0.5367   0.0050   0.0000   0.0403  -0.0922    0.175
    59   0.4623   2.4550   0.0000   0.0412   0.0012   0.0258  -0.0054   0.6276   0.6273  -0.0075   0.0000   0.0518  -0.0939    0.167
    60   0.4718   2.4745   0.0000   0.0046   0.0000   0.0056  -0.1324   1.2202   1.2197  -0.1099   0.0000   0.0951  -0.1861    0.172

  Surface # 4     main_wing_panel_1 (YDUP)                
     # Chordwise = 12   # Spanwise = 20     First strip = 61
     Surface area Ssurf =    0.275268     Ave. chord Cave =    0.226186

 Forces referred to Sref, Cref, Bref about Xref, Yref, Zref
 Standard axis orientation,  X fwd, Z down         
     CLsurf  =   0.12939     Clsurf  =   0.04604
     CYsurf  =   0.00066     Cmsurf  =   0.02143
     CDsurf  =   0.00166     Cnsurf  =   0.00271
     CDisurf =   0.00166     CDvsurf =   0.00000

 Forces referred to Ssurf, Cave 
     CLsurf  =   0.60403     CDsurf  =   0.00777

 Strip Forces referred to Strip Area, Chord
    j     Xle      Yle      Zle      Chord    Area     c_cl     ai     cl_norm    cl       cd       cdv    cm_c/4     cm_LE   C.P.x/c
    61   0.4000  -1.2617   0.0000   0.2899   0.0020   0.1827   0.0206   0.6312   0.6312   0.0080   0.0000   0.0379   0.1197    0.190
    62   0.4001  -1.2754   0.0000   0.2895   0.0059   0.1823   0.0207   0.6308   0.6308   0.0074   0.0000   0.0379   0.1195    0.190
    63   0.4003  -1.3025   0.0000   0.2887   0.0097   0.1815   0.0210   0.6298   0.6298   0.0073   0.0000   0.0379   0.1193    0.190
    64   0.4005  -1.3423   0.0000   0.2876   0.0132   0.1803   0.0215   0.6281   0.6281   0.0073   0.0000   0.0379   0.1189    0.190
    65   0.4009  -1.3938   0.0000   0.2861   0.0163   0.1785   0.0222   0.6252   0.6252   0.0075   0.0000   0.0378   0.1182    0.189
    66   0.4013  -1.4558   0.0000   0.2842   0.0189   0.1761   0.0231   0.6208   0.6208   0.0077   0.0000   0.0378   0.1172    0.189
    67   0.4017  -1.5267   0.0000   0.2821   0.0211   0.1730   0.0244   0.6141   0.6141   0.0081   0.0000   0.0375   0.1157    0.189
    68   0.4034  -1.6218   0.0000   0.2760   0.0319   0.1682   0.0252   0.6104   0.6104   0.0081   0.0000   0.0377   0.1146    0.188
    69   0.4064  -1.7407   0.0000   0.2654   0.0323   0.1609   0.0261   0.6070   0.6070   0.0081   0.0000   0.0382   0.1133    0.187
    70   0.4095  -1.8476   0.0000   0.2533   0.0232   0.1523   0.0268   0.6023   0.6023   0.0082   0.0000   0.0383   0.1120    0.186
    71   0.4125  -1.9394   0.0000   0.2397   0.0219   0.1431   0.0271   0.5980   0.5980   0.0084   0.0000   0.0382   0.1110    0.186
    72   0.4161  -2.0215   0.0000   0.2255   0.0163   0.1334   0.0275   0.5924   0.5924   0.0083   0.0000   0.0381   0.1096    0.186
    73   0.4201  -2.0922   0.0000   0.2109   0.0145   0.1231   0.0281   0.5846   0.5846   0.0080   0.0000   0.0381   0.1076    0.185
    74   0.4256  -2.1823   0.0000   0.1881   0.0207   0.1097   0.0277   0.5841   0.5841   0.0080   0.0000   0.0385   0.1071    0.184
    75   0.4331  -2.2799   0.0000   0.1570   0.0133   0.0914   0.0268   0.5833   0.5833   0.0075   0.0000   0.0390   0.1061    0.183
    76   0.4393  -2.3401   0.0000   0.1327   0.0049   0.0758   0.0260   0.5724   0.5724   0.0064   0.0000   0.0396   0.1025    0.181
    77   0.4433  -2.3732   0.0000   0.1167   0.0034   0.0632   0.0261   0.5424   0.5424   0.0059   0.0000   0.0388   0.0959    0.179
    78   0.4499  -2.4149   0.0000   0.0897   0.0046   0.0481   0.0231   0.5367   0.5367   0.0050   0.0000   0.0403   0.0922    0.175
    79   0.4623  -2.4550   0.0000   0.0412   0.0012   0.0258  -0.0054   0.6276   0.6273  -0.0075   0.0000   0.0518   0.0939    0.167
    80   0.4718  -2.4745   0.0000   0.0046   0.0000   0.0056  -0.1324   1.2202   1.2197  -0.1099   0.0000   0.0951   0.1861    0.172

  Surface # 5     hstab_panel_0                           
     # Chordwise = 12   # Spanwise = 20     First strip = 81
     Surface area Ssurf =    0.043750     Ave. chord Cave =    0.125000

 Forces referred to Sref, Cref, Bref about Xref, Yref, Zref
 Standard axis orientation,  X fwd, Z down         
     CLsurf  =   0.00531     Clsurf  =  -0.00071
     CYsurf  =  -0.00004     Cmsurf  =  -0.02741
     CDsurf  =   0.00019     Cnsurf  =  -0.00002
     CDisurf =   0.00019     CDvsurf =   0.00000

 Forces referred to Ssurf, Cave 
     CLsurf  =   0.15588     CDsurf  =   0.00563

 Strip Forces referred to Strip Area, Chord
    j     Xle      Yle      Zle      Chord    Area     c_cl     ai     cl_norm    cl       cd       cdv    cm_c/4     cm_LE   C.P.x/c
    81   1.8000   0.5005   0.0000   0.1499   0.0003   0.0135  -0.4271   0.0897   0.0897   0.0100   0.0000   0.0010  -0.0215    0.239
    82   1.8002   0.5048   0.0000   0.1493   0.0010   0.0154  -0.0619   0.1027   0.1027   0.0054   0.0000   0.0015  -0.0242    0.236
    83   1.8005   0.5133   0.0000   0.1481   0.0016   0.0174   0.0030   0.1176   0.1176   0.0053   0.0000   0.0015  -0.0279    0.237
    84   1.8009   0.5258   0.0000   0.1463   0.0021   0.0195   0.0334   0.1331   0.1331   0.0053   0.0000   0.0012  -0.0321    0.241
    85   1.8014   0.5419   0.0000   0.1440   0.0026   0.0212   0.0323   0.1470   0.1470   0.0055   0.0000   0.0005  -0.0362    0.246
    86   1.8021   0.5613   0.0000   0.1412   0.0029   0.0224   0.0385   0.1584   0.1584   0.0057   0.0000  -0.0002  -0.0398    0.251
    87   1.8029   0.5836   0.0000   0.1381   0.0032   0.0231   0.0403   0.1673   0.1673   0.0058   0.0000  -0.0009  -0.0427    0.256
    88   1.8037   0.6080   0.0000   0.1346   0.0034   0.0234   0.0418   0.1737   0.1737   0.0059   0.0000  -0.0015  -0.0449    0.259
    89   1.8046   0.6341   0.0000   0.1308   0.0035   0.0233   0.0266   0.1781   0.1781   0.0060   0.0000  -0.0020  -0.0464    0.261
    90   1.8055   0.6613   0.0000   0.1270   0.0035   0.0229   0.0380   0.1802   0.1802   0.0061   0.0000  -0.0022  -0.0472    0.262
    91   1.8065   0.6887   0.0000   0.1230   0.0034   0.0222   0.0398   0.1802   0.1802   0.0061   0.0000  -0.0022  -0.0472    0.262
    92   1.8074   0.7159   0.0000   0.1192   0.0032   0.0212   0.0443   0.1778   0.1778   0.0060   0.0000  -0.0020  -0.0464    0.261
    93   1.8083   0.7420   0.0000   0.1154   0.0029   0.0199   0.0360   0.1727   0.1727   0.0059   0.0000  -0.0015  -0.0446    0.259
    94   1.8091   0.7664   0.0000   0.1119   0.0026   0.0184   0.0413   0.1642   0.1642   0.0058   0.0000  -0.0007  -0.0417    0.254
    95   1.8099   0.7887   0.0000   0.1088   0.0023   0.0165   0.0449   0.1517   0.1517   0.0055   0.0000   0.0004  -0.0375    0.247
    96   1.8106   0.8081   0.0000   0.1060   0.0019   0.0143   0.0502   0.1345   0.1345   0.0051   0.0000   0.0017  -0.0319    0.237
    97   1.8111   0.8242   0.0000   0.1037   0.0015   0.0116   0.2089   0.1122   0.1122   0.0044   0.0000   0.0029  -0.0251    0.224
    98   1.8115   0.8367   0.0000   0.1019   0.0011   0.0086   0.0446   0.0848   0.0848   0.0036   0.0000   0.0036  -0.0176    0.207
    99   1.8118   0.8452   0.0000   0.1007   0.0006   0.0053   0.0491   0.0529   0.0529   0.0024   0.0000   0.0032  -0.0101    0.190
   100   1.8120   0.8495   0.0000   0.1001   0.0002   0.0018   0.0509   0.0180   0.0180   0.0009   0.0000   0.0013  -0.0032    0.178

  Surface # 6     hstab_panel_0 (YDUP)                    
     # Chordwise = 12   # Spanwise = 20     First strip =101
     Surface area Ssurf =    0.043750     Ave. chord Cave =    0.125000

 Forces referred to Sref, Cref, Bref about Xref, Yref, Zref
 Standard axis orientation,  X fwd, Z down         
     CLsurf  =   0.00488     Clsurf  =   0.00066
     CYsurf  =   0.00003     Cmsurf  =  -0.02517
     CDsurf  =   0.00017     Cnsurf  =   0.00001
     CDisurf =   0.00017     CDvsurf =   0.00000

 Forces referred to Ssurf, Cave 
     CLsurf  =   0.14324     CDsurf  =   0.00513

 Strip Forces referred to Strip Area, Chord
    j     Xle      Yle      Zle      Chord    Area     c_cl     ai     cl_norm    cl       cd       cdv    cm_c/4     cm_LE   C.P.x/c
   101   1.8000  -0.5005   0.0000   0.1499   0.0003   0.0020  -0.1939   0.0135   0.0135   0.0007   0.0000   0.0011   0.0023    0.172
   102   1.8002  -0.5048   0.0000   0.1493   0.0010   0.0060  -0.0350   0.0404   0.0404   0.0019   0.0000   0.0028   0.0073    0.181
   103   1.8005  -0.5133   0.0000   0.1481   0.0016   0.0099   0.0047   0.0671   0.0671   0.0028   0.0000   0.0037   0.0131    0.195
   104   1.8009  -0.5258   0.0000   0.1463   0.0021   0.0136   0.0311   0.0932   0.0932   0.0037   0.0000   0.0036   0.0197    0.211
   105   1.8014  -0.5419   0.0000   0.1440   0.0026   0.0169   0.0316   0.1170   0.1170   0.0045   0.0000   0.0029   0.0264    0.226
   106   1.8021  -0.5613   0.0000   0.1412   0.0029   0.0193   0.0393   0.1367   0.1367   0.0050   0.0000   0.0017   0.0324    0.237
   107   1.8029  -0.5836   0.0000   0.1381   0.0032   0.0210   0.0415   0.1519   0.1519   0.0054   0.0000   0.0005   0.0374    0.247
   108   1.8037  -0.6080   0.0000   0.1346   0.0034   0.0219   0.0430   0.1630   0.1630   0.0057   0.0000  -0.0005   0.0412    0.253
   109   1.8046  -0.6341   0.0000   0.1308   0.0035   0.0223   0.0277   0.1705   0.1705   0.0059   0.0000  -0.0012   0.0438    0.257
   110   1.8055  -0.6613   0.0000   0.1270   0.0035   0.0222   0.0388   0.1750   0.1750   0.0060   0.0000  -0.0017   0.0454    0.260
   111   1.8065  -0.6887   0.0000   0.1230   0.0034   0.0217   0.0404   0.1765   0.1765   0.0060   0.0000  -0.0018   0.0459    0.260
   112   1.8074  -0.7159   0.0000   0.1192   0.0032   0.0209   0.0448   0.1752   0.1752   0.0060   0.0000  -0.0017   0.0455    0.260
   113   1.8083  -0.7420   0.0000   0.1154   0.0029   0.0197   0.0364   0.1708   0.1708   0.0059   0.0000  -0.0013   0.0440    0.258
   114   1.8091  -0.7664   0.0000   0.1119   0.0026   0.0182   0.0415   0.1628   0.1628   0.0057   0.0000  -0.0006   0.0413    0.254
   115   1.8099  -0.7887   0.0000   0.1088   0.0023   0.0164   0.0451   0.1507   0.1507   0.0055   0.0000   0.0005   0.0372    0.247
   116   1.8106  -0.8081   0.0000   0.1060   0.0019   0.0142   0.0503   0.1338   0.1338   0.0051   0.0000   0.0018   0.0317    0.237
   117   1.8111  -0.8242   0.0000   0.1037   0.0015   0.0116   0.2090   0.1117   0.1117   0.0044   0.0000   0.0030   0.0249    0.223
   118   1.8115  -0.8367   0.0000   0.1019   0.0011   0.0086   0.0446   0.0844   0.0844   0.0036   0.0000   0.0037   0.0175    0.207
   119   1.8118  -0.8452   0.0000   0.1007   0.0006   0.0053   0.0491   0.0527   0.0527   0.0024   0.0000   0.0032   0.0100    0.190
   120   1.8120  -0.8495   0.0000   0.1001   0.0002   0.0018   0.0510   0.0179   0.0179   0.0009   0.0000   0.0013   0.0032    0.177

  Surface # 7     fin_panel_0                             
     # Chordwise = 12   # Spanwise = 20     First strip =121
     Surface area Ssurf =    0.050000     Ave. chord Cave =    0.125000

 Forces referred to Sref, Cref, Bref about Xref, Yref, Zref
 Standard axis orientation,  X fwd, Z down         
     CLsurf  =   0.00000     Clsurf  =  -0.00003
     CYsurf  =  -0.00023     Cmsurf  =   0.00000
     CDsurf  =  -0.00001     Cnsurf  =   0.00007
     CDisurf =  -0.00001     CDvsurf =   0.00000

 Forces referred to Ssurf, Cave 
     CLsurf  =  -0.00596     CDsurf  =  -0.00013

 Strip Forces referred to Strip Area, Chord
    j     Xle      Yle      Zle      Chord    Area     c_cl     ai     cl_norm    cl       cd       cdv    cm_c/4     cm_LE   C.P.x/c
   121   1.8000   0.5000   0.3994   0.1499   0.0004  -0.0004  -0.0067  -0.0025  -0.0024   0.0000   0.0000   0.0005   0.0011    0.468
   122   1.8002   0.5000   0.3945   0.1493   0.0011  -0.0011  -0.0063  -0.0072  -0.0072   0.0000   0.0000   0.0016   0.0033    0.468
   123   1.8005   0.5000   0.3848   0.1481   0.0018  -0.0017  -0.0057  -0.0115  -0.0114   0.0000   0.0000   0.0025   0.0053    0.467
   124   1.8009   0.5000   0.3705   0.1463   0.0024  -0.0022  -0.0050  -0.0151  -0.0150   0.0000   0.0000   0.0032   0.0070    0.465
   125   1.8014   0.5000   0.3521   0.1440   0.0029  -0.0026  -0.0042  -0.0180  -0.0179   0.0000   0.0000   0.0038   0.0082    0.461
   126   1.8021   0.5000   0.3299   0.1412   0.0034  -0.0028  -0.0036  -0.0201  -0.0200   0.0000   0.0000   0.0042   0.0091    0.458
   127   1.8029   0.5000   0.3045   0.1381   0.0037  -0.0029  -0.0032  -0.0215  -0.0214   0.0000   0.0000   0.0044   0.0097    0.456
   128   1.8037   0.5000   0.2765   0.1346   0.0039  -0.0030  -0.0029  -0.0221  -0.0220   0.0000   0.0000   0.0045   0.0100    0.457
   129   1.8046   0.5000   0.2467   0.1308   0.0040  -0.0029  -0.0028  -0.0220  -0.0219   0.0000   0.0000   0.0046   0.0100    0.460
   130   1.8055   0.5000   0.2157   0.1270   0.0040  -0.0027  -0.0028  -0.0210  -0.0209   0.0000   0.0000   0.0046   0.0097    0.468
   131   1.8065   0.5000   0.1843   0.1230   0.0038  -0.0023  -0.0031  -0.0189  -0.0188   0.0000   0.0000   0.0044   0.0091    0.484
   132   1.8074   0.5000   0.1533   0.1192   0.0036  -0.0018  -0.0035  -0.0154  -0.0153   0.0000   0.0000   0.0041   0.0079    0.518
   133   1.8083   0.5000   0.1235   0.1154   0.0033  -0.0011  -0.0040  -0.0099  -0.0099   0.0000   0.0000   0.0036   0.0061    0.618
   134   1.8091   0.5000   0.0955   0.1119   0.0030  -0.0002  -0.0045  -0.0016  -0.0016   0.0000   0.0000   0.0029   0.0033  999.000
   135   1.8099   0.5000   0.0701   0.1088   0.0026   0.0012  -0.0041   0.0109   0.0108  -0.0000   0.0000   0.0019  -0.0008    0.079
   136   1.8106   0.5000   0.0479   0.1060   0.0022   0.0030  -0.0010   0.0289   0.0287  -0.0001   0.0000   0.0006  -0.0065    0.229
   137   1.8111   0.5000   0.0295   0.1037   0.0017   0.0055   0.0089   0.0530   0.0528  -0.0005   0.0000  -0.0005  -0.0136    0.259
   138   1.8115   0.5000   0.0152   0.1019   0.0012   0.0082   0.0318   0.0810   0.0806  -0.0011   0.0000  -0.0007  -0.0208    0.259
   139   1.8118   0.5000   0.0055   0.1007   0.0007   0.0107   0.0803   0.1070   0.1064  -0.0023   0.0000   0.0000  -0.0264    0.250
   140   1.8120   0.5000   0.0006   0.1001   0.0002   0.0124   0.2740   0.1250   0.1243  -0.0127   0.0000   0.0010  -0.0299    0.242

  Surface # 8     hstab_panel_0                           
     # Chordwise = 12   # Spanwise = 20     First strip =141
     Surface area Ssurf =    0.043750     Ave. chord Cave =    0.125000

 Forces referred to Sref, Cref, Bref about Xref, Yref, Zref
 Standard axis orientation,  X fwd, Z down         
     CLsurf  =   0.00553     Clsurf  =   0.00038
     CYsurf  =  -0.00004     Cmsurf  =  -0.02857
     CDsurf  =   0.00019     Cnsurf  =   0.00002
     CDisurf =   0.00019     CDvsurf =   0.00000

 Forces referred to Ssurf, Cave 
     CLsurf  =   0.16244     CDsurf  =   0.00569

 Strip Forces referred to Strip Area, Chord
    j     Xle      Yle      Zle      Chord    Area     c_cl     ai     cl_norm    cl       cd       cdv    cm_c/4     cm_LE   C.P.x/c
   141   1.8000  -0.4995   0.0000   0.1499   0.0003   0.0143  -0.4156   0.0950   0.0950   0.0108   0.0000   0.0007  -0.0232    0.243
   142   1.8002  -0.4952   0.0000   0.1493   0.0010   0.0162  -0.0598   0.1081   0.1081   0.0057   0.0000   0.0011  -0.0260    0.240
   143   1.8005  -0.4867   0.0000   0.1481   0.0016   0.0182   0.0020   0.1230   0.1230   0.0055   0.0000   0.0011  -0.0296    0.241
   144   1.8009  -0.4742   0.0000   0.1463   0.0021   0.0203   0.0257   0.1384   0.1384   0.0055   0.0000   0.0008  -0.0338    0.245
   145   1.8014  -0.4581   0.0000   0.1440   0.0026   0.0219   0.0344   0.1524   0.1524   0.0056   0.0000   0.0001  -0.0380    0.249
   146   1.8021  -0.4387   0.0000   0.1412   0.0029   0.0231   0.0290   0.1639   0.1639   0.0058   0.0000  -0.0006  -0.0416    0.254
   147   1.8029  -0.4164   0.0000   0.1381   0.0032   0.0239   0.0404   0.1729   0.1729   0.0059   0.0000  -0.0013  -0.0445    0.258
   148   1.8037  -0.3920   0.0000   0.1346   0.0034   0.0242   0.0386   0.1797   0.1797   0.0060   0.0000  -0.0019  -0.0468    0.260
   149   1.8046  -0.3659   0.0000   0.1308   0.0035   0.0241   0.0370   0.1844   0.1844   0.0060   0.0000  -0.0023  -0.0483    0.262
   150   1.8055  -0.3387   0.0000   0.1270   0.0035   0.0237   0.0417   0.1871   0.1871   0.0061   0.0000  -0.0025  -0.0492    0.263
   151   1.8065  -0.3113   0.0000   0.1230   0.0034   0.0231   0.0376   0.1875   0.1875   0.0061   0.0000  -0.0025  -0.0493    0.263
   152   1.8074  -0.2841   0.0000   0.1192   0.0032   0.0221   0.0372   0.1856   0.1856   0.0060   0.0000  -0.0022  -0.0486    0.262
   153   1.8083  -0.2580   0.0000   0.1154   0.0029   0.0209   0.0476   0.1808   0.1808   0.0059   0.0000  -0.0017  -0.0469    0.260
   154   1.8091  -0.2336   0.0000   0.1119   0.0026   0.0193   0.0401   0.1724   0.1724   0.0058   0.0000  -0.0009  -0.0440    0.255
   155   1.8099  -0.2113   0.0000   0.1088   0.0023   0.0174   0.0415   0.1598   0.1598   0.0055   0.0000   0.0003  -0.0397    0.248
   156   1.8106  -0.1919   0.0000   0.1060   0.0019   0.0151   0.0426   0.1421   0.1421   0.0051   0.0000   0.0017  -0.0339    0.238
   157   1.8111  -0.1758   0.0000   0.1037   0.0015   0.0123   0.0471   0.1189   0.1189   0.0045   0.0000   0.0030  -0.0267    0.225
   158   1.8115  -0.1633   0.0000   0.1019   0.0011   0.0092   0.0485   0.0900   0.0900   0.0036   0.0000   0.0037  -0.0187    0.208
   159   1.8118  -0.1548   0.0000   0.1007   0.0006   0.0057   0.0500   0.0562   0.0562   0.0025   0.0000   0.0033  -0.0108    0.191
   160   1.8120  -0.1505   0.0000   0.1001   0.0002   0.0019   0.0510   0.0191   0.0191   0.0010   0.0000   0.0014  -0.0034    0.179

  Surface # 9     hstab_panel_0 (YDUP)                    
     # Chordwise = 12   # Spanwise = 20     First strip =161
     Surface area Ssurf =    0.043750     Ave. chord Cave =    0.125000

 Forces referred to Sref, Cref, Bref about Xref, Yref, Zref
 Standard axis orientation,  X fwd, Z down         
     CLsurf  =   0.00506     Clsurf  =  -0.00034
     CYsurf  =   0.00004     Cmsurf  =  -0.02614
     CDsurf  =   0.00018     Cnsurf  =  -0.00002
     CDisurf =   0.00018     CDvsurf =   0.00000

 Forces referred to Ssurf, Cave 
     CLsurf  =   0.14875     CDsurf  =   0.00517

 Strip Forces referred to Strip Area, Chord
    j     Xle      Yle      Zle      Chord    Area     c_cl     ai     cl_norm    cl       cd       cdv    cm_c/4     cm_LE   C.P.x/c
   161   1.8000   0.4995   0.0000   0.1499   0.0003   0.0021  -0.1948   0.0138   0.0138   0.0007   0.0000   0.0010   0.0024    0.176
   162   1.8002   0.4952   0.0000   0.1493   0.0010   0.0062  -0.0364   0.0415   0.0415   0.0019   0.0000   0.0027   0.0077    0.185
   163   1.8005   0.4867   0.0000   0.1481   0.0016   0.0102   0.0025   0.0689   0.0689   0.0029   0.0000   0.0035   0.0137    0.199
   164   1.8009   0.4742   0.0000   0.1463   0.0021   0.0140   0.0233   0.0958   0.0958   0.0038   0.0000   0.0034   0.0205    0.214
   165   1.8014   0.4581   0.0000   0.1440   0.0026   0.0173   0.0339   0.1203   0.1203   0.0046   0.0000   0.0026   0.0274    0.228
   166   1.8021   0.4387   0.0000   0.1412   0.0029   0.0198   0.0299   0.1405   0.1405   0.0051   0.0000   0.0015   0.0336    0.240
   167   1.8029   0.4164   0.0000   0.1381   0.0032   0.0216   0.0418   0.1563   0.1563   0.0055   0.0000   0.0003   0.0388    0.248
   168   1.8037   0.3920   0.0000   0.1346   0.0034   0.0226   0.0400   0.1680   0.1680   0.0057   0.0000  -0.0007   0.0427    0.254
   169   1.8046   0.3659   0.0000   0.1308   0.0035   0.0230   0.0382   0.1761   0.1761   0.0059   0.0000  -0.0015   0.0455    0.258
   170   1.8055   0.3387   0.0000   0.1270   0.0035   0.0230   0.0426   0.1812   0.1812   0.0060   0.0000  -0.0019   0.0472    0.261
   171   1.8065   0.3113   0.0000   0.1230   0.0034   0.0226   0.0384   0.1833   0.1833   0.0060   0.0000  -0.0021   0.0479    0.261
   172   1.8074   0.2841   0.0000   0.1192   0.0032   0.0217   0.0377   0.1826   0.1826   0.0060   0.0000  -0.0020   0.0476    0.261
   173   1.8083   0.2580   0.0000   0.1154   0.0029   0.0206   0.0480   0.1785   0.1785   0.0059   0.0000  -0.0015   0.0461    0.259
   174   1.8091   0.2336   0.0000   0.1119   0.0026   0.0191   0.0405   0.1708   0.1708   0.0057   0.0000  -0.0008   0.0434    0.254
   175   1.8099   0.2113   0.0000   0.1088   0.0023   0.0172   0.0417   0.1586   0.1586   0.0055   0.0000   0.0004   0.0393    0.248
   176   1.8106   0.1919   0.0000   0.1060   0.0019   0.0150   0.0428   0.1412   0.1412   0.0051   0.0000   0.0017   0.0336    0.238
   177   1.8111   0.1758   0.0000   0.1037   0.0015   0.0123   0.0473   0.1182   0.1182   0.0045   0.0000   0.0030   0.0265    0.224
   178   1.8115   0.1633   0.0000   0.1019   0.0011   0.0091   0.0486   0.0895   0.0895   0.0036   0.0000   0.0038   0.0186    0.208
   179   1.8118   0.1548   0.0000   0.1007   0.0006   0.0056   0.0501   0.0560   0.0560   0.0025   0.0000   0.0033   0.0107    0.191
   180   1.8120   0.1505   0.0000   0.1001   0.0002   0.0019   0.0511   0.0191   0.0191   0.0009   0.0000   0.0014   0.0034    0.179

  Surface #10     fin_panel_0                             
     # Chordwise = 12   # Spanwise = 20     First strip =181
     Surface area Ssurf =    0.050000     Ave. chord Cave =    0.125000

 Forces referred to Sref, Cref, Bref about Xref, Yref, Zref
 Standard axis orientation,  X fwd, Z down         
     CLsurf  =   0.00000     Clsurf  =  -0.00001
     CYsurf  =   0.00027     Cmsurf  =   0.00000
     CDsurf  =  -0.00001     Cnsurf  =  -0.00007
     CDisurf =  -0.00001     CDvsurf =   0.00000

 Forces referred to Ssurf, Cave 
     CLsurf  =   0.00701     CDsurf  =  -0.00017

 Strip Forces referred to Strip Area, Chord
    j     Xle      Yle      Zle      Chord    Area     c_cl     ai     cl_norm    cl       cd       cdv    cm_c/4     cm_LE   C.P.x/c
   181   1.8000  -0.5000   0.3994   0.1499   0.0004  -0.0002  -0.0083  -0.0010  -0.0010   0.0000   0.0000   0.0006   0.0009    0.866
   182   1.8002  -0.5000   0.3945   0.1493   0.0011  -0.0004  -0.0080  -0.0029  -0.0029   0.0000   0.0000   0.0018   0.0025    0.863
   183   1.8005  -0.5000   0.3848   0.1481   0.0018  -0.0007  -0.0075  -0.0046  -0.0045   0.0000   0.0000   0.0028   0.0039    0.859
   184   1.8009  -0.5000   0.3705   0.1463   0.0024  -0.0008  -0.0069  -0.0058  -0.0057   0.0000   0.0000   0.0035   0.0049    0.854
   185   1.8014  -0.5000   0.3521   0.1440   0.0029  -0.0009  -0.0064  -0.0066  -0.0065   0.0000   0.0000   0.0039   0.0055    0.848
   186   1.8021  -0.5000   0.3299   0.1412   0.0034  -0.0010  -0.0060  -0.0070  -0.0070   0.0000   0.0000   0.0042   0.0059    0.846
   187   1.8029  -0.5000   0.3045   0.1381   0.0037  -0.0010  -0.0058  -0.0072  -0.0071   0.0000   0.0000   0.0043   0.0061    0.852
   188   1.8037  -0.5000   0.2765   0.1346   0.0039  -0.0009  -0.0056  -0.0070  -0.0069   0.0000   0.0000   0.0043   0.0061    0.875
   189   1.8046  -0.5000   0.2467   0.1308   0.0040  -0.0008  -0.0056  -0.0064  -0.0063   0.0000   0.0000   0.0043   0.0059    0.929
   190   1.8055  -0.5000   0.2157   0.1270   0.0040  -0.0007  -0.0058  -0.0052  -0.0052   0.0000   0.0000   0.0042   0.0055    1.057
   191   1.8065  -0.5000   0.1843   0.1230   0.0038  -0.0004  -0.0061  -0.0033  -0.0033   0.0000   0.0000   0.0040   0.0048    1.466
   192   1.8074  -0.5000   0.1533   0.1192   0.0036  -0.0000  -0.0065  -0.0003  -0.0002   0.0000   0.0000   0.0037   0.0038  999.000
   193   1.8083  -0.5000   0.1235   0.1154   0.0033   0.0005  -0.0071   0.0046   0.0045  -0.0000   0.0000   0.0032   0.0021   -0.456
   194   1.8091  -0.5000   0.0955   0.1119   0.0030   0.0013  -0.0075   0.0120   0.0120  -0.0000   0.0000   0.0025  -0.0005    0.045
   195   1.8099  -0.5000   0.0701   0.1088   0.0026   0.0025  -0.0073   0.0234   0.0233  -0.0001   0.0000   0.0014  -0.0044    0.191
   196   1.8106  -0.5000   0.0479   0.1060   0.0022   0.0042  -0.0045   0.0402   0.0400  -0.0003   0.0000   0.0001  -0.0098    0.248
   197   1.8111  -0.5000   0.0295   0.1037   0.0017   0.0065   0.0051   0.0632   0.0629  -0.0006   0.0000  -0.0010  -0.0166    0.266
   198   1.8115  -0.5000   0.0152   0.1019   0.0012   0.0091   0.0277   0.0902   0.0897  -0.0013   0.0000  -0.0014  -0.0236    0.265
   199   1.8118  -0.5000   0.0055   0.1007   0.0007   0.0116   0.0754   0.1155   0.1149  -0.0026   0.0000  -0.0006  -0.0291    0.255
   200   1.8120  -0.5000   0.0006   0.1001   0.0002   0.0132   0.2631   0.1330   0.1323  -0.0140   0.0000   0.0003  -0.0326    0.248
 ---------------------------------------------------------------
