 ---------------------------------------------------------------
 Surface and Strip Forces by surface

  Sref =  1.2850       Cref = 0.25900       Bref =  4.9540    
  Xref = 0.50000       Yref =  0.0000       Zref =  0.0000    

  Surface # 1     main_wing_panel_0                       
     # Chordwise = 12   # Spanwise = 20     First strip =  1
     Surface area Ssurf =    0.365400     Ave. chord Cave =    0.290000

 Forces referred to Sref, Cref, Bref about Xref, Yref, Zref
 Standard axis orientation,  X fwd, Z down         
     CLsurf  =   0.21461     Clsurf  =  -0.02698
     CYsurf  =   0.00000     Cmsurf  =   0.03729
     CDsurf  =   0.00217     Cnsurf  =  -0.00204
     CDisurf =   0.00217     CDvsurf =   0.00000

 Forces referred to Ssurf, Cave 
     CLsurf  =   0.75473     CDsurf  =   0.00765

 Strip Forces referred to Strip Area, Chord
    j     Xle      Yle      Zle      Chord    Area     c_cl     ai     cl_norm    cl       cd       cdv    cm_c/4     cm_LE   C.P.x/c
     1   0.4000   0.0019   0.0000   0.2900   0.0022   0.2217   0.0009   0.7667   0.7667   0.0069   0.0000   0.0463  -0.1448    0.190
     2   0.4000   0.0174   0.0000   0.2900   0.0067   0.2217   0.0006   0.7667   0.7667   0.0069   0.0000   0.0463  -0.1448    0.190
     3   0.4000   0.0480   0.0000   0.2900   0.0110   0.2217  -0.0011   0.7667   0.7667   0.0069   0.0000   0.0463  -0.1448    0.190
     4   0.4000   0.0928   0.0000   0.2900   0.0150   0.2216  -0.0089   0.7666   0.7666   0.0069   0.0000   0.0463  -0.1448    0.190
     5   0.4000   0.1509   0.0000   0.2900   0.0186   0.2216  -0.1547   0.7663   0.7663   0.0069   0.0000   0.0462  -0.1448    0.190
     6   0.4000   0.2208   0.0000   0.2900   0.0218   0.2214  -0.0878   0.7658   0.7658   0.0069   0.0000   0.0462  -0.1447    0.190
     7   0.4000   0.3008   0.0000   0.2900   0.0244   0.2212   0.0651   0.7651   0.7651   0.0070   0.0000   0.0462  -0.1445    0.190
     8   0.4000   0.3889   0.0000   0.2900   0.0265   0.2209   0.0431   0.7639   0.7639   0.0071   0.0000   0.0461  -0.1443    0.190
     9   0.4000   0.4829   0.0000   0.2900   0.0279   0.2204  -0.1550   0.7623   0.7623   0.0072   0.0000   0.0461  -0.1440    0.190
    10   0.4000   0.5806   0.0000   0.2900   0.0286   0.2198   0.0494   0.7602   0.7602   0.0073   0.0000   0.0460  -0.1435    0.190
    11   0.4000   0.6794   0.0000   0.2900   0.0286   0.2191   0.0308   0.7575   0.7575   0.0075   0.0000   0.0459  -0.1430    0.189
    12   0.4000   0.7771   0.0000   0.2900   0.0279   0.2181   0.2677   0.7543   0.7543   0.0077   0.0000   0.0457  -0.1423    0.189
    13   0.4000   0.8711   0.0000   0.2900   0.0265   0.2170  -0.0263   0.7505   0.7505   0.0079   0.0000   0.0456  -0.1415    0.189
    14   0.4000   0.9592   0.0000   0.2900   0.0244   0.2158   0.0102   0.7463   0.7463   0.0082   0.0000   0.0454  -0.1407    0.189
    15   0.4000   1.0392   0.0000   0.2900   0.0218   0.2145   0.0162   0.7417   0.7417   0.0085   0.0000   0.0452  -0.1397    0.189
    16   0.4000   1.1091   0.0000   0.2900   0.0186   0.2132   0.0191   0.7371   0.7371   0.0087   0.0000   0.0450  -0.1388    0.189
    17   0.4000   1.1672   0.0000   0.2900   0.0150   0.2119   0.0209   0.7327   0.7327   0.0090   0.0000   0.0448  -0.1379    0.189
    18   0.4000   1.2120   0.0000   0.2900   0.0110   0.2108   0.0222   0.7288   0.7288   0.0093   0.0000   0.0447  -0.1371    0.189
    19   0.4000   1.2426   0.0000   0.2900   0.0067   0.2100   0.0231   0.7259   0.7259   0.0096   0.0000   0.0445  -0.1365    0.189
    20   0.4000   1.2581   0.0000   0.2900   0.0022   0.2095   0.0235   0.7243   0.7243   0.0105   0.0000   0.0445  -0.1362    0.189

  Surface # 2     main_wing_panel_0 (YDUP)                
     # Chordwise = 12   # Spanwise = 20     First strip = 21
     Surface area Ssurf =    0.365400     Ave. chord Cave =    0.290000

 Forces referred to Sref, Cref, Bref about Xref, Yref, Zref
 Standard axis orientation,  X fwd, Z down         
     CLsurf  =   0.21461     Clsurf  =   0.02698
     CYsurf  =   0.00000     Cmsurf  =   0.03729
     CDsurf  =   0.00217     Cnsurf  =   0.00204
     CDisurf =   0.00217     CDvsurf =   0.00000

 Forces referred to Ssurf, Cave 
     CLsurf  =   0.75473     CDsurf  =   0.00765

 Strip Forces referred to Strip Area, Chord
    j     Xle      Yle      Zle      Chord    Area     c_cl     ai     cl_norm    cl       cd       cdv    cm_c/4     cm_LE   C.P.x/c
    21   0.4000  -0.0019   0.0000   0.2900   0.0022   0.2217   0.0008   0.7667   0.7667   0.0069   0.0000   0.0463   0.1448    0.190
    22   0.4000  -0.0174   0.0000   0.2900   0.0067   0.2217   0.0006   0.7667   0.7667   0.0069   0.0000   0.0463   0.1448    0.190
    23   0.4000  -0.0480   0.0000   0.2900   0.0110   0.2217  -0.0011   0.7667   0.7667   0.0069   0.0000   0.0463   0.1448    0.190
    24   0.4000  -0.0928   0.0000   0.2900   0.0150   0.2216  -0.0090   0.7666   0.7666   0.0069   0.0000   0.0463   0.1448    0.190
    25   0.4000  -0.1509   0.0000   0.2900   0.0186   0.2216  -0.1558   0.7663   0.7663   0.0069   0.0000   0.0462   0.1448    0.190
    26   0.4000  -0.2208   0.0000   0.2900   0.0218   0.2214  -0.0916   0.7658   0.7658   0.0069   0.0000   0.0462   0.1447    0.190
    27   0.4000  -0.3008   0.0000   0.2900   0.0244   0.2212   0.0687   0.7651   0.7651   0.0070   0.0000   0.0462   0.1445    0.190
    28   0.4000  -0.3889   0.0000   0.2900   0.0265   0.2209   0.0440   0.7639   0.7639   0.0071   0.0000   0.0461   0.1443    0.190
    29   0.4000  -0.4829   0.0000   0.2900   0.0279   0.2204  -0.0756   0.7623   0.7623   0.0072   0.0000   0.0461   0.1440    0.190
    30   0.4000  -0.5806   0.0000   0.2900   0.0286   0.2198   0.0552   0.7602   0.7602   0.0073   0.0000   0.0460   0.1435    0.190
    31   0.4000  -0.6794   0.0000   0.2900   0.0286   0.2191   0.0353   0.7575   0.7575   0.0075   0.0000   0.0459   0.1430    0.189
    32   0.4000  -0.7771   0.0000   0.2900   0.0279   0.2181   0.2628   0.7543   0.7543   0.0077   0.0000   0.0457   0.1423    0.189
    33   0.4000  -0.8711   0.0000   0.2900   0.0265   0.2170  -0.0261   0.7505   0.7505   0.0079   0.0000   0.0456   0.1415    0.189
    34   0.4000  -0.9592   0.0000   0.2900   0.0244   0.2158   0.0101   0.7463   0.7463   0.0082   0.0000   0.0454   0.1407    0.189
    35   0.4000  -1.0392   0.0000   0.2900   0.0218   0.2145   0.0161   0.7417   0.7417   0.0085   0.0000   0.0452   0.1397    0.189
    36   0.4000  -1.1091   0.0000   0.2900   0.0186   0.2132   0.0190   0.7371   0.7371   0.0087   0.0000   0.0450   0.1388    0.189
    37   0.4000  -1.1672   0.0000   0.2900   0.0150   0.2119   0.0209   0.7327   0.7327   0.0090   0.0000   0.0448   0.1379    0.189
    38   0.4000  -1.2120   0.0000   0.2900   0.0110   0.2108   0.0221   0.7288   0.7288   0.0093   0.0000   0.0447   0.1371    0.189
    39   0.4000  -1.2426   0.0000   0.2900   0.0067   0.2100   0.0230   0.7259   0.7259   0.0096   0.0000   0.0445   0.1365    0.189
    40   0.4000  -1.2581   0.0000   0.2900   0.0022   0.2095   0.0235   0.7243   0.7243   0.0105   0.0000   0.0445   0.1362    0.189

  Surface # 3     main_wing_panel_1                       
     # Chordwise = 12   # Spanwise = 20     First strip = 41
     Surface area Ssurf =    0.275268     Ave. chord Cave =    0.226186

 Forces referred to Sref, Cref, Bref about Xref, Yref, Zref
 Standard axis orientation,  X fwd, Z down         
     CLsurf  =   0.14851     Clsurf  =  -0.05280
     CYsurf  =  -0.00092     Cmsurf  =   0.02468
     CDsurf  =   0.00219     Cnsurf  =  -0.00375
     CDisurf =   0.00219     CDvsurf =   0.00000

 Forces referred to Ssurf, Cave 
     CLsurf  =   0.69329     CDsurf  =   0.01023

 Strip Forces referred to Strip Area, Chord
    j     Xle      Yle      Zle      Chord    Area     c_cl     ai     cl_norm    cl       cd       cdv    cm_c/4     cm_LE   C.P.x/c
    41   0.4000   1.2617   0.0000   0.2899   0.0020   0.2094   0.0236   0.7241   0.7241   0.0106   0.0000   0.0445  -0.1361    0.189
    42   0.4001   1.2754   0.0000   0.2895   0.0059   0.2090   0.0237   0.7237   0.7237   0.0097   0.0000   0.0445  -0.1360    0.189
    43   0.4003   1.3025   0.0000   0.2887   0.0097   0.2081   0.0241   0.7226   0.7226   0.0096   0.0000   0.0445  -0.1357    0.188
    44   0.4005   1.3423   0.0000   0.2876   0.0132   0.2067   0.0247   0.7206   0.7206   0.0097   0.0000   0.0445  -0.1352    0.188
    45   0.4009   1.3938   0.0000   0.2861   0.0163   0.2047   0.0255   0.7173   0.7173   0.0098   0.0000   0.0444  -0.1344    0.188
    46   0.4013   1.4558   0.0000   0.2842   0.0189   0.2019   0.0265   0.7123   0.7123   0.0101   0.0000   0.0443  -0.1333    0.188
    47   0.4017   1.5267   0.0000   0.2821   0.0211   0.1983   0.0279   0.7046   0.7046   0.0107   0.0000   0.0440  -0.1317    0.188
    48   0.4034   1.6218   0.0000   0.2760   0.0319   0.1929   0.0289   0.7005   0.7005   0.0107   0.0000   0.0440  -0.1306    0.187
    49   0.4064   1.7407   0.0000   0.2654   0.0323   0.1845   0.0300   0.6968   0.6968   0.0107   0.0000   0.0441  -0.1296    0.187
    50   0.4095   1.8476   0.0000   0.2533   0.0232   0.1747   0.0309   0.6915   0.6914   0.0108   0.0000   0.0440  -0.1284    0.186
    51   0.4125   1.9394   0.0000   0.2397   0.0219   0.1642   0.0312   0.6866   0.6866   0.0110   0.0000   0.0438  -0.1274    0.186
    52   0.4161   2.0215   0.0000   0.2255   0.0163   0.1530   0.0317   0.6802   0.6801   0.0110   0.0000   0.0437  -0.1257    0.186
    53   0.4201   2.0922   0.0000   0.2109   0.0145   0.1412   0.0323   0.6712   0.6711   0.0106   0.0000   0.0437  -0.1234    0.185
    54   0.4256   2.1823   0.0000   0.1881   0.0207   0.1259   0.0319   0.6706   0.6706   0.0105   0.0000   0.0441  -0.1229    0.184
    55   0.4331   2.2799   0.0000   0.1570   0.0133   0.1049   0.0308   0.6697   0.6697   0.0099   0.0000   0.0448  -0.1217    0.183
    56   0.4393   2.3401   0.0000   0.1327   0.0049   0.0870   0.0299   0.6573   0.6573   0.0084   0.0000   0.0454  -0.1176    0.181
    57   0.4433   2.3732   0.0000   0.1167   0.0034   0.0725   0.0299   0.6228   0.6228   0.0078   0.0000   0.0445  -0.1100    0.179
    58   0.4499   2.4149   0.0000   0.0897   0.0046   0.0552   0.0265   0.6163   0.6163   0.0066   0.0000   0.0462  -0.1058    0.175
    59   0.4623   2.4550   0.0000   0.0412   0.0012   0.0296  -0.0062   0.7210   0.7207  -0.0099   0.0000   0.0595  -0.1077    0.167
    60   0.4718   2.4745   0.0000   0.0046   0.0000   0.0064  -0.1520   1.4049   1.4043  -0.1448   0.0000   0.1091  -0.2135    0.172

  Surface # 4     main_wing_panel_1 (YDUP)                
     # Chordwise = 12   # Spanwise = 20     First strip = 61
     Surface area Ssurf =    0.275268     Ave. chord Cave =    0.226186

 Forces referred to Sref, Cref, Bref about Xref, Yref, Zref
 Standard axis orientation,  X fwd, Z down         
     CLsurf  =   0.14852     Clsurf  =   0.05280
     CYsurf  =   0.00092     Cmsurf  =   0.02468
     CDsurf  =   0.00219     Cnsurf  =   0.00375
     CDisurf =   0.00219     CDvsurf =   0.00000

 Forces referred to Ssurf, Cave 
     CLsurf  =   0.69330     CDsurf  =   0.01023

 Strip Forces referred to Strip Area, Chord
    j     Xle      Yle      Zle      Chord    Area     c_cl     ai     cl_norm    cl       cd       cdv    cm_c/4     cm_LE   C.P.x/c
    61   0.4000  -1.2617   0.0000   0.2899   0.0020   0.2094   0.0236   0.7241   0.7241   0.0106   0.0000   0.0445   0.1361    0.189
    62   0.4001  -1.2754   0.0000   0.2895   0.0059   0.2090   0.0237   0.7237   0.7237   0.0097   0.0000   0.0445   0.1360    0.189
    63   0.4003  -1.3025   0.0000   0.2887   0.0097   0.2081   0.0241   0.7226   0.7226   0.0096   0.0000   0.0445   0.1357    0.188
    64   0.4005  -1.3423   0.0000   0.2876   0.0132   0.2067   0.0246   0.7206   0.7206   0.0097   0.0000   0.0445   0.1352    0.188
    65   0.4009  -1.3938   0.0000   0.2861   0.0163   0.2047   0.0254   0.7173   0.7173   0.0098   0.0000   0.0444   0.1344    0.188
    66   0.4013  -1.4558   0.0000   0.2842   0.0189   0.2019   0.0265   0.7123   0.7123   0.0101   0.0000   0.0443   0.1333    0.188
    67   0.4017  -1.5267   0.0000   0.2821   0.0211   0.1983   0.0279   0.7046   0.7046   0.0107   0.0000   0.0440   0.1317    0.188
    68   0.4034  -1.6218   0.0000   0.2760   0.0319   0.1929   0.0289   0.7005   0.7005   0.0107   0.0000   0.0440   0.1306    0.187
    69   0.4064  -1.7407   0.0000   0.2654   0.0323   0.1845   0.0300   0.6968   0.6968   0.0107   0.0000   0.0441   0.1296    0.187
    70   0.4095  -1.8476   0.0000   0.2533   0.0232   0.1747   0.0308   0.6915   0.6915   0.0108   0.0000   0.0440   0.1284    0.186
    71   0.4125  -1.9394   0.0000   0.2397   0.0219   0.1642   0.0312   0.6866   0.6866   0.0110   0.0000   0.0438   0.1274    0.186
    72   0.4161  -2.0215   0.0000   0.2255   0.0163   0.1530   0.0317   0.6802   0.6801   0.0110   0.0000   0.0437   0.1257    0.186
    73   0.4201  -2.0922   0.0000   0.2109   0.0145   0.1412   0.0323   0.6712   0.6711   0.0106   0.0000   0.0437   0.1234    0.185
    74   0.4256  -2.1823   0.0000   0.1881   0.0207   0.1259   0.0319   0.6706   0.6706   0.0105   0.0000   0.0441   0.1229    0.184
    75   0.4331  -2.2799   0.0000   0.1570   0.0133   0.1049   0.0308   0.6697   0.6697   0.0099   0.0000   0.0448   0.1217    0.183
    76   0.4393  -2.3401   0.0000   0.1327   0.0049   0.0870   0.0299   0.6573   0.6573   0.0084   0.0000   0.0454   0.1176    0.181
    77   0.4433  -2.3732   0.0000   0.1167   0.0034   0.0725   0.0299   0.6228   0.6228   0.0078   0.0000   0.0445   0.1100    0.179
    78   0.4499  -2.4149   0.0000   0.0897   0.0046   0.0552   0.0265   0.6163   0.6163   0.0066   0.0000   0.0462   0.1058    0.175
    79   0.4623  -2.4550   0.0000   0.0412   0.0012   0.0296  -0.0062   0.7210   0.7207  -0.0099   0.0000   0.0595   0.1077    0.167
    80   0.4718  -2.4745   0.0000   0.0046   0.0000   0.0064  -0.1520   1.4049   1.4043  -0.1448   0.0000   0.1091   0.2135    0.172

  Surface # 5     hstab_panel_0                           
     # Chordwise = 12   # Spanwise = 20     First strip = 81
     Surface area Ssurf =    0.043750     Ave. chord Cave =    0.125000

 Forces referred to Sref, Cref, Bref about Xref, Yref, Zref
 Standard axis orientation,  X fwd, Z down         
     CLsurf  =   0.00615     Clsurf  =  -0.00082
     CYsurf  =  -0.00005     Cmsurf  =  -0.03171
     CDsurf  =   0.00026     Cnsurf  =  -0.00002
     CDisurf =   0.00026     CDvsurf =   0.00000

 Forces referred to Ssurf, Cave 
     CLsurf  =   0.18057     CDsurf  =   0.00752

 Strip Forces referred to Strip Area, Chord
    j     Xle      Yle      Zle      Chord    Area     c_cl     ai     cl_norm    cl       cd       cdv    cm_c/4     cm_LE   C.P.x/c
    81   1.8000   0.5005   0.0000   0.1499   0.0003   0.0159  -0.4911   0.1053   0.1053   0.0142   0.0000   0.0020  -0.0245    0.231
    82   1.8002   0.5048   0.0000   0.1493   0.0010   0.0180  -0.0720   0.1201   0.1201   0.0075   0.0000   0.0031  -0.0269    0.224
    83   1.8005   0.5133   0.0000   0.1481   0.0016   0.0203   0.0028   0.1368   0.1368   0.0072   0.0000   0.0037  -0.0305    0.223
    84   1.8009   0.5258   0.0000   0.1463   0.0021   0.0226   0.0381   0.1544   0.1544   0.0072   0.0000   0.0037  -0.0349    0.226
    85   1.8014   0.5419   0.0000   0.1440   0.0026   0.0245   0.0370   0.1704   0.1704   0.0074   0.0000   0.0031  -0.0394    0.232
    86   1.8021   0.5613   0.0000   0.1412   0.0029   0.0259   0.0444   0.1836   0.1836   0.0076   0.0000   0.0024  -0.0435    0.237
    87   1.8029   0.5836   0.0000   0.1381   0.0032   0.0268   0.0465   0.1938   0.1938   0.0078   0.0000   0.0016  -0.0468    0.242
    88   1.8037   0.6080   0.0000   0.1346   0.0034   0.0271   0.0483   0.2013   0.2013   0.0079   0.0000   0.0009  -0.0494    0.245
    89   1.8046   0.6341   0.0000   0.1308   0.0035   0.0270   0.0308   0.2063   0.2063   0.0080   0.0000   0.0004  -0.0511    0.248
    90   1.8055   0.6613   0.0000   0.1270   0.0035   0.0265   0.0439   0.2089   0.2089   0.0081   0.0000   0.0002  -0.0520    0.249
    91   1.8065   0.6887   0.0000   0.1230   0.0034   0.0257   0.0459   0.2088   0.2088   0.0081   0.0000   0.0002  -0.0520    0.249
    92   1.8074   0.7159   0.0000   0.1192   0.0032   0.0245   0.0512   0.2059   0.2059   0.0080   0.0000   0.0004  -0.0510    0.248
    93   1.8083   0.7420   0.0000   0.1154   0.0029   0.0231   0.0416   0.1999   0.1999   0.0079   0.0000   0.0010  -0.0489    0.245
    94   1.8091   0.7664   0.0000   0.1119   0.0026   0.0213   0.0477   0.1900   0.1900   0.0077   0.0000   0.0019  -0.0456    0.240
    95   1.8099   0.7887   0.0000   0.1088   0.0023   0.0191   0.0518   0.1753   0.1753   0.0073   0.0000   0.0031  -0.0407    0.232
    96   1.8106   0.8081   0.0000   0.1060   0.0019   0.0165   0.0577   0.1553   0.1553   0.0067   0.0000   0.0046  -0.0342    0.221
    97   1.8111   0.8242   0.0000   0.1037   0.0015   0.0134   0.2404   0.1294   0.1294   0.0059   0.0000   0.0058  -0.0265    0.205
    98   1.8115   0.8367   0.0000   0.1019   0.0011   0.0099   0.0508   0.0976   0.0976   0.0047   0.0000   0.0062  -0.0182    0.186
    99   1.8118   0.8452   0.0000   0.1007   0.0006   0.0061   0.0556   0.0608   0.0608   0.0032   0.0000   0.0050  -0.0102    0.167
   100   1.8120   0.8495   0.0000   0.1001   0.0002   0.0021   0.0576   0.0207   0.0207   0.0012   0.0000   0.0020  -0.0032    0.153

  Surface # 6     hstab_panel_0 (YDUP)                    
     # Chordwise = 12   # Spanwise = 20     First strip =101
     Surface area Ssurf =    0.043750     Ave. chord Cave =    0.125000

 Forces referred to Sref, Cref, Bref about Xref, Yref, Zref
 Standard axis orientation,  X fwd, Z down         
     CLsurf  =   0.00564     Clsurf  =   0.00076
     CYsurf  =   0.00005     Cmsurf  =  -0.02905
     CDsurf  =   0.00023     Cnsurf  =   0.00002
     CDisurf =   0.00023     CDvsurf =   0.00000

 Forces referred to Ssurf, Cave 
     CLsurf  =   0.16555     CDsurf  =   0.00682

 Strip Forces referred to Strip Area, Chord
    j     Xle      Yle      Zle      Chord    Area     c_cl     ai     cl_norm    cl       cd       cdv    cm_c/4     cm_LE   C.P.x/c
   101   1.8000  -0.5005   0.0000   0.1499   0.0003   0.0023  -0.2164   0.0155   0.0155   0.0009   0.0000   0.0016   0.0023    0.146
   102   1.8002  -0.5048   0.0000   0.1493   0.0010   0.0069  -0.0405   0.0463   0.0463   0.0025   0.0000   0.0043   0.0073    0.157
   103   1.8005  -0.5133   0.0000   0.1481   0.0016   0.0114   0.0047   0.0770   0.0770   0.0038   0.0000   0.0060   0.0133    0.173
   104   1.8009  -0.5258   0.0000   0.1463   0.0021   0.0157   0.0353   0.1071   0.1071   0.0049   0.0000   0.0064   0.0204    0.191
   105   1.8014  -0.5419   0.0000   0.1440   0.0026   0.0194   0.0362   0.1348   0.1348   0.0059   0.0000   0.0057   0.0279    0.207
   106   1.8021  -0.5613   0.0000   0.1412   0.0029   0.0223   0.0452   0.1578   0.1577   0.0067   0.0000   0.0046   0.0348    0.221
   107   1.8029  -0.5836   0.0000   0.1381   0.0032   0.0242   0.0479   0.1755   0.1755   0.0072   0.0000   0.0033   0.0405    0.231
   108   1.8037  -0.6080   0.0000   0.1346   0.0034   0.0254   0.0497   0.1885   0.1885   0.0076   0.0000   0.0022   0.0449    0.239
   109   1.8046  -0.6341   0.0000   0.1308   0.0035   0.0258   0.0320   0.1974   0.1974   0.0078   0.0000   0.0013   0.0480    0.243
   110   1.8055  -0.6613   0.0000   0.1270   0.0035   0.0257   0.0449   0.2026   0.2026   0.0079   0.0000   0.0008   0.0498    0.246
   111   1.8065  -0.6887   0.0000   0.1230   0.0034   0.0251   0.0467   0.2044   0.2044   0.0080   0.0000   0.0006   0.0505    0.247
   112   1.8074  -0.7159   0.0000   0.1192   0.0032   0.0242   0.0517   0.2028   0.2028   0.0080   0.0000   0.0007   0.0499    0.246
   113   1.8083  -0.7420   0.0000   0.1154   0.0029   0.0228   0.0420   0.1977   0.1977   0.0078   0.0000   0.0012   0.0482    0.244
   114   1.8091  -0.7664   0.0000   0.1119   0.0026   0.0211   0.0480   0.1883   0.1883   0.0076   0.0000   0.0020   0.0450    0.239
   115   1.8099  -0.7887   0.0000   0.1088   0.0023   0.0189   0.0520   0.1742   0.1742   0.0073   0.0000   0.0032   0.0403    0.231
   116   1.8106  -0.8081   0.0000   0.1060   0.0019   0.0164   0.0578   0.1545   0.1545   0.0067   0.0000   0.0046   0.0340    0.220
   117   1.8111  -0.8242   0.0000   0.1037   0.0015   0.0134   0.2405   0.1287   0.1287   0.0059   0.0000   0.0059   0.0263    0.204
   118   1.8115  -0.8367   0.0000   0.1019   0.0011   0.0099   0.0508   0.0971   0.0971   0.0047   0.0000   0.0062   0.0180    0.186
   119   1.8118  -0.8452   0.0000   0.1007   0.0006   0.0061   0.0557   0.0605   0.0605   0.0032   0.0000   0.0051   0.0101    0.167
   120   1.8120  -0.8495   0.0000   0.1001   0.0002   0.0021   0.0576   0.0206   0.0206   0.0012   0.0000   0.0020   0.0031    0.153

  Surface # 7     fin_panel_0                             
     # Chordwise = 12   # Spanwise = 20     First strip =121
     Surface area Ssurf =    0.050000     Ave. chord Cave =    0.125000

 Forces referred to Sref, Cref, Bref about Xref, Yref, Zref
 Standard axis orientation,  X fwd, Z down         
     CLsurf  =   0.00000     Clsurf  =  -0.00003
     CYsurf  =  -0.00026     Cmsurf  =   0.00000
     CDsurf  =  -0.00001     Cnsurf  =   0.00007
     CDisurf =  -0.00001     CDvsurf =   0.00000

 Forces referred to Ssurf, Cave 
     CLsurf  =  -0.00677     CDsurf  =  -0.00019

 Strip Forces referred to Strip Area, Chord
    j     Xle      Yle      Zle      Chord    Area     c_cl     ai     cl_norm    cl       cd       cdv    cm_c/4     cm_LE   C.P.x/c
   121   1.8000   0.5000   0.3994   0.1499   0.0004  -0.0004  -0.0079  -0.0029  -0.0029   0.0000   0.0000   0.0007   0.0014    0.479
   122   1.8002   0.5000   0.3945   0.1493   0.0011  -0.0012  -0.0074  -0.0084  -0.0084   0.0000   0.0000   0.0019   0.0040    0.479
   123   1.8005   0.5000   0.3848   0.1481   0.0018  -0.0020  -0.0067  -0.0134  -0.0133   0.0000   0.0000   0.0030   0.0063    0.478
   124   1.8009   0.5000   0.3705   0.1463   0.0024  -0.0026  -0.0058  -0.0176  -0.0175   0.0000   0.0000   0.0039   0.0083    0.475
   125   1.8014   0.5000   0.3521   0.1440   0.0029  -0.0030  -0.0050  -0.0209  -0.0208   0.0000   0.0000   0.0046   0.0098    0.471
   126   1.8021   0.5000   0.3299   0.1412   0.0034  -0.0033  -0.0043  -0.0234  -0.0232   0.0000   0.0000   0.0050   0.0108    0.467
   127   1.8029   0.5000   0.3045   0.1381   0.0037  -0.0034  -0.0038  -0.0250  -0.0248   0.0000   0.0000   0.0053   0.0115    0.465
   128   1.8037   0.5000   0.2765   0.1346   0.0039  -0.0034  -0.0034  -0.0258  -0.0256   0.0000   0.0000   0.0055   0.0119    0.465
   129   1.8046   0.5000   0.2467   0.1308   0.0040  -0.0033  -0.0033  -0.0256  -0.0255   0.0000   0.0000   0.0056   0.0119    0.468
   130   1.8055   0.5000   0.2157   0.1270   0.0040  -0.0031  -0.0034  -0.0245  -0.0243   0.0000   0.0000   0.0055   0.0115    0.477
   131   1.8065   0.5000   0.1843   0.1230   0.0038  -0.0027  -0.0037  -0.0221  -0.0219   0.0000   0.0000   0.0053   0.0108    0.493
   132   1.8074   0.5000   0.1533   0.1192   0.0036  -0.0021  -0.0042  -0.0180  -0.0178   0.0000   0.0000   0.0050   0.0094    0.530
   133   1.8083   0.5000   0.1235   0.1154   0.0033  -0.0013  -0.0048  -0.0115  -0.0115   0.0000   0.0000   0.0044   0.0073    0.638
   134   1.8091   0.5000   0.0955   0.1119   0.0030  -0.0002  -0.0053  -0.0017  -0.0017   0.0000   0.0000   0.0036   0.0040  999.000
   135   1.8099   0.5000   0.0701   0.1088   0.0026   0.0014  -0.0049   0.0130   0.0129  -0.0000   0.0000   0.0024  -0.0008    0.064
   136   1.8106   0.5000   0.0479   0.1060   0.0022   0.0036  -0.0012   0.0343   0.0340  -0.0002   0.0000   0.0010  -0.0074    0.220
   137   1.8111   0.5000   0.0295   0.1037   0.0017   0.0065   0.0104   0.0629   0.0624  -0.0006   0.0000  -0.0001  -0.0156    0.251
   138   1.8115   0.5000   0.0152   0.1019   0.0012   0.0097   0.0374   0.0960   0.0952  -0.0016   0.0000  -0.0001  -0.0237    0.251
   139   1.8118   0.5000   0.0055   0.1007   0.0007   0.0127   0.0944   0.1268   0.1258  -0.0033   0.0000   0.0012  -0.0300    0.241
   140   1.8120   0.5000   0.0006   0.1001   0.0002   0.0147   0.3232   0.1480   0.1469  -0.0182   0.0000   0.0025  -0.0339    0.233

  Surface # 8     hstab_panel_0                           
     # Chordwise = 12   # Spanwise = 20     First strip =141
     Surface area Ssurf =    0.043750     Ave. chord Cave =    0.125000

 Forces referred to Sref, Cref, Bref about Xref, Yref, Zref
 Standard axis orientation,  X fwd, Z down         
     CLsurf  =   0.00641     Clsurf  =   0.00044
     CYsurf  =  -0.00005     Cmsurf  =  -0.03304
     CDsurf  =   0.00026     Cnsurf  =   0.00004
     CDisurf =   0.00026     CDvsurf =   0.00000

 Forces referred to Ssurf, Cave 
     CLsurf  =   0.18813     CDsurf  =   0.00761

 Strip Forces referred to Strip Area, Chord
    j     Xle      Yle      Zle      Chord    Area     c_cl     ai     cl_norm    cl       cd       cdv    cm_c/4     cm_LE   C.P.x/c
   141   1.8000  -0.4995   0.0000   0.1499   0.0003   0.0168  -0.4779   0.1115   0.1115   0.0153   0.0000   0.0017  -0.0264    0.235
   142   1.8002  -0.4952   0.0000   0.1493   0.0010   0.0189  -0.0696   0.1263   0.1263   0.0079   0.0000   0.0027  -0.0289    0.229
   143   1.8005  -0.4867   0.0000   0.1481   0.0016   0.0212   0.0017   0.1430   0.1430   0.0075   0.0000   0.0032  -0.0326    0.228
   144   1.8009  -0.4742   0.0000   0.1463   0.0021   0.0235   0.0292   0.1606   0.1606   0.0074   0.0000   0.0032  -0.0370    0.230
   145   1.8014  -0.4581   0.0000   0.1440   0.0026   0.0254   0.0395   0.1766   0.1766   0.0076   0.0000   0.0026  -0.0415    0.235
   146   1.8021  -0.4387   0.0000   0.1412   0.0029   0.0268   0.0334   0.1899   0.1899   0.0077   0.0000   0.0019  -0.0455    0.240
   147   1.8029  -0.4164   0.0000   0.1381   0.0032   0.0277   0.0466   0.2004   0.2004   0.0079   0.0000   0.0012  -0.0489    0.244
   148   1.8037  -0.3920   0.0000   0.1346   0.0034   0.0280   0.0446   0.2082   0.2082   0.0080   0.0000   0.0005  -0.0515    0.247
   149   1.8046  -0.3659   0.0000   0.1308   0.0035   0.0279   0.0428   0.2137   0.2137   0.0081   0.0000   0.0001  -0.0533    0.250
   150   1.8055  -0.3387   0.0000   0.1270   0.0035   0.0275   0.0482   0.2167   0.2167   0.0081   0.0000  -0.0002  -0.0543    0.251
   151   1.8065  -0.3113   0.0000   0.1230   0.0034   0.0267   0.0435   0.2172   0.2172   0.0081   0.0000  -0.0001  -0.0544    0.251
   152   1.8074  -0.2841   0.0000   0.1192   0.0032   0.0256   0.0430   0.2149   0.2149   0.0080   0.0000   0.0001  -0.0535    0.249
   153   1.8083  -0.2580   0.0000   0.1154   0.0029   0.0241   0.0550   0.2092   0.2092   0.0079   0.0000   0.0007  -0.0515    0.247
   154   1.8091  -0.2336   0.0000   0.1119   0.0026   0.0223   0.0463   0.1995   0.1995   0.0077   0.0000   0.0017  -0.0481    0.242
   155   1.8099  -0.2113   0.0000   0.1088   0.0023   0.0201   0.0478   0.1847   0.1847   0.0073   0.0000   0.0030  -0.0432    0.234
   156   1.8106  -0.1919   0.0000   0.1060   0.0019   0.0174   0.0490   0.1641   0.1641   0.0068   0.0000   0.0045  -0.0365    0.222
   157   1.8111  -0.1758   0.0000   0.1037   0.0015   0.0142   0.0540   0.1370   0.1370   0.0060   0.0000   0.0059  -0.0284    0.207
   158   1.8115  -0.1633   0.0000   0.1019   0.0011   0.0106   0.0553   0.1035   0.1035   0.0048   0.0000   0.0064  -0.0195    0.189
   159   1.8118  -0.1548   0.0000   0.1007   0.0006   0.0065   0.0567   0.0646   0.0646   0.0033   0.0000   0.0052  -0.0110    0.170
   160   1.8120  -0.1505   0.0000   0.1001   0.0002   0.0022   0.0577   0.0220   0.0220   0.0013   0.0000   0.0021  -0.0034    0.156

  Surface # 9     hstab_panel_0 (YDUP)                    
     # Chordwise = 12   # Spanwise = 20     First strip =161
     Surface area Ssurf =    0.043750     Ave. chord Cave =    0.125000

 Forces referred to Sref, Cref, Bref about Xref, Yref, Zref
 Standard axis orientation,  X fwd, Z down         
     CLsurf  =   0.00585     Clsurf  =  -0.00039
     CYsurf  =   0.00005     Cmsurf  =  -0.03016
     CDsurf  =   0.00023     Cnsurf  =  -0.00003
     CDisurf =   0.00023     CDvsurf =   0.00000

 Forces referred to Ssurf, Cave 
     CLsurf  =   0.17190     CDsurf  =   0.00687

 Strip Forces referred to Strip Area, Chord
    j     Xle      Yle      Zle      Chord    Area     c_cl     ai     cl_norm    cl       cd       cdv    cm_c/4     cm_LE   C.P.x/c
   161   1.8000   0.4995   0.0000   0.1499   0.0003   0.0024  -0.2174   0.0158   0.0158   0.0010   0.0000   0.0016   0.0024    0.151
   162   1.8002   0.4952   0.0000   0.1493   0.0010   0.0071  -0.0421   0.0475   0.0475   0.0025   0.0000   0.0042   0.0077    0.161
   163   1.8005   0.4867   0.0000   0.1481   0.0016   0.0117   0.0022   0.0791   0.0791   0.0039   0.0000   0.0058   0.0140    0.177
   164   1.8009   0.4742   0.0000   0.1463   0.0021   0.0161   0.0263   0.1101   0.1101   0.0051   0.0000   0.0061   0.0214    0.194
   165   1.8014   0.4581   0.0000   0.1440   0.0026   0.0200   0.0388   0.1385   0.1385   0.0060   0.0000   0.0055   0.0291    0.210
   166   1.8021   0.4387   0.0000   0.1412   0.0029   0.0229   0.0344   0.1622   0.1622   0.0068   0.0000   0.0043   0.0362    0.223
   167   1.8029   0.4164   0.0000   0.1381   0.0032   0.0249   0.0483   0.1806   0.1806   0.0073   0.0000   0.0030   0.0421    0.233
   168   1.8037   0.3920   0.0000   0.1346   0.0034   0.0261   0.0463   0.1943   0.1943   0.0076   0.0000   0.0019   0.0466    0.240
   169   1.8046   0.3659   0.0000   0.1308   0.0035   0.0267   0.0442   0.2038   0.2038   0.0078   0.0000   0.0010   0.0499    0.245
   170   1.8055   0.3387   0.0000   0.1270   0.0035   0.0266   0.0493   0.2097   0.2097   0.0079   0.0000   0.0005   0.0519    0.248
   171   1.8065   0.3113   0.0000   0.1230   0.0034   0.0261   0.0444   0.2122   0.2122   0.0080   0.0000   0.0003   0.0527    0.249
   172   1.8074   0.2841   0.0000   0.1192   0.0032   0.0252   0.0436   0.2113   0.2113   0.0080   0.0000   0.0005   0.0523    0.248
   173   1.8083   0.2580   0.0000   0.1154   0.0029   0.0238   0.0555   0.2066   0.2066   0.0078   0.0000   0.0010   0.0506    0.245
   174   1.8091   0.2336   0.0000   0.1119   0.0026   0.0221   0.0467   0.1975   0.1975   0.0076   0.0000   0.0018   0.0475    0.241
   175   1.8099   0.2113   0.0000   0.1088   0.0023   0.0199   0.0481   0.1833   0.1833   0.0073   0.0000   0.0031   0.0427    0.233
   176   1.8106   0.1919   0.0000   0.1060   0.0019   0.0173   0.0492   0.1630   0.1630   0.0067   0.0000   0.0046   0.0361    0.222
   177   1.8111   0.1758   0.0000   0.1037   0.0015   0.0141   0.0542   0.1362   0.1362   0.0059   0.0000   0.0059   0.0281    0.206
   178   1.8115   0.1633   0.0000   0.1019   0.0011   0.0105   0.0554   0.1030   0.1030   0.0048   0.0000   0.0064   0.0194    0.188
   179   1.8118   0.1548   0.0000   0.1007   0.0006   0.0065   0.0568   0.0643   0.0643   0.0033   0.0000   0.0052   0.0109    0.169
   180   1.8120   0.1505   0.0000   0.1001   0.0002   0.0022   0.0578   0.0219   0.0219   0.0013   0.0000   0.0021   0.0034    0.155

  Surface #10     fin_panel_0                             
     # Chordwise = 12   # Spanwise = 20     First strip =181
     Surface area Ssurf =    0.050000     Ave. chord Cave =    0.125000

 Forces referred to Sref, Cref, Bref about Xref, Yref, Zref
 Standard axis orientation,  X fwd, Z down         
     CLsurf  =   0.00000     Clsurf  =  -0.00001
     CYsurf  =   0.00032     Cmsurf  =   0.00000
     CDsurf  =  -0.00001     Cnsurf  =  -0.00008
     CDisurf =  -0.00001     CDvsurf =   0.00000

 Forces referred to Ssurf, Cave 
     CLsurf  =   0.00815     CDsurf  =  -0.00024

 Strip Forces referred to Strip Area, Chord
    j     Xle      Yle      Zle      Chord    Area     c_cl     ai     cl_norm    cl       cd       cdv    cm_c/4     cm_LE   C.P.x/c
   181   1.8000  -0.5000   0.3994   0.1499   0.0004  -0.0002  -0.0097  -0.0012  -0.0012   0.0000   0.0000   0.0008   0.0011    0.881
   182   1.8002  -0.5000   0.3945   0.1493   0.0011  -0.0005  -0.0094  -0.0035  -0.0035   0.0000   0.0000   0.0022   0.0030    0.878
   183   1.8005  -0.5000   0.3848   0.1481   0.0018  -0.0008  -0.0088  -0.0054  -0.0054   0.0000   0.0000   0.0034   0.0047    0.874
   184   1.8009  -0.5000   0.3705   0.1463   0.0024  -0.0010  -0.0081  -0.0069  -0.0068   0.0000   0.0000   0.0042   0.0059    0.868
   185   1.8014  -0.5000   0.3521   0.1440   0.0029  -0.0011  -0.0075  -0.0078  -0.0078   0.0000   0.0000   0.0048   0.0067    0.863
   186   1.8021  -0.5000   0.3299   0.1412   0.0034  -0.0012  -0.0070  -0.0084  -0.0083   0.0000   0.0000   0.0051   0.0071    0.860
   187   1.8029  -0.5000   0.3045   0.1381   0.0037  -0.0012  -0.0067  -0.0086  -0.0085   0.0000   0.0000   0.0052   0.0073    0.866
   188   1.8037  -0.5000   0.2765   0.1346   0.0039  -0.0011  -0.0066  -0.0083  -0.0083   0.0000   0.0000   0.0053   0.0073    0.888
   189   1.8046  -0.5000   0.2467   0.1308   0.0040  -0.0010  -0.0066  -0.0077  -0.0076   0.0000   0.0000   0.0052   0.0071    0.940
   190   1.8055  -0.5000   0.2157   0.1270   0.0040  -0.0008  -0.0068  -0.0063  -0.0063   0.0000   0.0000   0.0051   0.0067    1.065
   191   1.8065  -0.5000   0.1843   0.1230   0.0038  -0.0005  -0.0071  -0.0041  -0.0041   0.0000   0.0000   0.0049   0.0059    1.455
   192   1.8074  -0.5000   0.1533   0.1192   0.0036  -0.0001  -0.0076  -0.0005  -0.0005   0.0000   0.0000   0.0045   0.0047  999.000
   193   1.8083  -0.5000   0.1235   0.1154   0.0033   0.0006  -0.0083   0.0052   0.0051  -0.0000   0.0000   0.0040   0.0027   -0.524
   194   1.8091  -0.5000   0.0955   0.1119   0.0030   0.0016  -0.0089   0.0140   0.0139  -0.0001   0.0000   0.0031  -0.0003    0.027
   195   1.8099  -0.5000   0.0701   0.1088   0.0026   0.0030  -0.0086   0.0275   0.0273  -0.0002   0.0000   0.0019  -0.0049    0.181
   196   1.8106  -0.5000   0.0479   0.1060   0.0022   0.0050  -0.0053   0.0474   0.0470  -0.0004   0.0000   0.0004  -0.0112    0.241
   197   1.8111  -0.5000   0.0295   0.1037   0.0017   0.0077   0.0060   0.0746   0.0740  -0.0009   0.0000  -0.0007  -0.0191    0.260
   198   1.8115  -0.5000   0.0152   0.1019   0.0012   0.0108   0.0326   0.1065   0.1057  -0.0019   0.0000  -0.0008  -0.0270    0.258
   199   1.8118  -0.5000   0.0055   0.1007   0.0007   0.0136   0.0888   0.1366   0.1356  -0.0037   0.0000   0.0004  -0.0332    0.247
   200   1.8120  -0.5000   0.0006   0.1001   0.0002   0.0156   0.3106   0.1574   0.1562  -0.0199   0.0000   0.0018  -0.0370    0.239
 ---------------------------------------------------------------
