 ---------------------------------------------------------------
 Surface and Strip Forces by surface

  Sref =  1.2850       Cref = 0.25900       Bref =  4.9540    
  Xref = 0.50000       Yref =  0.0000       Zref =  0.0000    

  Surface # 1     main_wing_panel_0                       
     # Chordwise = 12   # Spanwise = 20     First strip =  1
     Surface area Ssurf =    0.365400     Ave. chord Cave =    0.290000

 Forces referred to Sref, Cref, Bref about Xref, Yref, Zref
 Standard axis orientation,  X fwd, Z down         
     CLsurf  =   0.08781     Clsurf  =  -0.01107
     CYsurf  =  -0.00000     Cmsurf  =   0.01419
     CDsurf  =   0.00037     Cnsurf  =  -0.00017
     CDisurf =   0.00037     CDvsurf =   0.00000

 Forces referred to Ssurf, Cave 
     CLsurf  =   0.30881     CDsurf  =   0.00131

 Strip Forces referred to Strip Area, Chord
    j     Xle      Yle      Zle      Chord    Area     c_cl     ai     cl_norm    cl       cd       cdv    cm_c/4     cm_LE   C.P.x/c
     1   0.4000   0.0019   0.0000   0.2900   0.0022   0.0910   0.0010   0.3138   0.3138   0.0012   0.0000   0.0154  -0.0630    0.201
     2   0.4000   0.0174   0.0000   0.2900   0.0067   0.0910   0.0010   0.3138   0.3138   0.0012   0.0000   0.0154  -0.0630    0.201
     3   0.4000   0.0480   0.0000   0.2900   0.0110   0.0910   0.0003   0.3138   0.3138   0.0012   0.0000   0.0154  -0.0630    0.201
     4   0.4000   0.0928   0.0000   0.2900   0.0150   0.0910  -0.0026   0.3138   0.3138   0.0012   0.0000   0.0154  -0.0630    0.201
     5   0.4000   0.1509   0.0000   0.2900   0.0186   0.0909  -0.0569   0.3137   0.3137   0.0012   0.0000   0.0154  -0.0630    0.201
     6   0.4000   0.2208   0.0000   0.2900   0.0218   0.0909  -0.0304   0.3135   0.3135   0.0012   0.0000   0.0154  -0.0629    0.201
     7   0.4000   0.3008   0.0000   0.2900   0.0244   0.0908   0.0257   0.3131   0.3131   0.0012   0.0000   0.0154  -0.0629    0.201
     8   0.4000   0.3889   0.0000   0.2900   0.0265   0.0907   0.0173   0.3127   0.3127   0.0012   0.0000   0.0154  -0.0628    0.201
     9   0.4000   0.4829   0.0000   0.2900   0.0279   0.0905  -0.0572   0.3120   0.3120   0.0012   0.0000   0.0154  -0.0626    0.201
    10   0.4000   0.5806   0.0000   0.2900   0.0286   0.0902   0.0197   0.3111   0.3111   0.0012   0.0000   0.0153  -0.0624    0.201
    11   0.4000   0.6794   0.0000   0.2900   0.0286   0.0899   0.0114   0.3100   0.3100   0.0013   0.0000   0.0153  -0.0622    0.201
    12   0.4000   0.7771   0.0000   0.2900   0.0279   0.0895   0.0958   0.3087   0.3087   0.0013   0.0000   0.0153  -0.0619    0.201
    13   0.4000   0.8711   0.0000   0.2900   0.0265   0.0891  -0.0089   0.3071   0.3071   0.0014   0.0000   0.0152  -0.0615    0.200
    14   0.4000   0.9592   0.0000   0.2900   0.0244   0.0885   0.0048   0.3053   0.3053   0.0014   0.0000   0.0152  -0.0611    0.200
    15   0.4000   1.0392   0.0000   0.2900   0.0218   0.0880   0.0071   0.3034   0.3034   0.0015   0.0000   0.0151  -0.0607    0.200
    16   0.4000   1.1091   0.0000   0.2900   0.0186   0.0874   0.0082   0.3014   0.3014   0.0015   0.0000   0.0151  -0.0603    0.200
    17   0.4000   1.1672   0.0000   0.2900   0.0150   0.0868   0.0090   0.2995   0.2995   0.0015   0.0000   0.0150  -0.0599    0.200
    18   0.4000   1.2120   0.0000   0.2900   0.0110   0.0863   0.0095   0.2978   0.2978   0.0016   0.0000   0.0150  -0.0595    0.200
    19   0.4000   1.2426   0.0000   0.2900   0.0067   0.0860   0.0099   0.2965   0.2965   0.0016   0.0000   0.0149  -0.0592    0.200
    20   0.4000   1.2581   0.0000   0.2900   0.0022   0.0858   0.0101   0.2958   0.2958   0.0018   0.0000   0.0149  -0.0590    0.200

  Surface # 2     main_wing_panel_0 (YDUP)                
     # Chordwise = 12   # Spanwise = 20     First strip = 21
     Surface area Ssurf =    0.365400     Ave. chord Cave =    0.290000

 Forces referred to Sref, Cref, Bref about Xref, Yref, Zref
 Standard axis orientation,  X fwd, Z down         
     CLsurf  =   0.08781     Clsurf  =   0.01107
     CYsurf  =  -0.00000     Cmsurf  =   0.01419
     CDsurf  =   0.00037     Cnsurf  =   0.00017
     CDisurf =   0.00037     CDvsurf =   0.00000

 Forces referred to Ssurf, Cave 
     CLsurf  =   0.30882     CDsurf  =   0.00131

 Strip Forces referred to Strip Area, Chord
    j     Xle      Yle      Zle      Chord    Area     c_cl     ai     cl_norm    cl       cd       cdv    cm_c/4     cm_LE   C.P.x/c
    21   0.4000  -0.0019   0.0000   0.2900   0.0022   0.0910   0.0010   0.3138   0.3138   0.0012   0.0000   0.0154   0.0630    0.201
    22   0.4000  -0.0174   0.0000   0.2900   0.0067   0.0910   0.0010   0.3138   0.3138   0.0012   0.0000   0.0154   0.0630    0.201
    23   0.4000  -0.0480   0.0000   0.2900   0.0110   0.0910   0.0003   0.3138   0.3138   0.0012   0.0000   0.0154   0.0630    0.201
    24   0.4000  -0.0928   0.0000   0.2900   0.0150   0.0910  -0.0026   0.3138   0.3138   0.0012   0.0000   0.0154   0.0630    0.201
    25   0.4000  -0.1509   0.0000   0.2900   0.0186   0.0909  -0.0572   0.3137   0.3137   0.0012   0.0000   0.0154   0.0630    0.201
    26   0.4000  -0.2208   0.0000   0.2900   0.0218   0.0909  -0.0314   0.3135   0.3135   0.0012   0.0000   0.0154   0.0629    0.201
    27   0.4000  -0.3008   0.0000   0.2900   0.0244   0.0908   0.0266   0.3131   0.3131   0.0012   0.0000   0.0154   0.0629    0.201
    28   0.4000  -0.3889   0.0000   0.2900   0.0265   0.0907   0.0175   0.3127   0.3127   0.0012   0.0000   0.0154   0.0628    0.201
    29   0.4000  -0.4829   0.0000   0.2900   0.0279   0.0905  -0.0331   0.3120   0.3120   0.0012   0.0000   0.0154   0.0626    0.201
    30   0.4000  -0.5806   0.0000   0.2900   0.0286   0.0902   0.0213   0.3111   0.3111   0.0012   0.0000   0.0153   0.0624    0.201
    31   0.4000  -0.6794   0.0000   0.2900   0.0286   0.0899   0.0125   0.3100   0.3100   0.0013   0.0000   0.0153   0.0622    0.201
    32   0.4000  -0.7771   0.0000   0.2900   0.0279   0.0895   0.0946   0.3087   0.3087   0.0013   0.0000   0.0153   0.0619    0.201
    33   0.4000  -0.8711   0.0000   0.2900   0.0265   0.0891  -0.0089   0.3071   0.3071   0.0014   0.0000   0.0152   0.0615    0.200
    34   0.4000  -0.9592   0.0000   0.2900   0.0244   0.0885   0.0048   0.3053   0.3053   0.0014   0.0000   0.0152   0.0611    0.200
    35   0.4000  -1.0392   0.0000   0.2900   0.0218   0.0880   0.0071   0.3034   0.3034   0.0015   0.0000   0.0151   0.0607    0.200
    36   0.4000  -1.1091   0.0000   0.2900   0.0186   0.0874   0.0082   0.3014   0.3014   0.0015   0.0000   0.0151   0.0603    0.200
    37   0.4000  -1.1672   0.0000   0.2900   0.0150   0.0868   0.0090   0.2995   0.2995   0.0015   0.0000   0.0150   0.0599    0.200
    38   0.4000  -1.2120   0.0000   0.2900   0.0110   0.0863   0.0095   0.2978   0.2978   0.0016   0.0000   0.0150   0.0595    0.200
    39   0.4000  -1.2426   0.0000   0.2900   0.0067   0.0860   0.0099   0.2965   0.2965   0.0016   0.0000   0.0149   0.0592    0.200
    40   0.4000  -1.2581   0.0000   0.2900   0.0022   0.0858   0.0101   0.2958   0.2958   0.0018   0.0000   0.0149   0.0590    0.200

  Surface # 3     main_wing_panel_1                       
     # Chordwise = 12   # Spanwise = 20     First strip = 41
     Surface area Ssurf =    0.275268     Ave. chord Cave =    0.226186

 Forces referred to Sref, Cref, Bref about Xref, Yref, Zref
 Standard axis orientation,  X fwd, Z down         
     CLsurf  =   0.05960     Clsurf  =  -0.02118
     CYsurf  =  -0.00005     Cmsurf  =   0.00945
     CDsurf  =   0.00035     Cnsurf  =  -0.00030
     CDisurf =   0.00035     CDvsurf =   0.00000

 Forces referred to Ssurf, Cave 
     CLsurf  =   0.27821     CDsurf  =   0.00162

 Strip Forces referred to Strip Area, Chord
    j     Xle      Yle      Zle      Chord    Area     c_cl     ai     cl_norm    cl       cd       cdv    cm_c/4     cm_LE   C.P.x/c
    41   0.4000   1.2617   0.0000   0.2899   0.0020   0.0857   0.0101   0.2957   0.2957   0.0018   0.0000   0.0149  -0.0590    0.200
    42   0.4001   1.2754   0.0000   0.2895   0.0059   0.0855   0.0101   0.2955   0.2955   0.0017   0.0000   0.0149  -0.0590    0.200
    43   0.4003   1.3025   0.0000   0.2887   0.0097   0.0851   0.0102   0.2948   0.2948   0.0016   0.0000   0.0149  -0.0588    0.199
    44   0.4005   1.3423   0.0000   0.2876   0.0132   0.0845   0.0104   0.2938   0.2938   0.0016   0.0000   0.0149  -0.0585    0.199
    45   0.4009   1.3938   0.0000   0.2861   0.0163   0.0835   0.0106   0.2921   0.2921   0.0017   0.0000   0.0149  -0.0581    0.199
    46   0.4013   1.4558   0.0000   0.2842   0.0189   0.0823   0.0110   0.2895   0.2895   0.0017   0.0000   0.0148  -0.0575    0.199
    47   0.4017   1.5267   0.0000   0.2821   0.0211   0.0806   0.0114   0.2858   0.2858   0.0017   0.0000   0.0148  -0.0567    0.198
    48   0.4034   1.6218   0.0000   0.2760   0.0319   0.0782   0.0117   0.2833   0.2833   0.0017   0.0000   0.0149  -0.0559    0.197
    49   0.4064   1.7407   0.0000   0.2654   0.0323   0.0745   0.0120   0.2807   0.2807   0.0017   0.0000   0.0152  -0.0550    0.196
    50   0.4095   1.8476   0.0000   0.2533   0.0232   0.0702   0.0122   0.2774   0.2774   0.0017   0.0000   0.0154  -0.0539    0.194
    51   0.4125   1.9394   0.0000   0.2397   0.0219   0.0657   0.0121   0.2741   0.2741   0.0017   0.0000   0.0156  -0.0529    0.193
    52   0.4161   2.0215   0.0000   0.2255   0.0163   0.0609   0.0121   0.2702   0.2702   0.0017   0.0000   0.0159  -0.0515    0.191
    53   0.4201   2.0922   0.0000   0.2109   0.0145   0.0560   0.0121   0.2653   0.2653   0.0016   0.0000   0.0163  -0.0500    0.189
    54   0.4256   2.1823   0.0000   0.1881   0.0207   0.0495   0.0116   0.2634   0.2634   0.0015   0.0000   0.0169  -0.0489    0.186
    55   0.4331   2.2799   0.0000   0.1570   0.0133   0.0411   0.0110   0.2616   0.2616   0.0014   0.0000   0.0174  -0.0478    0.183
    56   0.4393   2.3401   0.0000   0.1327   0.0049   0.0340   0.0107   0.2563   0.2563   0.0012   0.0000   0.0177  -0.0461    0.181
    57   0.4433   2.3732   0.0000   0.1167   0.0034   0.0283   0.0108   0.2425   0.2425   0.0011   0.0000   0.0173  -0.0430    0.179
    58   0.4499   2.4149   0.0000   0.0897   0.0046   0.0215   0.0095   0.2397   0.2397   0.0009   0.0000   0.0180  -0.0413    0.175
    59   0.4623   2.4550   0.0000   0.0412   0.0012   0.0115  -0.0032   0.2796   0.2795  -0.0016   0.0000   0.0231  -0.0420    0.167
    60   0.4718   2.4745   0.0000   0.0046   0.0000   0.0025  -0.0598   0.5407   0.5405  -0.0221   0.0000   0.0425  -0.0832    0.171

  Surface # 4     main_wing_panel_1 (YDUP)                
     # Chordwise = 12   # Spanwise = 20     First strip = 61
     Surface area Ssurf =    0.275268     Ave. chord Cave =    0.226186

 Forces referred to Sref, Cref, Bref about Xref, Yref, Zref
 Standard axis orientation,  X fwd, Z down         
     CLsurf  =   0.05960     Clsurf  =   0.02118
     CYsurf  =   0.00005     Cmsurf  =   0.00945
     CDsurf  =   0.00035     Cnsurf  =   0.00030
     CDisurf =   0.00035     CDvsurf =   0.00000

 Forces referred to Ssurf, Cave 
     CLsurf  =   0.27821     CDsurf  =   0.00162

 Strip Forces referred to Strip Area, Chord
    j     Xle      Yle      Zle      Chord    Area     c_cl     ai     cl_norm    cl       cd       cdv    cm_c/4     cm_LE   C.P.x/c
    61   0.4000  -1.2617   0.0000   0.2899   0.0020   0.0857   0.0101   0.2957   0.2957   0.0018   0.0000   0.0149   0.0590    0.200
    62   0.4001  -1.2754   0.0000   0.2895   0.0059   0.0855   0.0101   0.2955   0.2955   0.0017   0.0000   0.0149   0.0590    0.200
    63   0.4003  -1.3025   0.0000   0.2887   0.0097   0.0851   0.0102   0.2949   0.2948   0.0016   0.0000   0.0149   0.0588    0.199
    64   0.4005  -1.3423   0.0000   0.2876   0.0132   0.0845   0.0104   0.2938   0.2938   0.0016   0.0000   0.0149   0.0585    0.199
    65   0.4009  -1.3938   0.0000   0.2861   0.0163   0.0835   0.0106   0.2921   0.2921   0.0017   0.0000   0.0149   0.0581    0.199
    66   0.4013  -1.4558   0.0000   0.2842   0.0189   0.0823   0.0110   0.2895   0.2895   0.0017   0.0000   0.0148   0.0575    0.199
    67   0.4017  -1.5267   0.0000   0.2821   0.0211   0.0806   0.0114   0.2858   0.2858   0.0017   0.0000   0.0148   0.0567    0.198
    68   0.4034  -1.6218   0.0000   0.2760   0.0319   0.0782   0.0117   0.2833   0.2833   0.0017   0.0000   0.0149   0.0559    0.197
    69   0.4064  -1.7407   0.0000   0.2654   0.0323   0.0745   0.0120   0.2807   0.2807   0.0017   0.0000   0.0152   0.0550    0.196
    70   0.4095  -1.8476   0.0000   0.2533   0.0232   0.0702   0.0122   0.2774   0.2774   0.0017   0.0000   0.0154   0.0539    0.194
    71   0.4125  -1.9394   0.0000   0.2397   0.0219   0.0657   0.0121   0.2741   0.2741   0.0017   0.0000   0.0156   0.0529    0.193
    72   0.4161  -2.0215   0.0000   0.2255   0.0163   0.0609   0.0121   0.2702   0.2702   0.0017   0.0000   0.0159   0.0515    0.191
    73   0.4201  -2.0922   0.0000   0.2109   0.0145   0.0560   0.0121   0.2653   0.2653   0.0016   0.0000   0.0163   0.0500    0.189
    74   0.4256  -2.1823   0.0000   0.1881   0.0207   0.0495   0.0116   0.2634   0.2634   0.0015   0.0000   0.0169   0.0489    0.186
    75   0.4331  -2.2799   0.0000   0.1570   0.0133   0.0411   0.0110   0.2616   0.2616   0.0014   0.0000   0.0174   0.0478    0.183
    76   0.4393  -2.3401   0.0000   0.1327   0.0049   0.0340   0.0107   0.2563   0.2563   0.0012   0.0000   0.0177   0.0461    0.181
    77   0.4433  -2.3732   0.0000   0.1167   0.0034   0.0283   0.0108   0.2425   0.2425   0.0011   0.0000   0.0173   0.0430    0.179
    78   0.4499  -2.4149   0.0000   0.0897   0.0046   0.0215   0.0095   0.2397   0.2397   0.0009   0.0000   0.0180   0.0413    0.175
    79   0.4623  -2.4550   0.0000   0.0412   0.0012   0.0115  -0.0032   0.2796   0.2795  -0.0016   0.0000   0.0231   0.0420    0.167
    80   0.4718  -2.4745   0.0000   0.0046   0.0000   0.0025  -0.0598   0.5407   0.5405  -0.0221   0.0000   0.0425   0.0832    0.171

  Surface # 5     hstab_panel_0                           
     # Chordwise = 12   # Spanwise = 20     First strip = 81
     Surface area Ssurf =    0.043750     Ave. chord Cave =    0.125000

 Forces referred to Sref, Cref, Bref about Xref, Yref, Zref
 Standard axis orientation,  X fwd, Z down         
     CLsurf  =   0.00227     Clsurf  =  -0.00030
     CYsurf  =  -0.00000     Cmsurf  =  -0.01192
     CDsurf  =   0.00004     Cnsurf  =  -0.00000
     CDisurf =   0.00004     CDvsurf =   0.00000

 Forces referred to Ssurf, Cave 
     CLsurf  =   0.06678     CDsurf  =   0.00109

 Strip Forces referred to Strip Area, Chord
    j     Xle      Yle      Zle      Chord    Area     c_cl     ai     cl_norm    cl       cd       cdv    cm_c/4     cm_LE   C.P.x/c
    81   1.8000   0.5005   0.0000   0.1499   0.0003   0.0049  -0.2058   0.0324   0.0324   0.0010   0.0000  -0.0027  -0.0108    0.333
    82   1.8002   0.5048   0.0000   0.1493   0.0010   0.0060  -0.0263   0.0405   0.0405   0.0008   0.0000  -0.0048  -0.0149    0.369
    83   1.8005   0.5133   0.0000   0.1481   0.0016   0.0073   0.0043   0.0490   0.0490   0.0009   0.0000  -0.0068  -0.0191    0.389
    84   1.8009   0.5258   0.0000   0.1463   0.0021   0.0084   0.0178   0.0571   0.0571   0.0010   0.0000  -0.0085  -0.0228    0.400
    85   1.8014   0.5419   0.0000   0.1440   0.0026   0.0092   0.0161   0.0638   0.0638   0.0011   0.0000  -0.0098  -0.0258    0.404
    86   1.8021   0.5613   0.0000   0.1412   0.0029   0.0097   0.0184   0.0689   0.0689   0.0011   0.0000  -0.0107  -0.0279    0.405
    87   1.8029   0.5836   0.0000   0.1381   0.0032   0.0100   0.0187   0.0726   0.0726   0.0012   0.0000  -0.0113  -0.0294    0.406
    88   1.8037   0.6080   0.0000   0.1346   0.0034   0.0101   0.0191   0.0752   0.0752   0.0012   0.0000  -0.0117  -0.0305    0.406
    89   1.8046   0.6341   0.0000   0.1308   0.0035   0.0100   0.0116   0.0767   0.0767   0.0012   0.0000  -0.0119  -0.0311    0.406
    90   1.8055   0.6613   0.0000   0.1270   0.0035   0.0098   0.0169   0.0773   0.0773   0.0012   0.0000  -0.0121  -0.0314    0.406
    91   1.8065   0.6887   0.0000   0.1230   0.0034   0.0095   0.0176   0.0769   0.0769   0.0012   0.0000  -0.0121  -0.0313    0.407
    92   1.8074   0.7159   0.0000   0.1192   0.0032   0.0090   0.0197   0.0756   0.0756   0.0012   0.0000  -0.0120  -0.0309    0.409
    93   1.8083   0.7420   0.0000   0.1154   0.0029   0.0085   0.0155   0.0732   0.0732   0.0012   0.0000  -0.0118  -0.0301    0.411
    94   1.8091   0.7664   0.0000   0.1119   0.0026   0.0078   0.0180   0.0696   0.0696   0.0011   0.0000  -0.0114  -0.0288    0.415
    95   1.8099   0.7887   0.0000   0.1088   0.0023   0.0070   0.0197   0.0645   0.0645   0.0011   0.0000  -0.0109  -0.0270    0.418
    96   1.8106   0.8081   0.0000   0.1060   0.0019   0.0061   0.0225   0.0576   0.0576   0.0010   0.0000  -0.0100  -0.0244    0.423
    97   1.8111   0.8242   0.0000   0.1037   0.0015   0.0050   0.1000   0.0487   0.0487   0.0009   0.0000  -0.0086  -0.0208    0.428
    98   1.8115   0.8367   0.0000   0.1019   0.0011   0.0038   0.0213   0.0374   0.0374   0.0007   0.0000  -0.0068  -0.0161    0.431
    99   1.8118   0.8452   0.0000   0.1007   0.0006   0.0024   0.0246   0.0237   0.0237   0.0005   0.0000  -0.0043  -0.0103    0.433
   100   1.8120   0.8495   0.0000   0.1001   0.0002   0.0008   0.0263   0.0082   0.0082   0.0002   0.0000  -0.0015  -0.0035    0.433

  Surface # 6     hstab_panel_0 (YDUP)                    
     # Chordwise = 12   # Spanwise = 20     First strip =101
     Surface area Ssurf =    0.043750     Ave. chord Cave =    0.125000

 Forces referred to Sref, Cref, Bref about Xref, Yref, Zref
 Standard axis orientation,  X fwd, Z down         
     CLsurf  =   0.00214     Clsurf  =   0.00029
     CYsurf  =   0.00000     Cmsurf  =  -0.01122
     CDsurf  =   0.00004     Cnsurf  =   0.00000
     CDisurf =   0.00004     CDvsurf =   0.00000

 Forces referred to Ssurf, Cave 
     CLsurf  =   0.06285     CDsurf  =   0.00104

 Strip Forces referred to Strip Area, Chord
    j     Xle      Yle      Zle      Chord    Area     c_cl     ai     cl_norm    cl       cd       cdv    cm_c/4     cm_LE   C.P.x/c
   101   1.8000  -0.5005   0.0000   0.1499   0.0003   0.0010  -0.1213   0.0067   0.0067   0.0001   0.0000  -0.0011   0.0028    0.412
   102   1.8002  -0.5048   0.0000   0.1493   0.0010   0.0030  -0.0164   0.0200   0.0200   0.0004   0.0000  -0.0033   0.0083    0.414
   103   1.8005  -0.5133   0.0000   0.1481   0.0016   0.0048   0.0051   0.0327   0.0327   0.0006   0.0000  -0.0054   0.0136    0.415
   104   1.8009  -0.5258   0.0000   0.1463   0.0021   0.0065   0.0171   0.0444   0.0444   0.0008   0.0000  -0.0073   0.0184    0.415
   105   1.8014  -0.5419   0.0000   0.1440   0.0026   0.0078   0.0160   0.0545   0.0545   0.0010   0.0000  -0.0089   0.0225    0.413
   106   1.8021  -0.5613   0.0000   0.1412   0.0029   0.0088   0.0186   0.0623   0.0623   0.0011   0.0000  -0.0100   0.0255    0.410
   107   1.8029  -0.5836   0.0000   0.1381   0.0032   0.0094   0.0191   0.0680   0.0680   0.0011   0.0000  -0.0108   0.0278    0.409
   108   1.8037  -0.6080   0.0000   0.1346   0.0034   0.0097   0.0195   0.0720   0.0720   0.0012   0.0000  -0.0114   0.0293    0.408
   109   1.8046  -0.6341   0.0000   0.1308   0.0035   0.0097   0.0119   0.0745   0.0745   0.0012   0.0000  -0.0117   0.0303    0.407
   110   1.8055  -0.6613   0.0000   0.1270   0.0035   0.0096   0.0172   0.0757   0.0757   0.0012   0.0000  -0.0119   0.0308    0.407
   111   1.8065  -0.6887   0.0000   0.1230   0.0034   0.0093   0.0178   0.0758   0.0758   0.0012   0.0000  -0.0120   0.0309    0.408
   112   1.8074  -0.7159   0.0000   0.1192   0.0032   0.0089   0.0198   0.0748   0.0748   0.0012   0.0000  -0.0120   0.0306    0.410
   113   1.8083  -0.7420   0.0000   0.1154   0.0029   0.0084   0.0156   0.0727   0.0727   0.0011   0.0000  -0.0118   0.0299    0.412
   114   1.8091  -0.7664   0.0000   0.1119   0.0026   0.0077   0.0180   0.0692   0.0692   0.0011   0.0000  -0.0114   0.0287    0.415
   115   1.8099  -0.7887   0.0000   0.1088   0.0023   0.0070   0.0197   0.0642   0.0642   0.0011   0.0000  -0.0108   0.0269    0.419
   116   1.8106  -0.8081   0.0000   0.1060   0.0019   0.0061   0.0225   0.0574   0.0574   0.0010   0.0000  -0.0099   0.0243    0.423
   117   1.8111  -0.8242   0.0000   0.1037   0.0015   0.0050   0.1000   0.0485   0.0485   0.0009   0.0000  -0.0086   0.0208    0.428
   118   1.8115  -0.8367   0.0000   0.1019   0.0011   0.0038   0.0213   0.0373   0.0373   0.0007   0.0000  -0.0068   0.0161    0.432
   119   1.8118  -0.8452   0.0000   0.1007   0.0006   0.0024   0.0246   0.0237   0.0237   0.0005   0.0000  -0.0043   0.0102    0.433
   120   1.8120  -0.8495   0.0000   0.1001   0.0002   0.0008   0.0263   0.0081   0.0081   0.0002   0.0000  -0.0015   0.0035    0.433

  Surface # 7     fin_panel_0                             
     # Chordwise = 12   # Spanwise = 20     First strip =121
     Surface area Ssurf =    0.050000     Ave. chord Cave =    0.125000

 Forces referred to Sref, Cref, Bref about Xref, Yref, Zref
 Standard axis orientation,  X fwd, Z down         
     CLsurf  =  -0.00000     Clsurf  =  -0.00001
     CYsurf  =  -0.00012     Cmsurf  =   0.00000
     CDsurf  =  -0.00000     Cnsurf  =   0.00003
     CDisurf =  -0.00000     CDvsurf =   0.00000

 Forces referred to Ssurf, Cave 
     CLsurf  =  -0.00297     CDsurf  =  -0.00001

 Strip Forces referred to Strip Area, Chord
    j     Xle      Yle      Zle      Chord    Area     c_cl     ai     cl_norm    cl       cd       cdv    cm_c/4     cm_LE   C.P.x/c
   121   1.8000   0.5000   0.3994   0.1499   0.0004  -0.0001  -0.0016  -0.0008  -0.0008   0.0000   0.0000   0.0002   0.0004    0.542
   122   1.8002   0.5000   0.3945   0.1493   0.0011  -0.0004  -0.0015  -0.0024  -0.0024   0.0000   0.0000   0.0007   0.0013    0.540
   123   1.8005   0.5000   0.3848   0.1481   0.0018  -0.0006  -0.0013  -0.0038  -0.0038   0.0000   0.0000   0.0011   0.0020    0.535
   124   1.8009   0.5000   0.3705   0.1463   0.0024  -0.0007  -0.0010  -0.0050  -0.0050  -0.0000   0.0000   0.0014   0.0026    0.526
   125   1.8014   0.5000   0.3521   0.1440   0.0029  -0.0009  -0.0008  -0.0060  -0.0060  -0.0000   0.0000   0.0016   0.0031    0.516
   126   1.8021   0.5000   0.3299   0.1412   0.0034  -0.0010  -0.0007  -0.0068  -0.0068  -0.0000   0.0000   0.0017   0.0034    0.505
   127   1.8029   0.5000   0.3045   0.1381   0.0037  -0.0010  -0.0006  -0.0074  -0.0074  -0.0000   0.0000   0.0018   0.0037    0.496
   128   1.8037   0.5000   0.2765   0.1346   0.0039  -0.0011  -0.0006  -0.0079  -0.0079  -0.0000   0.0000   0.0019   0.0038    0.489
   129   1.8046   0.5000   0.2467   0.1308   0.0040  -0.0011  -0.0006  -0.0081  -0.0081  -0.0000   0.0000   0.0019   0.0039    0.485
   130   1.8055   0.5000   0.2157   0.1270   0.0040  -0.0010  -0.0007  -0.0080  -0.0080   0.0000   0.0000   0.0019   0.0039    0.484
   131   1.8065   0.5000   0.1843   0.1230   0.0038  -0.0009  -0.0009  -0.0076  -0.0076   0.0000   0.0000   0.0018   0.0037    0.489
   132   1.8074   0.5000   0.1533   0.1192   0.0036  -0.0008  -0.0011  -0.0068  -0.0068   0.0000   0.0000   0.0017   0.0034    0.503
   133   1.8083   0.5000   0.1235   0.1154   0.0033  -0.0006  -0.0014  -0.0052  -0.0052   0.0000   0.0000   0.0015   0.0028    0.543
   134   1.8091   0.5000   0.0955   0.1119   0.0030  -0.0003  -0.0017  -0.0026  -0.0026   0.0000   0.0000   0.0012   0.0019    0.713
   135   1.8099   0.5000   0.0701   0.1088   0.0026   0.0002  -0.0017   0.0014   0.0014   0.0000   0.0000   0.0007   0.0004   -0.257
   136   1.8106   0.5000   0.0479   0.1060   0.0022   0.0008  -0.0007   0.0076   0.0076  -0.0000   0.0000  -0.0000  -0.0019    0.253
   137   1.8111   0.5000   0.0295   0.1037   0.0017   0.0017   0.0027   0.0160   0.0160  -0.0000   0.0000  -0.0011  -0.0050    0.316
   138   1.8115   0.5000   0.0152   0.1019   0.0012   0.0026   0.0111   0.0260   0.0260  -0.0001   0.0000  -0.0023  -0.0087    0.337
   139   1.8118   0.5000   0.0055   0.1007   0.0007   0.0036   0.0293   0.0354   0.0354  -0.0002   0.0000  -0.0033  -0.0121    0.343
   140   1.8120   0.5000   0.0006   0.1001   0.0002   0.0042   0.0990   0.0420   0.0419  -0.0011   0.0000  -0.0039  -0.0143    0.342

  Surface # 8     hstab_panel_0                           
     # Chordwise = 12   # Spanwise = 20     First strip =141
     Surface area Ssurf =    0.043750     Ave. chord Cave =    0.125000

 Forces referred to Sref, Cref, Bref about Xref, Yref, Zref
 Standard axis orientation,  X fwd, Z down         
     CLsurf  =   0.00238     Clsurf  =   0.00016
     CYsurf  =  -0.00000     Cmsurf  =  -0.01246
     CDsurf  =   0.00004     Cnsurf  =   0.00000
     CDisurf =   0.00004     CDvsurf =   0.00000

 Forces referred to Ssurf, Cave 
     CLsurf  =   0.06987     CDsurf  =   0.00110

 Strip Forces referred to Strip Area, Chord
    j     Xle      Yle      Zle      Chord    Area     c_cl     ai     cl_norm    cl       cd       cdv    cm_c/4     cm_LE   C.P.x/c
   141   1.8000  -0.4995   0.0000   0.1499   0.0003   0.0052  -0.2003   0.0349   0.0349   0.0011   0.0000  -0.0029  -0.0116    0.332
   142   1.8002  -0.4952   0.0000   0.1493   0.0010   0.0064  -0.0253   0.0430   0.0430   0.0008   0.0000  -0.0050  -0.0157    0.366
   143   1.8005  -0.4867   0.0000   0.1481   0.0016   0.0076   0.0039   0.0516   0.0516   0.0009   0.0000  -0.0070  -0.0199    0.386
   144   1.8009  -0.4742   0.0000   0.1463   0.0021   0.0087   0.0141   0.0596   0.0596   0.0010   0.0000  -0.0087  -0.0236    0.397
   145   1.8014  -0.4581   0.0000   0.1440   0.0026   0.0096   0.0172   0.0663   0.0663   0.0011   0.0000  -0.0100  -0.0266    0.401
   146   1.8021  -0.4387   0.0000   0.1412   0.0029   0.0101   0.0138   0.0715   0.0715   0.0012   0.0000  -0.0109  -0.0288    0.402
   147   1.8029  -0.4164   0.0000   0.1381   0.0032   0.0104   0.0187   0.0753   0.0753   0.0012   0.0000  -0.0115  -0.0303    0.402
   148   1.8037  -0.3920   0.0000   0.1346   0.0034   0.0105   0.0176   0.0780   0.0780   0.0012   0.0000  -0.0119  -0.0313    0.402
   149   1.8046  -0.3659   0.0000   0.1308   0.0035   0.0104   0.0166   0.0797   0.0797   0.0012   0.0000  -0.0121  -0.0320    0.402
   150   1.8055  -0.3387   0.0000   0.1270   0.0035   0.0102   0.0187   0.0805   0.0805   0.0012   0.0000  -0.0122  -0.0323    0.402
   151   1.8065  -0.3113   0.0000   0.1230   0.0034   0.0099   0.0166   0.0804   0.0804   0.0012   0.0000  -0.0122  -0.0323    0.402
   152   1.8074  -0.2841   0.0000   0.1192   0.0032   0.0094   0.0163   0.0792   0.0792   0.0012   0.0000  -0.0121  -0.0319    0.403
   153   1.8083  -0.2580   0.0000   0.1154   0.0029   0.0089   0.0211   0.0770   0.0770   0.0012   0.0000  -0.0119  -0.0312    0.405
   154   1.8091  -0.2336   0.0000   0.1119   0.0026   0.0082   0.0174   0.0735   0.0735   0.0011   0.0000  -0.0115  -0.0299    0.407
   155   1.8099  -0.2113   0.0000   0.1088   0.0023   0.0074   0.0181   0.0683   0.0683   0.0011   0.0000  -0.0109  -0.0280    0.410
   156   1.8106  -0.1919   0.0000   0.1060   0.0019   0.0065   0.0189   0.0612   0.0612   0.0010   0.0000  -0.0100  -0.0253    0.413
   157   1.8111  -0.1758   0.0000   0.1037   0.0015   0.0054   0.0216   0.0518   0.0518   0.0009   0.0000  -0.0086  -0.0216    0.416
   158   1.8115  -0.1633   0.0000   0.1019   0.0011   0.0041   0.0233   0.0398   0.0398   0.0007   0.0000  -0.0067  -0.0167    0.419
   159   1.8118  -0.1548   0.0000   0.1007   0.0006   0.0025   0.0251   0.0253   0.0253   0.0005   0.0000  -0.0043  -0.0106    0.419
   160   1.8120  -0.1505   0.0000   0.1001   0.0002   0.0009   0.0264   0.0087   0.0087   0.0002   0.0000  -0.0015  -0.0036    0.418

  Surface # 9     hstab_panel_0 (YDUP)                    
     # Chordwise = 12   # Spanwise = 20     First strip =161
     Surface area Ssurf =    0.043750     Ave. chord Cave =    0.125000

 Forces referred to Sref, Cref, Bref about Xref, Yref, Zref
 Standard axis orientation,  X fwd, Z down         
     CLsurf  =   0.00223     Clsurf  =  -0.00015
     CYsurf  =   0.00000     Cmsurf  =  -0.01167
     CDsurf  =   0.00004     Cnsurf  =  -0.00000
     CDisurf =   0.00004     CDvsurf =   0.00000

 Forces referred to Ssurf, Cave 
     CLsurf  =   0.06544     CDsurf  =   0.00105

 Strip Forces referred to Strip Area, Chord
    j     Xle      Yle      Zle      Chord    Area     c_cl     ai     cl_norm    cl       cd       cdv    cm_c/4     cm_LE   C.P.x/c
   161   1.8000   0.4995   0.0000   0.1499   0.0003   0.0010  -0.1218   0.0069   0.0069   0.0001   0.0000  -0.0011   0.0028    0.410
   162   1.8002   0.4952   0.0000   0.1493   0.0010   0.0031  -0.0171   0.0205   0.0205   0.0004   0.0000  -0.0033   0.0084    0.412
   163   1.8005   0.4867   0.0000   0.1481   0.0016   0.0050   0.0041   0.0336   0.0336   0.0007   0.0000  -0.0055   0.0139    0.413
   164   1.8009   0.4742   0.0000   0.1463   0.0021   0.0067   0.0133   0.0457   0.0457   0.0009   0.0000  -0.0074   0.0188    0.412
   165   1.8014   0.4581   0.0000   0.1440   0.0026   0.0081   0.0171   0.0560   0.0560   0.0010   0.0000  -0.0090   0.0230    0.410
   166   1.8021   0.4387   0.0000   0.1412   0.0029   0.0091   0.0142   0.0641   0.0641   0.0011   0.0000  -0.0101   0.0261    0.408
   167   1.8029   0.4164   0.0000   0.1381   0.0032   0.0097   0.0192   0.0701   0.0701   0.0011   0.0000  -0.0109   0.0284    0.406
   168   1.8037   0.3920   0.0000   0.1346   0.0034   0.0100   0.0181   0.0743   0.0743   0.0012   0.0000  -0.0115   0.0300    0.404
   169   1.8046   0.3659   0.0000   0.1308   0.0035   0.0101   0.0170   0.0771   0.0771   0.0012   0.0000  -0.0118   0.0311    0.403
   170   1.8055   0.3387   0.0000   0.1270   0.0035   0.0100   0.0190   0.0787   0.0787   0.0012   0.0000  -0.0120   0.0317    0.403
   171   1.8065   0.3113   0.0000   0.1230   0.0034   0.0097   0.0168   0.0791   0.0791   0.0012   0.0000  -0.0121   0.0319    0.403
   172   1.8074   0.2841   0.0000   0.1192   0.0032   0.0093   0.0164   0.0783   0.0783   0.0012   0.0000  -0.0121   0.0316    0.404
   173   1.8083   0.2580   0.0000   0.1154   0.0029   0.0088   0.0212   0.0763   0.0763   0.0012   0.0000  -0.0119   0.0309    0.405
   174   1.8091   0.2336   0.0000   0.1119   0.0026   0.0082   0.0175   0.0729   0.0729   0.0011   0.0000  -0.0115   0.0297    0.407
   175   1.8099   0.2113   0.0000   0.1088   0.0023   0.0074   0.0182   0.0679   0.0679   0.0011   0.0000  -0.0109   0.0278    0.410
   176   1.8106   0.1919   0.0000   0.1060   0.0019   0.0065   0.0189   0.0609   0.0609   0.0010   0.0000  -0.0100   0.0252    0.413
   177   1.8111   0.1758   0.0000   0.1037   0.0015   0.0053   0.0216   0.0516   0.0516   0.0009   0.0000  -0.0086   0.0215    0.417
   178   1.8115   0.1633   0.0000   0.1019   0.0011   0.0040   0.0233   0.0397   0.0397   0.0007   0.0000  -0.0067   0.0166    0.419
   179   1.8118   0.1548   0.0000   0.1007   0.0006   0.0025   0.0251   0.0252   0.0252   0.0005   0.0000  -0.0043   0.0106    0.420
   180   1.8120   0.1505   0.0000   0.1001   0.0002   0.0009   0.0264   0.0087   0.0087   0.0002   0.0000  -0.0015   0.0036    0.419

  Surface #10     fin_panel_0                             
     # Chordwise = 12   # Spanwise = 20     First strip =181
     Surface area Ssurf =    0.050000     Ave. chord Cave =    0.125000

 Forces referred to Sref, Cref, Bref about Xref, Yref, Zref
 Standard axis orientation,  X fwd, Z down         
     CLsurf  =   0.00000     Clsurf  =   0.00000
     CYsurf  =   0.00013     Cmsurf  =   0.00000
     CDsurf  =  -0.00000     Cnsurf  =  -0.00003
     CDisurf =  -0.00000     CDvsurf =   0.00000

 Forces referred to Ssurf, Cave 
     CLsurf  =   0.00324     CDsurf  =  -0.00002

 Strip Forces referred to Strip Area, Chord
    j     Xle      Yle      Zle      Chord    Area     c_cl     ai     cl_norm    cl       cd       cdv    cm_c/4     cm_LE   C.P.x/c
   181   1.8000  -0.5000   0.3994   0.1499   0.0004  -0.0000  -0.0024  -0.0001  -0.0001   0.0000   0.0000   0.0003   0.0003  999.000
   182   1.8002  -0.5000   0.3945   0.1493   0.0011  -0.0001  -0.0023  -0.0003  -0.0003   0.0000   0.0000   0.0008   0.0009  999.000
   183   1.8005  -0.5000   0.3848   0.1481   0.0018  -0.0001  -0.0021  -0.0005  -0.0005   0.0000   0.0000   0.0012   0.0013  999.000
   184   1.8009  -0.5000   0.3705   0.1463   0.0024  -0.0001  -0.0020  -0.0006  -0.0006   0.0000   0.0000   0.0015   0.0016  999.000
   185   1.8014  -0.5000   0.3521   0.1440   0.0029  -0.0001  -0.0018  -0.0006  -0.0006   0.0000   0.0000   0.0017   0.0018  999.000
   186   1.8021  -0.5000   0.3299   0.1412   0.0034  -0.0001  -0.0018  -0.0006  -0.0006   0.0000   0.0000   0.0017   0.0019  999.000
   187   1.8029  -0.5000   0.3045   0.1381   0.0037  -0.0001  -0.0018  -0.0006  -0.0006   0.0000   0.0000   0.0018   0.0019  999.000
   188   1.8037  -0.5000   0.2765   0.1346   0.0039  -0.0001  -0.0018  -0.0006  -0.0006   0.0000   0.0000   0.0018   0.0019  999.000
   189   1.8046  -0.5000   0.2467   0.1308   0.0040  -0.0001  -0.0019  -0.0006  -0.0006   0.0000   0.0000   0.0017   0.0019  999.000
   190   1.8055  -0.5000   0.2157   0.1270   0.0040  -0.0001  -0.0021  -0.0005  -0.0005   0.0000   0.0000   0.0017   0.0018  999.000
   191   1.8065  -0.5000   0.1843   0.1230   0.0038  -0.0000  -0.0023  -0.0002  -0.0002   0.0000   0.0000   0.0016   0.0017  999.000
   192   1.8074  -0.5000   0.1533   0.1192   0.0036   0.0001  -0.0025   0.0004   0.0004   0.0000   0.0000   0.0015   0.0014  999.000
   193   1.8083  -0.5000   0.1235   0.1154   0.0033   0.0002  -0.0028   0.0017   0.0017  -0.0000   0.0000   0.0013   0.0009   -0.535
   194   1.8091  -0.5000   0.0955   0.1119   0.0030   0.0004  -0.0031   0.0038   0.0038  -0.0000   0.0000   0.0010   0.0000   -0.010
   195   1.8099  -0.5000   0.0701   0.1088   0.0026   0.0008  -0.0032   0.0074   0.0074  -0.0000   0.0000   0.0005  -0.0014    0.184
   196   1.8106  -0.5000   0.0479   0.1060   0.0022   0.0014  -0.0024   0.0129   0.0129  -0.0000   0.0000  -0.0003  -0.0035    0.272
   197   1.8111  -0.5000   0.0295   0.1037   0.0017   0.0022   0.0009   0.0208   0.0208  -0.0001   0.0000  -0.0013  -0.0065    0.314
   198   1.8115  -0.5000   0.0152   0.1019   0.0012   0.0031   0.0091   0.0303   0.0303  -0.0001   0.0000  -0.0026  -0.0101    0.335
   199   1.8118  -0.5000   0.0055   0.1007   0.0007   0.0040   0.0270   0.0394   0.0394  -0.0003   0.0000  -0.0036  -0.0135    0.342
   200   1.8120  -0.5000   0.0006   0.1001   0.0002   0.0046   0.0939   0.0458   0.0458  -0.0012   0.0000  -0.0042  -0.0156    0.342
 ---------------------------------------------------------------
