 ---------------------------------------------------------------
 Surface and Strip Forces by surface

  Sref =  1.2850       Cref = 0.25900       Bref =  4.9540    
  Xref = 0.50000       Yref =  0.0000       Zref =  0.0000    

  Surface # 1     mace0_panel_0                           
     # Chordwise = 12   # Spanwise = 20     First strip =  1
     Surface area Ssurf =    0.365400     Ave. chord Cave =    0.290000

 Forces referred to Sref, Cref, Bref about Xref, Yref, Zref
 Standard axis orientation,  X fwd, Z down         
     CLsurf  =   0.06519     Clsurf  =  -0.00822
     CYsurf  =  -0.00000     Cmsurf  =   0.00810
     CDsurf  =   0.00021     Cnsurf  =   0.00008
     CDisurf =   0.00021     CDvsurf =   0.00000

 Forces referred to Ssurf, Cave 
     CLsurf  =   0.22926     CDsurf  =   0.00074

 Strip Forces referred to Strip Area, Chord
    j     Xle      Yle      Zle      Chord    Area     c_cl     ai     cl_norm    cl       cd       cdv    cm_c/4     cm_LE   C.P.x/c
     1   0.4000   0.0019   0.0000   0.2900   0.0022   0.0675   0.0020   0.2328   0.2328   0.0007   0.0000   0.0037  -0.0545    0.234
     2   0.4000   0.0174   0.0000   0.2900   0.0067   0.0675   0.0019   0.2328   0.2328   0.0007   0.0000   0.0037  -0.0545    0.234
     3   0.4000   0.0480   0.0000   0.2900   0.0110   0.0675   0.0016   0.2328   0.2328   0.0007   0.0000   0.0037  -0.0545    0.234
     4   0.4000   0.0928   0.0000   0.2900   0.0150   0.0675  -0.0002   0.2327   0.2327   0.0007   0.0000   0.0037  -0.0545    0.234
     5   0.4000   0.1509   0.0000   0.2900   0.0186   0.0675  -0.0336   0.2327   0.2327   0.0007   0.0000   0.0037  -0.0545    0.234
     6   0.4000   0.2208   0.0000   0.2900   0.0218   0.0674  -0.0086   0.2325   0.2325   0.0007   0.0000   0.0037  -0.0545    0.234
     7   0.4000   0.3008   0.0000   0.2900   0.0244   0.0674   0.0138   0.2323   0.2323   0.0007   0.0000   0.0037  -0.0544    0.234
     8   0.4000   0.3889   0.0000   0.2900   0.0265   0.0673   0.0106   0.2320   0.2320   0.0007   0.0000   0.0037  -0.0543    0.234
     9   0.4000   0.4829   0.0000   0.2900   0.0279   0.0671  -0.0271   0.2315   0.2315   0.0007   0.0000   0.0037  -0.0542    0.234
    10   0.4000   0.5806   0.0000   0.2900   0.0286   0.0670   0.0120   0.2309   0.2309   0.0007   0.0000   0.0037  -0.0540    0.234
    11   0.4000   0.6794   0.0000   0.2900   0.0286   0.0667   0.0085   0.2302   0.2302   0.0007   0.0000   0.0037  -0.0538    0.234
    12   0.4000   0.7771   0.0000   0.2900   0.0279   0.0665   0.0449   0.2292   0.2292   0.0007   0.0000   0.0037  -0.0536    0.234
    13   0.4000   0.8711   0.0000   0.2900   0.0265   0.0661  -0.0039   0.2281   0.2281   0.0008   0.0000   0.0037  -0.0533    0.234
    14   0.4000   0.9592   0.0000   0.2900   0.0244   0.0658   0.0046   0.2268   0.2268   0.0008   0.0000   0.0037  -0.0530    0.234
    15   0.4000   1.0392   0.0000   0.2900   0.0218   0.0654   0.0060   0.2254   0.2254   0.0008   0.0000   0.0037  -0.0526    0.233
    16   0.4000   1.1091   0.0000   0.2900   0.0186   0.0650   0.0068   0.2240   0.2240   0.0009   0.0000   0.0037  -0.0522    0.233
    17   0.4000   1.1672   0.0000   0.2900   0.0150   0.0645   0.0073   0.2226   0.2226   0.0009   0.0000   0.0038  -0.0519    0.233
    18   0.4000   1.2120   0.0000   0.2900   0.0110   0.0642   0.0077   0.2214   0.2214   0.0009   0.0000   0.0038  -0.0516    0.233
    19   0.4000   1.2426   0.0000   0.2900   0.0067   0.0639   0.0080   0.2204   0.2204   0.0009   0.0000   0.0038  -0.0513    0.233
    20   0.4000   1.2581   0.0000   0.2900   0.0022   0.0638   0.0082   0.2199   0.2199   0.0010   0.0000   0.0038  -0.0512    0.233

  Surface # 2     mace0_panel_0 (YDUP)                    
     # Chordwise = 12   # Spanwise = 20     First strip = 21
     Surface area Ssurf =    0.365400     Ave. chord Cave =    0.290000

 Forces referred to Sref, Cref, Bref about Xref, Yref, Zref
 Standard axis orientation,  X fwd, Z down         
     CLsurf  =   0.06519     Clsurf  =   0.00822
     CYsurf  =  -0.00000     Cmsurf  =   0.00810
     CDsurf  =   0.00021     Cnsurf  =  -0.00008
     CDisurf =   0.00021     CDvsurf =   0.00000

 Forces referred to Ssurf, Cave 
     CLsurf  =   0.22926     CDsurf  =   0.00074

 Strip Forces referred to Strip Area, Chord
    j     Xle      Yle      Zle      Chord    Area     c_cl     ai     cl_norm    cl       cd       cdv    cm_c/4     cm_LE   C.P.x/c
    21   0.4000  -0.0019   0.0000   0.2900   0.0022   0.0675   0.0020   0.2328   0.2328   0.0007   0.0000   0.0037   0.0545    0.234
    22   0.4000  -0.0174   0.0000   0.2900   0.0067   0.0675   0.0019   0.2328   0.2328   0.0007   0.0000   0.0037   0.0545    0.234
    23   0.4000  -0.0480   0.0000   0.2900   0.0110   0.0675   0.0015   0.2328   0.2328   0.0007   0.0000   0.0037   0.0545    0.234
    24   0.4000  -0.0928   0.0000   0.2900   0.0150   0.0675  -0.0003   0.2327   0.2327   0.0007   0.0000   0.0037   0.0545    0.234
    25   0.4000  -0.1509   0.0000   0.2900   0.0186   0.0675  -0.0338   0.2327   0.2327   0.0007   0.0000   0.0037   0.0545    0.234
    26   0.4000  -0.2208   0.0000   0.2900   0.0218   0.0674  -0.0092   0.2325   0.2325   0.0007   0.0000   0.0037   0.0545    0.234
    27   0.4000  -0.3008   0.0000   0.2900   0.0244   0.0674   0.0142   0.2323   0.2323   0.0007   0.0000   0.0037   0.0544    0.234
    28   0.4000  -0.3889   0.0000   0.2900   0.0265   0.0673   0.0106   0.2320   0.2320   0.0007   0.0000   0.0037   0.0543    0.234
    29   0.4000  -0.4829   0.0000   0.2900   0.0279   0.0671  -0.0209   0.2315   0.2315   0.0007   0.0000   0.0037   0.0542    0.234
    30   0.4000  -0.5806   0.0000   0.2900   0.0286   0.0670   0.0125   0.2309   0.2309   0.0007   0.0000   0.0037   0.0540    0.234
    31   0.4000  -0.6794   0.0000   0.2900   0.0286   0.0667   0.0089   0.2302   0.2302   0.0007   0.0000   0.0037   0.0538    0.234
    32   0.4000  -0.7771   0.0000   0.2900   0.0279   0.0665   0.0442   0.2292   0.2292   0.0007   0.0000   0.0037   0.0536    0.234
    33   0.4000  -0.8711   0.0000   0.2900   0.0265   0.0661  -0.0039   0.2281   0.2281   0.0008   0.0000   0.0037   0.0533    0.234
    34   0.4000  -0.9592   0.0000   0.2900   0.0244   0.0658   0.0046   0.2268   0.2268   0.0008   0.0000   0.0037   0.0530    0.234
    35   0.4000  -1.0392   0.0000   0.2900   0.0218   0.0654   0.0060   0.2254   0.2254   0.0008   0.0000   0.0037   0.0526    0.233
    36   0.4000  -1.1091   0.0000   0.2900   0.0186   0.0650   0.0068   0.2240   0.2240   0.0009   0.0000   0.0037   0.0522    0.233
    37   0.4000  -1.1672   0.0000   0.2900   0.0150   0.0645   0.0073   0.2226   0.2226   0.0009   0.0000   0.0038   0.0519    0.233
    38   0.4000  -1.2120   0.0000   0.2900   0.0110   0.0642   0.0077   0.2214   0.2214   0.0009   0.0000   0.0038   0.0516    0.233
    39   0.4000  -1.2426   0.0000   0.2900   0.0067   0.0639   0.0080   0.2204   0.2204   0.0009   0.0000   0.0038   0.0513    0.233
    40   0.4000  -1.2581   0.0000   0.2900   0.0022   0.0638   0.0082   0.2199   0.2199   0.0010   0.0000   0.0038   0.0512    0.233

  Surface # 3     mace0_panel_1                           
     # Chordwise = 12   # Spanwise = 20     First strip = 41
     Surface area Ssurf =    0.275268     Ave. chord Cave =    0.226186

 Forces referred to Sref, Cref, Bref about Xref, Yref, Zref
 Standard axis orientation,  X fwd, Z down         
     CLsurf  =   0.04183     Clsurf  =  -0.01467
     CYsurf  =   0.00006     Cmsurf  =   0.00550
     CDsurf  =   0.00017     Cnsurf  =   0.00015
     CDisurf =   0.00017     CDvsurf =   0.00000

 Forces referred to Ssurf, Cave 
     CLsurf  =   0.19528     CDsurf  =   0.00081

 Strip Forces referred to Strip Area, Chord
    j     Xle      Yle      Zle      Chord    Area     c_cl     ai     cl_norm    cl       cd       cdv    cm_c/4     cm_LE   C.P.x/c
    41   0.4000   1.2617   0.0000   0.2899   0.0020   0.0637   0.0082   0.2199   0.2199   0.0010   0.0000   0.0038  -0.0512    0.233
    42   0.4001   1.2754   0.0000   0.2895   0.0059   0.0636   0.0082   0.2197   0.2197   0.0010   0.0000   0.0038  -0.0511    0.233
    43   0.4003   1.3025   0.0000   0.2887   0.0097   0.0633   0.0083   0.2192   0.2192   0.0010   0.0000   0.0039  -0.0509    0.232
    44   0.4005   1.3423   0.0000   0.2876   0.0132   0.0628   0.0085   0.2184   0.2184   0.0010   0.0000   0.0039  -0.0507    0.232
    45   0.4009   1.3938   0.0000   0.2861   0.0163   0.0621   0.0088   0.2171   0.2171   0.0010   0.0000   0.0040  -0.0502    0.231
    46   0.4013   1.4558   0.0000   0.2842   0.0189   0.0611   0.0092   0.2151   0.2151   0.0010   0.0000   0.0042  -0.0496    0.231
    47   0.4017   1.5267   0.0000   0.2821   0.0211   0.0598   0.0098   0.2120   0.2120   0.0011   0.0000   0.0043  -0.0487    0.230
    48   0.4034   1.6218   0.0000   0.2760   0.0319   0.0577   0.0099   0.2090   0.2090   0.0011   0.0000   0.0046  -0.0477    0.228
    49   0.4064   1.7407   0.0000   0.2654   0.0323   0.0543   0.0097   0.2045   0.2045   0.0010   0.0000   0.0050  -0.0461    0.225
    50   0.4095   1.8476   0.0000   0.2533   0.0232   0.0503   0.0093   0.1986   0.1986   0.0009   0.0000   0.0055  -0.0441    0.222
    51   0.4125   1.9394   0.0000   0.2397   0.0219   0.0461   0.0086   0.1922   0.1921   0.0009   0.0000   0.0060  -0.0420    0.219
    52   0.4161   2.0215   0.0000   0.2255   0.0163   0.0416   0.0079   0.1846   0.1846   0.0008   0.0000   0.0065  -0.0395    0.215
    53   0.4201   2.0922   0.0000   0.2109   0.0145   0.0371   0.0073   0.1758   0.1758   0.0006   0.0000   0.0071  -0.0368    0.210
    54   0.4256   2.1823   0.0000   0.1881   0.0207   0.0312   0.0052   0.1661   0.1661   0.0004   0.0000   0.0076  -0.0339    0.204
    55   0.4331   2.2799   0.0000   0.1570   0.0133   0.0239   0.0012   0.1520   0.1520   0.0001   0.0000   0.0077  -0.0302    0.200
    56   0.4393   2.3401   0.0000   0.1327   0.0049   0.0186  -0.0017   0.1400   0.1400  -0.0002   0.0000   0.0078  -0.0270    0.195
    57   0.4433   2.3732   0.0000   0.1167   0.0034   0.0148  -0.0021   0.1269   0.1269  -0.0002   0.0000   0.0078  -0.0238    0.189
    58   0.4499   2.4149   0.0000   0.0897   0.0046   0.0107  -0.0031   0.1196   0.1196  -0.0002   0.0000   0.0082  -0.0213    0.181
    59   0.4623   2.4550   0.0000   0.0412   0.0012   0.0055  -0.0095   0.1341   0.1340  -0.0009   0.0000   0.0108  -0.0204    0.170
    60   0.4718   2.4745   0.0000   0.0046   0.0000   0.0012  -0.0361   0.2538   0.2537  -0.0059   0.0000   0.0199  -0.0391    0.172

  Surface # 4     mace0_panel_1 (YDUP)                    
     # Chordwise = 12   # Spanwise = 20     First strip = 61
     Surface area Ssurf =    0.275268     Ave. chord Cave =    0.226186

 Forces referred to Sref, Cref, Bref about Xref, Yref, Zref
 Standard axis orientation,  X fwd, Z down         
     CLsurf  =   0.04183     Clsurf  =   0.01467
     CYsurf  =  -0.00006     Cmsurf  =   0.00550
     CDsurf  =   0.00017     Cnsurf  =  -0.00015
     CDisurf =   0.00017     CDvsurf =   0.00000

 Forces referred to Ssurf, Cave 
     CLsurf  =   0.19528     CDsurf  =   0.00081

 Strip Forces referred to Strip Area, Chord
    j     Xle      Yle      Zle      Chord    Area     c_cl     ai     cl_norm    cl       cd       cdv    cm_c/4     cm_LE   C.P.x/c
    61   0.4000  -1.2617   0.0000   0.2899   0.0020   0.0637   0.0082   0.2199   0.2199   0.0010   0.0000   0.0038   0.0512    0.233
    62   0.4001  -1.2754   0.0000   0.2895   0.0059   0.0636   0.0082   0.2197   0.2197   0.0010   0.0000   0.0038   0.0511    0.233
    63   0.4003  -1.3025   0.0000   0.2887   0.0097   0.0633   0.0083   0.2192   0.2192   0.0010   0.0000   0.0039   0.0509    0.232
    64   0.4005  -1.3423   0.0000   0.2876   0.0132   0.0628   0.0085   0.2184   0.2184   0.0010   0.0000   0.0039   0.0507    0.232
    65   0.4009  -1.3938   0.0000   0.2861   0.0163   0.0621   0.0088   0.2171   0.2171   0.0010   0.0000   0.0040   0.0502    0.231
    66   0.4013  -1.4558   0.0000   0.2842   0.0189   0.0611   0.0092   0.2151   0.2151   0.0010   0.0000   0.0042   0.0496    0.231
    67   0.4017  -1.5267   0.0000   0.2821   0.0211   0.0598   0.0097   0.2120   0.2120   0.0011   0.0000   0.0043   0.0487    0.230
    68   0.4034  -1.6218   0.0000   0.2760   0.0319   0.0577   0.0098   0.2090   0.2090   0.0011   0.0000   0.0046   0.0477    0.228
    69   0.4064  -1.7407   0.0000   0.2654   0.0323   0.0543   0.0097   0.2045   0.2045   0.0010   0.0000   0.0050   0.0461    0.225
    70   0.4095  -1.8476   0.0000   0.2533   0.0232   0.0503   0.0093   0.1986   0.1986   0.0009   0.0000   0.0055   0.0441    0.222
    71   0.4125  -1.9394   0.0000   0.2397   0.0219   0.0461   0.0086   0.1922   0.1921   0.0009   0.0000   0.0060   0.0420    0.219
    72   0.4161  -2.0215   0.0000   0.2255   0.0163   0.0416   0.0079   0.1846   0.1846   0.0008   0.0000   0.0065   0.0395    0.215
    73   0.4201  -2.0922   0.0000   0.2109   0.0145   0.0371   0.0073   0.1758   0.1758   0.0006   0.0000   0.0071   0.0368    0.210
    74   0.4256  -2.1823   0.0000   0.1881   0.0207   0.0312   0.0052   0.1661   0.1661   0.0004   0.0000   0.0076   0.0339    0.204
    75   0.4331  -2.2799   0.0000   0.1570   0.0133   0.0239   0.0012   0.1520   0.1520   0.0001   0.0000   0.0077   0.0302    0.200
    76   0.4393  -2.3401   0.0000   0.1327   0.0049   0.0186  -0.0017   0.1400   0.1400  -0.0002   0.0000   0.0078   0.0270    0.195
    77   0.4433  -2.3732   0.0000   0.1167   0.0034   0.0148  -0.0021   0.1269   0.1269  -0.0002   0.0000   0.0078   0.0238    0.189
    78   0.4499  -2.4149   0.0000   0.0897   0.0046   0.0107  -0.0031   0.1196   0.1196  -0.0002   0.0000   0.0082   0.0213    0.181
    79   0.4623  -2.4550   0.0000   0.0412   0.0012   0.0055  -0.0095   0.1341   0.1340  -0.0009   0.0000   0.0108   0.0204    0.170
    80   0.4718  -2.4745   0.0000   0.0046   0.0000   0.0012  -0.0361   0.2538   0.2537  -0.0059   0.0000   0.0199   0.0391    0.172

  Surface # 5     hstab_panel_0                           
     # Chordwise = 12   # Spanwise = 20     First strip = 81
     Surface area Ssurf =    0.043750     Ave. chord Cave =    0.125000

 Forces referred to Sref, Cref, Bref about Xref, Yref, Zref
 Standard axis orientation,  X fwd, Z down         
     CLsurf  =   0.00124     Clsurf  =  -0.00017
     CYsurf  =   0.00000     Cmsurf  =  -0.00672
     CDsurf  =   0.00001     Cnsurf  =   0.00000
     CDisurf =   0.00001     CDvsurf =   0.00000

 Forces referred to Ssurf, Cave 
     CLsurf  =   0.03629     CDsurf  =   0.00040

 Strip Forces referred to Strip Area, Chord
    j     Xle      Yle      Zle      Chord    Area     c_cl     ai     cl_norm    cl       cd       cdv    cm_c/4     cm_LE   C.P.x/c
    81   1.8000   0.5005   0.0000   0.1499   0.0003   0.0016  -0.1250   0.0106   0.0106   0.0002   0.0000  -0.0059  -0.0086    0.811
    82   1.8002   0.5048   0.0000   0.1493   0.0010   0.0026  -0.0117   0.0177   0.0177   0.0002   0.0000  -0.0104  -0.0148    0.838
    83   1.8005   0.5133   0.0000   0.1481   0.0016   0.0036   0.0064   0.0244   0.0244   0.0003   0.0000  -0.0146  -0.0206    0.846
    84   1.8009   0.5258   0.0000   0.1463   0.0021   0.0044   0.0136   0.0299   0.0299   0.0003   0.0000  -0.0178  -0.0253    0.846
    85   1.8014   0.5419   0.0000   0.1440   0.0026   0.0049   0.0110   0.0339   0.0339   0.0004   0.0000  -0.0200  -0.0285    0.841
    86   1.8021   0.5613   0.0000   0.1412   0.0029   0.0052   0.0117   0.0366   0.0366   0.0004   0.0000  -0.0213  -0.0305    0.833
    87   1.8029   0.5836   0.0000   0.1381   0.0032   0.0053   0.0116   0.0385   0.0385   0.0004   0.0000  -0.0221  -0.0317    0.824
    88   1.8037   0.6080   0.0000   0.1346   0.0034   0.0053   0.0117   0.0397   0.0397   0.0004   0.0000  -0.0225  -0.0324    0.815
    89   1.8046   0.6341   0.0000   0.1308   0.0035   0.0053   0.0066   0.0406   0.0406   0.0004   0.0000  -0.0226  -0.0328    0.808
    90   1.8055   0.6613   0.0000   0.1270   0.0035   0.0052   0.0104   0.0411   0.0411   0.0004   0.0000  -0.0227  -0.0330    0.803
    91   1.8065   0.6887   0.0000   0.1230   0.0034   0.0051   0.0111   0.0413   0.0413   0.0004   0.0000  -0.0227  -0.0330    0.800
    92   1.8074   0.7159   0.0000   0.1192   0.0032   0.0049   0.0127   0.0412   0.0412   0.0004   0.0000  -0.0226  -0.0329    0.800
    93   1.8083   0.7420   0.0000   0.1154   0.0029   0.0047   0.0100   0.0406   0.0406   0.0005   0.0000  -0.0225  -0.0326    0.804
    94   1.8091   0.7664   0.0000   0.1119   0.0026   0.0044   0.0119   0.0395   0.0395   0.0005   0.0000  -0.0222  -0.0320    0.812
    95   1.8099   0.7887   0.0000   0.1088   0.0023   0.0041   0.0135   0.0376   0.0376   0.0005   0.0000  -0.0216  -0.0310    0.824
    96   1.8106   0.8081   0.0000   0.1060   0.0019   0.0037   0.0161   0.0348   0.0348   0.0004   0.0000  -0.0206  -0.0293    0.840
    97   1.8111   0.8242   0.0000   0.1037   0.0015   0.0032   0.0720   0.0306   0.0306   0.0004   0.0000  -0.0186  -0.0263    0.858
    98   1.8115   0.8367   0.0000   0.1019   0.0011   0.0025   0.0176   0.0245   0.0245   0.0004   0.0000  -0.0153  -0.0214    0.876
    99   1.8118   0.8452   0.0000   0.1007   0.0006   0.0016   0.0213   0.0161   0.0161   0.0003   0.0000  -0.0103  -0.0143    0.889
   100   1.8120   0.8495   0.0000   0.1001   0.0002   0.0006   0.0234   0.0056   0.0056   0.0001   0.0000  -0.0036  -0.0050    0.896

  Surface # 6     hstab_panel_0 (YDUP)                    
     # Chordwise = 12   # Spanwise = 20     First strip =101
     Surface area Ssurf =    0.043750     Ave. chord Cave =    0.125000

 Forces referred to Sref, Cref, Bref about Xref, Yref, Zref
 Standard axis orientation,  X fwd, Z down         
     CLsurf  =   0.00119     Clsurf  =   0.00016
     CYsurf  =  -0.00000     Cmsurf  =  -0.00650
     CDsurf  =   0.00001     Cnsurf  =  -0.00000
     CDisurf =   0.00001     CDvsurf =   0.00000

 Forces referred to Ssurf, Cave 
     CLsurf  =   0.03503     CDsurf  =   0.00040

 Strip Forces referred to Strip Area, Chord
    j     Xle      Yle      Zle      Chord    Area     c_cl     ai     cl_norm    cl       cd       cdv    cm_c/4     cm_LE   C.P.x/c
   101   1.8000  -0.5005   0.0000   0.1499   0.0003   0.0006  -0.1052   0.0043   0.0043   0.0001   0.0000  -0.0028   0.0039    0.914
   102   1.8002  -0.5048   0.0000   0.1493   0.0010   0.0019  -0.0084   0.0126   0.0126   0.0002   0.0000  -0.0083   0.0114    0.910
   103   1.8005  -0.5133   0.0000   0.1481   0.0016   0.0030   0.0071   0.0201   0.0201   0.0003   0.0000  -0.0131   0.0181    0.904
   104   1.8009  -0.5258   0.0000   0.1463   0.0021   0.0039   0.0138   0.0263   0.0263   0.0003   0.0000  -0.0169   0.0235    0.892
   105   1.8014  -0.5419   0.0000   0.1440   0.0026   0.0045   0.0112   0.0311   0.0311   0.0004   0.0000  -0.0195   0.0273    0.877
   106   1.8021  -0.5613   0.0000   0.1412   0.0029   0.0049   0.0119   0.0345   0.0345   0.0004   0.0000  -0.0210   0.0296    0.860
   107   1.8029  -0.5836   0.0000   0.1381   0.0032   0.0051   0.0117   0.0368   0.0368   0.0004   0.0000  -0.0219   0.0311    0.845
   108   1.8037  -0.6080   0.0000   0.1346   0.0034   0.0052   0.0119   0.0385   0.0385   0.0004   0.0000  -0.0223   0.0319    0.831
   109   1.8046  -0.6341   0.0000   0.1308   0.0035   0.0052   0.0066   0.0396   0.0396   0.0004   0.0000  -0.0226   0.0325    0.819
   110   1.8055  -0.6613   0.0000   0.1270   0.0035   0.0051   0.0105   0.0404   0.0404   0.0004   0.0000  -0.0227   0.0328    0.811
   111   1.8065  -0.6887   0.0000   0.1230   0.0034   0.0050   0.0111   0.0408   0.0408   0.0004   0.0000  -0.0227   0.0329    0.806
   112   1.8074  -0.7159   0.0000   0.1192   0.0032   0.0049   0.0127   0.0408   0.0408   0.0004   0.0000  -0.0226   0.0328    0.805
   113   1.8083  -0.7420   0.0000   0.1154   0.0029   0.0047   0.0100   0.0403   0.0403   0.0004   0.0000  -0.0225   0.0325    0.808
   114   1.8091  -0.7664   0.0000   0.1119   0.0026   0.0044   0.0119   0.0393   0.0393   0.0005   0.0000  -0.0222   0.0320    0.815
   115   1.8099  -0.7887   0.0000   0.1088   0.0023   0.0041   0.0135   0.0375   0.0375   0.0005   0.0000  -0.0216   0.0310    0.827
   116   1.8106  -0.8081   0.0000   0.1060   0.0019   0.0037   0.0161   0.0347   0.0347   0.0004   0.0000  -0.0206   0.0292    0.842
   117   1.8111  -0.8242   0.0000   0.1037   0.0015   0.0032   0.0720   0.0305   0.0305   0.0004   0.0000  -0.0186   0.0262    0.860
   118   1.8115  -0.8367   0.0000   0.1019   0.0011   0.0025   0.0176   0.0244   0.0244   0.0004   0.0000  -0.0153   0.0214    0.877
   119   1.8118  -0.8452   0.0000   0.1007   0.0006   0.0016   0.0213   0.0160   0.0160   0.0003   0.0000  -0.0103   0.0143    0.890
   120   1.8120  -0.8495   0.0000   0.1001   0.0002   0.0006   0.0234   0.0056   0.0056   0.0001   0.0000  -0.0036   0.0050    0.897

  Surface # 7     fin_panel_0                             
     # Chordwise = 12   # Spanwise = 20     First strip =121
     Surface area Ssurf =    0.050000     Ave. chord Cave =    0.125000

 Forces referred to Sref, Cref, Bref about Xref, Yref, Zref
 Standard axis orientation,  X fwd, Z down         
     CLsurf  =   0.00000     Clsurf  =  -0.00001
     CYsurf  =  -0.00009     Cmsurf  =  -0.00000
     CDsurf  =  -0.00000     Cnsurf  =   0.00002
     CDisurf =  -0.00000     CDvsurf =   0.00000

 Forces referred to Ssurf, Cave 
     CLsurf  =  -0.00219     CDsurf  =  -0.00000

 Strip Forces referred to Strip Area, Chord
    j     Xle      Yle      Zle      Chord    Area     c_cl     ai     cl_norm    cl       cd       cdv    cm_c/4     cm_LE   C.P.x/c
   121   1.8000   0.5000   0.3994   0.1499   0.0004  -0.0001  -0.0020  -0.0007  -0.0007   0.0000   0.0000   0.0003   0.0004    0.628
   122   1.8002   0.5000   0.3945   0.1493   0.0011  -0.0003  -0.0019  -0.0020  -0.0020   0.0000   0.0000   0.0007   0.0012    0.627
   123   1.8005   0.5000   0.3848   0.1481   0.0018  -0.0005  -0.0016  -0.0031  -0.0031   0.0000   0.0000   0.0012   0.0019    0.625
   124   1.8009   0.5000   0.3705   0.1463   0.0024  -0.0006  -0.0013  -0.0040  -0.0040   0.0000   0.0000   0.0015   0.0025    0.624
   125   1.8014   0.5000   0.3521   0.1440   0.0029  -0.0007  -0.0010  -0.0046  -0.0046   0.0000   0.0000   0.0017   0.0029    0.624
   126   1.8021   0.5000   0.3299   0.1412   0.0034  -0.0007  -0.0007  -0.0049  -0.0049   0.0000   0.0000   0.0019   0.0031    0.629
   127   1.8029   0.5000   0.3045   0.1381   0.0037  -0.0007  -0.0005  -0.0050  -0.0050  -0.0000   0.0000   0.0020   0.0032    0.642
   128   1.8037   0.5000   0.2765   0.1346   0.0039  -0.0006  -0.0003  -0.0048  -0.0048  -0.0000   0.0000   0.0020   0.0032    0.667
   129   1.8046   0.5000   0.2467   0.1308   0.0040  -0.0006  -0.0001  -0.0045  -0.0045  -0.0000   0.0000   0.0020   0.0032    0.710
   130   1.8055   0.5000   0.2157   0.1270   0.0040  -0.0005   0.0001  -0.0039  -0.0039  -0.0000   0.0000   0.0021   0.0030    0.780
   131   1.8065   0.5000   0.1843   0.1230   0.0038  -0.0004   0.0002  -0.0032  -0.0032  -0.0000   0.0000   0.0021   0.0028    0.902
   132   1.8074   0.5000   0.1533   0.1192   0.0036  -0.0003   0.0004  -0.0023  -0.0023  -0.0000   0.0000   0.0020   0.0026    1.142
   133   1.8083   0.5000   0.1235   0.1154   0.0033  -0.0001   0.0005  -0.0013  -0.0013  -0.0000   0.0000   0.0020   0.0023    1.797
   134   1.8091   0.5000   0.0955   0.1119   0.0030  -0.0000   0.0006  -0.0001  -0.0001   0.0000   0.0000   0.0018   0.0019  999.000
   135   1.8099   0.5000   0.0701   0.1088   0.0026   0.0001   0.0007   0.0011   0.0011   0.0000   0.0000   0.0015   0.0012  999.000
   136   1.8106   0.5000   0.0479   0.1060   0.0022   0.0003   0.0009   0.0027   0.0027   0.0000   0.0000   0.0008   0.0002   -0.060
   137   1.8111   0.5000   0.0295   0.1037   0.0017   0.0005   0.0015   0.0045   0.0045   0.0000   0.0000  -0.0006  -0.0018    0.386
   138   1.8115   0.5000   0.0152   0.1019   0.0012   0.0007   0.0033   0.0068   0.0068   0.0000   0.0000  -0.0030  -0.0047    0.696
   139   1.8118   0.5000   0.0055   0.1007   0.0007   0.0009   0.0080   0.0088   0.0088  -0.0000   0.0000  -0.0059  -0.0081    0.912
   140   1.8120   0.5000   0.0006   0.1001   0.0002   0.0010   0.0202   0.0101   0.0101  -0.0002   0.0000  -0.0080  -0.0105    1.036

  Surface # 8     hstab_panel_0                           
     # Chordwise = 12   # Spanwise = 20     First strip =141
     Surface area Ssurf =    0.043750     Ave. chord Cave =    0.125000

 Forces referred to Sref, Cref, Bref about Xref, Yref, Zref
 Standard axis orientation,  X fwd, Z down         
     CLsurf  =   0.00132     Clsurf  =   0.00009
     CYsurf  =   0.00000     Cmsurf  =  -0.00714
     CDsurf  =   0.00001     Cnsurf  =  -0.00000
     CDisurf =   0.00001     CDvsurf =   0.00000

 Forces referred to Ssurf, Cave 
     CLsurf  =   0.03864     CDsurf  =   0.00041

 Strip Forces referred to Strip Area, Chord
    j     Xle      Yle      Zle      Chord    Area     c_cl     ai     cl_norm    cl       cd       cdv    cm_c/4     cm_LE   C.P.x/c
   141   1.8000  -0.4995   0.0000   0.1499   0.0003   0.0019  -0.1207   0.0126   0.0126   0.0002   0.0000  -0.0060  -0.0092    0.731
   142   1.8002  -0.4952   0.0000   0.1493   0.0010   0.0029  -0.0109   0.0197   0.0197   0.0002   0.0000  -0.0105  -0.0154    0.784
   143   1.8005  -0.4867   0.0000   0.1481   0.0016   0.0039   0.0062   0.0264   0.0264   0.0003   0.0000  -0.0147  -0.0212    0.806
   144   1.8009  -0.4742   0.0000   0.1463   0.0021   0.0047   0.0111   0.0318   0.0318   0.0003   0.0000  -0.0179  -0.0259    0.814
   145   1.8014  -0.4581   0.0000   0.1440   0.0026   0.0052   0.0117   0.0359   0.0359   0.0004   0.0000  -0.0201  -0.0291    0.812
   146   1.8021  -0.4387   0.0000   0.1412   0.0029   0.0055   0.0085   0.0386   0.0386   0.0004   0.0000  -0.0214  -0.0311    0.805
   147   1.8029  -0.4164   0.0000   0.1381   0.0032   0.0056   0.0116   0.0405   0.0405   0.0004   0.0000  -0.0222  -0.0323    0.797
   148   1.8037  -0.3920   0.0000   0.1346   0.0034   0.0056   0.0107   0.0419   0.0419   0.0004   0.0000  -0.0225  -0.0330    0.788
   149   1.8046  -0.3659   0.0000   0.1308   0.0035   0.0056   0.0101   0.0429   0.0429   0.0004   0.0000  -0.0227  -0.0334    0.780
   150   1.8055  -0.3387   0.0000   0.1270   0.0035   0.0055   0.0116   0.0436   0.0436   0.0004   0.0000  -0.0228  -0.0337    0.773
   151   1.8065  -0.3113   0.0000   0.1230   0.0034   0.0054   0.0104   0.0439   0.0439   0.0004   0.0000  -0.0228  -0.0337    0.769
   152   1.8074  -0.2841   0.0000   0.1192   0.0032   0.0052   0.0103   0.0439   0.0439   0.0005   0.0000  -0.0227  -0.0337    0.767
   153   1.8083  -0.2580   0.0000   0.1154   0.0029   0.0050   0.0138   0.0435   0.0435   0.0005   0.0000  -0.0225  -0.0334    0.768
   154   1.8091  -0.2336   0.0000   0.1119   0.0026   0.0047   0.0116   0.0424   0.0424   0.0005   0.0000  -0.0222  -0.0328    0.774
   155   1.8099  -0.2113   0.0000   0.1088   0.0023   0.0044   0.0124   0.0405   0.0405   0.0005   0.0000  -0.0216  -0.0317    0.784
   156   1.8106  -0.1919   0.0000   0.1060   0.0019   0.0040   0.0136   0.0375   0.0375   0.0005   0.0000  -0.0205  -0.0299    0.798
   157   1.8111  -0.1758   0.0000   0.1037   0.0015   0.0034   0.0165   0.0329   0.0329   0.0004   0.0000  -0.0186  -0.0268    0.815
   158   1.8115  -0.1633   0.0000   0.1019   0.0011   0.0027   0.0190   0.0263   0.0263   0.0004   0.0000  -0.0153  -0.0218    0.831
   159   1.8118  -0.1548   0.0000   0.1007   0.0006   0.0017   0.0217   0.0172   0.0172   0.0003   0.0000  -0.0102  -0.0145    0.844
   160   1.8120  -0.1505   0.0000   0.1001   0.0002   0.0006   0.0235   0.0060   0.0060   0.0001   0.0000  -0.0036  -0.0051    0.850

  Surface # 9     hstab_panel_0 (YDUP)                    
     # Chordwise = 12   # Spanwise = 20     First strip =161
     Surface area Ssurf =    0.043750     Ave. chord Cave =    0.125000

 Forces referred to Sref, Cref, Bref about Xref, Yref, Zref
 Standard axis orientation,  X fwd, Z down         
     CLsurf  =   0.00126     Clsurf  =  -0.00008
     CYsurf  =  -0.00000     Cmsurf  =  -0.00684
     CDsurf  =   0.00001     Cnsurf  =   0.00000
     CDisurf =   0.00001     CDvsurf =   0.00000

 Forces referred to Ssurf, Cave 
     CLsurf  =   0.03698     CDsurf  =   0.00041

 Strip Forces referred to Strip Area, Chord
    j     Xle      Yle      Zle      Chord    Area     c_cl     ai     cl_norm    cl       cd       cdv    cm_c/4     cm_LE   C.P.x/c
   161   1.8000   0.4995   0.0000   0.1499   0.0003   0.0007  -0.1056   0.0044   0.0044   0.0001   0.0000  -0.0028   0.0039    0.897
   162   1.8002   0.4952   0.0000   0.1493   0.0010   0.0019  -0.0089   0.0129   0.0129   0.0002   0.0000  -0.0083   0.0115    0.892
   163   1.8005   0.4867   0.0000   0.1481   0.0016   0.0031   0.0064   0.0207   0.0207   0.0003   0.0000  -0.0132   0.0183    0.884
   164   1.8009   0.4742   0.0000   0.1463   0.0021   0.0040   0.0112   0.0273   0.0273   0.0003   0.0000  -0.0170   0.0238    0.872
   165   1.8014   0.4581   0.0000   0.1440   0.0026   0.0046   0.0119   0.0323   0.0323   0.0004   0.0000  -0.0196   0.0276    0.856
   166   1.8021   0.4387   0.0000   0.1412   0.0029   0.0051   0.0088   0.0359   0.0359   0.0004   0.0000  -0.0211   0.0300    0.838
   167   1.8029   0.4164   0.0000   0.1381   0.0032   0.0053   0.0118   0.0384   0.0384   0.0004   0.0000  -0.0220   0.0315    0.821
   168   1.8037   0.3920   0.0000   0.1346   0.0034   0.0054   0.0109   0.0403   0.0403   0.0004   0.0000  -0.0224   0.0325    0.806
   169   1.8046   0.3659   0.0000   0.1308   0.0035   0.0054   0.0102   0.0417   0.0417   0.0004   0.0000  -0.0226   0.0330    0.793
   170   1.8055   0.3387   0.0000   0.1270   0.0035   0.0054   0.0118   0.0426   0.0426   0.0004   0.0000  -0.0227   0.0334    0.783
   171   1.8065   0.3113   0.0000   0.1230   0.0034   0.0053   0.0105   0.0432   0.0432   0.0004   0.0000  -0.0227   0.0335    0.776
   172   1.8074   0.2841   0.0000   0.1192   0.0032   0.0052   0.0104   0.0434   0.0434   0.0005   0.0000  -0.0227   0.0335    0.773
   173   1.8083   0.2580   0.0000   0.1154   0.0029   0.0050   0.0139   0.0430   0.0430   0.0005   0.0000  -0.0225   0.0332    0.773
   174   1.8091   0.2336   0.0000   0.1119   0.0026   0.0047   0.0116   0.0420   0.0420   0.0005   0.0000  -0.0222   0.0327    0.778
   175   1.8099   0.2113   0.0000   0.1088   0.0023   0.0044   0.0124   0.0402   0.0402   0.0005   0.0000  -0.0216   0.0316    0.787
   176   1.8106   0.1919   0.0000   0.1060   0.0019   0.0039   0.0136   0.0373   0.0373   0.0005   0.0000  -0.0205   0.0298    0.801
   177   1.8111   0.1758   0.0000   0.1037   0.0015   0.0034   0.0165   0.0328   0.0328   0.0004   0.0000  -0.0186   0.0268    0.817
   178   1.8115   0.1633   0.0000   0.1019   0.0011   0.0027   0.0190   0.0262   0.0262   0.0004   0.0000  -0.0153   0.0218    0.833
   179   1.8118   0.1548   0.0000   0.1007   0.0006   0.0017   0.0217   0.0171   0.0171   0.0003   0.0000  -0.0102   0.0145    0.846
   180   1.8120   0.1505   0.0000   0.1001   0.0002   0.0006   0.0235   0.0060   0.0060   0.0001   0.0000  -0.0036   0.0051    0.852

  Surface #10     fin_panel_0                             
     # Chordwise = 12   # Spanwise = 20     First strip =181
     Surface area Ssurf =    0.050000     Ave. chord Cave =    0.125000

 Forces referred to Sref, Cref, Bref about Xref, Yref, Zref
 Standard axis orientation,  X fwd, Z down         
     CLsurf  =  -0.00000     Clsurf  =   0.00000
     CYsurf  =   0.00010     Cmsurf  =   0.00000
     CDsurf  =  -0.00000     Cnsurf  =  -0.00002
     CDisurf =  -0.00000     CDvsurf =   0.00000

 Forces referred to Ssurf, Cave 
     CLsurf  =   0.00247     CDsurf  =  -0.00000

 Strip Forces referred to Strip Area, Chord
    j     Xle      Yle      Zle      Chord    Area     c_cl     ai     cl_norm    cl       cd       cdv    cm_c/4     cm_LE   C.P.x/c
   181   1.8000  -0.5000   0.3994   0.1499   0.0004  -0.0000  -0.0025  -0.0002  -0.0002   0.0000   0.0000   0.0003   0.0003    1.924
   182   1.8002  -0.5000   0.3945   0.1493   0.0011  -0.0001  -0.0024  -0.0005  -0.0005   0.0000   0.0000   0.0008   0.0010    1.994
   183   1.8005  -0.5000   0.3848   0.1481   0.0018  -0.0001  -0.0022  -0.0007  -0.0007   0.0000   0.0000   0.0013   0.0015  999.000
   184   1.8009  -0.5000   0.3705   0.1463   0.0024  -0.0001  -0.0019  -0.0007  -0.0007   0.0000   0.0000   0.0016   0.0018  999.000
   185   1.8014  -0.5000   0.3521   0.1440   0.0029  -0.0001  -0.0017  -0.0006  -0.0006   0.0000   0.0000   0.0018   0.0020  999.000
   186   1.8021  -0.5000   0.3299   0.1412   0.0034  -0.0000  -0.0015  -0.0003  -0.0003   0.0000   0.0000   0.0019   0.0020  999.000
   187   1.8029  -0.5000   0.3045   0.1381   0.0037   0.0000  -0.0013   0.0001   0.0001   0.0000   0.0000   0.0020   0.0020  999.000
   188   1.8037  -0.5000   0.2765   0.1346   0.0039   0.0001  -0.0011   0.0006   0.0006  -0.0000   0.0000   0.0020   0.0019  999.000
   189   1.8046  -0.5000   0.2467   0.1308   0.0040   0.0001  -0.0010   0.0011   0.0011  -0.0000   0.0000   0.0020   0.0017  999.000
   190   1.8055  -0.5000   0.2157   0.1270   0.0040   0.0002  -0.0008   0.0017   0.0017  -0.0000   0.0000   0.0020   0.0016   -0.906
   191   1.8065  -0.5000   0.1843   0.1230   0.0038   0.0003  -0.0007   0.0024   0.0024  -0.0000   0.0000   0.0020   0.0014   -0.573
   192   1.8074  -0.5000   0.1533   0.1192   0.0036   0.0004  -0.0006   0.0031   0.0031  -0.0000   0.0000   0.0019   0.0012   -0.370
   193   1.8083  -0.5000   0.1235   0.1154   0.0033   0.0005  -0.0005   0.0039   0.0039  -0.0000   0.0000   0.0019   0.0009   -0.229
   194   1.8091  -0.5000   0.0955   0.1119   0.0030   0.0005  -0.0004   0.0047   0.0047  -0.0000   0.0000   0.0017   0.0005   -0.114
   195   1.8099  -0.5000   0.0701   0.1088   0.0026   0.0006  -0.0004   0.0056   0.0056   0.0000   0.0000   0.0014  -0.0000    0.003
   196   1.8106  -0.5000   0.0479   0.1060   0.0022   0.0007  -0.0003   0.0068   0.0068   0.0000   0.0000   0.0007  -0.0010    0.151
   197   1.8111  -0.5000   0.0295   0.1037   0.0017   0.0009   0.0002   0.0082   0.0082   0.0000   0.0000  -0.0008  -0.0029    0.347
   198   1.8115  -0.5000   0.0152   0.1019   0.0012   0.0010   0.0019   0.0101   0.0101   0.0000   0.0000  -0.0032  -0.0057    0.568
   199   1.8118  -0.5000   0.0055   0.1007   0.0007   0.0012   0.0063   0.0120   0.0120   0.0000   0.0000  -0.0061  -0.0091    0.758
   200   1.8120  -0.5000   0.0006   0.1001   0.0002   0.0013   0.0164   0.0131   0.0131  -0.0002   0.0000  -0.0082  -0.0115    0.875
 ---------------------------------------------------------------
