 ---------------------------------------------------------------
 Surface and Strip Forces by surface

  Sref =  1.2850       Cref = 0.25900       Bref =  4.9540    
  Xref = 0.50000       Yref =  0.0000       Zref =  0.0000    

  Surface # 1     main_wing_panel_0                       
     # Chordwise = 12   # Spanwise = 20     First strip =  1
     Surface area Ssurf =    0.365400     Ave. chord Cave =    0.290000

 Forces referred to Sref, Cref, Bref about Xref, Yref, Zref
 Standard axis orientation,  X fwd, Z down         
     CLsurf  =   0.01626     Clsurf  =  -0.00204
     CYsurf  =  -0.00000     Cmsurf  =   0.00246
     CDsurf  =   0.00002     Cnsurf  =   0.00005
     CDisurf =   0.00002     CDvsurf =   0.00000

 Forces referred to Ssurf, Cave 
     CLsurf  =   0.05719     CDsurf  =   0.00006

 Strip Forces referred to Strip Area, Chord
    j     Xle      Yle      Zle      Chord    Area     c_cl     ai     cl_norm    cl       cd       cdv    cm_c/4     cm_LE   C.P.x/c
     1   0.4000   0.0019   0.0000   0.2900   0.0022   0.0170   0.0010   0.0588   0.0588   0.0001   0.0000   0.0023  -0.0124    0.210
     2   0.4000   0.0174   0.0000   0.2900   0.0067   0.0170   0.0010   0.0588   0.0588   0.0001   0.0000   0.0023  -0.0124    0.210
     3   0.4000   0.0480   0.0000   0.2900   0.0110   0.0170   0.0009   0.0588   0.0588   0.0001   0.0000   0.0023  -0.0124    0.210
     4   0.4000   0.0928   0.0000   0.2900   0.0150   0.0170   0.0006   0.0588   0.0588   0.0001   0.0000   0.0023  -0.0123    0.210
     5   0.4000   0.1509   0.0000   0.2900   0.0186   0.0170  -0.0048   0.0587   0.0587   0.0001   0.0000   0.0023  -0.0123    0.210
     6   0.4000   0.2208   0.0000   0.2900   0.0218   0.0170   0.0010   0.0587   0.0587   0.0001   0.0000   0.0023  -0.0123    0.210
     7   0.4000   0.3008   0.0000   0.2900   0.0244   0.0170   0.0051   0.0586   0.0586   0.0001   0.0000   0.0023  -0.0123    0.210
     8   0.4000   0.3889   0.0000   0.2900   0.0265   0.0169   0.0038   0.0584   0.0584   0.0001   0.0000   0.0023  -0.0123    0.210
     9   0.4000   0.4829   0.0000   0.2900   0.0279   0.0169  -0.0058   0.0582   0.0582   0.0001   0.0000   0.0023  -0.0122    0.210
    10   0.4000   0.5806   0.0000   0.2900   0.0286   0.0168   0.0041   0.0580   0.0580   0.0001   0.0000   0.0023  -0.0122    0.210
    11   0.4000   0.6794   0.0000   0.2900   0.0286   0.0167   0.0001   0.0576   0.0576   0.0001   0.0000   0.0023  -0.0121    0.210
    12   0.4000   0.7771   0.0000   0.2900   0.0279   0.0166   0.0014   0.0572   0.0572   0.0001   0.0000   0.0023  -0.0120    0.210
    13   0.4000   0.8711   0.0000   0.2900   0.0265   0.0164   0.0001   0.0567   0.0567   0.0001   0.0000   0.0023  -0.0119    0.209
    14   0.4000   0.9592   0.0000   0.2900   0.0244   0.0163   0.0018   0.0561   0.0561   0.0001   0.0000   0.0023  -0.0117    0.209
    15   0.4000   1.0392   0.0000   0.2900   0.0218   0.0161   0.0021   0.0555   0.0555   0.0001   0.0000   0.0023  -0.0116    0.209
    16   0.4000   1.1091   0.0000   0.2900   0.0186   0.0159   0.0023   0.0548   0.0548   0.0001   0.0000   0.0023  -0.0114    0.208
    17   0.4000   1.1672   0.0000   0.2900   0.0150   0.0157   0.0025   0.0541   0.0541   0.0001   0.0000   0.0023  -0.0112    0.208
    18   0.4000   1.2120   0.0000   0.2900   0.0110   0.0155   0.0026   0.0534   0.0534   0.0001   0.0000   0.0023  -0.0111    0.208
    19   0.4000   1.2426   0.0000   0.2900   0.0067   0.0154   0.0027   0.0530   0.0530   0.0001   0.0000   0.0023  -0.0110    0.207
    20   0.4000   1.2581   0.0000   0.2900   0.0022   0.0153   0.0028   0.0527   0.0527   0.0001   0.0000   0.0022  -0.0109    0.207

  Surface # 2     main_wing_panel_0 (YDUP)                
     # Chordwise = 12   # Spanwise = 20     First strip = 21
     Surface area Ssurf =    0.365400     Ave. chord Cave =    0.290000

 Forces referred to Sref, Cref, Bref about Xref, Yref, Zref
 Standard axis orientation,  X fwd, Z down         
     CLsurf  =   0.01626     Clsurf  =   0.00204
     CYsurf  =   0.00000     Cmsurf  =   0.00246
     CDsurf  =   0.00002     Cnsurf  =  -0.00005
     CDisurf =   0.00002     CDvsurf =   0.00000

 Forces referred to Ssurf, Cave 
     CLsurf  =   0.05719     CDsurf  =   0.00006

 Strip Forces referred to Strip Area, Chord
    j     Xle      Yle      Zle      Chord    Area     c_cl     ai     cl_norm    cl       cd       cdv    cm_c/4     cm_LE   C.P.x/c
    21   0.4000  -0.0019   0.0000   0.2900   0.0022   0.0170   0.0010   0.0588   0.0588   0.0001   0.0000   0.0023   0.0124    0.210
    22   0.4000  -0.0174   0.0000   0.2900   0.0067   0.0170   0.0010   0.0588   0.0588   0.0001   0.0000   0.0023   0.0124    0.210
    23   0.4000  -0.0480   0.0000   0.2900   0.0110   0.0170   0.0009   0.0588   0.0588   0.0001   0.0000   0.0023   0.0124    0.210
    24   0.4000  -0.0928   0.0000   0.2900   0.0150   0.0170   0.0006   0.0588   0.0588   0.0001   0.0000   0.0023   0.0123    0.210
    25   0.4000  -0.1509   0.0000   0.2900   0.0186   0.0170  -0.0047   0.0587   0.0587   0.0001   0.0000   0.0023   0.0123    0.210
    26   0.4000  -0.2208   0.0000   0.2900   0.0218   0.0170   0.0017   0.0587   0.0587   0.0001   0.0000   0.0023   0.0123    0.210
    27   0.4000  -0.3008   0.0000   0.2900   0.0244   0.0170   0.0044   0.0586   0.0586   0.0001   0.0000   0.0023   0.0123    0.210
    28   0.4000  -0.3889   0.0000   0.2900   0.0265   0.0169   0.0036   0.0584   0.0584   0.0001   0.0000   0.0023   0.0123    0.210
    29   0.4000  -0.4829   0.0000   0.2900   0.0279   0.0169  -0.0147   0.0582   0.0582   0.0001   0.0000   0.0023   0.0122    0.210
    30   0.4000  -0.5806   0.0000   0.2900   0.0286   0.0168   0.0031   0.0580   0.0580   0.0001   0.0000   0.0023   0.0122    0.210
    31   0.4000  -0.6794   0.0000   0.2900   0.0286   0.0167  -0.0009   0.0576   0.0576   0.0001   0.0000   0.0023   0.0121    0.210
    32   0.4000  -0.7771   0.0000   0.2900   0.0279   0.0166   0.0024   0.0572   0.0572   0.0001   0.0000   0.0023   0.0120    0.210
    33   0.4000  -0.8711   0.0000   0.2900   0.0265   0.0164   0.0000   0.0567   0.0567   0.0001   0.0000   0.0023   0.0119    0.209
    34   0.4000  -0.9592   0.0000   0.2900   0.0244   0.0163   0.0018   0.0561   0.0561   0.0001   0.0000   0.0023   0.0117    0.209
    35   0.4000  -1.0392   0.0000   0.2900   0.0218   0.0161   0.0021   0.0555   0.0555   0.0001   0.0000   0.0023   0.0116    0.209
    36   0.4000  -1.1091   0.0000   0.2900   0.0186   0.0159   0.0023   0.0548   0.0548   0.0001   0.0000   0.0023   0.0114    0.208
    37   0.4000  -1.1672   0.0000   0.2900   0.0150   0.0157   0.0025   0.0541   0.0541   0.0001   0.0000   0.0023   0.0112    0.208
    38   0.4000  -1.2120   0.0000   0.2900   0.0110   0.0155   0.0026   0.0534   0.0534   0.0001   0.0000   0.0023   0.0111    0.208
    39   0.4000  -1.2426   0.0000   0.2900   0.0067   0.0154   0.0027   0.0530   0.0530   0.0001   0.0000   0.0023   0.0110    0.207
    40   0.4000  -1.2581   0.0000   0.2900   0.0022   0.0153   0.0028   0.0527   0.0527   0.0001   0.0000   0.0022   0.0109    0.207

  Surface # 3     main_wing_panel_1                       
     # Chordwise = 12   # Spanwise = 20     First strip = 41
     Surface area Ssurf =    0.275268     Ave. chord Cave =    0.226186

 Forces referred to Sref, Cref, Bref about Xref, Yref, Zref
 Standard axis orientation,  X fwd, Z down         
     CLsurf  =   0.00684     Clsurf  =  -0.00220
     CYsurf  =   0.00001     Cmsurf  =   0.00105
     CDsurf  =   0.00001     Cnsurf  =   0.00006
     CDisurf =   0.00001     CDvsurf =   0.00000

 Forces referred to Ssurf, Cave 
     CLsurf  =   0.03193     CDsurf  =   0.00003

 Strip Forces referred to Strip Area, Chord
    j     Xle      Yle      Zle      Chord    Area     c_cl     ai     cl_norm    cl       cd       cdv    cm_c/4     cm_LE   C.P.x/c
    41   0.4000   1.2617   0.0000   0.2899   0.0020   0.0153   0.0028   0.0527   0.0527   0.0001   0.0000   0.0022  -0.0109    0.207
    42   0.4001   1.2754   0.0000   0.2895   0.0059   0.0152   0.0028   0.0525   0.0525   0.0001   0.0000   0.0022  -0.0109    0.207
    43   0.4003   1.3025   0.0000   0.2887   0.0097   0.0150   0.0028   0.0521   0.0521   0.0001   0.0000   0.0022  -0.0108    0.207
    44   0.4005   1.3423   0.0000   0.2876   0.0132   0.0148   0.0028   0.0514   0.0514   0.0001   0.0000   0.0022  -0.0106    0.207
    45   0.4009   1.3938   0.0000   0.2861   0.0163   0.0144   0.0028   0.0503   0.0503   0.0001   0.0000   0.0022  -0.0104    0.206
    46   0.4013   1.4558   0.0000   0.2842   0.0189   0.0139   0.0029   0.0488   0.0488   0.0001   0.0000   0.0022  -0.0100    0.205
    47   0.4017   1.5267   0.0000   0.2821   0.0211   0.0132   0.0030   0.0467   0.0467   0.0001   0.0000   0.0021  -0.0095    0.204
    48   0.4034   1.6218   0.0000   0.2760   0.0319   0.0120   0.0027   0.0436   0.0436   0.0001   0.0000   0.0021  -0.0088    0.203
    49   0.4064   1.7407   0.0000   0.2654   0.0323   0.0102   0.0020   0.0386   0.0386   0.0000   0.0000   0.0019  -0.0078    0.202
    50   0.4095   1.8476   0.0000   0.2533   0.0232   0.0082   0.0010   0.0323   0.0323   0.0000   0.0000   0.0016  -0.0065    0.202
    51   0.4125   1.9394   0.0000   0.2397   0.0219   0.0061  -0.0004   0.0255   0.0255  -0.0000   0.0000   0.0012  -0.0052    0.205
    52   0.4161   2.0215   0.0000   0.2255   0.0163   0.0042  -0.0016   0.0188   0.0188  -0.0000   0.0000   0.0008  -0.0039    0.209
    53   0.4201   2.0922   0.0000   0.2109   0.0145   0.0026  -0.0027   0.0125   0.0125  -0.0000   0.0000   0.0004  -0.0027    0.216
    54   0.4256   2.1823   0.0000   0.1881   0.0207   0.0011  -0.0035   0.0059   0.0059  -0.0000   0.0000   0.0000  -0.0014    0.243
    55   0.4331   2.2799   0.0000   0.1570   0.0133  -0.0001  -0.0044  -0.0003  -0.0003   0.0000   0.0000  -0.0003  -0.0003   -0.747
    56   0.4393   2.3401   0.0000   0.1327   0.0049  -0.0005  -0.0048  -0.0037  -0.0037   0.0000   0.0000  -0.0006   0.0003    0.094
    57   0.4433   2.3732   0.0000   0.1167   0.0034  -0.0007  -0.0048  -0.0056  -0.0056   0.0000   0.0000  -0.0007   0.0007    0.128
    58   0.4499   2.4149   0.0000   0.0897   0.0046  -0.0007  -0.0046  -0.0076  -0.0076   0.0000   0.0000  -0.0008   0.0011    0.146
    59   0.4623   2.4550   0.0000   0.0412   0.0012  -0.0004  -0.0041  -0.0106  -0.0106   0.0000   0.0000  -0.0010   0.0015    0.156
    60   0.4718   2.4745   0.0000   0.0046   0.0000  -0.0001  -0.0017  -0.0226  -0.0226   0.0000   0.0000  -0.0018   0.0035    0.170

  Surface # 4     main_wing_panel_1 (YDUP)                
     # Chordwise = 12   # Spanwise = 20     First strip = 61
     Surface area Ssurf =    0.275268     Ave. chord Cave =    0.226186

 Forces referred to Sref, Cref, Bref about Xref, Yref, Zref
 Standard axis orientation,  X fwd, Z down         
     CLsurf  =   0.00684     Clsurf  =   0.00220
     CYsurf  =  -0.00001     Cmsurf  =   0.00105
     CDsurf  =   0.00001     Cnsurf  =  -0.00006
     CDisurf =   0.00001     CDvsurf =   0.00000

 Forces referred to Ssurf, Cave 
     CLsurf  =   0.03193     CDsurf  =   0.00003

 Strip Forces referred to Strip Area, Chord
    j     Xle      Yle      Zle      Chord    Area     c_cl     ai     cl_norm    cl       cd       cdv    cm_c/4     cm_LE   C.P.x/c
    61   0.4000  -1.2617   0.0000   0.2899   0.0020   0.0153   0.0028   0.0527   0.0527   0.0001   0.0000   0.0022   0.0109    0.207
    62   0.4001  -1.2754   0.0000   0.2895   0.0059   0.0152   0.0028   0.0525   0.0525   0.0001   0.0000   0.0022   0.0109    0.207
    63   0.4003  -1.3025   0.0000   0.2887   0.0097   0.0150   0.0028   0.0521   0.0521   0.0001   0.0000   0.0022   0.0108    0.207
    64   0.4005  -1.3423   0.0000   0.2876   0.0132   0.0148   0.0028   0.0514   0.0514   0.0001   0.0000   0.0022   0.0106    0.207
    65   0.4009  -1.3938   0.0000   0.2861   0.0163   0.0144   0.0028   0.0503   0.0503   0.0001   0.0000   0.0022   0.0104    0.206
    66   0.4013  -1.4558   0.0000   0.2842   0.0189   0.0139   0.0029   0.0488   0.0488   0.0001   0.0000   0.0022   0.0100    0.205
    67   0.4017  -1.5267   0.0000   0.2821   0.0211   0.0132   0.0030   0.0467   0.0467   0.0001   0.0000   0.0021   0.0095    0.204
    68   0.4034  -1.6218   0.0000   0.2760   0.0319   0.0120   0.0027   0.0436   0.0436   0.0001   0.0000   0.0021   0.0088    0.203
    69   0.4064  -1.7407   0.0000   0.2654   0.0323   0.0102   0.0020   0.0386   0.0386   0.0000   0.0000   0.0019   0.0078    0.202
    70   0.4095  -1.8476   0.0000   0.2533   0.0232   0.0082   0.0010   0.0323   0.0323   0.0000   0.0000   0.0016   0.0065    0.202
    71   0.4125  -1.9394   0.0000   0.2397   0.0219   0.0061  -0.0004   0.0255   0.0255  -0.0000   0.0000   0.0012   0.0052    0.205
    72   0.4161  -2.0215   0.0000   0.2255   0.0163   0.0042  -0.0016   0.0188   0.0188  -0.0000   0.0000   0.0008   0.0039    0.209
    73   0.4201  -2.0922   0.0000   0.2109   0.0145   0.0026  -0.0027   0.0125   0.0125  -0.0000   0.0000   0.0004   0.0027    0.216
    74   0.4256  -2.1823   0.0000   0.1881   0.0207   0.0011  -0.0035   0.0059   0.0059  -0.0000   0.0000   0.0000   0.0014    0.243
    75   0.4331  -2.2799   0.0000   0.1570   0.0133  -0.0001  -0.0044  -0.0003  -0.0003   0.0000   0.0000  -0.0003   0.0003   -0.744
    76   0.4393  -2.3401   0.0000   0.1327   0.0049  -0.0005  -0.0048  -0.0037  -0.0037   0.0000   0.0000  -0.0006  -0.0003    0.094
    77   0.4433  -2.3732   0.0000   0.1167   0.0034  -0.0007  -0.0048  -0.0056  -0.0056   0.0000   0.0000  -0.0007  -0.0007    0.128
    78   0.4499  -2.4149   0.0000   0.0897   0.0046  -0.0007  -0.0046  -0.0076  -0.0076   0.0000   0.0000  -0.0008  -0.0011    0.146
    79   0.4623  -2.4550   0.0000   0.0412   0.0012  -0.0004  -0.0041  -0.0106  -0.0106   0.0000   0.0000  -0.0010  -0.0015    0.156
    80   0.4718  -2.4745   0.0000   0.0046   0.0000  -0.0001  -0.0017  -0.0226  -0.0226   0.0000   0.0000  -0.0018  -0.0035    0.170

  Surface # 5     hstab_panel_0                           
     # Chordwise = 12   # Spanwise = 20     First strip = 81
     Surface area Ssurf =    0.043750     Ave. chord Cave =    0.125000

 Forces referred to Sref, Cref, Bref about Xref, Yref, Zref
 Standard axis orientation,  X fwd, Z down         
     CLsurf  =   0.00020     Clsurf  =  -0.00003
     CYsurf  =   0.00000     Cmsurf  =  -0.00146
     CDsurf  =   0.00000     Cnsurf  =   0.00000
     CDisurf =   0.00000     CDvsurf =   0.00000

 Forces referred to Ssurf, Cave 
     CLsurf  =   0.00595     CDsurf  =   0.00006

 Strip Forces referred to Strip Area, Chord
    j     Xle      Yle      Zle      Chord    Area     c_cl     ai     cl_norm    cl       cd       cdv    cm_c/4     cm_LE   C.P.x/c
    81   1.8000   0.5005   0.0000   0.1499   0.0003  -0.0015  -0.0697  -0.0100  -0.0100   0.0009   0.0000  -0.0075  -0.0050   -0.502
    82   1.8002   0.5048   0.0000   0.1493   0.0010  -0.0005  -0.0025  -0.0034  -0.0034   0.0003   0.0000  -0.0131  -0.0122  999.000
    83   1.8005   0.5133   0.0000   0.1481   0.0016   0.0003   0.0065   0.0020   0.0020   0.0002   0.0000  -0.0181  -0.0186  999.000
    84   1.8009   0.5258   0.0000   0.1463   0.0021   0.0008   0.0086   0.0057   0.0057   0.0002   0.0000  -0.0220  -0.0234  999.000
    85   1.8014   0.5419   0.0000   0.1440   0.0026   0.0011   0.0060   0.0078   0.0078   0.0001   0.0000  -0.0245  -0.0265  999.000
    86   1.8021   0.5613   0.0000   0.1412   0.0029   0.0012   0.0051   0.0086   0.0086   0.0001   0.0000  -0.0260  -0.0281  999.000
    87   1.8029   0.5836   0.0000   0.1381   0.0032   0.0012   0.0042   0.0086   0.0086   0.0001   0.0000  -0.0267  -0.0289  999.000
    88   1.8037   0.6080   0.0000   0.1346   0.0034   0.0011   0.0037   0.0082   0.0082   0.0000   0.0000  -0.0271  -0.0291  999.000
    89   1.8046   0.6341   0.0000   0.1308   0.0035   0.0010   0.0009   0.0075   0.0075   0.0000   0.0000  -0.0272  -0.0291  999.000
    90   1.8055   0.6613   0.0000   0.1270   0.0035   0.0009   0.0022   0.0068   0.0068   0.0000   0.0000  -0.0273  -0.0290  999.000
    91   1.8065   0.6887   0.0000   0.1230   0.0034   0.0007   0.0022   0.0059   0.0059   0.0000   0.0000  -0.0273  -0.0287  999.000
    92   1.8074   0.7159   0.0000   0.1192   0.0032   0.0006   0.0025   0.0052   0.0052   0.0000   0.0000  -0.0272  -0.0285  999.000
    93   1.8083   0.7420   0.0000   0.1154   0.0029   0.0005   0.0010   0.0047   0.0047   0.0000   0.0000  -0.0271  -0.0283  999.000
    94   1.8091   0.7664   0.0000   0.1119   0.0026   0.0005   0.0015   0.0045   0.0045  -0.0000   0.0000  -0.0269  -0.0280  999.000
    95   1.8099   0.7887   0.0000   0.1088   0.0023   0.0005   0.0021   0.0047   0.0047   0.0000   0.0000  -0.0265  -0.0276  999.000
    96   1.8106   0.8081   0.0000   0.1060   0.0019   0.0006   0.0035   0.0052   0.0052   0.0000   0.0000  -0.0256  -0.0268  999.000
    97   1.8111   0.8242   0.0000   0.1037   0.0015   0.0006   0.0298   0.0058   0.0058   0.0000   0.0000  -0.0236  -0.0250  999.000
    98   1.8115   0.8367   0.0000   0.1019   0.0011   0.0006   0.0065   0.0059   0.0059   0.0001   0.0000  -0.0197  -0.0212  999.000
    99   1.8118   0.8452   0.0000   0.1007   0.0006   0.0005   0.0099   0.0045   0.0045   0.0001   0.0000  -0.0134  -0.0146  999.000
   100   1.8120   0.8495   0.0000   0.1001   0.0002   0.0002   0.0120   0.0017   0.0017   0.0001   0.0000  -0.0048  -0.0052  999.000

  Surface # 6     hstab_panel_0 (YDUP)                    
     # Chordwise = 12   # Spanwise = 20     First strip =101
     Surface area Ssurf =    0.043750     Ave. chord Cave =    0.125000

 Forces referred to Sref, Cref, Bref about Xref, Yref, Zref
 Standard axis orientation,  X fwd, Z down         
     CLsurf  =   0.00029     Clsurf  =   0.00004
     CYsurf  =  -0.00000     Cmsurf  =  -0.00193
     CDsurf  =   0.00000     Cnsurf  =  -0.00000
     CDisurf =   0.00000     CDvsurf =   0.00000

 Forces referred to Ssurf, Cave 
     CLsurf  =   0.00860     CDsurf  =   0.00003

 Strip Forces referred to Strip Area, Chord
    j     Xle      Yle      Zle      Chord    Area     c_cl     ai     cl_norm    cl       cd       cdv    cm_c/4     cm_LE   C.P.x/c
   101   1.8000  -0.5005   0.0000   0.1499   0.0003   0.0004  -0.0976   0.0026   0.0026   0.0000   0.0000  -0.0037   0.0043    1.641
   102   1.8002  -0.5048   0.0000   0.1493   0.0010   0.0011  -0.0055   0.0076   0.0076   0.0001   0.0000  -0.0107   0.0125    1.659
   103   1.8005  -0.5133   0.0000   0.1481   0.0016   0.0017   0.0067   0.0115   0.0115   0.0001   0.0000  -0.0167   0.0196    1.711
   104   1.8009  -0.5258   0.0000   0.1463   0.0021   0.0020   0.0093   0.0136   0.0136   0.0001   0.0000  -0.0214   0.0248    1.819
   105   1.8014  -0.5419   0.0000   0.1440   0.0026   0.0020   0.0064   0.0141   0.0141   0.0001   0.0000  -0.0244   0.0279    1.984
   106   1.8021  -0.5613   0.0000   0.1412   0.0029   0.0019   0.0051   0.0134   0.0134   0.0000   0.0000  -0.0261   0.0295  999.000
   107   1.8029  -0.5836   0.0000   0.1381   0.0032   0.0017   0.0040   0.0122   0.0122   0.0000   0.0000  -0.0269   0.0300  999.000
   108   1.8037  -0.6080   0.0000   0.1346   0.0034   0.0014   0.0034   0.0108   0.0108   0.0000   0.0000  -0.0273   0.0300  999.000
   109   1.8046  -0.6341   0.0000   0.1308   0.0035   0.0012   0.0007   0.0094   0.0094   0.0000   0.0000  -0.0274   0.0297  999.000
   110   1.8055  -0.6613   0.0000   0.1270   0.0035   0.0010   0.0020   0.0080   0.0080   0.0000   0.0000  -0.0274   0.0294  999.000
   111   1.8065  -0.6887   0.0000   0.1230   0.0034   0.0008   0.0020   0.0068   0.0068   0.0000   0.0000  -0.0274   0.0290  999.000
   112   1.8074  -0.7159   0.0000   0.1192   0.0032   0.0007   0.0024   0.0059   0.0059   0.0000   0.0000  -0.0273   0.0287  999.000
   113   1.8083  -0.7420   0.0000   0.1154   0.0029   0.0006   0.0008   0.0051   0.0051  -0.0000   0.0000  -0.0272   0.0284  999.000
   114   1.8091  -0.7664   0.0000   0.1119   0.0026   0.0005   0.0015   0.0048   0.0048  -0.0000   0.0000  -0.0269   0.0281  999.000
   115   1.8099  -0.7887   0.0000   0.1088   0.0023   0.0005   0.0021   0.0049   0.0049  -0.0000   0.0000  -0.0265   0.0277  999.000
   116   1.8106  -0.8081   0.0000   0.1060   0.0019   0.0006   0.0035   0.0054   0.0054   0.0000   0.0000  -0.0256   0.0269  999.000
   117   1.8111  -0.8242   0.0000   0.1037   0.0015   0.0006   0.0297   0.0059   0.0059   0.0000   0.0000  -0.0236   0.0250  999.000
   118   1.8115  -0.8367   0.0000   0.1019   0.0011   0.0006   0.0065   0.0059   0.0059   0.0001   0.0000  -0.0197   0.0212  999.000
   119   1.8118  -0.8452   0.0000   0.1007   0.0006   0.0005   0.0098   0.0046   0.0046   0.0001   0.0000  -0.0134   0.0146  999.000
   120   1.8120  -0.8495   0.0000   0.1001   0.0002   0.0002   0.0120   0.0018   0.0018   0.0001   0.0000  -0.0048   0.0053  999.000

  Surface # 7     fin_panel_0                             
     # Chordwise = 12   # Spanwise = 20     First strip =121
     Surface area Ssurf =    0.050000     Ave. chord Cave =    0.125000

 Forces referred to Sref, Cref, Bref about Xref, Yref, Zref
 Standard axis orientation,  X fwd, Z down         
     CLsurf  =  -0.00000     Clsurf  =   0.00000
     CYsurf  =  -0.00003     Cmsurf  =   0.00000
     CDsurf  =  -0.00000     Cnsurf  =   0.00001
     CDisurf =  -0.00000     CDvsurf =   0.00000

 Forces referred to Ssurf, Cave 
     CLsurf  =  -0.00080     CDsurf  =  -0.00002

 Strip Forces referred to Strip Area, Chord
    j     Xle      Yle      Zle      Chord    Area     c_cl     ai     cl_norm    cl       cd       cdv    cm_c/4     cm_LE   C.P.x/c
   121   1.8000   0.5000   0.3994   0.1499   0.0004   0.0001   0.0021   0.0004   0.0004   0.0000   0.0000   0.0001   0.0000   -0.093
   122   1.8002   0.5000   0.3945   0.1493   0.0011   0.0002   0.0021   0.0012   0.0012   0.0000   0.0000   0.0004   0.0001   -0.074
   123   1.8005   0.5000   0.3848   0.1481   0.0018   0.0003   0.0021   0.0020   0.0020   0.0000   0.0000   0.0006   0.0001   -0.046
   124   1.8009   0.5000   0.3705   0.1463   0.0024   0.0004   0.0020   0.0026   0.0026   0.0000   0.0000   0.0007   0.0000   -0.016
   125   1.8014   0.5000   0.3521   0.1440   0.0029   0.0004   0.0019   0.0031   0.0031   0.0000   0.0000   0.0007  -0.0000    0.010
   126   1.8021   0.5000   0.3299   0.1412   0.0034   0.0005   0.0018   0.0033   0.0033   0.0000   0.0000   0.0007  -0.0001    0.028
   127   1.8029   0.5000   0.3045   0.1381   0.0037   0.0005   0.0017   0.0034   0.0034   0.0000   0.0000   0.0007  -0.0001    0.034
   128   1.8037   0.5000   0.2765   0.1346   0.0039   0.0004   0.0015   0.0031   0.0031   0.0000   0.0000   0.0007  -0.0001    0.022
   129   1.8046   0.5000   0.2467   0.1308   0.0040   0.0003   0.0013   0.0026   0.0026   0.0000   0.0000   0.0007   0.0000   -0.018
   130   1.8055   0.5000   0.2157   0.1270   0.0040   0.0002   0.0011   0.0018   0.0018   0.0000   0.0000   0.0007   0.0002   -0.130
   131   1.8065   0.5000   0.1843   0.1230   0.0038   0.0001   0.0010   0.0008   0.0008   0.0000   0.0000   0.0007   0.0005   -0.612
   132   1.8074   0.5000   0.1533   0.1192   0.0036  -0.0001   0.0008  -0.0004  -0.0004  -0.0000   0.0000   0.0007   0.0009    1.934
   133   1.8083   0.5000   0.1235   0.1154   0.0033  -0.0002   0.0007  -0.0020  -0.0020  -0.0000   0.0000   0.0008   0.0013    0.636
   134   1.8091   0.5000   0.0955   0.1119   0.0030  -0.0004   0.0005  -0.0040  -0.0040  -0.0000   0.0000   0.0008   0.0018    0.447
   135   1.8099   0.5000   0.0701   0.1088   0.0026  -0.0007   0.0001  -0.0064  -0.0064  -0.0000   0.0000   0.0006   0.0022    0.350
   136   1.8106   0.5000   0.0479   0.1060   0.0022  -0.0010  -0.0006  -0.0094  -0.0094  -0.0000   0.0000   0.0001   0.0024    0.260
   137   1.8111   0.5000   0.0295   0.1037   0.0017  -0.0013  -0.0023  -0.0127  -0.0127  -0.0000   0.0000  -0.0013   0.0018    0.145
   138   1.8115   0.5000   0.0152   0.1019   0.0012  -0.0016  -0.0050  -0.0159  -0.0159  -0.0001   0.0000  -0.0040   0.0000   -0.000
   139   1.8118   0.5000   0.0055   0.1007   0.0007  -0.0019  -0.0092  -0.0185  -0.0185  -0.0003   0.0000  -0.0073  -0.0027   -0.147
   140   1.8120   0.5000   0.0006   0.1001   0.0002  -0.0020  -0.0330  -0.0203  -0.0203  -0.0016   0.0000  -0.0097  -0.0046   -0.229

  Surface # 8     hstab_panel_0                           
     # Chordwise = 12   # Spanwise = 20     First strip =141
     Surface area Ssurf =    0.043750     Ave. chord Cave =    0.125000

 Forces referred to Sref, Cref, Bref about Xref, Yref, Zref
 Standard axis orientation,  X fwd, Z down         
     CLsurf  =   0.00023     Clsurf  =   0.00002
     CYsurf  =   0.00000     Cmsurf  =  -0.00159
     CDsurf  =   0.00000     Cnsurf  =  -0.00000
     CDisurf =   0.00000     CDvsurf =   0.00000

 Forces referred to Ssurf, Cave 
     CLsurf  =   0.00668     CDsurf  =   0.00005

 Strip Forces referred to Strip Area, Chord
    j     Xle      Yle      Zle      Chord    Area     c_cl     ai     cl_norm    cl       cd       cdv    cm_c/4     cm_LE   C.P.x/c
   141   1.8000  -0.4995   0.0000   0.1499   0.0003  -0.0014  -0.0682  -0.0093  -0.0093   0.0009   0.0000  -0.0075  -0.0052   -0.562
   142   1.8002  -0.4952   0.0000   0.1493   0.0010  -0.0004  -0.0022  -0.0028  -0.0028   0.0003   0.0000  -0.0131  -0.0124  999.000
   143   1.8005  -0.4867   0.0000   0.1481   0.0016   0.0004   0.0064   0.0026   0.0026   0.0002   0.0000  -0.0182  -0.0188  999.000
   144   1.8009  -0.4742   0.0000   0.1463   0.0021   0.0009   0.0075   0.0064   0.0064   0.0002   0.0000  -0.0220  -0.0236  999.000
   145   1.8014  -0.4581   0.0000   0.1440   0.0026   0.0012   0.0064   0.0084   0.0084   0.0001   0.0000  -0.0246  -0.0267  999.000
   146   1.8021  -0.4387   0.0000   0.1412   0.0029   0.0013   0.0038   0.0092   0.0092   0.0001   0.0000  -0.0260  -0.0283  999.000
   147   1.8029  -0.4164   0.0000   0.1381   0.0032   0.0013   0.0043   0.0093   0.0093   0.0000   0.0000  -0.0268  -0.0291  999.000
   148   1.8037  -0.3920   0.0000   0.1346   0.0034   0.0012   0.0033   0.0089   0.0089   0.0000   0.0000  -0.0271  -0.0293  999.000
   149   1.8046  -0.3659   0.0000   0.1308   0.0035   0.0011   0.0025   0.0083   0.0083   0.0000   0.0000  -0.0273  -0.0293  999.000
   150   1.8055  -0.3387   0.0000   0.1270   0.0035   0.0010   0.0028   0.0075   0.0075   0.0000   0.0000  -0.0273  -0.0292  999.000
   151   1.8065  -0.3113   0.0000   0.1230   0.0034   0.0008   0.0019   0.0067   0.0067   0.0000   0.0000  -0.0273  -0.0290  999.000
   152   1.8074  -0.2841   0.0000   0.1192   0.0032   0.0007   0.0015   0.0061   0.0061   0.0000   0.0000  -0.0272  -0.0287  999.000
   153   1.8083  -0.2580   0.0000   0.1154   0.0029   0.0006   0.0027   0.0056   0.0056   0.0000   0.0000  -0.0271  -0.0285  999.000
   154   1.8091  -0.2336   0.0000   0.1119   0.0026   0.0006   0.0015   0.0053   0.0053  -0.0000   0.0000  -0.0269  -0.0282  999.000
   155   1.8099  -0.2113   0.0000   0.1088   0.0023   0.0006   0.0017   0.0055   0.0055   0.0000   0.0000  -0.0265  -0.0279  999.000
   156   1.8106  -0.1919   0.0000   0.1060   0.0019   0.0006   0.0025   0.0060   0.0060   0.0000   0.0000  -0.0256  -0.0270  999.000
   157   1.8111  -0.1758   0.0000   0.1037   0.0015   0.0007   0.0046   0.0065   0.0065   0.0000   0.0000  -0.0236  -0.0252  999.000
   158   1.8115  -0.1633   0.0000   0.1019   0.0011   0.0006   0.0072   0.0064   0.0064   0.0001   0.0000  -0.0197  -0.0213  999.000
   159   1.8118  -0.1548   0.0000   0.1007   0.0006   0.0005   0.0101   0.0049   0.0049   0.0001   0.0000  -0.0134  -0.0146  999.000
   160   1.8120  -0.1505   0.0000   0.1001   0.0002   0.0002   0.0121   0.0019   0.0019   0.0001   0.0000  -0.0048  -0.0053  999.000

  Surface # 9     hstab_panel_0 (YDUP)                    
     # Chordwise = 12   # Spanwise = 20     First strip =161
     Surface area Ssurf =    0.043750     Ave. chord Cave =    0.125000

 Forces referred to Sref, Cref, Bref about Xref, Yref, Zref
 Standard axis orientation,  X fwd, Z down         
     CLsurf  =   0.00031     Clsurf  =  -0.00002
     CYsurf  =  -0.00000     Cmsurf  =  -0.00204
     CDsurf  =   0.00000     Cnsurf  =   0.00000
     CDisurf =   0.00000     CDvsurf =   0.00000

 Forces referred to Ssurf, Cave 
     CLsurf  =   0.00922     CDsurf  =   0.00003

 Strip Forces referred to Strip Area, Chord
    j     Xle      Yle      Zle      Chord    Area     c_cl     ai     cl_norm    cl       cd       cdv    cm_c/4     cm_LE   C.P.x/c
   161   1.8000   0.4995   0.0000   0.1499   0.0003   0.0004  -0.0978   0.0027   0.0027   0.0000   0.0000  -0.0037   0.0043    1.620
   162   1.8002   0.4952   0.0000   0.1493   0.0010   0.0011  -0.0057   0.0077   0.0077   0.0001   0.0000  -0.0107   0.0126    1.636
   163   1.8005   0.4867   0.0000   0.1481   0.0016   0.0017   0.0064   0.0117   0.0117   0.0001   0.0000  -0.0168   0.0197    1.683
   164   1.8009   0.4742   0.0000   0.1463   0.0021   0.0020   0.0082   0.0140   0.0140   0.0001   0.0000  -0.0214   0.0249    1.784
   165   1.8014   0.4581   0.0000   0.1440   0.0026   0.0021   0.0067   0.0145   0.0145   0.0001   0.0000  -0.0245   0.0281    1.938
   166   1.8021   0.4387   0.0000   0.1412   0.0029   0.0020   0.0038   0.0139   0.0139   0.0000   0.0000  -0.0261   0.0296  999.000
   167   1.8029   0.4164   0.0000   0.1381   0.0032   0.0018   0.0040   0.0127   0.0127   0.0000   0.0000  -0.0270   0.0301  999.000
   168   1.8037   0.3920   0.0000   0.1346   0.0034   0.0015   0.0030   0.0114   0.0114   0.0000   0.0000  -0.0273   0.0301  999.000
   169   1.8046   0.3659   0.0000   0.1308   0.0035   0.0013   0.0023   0.0100   0.0100   0.0000   0.0000  -0.0274   0.0299  999.000
   170   1.8055   0.3387   0.0000   0.1270   0.0035   0.0011   0.0026   0.0087   0.0087   0.0000   0.0000  -0.0274   0.0296  999.000
   171   1.8065   0.3113   0.0000   0.1230   0.0034   0.0009   0.0017   0.0076   0.0076   0.0000   0.0000  -0.0274   0.0293  999.000
   172   1.8074   0.2841   0.0000   0.1192   0.0032   0.0008   0.0014   0.0067   0.0067   0.0000   0.0000  -0.0273   0.0289  999.000
   173   1.8083   0.2580   0.0000   0.1154   0.0029   0.0007   0.0026   0.0060   0.0060  -0.0000   0.0000  -0.0272   0.0286  999.000
   174   1.8091   0.2336   0.0000   0.1119   0.0026   0.0006   0.0014   0.0056   0.0056  -0.0000   0.0000  -0.0270   0.0284  999.000
   175   1.8099   0.2113   0.0000   0.1088   0.0023   0.0006   0.0017   0.0057   0.0057   0.0000   0.0000  -0.0265   0.0279  999.000
   176   1.8106   0.1919   0.0000   0.1060   0.0019   0.0007   0.0024   0.0061   0.0061   0.0000   0.0000  -0.0256   0.0271  999.000
   177   1.8111   0.1758   0.0000   0.1037   0.0015   0.0007   0.0046   0.0066   0.0066   0.0000   0.0000  -0.0236   0.0252  999.000
   178   1.8115   0.1633   0.0000   0.1019   0.0011   0.0007   0.0072   0.0064   0.0064   0.0001   0.0000  -0.0197   0.0213  999.000
   179   1.8118   0.1548   0.0000   0.1007   0.0006   0.0005   0.0101   0.0049   0.0049   0.0001   0.0000  -0.0134   0.0146  999.000
   180   1.8120   0.1505   0.0000   0.1001   0.0002   0.0002   0.0121   0.0019   0.0019   0.0001   0.0000  -0.0048   0.0053  999.000

  Surface #10     fin_panel_0                             
     # Chordwise = 12   # Spanwise = 20     First strip =181
     Surface area Ssurf =    0.050000     Ave. chord Cave =    0.125000

 Forces referred to Sref, Cref, Bref about Xref, Yref, Zref
 Standard axis orientation,  X fwd, Z down         
     CLsurf  =  -0.00000     Clsurf  =   0.00001
     CYsurf  =   0.00004     Cmsurf  =   0.00000
     CDsurf  =  -0.00000     Cnsurf  =  -0.00001
     CDisurf =  -0.00000     CDvsurf =   0.00000

 Forces referred to Ssurf, Cave 
     CLsurf  =   0.00090     CDsurf  =  -0.00001

 Strip Forces referred to Strip Area, Chord
    j     Xle      Yle      Zle      Chord    Area     c_cl     ai     cl_norm    cl       cd       cdv    cm_c/4     cm_LE   C.P.x/c
   181   1.8000  -0.5000   0.3994   0.1499   0.0004   0.0001   0.0019   0.0006   0.0006   0.0000   0.0000   0.0002   0.0000   -0.008
   182   1.8002  -0.5000   0.3945   0.1493   0.0011   0.0003   0.0019   0.0018   0.0018   0.0000   0.0000   0.0004  -0.0000    0.008
   183   1.8005  -0.5000   0.3848   0.1481   0.0018   0.0004   0.0019   0.0029   0.0029   0.0000   0.0000   0.0006  -0.0001    0.032
   184   1.8009  -0.5000   0.3705   0.1463   0.0024   0.0006   0.0018   0.0038   0.0038   0.0000   0.0000   0.0007  -0.0002    0.058
   185   1.8014  -0.5000   0.3521   0.1440   0.0029   0.0007   0.0017   0.0045   0.0045   0.0000   0.0000   0.0008  -0.0004    0.082
   186   1.8021  -0.5000   0.3299   0.1412   0.0034   0.0007   0.0015   0.0050   0.0050   0.0000   0.0000   0.0008  -0.0005    0.100
   187   1.8029  -0.5000   0.3045   0.1381   0.0037   0.0007   0.0014   0.0052   0.0052   0.0000   0.0000   0.0007  -0.0006    0.112
   188   1.8037  -0.5000   0.2765   0.1346   0.0039   0.0007   0.0012   0.0051   0.0051   0.0000   0.0000   0.0007  -0.0006    0.114
   189   1.8046  -0.5000   0.2467   0.1308   0.0040   0.0006   0.0010   0.0046   0.0046   0.0000   0.0000   0.0007  -0.0005    0.106
   190   1.8055  -0.5000   0.2157   0.1270   0.0040   0.0005   0.0008   0.0039   0.0039   0.0000   0.0000   0.0007  -0.0003    0.081
   191   1.8065  -0.5000   0.1843   0.1230   0.0038   0.0004   0.0006   0.0029   0.0029   0.0000   0.0000   0.0007  -0.0000    0.016
   192   1.8074  -0.5000   0.1533   0.1192   0.0036   0.0002   0.0005   0.0015   0.0015   0.0000   0.0000   0.0007   0.0003   -0.202
   193   1.8083  -0.5000   0.1235   0.1154   0.0033  -0.0000   0.0003  -0.0001  -0.0001  -0.0000   0.0000   0.0007   0.0008  999.000
   194   1.8091  -0.5000   0.0955   0.1119   0.0030  -0.0002   0.0001  -0.0022  -0.0022  -0.0000   0.0000   0.0007   0.0013    0.581
   195   1.8099  -0.5000   0.0701   0.1088   0.0026  -0.0005  -0.0003  -0.0048  -0.0048  -0.0000   0.0000   0.0006   0.0018    0.372
   196   1.8106  -0.5000   0.0479   0.1060   0.0022  -0.0008  -0.0011  -0.0079  -0.0079  -0.0000   0.0000   0.0000   0.0020    0.253
   197   1.8111  -0.5000   0.0295   0.1037   0.0017  -0.0012  -0.0028  -0.0114  -0.0114  -0.0000   0.0000  -0.0014   0.0014    0.126
   198   1.8115  -0.5000   0.0152   0.1019   0.0012  -0.0015  -0.0056  -0.0148  -0.0148  -0.0001   0.0000  -0.0041  -0.0004   -0.026
   199   1.8118  -0.5000   0.0055   0.1007   0.0007  -0.0018  -0.0098  -0.0174  -0.0174  -0.0003   0.0000  -0.0074  -0.0031   -0.177
   200   1.8120  -0.5000   0.0006   0.1001   0.0002  -0.0019  -0.0344  -0.0192  -0.0192  -0.0016   0.0000  -0.0098  -0.0050   -0.260
 ---------------------------------------------------------------
