 ---------------------------------------------------------------
 Surface and Strip Forces by surface

  Sref =  1.2850       Cref = 0.25900       Bref =  4.9540    
  Xref = 0.50000       Yref =  0.0000       Zref =  0.0000    

  Surface # 1     main_wing_panel_0                       
     # Chordwise = 12   # Spanwise = 20     First strip =  1
     Surface area Ssurf =    0.365400     Ave. chord Cave =    0.290000

 Forces referred to Sref, Cref, Bref about Xref, Yref, Zref
 Standard axis orientation,  X fwd, Z down         
     CLsurf  =   0.11695     Clsurf  =  -0.01474
     CYsurf  =   0.00000     Cmsurf  =   0.01943
     CDsurf  =   0.00065     Cnsurf  =  -0.00044
     CDisurf =   0.00065     CDvsurf =   0.00000

 Forces referred to Ssurf, Cave 
     CLsurf  =   0.41128     CDsurf  =   0.00229

 Strip Forces referred to Strip Area, Chord
    j     Xle      Yle      Zle      Chord    Area     c_cl     ai     cl_norm    cl       cd       cdv    cm_c/4     cm_LE   C.P.x/c
     1   0.4000   0.0019   0.0000   0.2900   0.0022   0.1211   0.0009   0.4177   0.4177   0.0020   0.0000   0.0223  -0.0821    0.197
     2   0.4000   0.0174   0.0000   0.2900   0.0067   0.1211   0.0008   0.4177   0.4177   0.0020   0.0000   0.0223  -0.0821    0.197
     3   0.4000   0.0480   0.0000   0.2900   0.0110   0.1211  -0.0001   0.4177   0.4177   0.0020   0.0000   0.0223  -0.0821    0.197
     4   0.4000   0.0928   0.0000   0.2900   0.0150   0.1211  -0.0041   0.4177   0.4177   0.0021   0.0000   0.0223  -0.0821    0.197
     5   0.4000   0.1509   0.0000   0.2900   0.0186   0.1210  -0.0801   0.4175   0.4175   0.0021   0.0000   0.0223  -0.0821    0.197
     6   0.4000   0.2208   0.0000   0.2900   0.0218   0.1210  -0.0428   0.4173   0.4173   0.0021   0.0000   0.0223  -0.0820    0.197
     7   0.4000   0.3008   0.0000   0.2900   0.0244   0.1208   0.0342   0.4169   0.4169   0.0021   0.0000   0.0222  -0.0819    0.197
     8   0.4000   0.3889   0.0000   0.2900   0.0265   0.1207   0.0230   0.4162   0.4162   0.0021   0.0000   0.0222  -0.0818    0.197
     9   0.4000   0.4829   0.0000   0.2900   0.0279   0.1204  -0.0791   0.4154   0.4154   0.0021   0.0000   0.0222  -0.0816    0.197
    10   0.4000   0.5806   0.0000   0.2900   0.0286   0.1201   0.0262   0.4142   0.4142   0.0022   0.0000   0.0222  -0.0814    0.197
    11   0.4000   0.6794   0.0000   0.2900   0.0286   0.1197   0.0161   0.4128   0.4128   0.0022   0.0000   0.0221  -0.0811    0.196
    12   0.4000   0.7771   0.0000   0.2900   0.0279   0.1192   0.1346   0.4111   0.4111   0.0023   0.0000   0.0220  -0.0807    0.196
    13   0.4000   0.8711   0.0000   0.2900   0.0265   0.1186  -0.0131   0.4090   0.4090   0.0024   0.0000   0.0220  -0.0802    0.196
    14   0.4000   0.9592   0.0000   0.2900   0.0244   0.1179   0.0059   0.4067   0.4067   0.0025   0.0000   0.0219  -0.0797    0.196
    15   0.4000   1.0392   0.0000   0.2900   0.0218   0.1172   0.0091   0.4043   0.4043   0.0025   0.0000   0.0218  -0.0792    0.196
    16   0.4000   1.1091   0.0000   0.2900   0.0186   0.1165   0.0106   0.4018   0.4018   0.0026   0.0000   0.0217  -0.0787    0.196
    17   0.4000   1.1672   0.0000   0.2900   0.0150   0.1158   0.0116   0.3993   0.3993   0.0027   0.0000   0.0216  -0.0781    0.196
    18   0.4000   1.2120   0.0000   0.2900   0.0110   0.1151   0.0123   0.3972   0.3972   0.0028   0.0000   0.0216  -0.0777    0.196
    19   0.4000   1.2426   0.0000   0.2900   0.0067   0.1147   0.0128   0.3956   0.3956   0.0029   0.0000   0.0215  -0.0774    0.196
    20   0.4000   1.2581   0.0000   0.2900   0.0022   0.1144   0.0131   0.3948   0.3948   0.0031   0.0000   0.0215  -0.0772    0.196

  Surface # 2     main_wing_panel_0 (YDUP)                
     # Chordwise = 12   # Spanwise = 20     First strip = 21
     Surface area Ssurf =    0.365400     Ave. chord Cave =    0.290000

 Forces referred to Sref, Cref, Bref about Xref, Yref, Zref
 Standard axis orientation,  X fwd, Z down         
     CLsurf  =   0.11695     Clsurf  =   0.01474
     CYsurf  =   0.00000     Cmsurf  =   0.01943
     CDsurf  =   0.00065     Cnsurf  =   0.00044
     CDisurf =   0.00065     CDvsurf =   0.00000

 Forces referred to Ssurf, Cave 
     CLsurf  =   0.41128     CDsurf  =   0.00229

 Strip Forces referred to Strip Area, Chord
    j     Xle      Yle      Zle      Chord    Area     c_cl     ai     cl_norm    cl       cd       cdv    cm_c/4     cm_LE   C.P.x/c
    21   0.4000  -0.0019   0.0000   0.2900   0.0022   0.1211   0.0009   0.4177   0.4177   0.0020   0.0000   0.0223   0.0821    0.197
    22   0.4000  -0.0174   0.0000   0.2900   0.0067   0.1211   0.0008   0.4177   0.4177   0.0020   0.0000   0.0223   0.0821    0.197
    23   0.4000  -0.0480   0.0000   0.2900   0.0110   0.1211  -0.0001   0.4177   0.4177   0.0020   0.0000   0.0223   0.0821    0.197
    24   0.4000  -0.0928   0.0000   0.2900   0.0150   0.1211  -0.0042   0.4177   0.4177   0.0021   0.0000   0.0223   0.0821    0.197
    25   0.4000  -0.1509   0.0000   0.2900   0.0186   0.1210  -0.0806   0.4175   0.4175   0.0021   0.0000   0.0223   0.0821    0.197
    26   0.4000  -0.2208   0.0000   0.2900   0.0218   0.1210  -0.0445   0.4173   0.4173   0.0021   0.0000   0.0223   0.0820    0.197
    27   0.4000  -0.3008   0.0000   0.2900   0.0244   0.1208   0.0358   0.4169   0.4169   0.0021   0.0000   0.0222   0.0819    0.197
    28   0.4000  -0.3889   0.0000   0.2900   0.0265   0.1207   0.0233   0.4162   0.4162   0.0021   0.0000   0.0222   0.0818    0.197
    29   0.4000  -0.4829   0.0000   0.2900   0.0279   0.1204  -0.0422   0.4154   0.4154   0.0021   0.0000   0.0222   0.0816    0.197
    30   0.4000  -0.5806   0.0000   0.2900   0.0286   0.1201   0.0289   0.4142   0.4142   0.0022   0.0000   0.0222   0.0814    0.197
    31   0.4000  -0.6794   0.0000   0.2900   0.0286   0.1197   0.0181   0.4128   0.4128   0.0022   0.0000   0.0221   0.0811    0.196
    32   0.4000  -0.7771   0.0000   0.2900   0.0279   0.1192   0.1326   0.4111   0.4111   0.0023   0.0000   0.0220   0.0807    0.196
    33   0.4000  -0.8711   0.0000   0.2900   0.0265   0.1186  -0.0131   0.4090   0.4090   0.0024   0.0000   0.0220   0.0802    0.196
    34   0.4000  -0.9592   0.0000   0.2900   0.0244   0.1179   0.0059   0.4068   0.4068   0.0025   0.0000   0.0219   0.0797    0.196
    35   0.4000  -1.0392   0.0000   0.2900   0.0218   0.1172   0.0091   0.4043   0.4043   0.0025   0.0000   0.0218   0.0792    0.196
    36   0.4000  -1.1091   0.0000   0.2900   0.0186   0.1165   0.0106   0.4018   0.4018   0.0026   0.0000   0.0217   0.0787    0.196
    37   0.4000  -1.1672   0.0000   0.2900   0.0150   0.1158   0.0116   0.3993   0.3993   0.0027   0.0000   0.0216   0.0781    0.196
    38   0.4000  -1.2120   0.0000   0.2900   0.0110   0.1152   0.0123   0.3972   0.3972   0.0028   0.0000   0.0216   0.0777    0.196
    39   0.4000  -1.2426   0.0000   0.2900   0.0067   0.1147   0.0128   0.3956   0.3956   0.0029   0.0000   0.0215   0.0774    0.196
    40   0.4000  -1.2581   0.0000   0.2900   0.0022   0.1144   0.0130   0.3948   0.3948   0.0031   0.0000   0.0215   0.0772    0.196

  Surface # 3     main_wing_panel_1                       
     # Chordwise = 12   # Spanwise = 20     First strip = 41
     Surface area Ssurf =    0.275268     Ave. chord Cave =    0.226186

 Forces referred to Sref, Cref, Bref about Xref, Yref, Zref
 Standard axis orientation,  X fwd, Z down         
     CLsurf  =   0.08049     Clsurf  =  -0.02865
     CYsurf  =  -0.00017     Cmsurf  =   0.01302
     CDsurf  =   0.00064     Cnsurf  =  -0.00080
     CDisurf =   0.00064     CDvsurf =   0.00000

 Forces referred to Ssurf, Cave 
     CLsurf  =   0.37575     CDsurf  =   0.00300

 Strip Forces referred to Strip Area, Chord
    j     Xle      Yle      Zle      Chord    Area     c_cl     ai     cl_norm    cl       cd       cdv    cm_c/4     cm_LE   C.P.x/c
    41   0.4000   1.2617   0.0000   0.2899   0.0020   0.1144   0.0131   0.3947   0.3947   0.0031   0.0000   0.0215  -0.0772    0.196
    42   0.4001   1.2754   0.0000   0.2895   0.0059   0.1142   0.0132   0.3944   0.3944   0.0029   0.0000   0.0215  -0.0771    0.196
    43   0.4003   1.3025   0.0000   0.2887   0.0097   0.1137   0.0133   0.3938   0.3938   0.0029   0.0000   0.0215  -0.0769    0.195
    44   0.4005   1.3423   0.0000   0.2876   0.0132   0.1129   0.0136   0.3926   0.3926   0.0029   0.0000   0.0215  -0.0766    0.195
    45   0.4009   1.3938   0.0000   0.2861   0.0163   0.1117   0.0141   0.3908   0.3908   0.0029   0.0000   0.0215  -0.0762    0.195
    46   0.4013   1.4558   0.0000   0.2842   0.0189   0.1102   0.0146   0.3879   0.3879   0.0030   0.0000   0.0214  -0.0755    0.195
    47   0.4017   1.5267   0.0000   0.2821   0.0211   0.1082   0.0154   0.3835   0.3835   0.0032   0.0000   0.0213  -0.0745    0.194
    48   0.4034   1.6218   0.0000   0.2760   0.0319   0.1051   0.0159   0.3810   0.3810   0.0032   0.0000   0.0215  -0.0737    0.194
    49   0.4064   1.7407   0.0000   0.2654   0.0323   0.1004   0.0164   0.3783   0.3783   0.0032   0.0000   0.0218  -0.0727    0.192
    50   0.4095   1.8476   0.0000   0.2533   0.0232   0.0949   0.0167   0.3747   0.3747   0.0032   0.0000   0.0222  -0.0714    0.191
    51   0.4125   1.9394   0.0000   0.2397   0.0219   0.0890   0.0167   0.3713   0.3713   0.0032   0.0000   0.0225  -0.0703    0.190
    52   0.4161   2.0215   0.0000   0.2255   0.0163   0.0827   0.0168   0.3670   0.3670   0.0032   0.0000   0.0228  -0.0688    0.188
    53   0.4201   2.0922   0.0000   0.2109   0.0145   0.0762   0.0169   0.3614   0.3614   0.0030   0.0000   0.0232  -0.0670    0.186
    54   0.4256   2.1823   0.0000   0.1881   0.0207   0.0678   0.0166   0.3605   0.3605   0.0030   0.0000   0.0237  -0.0663    0.184
    55   0.4331   2.2799   0.0000   0.1570   0.0133   0.0564   0.0162   0.3597   0.3596   0.0028   0.0000   0.0241  -0.0655    0.183
    56   0.4393   2.3401   0.0000   0.1327   0.0049   0.0468   0.0157   0.3528   0.3528   0.0024   0.0000   0.0244  -0.0633    0.181
    57   0.4433   2.3732   0.0000   0.1167   0.0034   0.0390   0.0157   0.3342   0.3342   0.0022   0.0000   0.0239  -0.0592    0.179
    58   0.4499   2.4149   0.0000   0.0897   0.0046   0.0297   0.0139   0.3306   0.3306   0.0019   0.0000   0.0248  -0.0569    0.175
    59   0.4623   2.4550   0.0000   0.0412   0.0012   0.0159  -0.0036   0.3861   0.3859  -0.0029   0.0000   0.0320  -0.0579    0.167
    60   0.4718   2.4745   0.0000   0.0046   0.0000   0.0034  -0.0818   0.7476   0.7473  -0.0418   0.0000   0.0587  -0.1148    0.172

  Surface # 4     main_wing_panel_1 (YDUP)                
     # Chordwise = 12   # Spanwise = 20     First strip = 61
     Surface area Ssurf =    0.275268     Ave. chord Cave =    0.226186

 Forces referred to Sref, Cref, Bref about Xref, Yref, Zref
 Standard axis orientation,  X fwd, Z down         
     CLsurf  =   0.08049     Clsurf  =   0.02865
     CYsurf  =   0.00017     Cmsurf  =   0.01302
     CDsurf  =   0.00064     Cnsurf  =   0.00080
     CDisurf =   0.00064     CDvsurf =   0.00000

 Forces referred to Ssurf, Cave 
     CLsurf  =   0.37575     CDsurf  =   0.00300

 Strip Forces referred to Strip Area, Chord
    j     Xle      Yle      Zle      Chord    Area     c_cl     ai     cl_norm    cl       cd       cdv    cm_c/4     cm_LE   C.P.x/c
    61   0.4000  -1.2617   0.0000   0.2899   0.0020   0.1144   0.0131   0.3947   0.3947   0.0031   0.0000   0.0215   0.0772    0.196
    62   0.4001  -1.2754   0.0000   0.2895   0.0059   0.1142   0.0131   0.3944   0.3944   0.0029   0.0000   0.0215   0.0771    0.196
    63   0.4003  -1.3025   0.0000   0.2887   0.0097   0.1137   0.0133   0.3938   0.3938   0.0029   0.0000   0.0215   0.0769    0.195
    64   0.4005  -1.3423   0.0000   0.2876   0.0132   0.1129   0.0136   0.3926   0.3926   0.0029   0.0000   0.0215   0.0766    0.195
    65   0.4009  -1.3938   0.0000   0.2861   0.0163   0.1117   0.0140   0.3908   0.3908   0.0029   0.0000   0.0215   0.0762    0.195
    66   0.4013  -1.4558   0.0000   0.2842   0.0189   0.1102   0.0146   0.3879   0.3879   0.0030   0.0000   0.0214   0.0755    0.195
    67   0.4017  -1.5267   0.0000   0.2821   0.0211   0.1082   0.0154   0.3835   0.3835   0.0032   0.0000   0.0213   0.0745    0.194
    68   0.4034  -1.6218   0.0000   0.2760   0.0319   0.1051   0.0159   0.3810   0.3810   0.0032   0.0000   0.0215   0.0737    0.194
    69   0.4064  -1.7407   0.0000   0.2654   0.0323   0.1004   0.0164   0.3783   0.3783   0.0032   0.0000   0.0218   0.0727    0.192
    70   0.4095  -1.8476   0.0000   0.2533   0.0232   0.0949   0.0167   0.3747   0.3747   0.0032   0.0000   0.0222   0.0714    0.191
    71   0.4125  -1.9394   0.0000   0.2397   0.0219   0.0890   0.0167   0.3713   0.3713   0.0032   0.0000   0.0225   0.0703    0.190
    72   0.4161  -2.0215   0.0000   0.2255   0.0163   0.0827   0.0168   0.3670   0.3670   0.0032   0.0000   0.0228   0.0688    0.188
    73   0.4201  -2.0922   0.0000   0.2109   0.0145   0.0762   0.0169   0.3614   0.3614   0.0030   0.0000   0.0232   0.0670    0.186
    74   0.4256  -2.1823   0.0000   0.1881   0.0207   0.0678   0.0166   0.3605   0.3605   0.0030   0.0000   0.0237   0.0663    0.184
    75   0.4331  -2.2799   0.0000   0.1570   0.0133   0.0564   0.0162   0.3597   0.3597   0.0028   0.0000   0.0241   0.0655    0.183
    76   0.4393  -2.3401   0.0000   0.1327   0.0049   0.0468   0.0157   0.3528   0.3528   0.0024   0.0000   0.0244   0.0633    0.181
    77   0.4433  -2.3732   0.0000   0.1167   0.0034   0.0390   0.0157   0.3342   0.3342   0.0022   0.0000   0.0239   0.0592    0.179
    78   0.4499  -2.4149   0.0000   0.0897   0.0046   0.0297   0.0139   0.3306   0.3306   0.0019   0.0000   0.0248   0.0569    0.175
    79   0.4623  -2.4550   0.0000   0.0412   0.0012   0.0159  -0.0036   0.3861   0.3859  -0.0029   0.0000   0.0320   0.0579    0.167
    80   0.4718  -2.4745   0.0000   0.0046   0.0000   0.0034  -0.0818   0.7476   0.7473  -0.0418   0.0000   0.0587   0.1148    0.172

  Surface # 5     hstab_panel_0                           
     # Chordwise = 12   # Spanwise = 20     First strip = 81
     Surface area Ssurf =    0.043750     Ave. chord Cave =    0.125000

 Forces referred to Sref, Cref, Bref about Xref, Yref, Zref
 Standard axis orientation,  X fwd, Z down         
     CLsurf  =   0.00317     Clsurf  =  -0.00042
     CYsurf  =  -0.00001     Cmsurf  =  -0.01648
     CDsurf  =   0.00007     Cnsurf  =  -0.00000
     CDisurf =   0.00007     CDvsurf =   0.00000

 Forces referred to Ssurf, Cave 
     CLsurf  =   0.09304     CDsurf  =   0.00205

 Strip Forces referred to Strip Area, Chord
    j     Xle      Yle      Zle      Chord    Area     c_cl     ai     cl_norm    cl       cd       cdv    cm_c/4     cm_LE   C.P.x/c
    81   1.8000   0.5005   0.0000   0.1499   0.0003   0.0074  -0.2683   0.0494   0.0494   0.0027   0.0000  -0.0016  -0.0140    0.283
    82   1.8002   0.5048   0.0000   0.1493   0.0010   0.0088  -0.0366   0.0587   0.0587   0.0017   0.0000  -0.0029  -0.0176    0.299
    83   1.8005   0.5133   0.0000   0.1481   0.0016   0.0102   0.0037   0.0691   0.0691   0.0018   0.0000  -0.0042  -0.0215    0.311
    84   1.8009   0.5258   0.0000   0.1463   0.0021   0.0116   0.0220   0.0792   0.0792   0.0019   0.0000  -0.0055  -0.0253    0.319
    85   1.8014   0.5419   0.0000   0.1440   0.0026   0.0127   0.0206   0.0879   0.0879   0.0020   0.0000  -0.0065  -0.0285    0.324
    86   1.8021   0.5613   0.0000   0.1412   0.0029   0.0134   0.0240   0.0949   0.0949   0.0021   0.0000  -0.0073  -0.0310    0.327
    87   1.8029   0.5836   0.0000   0.1381   0.0032   0.0138   0.0248   0.1001   0.1001   0.0022   0.0000  -0.0079  -0.0329    0.329
    88   1.8037   0.6080   0.0000   0.1346   0.0034   0.0140   0.0255   0.1039   0.1039   0.0022   0.0000  -0.0084  -0.0343    0.331
    89   1.8046   0.6341   0.0000   0.1308   0.0035   0.0139   0.0160   0.1063   0.1063   0.0022   0.0000  -0.0087  -0.0352    0.331
    90   1.8055   0.6613   0.0000   0.1270   0.0035   0.0136   0.0230   0.1075   0.1075   0.0022   0.0000  -0.0088  -0.0357    0.332
    91   1.8065   0.6887   0.0000   0.1230   0.0034   0.0132   0.0241   0.1074   0.1074   0.0022   0.0000  -0.0088  -0.0357    0.332
    92   1.8074   0.7159   0.0000   0.1192   0.0032   0.0126   0.0269   0.1059   0.1059   0.0022   0.0000  -0.0087  -0.0352    0.332
    93   1.8083   0.7420   0.0000   0.1154   0.0029   0.0119   0.0217   0.1029   0.1029   0.0022   0.0000  -0.0084  -0.0341    0.332
    94   1.8091   0.7664   0.0000   0.1119   0.0026   0.0110   0.0250   0.0980   0.0980   0.0021   0.0000  -0.0079  -0.0324    0.331
    95   1.8099   0.7887   0.0000   0.1088   0.0023   0.0099   0.0273   0.0908   0.0908   0.0020   0.0000  -0.0072  -0.0298    0.329
    96   1.8106   0.8081   0.0000   0.1060   0.0019   0.0086   0.0308   0.0809   0.0809   0.0019   0.0000  -0.0061  -0.0264    0.326
    97   1.8111   0.8242   0.0000   0.1037   0.0015   0.0070   0.1303   0.0680   0.0680   0.0017   0.0000  -0.0049  -0.0218    0.321
    98   1.8115   0.8367   0.0000   0.1019   0.0011   0.0053   0.0285   0.0518   0.0518   0.0013   0.0000  -0.0034  -0.0163    0.316
    99   1.8118   0.8452   0.0000   0.1007   0.0006   0.0033   0.0321   0.0326   0.0326   0.0009   0.0000  -0.0019  -0.0101    0.308
   100   1.8120   0.8495   0.0000   0.1001   0.0002   0.0011   0.0338   0.0112   0.0112   0.0003   0.0000  -0.0006  -0.0034    0.302

  Surface # 6     hstab_panel_0 (YDUP)                    
     # Chordwise = 12   # Spanwise = 20     First strip =101
     Surface area Ssurf =    0.043750     Ave. chord Cave =    0.125000

 Forces referred to Sref, Cref, Bref about Xref, Yref, Zref
 Standard axis orientation,  X fwd, Z down         
     CLsurf  =   0.00294     Clsurf  =   0.00040
     CYsurf  =   0.00001     Cmsurf  =  -0.01532
     CDsurf  =   0.00007     Cnsurf  =   0.00000
     CDisurf =   0.00007     CDvsurf =   0.00000

 Forces referred to Ssurf, Cave 
     CLsurf  =   0.08649     CDsurf  =   0.00192

 Strip Forces referred to Strip Area, Chord
    j     Xle      Yle      Zle      Chord    Area     c_cl     ai     cl_norm    cl       cd       cdv    cm_c/4     cm_LE   C.P.x/c
   101   1.8000  -0.5005   0.0000   0.1499   0.0003   0.0013  -0.1403   0.0086   0.0086   0.0003   0.0000  -0.0004   0.0026    0.297
   102   1.8002  -0.5048   0.0000   0.1493   0.0010   0.0038  -0.0216   0.0258   0.0258   0.0007   0.0000  -0.0013   0.0078    0.302
   103   1.8005  -0.5133   0.0000   0.1481   0.0016   0.0063   0.0048   0.0424   0.0424   0.0011   0.0000  -0.0025   0.0131    0.309
   104   1.8009  -0.5258   0.0000   0.1463   0.0021   0.0085   0.0209   0.0583   0.0583   0.0015   0.0000  -0.0038   0.0184    0.315
   105   1.8014  -0.5419   0.0000   0.1440   0.0026   0.0104   0.0204   0.0724   0.0724   0.0017   0.0000  -0.0051   0.0232    0.320
   106   1.8021  -0.5613   0.0000   0.1412   0.0029   0.0118   0.0245   0.0837   0.0837   0.0019   0.0000  -0.0062   0.0271    0.324
   107   1.8029  -0.5836   0.0000   0.1381   0.0032   0.0127   0.0255   0.0922   0.0922   0.0020   0.0000  -0.0071   0.0302    0.327
   108   1.8037  -0.6080   0.0000   0.1346   0.0034   0.0132   0.0262   0.0984   0.0984   0.0021   0.0000  -0.0078   0.0324    0.329
   109   1.8046  -0.6341   0.0000   0.1308   0.0035   0.0134   0.0166   0.1025   0.1025   0.0022   0.0000  -0.0083   0.0339    0.331
   110   1.8055  -0.6613   0.0000   0.1270   0.0035   0.0133   0.0235   0.1049   0.1049   0.0022   0.0000  -0.0085   0.0347    0.331
   111   1.8065  -0.6887   0.0000   0.1230   0.0034   0.0130   0.0244   0.1055   0.1055   0.0022   0.0000  -0.0086   0.0350    0.332
   112   1.8074  -0.7159   0.0000   0.1192   0.0032   0.0125   0.0271   0.1046   0.1046   0.0022   0.0000  -0.0086   0.0347    0.332
   113   1.8083  -0.7420   0.0000   0.1154   0.0029   0.0118   0.0218   0.1020   0.1020   0.0022   0.0000  -0.0083   0.0338    0.332
   114   1.8091  -0.7664   0.0000   0.1119   0.0026   0.0109   0.0251   0.0973   0.0973   0.0021   0.0000  -0.0078   0.0321    0.331
   115   1.8099  -0.7887   0.0000   0.1088   0.0023   0.0098   0.0274   0.0903   0.0903   0.0020   0.0000  -0.0071   0.0297    0.329
   116   1.8106  -0.8081   0.0000   0.1060   0.0019   0.0085   0.0308   0.0805   0.0805   0.0019   0.0000  -0.0061   0.0262    0.326
   117   1.8111  -0.8242   0.0000   0.1037   0.0015   0.0070   0.1303   0.0677   0.0677   0.0017   0.0000  -0.0048   0.0218    0.321
   118   1.8115  -0.8367   0.0000   0.1019   0.0011   0.0053   0.0285   0.0516   0.0516   0.0013   0.0000  -0.0034   0.0163    0.315
   119   1.8118  -0.8452   0.0000   0.1007   0.0006   0.0033   0.0321   0.0325   0.0325   0.0009   0.0000  -0.0019   0.0100    0.308
   120   1.8120  -0.8495   0.0000   0.1001   0.0002   0.0011   0.0338   0.0111   0.0111   0.0003   0.0000  -0.0006   0.0034    0.302

  Surface # 7     fin_panel_0                             
     # Chordwise = 12   # Spanwise = 20     First strip =121
     Surface area Ssurf =    0.050000     Ave. chord Cave =    0.125000

 Forces referred to Sref, Cref, Bref about Xref, Yref, Zref
 Standard axis orientation,  X fwd, Z down         
     CLsurf  =   0.00000     Clsurf  =  -0.00002
     CYsurf  =  -0.00015     Cmsurf  =   0.00000
     CDsurf  =  -0.00000     Cnsurf  =   0.00004
     CDisurf =  -0.00000     CDvsurf =   0.00000

 Forces referred to Ssurf, Cave 
     CLsurf  =  -0.00384     CDsurf  =  -0.00003

 Strip Forces referred to Strip Area, Chord
    j     Xle      Yle      Zle      Chord    Area     c_cl     ai     cl_norm    cl       cd       cdv    cm_c/4     cm_LE   C.P.x/c
   121   1.8000   0.5000   0.3994   0.1499   0.0004  -0.0002  -0.0033  -0.0013  -0.0013   0.0000   0.0000   0.0003   0.0006    0.451
   122   1.8002   0.5000   0.3945   0.1493   0.0011  -0.0006  -0.0031  -0.0039  -0.0039   0.0000   0.0000   0.0008   0.0018    0.452
   123   1.8005   0.5000   0.3848   0.1481   0.0018  -0.0009  -0.0028  -0.0063  -0.0063   0.0000   0.0000   0.0013   0.0028    0.452
   124   1.8009   0.5000   0.3705   0.1463   0.0024  -0.0012  -0.0024  -0.0083  -0.0083   0.0000   0.0000   0.0016   0.0037    0.449
   125   1.8014   0.5000   0.3521   0.1440   0.0029  -0.0014  -0.0020  -0.0099  -0.0099   0.0000   0.0000   0.0019   0.0044    0.446
   126   1.8021   0.5000   0.3299   0.1412   0.0034  -0.0016  -0.0017  -0.0111  -0.0111   0.0000   0.0000   0.0021   0.0049    0.443
   127   1.8029   0.5000   0.3045   0.1381   0.0037  -0.0016  -0.0015  -0.0119  -0.0119   0.0000   0.0000   0.0023   0.0052    0.441
   128   1.8037   0.5000   0.2765   0.1346   0.0039  -0.0017  -0.0014  -0.0124  -0.0124   0.0000   0.0000   0.0023   0.0054    0.440
   129   1.8046   0.5000   0.2467   0.1308   0.0040  -0.0016  -0.0013  -0.0124  -0.0124   0.0000   0.0000   0.0024   0.0055    0.442
   130   1.8055   0.5000   0.2157   0.1270   0.0040  -0.0015  -0.0014  -0.0120  -0.0119   0.0000   0.0000   0.0024   0.0053    0.447
   131   1.8065   0.5000   0.1843   0.1230   0.0038  -0.0013  -0.0015  -0.0109  -0.0109   0.0000   0.0000   0.0023   0.0050    0.458
   132   1.8074   0.5000   0.1533   0.1192   0.0036  -0.0011  -0.0018  -0.0091  -0.0091   0.0000   0.0000   0.0021   0.0044    0.481
   133   1.8083   0.5000   0.1235   0.1154   0.0033  -0.0007  -0.0021  -0.0063  -0.0063   0.0000   0.0000   0.0018   0.0034    0.543
   134   1.8091   0.5000   0.0955   0.1119   0.0030  -0.0002  -0.0024  -0.0018  -0.0018   0.0000   0.0000   0.0014   0.0019    1.009
   135   1.8099   0.5000   0.0701   0.1088   0.0026   0.0005  -0.0022   0.0048   0.0048  -0.0000   0.0000   0.0007  -0.0005    0.095
   136   1.8106   0.5000   0.0479   0.1060   0.0022   0.0015  -0.0006   0.0145   0.0145  -0.0000   0.0000  -0.0001  -0.0037    0.260
   137   1.8111   0.5000   0.0295   0.1037   0.0017   0.0028   0.0048   0.0275   0.0275  -0.0001   0.0000  -0.0012  -0.0080    0.293
   138   1.8115   0.5000   0.0152   0.1019   0.0012   0.0043   0.0174   0.0427   0.0426  -0.0003   0.0000  -0.0021  -0.0127    0.299
   139   1.8118   0.5000   0.0055   0.1007   0.0007   0.0057   0.0444   0.0568   0.0567  -0.0006   0.0000  -0.0025  -0.0167    0.295
   140   1.8120   0.5000   0.0006   0.1001   0.0002   0.0067   0.1497   0.0666   0.0665  -0.0031   0.0000  -0.0026  -0.0192    0.289

  Surface # 8     hstab_panel_0                           
     # Chordwise = 12   # Spanwise = 20     First strip =141
     Surface area Ssurf =    0.043750     Ave. chord Cave =    0.125000

 Forces referred to Sref, Cref, Bref about Xref, Yref, Zref
 Standard axis orientation,  X fwd, Z down         
     CLsurf  =   0.00331     Clsurf  =   0.00023
     CYsurf  =  -0.00001     Cmsurf  =  -0.01719
     CDsurf  =   0.00007     Cnsurf  =   0.00001
     CDisurf =   0.00007     CDvsurf =   0.00000

 Forces referred to Ssurf, Cave 
     CLsurf  =   0.09710     CDsurf  =   0.00207

 Strip Forces referred to Strip Area, Chord
    j     Xle      Yle      Zle      Chord    Area     c_cl     ai     cl_norm    cl       cd       cdv    cm_c/4     cm_LE   C.P.x/c
   141   1.8000  -0.4995   0.0000   0.1499   0.0003   0.0079  -0.2612   0.0527   0.0527   0.0029   0.0000  -0.0018  -0.0150    0.285
   142   1.8002  -0.4952   0.0000   0.1493   0.0010   0.0093  -0.0353   0.0621   0.0621   0.0018   0.0000  -0.0031  -0.0187    0.301
   143   1.8005  -0.4867   0.0000   0.1481   0.0016   0.0107   0.0031   0.0724   0.0724   0.0018   0.0000  -0.0045  -0.0226    0.312
   144   1.8009  -0.4742   0.0000   0.1463   0.0021   0.0121   0.0172   0.0825   0.0825   0.0019   0.0000  -0.0058  -0.0264    0.320
   145   1.8014  -0.4581   0.0000   0.1440   0.0026   0.0131   0.0219   0.0912   0.0912   0.0020   0.0000  -0.0068  -0.0296    0.324
   146   1.8021  -0.4387   0.0000   0.1412   0.0029   0.0139   0.0180   0.0982   0.0982   0.0021   0.0000  -0.0076  -0.0321    0.327
   147   1.8029  -0.4164   0.0000   0.1381   0.0032   0.0143   0.0248   0.1036   0.1036   0.0022   0.0000  -0.0082  -0.0341    0.329
   148   1.8037  -0.3920   0.0000   0.1346   0.0034   0.0145   0.0236   0.1076   0.1076   0.0022   0.0000  -0.0086  -0.0355    0.330
   149   1.8046  -0.3659   0.0000   0.1308   0.0035   0.0144   0.0225   0.1103   0.1103   0.0022   0.0000  -0.0089  -0.0364    0.330
   150   1.8055  -0.3387   0.0000   0.1270   0.0035   0.0142   0.0253   0.1117   0.1117   0.0022   0.0000  -0.0090  -0.0369    0.331
   151   1.8065  -0.3113   0.0000   0.1230   0.0034   0.0138   0.0228   0.1119   0.1119   0.0022   0.0000  -0.0090  -0.0370    0.330
   152   1.8074  -0.2841   0.0000   0.1192   0.0032   0.0132   0.0224   0.1107   0.1107   0.0022   0.0000  -0.0089  -0.0365    0.330
   153   1.8083  -0.2580   0.0000   0.1154   0.0029   0.0125   0.0289   0.1079   0.1079   0.0022   0.0000  -0.0085  -0.0355    0.329
   154   1.8091  -0.2336   0.0000   0.1119   0.0026   0.0115   0.0242   0.1031   0.1031   0.0021   0.0000  -0.0080  -0.0338    0.328
   155   1.8099  -0.2113   0.0000   0.1088   0.0023   0.0104   0.0252   0.0958   0.0958   0.0020   0.0000  -0.0072  -0.0312    0.325
   156   1.8106  -0.1919   0.0000   0.1060   0.0019   0.0091   0.0261   0.0856   0.0856   0.0019   0.0000  -0.0062  -0.0275    0.322
   157   1.8111  -0.1758   0.0000   0.1037   0.0015   0.0075   0.0294   0.0721   0.0721   0.0017   0.0000  -0.0048  -0.0228    0.317
   158   1.8115  -0.1633   0.0000   0.1019   0.0011   0.0056   0.0309   0.0550   0.0550   0.0014   0.0000  -0.0033  -0.0171    0.310
   159   1.8118  -0.1548   0.0000   0.1007   0.0006   0.0035   0.0327   0.0347   0.0347   0.0009   0.0000  -0.0018  -0.0105    0.303
   160   1.8120  -0.1505   0.0000   0.1001   0.0002   0.0012   0.0339   0.0119   0.0119   0.0003   0.0000  -0.0006  -0.0035    0.296

  Surface # 9     hstab_panel_0 (YDUP)                    
     # Chordwise = 12   # Spanwise = 20     First strip =161
     Surface area Ssurf =    0.043750     Ave. chord Cave =    0.125000

 Forces referred to Sref, Cref, Bref about Xref, Yref, Zref
 Standard axis orientation,  X fwd, Z down         
     CLsurf  =   0.00306     Clsurf  =  -0.00020
     CYsurf  =   0.00001     Cmsurf  =  -0.01592
     CDsurf  =   0.00007     Cnsurf  =  -0.00001
     CDisurf =   0.00007     CDvsurf =   0.00000

 Forces referred to Ssurf, Cave 
     CLsurf  =   0.08990     CDsurf  =   0.00193

 Strip Forces referred to Strip Area, Chord
    j     Xle      Yle      Zle      Chord    Area     c_cl     ai     cl_norm    cl       cd       cdv    cm_c/4     cm_LE   C.P.x/c
   161   1.8000   0.4995   0.0000   0.1499   0.0003   0.0013  -0.1409   0.0088   0.0088   0.0003   0.0000  -0.0004   0.0026    0.298
   162   1.8002   0.4952   0.0000   0.1493   0.0010   0.0039  -0.0225   0.0264   0.0264   0.0007   0.0000  -0.0014   0.0080    0.303
   163   1.8005   0.4867   0.0000   0.1481   0.0016   0.0065   0.0035   0.0436   0.0436   0.0011   0.0000  -0.0026   0.0135    0.310
   164   1.8009   0.4742   0.0000   0.1463   0.0021   0.0088   0.0160   0.0599   0.0599   0.0015   0.0000  -0.0039   0.0189    0.316
   165   1.8014   0.4581   0.0000   0.1440   0.0026   0.0107   0.0218   0.0744   0.0744   0.0018   0.0000  -0.0052   0.0238    0.320
   166   1.8021   0.4387   0.0000   0.1412   0.0029   0.0122   0.0186   0.0861   0.0861   0.0019   0.0000  -0.0064   0.0279    0.324
   167   1.8029   0.4164   0.0000   0.1381   0.0032   0.0131   0.0257   0.0950   0.0950   0.0021   0.0000  -0.0073   0.0310    0.327
   168   1.8037   0.3920   0.0000   0.1346   0.0034   0.0137   0.0244   0.1015   0.1015   0.0021   0.0000  -0.0080   0.0333    0.328
   169   1.8046   0.3659   0.0000   0.1308   0.0035   0.0139   0.0231   0.1060   0.1060   0.0022   0.0000  -0.0084   0.0349    0.329
   170   1.8055   0.3387   0.0000   0.1270   0.0035   0.0138   0.0258   0.1087   0.1087   0.0022   0.0000  -0.0087   0.0359    0.330
   171   1.8065   0.3113   0.0000   0.1230   0.0034   0.0135   0.0232   0.1098   0.1098   0.0022   0.0000  -0.0088   0.0362    0.330
   172   1.8074   0.2841   0.0000   0.1192   0.0032   0.0130   0.0227   0.1092   0.1092   0.0022   0.0000  -0.0087   0.0360    0.330
   173   1.8083   0.2580   0.0000   0.1154   0.0029   0.0123   0.0291   0.1068   0.1068   0.0022   0.0000  -0.0084   0.0351    0.329
   174   1.8091   0.2336   0.0000   0.1119   0.0026   0.0114   0.0244   0.1022   0.1022   0.0021   0.0000  -0.0079   0.0335    0.328
   175   1.8099   0.2113   0.0000   0.1088   0.0023   0.0104   0.0253   0.0952   0.0952   0.0020   0.0000  -0.0072   0.0310    0.325
   176   1.8106   0.1919   0.0000   0.1060   0.0019   0.0090   0.0262   0.0852   0.0851   0.0019   0.0000  -0.0061   0.0274    0.322
   177   1.8111   0.1758   0.0000   0.1037   0.0015   0.0074   0.0294   0.0717   0.0717   0.0017   0.0000  -0.0048   0.0227    0.317
   178   1.8115   0.1633   0.0000   0.1019   0.0011   0.0056   0.0310   0.0548   0.0548   0.0014   0.0000  -0.0033   0.0170    0.310
   179   1.8118   0.1548   0.0000   0.1007   0.0006   0.0035   0.0327   0.0345   0.0345   0.0009   0.0000  -0.0018   0.0104    0.303
   180   1.8120   0.1505   0.0000   0.1001   0.0002   0.0012   0.0339   0.0118   0.0118   0.0003   0.0000  -0.0005   0.0035    0.296

  Surface #10     fin_panel_0                             
     # Chordwise = 12   # Spanwise = 20     First strip =181
     Surface area Ssurf =    0.050000     Ave. chord Cave =    0.125000

 Forces referred to Sref, Cref, Bref about Xref, Yref, Zref
 Standard axis orientation,  X fwd, Z down         
     CLsurf  =   0.00000     Clsurf  =  -0.00000
     CYsurf  =   0.00017     Cmsurf  =   0.00000
     CDsurf  =  -0.00000     Cnsurf  =  -0.00004
     CDisurf =  -0.00000     CDvsurf =   0.00000

 Forces referred to Ssurf, Cave 
     CLsurf  =   0.00425     CDsurf  =  -0.00005

 Strip Forces referred to Strip Area, Chord
    j     Xle      Yle      Zle      Chord    Area     c_cl     ai     cl_norm    cl       cd       cdv    cm_c/4     cm_LE   C.P.x/c
   181   1.8000  -0.5000   0.3994   0.1499   0.0004  -0.0001  -0.0043  -0.0004  -0.0004   0.0000   0.0000   0.0003   0.0004    0.983
   182   1.8002  -0.5000   0.3945   0.1493   0.0011  -0.0002  -0.0041  -0.0013  -0.0013   0.0000   0.0000   0.0009   0.0012    0.980
   183   1.8005  -0.5000   0.3848   0.1481   0.0018  -0.0003  -0.0039  -0.0020  -0.0020   0.0000   0.0000   0.0014   0.0019    0.977
   184   1.8009  -0.5000   0.3705   0.1463   0.0024  -0.0004  -0.0036  -0.0025  -0.0025   0.0000   0.0000   0.0018   0.0024    0.972
   185   1.8014  -0.5000   0.3521   0.1440   0.0029  -0.0004  -0.0034  -0.0028  -0.0028   0.0000   0.0000   0.0020   0.0027    0.966
   186   1.8021  -0.5000   0.3299   0.1412   0.0034  -0.0004  -0.0032  -0.0030  -0.0030   0.0000   0.0000   0.0021   0.0029    0.964
   187   1.8029  -0.5000   0.3045   0.1381   0.0037  -0.0004  -0.0031  -0.0030  -0.0030   0.0000   0.0000   0.0022   0.0030    0.970
   188   1.8037  -0.5000   0.2765   0.1346   0.0039  -0.0004  -0.0031  -0.0030  -0.0030   0.0000   0.0000   0.0022   0.0029    0.995
   189   1.8046  -0.5000   0.2467   0.1308   0.0040  -0.0004  -0.0031  -0.0027  -0.0027   0.0000   0.0000   0.0022   0.0029    1.061
   190   1.8055  -0.5000   0.2157   0.1270   0.0040  -0.0003  -0.0032  -0.0022  -0.0022   0.0000   0.0000   0.0021   0.0027    1.233
   191   1.8065  -0.5000   0.1843   0.1230   0.0038  -0.0002  -0.0034  -0.0012  -0.0012   0.0000   0.0000   0.0020   0.0023    1.877
   192   1.8074  -0.5000   0.1533   0.1192   0.0036   0.0000  -0.0037   0.0003   0.0003   0.0000   0.0000   0.0018   0.0018  999.000
   193   1.8083  -0.5000   0.1235   0.1154   0.0033   0.0003  -0.0040   0.0027   0.0027  -0.0000   0.0000   0.0015   0.0009   -0.318
   194   1.8091  -0.5000   0.0955   0.1119   0.0030   0.0007  -0.0043   0.0066   0.0066  -0.0000   0.0000   0.0011  -0.0005    0.083
   195   1.8099  -0.5000   0.0701   0.1088   0.0026   0.0014  -0.0042   0.0126   0.0126  -0.0000   0.0000   0.0004  -0.0027    0.215
   196   1.8106  -0.5000   0.0479   0.1060   0.0022   0.0023  -0.0028   0.0215   0.0215  -0.0001   0.0000  -0.0005  -0.0058    0.272
   197   1.8111  -0.5000   0.0295   0.1037   0.0017   0.0035   0.0024   0.0338   0.0337  -0.0002   0.0000  -0.0015  -0.0099    0.296
   198   1.8115  -0.5000   0.0152   0.1019   0.0012   0.0049   0.0148   0.0483   0.0483  -0.0004   0.0000  -0.0025  -0.0145    0.301
   199   1.8118  -0.5000   0.0055   0.1007   0.0007   0.0062   0.0413   0.0620   0.0619  -0.0007   0.0000  -0.0030  -0.0184    0.298
   200   1.8120  -0.5000   0.0006   0.1001   0.0002   0.0071   0.1429   0.0715   0.0714  -0.0035   0.0000  -0.0031  -0.0209    0.293
 ---------------------------------------------------------------
