 ---------------------------------------------------------------
 Surface and Strip Forces by surface

  Sref =  1.2850       Cref = 0.25900       Bref =  4.9540    
  Xref = 0.50000       Yref =  0.0000       Zref =  0.0000    

  Surface # 1     mace0_panel_0                           
     # Chordwise = 12   # Spanwise = 20     First strip =  1
     Surface area Ssurf =    0.365400     Ave. chord Cave =    0.290000

 Forces referred to Sref, Cref, Bref about Xref, Yref, Zref
 Standard axis orientation,  X fwd, Z down         
     CLsurf  =   0.04645     Clsurf  =  -0.00586
     CYsurf  =   0.00000     Cmsurf  =   0.00514
     CDsurf  =   0.00011     Cnsurf  =   0.00012
     CDisurf =   0.00011     CDvsurf =   0.00000

 Forces referred to Ssurf, Cave 
     CLsurf  =   0.16335     CDsurf  =   0.00038

 Strip Forces referred to Strip Area, Chord
    j     Xle      Yle      Zle      Chord    Area     c_cl     ai     cl_norm    cl       cd       cdv    cm_c/4     cm_LE   C.P.x/c
     1   0.4000   0.0019   0.0000   0.2900   0.0022   0.0481   0.0017   0.1657   0.1657   0.0003   0.0000   0.0006  -0.0408    0.246
     2   0.4000   0.0174   0.0000   0.2900   0.0067   0.0481   0.0017   0.1657   0.1657   0.0003   0.0000   0.0006  -0.0408    0.246
     3   0.4000   0.0480   0.0000   0.2900   0.0110   0.0481   0.0015   0.1657   0.1657   0.0003   0.0000   0.0006  -0.0408    0.246
     4   0.4000   0.0928   0.0000   0.2900   0.0150   0.0480   0.0003   0.1657   0.1657   0.0003   0.0000   0.0006  -0.0408    0.246
     5   0.4000   0.1509   0.0000   0.2900   0.0186   0.0480  -0.0219   0.1657   0.1657   0.0003   0.0000   0.0006  -0.0408    0.246
     6   0.4000   0.2208   0.0000   0.2900   0.0218   0.0480   0.0003   0.1656   0.1656   0.0003   0.0000   0.0006  -0.0408    0.246
     7   0.4000   0.3008   0.0000   0.2900   0.0244   0.0480   0.0080   0.1654   0.1654   0.0003   0.0000   0.0006  -0.0407    0.246
     8   0.4000   0.3889   0.0000   0.2900   0.0265   0.0479   0.0069   0.1652   0.1652   0.0003   0.0000   0.0006  -0.0407    0.246
     9   0.4000   0.4829   0.0000   0.2900   0.0279   0.0478  -0.0142   0.1649   0.1649   0.0004   0.0000   0.0006  -0.0406    0.246
    10   0.4000   0.5806   0.0000   0.2900   0.0286   0.0477   0.0077   0.1645   0.1645   0.0004   0.0000   0.0006  -0.0405    0.246
    11   0.4000   0.6794   0.0000   0.2900   0.0286   0.0475   0.0058   0.1640   0.1640   0.0004   0.0000   0.0006  -0.0403    0.246
    12   0.4000   0.7771   0.0000   0.2900   0.0279   0.0474   0.0194   0.1633   0.1633   0.0004   0.0000   0.0007  -0.0402    0.246
    13   0.4000   0.8711   0.0000   0.2900   0.0265   0.0471  -0.0022   0.1626   0.1626   0.0004   0.0000   0.0007  -0.0400    0.246
    14   0.4000   0.9592   0.0000   0.2900   0.0244   0.0469   0.0035   0.1617   0.1617   0.0004   0.0000   0.0007  -0.0397    0.246
    15   0.4000   1.0392   0.0000   0.2900   0.0218   0.0466   0.0044   0.1607   0.1607   0.0004   0.0000   0.0007  -0.0395    0.246
    16   0.4000   1.1091   0.0000   0.2900   0.0186   0.0463   0.0049   0.1598   0.1598   0.0004   0.0000   0.0007  -0.0392    0.245
    17   0.4000   1.1672   0.0000   0.2900   0.0150   0.0460   0.0053   0.1588   0.1588   0.0005   0.0000   0.0008  -0.0389    0.245
    18   0.4000   1.2120   0.0000   0.2900   0.0110   0.0458   0.0056   0.1580   0.1580   0.0005   0.0000   0.0008  -0.0387    0.245
    19   0.4000   1.2426   0.0000   0.2900   0.0067   0.0456   0.0058   0.1573   0.1573   0.0005   0.0000   0.0008  -0.0385    0.245
    20   0.4000   1.2581   0.0000   0.2900   0.0022   0.0455   0.0059   0.1569   0.1569   0.0005   0.0000   0.0008  -0.0384    0.245

  Surface # 2     mace0_panel_0 (YDUP)                    
     # Chordwise = 12   # Spanwise = 20     First strip = 21
     Surface area Ssurf =    0.365400     Ave. chord Cave =    0.290000

 Forces referred to Sref, Cref, Bref about Xref, Yref, Zref
 Standard axis orientation,  X fwd, Z down         
     CLsurf  =   0.04645     Clsurf  =   0.00586
     CYsurf  =  -0.00000     Cmsurf  =   0.00514
     CDsurf  =   0.00011     Cnsurf  =  -0.00012
     CDisurf =   0.00011     CDvsurf =   0.00000

 Forces referred to Ssurf, Cave 
     CLsurf  =   0.16335     CDsurf  =   0.00038

 Strip Forces referred to Strip Area, Chord
    j     Xle      Yle      Zle      Chord    Area     c_cl     ai     cl_norm    cl       cd       cdv    cm_c/4     cm_LE   C.P.x/c
    21   0.4000  -0.0019   0.0000   0.2900   0.0022   0.0481   0.0017   0.1657   0.1657   0.0003   0.0000   0.0006   0.0408    0.246
    22   0.4000  -0.0174   0.0000   0.2900   0.0067   0.0481   0.0017   0.1657   0.1657   0.0003   0.0000   0.0006   0.0408    0.246
    23   0.4000  -0.0480   0.0000   0.2900   0.0110   0.0481   0.0015   0.1657   0.1657   0.0003   0.0000   0.0006   0.0408    0.246
    24   0.4000  -0.0928   0.0000   0.2900   0.0150   0.0480   0.0003   0.1657   0.1657   0.0003   0.0000   0.0006   0.0408    0.246
    25   0.4000  -0.1509   0.0000   0.2900   0.0186   0.0480  -0.0219   0.1657   0.1657   0.0003   0.0000   0.0006   0.0408    0.246
    26   0.4000  -0.2208   0.0000   0.2900   0.0218   0.0480   0.0004   0.1656   0.1656   0.0003   0.0000   0.0006   0.0408    0.246
    27   0.4000  -0.3008   0.0000   0.2900   0.0244   0.0480   0.0078   0.1654   0.1654   0.0003   0.0000   0.0006   0.0407    0.246
    28   0.4000  -0.3889   0.0000   0.2900   0.0265   0.0479   0.0067   0.1652   0.1652   0.0003   0.0000   0.0006   0.0407    0.246
    29   0.4000  -0.4829   0.0000   0.2900   0.0279   0.0478  -0.0171   0.1649   0.1649   0.0004   0.0000   0.0006   0.0406    0.246
    30   0.4000  -0.5806   0.0000   0.2900   0.0286   0.0477   0.0077   0.1645   0.1645   0.0004   0.0000   0.0006   0.0405    0.246
    31   0.4000  -0.6794   0.0000   0.2900   0.0286   0.0475   0.0056   0.1640   0.1640   0.0004   0.0000   0.0006   0.0403    0.246
    32   0.4000  -0.7771   0.0000   0.2900   0.0279   0.0474   0.0197   0.1633   0.1633   0.0004   0.0000   0.0007   0.0402    0.246
    33   0.4000  -0.8711   0.0000   0.2900   0.0265   0.0471  -0.0022   0.1626   0.1626   0.0004   0.0000   0.0007   0.0400    0.246
    34   0.4000  -0.9592   0.0000   0.2900   0.0244   0.0469   0.0035   0.1617   0.1617   0.0004   0.0000   0.0007   0.0397    0.246
    35   0.4000  -1.0392   0.0000   0.2900   0.0218   0.0466   0.0044   0.1607   0.1607   0.0004   0.0000   0.0007   0.0395    0.246
    36   0.4000  -1.1091   0.0000   0.2900   0.0186   0.0463   0.0049   0.1598   0.1598   0.0004   0.0000   0.0007   0.0392    0.245
    37   0.4000  -1.1672   0.0000   0.2900   0.0150   0.0460   0.0053   0.1588   0.1588   0.0005   0.0000   0.0008   0.0389    0.245
    38   0.4000  -1.2120   0.0000   0.2900   0.0110   0.0458   0.0056   0.1580   0.1580   0.0005   0.0000   0.0008   0.0387    0.245
    39   0.4000  -1.2426   0.0000   0.2900   0.0067   0.0456   0.0058   0.1573   0.1573   0.0005   0.0000   0.0008   0.0385    0.245
    40   0.4000  -1.2581   0.0000   0.2900   0.0022   0.0455   0.0059   0.1569   0.1569   0.0005   0.0000   0.0008   0.0384    0.245

  Surface # 3     mace0_panel_1                           
     # Chordwise = 12   # Spanwise = 20     First strip = 41
     Surface area Ssurf =    0.275268     Ave. chord Cave =    0.226186

 Forces referred to Sref, Cref, Bref about Xref, Yref, Zref
 Standard axis orientation,  X fwd, Z down         
     CLsurf  =   0.02970     Clsurf  =  -0.01038
     CYsurf  =   0.00007     Cmsurf  =   0.00357
     CDsurf  =   0.00009     Cnsurf  =   0.00022
     CDisurf =   0.00009     CDvsurf =   0.00000

 Forces referred to Ssurf, Cave 
     CLsurf  =   0.13865     CDsurf  =   0.00042

 Strip Forces referred to Strip Area, Chord
    j     Xle      Yle      Zle      Chord    Area     c_cl     ai     cl_norm    cl       cd       cdv    cm_c/4     cm_LE   C.P.x/c
    41   0.4000   1.2617   0.0000   0.2899   0.0020   0.0455   0.0060   0.1569   0.1569   0.0005   0.0000   0.0008  -0.0384    0.245
    42   0.4001   1.2754   0.0000   0.2895   0.0059   0.0454   0.0059   0.1568   0.1568   0.0005   0.0000   0.0008  -0.0384    0.245
    43   0.4003   1.3025   0.0000   0.2887   0.0097   0.0452   0.0060   0.1565   0.1565   0.0005   0.0000   0.0009  -0.0382    0.244
    44   0.4005   1.3423   0.0000   0.2876   0.0132   0.0448   0.0061   0.1559   0.1559   0.0005   0.0000   0.0009  -0.0380    0.244
    45   0.4009   1.3938   0.0000   0.2861   0.0163   0.0443   0.0063   0.1550   0.1550   0.0005   0.0000   0.0010  -0.0377    0.244
    46   0.4013   1.4558   0.0000   0.2842   0.0189   0.0436   0.0065   0.1536   0.1536   0.0005   0.0000   0.0011  -0.0373    0.243
    47   0.4017   1.5267   0.0000   0.2821   0.0211   0.0427   0.0069   0.1515   0.1515   0.0005   0.0000   0.0012  -0.0367    0.242
    48   0.4034   1.6218   0.0000   0.2760   0.0319   0.0413   0.0071   0.1497   0.1497   0.0005   0.0000   0.0015  -0.0359    0.240
    49   0.4064   1.7407   0.0000   0.2654   0.0323   0.0391   0.0072   0.1472   0.1472   0.0005   0.0000   0.0019  -0.0349    0.237
    50   0.4095   1.8476   0.0000   0.2533   0.0232   0.0364   0.0073   0.1437   0.1437   0.0005   0.0000   0.0024  -0.0335    0.233
    51   0.4125   1.9394   0.0000   0.2397   0.0219   0.0334   0.0073   0.1395   0.1395   0.0005   0.0000   0.0029  -0.0319    0.229
    52   0.4161   2.0215   0.0000   0.2255   0.0163   0.0301   0.0067   0.1335   0.1335   0.0005   0.0000   0.0034  -0.0299    0.224
    53   0.4201   2.0922   0.0000   0.2109   0.0145   0.0265   0.0056   0.1255   0.1255   0.0004   0.0000   0.0038  -0.0275    0.219
    54   0.4256   2.1823   0.0000   0.1881   0.0207   0.0218   0.0036   0.1161   0.1161   0.0002   0.0000   0.0043  -0.0247    0.213
    55   0.4331   2.2799   0.0000   0.1570   0.0133   0.0160  -0.0001   0.1017   0.1017  -0.0000   0.0000   0.0044  -0.0209    0.207
    56   0.4393   2.3401   0.0000   0.1327   0.0049   0.0117  -0.0037   0.0883   0.0883  -0.0002   0.0000   0.0042  -0.0177    0.202
    57   0.4433   2.3732   0.0000   0.1167   0.0034   0.0087  -0.0058   0.0748   0.0748  -0.0002   0.0000   0.0039  -0.0147    0.198
    58   0.4499   2.4149   0.0000   0.0897   0.0046   0.0058  -0.0078   0.0641   0.0641  -0.0003   0.0000   0.0038  -0.0120    0.191
    59   0.4623   2.4550   0.0000   0.0412   0.0012   0.0027  -0.0118   0.0658   0.0658  -0.0004   0.0000   0.0050  -0.0103    0.175
    60   0.4718   2.4745   0.0000   0.0046   0.0000   0.0005  -0.0242   0.1186   0.1186  -0.0017   0.0000   0.0092  -0.0184    0.172

  Surface # 4     mace0_panel_1 (YDUP)                    
     # Chordwise = 12   # Spanwise = 20     First strip = 61
     Surface area Ssurf =    0.275268     Ave. chord Cave =    0.226186

 Forces referred to Sref, Cref, Bref about Xref, Yref, Zref
 Standard axis orientation,  X fwd, Z down         
     CLsurf  =   0.02970     Clsurf  =   0.01038
     CYsurf  =  -0.00007     Cmsurf  =   0.00357
     CDsurf  =   0.00009     Cnsurf  =  -0.00022
     CDisurf =   0.00009     CDvsurf =   0.00000

 Forces referred to Ssurf, Cave 
     CLsurf  =   0.13865     CDsurf  =   0.00042

 Strip Forces referred to Strip Area, Chord
    j     Xle      Yle      Zle      Chord    Area     c_cl     ai     cl_norm    cl       cd       cdv    cm_c/4     cm_LE   C.P.x/c
    61   0.4000  -1.2617   0.0000   0.2899   0.0020   0.0455   0.0060   0.1569   0.1569   0.0005   0.0000   0.0008   0.0384    0.245
    62   0.4001  -1.2754   0.0000   0.2895   0.0059   0.0454   0.0059   0.1568   0.1568   0.0005   0.0000   0.0008   0.0384    0.245
    63   0.4003  -1.3025   0.0000   0.2887   0.0097   0.0452   0.0060   0.1565   0.1565   0.0005   0.0000   0.0009   0.0382    0.244
    64   0.4005  -1.3423   0.0000   0.2876   0.0132   0.0448   0.0061   0.1559   0.1559   0.0005   0.0000   0.0009   0.0380    0.244
    65   0.4009  -1.3938   0.0000   0.2861   0.0163   0.0443   0.0063   0.1550   0.1550   0.0005   0.0000   0.0010   0.0377    0.244
    66   0.4013  -1.4558   0.0000   0.2842   0.0189   0.0436   0.0065   0.1536   0.1536   0.0005   0.0000   0.0011   0.0373    0.243
    67   0.4017  -1.5267   0.0000   0.2821   0.0211   0.0427   0.0069   0.1515   0.1515   0.0005   0.0000   0.0012   0.0367    0.242
    68   0.4034  -1.6218   0.0000   0.2760   0.0319   0.0413   0.0071   0.1497   0.1497   0.0005   0.0000   0.0015   0.0359    0.240
    69   0.4064  -1.7407   0.0000   0.2654   0.0323   0.0391   0.0072   0.1472   0.1472   0.0005   0.0000   0.0019   0.0349    0.237
    70   0.4095  -1.8476   0.0000   0.2533   0.0232   0.0364   0.0073   0.1437   0.1437   0.0005   0.0000   0.0024   0.0335    0.233
    71   0.4125  -1.9394   0.0000   0.2397   0.0219   0.0334   0.0073   0.1395   0.1395   0.0005   0.0000   0.0029   0.0319    0.229
    72   0.4161  -2.0215   0.0000   0.2255   0.0163   0.0301   0.0067   0.1335   0.1335   0.0005   0.0000   0.0034   0.0299    0.224
    73   0.4201  -2.0922   0.0000   0.2109   0.0145   0.0265   0.0056   0.1255   0.1255   0.0004   0.0000   0.0038   0.0275    0.219
    74   0.4256  -2.1823   0.0000   0.1881   0.0207   0.0218   0.0036   0.1161   0.1161   0.0002   0.0000   0.0043   0.0247    0.213
    75   0.4331  -2.2799   0.0000   0.1570   0.0133   0.0160  -0.0001   0.1017   0.1017  -0.0000   0.0000   0.0044   0.0209    0.207
    76   0.4393  -2.3401   0.0000   0.1327   0.0049   0.0117  -0.0037   0.0883   0.0883  -0.0002   0.0000   0.0042   0.0177    0.202
    77   0.4433  -2.3732   0.0000   0.1167   0.0034   0.0087  -0.0058   0.0748   0.0748  -0.0002   0.0000   0.0039   0.0147    0.198
    78   0.4499  -2.4149   0.0000   0.0897   0.0046   0.0058  -0.0078   0.0641   0.0641  -0.0003   0.0000   0.0038   0.0120    0.191
    79   0.4623  -2.4550   0.0000   0.0412   0.0012   0.0027  -0.0118   0.0658   0.0658  -0.0004   0.0000   0.0050   0.0103    0.175
    80   0.4718  -2.4745   0.0000   0.0046   0.0000   0.0005  -0.0242   0.1186   0.1186  -0.0017   0.0000   0.0092   0.0184    0.172

  Surface # 5     hstab_panel_0                           
     # Chordwise = 12   # Spanwise = 20     First strip = 81
     Surface area Ssurf =    0.043750     Ave. chord Cave =    0.125000

 Forces referred to Sref, Cref, Bref about Xref, Yref, Zref
 Standard axis orientation,  X fwd, Z down         
     CLsurf  =   0.00072     Clsurf  =  -0.00010
     CYsurf  =   0.00000     Cmsurf  =  -0.00416
     CDsurf  =   0.00001     Cnsurf  =   0.00000
     CDisurf =   0.00001     CDvsurf =   0.00000

 Forces referred to Ssurf, Cave 
     CLsurf  =   0.02118     CDsurf  =   0.00018

 Strip Forces referred to Strip Area, Chord
    j     Xle      Yle      Zle      Chord    Area     c_cl     ai     cl_norm    cl       cd       cdv    cm_c/4     cm_LE   C.P.x/c
    81   1.8000   0.5005   0.0000   0.1499   0.0003  -0.0001  -0.0923  -0.0008  -0.0008   0.0006   0.0000  -0.0085  -0.0083  999.000
    82   1.8002   0.5048   0.0000   0.1493   0.0010   0.0009  -0.0061   0.0061   0.0061   0.0002   0.0000  -0.0142  -0.0157  999.000
    83   1.8005   0.5133   0.0000   0.1481   0.0016   0.0018   0.0067   0.0121   0.0121   0.0002   0.0000  -0.0194  -0.0224    1.848
    84   1.8009   0.5258   0.0000   0.1463   0.0021   0.0024   0.0109   0.0166   0.0166   0.0002   0.0000  -0.0234  -0.0276    1.662
    85   1.8014   0.5419   0.0000   0.1440   0.0026   0.0028   0.0082   0.0194   0.0194   0.0002   0.0000  -0.0261  -0.0309    1.592
    86   1.8021   0.5613   0.0000   0.1412   0.0029   0.0030   0.0080   0.0211   0.0211   0.0002   0.0000  -0.0276  -0.0328    1.559
    87   1.8029   0.5836   0.0000   0.1381   0.0032   0.0030   0.0075   0.0220   0.0220   0.0002   0.0000  -0.0284  -0.0339    1.539
    88   1.8037   0.6080   0.0000   0.1346   0.0034   0.0030   0.0074   0.0226   0.0226   0.0002   0.0000  -0.0288  -0.0344    1.522
    89   1.8046   0.6341   0.0000   0.1308   0.0035   0.0030   0.0039   0.0230   0.0230   0.0002   0.0000  -0.0289  -0.0347    1.505
    90   1.8055   0.6613   0.0000   0.1270   0.0035   0.0030   0.0064   0.0234   0.0234   0.0002   0.0000  -0.0290  -0.0348    1.488
    91   1.8065   0.6887   0.0000   0.1230   0.0034   0.0029   0.0069   0.0237   0.0237   0.0002   0.0000  -0.0289  -0.0348    1.472
    92   1.8074   0.7159   0.0000   0.1192   0.0032   0.0028   0.0081   0.0239   0.0239   0.0002   0.0000  -0.0289  -0.0348    1.457
    93   1.8083   0.7420   0.0000   0.1154   0.0029   0.0028   0.0063   0.0241   0.0241   0.0002   0.0000  -0.0287  -0.0347    1.443
    94   1.8091   0.7664   0.0000   0.1119   0.0026   0.0027   0.0078   0.0240   0.0240   0.0002   0.0000  -0.0284  -0.0344    1.432
    95   1.8099   0.7887   0.0000   0.1088   0.0023   0.0026   0.0092   0.0237   0.0237   0.0002   0.0000  -0.0278  -0.0337    1.422
    96   1.8106   0.8081   0.0000   0.1060   0.0019   0.0024   0.0115   0.0229   0.0229   0.0002   0.0000  -0.0266  -0.0323    1.413
    97   1.8111   0.8242   0.0000   0.1037   0.0015   0.0022   0.0503   0.0210   0.0210   0.0002   0.0000  -0.0243  -0.0295    1.402
    98   1.8115   0.8367   0.0000   0.1019   0.0011   0.0018   0.0147   0.0176   0.0176   0.0002   0.0000  -0.0201  -0.0245    1.391
    99   1.8118   0.8452   0.0000   0.1007   0.0006   0.0012   0.0185   0.0120   0.0120   0.0002   0.0000  -0.0135  -0.0165    1.382
   100   1.8120   0.8495   0.0000   0.1001   0.0002   0.0004   0.0208   0.0043   0.0043   0.0001   0.0000  -0.0048  -0.0059    1.378

  Surface # 6     hstab_panel_0 (YDUP)                    
     # Chordwise = 12   # Spanwise = 20     First strip =101
     Surface area Ssurf =    0.043750     Ave. chord Cave =    0.125000

 Forces referred to Sref, Cref, Bref about Xref, Yref, Zref
 Standard axis orientation,  X fwd, Z down         
     CLsurf  =   0.00075     Clsurf  =   0.00010
     CYsurf  =  -0.00000     Cmsurf  =  -0.00429
     CDsurf  =   0.00001     Cnsurf  =  -0.00000
     CDisurf =   0.00001     CDvsurf =   0.00000

 Forces referred to Ssurf, Cave 
     CLsurf  =   0.02193     CDsurf  =   0.00017

 Strip Forces referred to Strip Area, Chord
    j     Xle      Yle      Zle      Chord    Area     c_cl     ai     cl_norm    cl       cd       cdv    cm_c/4     cm_LE   C.P.x/c
   101   1.8000  -0.5005   0.0000   0.1499   0.0003   0.0005  -0.1034   0.0033   0.0033   0.0000   0.0000  -0.0038   0.0046    1.388
   102   1.8002  -0.5048   0.0000   0.1493   0.0010   0.0014  -0.0059   0.0096   0.0096   0.0001   0.0000  -0.0109   0.0133    1.390
   103   1.8005  -0.5133   0.0000   0.1481   0.0016   0.0022   0.0075   0.0149   0.0149   0.0002   0.0000  -0.0172   0.0209    1.402
   104   1.8009  -0.5258   0.0000   0.1463   0.0021   0.0028   0.0117   0.0188   0.0188   0.0002   0.0000  -0.0221   0.0268    1.423
   105   1.8014  -0.5419   0.0000   0.1440   0.0026   0.0031   0.0088   0.0212   0.0212   0.0002   0.0000  -0.0254   0.0307    1.447
   106   1.8021  -0.5613   0.0000   0.1412   0.0029   0.0032   0.0083   0.0224   0.0224   0.0002   0.0000  -0.0273   0.0328    1.467
   107   1.8029  -0.5836   0.0000   0.1381   0.0032   0.0032   0.0077   0.0230   0.0230   0.0002   0.0000  -0.0283   0.0340    1.479
   108   1.8037  -0.6080   0.0000   0.1346   0.0034   0.0031   0.0075   0.0233   0.0233   0.0002   0.0000  -0.0287   0.0345    1.483
   109   1.8046  -0.6341   0.0000   0.1308   0.0035   0.0031   0.0039   0.0235   0.0235   0.0002   0.0000  -0.0289   0.0348    1.479
   110   1.8055  -0.6613   0.0000   0.1270   0.0035   0.0030   0.0064   0.0237   0.0237   0.0002   0.0000  -0.0290   0.0349    1.471
   111   1.8065  -0.6887   0.0000   0.1230   0.0034   0.0029   0.0069   0.0239   0.0239   0.0002   0.0000  -0.0290   0.0349    1.460
   112   1.8074  -0.7159   0.0000   0.1192   0.0032   0.0029   0.0080   0.0241   0.0241   0.0002   0.0000  -0.0289   0.0349    1.448
   113   1.8083  -0.7420   0.0000   0.1154   0.0029   0.0028   0.0063   0.0242   0.0242   0.0002   0.0000  -0.0287   0.0347    1.436
   114   1.8091  -0.7664   0.0000   0.1119   0.0026   0.0027   0.0078   0.0241   0.0241   0.0002   0.0000  -0.0284   0.0344    1.427
   115   1.8099  -0.7887   0.0000   0.1088   0.0023   0.0026   0.0092   0.0238   0.0238   0.0002   0.0000  -0.0278   0.0337    1.418
   116   1.8106  -0.8081   0.0000   0.1060   0.0019   0.0024   0.0115   0.0229   0.0229   0.0002   0.0000  -0.0266   0.0323    1.410
   117   1.8111  -0.8242   0.0000   0.1037   0.0015   0.0022   0.0503   0.0211   0.0211   0.0002   0.0000  -0.0243   0.0295    1.400
   118   1.8115  -0.8367   0.0000   0.1019   0.0011   0.0018   0.0147   0.0176   0.0176   0.0002   0.0000  -0.0201   0.0245    1.389
   119   1.8118  -0.8452   0.0000   0.1007   0.0006   0.0012   0.0185   0.0120   0.0120   0.0002   0.0000  -0.0135   0.0165    1.381
   120   1.8120  -0.8495   0.0000   0.1001   0.0002   0.0004   0.0208   0.0043   0.0043   0.0001   0.0000  -0.0048   0.0059    1.376

  Surface # 7     fin_panel_0                             
     # Chordwise = 12   # Spanwise = 20     First strip =121
     Surface area Ssurf =    0.050000     Ave. chord Cave =    0.125000

 Forces referred to Sref, Cref, Bref about Xref, Yref, Zref
 Standard axis orientation,  X fwd, Z down         
     CLsurf  =  -0.00000     Clsurf  =  -0.00000
     CYsurf  =  -0.00006     Cmsurf  =   0.00000
     CDsurf  =  -0.00000     Cnsurf  =   0.00002
     CDisurf =  -0.00000     CDvsurf =   0.00000

 Forces referred to Ssurf, Cave 
     CLsurf  =  -0.00163     CDsurf  =  -0.00001

 Strip Forces referred to Strip Area, Chord
    j     Xle      Yle      Zle      Chord    Area     c_cl     ai     cl_norm    cl       cd       cdv    cm_c/4     cm_LE   C.P.x/c
   121   1.8000   0.5000   0.3994   0.1499   0.0004  -0.0001  -0.0007  -0.0003  -0.0003   0.0000   0.0000  -0.0000   0.0001    0.222
   122   1.8002   0.5000   0.3945   0.1493   0.0011  -0.0001  -0.0007  -0.0010  -0.0010   0.0000   0.0000  -0.0000   0.0002    0.229
   123   1.8005   0.5000   0.3848   0.1481   0.0018  -0.0002  -0.0006  -0.0015  -0.0015   0.0000   0.0000  -0.0000   0.0004    0.240
   124   1.8009   0.5000   0.3705   0.1463   0.0024  -0.0003  -0.0005  -0.0020  -0.0020   0.0000   0.0000   0.0000   0.0005    0.252
   125   1.8014   0.5000   0.3521   0.1440   0.0029  -0.0003  -0.0004  -0.0023  -0.0023  -0.0000   0.0000   0.0000   0.0006    0.264
   126   1.8021   0.5000   0.3299   0.1412   0.0034  -0.0003  -0.0002  -0.0024  -0.0024  -0.0000   0.0000   0.0001   0.0007    0.277
   127   1.8029   0.5000   0.3045   0.1381   0.0037  -0.0003  -0.0000  -0.0024  -0.0024  -0.0000   0.0000   0.0001   0.0007    0.292
   128   1.8037   0.5000   0.2765   0.1346   0.0039  -0.0003   0.0001  -0.0022  -0.0022  -0.0000   0.0000   0.0001   0.0007    0.311
   129   1.8046   0.5000   0.2467   0.1308   0.0040  -0.0002   0.0003  -0.0018  -0.0018  -0.0000   0.0000   0.0002   0.0006    0.337
   130   1.8055   0.5000   0.2157   0.1270   0.0040  -0.0002   0.0005  -0.0014  -0.0014  -0.0000   0.0000   0.0002   0.0005    0.383
   131   1.8065   0.5000   0.1843   0.1230   0.0038  -0.0001   0.0007  -0.0009  -0.0009  -0.0000   0.0000   0.0002   0.0004    0.478
   132   1.8074   0.5000   0.1533   0.1192   0.0036  -0.0001   0.0009  -0.0005  -0.0005  -0.0000   0.0000   0.0002   0.0003    0.725
   133   1.8083   0.5000   0.1235   0.1154   0.0033  -0.0000   0.0011  -0.0002  -0.0002  -0.0000   0.0000   0.0002   0.0003    1.420
   134   1.8091   0.5000   0.0955   0.1119   0.0030  -0.0000   0.0013  -0.0002  -0.0002  -0.0000   0.0000   0.0001   0.0002    1.005
   135   1.8099   0.5000   0.0701   0.1088   0.0026  -0.0001   0.0013  -0.0006  -0.0006  -0.0000   0.0000  -0.0001   0.0001    0.079
   136   1.8106   0.5000   0.0479   0.1060   0.0022  -0.0002   0.0011  -0.0016  -0.0016  -0.0000   0.0000  -0.0008  -0.0004   -0.282
   137   1.8111   0.5000   0.0295   0.1037   0.0017  -0.0003   0.0004  -0.0030  -0.0030  -0.0000   0.0000  -0.0026  -0.0018   -0.608
   138   1.8115   0.5000   0.0152   0.1019   0.0012  -0.0005  -0.0008  -0.0045  -0.0045  -0.0001   0.0000  -0.0056  -0.0044   -0.999
   139   1.8118   0.5000   0.0055   0.1007   0.0007  -0.0006  -0.0023  -0.0058  -0.0057  -0.0002   0.0000  -0.0092  -0.0078  999.000
   140   1.8120   0.5000   0.0006   0.1001   0.0002  -0.0007  -0.0174  -0.0068  -0.0068  -0.0012   0.0000  -0.0119  -0.0102  999.000

  Surface # 8     hstab_panel_0                           
     # Chordwise = 12   # Spanwise = 20     First strip =141
     Surface area Ssurf =    0.043750     Ave. chord Cave =    0.125000

 Forces referred to Sref, Cref, Bref about Xref, Yref, Zref
 Standard axis orientation,  X fwd, Z down         
     CLsurf  =   0.00078     Clsurf  =   0.00005
     CYsurf  =   0.00000     Cmsurf  =  -0.00445
     CDsurf  =   0.00001     Cnsurf  =  -0.00000
     CDisurf =   0.00001     CDvsurf =   0.00000

 Forces referred to Ssurf, Cave 
     CLsurf  =   0.02278     CDsurf  =   0.00018

 Strip Forces referred to Strip Area, Chord
    j     Xle      Yle      Zle      Chord    Area     c_cl     ai     cl_norm    cl       cd       cdv    cm_c/4     cm_LE   C.P.x/c
   141   1.8000  -0.4995   0.0000   0.1499   0.0003   0.0001  -0.0893   0.0006   0.0006   0.0006   0.0000  -0.0086  -0.0087  999.000
   142   1.8002  -0.4952   0.0000   0.1493   0.0010   0.0011  -0.0055   0.0075   0.0075   0.0002   0.0000  -0.0142  -0.0161  999.000
   143   1.8005  -0.4867   0.0000   0.1481   0.0016   0.0020   0.0065   0.0135   0.0135   0.0002   0.0000  -0.0195  -0.0228    1.692
   144   1.8009  -0.4742   0.0000   0.1463   0.0021   0.0026   0.0092   0.0179   0.0179   0.0002   0.0000  -0.0235  -0.0280    1.560
   145   1.8014  -0.4581   0.0000   0.1440   0.0026   0.0030   0.0087   0.0208   0.0208   0.0002   0.0000  -0.0261  -0.0313    1.508
   146   1.8021  -0.4387   0.0000   0.1412   0.0029   0.0032   0.0059   0.0225   0.0225   0.0002   0.0000  -0.0277  -0.0332    1.482
   147   1.8029  -0.4164   0.0000   0.1381   0.0032   0.0032   0.0075   0.0234   0.0234   0.0002   0.0000  -0.0284  -0.0343    1.463
   148   1.8037  -0.3920   0.0000   0.1346   0.0034   0.0032   0.0067   0.0241   0.0241   0.0002   0.0000  -0.0288  -0.0348    1.445
   149   1.8046  -0.3659   0.0000   0.1308   0.0035   0.0032   0.0062   0.0246   0.0246   0.0002   0.0000  -0.0290  -0.0351    1.426
   150   1.8055  -0.3387   0.0000   0.1270   0.0035   0.0032   0.0073   0.0251   0.0251   0.0002   0.0000  -0.0290  -0.0353    1.406
   151   1.8065  -0.3113   0.0000   0.1230   0.0034   0.0031   0.0064   0.0255   0.0255   0.0002   0.0000  -0.0290  -0.0353    1.387
   152   1.8074  -0.2841   0.0000   0.1192   0.0032   0.0031   0.0065   0.0258   0.0258   0.0002   0.0000  -0.0289  -0.0353    1.369
   153   1.8083  -0.2580   0.0000   0.1154   0.0029   0.0030   0.0089   0.0260   0.0260   0.0002   0.0000  -0.0287  -0.0352    1.354
   154   1.8091  -0.2336   0.0000   0.1119   0.0026   0.0029   0.0076   0.0260   0.0260   0.0002   0.0000  -0.0284  -0.0349    1.342
   155   1.8099  -0.2113   0.0000   0.1088   0.0023   0.0028   0.0084   0.0256   0.0256   0.0002   0.0000  -0.0278  -0.0342    1.334
   156   1.8106  -0.1919   0.0000   0.1060   0.0019   0.0026   0.0098   0.0246   0.0246   0.0002   0.0000  -0.0266  -0.0327    1.328
   157   1.8111  -0.1758   0.0000   0.1037   0.0015   0.0023   0.0127   0.0226   0.0226   0.0002   0.0000  -0.0242  -0.0298    1.322
   158   1.8115  -0.1633   0.0000   0.1019   0.0011   0.0019   0.0156   0.0188   0.0188   0.0002   0.0000  -0.0201  -0.0247    1.317
   159   1.8118  -0.1548   0.0000   0.1007   0.0006   0.0013   0.0187   0.0127   0.0127   0.0002   0.0000  -0.0135  -0.0167    1.312
   160   1.8120  -0.1505   0.0000   0.1001   0.0002   0.0005   0.0208   0.0045   0.0045   0.0001   0.0000  -0.0048  -0.0059    1.310

  Surface # 9     hstab_panel_0 (YDUP)                    
     # Chordwise = 12   # Spanwise = 20     First strip =161
     Surface area Ssurf =    0.043750     Ave. chord Cave =    0.125000

 Forces referred to Sref, Cref, Bref about Xref, Yref, Zref
 Standard axis orientation,  X fwd, Z down         
     CLsurf  =   0.00079     Clsurf  =  -0.00005
     CYsurf  =  -0.00000     Cmsurf  =  -0.00453
     CDsurf  =   0.00001     Cnsurf  =   0.00000
     CDisurf =   0.00001     CDvsurf =   0.00000

 Forces referred to Ssurf, Cave 
     CLsurf  =   0.02327     CDsurf  =   0.00017

 Strip Forces referred to Strip Area, Chord
    j     Xle      Yle      Zle      Chord    Area     c_cl     ai     cl_norm    cl       cd       cdv    cm_c/4     cm_LE   C.P.x/c
   161   1.8000   0.4995   0.0000   0.1499   0.0003   0.0005  -0.1037   0.0034   0.0034   0.0000   0.0000  -0.0038   0.0046    1.361
   162   1.8002   0.4952   0.0000   0.1493   0.0010   0.0015  -0.0063   0.0098   0.0098   0.0001   0.0000  -0.0109   0.0134    1.361
   163   1.8005   0.4867   0.0000   0.1481   0.0016   0.0023   0.0070   0.0154   0.0154   0.0001   0.0000  -0.0172   0.0211    1.369
   164   1.8009   0.4742   0.0000   0.1463   0.0021   0.0029   0.0099   0.0195   0.0195   0.0002   0.0000  -0.0221   0.0270    1.386
   165   1.8014   0.4581   0.0000   0.1440   0.0026   0.0032   0.0093   0.0220   0.0220   0.0002   0.0000  -0.0254   0.0309    1.405
   166   1.8021   0.4387   0.0000   0.1412   0.0029   0.0033   0.0062   0.0234   0.0234   0.0002   0.0000  -0.0273   0.0331    1.419
   167   1.8029   0.4164   0.0000   0.1381   0.0032   0.0033   0.0077   0.0241   0.0241   0.0002   0.0000  -0.0283   0.0343    1.425
   168   1.8037   0.3920   0.0000   0.1346   0.0034   0.0033   0.0068   0.0245   0.0245   0.0002   0.0000  -0.0288   0.0349    1.422
   169   1.8046   0.3659   0.0000   0.1308   0.0035   0.0033   0.0063   0.0249   0.0249   0.0002   0.0000  -0.0289   0.0352    1.412
   170   1.8055   0.3387   0.0000   0.1270   0.0035   0.0032   0.0073   0.0253   0.0253   0.0002   0.0000  -0.0290   0.0353    1.398
   171   1.8065   0.3113   0.0000   0.1230   0.0034   0.0031   0.0065   0.0256   0.0256   0.0002   0.0000  -0.0290   0.0353    1.382
   172   1.8074   0.2841   0.0000   0.1192   0.0032   0.0031   0.0065   0.0259   0.0259   0.0002   0.0000  -0.0289   0.0353    1.366
   173   1.8083   0.2580   0.0000   0.1154   0.0029   0.0030   0.0089   0.0260   0.0260   0.0002   0.0000  -0.0287   0.0352    1.352
   174   1.8091   0.2336   0.0000   0.1119   0.0026   0.0029   0.0076   0.0260   0.0260   0.0002   0.0000  -0.0284   0.0349    1.341
   175   1.8099   0.2113   0.0000   0.1088   0.0023   0.0028   0.0084   0.0256   0.0256   0.0002   0.0000  -0.0278   0.0342    1.333
   176   1.8106   0.1919   0.0000   0.1060   0.0019   0.0026   0.0098   0.0247   0.0247   0.0002   0.0000  -0.0266   0.0327    1.327
   177   1.8111   0.1758   0.0000   0.1037   0.0015   0.0023   0.0127   0.0226   0.0226   0.0002   0.0000  -0.0242   0.0299    1.322
   178   1.8115   0.1633   0.0000   0.1019   0.0011   0.0019   0.0156   0.0188   0.0188   0.0002   0.0000  -0.0201   0.0247    1.316
   179   1.8118   0.1548   0.0000   0.1007   0.0006   0.0013   0.0187   0.0127   0.0127   0.0002   0.0000  -0.0135   0.0167    1.312
   180   1.8120   0.1505   0.0000   0.1001   0.0002   0.0005   0.0208   0.0045   0.0045   0.0001   0.0000  -0.0048   0.0059    1.310

  Surface #10     fin_panel_0                             
     # Chordwise = 12   # Spanwise = 20     First strip =181
     Surface area Ssurf =    0.050000     Ave. chord Cave =    0.125000

 Forces referred to Sref, Cref, Bref about Xref, Yref, Zref
 Standard axis orientation,  X fwd, Z down         
     CLsurf  =  -0.00000     Clsurf  =   0.00000
     CYsurf  =   0.00006     Cmsurf  =   0.00000
     CDsurf  =  -0.00000     Cnsurf  =  -0.00002
     CDisurf =  -0.00000     CDvsurf =   0.00000

 Forces referred to Ssurf, Cave 
     CLsurf  =   0.00158     CDsurf  =  -0.00001

 Strip Forces referred to Strip Area, Chord
    j     Xle      Yle      Zle      Chord    Area     c_cl     ai     cl_norm    cl       cd       cdv    cm_c/4     cm_LE   C.P.x/c
   181   1.8000  -0.5000   0.3994   0.1499   0.0004   0.0000  -0.0011   0.0000   0.0000  -0.0000   0.0000   0.0000   0.0000   -0.987
   182   1.8002  -0.5000   0.3945   0.1493   0.0011   0.0000  -0.0011   0.0001   0.0001  -0.0000   0.0000   0.0000   0.0000   -0.643
   183   1.8005  -0.5000   0.3848   0.1481   0.0018   0.0000  -0.0010   0.0001   0.0001  -0.0000   0.0000   0.0001   0.0000   -0.315
   184   1.8009  -0.5000   0.3705   0.1463   0.0024   0.0000  -0.0009   0.0003   0.0003  -0.0000   0.0000   0.0001   0.0000   -0.107
   185   1.8014  -0.5000   0.3521   0.1440   0.0029   0.0001  -0.0008   0.0005   0.0005  -0.0000   0.0000   0.0001  -0.0000    0.015
   186   1.8021  -0.5000   0.3299   0.1412   0.0034   0.0001  -0.0007   0.0008   0.0008  -0.0000   0.0000   0.0001  -0.0001    0.087
   187   1.8029  -0.5000   0.3045   0.1381   0.0037   0.0002  -0.0006   0.0011   0.0011  -0.0000   0.0000   0.0001  -0.0001    0.131
   188   1.8037  -0.5000   0.2765   0.1346   0.0039   0.0002  -0.0005   0.0015   0.0015  -0.0000   0.0000   0.0001  -0.0002    0.158
   189   1.8046  -0.5000   0.2467   0.1308   0.0040   0.0003  -0.0003   0.0020   0.0020  -0.0000   0.0000   0.0001  -0.0004    0.176
   190   1.8055  -0.5000   0.2157   0.1270   0.0040   0.0003  -0.0001   0.0025   0.0025  -0.0000   0.0000   0.0002  -0.0005    0.188
   191   1.8065  -0.5000   0.1843   0.1230   0.0038   0.0004   0.0001   0.0029   0.0029  -0.0000   0.0000   0.0002  -0.0006    0.194
   192   1.8074  -0.5000   0.1533   0.1192   0.0036   0.0004   0.0003   0.0033   0.0033   0.0000   0.0000   0.0002  -0.0007    0.199
   193   1.8083  -0.5000   0.1235   0.1154   0.0033   0.0004   0.0005   0.0034   0.0034   0.0000   0.0000   0.0002  -0.0007    0.205
   194   1.8091  -0.5000   0.0955   0.1119   0.0030   0.0004   0.0006   0.0032   0.0032   0.0000   0.0000   0.0001  -0.0007    0.226
   195   1.8099  -0.5000   0.0701   0.1088   0.0026   0.0003   0.0006   0.0025   0.0025   0.0000   0.0000  -0.0002  -0.0008    0.329
   196   1.8106  -0.5000   0.0479   0.1060   0.0022   0.0001   0.0003   0.0012   0.0012   0.0000   0.0000  -0.0009  -0.0013    1.019
   197   1.8111  -0.5000   0.0295   0.1037   0.0017  -0.0000  -0.0005  -0.0004  -0.0004  -0.0000   0.0000  -0.0027  -0.0026  999.000
   198   1.8115  -0.5000   0.0152   0.1019   0.0012  -0.0002  -0.0018  -0.0021  -0.0021  -0.0000   0.0000  -0.0057  -0.0052  999.000
   199   1.8118  -0.5000   0.0055   0.1007   0.0007  -0.0004  -0.0035  -0.0036  -0.0036  -0.0002   0.0000  -0.0094  -0.0085  999.000
   200   1.8120  -0.5000   0.0006   0.1001   0.0002  -0.0005  -0.0200  -0.0048  -0.0048  -0.0011   0.0000  -0.0121  -0.0109  999.000
 ---------------------------------------------------------------
