 ---------------------------------------------------------------
 Surface and Strip Forces by surface

  Sref =  1.2850       Cref = 0.25900       Bref =  4.9540    
  Xref = 0.50000       Yref =  0.0000       Zref =  0.0000    

  Surface # 1     mace0_panel_0                           
     # Chordwise = 12   # Spanwise = 20     First strip =  1
     Surface area Ssurf =    0.365400     Ave. chord Cave =    0.290000

 Forces referred to Sref, Cref, Bref about Xref, Yref, Zref
 Standard axis orientation,  X fwd, Z down         
     CLsurf  =   0.16257     Clsurf  =  -0.02047
     CYsurf  =   0.00000     Cmsurf  =   0.02534
     CDsurf  =   0.00128     Cnsurf  =  -0.00094
     CDisurf =   0.00128     CDvsurf =   0.00000

 Forces referred to Ssurf, Cave 
     CLsurf  =   0.57171     CDsurf  =   0.00449

 Strip Forces referred to Strip Area, Chord
    j     Xle      Yle      Zle      Chord    Area     c_cl     ai     cl_norm    cl       cd       cdv    cm_c/4     cm_LE   C.P.x/c
     1   0.4000   0.0019   0.0000   0.2900   0.0022   0.1683   0.0023   0.5810   0.5810   0.0040   0.0000   0.0257  -0.1194    0.206
     2   0.4000   0.0174   0.0000   0.2900   0.0067   0.1683   0.0021   0.5810   0.5810   0.0040   0.0000   0.0257  -0.1194    0.206
     3   0.4000   0.0480   0.0000   0.2900   0.0110   0.1683   0.0010   0.5809   0.5809   0.0040   0.0000   0.0257  -0.1194    0.206
     4   0.4000   0.0928   0.0000   0.2900   0.0150   0.1683  -0.0042   0.5808   0.5808   0.0040   0.0000   0.0257  -0.1194    0.206
     5   0.4000   0.1509   0.0000   0.2900   0.0186   0.1682  -0.0999   0.5807   0.5807   0.0040   0.0000   0.0257  -0.1193    0.206
     6   0.4000   0.2208   0.0000   0.2900   0.0218   0.1681  -0.0620   0.5803   0.5803   0.0040   0.0000   0.0257  -0.1193    0.206
     7   0.4000   0.3008   0.0000   0.2900   0.0244   0.1679   0.0485   0.5797   0.5797   0.0041   0.0000   0.0256  -0.1191    0.206
     8   0.4000   0.3889   0.0000   0.2900   0.0265   0.1677   0.0320   0.5788   0.5788   0.0041   0.0000   0.0256  -0.1189    0.206
     9   0.4000   0.4829   0.0000   0.2900   0.0279   0.1673  -0.1063   0.5776   0.5776   0.0042   0.0000   0.0256  -0.1187    0.206
    10   0.4000   0.5806   0.0000   0.2900   0.0286   0.1669   0.0365   0.5760   0.5760   0.0043   0.0000   0.0255  -0.1183    0.206
    11   0.4000   0.6794   0.0000   0.2900   0.0286   0.1663   0.0207   0.5740   0.5740   0.0044   0.0000   0.0255  -0.1179    0.206
    12   0.4000   0.7771   0.0000   0.2900   0.0279   0.1656   0.1863   0.5715   0.5715   0.0045   0.0000   0.0254  -0.1173    0.206
    13   0.4000   0.8711   0.0000   0.2900   0.0265   0.1647  -0.0148   0.5686   0.5686   0.0047   0.0000   0.0254  -0.1166    0.205
    14   0.4000   0.9592   0.0000   0.2900   0.0244   0.1638   0.0092   0.5653   0.5653   0.0048   0.0000   0.0253  -0.1159    0.205
    15   0.4000   1.0392   0.0000   0.2900   0.0218   0.1627   0.0134   0.5617   0.5617   0.0050   0.0000   0.0252  -0.1151    0.205
    16   0.4000   1.1091   0.0000   0.2900   0.0186   0.1617   0.0155   0.5580   0.5580   0.0052   0.0000   0.0251  -0.1142    0.205
    17   0.4000   1.1672   0.0000   0.2900   0.0150   0.1606   0.0168   0.5544   0.5544   0.0053   0.0000   0.0250  -0.1134    0.205
    18   0.4000   1.2120   0.0000   0.2900   0.0110   0.1597   0.0178   0.5513   0.5513   0.0055   0.0000   0.0250  -0.1127    0.205
    19   0.4000   1.2426   0.0000   0.2900   0.0067   0.1590   0.0185   0.5489   0.5489   0.0057   0.0000   0.0249  -0.1122    0.205
    20   0.4000   1.2581   0.0000   0.2900   0.0022   0.1587   0.0189   0.5476   0.5476   0.0061   0.0000   0.0249  -0.1119    0.205

  Surface # 2     mace0_panel_0 (YDUP)                    
     # Chordwise = 12   # Spanwise = 20     First strip = 21
     Surface area Ssurf =    0.365400     Ave. chord Cave =    0.290000

 Forces referred to Sref, Cref, Bref about Xref, Yref, Zref
 Standard axis orientation,  X fwd, Z down         
     CLsurf  =   0.16257     Clsurf  =   0.02047
     CYsurf  =  -0.00000     Cmsurf  =   0.02534
     CDsurf  =   0.00128     Cnsurf  =   0.00094
     CDisurf =   0.00128     CDvsurf =   0.00000

 Forces referred to Ssurf, Cave 
     CLsurf  =   0.57171     CDsurf  =   0.00449

 Strip Forces referred to Strip Area, Chord
    j     Xle      Yle      Zle      Chord    Area     c_cl     ai     cl_norm    cl       cd       cdv    cm_c/4     cm_LE   C.P.x/c
    21   0.4000  -0.0019   0.0000   0.2900   0.0022   0.1683   0.0023   0.5810   0.5810   0.0040   0.0000   0.0257   0.1194    0.206
    22   0.4000  -0.0174   0.0000   0.2900   0.0067   0.1683   0.0021   0.5810   0.5810   0.0040   0.0000   0.0257   0.1194    0.206
    23   0.4000  -0.0480   0.0000   0.2900   0.0110   0.1683   0.0010   0.5809   0.5809   0.0040   0.0000   0.0257   0.1194    0.206
    24   0.4000  -0.0928   0.0000   0.2900   0.0150   0.1683  -0.0043   0.5808   0.5808   0.0040   0.0000   0.0257   0.1194    0.206
    25   0.4000  -0.1509   0.0000   0.2900   0.0186   0.1682  -0.1007   0.5807   0.5807   0.0040   0.0000   0.0257   0.1193    0.206
    26   0.4000  -0.2208   0.0000   0.2900   0.0218   0.1681  -0.0646   0.5803   0.5803   0.0040   0.0000   0.0257   0.1193    0.206
    27   0.4000  -0.3008   0.0000   0.2900   0.0244   0.1679   0.0510   0.5797   0.5797   0.0041   0.0000   0.0256   0.1191    0.206
    28   0.4000  -0.3889   0.0000   0.2900   0.0265   0.1677   0.0328   0.5788   0.5788   0.0041   0.0000   0.0256   0.1189    0.206
    29   0.4000  -0.4829   0.0000   0.2900   0.0279   0.1673  -0.0531   0.5776   0.5776   0.0042   0.0000   0.0256   0.1187    0.206
    30   0.4000  -0.5806   0.0000   0.2900   0.0286   0.1669   0.0398   0.5760   0.5760   0.0043   0.0000   0.0255   0.1183    0.206
    31   0.4000  -0.6794   0.0000   0.2900   0.0286   0.1663   0.0236   0.5740   0.5740   0.0044   0.0000   0.0255   0.1179    0.206
    32   0.4000  -0.7771   0.0000   0.2900   0.0279   0.1656   0.1830   0.5715   0.5715   0.0045   0.0000   0.0254   0.1173    0.206
    33   0.4000  -0.8711   0.0000   0.2900   0.0265   0.1647  -0.0147   0.5686   0.5686   0.0047   0.0000   0.0254   0.1166    0.205
    34   0.4000  -0.9592   0.0000   0.2900   0.0244   0.1638   0.0092   0.5653   0.5653   0.0048   0.0000   0.0253   0.1159    0.205
    35   0.4000  -1.0392   0.0000   0.2900   0.0218   0.1627   0.0134   0.5617   0.5617   0.0050   0.0000   0.0252   0.1151    0.205
    36   0.4000  -1.1091   0.0000   0.2900   0.0186   0.1617   0.0154   0.5580   0.5580   0.0052   0.0000   0.0251   0.1142    0.205
    37   0.4000  -1.1672   0.0000   0.2900   0.0150   0.1606   0.0168   0.5544   0.5544   0.0053   0.0000   0.0250   0.1134    0.205
    38   0.4000  -1.2120   0.0000   0.2900   0.0110   0.1597   0.0178   0.5513   0.5513   0.0055   0.0000   0.0250   0.1127    0.205
    39   0.4000  -1.2426   0.0000   0.2900   0.0067   0.1590   0.0185   0.5489   0.5489   0.0057   0.0000   0.0249   0.1122    0.205
    40   0.4000  -1.2581   0.0000   0.2900   0.0022   0.1587   0.0189   0.5476   0.5476   0.0061   0.0000   0.0249   0.1119    0.205

  Surface # 3     mace0_panel_1                           
     # Chordwise = 12   # Spanwise = 20     First strip = 41
     Surface area Ssurf =    0.275268     Ave. chord Cave =    0.226186

 Forces referred to Sref, Cref, Bref about Xref, Yref, Zref
 Standard axis orientation,  X fwd, Z down         
     CLsurf  =   0.10964     Clsurf  =  -0.03891
     CYsurf  =  -0.00038     Cmsurf  =   0.01689
     CDsurf  =   0.00117     Cnsurf  =  -0.00168
     CDisurf =   0.00117     CDvsurf =   0.00000

 Forces referred to Ssurf, Cave 
     CLsurf  =   0.51183     CDsurf  =   0.00547

 Strip Forces referred to Strip Area, Chord
    j     Xle      Yle      Zle      Chord    Area     c_cl     ai     cl_norm    cl       cd       cdv    cm_c/4     cm_LE   C.P.x/c
    41   0.4000   1.2617   0.0000   0.2899   0.0020   0.1586   0.0190   0.5475   0.5475   0.0062   0.0000   0.0249  -0.1119    0.205
    42   0.4001   1.2754   0.0000   0.2895   0.0059   0.1582   0.0190   0.5470   0.5470   0.0058   0.0000   0.0249  -0.1117    0.204
    43   0.4003   1.3025   0.0000   0.2887   0.0097   0.1575   0.0192   0.5459   0.5459   0.0057   0.0000   0.0249  -0.1114    0.204
    44   0.4005   1.3423   0.0000   0.2876   0.0132   0.1563   0.0195   0.5439   0.5439   0.0057   0.0000   0.0249  -0.1109    0.204
    45   0.4009   1.3938   0.0000   0.2861   0.0163   0.1545   0.0201   0.5407   0.5407   0.0058   0.0000   0.0249  -0.1101    0.204
    46   0.4013   1.4558   0.0000   0.2842   0.0189   0.1522   0.0208   0.5359   0.5359   0.0059   0.0000   0.0249  -0.1090    0.204
    47   0.4017   1.5267   0.0000   0.2821   0.0211   0.1491   0.0218   0.5288   0.5288   0.0061   0.0000   0.0248  -0.1073    0.203
    48   0.4034   1.6218   0.0000   0.2760   0.0319   0.1443   0.0221   0.5234   0.5234   0.0060   0.0000   0.0250  -0.1057    0.202
    49   0.4064   1.7407   0.0000   0.2654   0.0323   0.1371   0.0221   0.5168   0.5168   0.0058   0.0000   0.0253  -0.1037    0.201
    50   0.4095   1.8476   0.0000   0.2533   0.0232   0.1287   0.0218   0.5087   0.5087   0.0056   0.0000   0.0257  -0.1013    0.199
    51   0.4125   1.9394   0.0000   0.2397   0.0219   0.1200   0.0211   0.5012   0.5012   0.0055   0.0000   0.0260  -0.0991    0.198
    52   0.4161   2.0215   0.0000   0.2255   0.0163   0.1111   0.0210   0.4933   0.4933   0.0053   0.0000   0.0267  -0.0964    0.196
    53   0.4201   2.0922   0.0000   0.2109   0.0145   0.1021   0.0214   0.4845   0.4845   0.0051   0.0000   0.0276  -0.0933    0.193
    54   0.4256   2.1823   0.0000   0.1881   0.0207   0.0905   0.0210   0.4816   0.4815   0.0051   0.0000   0.0291  -0.0910    0.190
    55   0.4331   2.2799   0.0000   0.1570   0.0133   0.0750   0.0199   0.4784   0.4784   0.0047   0.0000   0.0310  -0.0881    0.185
    56   0.4393   2.3401   0.0000   0.1327   0.0049   0.0621   0.0192   0.4683   0.4683   0.0040   0.0000   0.0320  -0.0843    0.182
    57   0.4433   2.3732   0.0000   0.1167   0.0034   0.0517   0.0194   0.4432   0.4432   0.0036   0.0000   0.0315  -0.0786    0.179
    58   0.4499   2.4149   0.0000   0.0897   0.0046   0.0393   0.0171   0.4380   0.4380   0.0031   0.0000   0.0328  -0.0754    0.175
    59   0.4623   2.4550   0.0000   0.0412   0.0012   0.0210  -0.0061   0.5114   0.5112  -0.0054   0.0000   0.0423  -0.0767    0.167
    60   0.4718   2.4745   0.0000   0.0046   0.0000   0.0045  -0.1094   0.9916   0.9911  -0.0737   0.0000   0.0776  -0.1518    0.172

  Surface # 4     mace0_panel_1 (YDUP)                    
     # Chordwise = 12   # Spanwise = 20     First strip = 61
     Surface area Ssurf =    0.275268     Ave. chord Cave =    0.226186

 Forces referred to Sref, Cref, Bref about Xref, Yref, Zref
 Standard axis orientation,  X fwd, Z down         
     CLsurf  =   0.10964     Clsurf  =   0.03891
     CYsurf  =   0.00038     Cmsurf  =   0.01689
     CDsurf  =   0.00117     Cnsurf  =   0.00168
     CDisurf =   0.00117     CDvsurf =   0.00000

 Forces referred to Ssurf, Cave 
     CLsurf  =   0.51183     CDsurf  =   0.00547

 Strip Forces referred to Strip Area, Chord
    j     Xle      Yle      Zle      Chord    Area     c_cl     ai     cl_norm    cl       cd       cdv    cm_c/4     cm_LE   C.P.x/c
    61   0.4000  -1.2617   0.0000   0.2899   0.0020   0.1586   0.0189   0.5475   0.5475   0.0062   0.0000   0.0249   0.1119    0.205
    62   0.4001  -1.2754   0.0000   0.2895   0.0059   0.1582   0.0190   0.5470   0.5470   0.0058   0.0000   0.0249   0.1117    0.204
    63   0.4003  -1.3025   0.0000   0.2887   0.0097   0.1575   0.0192   0.5459   0.5459   0.0057   0.0000   0.0249   0.1114    0.204
    64   0.4005  -1.3423   0.0000   0.2876   0.0132   0.1563   0.0195   0.5439   0.5439   0.0057   0.0000   0.0249   0.1109    0.204
    65   0.4009  -1.3938   0.0000   0.2861   0.0163   0.1545   0.0200   0.5407   0.5407   0.0058   0.0000   0.0249   0.1101    0.204
    66   0.4013  -1.4558   0.0000   0.2842   0.0189   0.1522   0.0208   0.5359   0.5359   0.0059   0.0000   0.0249   0.1090    0.204
    67   0.4017  -1.5267   0.0000   0.2821   0.0211   0.1491   0.0218   0.5288   0.5288   0.0061   0.0000   0.0248   0.1073    0.203
    68   0.4034  -1.6218   0.0000   0.2760   0.0319   0.1443   0.0221   0.5234   0.5234   0.0060   0.0000   0.0250   0.1057    0.202
    69   0.4064  -1.7407   0.0000   0.2654   0.0323   0.1371   0.0221   0.5168   0.5168   0.0058   0.0000   0.0253   0.1037    0.201
    70   0.4095  -1.8476   0.0000   0.2533   0.0232   0.1287   0.0218   0.5087   0.5087   0.0056   0.0000   0.0257   0.1013    0.199
    71   0.4125  -1.9394   0.0000   0.2397   0.0219   0.1200   0.0211   0.5012   0.5012   0.0055   0.0000   0.0260   0.0991    0.198
    72   0.4161  -2.0215   0.0000   0.2255   0.0163   0.1111   0.0210   0.4933   0.4933   0.0053   0.0000   0.0267   0.0964    0.196
    73   0.4201  -2.0922   0.0000   0.2109   0.0145   0.1021   0.0214   0.4845   0.4845   0.0051   0.0000   0.0276   0.0933    0.193
    74   0.4256  -2.1823   0.0000   0.1881   0.0207   0.0905   0.0210   0.4816   0.4815   0.0051   0.0000   0.0291   0.0910    0.190
    75   0.4331  -2.2799   0.0000   0.1570   0.0133   0.0750   0.0199   0.4784   0.4784   0.0047   0.0000   0.0310   0.0881    0.185
    76   0.4393  -2.3401   0.0000   0.1327   0.0049   0.0621   0.0192   0.4683   0.4683   0.0040   0.0000   0.0320   0.0843    0.182
    77   0.4433  -2.3732   0.0000   0.1167   0.0034   0.0517   0.0194   0.4432   0.4432   0.0036   0.0000   0.0315   0.0786    0.179
    78   0.4499  -2.4149   0.0000   0.0897   0.0046   0.0393   0.0171   0.4380   0.4380   0.0031   0.0000   0.0328   0.0754    0.175
    79   0.4623  -2.4550   0.0000   0.0412   0.0012   0.0210  -0.0061   0.5114   0.5112  -0.0054   0.0000   0.0423   0.0767    0.167
    80   0.4718  -2.4745   0.0000   0.0046   0.0000   0.0045  -0.1094   0.9916   0.9911  -0.0737   0.0000   0.0776   0.1518    0.172

  Surface # 5     hstab_panel_0                           
     # Chordwise = 12   # Spanwise = 20     First strip = 81
     Surface area Ssurf =    0.043750     Ave. chord Cave =    0.125000

 Forces referred to Sref, Cref, Bref about Xref, Yref, Zref
 Standard axis orientation,  X fwd, Z down         
     CLsurf  =   0.00416     Clsurf  =  -0.00055
     CYsurf  =  -0.00002     Cmsurf  =  -0.02149
     CDsurf  =   0.00013     Cnsurf  =  -0.00001
     CDisurf =   0.00013     CDvsurf =   0.00000

 Forces referred to Ssurf, Cave 
     CLsurf  =   0.12211     CDsurf  =   0.00373

 Strip Forces referred to Strip Area, Chord
    j     Xle      Yle      Zle      Chord    Area     c_cl     ai     cl_norm    cl       cd       cdv    cm_c/4     cm_LE   C.P.x/c
    81   1.8000   0.5005   0.0000   0.1499   0.0003   0.0105  -0.3477   0.0695   0.0695   0.0064   0.0000   0.0013  -0.0161    0.231
    82   1.8002   0.5048   0.0000   0.1493   0.0010   0.0120  -0.0482   0.0804   0.0804   0.0036   0.0000   0.0015  -0.0186    0.231
    83   1.8005   0.5133   0.0000   0.1481   0.0016   0.0138   0.0050   0.0930   0.0930   0.0035   0.0000   0.0013  -0.0219    0.236
    84   1.8009   0.5258   0.0000   0.1463   0.0021   0.0155   0.0301   0.1059   0.1059   0.0036   0.0000   0.0009  -0.0256    0.242
    85   1.8014   0.5419   0.0000   0.1440   0.0026   0.0169   0.0283   0.1175   0.1175   0.0038   0.0000   0.0002  -0.0292    0.248
    86   1.8021   0.5613   0.0000   0.1412   0.0029   0.0179   0.0334   0.1267   0.1267   0.0039   0.0000  -0.0006  -0.0322    0.254
    87   1.8029   0.5836   0.0000   0.1381   0.0032   0.0185   0.0346   0.1337   0.1337   0.0040   0.0000  -0.0012  -0.0346    0.259
    88   1.8037   0.6080   0.0000   0.1346   0.0034   0.0186   0.0357   0.1384   0.1384   0.0041   0.0000  -0.0018  -0.0364    0.263
    89   1.8046   0.6341   0.0000   0.1308   0.0035   0.0185   0.0220   0.1412   0.1412   0.0041   0.0000  -0.0022  -0.0375    0.266
    90   1.8055   0.6613   0.0000   0.1270   0.0035   0.0180   0.0318   0.1421   0.1421   0.0041   0.0000  -0.0025  -0.0380    0.268
    91   1.8065   0.6887   0.0000   0.1230   0.0034   0.0174   0.0330   0.1411   0.1411   0.0040   0.0000  -0.0027  -0.0379    0.269
    92   1.8074   0.7159   0.0000   0.1192   0.0032   0.0165   0.0366   0.1381   0.1381   0.0039   0.0000  -0.0026  -0.0371    0.269
    93   1.8083   0.7420   0.0000   0.1154   0.0029   0.0154   0.0288   0.1331   0.1331   0.0038   0.0000  -0.0024  -0.0356    0.268
    94   1.8091   0.7664   0.0000   0.1119   0.0026   0.0141   0.0329   0.1255   0.1255   0.0037   0.0000  -0.0019  -0.0333    0.265
    95   1.8099   0.7887   0.0000   0.1088   0.0023   0.0125   0.0355   0.1151   0.1151   0.0034   0.0000  -0.0012  -0.0299    0.260
    96   1.8106   0.8081   0.0000   0.1060   0.0019   0.0108   0.0397   0.1014   0.1014   0.0031   0.0000  -0.0003  -0.0256    0.253
    97   1.8111   0.8242   0.0000   0.1037   0.0015   0.0087   0.1811   0.0843   0.0843   0.0027   0.0000   0.0007  -0.0203    0.242
    98   1.8115   0.8367   0.0000   0.1019   0.0011   0.0065   0.0338   0.0635   0.0635   0.0021   0.0000   0.0014  -0.0145    0.228
    99   1.8118   0.8452   0.0000   0.1007   0.0006   0.0040   0.0376   0.0396   0.0396   0.0014   0.0000   0.0014  -0.0084    0.213
   100   1.8120   0.8495   0.0000   0.1001   0.0002   0.0013   0.0392   0.0135   0.0135   0.0005   0.0000   0.0006  -0.0027    0.203

  Surface # 6     hstab_panel_0 (YDUP)                    
     # Chordwise = 12   # Spanwise = 20     First strip =101
     Surface area Ssurf =    0.043750     Ave. chord Cave =    0.125000

 Forces referred to Sref, Cref, Bref about Xref, Yref, Zref
 Standard axis orientation,  X fwd, Z down         
     CLsurf  =   0.00383     Clsurf  =   0.00052
     CYsurf  =   0.00002     Cmsurf  =  -0.01979
     CDsurf  =   0.00012     Cnsurf  =   0.00001
     CDisurf =   0.00012     CDvsurf =   0.00000

 Forces referred to Ssurf, Cave 
     CLsurf  =   0.11249     CDsurf  =   0.00341

 Strip Forces referred to Strip Area, Chord
    j     Xle      Yle      Zle      Chord    Area     c_cl     ai     cl_norm    cl       cd       cdv    cm_c/4     cm_LE   C.P.x/c
   101   1.8000  -0.5005   0.0000   0.1499   0.0003   0.0017  -0.1623   0.0111   0.0111   0.0005   0.0000   0.0007   0.0021    0.191
   102   1.8002  -0.5048   0.0000   0.1493   0.0010   0.0049  -0.0278   0.0331   0.0331   0.0013   0.0000   0.0017   0.0066    0.199
   103   1.8005  -0.5133   0.0000   0.1481   0.0016   0.0081   0.0057   0.0549   0.0549   0.0020   0.0000   0.0021   0.0116    0.211
   104   1.8009  -0.5258   0.0000   0.1463   0.0021   0.0111   0.0278   0.0760   0.0760   0.0026   0.0000   0.0020   0.0170    0.224
   105   1.8014  -0.5419   0.0000   0.1440   0.0026   0.0137   0.0273   0.0950   0.0950   0.0031   0.0000   0.0014   0.0224    0.236
   106   1.8021  -0.5613   0.0000   0.1412   0.0029   0.0156   0.0335   0.1104   0.1104   0.0035   0.0000   0.0005   0.0271    0.245
   107   1.8029  -0.5836   0.0000   0.1381   0.0032   0.0168   0.0352   0.1220   0.1220   0.0038   0.0000  -0.0004   0.0309    0.253
   108   1.8037  -0.6080   0.0000   0.1346   0.0034   0.0175   0.0364   0.1302   0.1302   0.0039   0.0000  -0.0012   0.0337    0.259
   109   1.8046  -0.6341   0.0000   0.1308   0.0035   0.0177   0.0226   0.1354   0.1354   0.0040   0.0000  -0.0018   0.0356    0.263
   110   1.8055  -0.6613   0.0000   0.1270   0.0035   0.0175   0.0323   0.1380   0.1380   0.0040   0.0000  -0.0022   0.0367    0.266
   111   1.8065  -0.6887   0.0000   0.1230   0.0034   0.0170   0.0334   0.1382   0.1382   0.0040   0.0000  -0.0024   0.0369    0.268
   112   1.8074  -0.7159   0.0000   0.1192   0.0032   0.0162   0.0369   0.1360   0.1360   0.0039   0.0000  -0.0024   0.0364    0.268
   113   1.8083  -0.7420   0.0000   0.1154   0.0029   0.0152   0.0290   0.1315   0.1315   0.0038   0.0000  -0.0022   0.0351    0.267
   114   1.8091  -0.7664   0.0000   0.1119   0.0026   0.0139   0.0331   0.1244   0.1244   0.0036   0.0000  -0.0018   0.0329    0.265
   115   1.8099  -0.7887   0.0000   0.1088   0.0023   0.0124   0.0357   0.1143   0.1143   0.0034   0.0000  -0.0011   0.0297    0.260
   116   1.8106  -0.8081   0.0000   0.1060   0.0019   0.0107   0.0397   0.1008   0.1008   0.0031   0.0000  -0.0002   0.0254    0.252
   117   1.8111  -0.8242   0.0000   0.1037   0.0015   0.0087   0.1812   0.0838   0.0838   0.0027   0.0000   0.0007   0.0202    0.241
   118   1.8115  -0.8367   0.0000   0.1019   0.0011   0.0064   0.0338   0.0632   0.0632   0.0021   0.0000   0.0014   0.0144    0.228
   119   1.8118  -0.8452   0.0000   0.1007   0.0006   0.0040   0.0377   0.0394   0.0394   0.0014   0.0000   0.0015   0.0084    0.213
   120   1.8120  -0.8495   0.0000   0.1001   0.0002   0.0013   0.0392   0.0134   0.0134   0.0005   0.0000   0.0006   0.0027    0.202

  Surface # 7     fin_panel_0                             
     # Chordwise = 12   # Spanwise = 20     First strip =121
     Surface area Ssurf =    0.050000     Ave. chord Cave =    0.125000

 Forces referred to Sref, Cref, Bref about Xref, Yref, Zref
 Standard axis orientation,  X fwd, Z down         
     CLsurf  =   0.00000     Clsurf  =  -0.00002
     CYsurf  =  -0.00021     Cmsurf  =   0.00000
     CDsurf  =  -0.00000     Cnsurf  =   0.00006
     CDisurf =  -0.00000     CDvsurf =   0.00000

 Forces referred to Ssurf, Cave 
     CLsurf  =  -0.00529     CDsurf  =  -0.00008

 Strip Forces referred to Strip Area, Chord
    j     Xle      Yle      Zle      Chord    Area     c_cl     ai     cl_norm    cl       cd       cdv    cm_c/4     cm_LE   C.P.x/c
   121   1.8000   0.5000   0.3994   0.1499   0.0004  -0.0003  -0.0042  -0.0017  -0.0017   0.0000   0.0000   0.0008   0.0012    0.698
   122   1.8002   0.5000   0.3945   0.1493   0.0011  -0.0008  -0.0039  -0.0051  -0.0050   0.0000   0.0000   0.0022   0.0035    0.693
   123   1.8005   0.5000   0.3848   0.1481   0.0018  -0.0012  -0.0033  -0.0080  -0.0080   0.0000   0.0000   0.0035   0.0055    0.683
   124   1.8009   0.5000   0.3705   0.1463   0.0024  -0.0015  -0.0027  -0.0105  -0.0105   0.0000   0.0000   0.0044   0.0070    0.668
   125   1.8014   0.5000   0.3521   0.1440   0.0029  -0.0018  -0.0021  -0.0125  -0.0125   0.0000   0.0000   0.0050   0.0081    0.650
   126   1.8021   0.5000   0.3299   0.1412   0.0034  -0.0020  -0.0017  -0.0141  -0.0140  -0.0000   0.0000   0.0054   0.0089    0.632
   127   1.8029   0.5000   0.3045   0.1381   0.0037  -0.0021  -0.0015  -0.0153  -0.0152  -0.0000   0.0000   0.0056   0.0094    0.616
   128   1.8037   0.5000   0.2765   0.1346   0.0039  -0.0022  -0.0014  -0.0161  -0.0161   0.0000   0.0000   0.0057   0.0097    0.604
   129   1.8046   0.5000   0.2467   0.1308   0.0040  -0.0022  -0.0016  -0.0165  -0.0165   0.0000   0.0000   0.0057   0.0098    0.597
   130   1.8055   0.5000   0.2157   0.1270   0.0040  -0.0021  -0.0018  -0.0164  -0.0164   0.0000   0.0000   0.0057   0.0098    0.596
   131   1.8065   0.5000   0.1843   0.1230   0.0038  -0.0019  -0.0023  -0.0156  -0.0156   0.0000   0.0000   0.0056   0.0094    0.607
   132   1.8074   0.5000   0.1533   0.1192   0.0036  -0.0016  -0.0028  -0.0137  -0.0137   0.0000   0.0000   0.0053   0.0087    0.639
   133   1.8083   0.5000   0.1235   0.1154   0.0033  -0.0012  -0.0035  -0.0103  -0.0102   0.0000   0.0000   0.0050   0.0075    0.734
   134   1.8091   0.5000   0.0955   0.1119   0.0030  -0.0005  -0.0041  -0.0045  -0.0045   0.0000   0.0000   0.0044   0.0055    1.232
   135   1.8099   0.5000   0.0701   0.1088   0.0026   0.0005  -0.0041   0.0048   0.0047   0.0000   0.0000   0.0035   0.0024   -0.494
   136   1.8106   0.5000   0.0479   0.1060   0.0022   0.0020  -0.0019   0.0186   0.0185  -0.0001   0.0000   0.0025  -0.0021    0.115
   137   1.8111   0.5000   0.0295   0.1037   0.0017   0.0039   0.0058   0.0376   0.0375  -0.0003   0.0000   0.0015  -0.0078    0.209
   138   1.8115   0.5000   0.0152   0.1019   0.0012   0.0061   0.0241   0.0599   0.0597  -0.0007   0.0000   0.0012  -0.0137    0.231
   139   1.8118   0.5000   0.0055   0.1007   0.0007   0.0081   0.0631   0.0809   0.0807  -0.0015   0.0000   0.0016  -0.0185    0.231
   140   1.8120   0.5000   0.0006   0.1001   0.0002   0.0096   0.2210   0.0958   0.0955  -0.0082   0.0000   0.0021  -0.0217    0.228

  Surface # 8     hstab_panel_0                           
     # Chordwise = 12   # Spanwise = 20     First strip =141
     Surface area Ssurf =    0.043750     Ave. chord Cave =    0.125000

 Forces referred to Sref, Cref, Bref about Xref, Yref, Zref
 Standard axis orientation,  X fwd, Z down         
     CLsurf  =   0.00436     Clsurf  =   0.00030
     CYsurf  =  -0.00002     Cmsurf  =  -0.02253
     CDsurf  =   0.00013     Cnsurf  =   0.00001
     CDisurf =   0.00013     CDvsurf =   0.00000

 Forces referred to Ssurf, Cave 
     CLsurf  =   0.12800     CDsurf  =   0.00379

 Strip Forces referred to Strip Area, Chord
    j     Xle      Yle      Zle      Chord    Area     c_cl     ai     cl_norm    cl       cd       cdv    cm_c/4     cm_LE   C.P.x/c
   141   1.8000  -0.4995   0.0000   0.1499   0.0003   0.0112  -0.3373   0.0744   0.0744   0.0070   0.0000   0.0011  -0.0176    0.236
   142   1.8002  -0.4952   0.0000   0.1493   0.0010   0.0127  -0.0463   0.0853   0.0853   0.0038   0.0000   0.0012  -0.0202    0.236
   143   1.8005  -0.4867   0.0000   0.1481   0.0016   0.0145   0.0042   0.0979   0.0979   0.0037   0.0000   0.0010  -0.0235    0.240
   144   1.8009  -0.4742   0.0000   0.1463   0.0021   0.0162   0.0234   0.1108   0.1108   0.0038   0.0000   0.0005  -0.0272    0.245
   145   1.8014  -0.4581   0.0000   0.1440   0.0026   0.0176   0.0302   0.1223   0.1223   0.0039   0.0000  -0.0002  -0.0307    0.251
   146   1.8021  -0.4387   0.0000   0.1412   0.0029   0.0186   0.0250   0.1317   0.1317   0.0040   0.0000  -0.0009  -0.0338    0.257
   147   1.8029  -0.4164   0.0000   0.1381   0.0032   0.0192   0.0347   0.1388   0.1388   0.0041   0.0000  -0.0015  -0.0362    0.261
   148   1.8037  -0.3920   0.0000   0.1346   0.0034   0.0194   0.0329   0.1439   0.1439   0.0041   0.0000  -0.0021  -0.0380    0.264
   149   1.8046  -0.3659   0.0000   0.1308   0.0035   0.0192   0.0313   0.1470   0.1470   0.0041   0.0000  -0.0025  -0.0392    0.267
   150   1.8055  -0.3387   0.0000   0.1270   0.0035   0.0188   0.0350   0.1483   0.1483   0.0041   0.0000  -0.0028  -0.0398    0.269
   151   1.8065  -0.3113   0.0000   0.1230   0.0034   0.0182   0.0311   0.1477   0.1477   0.0040   0.0000  -0.0029  -0.0398    0.269
   152   1.8074  -0.2841   0.0000   0.1192   0.0032   0.0173   0.0303   0.1451   0.1451   0.0040   0.0000  -0.0028  -0.0391    0.269
   153   1.8083  -0.2580   0.0000   0.1154   0.0029   0.0162   0.0390   0.1403   0.1403   0.0038   0.0000  -0.0025  -0.0376    0.268
   154   1.8091  -0.2336   0.0000   0.1119   0.0026   0.0149   0.0320   0.1328   0.1328   0.0037   0.0000  -0.0020  -0.0352    0.265
   155   1.8099  -0.2113   0.0000   0.1088   0.0023   0.0133   0.0326   0.1223   0.1223   0.0035   0.0000  -0.0013  -0.0318    0.260
   156   1.8106  -0.1919   0.0000   0.1060   0.0019   0.0115   0.0331   0.1082   0.1082   0.0032   0.0000  -0.0003  -0.0273    0.252
   157   1.8111  -0.1758   0.0000   0.1037   0.0015   0.0093   0.0365   0.0901   0.0901   0.0027   0.0000   0.0008  -0.0217    0.241
   158   1.8115  -0.1633   0.0000   0.1019   0.0011   0.0069   0.0374   0.0680   0.0680   0.0022   0.0000   0.0015  -0.0155    0.228
   159   1.8118  -0.1548   0.0000   0.1007   0.0006   0.0043   0.0386   0.0425   0.0425   0.0015   0.0000   0.0016  -0.0091    0.213
   160   1.8120  -0.1505   0.0000   0.1001   0.0002   0.0014   0.0394   0.0145   0.0145   0.0006   0.0000   0.0007  -0.0029    0.202

  Surface # 9     hstab_panel_0 (YDUP)                    
     # Chordwise = 12   # Spanwise = 20     First strip =161
     Surface area Ssurf =    0.043750     Ave. chord Cave =    0.125000

 Forces referred to Sref, Cref, Bref about Xref, Yref, Zref
 Standard axis orientation,  X fwd, Z down         
     CLsurf  =   0.00400     Clsurf  =  -0.00027
     CYsurf  =   0.00002     Cmsurf  =  -0.02066
     CDsurf  =   0.00012     Cnsurf  =  -0.00001
     CDisurf =   0.00012     CDvsurf =   0.00000

 Forces referred to Ssurf, Cave 
     CLsurf  =   0.11743     CDsurf  =   0.00345

 Strip Forces referred to Strip Area, Chord
    j     Xle      Yle      Zle      Chord    Area     c_cl     ai     cl_norm    cl       cd       cdv    cm_c/4     cm_LE   C.P.x/c
   161   1.8000   0.4995   0.0000   0.1499   0.0003   0.0017  -0.1633   0.0114   0.0114   0.0005   0.0000   0.0006   0.0022    0.195
   162   1.8002   0.4952   0.0000   0.1493   0.0010   0.0051  -0.0291   0.0341   0.0341   0.0013   0.0000   0.0016   0.0069    0.202
   163   1.8005   0.4867   0.0000   0.1481   0.0016   0.0084   0.0038   0.0565   0.0565   0.0021   0.0000   0.0020   0.0121    0.214
   164   1.8009   0.4742   0.0000   0.1463   0.0021   0.0115   0.0209   0.0783   0.0783   0.0027   0.0000   0.0018   0.0177    0.227
   165   1.8014   0.4581   0.0000   0.1440   0.0026   0.0141   0.0293   0.0979   0.0979   0.0032   0.0000   0.0012   0.0233    0.238
   166   1.8021   0.4387   0.0000   0.1412   0.0029   0.0161   0.0253   0.1139   0.1139   0.0036   0.0000   0.0003   0.0281    0.247
   167   1.8029   0.4164   0.0000   0.1381   0.0032   0.0174   0.0355   0.1260   0.1260   0.0038   0.0000  -0.0006   0.0321    0.255
   168   1.8037   0.3920   0.0000   0.1346   0.0034   0.0181   0.0338   0.1347   0.1347   0.0040   0.0000  -0.0014   0.0350    0.260
   169   1.8046   0.3659   0.0000   0.1308   0.0035   0.0184   0.0320   0.1405   0.1405   0.0040   0.0000  -0.0020   0.0371    0.264
   170   1.8055   0.3387   0.0000   0.1270   0.0035   0.0182   0.0357   0.1436   0.1436   0.0040   0.0000  -0.0024   0.0383    0.267
   171   1.8065   0.3113   0.0000   0.1230   0.0034   0.0178   0.0316   0.1443   0.1443   0.0040   0.0000  -0.0026   0.0387    0.268
   172   1.8074   0.2841   0.0000   0.1192   0.0032   0.0170   0.0307   0.1426   0.1426   0.0039   0.0000  -0.0026   0.0382    0.268
   173   1.8083   0.2580   0.0000   0.1154   0.0029   0.0160   0.0393   0.1384   0.1384   0.0038   0.0000  -0.0024   0.0370    0.267
   174   1.8091   0.2336   0.0000   0.1119   0.0026   0.0147   0.0322   0.1315   0.1315   0.0037   0.0000  -0.0019   0.0348    0.265
   175   1.8099   0.2113   0.0000   0.1088   0.0023   0.0132   0.0328   0.1213   0.1213   0.0035   0.0000  -0.0012   0.0315    0.260
   176   1.8106   0.1919   0.0000   0.1060   0.0019   0.0114   0.0332   0.1074   0.1074   0.0031   0.0000  -0.0002   0.0270    0.252
   177   1.8111   0.1758   0.0000   0.1037   0.0015   0.0093   0.0367   0.0895   0.0895   0.0027   0.0000   0.0008   0.0216    0.241
   178   1.8115   0.1633   0.0000   0.1019   0.0011   0.0069   0.0375   0.0676   0.0676   0.0022   0.0000   0.0015   0.0154    0.227
   179   1.8118   0.1548   0.0000   0.1007   0.0006   0.0043   0.0386   0.0422   0.0422   0.0015   0.0000   0.0016   0.0090    0.213
   180   1.8120   0.1505   0.0000   0.1001   0.0002   0.0014   0.0395   0.0144   0.0144   0.0006   0.0000   0.0007   0.0029    0.202

  Surface #10     fin_panel_0                             
     # Chordwise = 12   # Spanwise = 20     First strip =181
     Surface area Ssurf =    0.050000     Ave. chord Cave =    0.125000

 Forces referred to Sref, Cref, Bref about Xref, Yref, Zref
 Standard axis orientation,  X fwd, Z down         
     CLsurf  =   0.00000     Clsurf  =  -0.00000
     CYsurf  =   0.00025     Cmsurf  =   0.00000
     CDsurf  =  -0.00000     Cnsurf  =  -0.00006
     CDisurf =  -0.00000     CDvsurf =   0.00000

 Forces referred to Ssurf, Cave 
     CLsurf  =   0.00639     CDsurf  =  -0.00011

 Strip Forces referred to Strip Area, Chord
    j     Xle      Yle      Zle      Chord    Area     c_cl     ai     cl_norm    cl       cd       cdv    cm_c/4     cm_LE   C.P.x/c
   181   1.8000  -0.5000   0.3994   0.1499   0.0004  -0.0001  -0.0056  -0.0004  -0.0004   0.0000   0.0000   0.0009   0.0010  999.000
   182   1.8002  -0.5000   0.3945   0.1493   0.0011  -0.0002  -0.0053  -0.0012  -0.0012   0.0000   0.0000   0.0025   0.0028  999.000
   183   1.8005  -0.5000   0.3848   0.1481   0.0018  -0.0003  -0.0049  -0.0018  -0.0018   0.0000   0.0000   0.0037   0.0042  999.000
   184   1.8009  -0.5000   0.3705   0.1463   0.0024  -0.0003  -0.0044  -0.0022  -0.0022   0.0000   0.0000   0.0046   0.0052  999.000
   185   1.8014  -0.5000   0.3521   0.1440   0.0029  -0.0003  -0.0039  -0.0023  -0.0023   0.0000   0.0000   0.0052   0.0058  999.000
   186   1.8021  -0.5000   0.3299   0.1412   0.0034  -0.0003  -0.0037  -0.0024  -0.0024   0.0000   0.0000   0.0055   0.0061  999.000
   187   1.8029  -0.5000   0.3045   0.1381   0.0037  -0.0003  -0.0037  -0.0025  -0.0025   0.0000   0.0000   0.0056   0.0062  999.000
   188   1.8037  -0.5000   0.2765   0.1346   0.0039  -0.0003  -0.0038  -0.0025  -0.0025   0.0000   0.0000   0.0056   0.0062  999.000
   189   1.8046  -0.5000   0.2467   0.1308   0.0040  -0.0003  -0.0040  -0.0025  -0.0025   0.0000   0.0000   0.0055   0.0062  999.000
   190   1.8055  -0.5000   0.2157   0.1270   0.0040  -0.0003  -0.0044  -0.0023  -0.0023   0.0000   0.0000   0.0054   0.0060  999.000
   191   1.8065  -0.5000   0.1843   0.1230   0.0038  -0.0002  -0.0048  -0.0016  -0.0016   0.0000   0.0000   0.0053   0.0057  999.000
   192   1.8074  -0.5000   0.1533   0.1192   0.0036  -0.0000  -0.0054  -0.0001  -0.0001   0.0000   0.0000   0.0050   0.0051  999.000
   193   1.8083  -0.5000   0.1235   0.1154   0.0033   0.0003  -0.0062   0.0027   0.0027   0.0000   0.0000   0.0046   0.0039  999.000
   194   1.8091  -0.5000   0.0955   0.1119   0.0030   0.0009  -0.0068   0.0078   0.0077  -0.0000   0.0000   0.0040   0.0021   -0.267
   195   1.8099  -0.5000   0.0701   0.1088   0.0026   0.0017  -0.0069   0.0160   0.0160  -0.0001   0.0000   0.0031  -0.0008    0.054
   196   1.8106  -0.5000   0.0479   0.1060   0.0022   0.0030  -0.0050   0.0288   0.0287  -0.0002   0.0000   0.0020  -0.0051    0.179
   197   1.8111  -0.5000   0.0295   0.1037   0.0017   0.0048   0.0024   0.0468   0.0466  -0.0004   0.0000   0.0010  -0.0105    0.228
   198   1.8115  -0.5000   0.0152   0.1019   0.0012   0.0069   0.0204   0.0682   0.0680  -0.0009   0.0000   0.0006  -0.0163    0.241
   199   1.8118  -0.5000   0.0055   0.1007   0.0007   0.0089   0.0587   0.0887   0.0884  -0.0017   0.0000   0.0010  -0.0210    0.239
   200   1.8120  -0.5000   0.0006   0.1001   0.0002   0.0103   0.2113   0.1032   0.1029  -0.0091   0.0000   0.0015  -0.0241    0.236
 ---------------------------------------------------------------
