 ---------------------------------------------------------------
 Surface and Strip Forces by surface

  Sref =  1.2850       Cref = 0.25900       Bref =  4.9540    
  Xref = 0.50000       Yref =  0.0000       Zref =  0.0000    

  Surface # 1     mace0_panel_0                           
     # Chordwise = 12   # Spanwise = 20     First strip =  1
     Surface area Ssurf =    0.365400     Ave. chord Cave =    0.290000

 Forces referred to Sref, Cref, Bref about Xref, Yref, Zref
 Standard axis orientation,  X fwd, Z down         
     CLsurf  =   0.04207     Clsurf  =  -0.00531
     CYsurf  =   0.00000     Cmsurf  =   0.00447
     CDsurf  =   0.00009     Cnsurf  =   0.00012
     CDisurf =   0.00009     CDvsurf =   0.00000

 Forces referred to Ssurf, Cave 
     CLsurf  =   0.14794     CDsurf  =   0.00031

 Strip Forces referred to Strip Area, Chord
    j     Xle      Yle      Zle      Chord    Area     c_cl     ai     cl_norm    cl       cd       cdv    cm_c/4     cm_LE   C.P.x/c
     1   0.4000   0.0019   0.0000   0.2900   0.0022   0.0435   0.0017   0.1501   0.1501   0.0003   0.0000  -0.0000  -0.0376    0.250
     2   0.4000   0.0174   0.0000   0.2900   0.0067   0.0435   0.0017   0.1501   0.1501   0.0003   0.0000  -0.0000  -0.0376    0.250
     3   0.4000   0.0480   0.0000   0.2900   0.0110   0.0435   0.0014   0.1501   0.1501   0.0003   0.0000  -0.0000  -0.0376    0.250
     4   0.4000   0.0928   0.0000   0.2900   0.0150   0.0435   0.0004   0.1501   0.1501   0.0003   0.0000  -0.0000  -0.0375    0.250
     5   0.4000   0.1509   0.0000   0.2900   0.0186   0.0435  -0.0191   0.1500   0.1500   0.0003   0.0000  -0.0000  -0.0375    0.250
     6   0.4000   0.2208   0.0000   0.2900   0.0218   0.0435   0.0024   0.1499   0.1499   0.0003   0.0000  -0.0000  -0.0375    0.250
     7   0.4000   0.3008   0.0000   0.2900   0.0244   0.0434   0.0067   0.1498   0.1498   0.0003   0.0000  -0.0000  -0.0375    0.250
     8   0.4000   0.3889   0.0000   0.2900   0.0265   0.0434   0.0061   0.1496   0.1496   0.0003   0.0000  -0.0000  -0.0374    0.250
     9   0.4000   0.4829   0.0000   0.2900   0.0279   0.0433  -0.0112   0.1493   0.1493   0.0003   0.0000  -0.0000  -0.0374    0.250
    10   0.4000   0.5806   0.0000   0.2900   0.0286   0.0432   0.0068   0.1490   0.1490   0.0003   0.0000  -0.0000  -0.0372    0.250
    11   0.4000   0.6794   0.0000   0.2900   0.0286   0.0431   0.0052   0.1485   0.1485   0.0003   0.0000  -0.0000  -0.0371    0.250
    12   0.4000   0.7771   0.0000   0.2900   0.0279   0.0429   0.0134   0.1479   0.1479   0.0003   0.0000   0.0000  -0.0370    0.250
    13   0.4000   0.8711   0.0000   0.2900   0.0265   0.0427  -0.0018   0.1472   0.1472   0.0003   0.0000   0.0000  -0.0368    0.250
    14   0.4000   0.9592   0.0000   0.2900   0.0244   0.0425   0.0033   0.1465   0.1465   0.0003   0.0000   0.0000  -0.0366    0.250
    15   0.4000   1.0392   0.0000   0.2900   0.0218   0.0422   0.0041   0.1456   0.1456   0.0003   0.0000   0.0001  -0.0363    0.250
    16   0.4000   1.1091   0.0000   0.2900   0.0186   0.0420   0.0045   0.1447   0.1447   0.0004   0.0000   0.0001  -0.0361    0.249
    17   0.4000   1.1672   0.0000   0.2900   0.0150   0.0417   0.0049   0.1438   0.1438   0.0004   0.0000   0.0001  -0.0358    0.249
    18   0.4000   1.2120   0.0000   0.2900   0.0110   0.0415   0.0051   0.1431   0.1431   0.0004   0.0000   0.0001  -0.0356    0.249
    19   0.4000   1.2426   0.0000   0.2900   0.0067   0.0413   0.0053   0.1425   0.1425   0.0004   0.0000   0.0002  -0.0354    0.249
    20   0.4000   1.2581   0.0000   0.2900   0.0022   0.0412   0.0054   0.1421   0.1421   0.0004   0.0000   0.0002  -0.0353    0.249

  Surface # 2     mace0_panel_0 (YDUP)                    
     # Chordwise = 12   # Spanwise = 20     First strip = 21
     Surface area Ssurf =    0.365400     Ave. chord Cave =    0.290000

 Forces referred to Sref, Cref, Bref about Xref, Yref, Zref
 Standard axis orientation,  X fwd, Z down         
     CLsurf  =   0.04207     Clsurf  =   0.00531
     CYsurf  =  -0.00000     Cmsurf  =   0.00447
     CDsurf  =   0.00009     Cnsurf  =  -0.00012
     CDisurf =   0.00009     CDvsurf =   0.00000

 Forces referred to Ssurf, Cave 
     CLsurf  =   0.14794     CDsurf  =   0.00031

 Strip Forces referred to Strip Area, Chord
    j     Xle      Yle      Zle      Chord    Area     c_cl     ai     cl_norm    cl       cd       cdv    cm_c/4     cm_LE   C.P.x/c
    21   0.4000  -0.0019   0.0000   0.2900   0.0022   0.0435   0.0017   0.1501   0.1501   0.0003   0.0000  -0.0000   0.0376    0.250
    22   0.4000  -0.0174   0.0000   0.2900   0.0067   0.0435   0.0017   0.1501   0.1501   0.0003   0.0000  -0.0000   0.0376    0.250
    23   0.4000  -0.0480   0.0000   0.2900   0.0110   0.0435   0.0014   0.1501   0.1501   0.0003   0.0000  -0.0000   0.0376    0.250
    24   0.4000  -0.0928   0.0000   0.2900   0.0150   0.0435   0.0004   0.1501   0.1501   0.0003   0.0000  -0.0000   0.0375    0.250
    25   0.4000  -0.1509   0.0000   0.2900   0.0186   0.0435  -0.0191   0.1500   0.1500   0.0003   0.0000  -0.0000   0.0375    0.250
    26   0.4000  -0.2208   0.0000   0.2900   0.0218   0.0435   0.0026   0.1499   0.1499   0.0003   0.0000  -0.0000   0.0375    0.250
    27   0.4000  -0.3008   0.0000   0.2900   0.0244   0.0434   0.0063   0.1498   0.1498   0.0003   0.0000  -0.0000   0.0375    0.250
    28   0.4000  -0.3889   0.0000   0.2900   0.0265   0.0434   0.0058   0.1496   0.1496   0.0003   0.0000  -0.0000   0.0374    0.250
    29   0.4000  -0.4829   0.0000   0.2900   0.0279   0.0433  -0.0164   0.1493   0.1493   0.0003   0.0000  -0.0000   0.0374    0.250
    30   0.4000  -0.5806   0.0000   0.2900   0.0286   0.0432   0.0066   0.1490   0.1490   0.0003   0.0000  -0.0000   0.0372    0.250
    31   0.4000  -0.6794   0.0000   0.2900   0.0286   0.0431   0.0048   0.1485   0.1485   0.0003   0.0000  -0.0000   0.0371    0.250
    32   0.4000  -0.7771   0.0000   0.2900   0.0279   0.0429   0.0139   0.1479   0.1479   0.0003   0.0000   0.0000   0.0370    0.250
    33   0.4000  -0.8711   0.0000   0.2900   0.0265   0.0427  -0.0018   0.1472   0.1472   0.0003   0.0000   0.0000   0.0368    0.250
    34   0.4000  -0.9592   0.0000   0.2900   0.0244   0.0425   0.0033   0.1465   0.1465   0.0003   0.0000   0.0000   0.0366    0.250
    35   0.4000  -1.0392   0.0000   0.2900   0.0218   0.0422   0.0041   0.1456   0.1456   0.0003   0.0000   0.0001   0.0363    0.250
    36   0.4000  -1.1091   0.0000   0.2900   0.0186   0.0420   0.0045   0.1447   0.1447   0.0004   0.0000   0.0001   0.0361    0.249
    37   0.4000  -1.1672   0.0000   0.2900   0.0150   0.0417   0.0049   0.1438   0.1438   0.0004   0.0000   0.0001   0.0358    0.249
    38   0.4000  -1.2120   0.0000   0.2900   0.0110   0.0415   0.0051   0.1431   0.1431   0.0004   0.0000   0.0001   0.0356    0.249
    39   0.4000  -1.2426   0.0000   0.2900   0.0067   0.0413   0.0053   0.1425   0.1425   0.0004   0.0000   0.0002   0.0354    0.249
    40   0.4000  -1.2581   0.0000   0.2900   0.0022   0.0412   0.0054   0.1421   0.1421   0.0004   0.0000   0.0002   0.0353    0.249

  Surface # 3     mace0_panel_1                           
     # Chordwise = 12   # Spanwise = 20     First strip = 41
     Surface area Ssurf =    0.275268     Ave. chord Cave =    0.226186

 Forces referred to Sref, Cref, Bref about Xref, Yref, Zref
 Standard axis orientation,  X fwd, Z down         
     CLsurf  =   0.02674     Clsurf  =  -0.00933
     CYsurf  =   0.00007     Cmsurf  =   0.00312
     CDsurf  =   0.00007     Cnsurf  =   0.00022
     CDisurf =   0.00007     CDvsurf =   0.00000

 Forces referred to Ssurf, Cave 
     CLsurf  =   0.12482     CDsurf  =   0.00035

 Strip Forces referred to Strip Area, Chord
    j     Xle      Yle      Zle      Chord    Area     c_cl     ai     cl_norm    cl       cd       cdv    cm_c/4     cm_LE   C.P.x/c
    41   0.4000   1.2617   0.0000   0.2899   0.0020   0.0412   0.0055   0.1421   0.1421   0.0004   0.0000   0.0002  -0.0353    0.249
    42   0.4001   1.2754   0.0000   0.2895   0.0059   0.0411   0.0055   0.1420   0.1420   0.0004   0.0000   0.0002  -0.0353    0.249
    43   0.4003   1.3025   0.0000   0.2887   0.0097   0.0409   0.0055   0.1417   0.1417   0.0004   0.0000   0.0002  -0.0352    0.248
    44   0.4005   1.3423   0.0000   0.2876   0.0132   0.0406   0.0056   0.1411   0.1411   0.0004   0.0000   0.0003  -0.0350    0.248
    45   0.4009   1.3938   0.0000   0.2861   0.0163   0.0401   0.0057   0.1403   0.1403   0.0004   0.0000   0.0004  -0.0347    0.247
    46   0.4013   1.4558   0.0000   0.2842   0.0189   0.0395   0.0059   0.1390   0.1390   0.0004   0.0000   0.0005  -0.0343    0.247
    47   0.4017   1.5267   0.0000   0.2821   0.0211   0.0386   0.0063   0.1370   0.1370   0.0004   0.0000   0.0006  -0.0337    0.246
    48   0.4034   1.6218   0.0000   0.2760   0.0319   0.0373   0.0064   0.1353   0.1353   0.0004   0.0000   0.0008  -0.0330    0.244
    49   0.4064   1.7407   0.0000   0.2654   0.0323   0.0353   0.0065   0.1329   0.1329   0.0004   0.0000   0.0012  -0.0320    0.241
    50   0.4095   1.8476   0.0000   0.2533   0.0232   0.0328   0.0066   0.1296   0.1296   0.0004   0.0000   0.0017  -0.0306    0.237
    51   0.4125   1.9394   0.0000   0.2397   0.0219   0.0301   0.0065   0.1257   0.1257   0.0004   0.0000   0.0022  -0.0292    0.232
    52   0.4161   2.0215   0.0000   0.2255   0.0163   0.0271   0.0061   0.1203   0.1203   0.0004   0.0000   0.0027  -0.0273    0.228
    53   0.4201   2.0922   0.0000   0.2109   0.0145   0.0238   0.0053   0.1131   0.1131   0.0003   0.0000   0.0031  -0.0251    0.222
    54   0.4256   2.1823   0.0000   0.1881   0.0207   0.0196   0.0034   0.1042   0.1042   0.0002   0.0000   0.0035  -0.0225    0.216
    55   0.4331   2.2799   0.0000   0.1570   0.0133   0.0141  -0.0002   0.0902   0.0902  -0.0000   0.0000   0.0037  -0.0187    0.209
    56   0.4393   2.3401   0.0000   0.1327   0.0049   0.0102  -0.0038   0.0765   0.0765  -0.0002   0.0000   0.0035  -0.0155    0.204
    57   0.4433   2.3732   0.0000   0.1167   0.0034   0.0073  -0.0066   0.0627   0.0627  -0.0002   0.0000   0.0030  -0.0126    0.202
    58   0.4499   2.4149   0.0000   0.0897   0.0046   0.0046  -0.0090   0.0508   0.0508  -0.0002   0.0000   0.0027  -0.0098    0.196
    59   0.4623   2.4550   0.0000   0.0412   0.0012   0.0020  -0.0125   0.0491   0.0491  -0.0003   0.0000   0.0035  -0.0079    0.178
    60   0.4718   2.4745   0.0000   0.0046   0.0000   0.0004  -0.0214   0.0853   0.0853  -0.0011   0.0000   0.0066  -0.0132    0.173

  Surface # 4     mace0_panel_1 (YDUP)                    
     # Chordwise = 12   # Spanwise = 20     First strip = 61
     Surface area Ssurf =    0.275268     Ave. chord Cave =    0.226186

 Forces referred to Sref, Cref, Bref about Xref, Yref, Zref
 Standard axis orientation,  X fwd, Z down         
     CLsurf  =   0.02674     Clsurf  =   0.00933
     CYsurf  =  -0.00007     Cmsurf  =   0.00312
     CDsurf  =   0.00007     Cnsurf  =  -0.00022
     CDisurf =   0.00007     CDvsurf =   0.00000

 Forces referred to Ssurf, Cave 
     CLsurf  =   0.12482     CDsurf  =   0.00035

 Strip Forces referred to Strip Area, Chord
    j     Xle      Yle      Zle      Chord    Area     c_cl     ai     cl_norm    cl       cd       cdv    cm_c/4     cm_LE   C.P.x/c
    61   0.4000  -1.2617   0.0000   0.2899   0.0020   0.0412   0.0055   0.1421   0.1421   0.0004   0.0000   0.0002   0.0353    0.249
    62   0.4001  -1.2754   0.0000   0.2895   0.0059   0.0411   0.0055   0.1420   0.1420   0.0004   0.0000   0.0002   0.0353    0.249
    63   0.4003  -1.3025   0.0000   0.2887   0.0097   0.0409   0.0055   0.1417   0.1417   0.0004   0.0000   0.0002   0.0352    0.248
    64   0.4005  -1.3423   0.0000   0.2876   0.0132   0.0406   0.0056   0.1411   0.1411   0.0004   0.0000   0.0003   0.0350    0.248
    65   0.4009  -1.3938   0.0000   0.2861   0.0163   0.0401   0.0057   0.1403   0.1403   0.0004   0.0000   0.0004   0.0347    0.247
    66   0.4013  -1.4558   0.0000   0.2842   0.0189   0.0395   0.0059   0.1390   0.1390   0.0004   0.0000   0.0005   0.0343    0.247
    67   0.4017  -1.5267   0.0000   0.2821   0.0211   0.0386   0.0063   0.1370   0.1370   0.0004   0.0000   0.0006   0.0337    0.246
    68   0.4034  -1.6218   0.0000   0.2760   0.0319   0.0373   0.0064   0.1353   0.1353   0.0004   0.0000   0.0008   0.0330    0.244
    69   0.4064  -1.7407   0.0000   0.2654   0.0323   0.0353   0.0065   0.1329   0.1329   0.0004   0.0000   0.0012   0.0320    0.241
    70   0.4095  -1.8476   0.0000   0.2533   0.0232   0.0328   0.0066   0.1296   0.1296   0.0004   0.0000   0.0017   0.0306    0.237
    71   0.4125  -1.9394   0.0000   0.2397   0.0219   0.0301   0.0065   0.1257   0.1257   0.0004   0.0000   0.0022   0.0292    0.232
    72   0.4161  -2.0215   0.0000   0.2255   0.0163   0.0271   0.0061   0.1203   0.1203   0.0004   0.0000   0.0027   0.0273    0.228
    73   0.4201  -2.0922   0.0000   0.2109   0.0145   0.0238   0.0053   0.1131   0.1131   0.0003   0.0000   0.0031   0.0251    0.222
    74   0.4256  -2.1823   0.0000   0.1881   0.0207   0.0196   0.0034   0.1042   0.1042   0.0002   0.0000   0.0035   0.0225    0.216
    75   0.4331  -2.2799   0.0000   0.1570   0.0133   0.0141  -0.0002   0.0902   0.0902  -0.0000   0.0000   0.0037   0.0187    0.209
    76   0.4393  -2.3401   0.0000   0.1327   0.0049   0.0102  -0.0038   0.0765   0.0765  -0.0002   0.0000   0.0035   0.0155    0.204
    77   0.4433  -2.3732   0.0000   0.1167   0.0034   0.0073  -0.0066   0.0627   0.0627  -0.0002   0.0000   0.0030   0.0126    0.202
    78   0.4499  -2.4149   0.0000   0.0897   0.0046   0.0046  -0.0090   0.0508   0.0508  -0.0002   0.0000   0.0027   0.0098    0.196
    79   0.4623  -2.4550   0.0000   0.0412   0.0012   0.0020  -0.0125   0.0491   0.0491  -0.0003   0.0000   0.0035   0.0079    0.178
    80   0.4718  -2.4745   0.0000   0.0046   0.0000   0.0004  -0.0214   0.0853   0.0853  -0.0011   0.0000   0.0066   0.0132    0.173

  Surface # 5     hstab_panel_0                           
     # Chordwise = 12   # Spanwise = 20     First strip = 81
     Surface area Ssurf =    0.043750     Ave. chord Cave =    0.125000

 Forces referred to Sref, Cref, Bref about Xref, Yref, Zref
 Standard axis orientation,  X fwd, Z down         
     CLsurf  =   0.00060     Clsurf  =  -0.00008
     CYsurf  =   0.00000     Cmsurf  =  -0.00357
     CDsurf  =   0.00001     Cnsurf  =   0.00000
     CDisurf =   0.00001     CDvsurf =   0.00000

 Forces referred to Ssurf, Cave 
     CLsurf  =   0.01764     CDsurf  =   0.00015

 Strip Forces referred to Strip Area, Chord
    j     Xle      Yle      Zle      Chord    Area     c_cl     ai     cl_norm    cl       cd       cdv    cm_c/4     cm_LE   C.P.x/c
    81   1.8000   0.5005   0.0000   0.1499   0.0003  -0.0005  -0.0852  -0.0036  -0.0036   0.0008   0.0000  -0.0092  -0.0083  999.000
    82   1.8002   0.5048   0.0000   0.1493   0.0010   0.0005  -0.0048   0.0033   0.0033   0.0002   0.0000  -0.0153  -0.0161  999.000
    83   1.8005   0.5133   0.0000   0.1481   0.0016   0.0014   0.0068   0.0092   0.0092   0.0002   0.0000  -0.0208  -0.0231  999.000
    84   1.8009   0.5258   0.0000   0.1463   0.0021   0.0020   0.0103   0.0135   0.0135   0.0002   0.0000  -0.0250  -0.0284  999.000
    85   1.8014   0.5419   0.0000   0.1440   0.0026   0.0023   0.0076   0.0161   0.0161   0.0001   0.0000  -0.0278  -0.0318    1.981
    86   1.8021   0.5613   0.0000   0.1412   0.0029   0.0025   0.0072   0.0175   0.0175   0.0001   0.0000  -0.0294  -0.0337    1.933
    87   1.8029   0.5836   0.0000   0.1381   0.0032   0.0025   0.0066   0.0182   0.0182   0.0001   0.0000  -0.0302  -0.0347    1.910
    88   1.8037   0.6080   0.0000   0.1346   0.0034   0.0025   0.0065   0.0186   0.0186   0.0001   0.0000  -0.0306  -0.0352    1.893
    89   1.8046   0.6341   0.0000   0.1308   0.0035   0.0025   0.0032   0.0189   0.0189   0.0001   0.0000  -0.0307  -0.0355    1.873
    90   1.8055   0.6613   0.0000   0.1270   0.0035   0.0024   0.0055   0.0192   0.0192   0.0001   0.0000  -0.0308  -0.0356    1.850
    91   1.8065   0.6887   0.0000   0.1230   0.0034   0.0024   0.0060   0.0195   0.0195   0.0001   0.0000  -0.0307  -0.0356    1.824
    92   1.8074   0.7159   0.0000   0.1192   0.0032   0.0024   0.0070   0.0199   0.0199   0.0001   0.0000  -0.0307  -0.0356    1.794
    93   1.8083   0.7420   0.0000   0.1154   0.0029   0.0023   0.0055   0.0202   0.0202   0.0001   0.0000  -0.0305  -0.0355    1.763
    94   1.8091   0.7664   0.0000   0.1119   0.0026   0.0023   0.0069   0.0204   0.0204   0.0001   0.0000  -0.0302  -0.0352    1.731
    95   1.8099   0.7887   0.0000   0.1088   0.0023   0.0022   0.0082   0.0204   0.0204   0.0002   0.0000  -0.0296  -0.0346    1.698
    96   1.8106   0.8081   0.0000   0.1060   0.0019   0.0021   0.0104   0.0200   0.0200   0.0002   0.0000  -0.0283  -0.0333    1.662
    97   1.8111   0.8242   0.0000   0.1037   0.0015   0.0019   0.0458   0.0188   0.0188   0.0002   0.0000  -0.0259  -0.0305    1.625
    98   1.8115   0.8367   0.0000   0.1019   0.0011   0.0016   0.0140   0.0160   0.0160   0.0002   0.0000  -0.0215  -0.0254    1.590
    99   1.8118   0.8452   0.0000   0.1007   0.0006   0.0011   0.0179   0.0110   0.0110   0.0002   0.0000  -0.0145  -0.0172    1.564
   100   1.8120   0.8495   0.0000   0.1001   0.0002   0.0004   0.0203   0.0040   0.0040   0.0001   0.0000  -0.0052  -0.0061    1.551

  Surface # 6     hstab_panel_0 (YDUP)                    
     # Chordwise = 12   # Spanwise = 20     First strip =101
     Surface area Ssurf =    0.043750     Ave. chord Cave =    0.125000

 Forces referred to Sref, Cref, Bref about Xref, Yref, Zref
 Standard axis orientation,  X fwd, Z down         
     CLsurf  =   0.00064     Clsurf  =   0.00009
     CYsurf  =  -0.00000     Cmsurf  =  -0.00379
     CDsurf  =   0.00000     Cnsurf  =  -0.00000
     CDisurf =   0.00000     CDvsurf =   0.00000

 Forces referred to Ssurf, Cave 
     CLsurf  =   0.01892     CDsurf  =   0.00013

 Strip Forces referred to Strip Area, Chord
    j     Xle      Yle      Zle      Chord    Area     c_cl     ai     cl_norm    cl       cd       cdv    cm_c/4     cm_LE   C.P.x/c
   101   1.8000  -0.5005   0.0000   0.1499   0.0003   0.0005  -0.1038   0.0031   0.0031   0.0000   0.0000  -0.0040   0.0048    1.546
   102   1.8002  -0.5048   0.0000   0.1493   0.0010   0.0013  -0.0054   0.0090   0.0090   0.0001   0.0000  -0.0117   0.0139    1.553
   103   1.8005  -0.5133   0.0000   0.1481   0.0016   0.0020   0.0077   0.0138   0.0138   0.0001   0.0000  -0.0184   0.0218    1.576
   104   1.8009  -0.5258   0.0000   0.1463   0.0021   0.0025   0.0113   0.0172   0.0172   0.0001   0.0000  -0.0236   0.0279    1.620
   105   1.8014  -0.5419   0.0000   0.1440   0.0026   0.0027   0.0083   0.0190   0.0190   0.0001   0.0000  -0.0270   0.0318    1.674
   106   1.8021  -0.5613   0.0000   0.1412   0.0029   0.0028   0.0075   0.0197   0.0197   0.0001   0.0000  -0.0290   0.0339    1.725
   107   1.8029  -0.5836   0.0000   0.1381   0.0032   0.0027   0.0068   0.0198   0.0198   0.0001   0.0000  -0.0301   0.0350    1.766
   108   1.8037  -0.6080   0.0000   0.1346   0.0034   0.0027   0.0065   0.0198   0.0198   0.0001   0.0000  -0.0306   0.0355    1.792
   109   1.8046  -0.6341   0.0000   0.1308   0.0035   0.0026   0.0032   0.0198   0.0198   0.0001   0.0000  -0.0308   0.0357    1.802
   110   1.8055  -0.6613   0.0000   0.1270   0.0035   0.0025   0.0055   0.0199   0.0199   0.0001   0.0000  -0.0308   0.0357    1.800
   111   1.8065  -0.6887   0.0000   0.1230   0.0034   0.0025   0.0059   0.0200   0.0200   0.0001   0.0000  -0.0308   0.0357    1.788
   112   1.8074  -0.7159   0.0000   0.1192   0.0032   0.0024   0.0070   0.0202   0.0202   0.0001   0.0000  -0.0307   0.0357    1.769
   113   1.8083  -0.7420   0.0000   0.1154   0.0029   0.0024   0.0054   0.0204   0.0204   0.0001   0.0000  -0.0305   0.0356    1.744
   114   1.8091  -0.7664   0.0000   0.1119   0.0026   0.0023   0.0068   0.0206   0.0206   0.0001   0.0000  -0.0302   0.0353    1.717
   115   1.8099  -0.7887   0.0000   0.1088   0.0023   0.0022   0.0082   0.0206   0.0206   0.0002   0.0000  -0.0296   0.0347    1.687
   116   1.8106  -0.8081   0.0000   0.1060   0.0019   0.0021   0.0104   0.0202   0.0202   0.0002   0.0000  -0.0283   0.0333    1.654
   117   1.8111  -0.8242   0.0000   0.1037   0.0015   0.0020   0.0457   0.0189   0.0189   0.0002   0.0000  -0.0259   0.0306    1.618
   118   1.8115  -0.8367   0.0000   0.1019   0.0011   0.0016   0.0140   0.0161   0.0161   0.0002   0.0000  -0.0215   0.0255    1.585
   119   1.8118  -0.8452   0.0000   0.1007   0.0006   0.0011   0.0179   0.0111   0.0111   0.0002   0.0000  -0.0145   0.0172    1.559
   120   1.8120  -0.8495   0.0000   0.1001   0.0002   0.0004   0.0202   0.0040   0.0040   0.0001   0.0000  -0.0052   0.0061    1.547

  Surface # 7     fin_panel_0                             
     # Chordwise = 12   # Spanwise = 20     First strip =121
     Surface area Ssurf =    0.050000     Ave. chord Cave =    0.125000

 Forces referred to Sref, Cref, Bref about Xref, Yref, Zref
 Standard axis orientation,  X fwd, Z down         
     CLsurf  =  -0.00000     Clsurf  =  -0.00000
     CYsurf  =  -0.00006     Cmsurf  =   0.00000
     CDsurf  =  -0.00000     Cnsurf  =   0.00002
     CDisurf =  -0.00000     CDvsurf =   0.00000

 Forces referred to Ssurf, Cave 
     CLsurf  =  -0.00151     CDsurf  =  -0.00002

 Strip Forces referred to Strip Area, Chord
    j     Xle      Yle      Zle      Chord    Area     c_cl     ai     cl_norm    cl       cd       cdv    cm_c/4     cm_LE   C.P.x/c
   121   1.8000   0.5000   0.3994   0.1499   0.0004  -0.0000  -0.0004  -0.0002  -0.0002   0.0000   0.0000  -0.0001  -0.0000   -0.086
   122   1.8002   0.5000   0.3945   0.1493   0.0011  -0.0001  -0.0004  -0.0007  -0.0007   0.0000   0.0000  -0.0002  -0.0001   -0.071
   123   1.8005   0.5000   0.3848   0.1481   0.0018  -0.0002  -0.0003  -0.0011  -0.0011   0.0000   0.0000  -0.0003  -0.0001   -0.048
   124   1.8009   0.5000   0.3705   0.1463   0.0024  -0.0002  -0.0003  -0.0015  -0.0015  -0.0000   0.0000  -0.0004  -0.0000   -0.023
   125   1.8014   0.5000   0.3521   0.1440   0.0029  -0.0002  -0.0002  -0.0017  -0.0017  -0.0000   0.0000  -0.0004  -0.0000   -0.002
   126   1.8021   0.5000   0.3299   0.1412   0.0034  -0.0003  -0.0001  -0.0018  -0.0018  -0.0000   0.0000  -0.0004   0.0000    0.011
   127   1.8029   0.5000   0.3045   0.1381   0.0037  -0.0002   0.0001  -0.0017  -0.0017  -0.0000   0.0000  -0.0004   0.0000    0.011
   128   1.8037   0.5000   0.2765   0.1346   0.0039  -0.0002   0.0002  -0.0015  -0.0015  -0.0000   0.0000  -0.0004  -0.0000   -0.007
   129   1.8046   0.5000   0.2467   0.1308   0.0040  -0.0002   0.0004  -0.0012  -0.0012  -0.0000   0.0000  -0.0004  -0.0001   -0.058
   130   1.8055   0.5000   0.2157   0.1270   0.0040  -0.0001   0.0006  -0.0008  -0.0008  -0.0000   0.0000  -0.0003  -0.0001   -0.185
   131   1.8065   0.5000   0.1843   0.1230   0.0038  -0.0000   0.0008  -0.0004  -0.0004  -0.0000   0.0000  -0.0003  -0.0002   -0.591
   132   1.8074   0.5000   0.1533   0.1192   0.0036  -0.0000   0.0011  -0.0001  -0.0001   0.0000   0.0000  -0.0003  -0.0003  999.000
   133   1.8083   0.5000   0.1235   0.1154   0.0033   0.0000   0.0013   0.0000   0.0000   0.0000   0.0000  -0.0003  -0.0003  999.000
   134   1.8091   0.5000   0.0955   0.1119   0.0030  -0.0000   0.0015  -0.0003  -0.0003  -0.0000   0.0000  -0.0003  -0.0003   -0.883
   135   1.8099   0.5000   0.0701   0.1088   0.0026  -0.0001   0.0015  -0.0012  -0.0012  -0.0000   0.0000  -0.0006  -0.0003   -0.243
   136   1.8106   0.5000   0.0479   0.1060   0.0022  -0.0003   0.0011  -0.0027  -0.0027  -0.0000   0.0000  -0.0013  -0.0006   -0.237
   137   1.8111   0.5000   0.0295   0.1037   0.0017  -0.0005   0.0001  -0.0049  -0.0049  -0.0000   0.0000  -0.0031  -0.0019   -0.386
   138   1.8115   0.5000   0.0152   0.1019   0.0012  -0.0007  -0.0018  -0.0073  -0.0073  -0.0001   0.0000  -0.0063  -0.0045   -0.618
   139   1.8118   0.5000   0.0055   0.1007   0.0007  -0.0009  -0.0048  -0.0094  -0.0094  -0.0002   0.0000  -0.0102  -0.0079   -0.840
   140   1.8120   0.5000   0.0006   0.1001   0.0002  -0.0011  -0.0266  -0.0110  -0.0110  -0.0016   0.0000  -0.0131  -0.0103   -0.936

  Surface # 8     hstab_panel_0                           
     # Chordwise = 12   # Spanwise = 20     First strip =141
     Surface area Ssurf =    0.043750     Ave. chord Cave =    0.125000

 Forces referred to Sref, Cref, Bref about Xref, Yref, Zref
 Standard axis orientation,  X fwd, Z down         
     CLsurf  =   0.00065     Clsurf  =   0.00004
     CYsurf  =   0.00000     Cmsurf  =  -0.00382
     CDsurf  =   0.00001     Cnsurf  =  -0.00000
     CDisurf =   0.00001     CDvsurf =   0.00000

 Forces referred to Ssurf, Cave 
     CLsurf  =   0.01908     CDsurf  =   0.00015

 Strip Forces referred to Strip Area, Chord
    j     Xle      Yle      Zle      Chord    Area     c_cl     ai     cl_norm    cl       cd       cdv    cm_c/4     cm_LE   C.P.x/c
   141   1.8000  -0.4995   0.0000   0.1499   0.0003  -0.0004  -0.0826  -0.0023  -0.0023   0.0008   0.0000  -0.0093  -0.0087  999.000
   142   1.8002  -0.4952   0.0000   0.1493   0.0010   0.0007  -0.0043   0.0046   0.0046   0.0002   0.0000  -0.0153  -0.0164  999.000
   143   1.8005  -0.4867   0.0000   0.1481   0.0016   0.0015   0.0066   0.0105   0.0105   0.0002   0.0000  -0.0208  -0.0234  999.000
   144   1.8009  -0.4742   0.0000   0.1463   0.0021   0.0021   0.0088   0.0147   0.0147   0.0002   0.0000  -0.0251  -0.0288    1.958
   145   1.8014  -0.4581   0.0000   0.1440   0.0026   0.0025   0.0080   0.0173   0.0173   0.0001   0.0000  -0.0279  -0.0322    1.863
   146   1.8021  -0.4387   0.0000   0.1412   0.0029   0.0026   0.0053   0.0187   0.0187   0.0001   0.0000  -0.0294  -0.0341    1.824
   147   1.8029  -0.4164   0.0000   0.1381   0.0032   0.0027   0.0066   0.0195   0.0195   0.0001   0.0000  -0.0303  -0.0351    1.803
   148   1.8037  -0.3920   0.0000   0.1346   0.0034   0.0027   0.0058   0.0200   0.0200   0.0001   0.0000  -0.0306  -0.0356    1.784
   149   1.8046  -0.3659   0.0000   0.1308   0.0035   0.0027   0.0053   0.0204   0.0204   0.0001   0.0000  -0.0308  -0.0359    1.761
   150   1.8055  -0.3387   0.0000   0.1270   0.0035   0.0026   0.0063   0.0208   0.0208   0.0001   0.0000  -0.0308  -0.0360    1.734
   151   1.8065  -0.3113   0.0000   0.1230   0.0034   0.0026   0.0055   0.0212   0.0212   0.0001   0.0000  -0.0308  -0.0360    1.705
   152   1.8074  -0.2841   0.0000   0.1192   0.0032   0.0026   0.0056   0.0216   0.0216   0.0001   0.0000  -0.0307  -0.0360    1.673
   153   1.8083  -0.2580   0.0000   0.1154   0.0029   0.0025   0.0078   0.0219   0.0219   0.0001   0.0000  -0.0305  -0.0360    1.643
   154   1.8091  -0.2336   0.0000   0.1119   0.0026   0.0025   0.0066   0.0221   0.0221   0.0001   0.0000  -0.0302  -0.0357    1.613
   155   1.8099  -0.2113   0.0000   0.1088   0.0023   0.0024   0.0075   0.0221   0.0221   0.0002   0.0000  -0.0295  -0.0351    1.585
   156   1.8106  -0.1919   0.0000   0.1060   0.0019   0.0023   0.0089   0.0216   0.0216   0.0002   0.0000  -0.0283  -0.0337    1.557
   157   1.8111  -0.1758   0.0000   0.1037   0.0015   0.0021   0.0118   0.0202   0.0202   0.0002   0.0000  -0.0258  -0.0309    1.529
   158   1.8115  -0.1633   0.0000   0.1019   0.0011   0.0017   0.0149   0.0171   0.0171   0.0002   0.0000  -0.0214  -0.0257    1.504
   159   1.8118  -0.1548   0.0000   0.1007   0.0006   0.0012   0.0181   0.0117   0.0117   0.0002   0.0000  -0.0144  -0.0174    1.485
   160   1.8120  -0.1505   0.0000   0.1001   0.0002   0.0004   0.0203   0.0042   0.0042   0.0001   0.0000  -0.0051  -0.0062    1.475

  Surface # 9     hstab_panel_0 (YDUP)                    
     # Chordwise = 12   # Spanwise = 20     First strip =161
     Surface area Ssurf =    0.043750     Ave. chord Cave =    0.125000

 Forces referred to Sref, Cref, Bref about Xref, Yref, Zref
 Standard axis orientation,  X fwd, Z down         
     CLsurf  =   0.00068     Clsurf  =  -0.00005
     CYsurf  =  -0.00000     Cmsurf  =  -0.00400
     CDsurf  =   0.00000     Cnsurf  =   0.00000
     CDisurf =   0.00000     CDvsurf =   0.00000

 Forces referred to Ssurf, Cave 
     CLsurf  =   0.02012     CDsurf  =   0.00013

 Strip Forces referred to Strip Area, Chord
    j     Xle      Yle      Zle      Chord    Area     c_cl     ai     cl_norm    cl       cd       cdv    cm_c/4     cm_LE   C.P.x/c
   161   1.8000   0.4995   0.0000   0.1499   0.0003   0.0005  -0.1042   0.0032   0.0032   0.0000   0.0000  -0.0040   0.0048    1.516
   162   1.8002   0.4952   0.0000   0.1493   0.0010   0.0014  -0.0057   0.0092   0.0092   0.0001   0.0000  -0.0117   0.0140    1.521
   163   1.8005   0.4867   0.0000   0.1481   0.0016   0.0021   0.0072   0.0143   0.0143   0.0001   0.0000  -0.0184   0.0219    1.539
   164   1.8009   0.4742   0.0000   0.1463   0.0021   0.0026   0.0097   0.0178   0.0178   0.0001   0.0000  -0.0236   0.0280    1.576
   165   1.8014   0.4581   0.0000   0.1440   0.0026   0.0028   0.0087   0.0197   0.0197   0.0001   0.0000  -0.0271   0.0320    1.623
   166   1.8021   0.4387   0.0000   0.1412   0.0029   0.0029   0.0057   0.0205   0.0205   0.0001   0.0000  -0.0291   0.0342    1.665
   167   1.8029   0.4164   0.0000   0.1381   0.0032   0.0029   0.0068   0.0208   0.0208   0.0001   0.0000  -0.0301   0.0353    1.696
   168   1.8037   0.3920   0.0000   0.1346   0.0034   0.0028   0.0059   0.0209   0.0209   0.0001   0.0000  -0.0306   0.0358    1.711
   169   1.8046   0.3659   0.0000   0.1308   0.0035   0.0028   0.0054   0.0211   0.0211   0.0001   0.0000  -0.0308   0.0360    1.712
   170   1.8055   0.3387   0.0000   0.1270   0.0035   0.0027   0.0063   0.0212   0.0212   0.0001   0.0000  -0.0308   0.0361    1.701
   171   1.8065   0.3113   0.0000   0.1230   0.0034   0.0026   0.0055   0.0215   0.0215   0.0001   0.0000  -0.0308   0.0361    1.682
   172   1.8074   0.2841   0.0000   0.1192   0.0032   0.0026   0.0055   0.0218   0.0218   0.0001   0.0000  -0.0307   0.0361    1.658
   173   1.8083   0.2580   0.0000   0.1154   0.0029   0.0025   0.0078   0.0221   0.0221   0.0001   0.0000  -0.0305   0.0360    1.632
   174   1.8091   0.2336   0.0000   0.1119   0.0026   0.0025   0.0066   0.0223   0.0223   0.0001   0.0000  -0.0302   0.0357    1.605
   175   1.8099   0.2113   0.0000   0.1088   0.0023   0.0024   0.0075   0.0222   0.0222   0.0002   0.0000  -0.0295   0.0351    1.579
   176   1.8106   0.1919   0.0000   0.1060   0.0019   0.0023   0.0089   0.0217   0.0217   0.0002   0.0000  -0.0283   0.0337    1.553
   177   1.8111   0.1758   0.0000   0.1037   0.0015   0.0021   0.0118   0.0202   0.0202   0.0002   0.0000  -0.0258   0.0309    1.526
   178   1.8115   0.1633   0.0000   0.1019   0.0011   0.0017   0.0149   0.0171   0.0171   0.0002   0.0000  -0.0214   0.0257    1.501
   179   1.8118   0.1548   0.0000   0.1007   0.0006   0.0012   0.0181   0.0117   0.0117   0.0002   0.0000  -0.0144   0.0174    1.483
   180   1.8120   0.1505   0.0000   0.1001   0.0002   0.0004   0.0203   0.0042   0.0042   0.0001   0.0000  -0.0051   0.0062    1.473

  Surface #10     fin_panel_0                             
     # Chordwise = 12   # Spanwise = 20     First strip =181
     Surface area Ssurf =    0.050000     Ave. chord Cave =    0.125000

 Forces referred to Sref, Cref, Bref about Xref, Yref, Zref
 Standard axis orientation,  X fwd, Z down         
     CLsurf  =  -0.00000     Clsurf  =   0.00000
     CYsurf  =   0.00005     Cmsurf  =   0.00000
     CDsurf  =  -0.00000     Cnsurf  =  -0.00002
     CDisurf =  -0.00000     CDvsurf =   0.00000

 Forces referred to Ssurf, Cave 
     CLsurf  =   0.00138     CDsurf  =  -0.00001

 Strip Forces referred to Strip Area, Chord
    j     Xle      Yle      Zle      Chord    Area     c_cl     ai     cl_norm    cl       cd       cdv    cm_c/4     cm_LE   C.P.x/c
   181   1.8000  -0.5000   0.3994   0.1499   0.0004   0.0000  -0.0007   0.0001   0.0001  -0.0000   0.0000  -0.0001  -0.0001    1.127
   182   1.8002  -0.5000   0.3945   0.1493   0.0011   0.0000  -0.0007   0.0002   0.0002  -0.0000   0.0000  -0.0002  -0.0002    1.064
   183   1.8005  -0.5000   0.3848   0.1481   0.0018   0.0001  -0.0007   0.0004   0.0004  -0.0000   0.0000  -0.0003  -0.0004    0.956
   184   1.8009  -0.5000   0.3705   0.1463   0.0024   0.0001  -0.0006   0.0006   0.0006  -0.0000   0.0000  -0.0003  -0.0005    0.828
   185   1.8014  -0.5000   0.3521   0.1440   0.0029   0.0001  -0.0006   0.0008   0.0008  -0.0000   0.0000  -0.0004  -0.0006    0.702
   186   1.8021  -0.5000   0.3299   0.1412   0.0034   0.0002  -0.0005   0.0011   0.0011  -0.0000   0.0000  -0.0004  -0.0006    0.594
   187   1.8029  -0.5000   0.3045   0.1381   0.0037   0.0002  -0.0004   0.0014   0.0014  -0.0000   0.0000  -0.0004  -0.0007    0.512
   188   1.8037  -0.5000   0.2765   0.1346   0.0039   0.0002  -0.0003   0.0018   0.0018  -0.0000   0.0000  -0.0004  -0.0008    0.452
   189   1.8046  -0.5000   0.2467   0.1308   0.0040   0.0003  -0.0001   0.0023   0.0023  -0.0000   0.0000  -0.0004  -0.0009    0.410
   190   1.8055  -0.5000   0.2157   0.1270   0.0040   0.0003   0.0001   0.0027   0.0027  -0.0000   0.0000  -0.0004  -0.0010    0.380
   191   1.8065  -0.5000   0.1843   0.1230   0.0038   0.0004   0.0003   0.0031   0.0031   0.0000   0.0000  -0.0003  -0.0011    0.360
   192   1.8074  -0.5000   0.1533   0.1192   0.0036   0.0004   0.0005   0.0033   0.0033   0.0000   0.0000  -0.0003  -0.0012    0.349
   193   1.8083  -0.5000   0.1235   0.1154   0.0033   0.0004   0.0007   0.0032   0.0032   0.0000   0.0000  -0.0003  -0.0011    0.351
   194   1.8091  -0.5000   0.0955   0.1119   0.0030   0.0003   0.0009   0.0027   0.0027   0.0000   0.0000  -0.0004  -0.0011    0.392
   195   1.8099  -0.5000   0.0701   0.1088   0.0026   0.0002   0.0008   0.0016   0.0016   0.0000   0.0000  -0.0007  -0.0011    0.648
   196   1.8106  -0.5000   0.0479   0.1060   0.0022  -0.0000   0.0004  -0.0002  -0.0002  -0.0000   0.0000  -0.0014  -0.0014  999.000
   197   1.8111  -0.5000   0.0295   0.1037   0.0017  -0.0003  -0.0007  -0.0026  -0.0026  -0.0000   0.0000  -0.0032  -0.0026   -0.983
   198   1.8115  -0.5000   0.0152   0.1019   0.0012  -0.0005  -0.0027  -0.0052  -0.0052  -0.0001   0.0000  -0.0065  -0.0051   -0.988
   199   1.8118  -0.5000   0.0055   0.1007   0.0007  -0.0008  -0.0059  -0.0075  -0.0075  -0.0002   0.0000  -0.0104  -0.0085  999.000
   200   1.8120  -0.5000   0.0006   0.1001   0.0002  -0.0009  -0.0289  -0.0092  -0.0092  -0.0016   0.0000  -0.0132  -0.0109  999.000
 ---------------------------------------------------------------
