 ---------------------------------------------------------------
 Surface and Strip Forces by surface

  Sref =  1.2850       Cref = 0.25900       Bref =  4.9540    
  Xref = 0.50000       Yref =  0.0000       Zref =  0.0000    

  Surface # 1     main_wing_panel_0                       
     # Chordwise = 12   # Spanwise = 20     First strip =  1
     Surface area Ssurf =    0.365400     Ave. chord Cave =    0.290000

 Forces referred to Sref, Cref, Bref about Xref, Yref, Zref
 Standard axis orientation,  X fwd, Z down         
     CLsurf  =   0.08088     Clsurf  =  -0.01019
     CYsurf  =   0.00000     Cmsurf  =   0.01296
     CDsurf  =   0.00032     Cnsurf  =  -0.00011
     CDisurf =   0.00032     CDvsurf =   0.00000

 Forces referred to Ssurf, Cave 
     CLsurf  =   0.28443     CDsurf  =   0.00112

 Strip Forces referred to Strip Area, Chord
    j     Xle      Yle      Zle      Chord    Area     c_cl     ai     cl_norm    cl       cd       cdv    cm_c/4     cm_LE   C.P.x/c
     1   0.4000   0.0019   0.0000   0.2900   0.0022   0.0839   0.0012   0.2892   0.2892   0.0010   0.0000   0.0139  -0.0584    0.202
     2   0.4000   0.0174   0.0000   0.2900   0.0067   0.0839   0.0011   0.2892   0.2892   0.0010   0.0000   0.0139  -0.0584    0.202
     3   0.4000   0.0480   0.0000   0.2900   0.0110   0.0839   0.0005   0.2892   0.2892   0.0010   0.0000   0.0139  -0.0584    0.202
     4   0.4000   0.0928   0.0000   0.2900   0.0150   0.0839  -0.0021   0.2892   0.2892   0.0010   0.0000   0.0139  -0.0584    0.202
     5   0.4000   0.1509   0.0000   0.2900   0.0186   0.0838  -0.0507   0.2891   0.2891   0.0010   0.0000   0.0139  -0.0584    0.202
     6   0.4000   0.2208   0.0000   0.2900   0.0218   0.0838  -0.0275   0.2889   0.2889   0.0010   0.0000   0.0139  -0.0584    0.202
     7   0.4000   0.3008   0.0000   0.2900   0.0244   0.0837   0.0239   0.2886   0.2886   0.0010   0.0000   0.0138  -0.0583    0.202
     8   0.4000   0.3889   0.0000   0.2900   0.0265   0.0836   0.0161   0.2881   0.2881   0.0010   0.0000   0.0138  -0.0582    0.202
     9   0.4000   0.4829   0.0000   0.2900   0.0279   0.0834  -0.0520   0.2875   0.2875   0.0010   0.0000   0.0138  -0.0581    0.202
    10   0.4000   0.5806   0.0000   0.2900   0.0286   0.0831   0.0183   0.2867   0.2867   0.0011   0.0000   0.0138  -0.0579    0.202
    11   0.4000   0.6794   0.0000   0.2900   0.0286   0.0828   0.0101   0.2856   0.2856   0.0011   0.0000   0.0138  -0.0576    0.202
    12   0.4000   0.7771   0.0000   0.2900   0.0279   0.0825   0.0864   0.2843   0.2843   0.0011   0.0000   0.0137  -0.0574    0.202
    13   0.4000   0.8711   0.0000   0.2900   0.0265   0.0820  -0.0077   0.2828   0.2828   0.0012   0.0000   0.0137  -0.0570    0.202
    14   0.4000   0.9592   0.0000   0.2900   0.0244   0.0815   0.0046   0.2811   0.2811   0.0012   0.0000   0.0136  -0.0566    0.201
    15   0.4000   1.0392   0.0000   0.2900   0.0218   0.0810   0.0067   0.2792   0.2792   0.0013   0.0000   0.0136  -0.0562    0.201
    16   0.4000   1.1091   0.0000   0.2900   0.0186   0.0804   0.0078   0.2773   0.2773   0.0013   0.0000   0.0135  -0.0558    0.201
    17   0.4000   1.1672   0.0000   0.2900   0.0150   0.0799   0.0085   0.2754   0.2754   0.0013   0.0000   0.0135  -0.0554    0.201
    18   0.4000   1.2120   0.0000   0.2900   0.0110   0.0794   0.0090   0.2738   0.2738   0.0014   0.0000   0.0134  -0.0550    0.201
    19   0.4000   1.2426   0.0000   0.2900   0.0067   0.0790   0.0093   0.2725   0.2725   0.0014   0.0000   0.0134  -0.0547    0.201
    20   0.4000   1.2581   0.0000   0.2900   0.0022   0.0788   0.0095   0.2718   0.2718   0.0015   0.0000   0.0134  -0.0546    0.201

  Surface # 2     main_wing_panel_0 (YDUP)                
     # Chordwise = 12   # Spanwise = 20     First strip = 21
     Surface area Ssurf =    0.365400     Ave. chord Cave =    0.290000

 Forces referred to Sref, Cref, Bref about Xref, Yref, Zref
 Standard axis orientation,  X fwd, Z down         
     CLsurf  =   0.08088     Clsurf  =   0.01019
     CYsurf  =  -0.00000     Cmsurf  =   0.01296
     CDsurf  =   0.00032     Cnsurf  =   0.00011
     CDisurf =   0.00032     CDvsurf =   0.00000

 Forces referred to Ssurf, Cave 
     CLsurf  =   0.28443     CDsurf  =   0.00112

 Strip Forces referred to Strip Area, Chord
    j     Xle      Yle      Zle      Chord    Area     c_cl     ai     cl_norm    cl       cd       cdv    cm_c/4     cm_LE   C.P.x/c
    21   0.4000  -0.0019   0.0000   0.2900   0.0022   0.0839   0.0012   0.2892   0.2892   0.0010   0.0000   0.0139   0.0584    0.202
    22   0.4000  -0.0174   0.0000   0.2900   0.0067   0.0839   0.0011   0.2892   0.2892   0.0010   0.0000   0.0139   0.0584    0.202
    23   0.4000  -0.0480   0.0000   0.2900   0.0110   0.0839   0.0005   0.2892   0.2892   0.0010   0.0000   0.0139   0.0584    0.202
    24   0.4000  -0.0928   0.0000   0.2900   0.0150   0.0839  -0.0022   0.2892   0.2892   0.0010   0.0000   0.0139   0.0584    0.202
    25   0.4000  -0.1509   0.0000   0.2900   0.0186   0.0838  -0.0510   0.2891   0.2891   0.0010   0.0000   0.0139   0.0584    0.202
    26   0.4000  -0.2208   0.0000   0.2900   0.0218   0.0838  -0.0284   0.2889   0.2889   0.0010   0.0000   0.0139   0.0584    0.202
    27   0.4000  -0.3008   0.0000   0.2900   0.0244   0.0837   0.0247   0.2886   0.2886   0.0010   0.0000   0.0138   0.0583    0.202
    28   0.4000  -0.3889   0.0000   0.2900   0.0265   0.0836   0.0163   0.2881   0.2881   0.0010   0.0000   0.0138   0.0582    0.202
    29   0.4000  -0.4829   0.0000   0.2900   0.0279   0.0834  -0.0313   0.2875   0.2875   0.0010   0.0000   0.0138   0.0581    0.202
    30   0.4000  -0.5806   0.0000   0.2900   0.0286   0.0831   0.0195   0.2867   0.2867   0.0011   0.0000   0.0138   0.0579    0.202
    31   0.4000  -0.6794   0.0000   0.2900   0.0286   0.0828   0.0109   0.2856   0.2856   0.0011   0.0000   0.0138   0.0576    0.202
    32   0.4000  -0.7771   0.0000   0.2900   0.0279   0.0825   0.0855   0.2843   0.2843   0.0011   0.0000   0.0137   0.0574    0.202
    33   0.4000  -0.8711   0.0000   0.2900   0.0265   0.0820  -0.0077   0.2828   0.2828   0.0012   0.0000   0.0137   0.0570    0.202
    34   0.4000  -0.9592   0.0000   0.2900   0.0244   0.0815   0.0046   0.2811   0.2811   0.0012   0.0000   0.0136   0.0566    0.201
    35   0.4000  -1.0392   0.0000   0.2900   0.0218   0.0810   0.0067   0.2792   0.2792   0.0013   0.0000   0.0136   0.0562    0.201
    36   0.4000  -1.1091   0.0000   0.2900   0.0186   0.0804   0.0078   0.2773   0.2773   0.0013   0.0000   0.0135   0.0558    0.201
    37   0.4000  -1.1672   0.0000   0.2900   0.0150   0.0799   0.0085   0.2754   0.2754   0.0013   0.0000   0.0135   0.0554    0.201
    38   0.4000  -1.2120   0.0000   0.2900   0.0110   0.0794   0.0090   0.2738   0.2738   0.0014   0.0000   0.0134   0.0550    0.201
    39   0.4000  -1.2426   0.0000   0.2900   0.0067   0.0790   0.0093   0.2725   0.2725   0.0014   0.0000   0.0134   0.0547    0.201
    40   0.4000  -1.2581   0.0000   0.2900   0.0022   0.0788   0.0095   0.2718   0.2718   0.0015   0.0000   0.0134   0.0546    0.201

  Surface # 3     main_wing_panel_1                       
     # Chordwise = 12   # Spanwise = 20     First strip = 41
     Surface area Ssurf =    0.275268     Ave. chord Cave =    0.226186

 Forces referred to Sref, Cref, Bref about Xref, Yref, Zref
 Standard axis orientation,  X fwd, Z down         
     CLsurf  =   0.05404     Clsurf  =  -0.01918
     CYsurf  =  -0.00002     Cmsurf  =   0.00851
     CDsurf  =   0.00028     Cnsurf  =  -0.00019
     CDisurf =   0.00028     CDvsurf =   0.00000

 Forces referred to Ssurf, Cave 
     CLsurf  =   0.25225     CDsurf  =   0.00132

 Strip Forces referred to Strip Area, Chord
    j     Xle      Yle      Zle      Chord    Area     c_cl     ai     cl_norm    cl       cd       cdv    cm_c/4     cm_LE   C.P.x/c
    41   0.4000   1.2617   0.0000   0.2899   0.0020   0.0788   0.0096   0.2717   0.2717   0.0015   0.0000   0.0134  -0.0546    0.201
    42   0.4001   1.2754   0.0000   0.2895   0.0059   0.0786   0.0096   0.2715   0.2715   0.0014   0.0000   0.0134  -0.0545    0.201
    43   0.4003   1.3025   0.0000   0.2887   0.0097   0.0782   0.0096   0.2708   0.2708   0.0014   0.0000   0.0134  -0.0543    0.201
    44   0.4005   1.3423   0.0000   0.2876   0.0132   0.0775   0.0097   0.2696   0.2696   0.0014   0.0000   0.0134  -0.0540    0.200
    45   0.4009   1.3938   0.0000   0.2861   0.0163   0.0766   0.0099   0.2678   0.2678   0.0014   0.0000   0.0133  -0.0536    0.200
    46   0.4013   1.4558   0.0000   0.2842   0.0189   0.0754   0.0102   0.2651   0.2651   0.0014   0.0000   0.0133  -0.0530    0.200
    47   0.4017   1.5267   0.0000   0.2821   0.0211   0.0737   0.0106   0.2612   0.2612   0.0015   0.0000   0.0132  -0.0521    0.199
    48   0.4034   1.6218   0.0000   0.2760   0.0319   0.0713   0.0107   0.2582   0.2582   0.0014   0.0000   0.0132  -0.0513    0.199
    49   0.4064   1.7407   0.0000   0.2654   0.0323   0.0676   0.0106   0.2546   0.2546   0.0014   0.0000   0.0134  -0.0503    0.198
    50   0.4095   1.8476   0.0000   0.2533   0.0232   0.0635   0.0106   0.2506   0.2506   0.0013   0.0000   0.0135  -0.0491    0.196
    51   0.4125   1.9394   0.0000   0.2397   0.0219   0.0592   0.0105   0.2470   0.2470   0.0013   0.0000   0.0138  -0.0480    0.194
    52   0.4161   2.0215   0.0000   0.2255   0.0163   0.0548   0.0105   0.2430   0.2430   0.0013   0.0000   0.0140  -0.0466    0.192
    53   0.4201   2.0922   0.0000   0.2109   0.0145   0.0502   0.0105   0.2381   0.2381   0.0012   0.0000   0.0144  -0.0451    0.190
    54   0.4256   2.1823   0.0000   0.1881   0.0207   0.0444   0.0099   0.2358   0.2358   0.0012   0.0000   0.0149  -0.0439    0.187
    55   0.4331   2.2799   0.0000   0.1570   0.0133   0.0367   0.0093   0.2335   0.2335   0.0011   0.0000   0.0155  -0.0427    0.184
    56   0.4393   2.3401   0.0000   0.1327   0.0049   0.0303   0.0090   0.2284   0.2284   0.0009   0.0000   0.0157  -0.0411    0.181
    57   0.4433   2.3732   0.0000   0.1167   0.0034   0.0252   0.0091   0.2160   0.2160   0.0008   0.0000   0.0154  -0.0383    0.179
    58   0.4499   2.4149   0.0000   0.0897   0.0046   0.0191   0.0080   0.2133   0.2133   0.0007   0.0000   0.0160  -0.0368    0.175
    59   0.4623   2.4550   0.0000   0.0412   0.0012   0.0102  -0.0033   0.2487   0.2486  -0.0013   0.0000   0.0206  -0.0374    0.167
    60   0.4718   2.4745   0.0000   0.0046   0.0000   0.0022  -0.0536   0.4806   0.4804  -0.0176   0.0000   0.0378  -0.0739    0.171

  Surface # 4     main_wing_panel_1 (YDUP)                
     # Chordwise = 12   # Spanwise = 20     First strip = 61
     Surface area Ssurf =    0.275268     Ave. chord Cave =    0.226186

 Forces referred to Sref, Cref, Bref about Xref, Yref, Zref
 Standard axis orientation,  X fwd, Z down         
     CLsurf  =   0.05404     Clsurf  =   0.01918
     CYsurf  =   0.00002     Cmsurf  =   0.00851
     CDsurf  =   0.00028     Cnsurf  =   0.00019
     CDisurf =   0.00028     CDvsurf =   0.00000

 Forces referred to Ssurf, Cave 
     CLsurf  =   0.25225     CDsurf  =   0.00132

 Strip Forces referred to Strip Area, Chord
    j     Xle      Yle      Zle      Chord    Area     c_cl     ai     cl_norm    cl       cd       cdv    cm_c/4     cm_LE   C.P.x/c
    61   0.4000  -1.2617   0.0000   0.2899   0.0020   0.0788   0.0095   0.2717   0.2717   0.0015   0.0000   0.0134   0.0546    0.201
    62   0.4001  -1.2754   0.0000   0.2895   0.0059   0.0786   0.0095   0.2715   0.2715   0.0014   0.0000   0.0134   0.0545    0.201
    63   0.4003  -1.3025   0.0000   0.2887   0.0097   0.0782   0.0096   0.2708   0.2708   0.0014   0.0000   0.0134   0.0543    0.201
    64   0.4005  -1.3423   0.0000   0.2876   0.0132   0.0775   0.0097   0.2696   0.2696   0.0014   0.0000   0.0134   0.0540    0.200
    65   0.4009  -1.3938   0.0000   0.2861   0.0163   0.0766   0.0099   0.2678   0.2678   0.0014   0.0000   0.0133   0.0536    0.200
    66   0.4013  -1.4558   0.0000   0.2842   0.0189   0.0754   0.0102   0.2651   0.2651   0.0014   0.0000   0.0133   0.0530    0.200
    67   0.4017  -1.5267   0.0000   0.2821   0.0211   0.0737   0.0106   0.2612   0.2612   0.0015   0.0000   0.0132   0.0521    0.199
    68   0.4034  -1.6218   0.0000   0.2760   0.0319   0.0713   0.0107   0.2582   0.2582   0.0014   0.0000   0.0132   0.0513    0.199
    69   0.4064  -1.7407   0.0000   0.2654   0.0323   0.0676   0.0106   0.2546   0.2546   0.0014   0.0000   0.0134   0.0503    0.198
    70   0.4095  -1.8476   0.0000   0.2533   0.0232   0.0635   0.0106   0.2506   0.2506   0.0013   0.0000   0.0135   0.0491    0.196
    71   0.4125  -1.9394   0.0000   0.2397   0.0219   0.0592   0.0105   0.2470   0.2470   0.0013   0.0000   0.0138   0.0480    0.194
    72   0.4161  -2.0215   0.0000   0.2255   0.0163   0.0548   0.0105   0.2430   0.2430   0.0013   0.0000   0.0140   0.0466    0.192
    73   0.4201  -2.0922   0.0000   0.2109   0.0145   0.0502   0.0105   0.2381   0.2381   0.0012   0.0000   0.0144   0.0451    0.190
    74   0.4256  -2.1823   0.0000   0.1881   0.0207   0.0444   0.0099   0.2358   0.2358   0.0012   0.0000   0.0149   0.0439    0.187
    75   0.4331  -2.2799   0.0000   0.1570   0.0133   0.0367   0.0093   0.2335   0.2335   0.0011   0.0000   0.0155   0.0427    0.184
    76   0.4393  -2.3401   0.0000   0.1327   0.0049   0.0303   0.0090   0.2284   0.2284   0.0009   0.0000   0.0157   0.0411    0.181
    77   0.4433  -2.3732   0.0000   0.1167   0.0034   0.0252   0.0091   0.2160   0.2160   0.0008   0.0000   0.0154   0.0383    0.179
    78   0.4499  -2.4149   0.0000   0.0897   0.0046   0.0191   0.0080   0.2133   0.2133   0.0007   0.0000   0.0160   0.0368    0.175
    79   0.4623  -2.4550   0.0000   0.0412   0.0012   0.0102  -0.0033   0.2487   0.2486  -0.0013   0.0000   0.0206   0.0374    0.167
    80   0.4718  -2.4745   0.0000   0.0046   0.0000   0.0022  -0.0536   0.4806   0.4804  -0.0176   0.0000   0.0378   0.0739    0.171

  Surface # 5     hstab_panel_0                           
     # Chordwise = 12   # Spanwise = 20     First strip = 81
     Surface area Ssurf =    0.043750     Ave. chord Cave =    0.125000

 Forces referred to Sref, Cref, Bref about Xref, Yref, Zref
 Standard axis orientation,  X fwd, Z down         
     CLsurf  =   0.00205     Clsurf  =  -0.00027
     CYsurf  =  -0.00000     Cmsurf  =  -0.01078
     CDsurf  =   0.00003     Cnsurf  =   0.00000
     CDisurf =   0.00003     CDvsurf =   0.00000

 Forces referred to Ssurf, Cave 
     CLsurf  =   0.06021     CDsurf  =   0.00091

 Strip Forces referred to Strip Area, Chord
    j     Xle      Yle      Zle      Chord    Area     c_cl     ai     cl_norm    cl       cd       cdv    cm_c/4     cm_LE   C.P.x/c
    81   1.8000   0.5005   0.0000   0.1499   0.0003   0.0042  -0.1923   0.0278   0.0278   0.0007   0.0000  -0.0031  -0.0100    0.360
    82   1.8002   0.5048   0.0000   0.1493   0.0010   0.0053  -0.0237   0.0358   0.0358   0.0006   0.0000  -0.0055  -0.0144    0.404
    83   1.8005   0.5133   0.0000   0.1481   0.0016   0.0065   0.0048   0.0441   0.0441   0.0007   0.0000  -0.0078  -0.0188    0.427
    84   1.8009   0.5258   0.0000   0.1463   0.0021   0.0076   0.0171   0.0517   0.0517   0.0008   0.0000  -0.0097  -0.0227    0.438
    85   1.8014   0.5419   0.0000   0.1440   0.0026   0.0084   0.0153   0.0580   0.0580   0.0009   0.0000  -0.0111  -0.0256    0.442
    86   1.8021   0.5613   0.0000   0.1412   0.0029   0.0089   0.0172   0.0627   0.0627   0.0010   0.0000  -0.0121  -0.0277    0.443
    87   1.8029   0.5836   0.0000   0.1381   0.0032   0.0091   0.0174   0.0660   0.0660   0.0010   0.0000  -0.0127  -0.0292    0.442
    88   1.8037   0.6080   0.0000   0.1346   0.0034   0.0092   0.0177   0.0682   0.0682   0.0010   0.0000  -0.0131  -0.0301    0.442
    89   1.8046   0.6341   0.0000   0.1308   0.0035   0.0091   0.0105   0.0694   0.0694   0.0010   0.0000  -0.0133  -0.0307    0.442
    90   1.8055   0.6613   0.0000   0.1270   0.0035   0.0089   0.0155   0.0698   0.0698   0.0010   0.0000  -0.0135  -0.0309    0.443
    91   1.8065   0.6887   0.0000   0.1230   0.0034   0.0085   0.0161   0.0692   0.0692   0.0010   0.0000  -0.0135  -0.0308    0.445
    92   1.8074   0.7159   0.0000   0.1192   0.0032   0.0081   0.0180   0.0679   0.0679   0.0010   0.0000  -0.0134  -0.0304    0.448
    93   1.8083   0.7420   0.0000   0.1154   0.0029   0.0076   0.0139   0.0656   0.0656   0.0009   0.0000  -0.0133  -0.0296    0.452
    94   1.8091   0.7664   0.0000   0.1119   0.0026   0.0070   0.0162   0.0622   0.0622   0.0009   0.0000  -0.0129  -0.0285    0.458
    95   1.8099   0.7887   0.0000   0.1088   0.0023   0.0063   0.0178   0.0576   0.0576   0.0009   0.0000  -0.0124  -0.0268    0.465
    96   1.8106   0.8081   0.0000   0.1060   0.0019   0.0055   0.0204   0.0515   0.0515   0.0008   0.0000  -0.0115  -0.0243    0.473
    97   1.8111   0.8242   0.0000   0.1037   0.0015   0.0045   0.0947   0.0436   0.0436   0.0007   0.0000  -0.0101  -0.0210    0.482
    98   1.8115   0.8367   0.0000   0.1019   0.0011   0.0034   0.0194   0.0336   0.0336   0.0006   0.0000  -0.0081  -0.0165    0.491
    99   1.8118   0.8452   0.0000   0.1007   0.0006   0.0022   0.0227   0.0214   0.0214   0.0004   0.0000  -0.0053  -0.0106    0.496
   100   1.8120   0.8495   0.0000   0.1001   0.0002   0.0007   0.0244   0.0074   0.0074   0.0001   0.0000  -0.0018  -0.0037    0.498

  Surface # 6     hstab_panel_0 (YDUP)                    
     # Chordwise = 12   # Spanwise = 20     First strip =101
     Surface area Ssurf =    0.043750     Ave. chord Cave =    0.125000

 Forces referred to Sref, Cref, Bref about Xref, Yref, Zref
 Standard axis orientation,  X fwd, Z down         
     CLsurf  =   0.00194     Clsurf  =   0.00026
     CYsurf  =   0.00000     Cmsurf  =  -0.01021
     CDsurf  =   0.00003     Cnsurf  =  -0.00000
     CDisurf =   0.00003     CDvsurf =   0.00000

 Forces referred to Ssurf, Cave 
     CLsurf  =   0.05700     CDsurf  =   0.00087

 Strip Forces referred to Strip Area, Chord
    j     Xle      Yle      Zle      Chord    Area     c_cl     ai     cl_norm    cl       cd       cdv    cm_c/4     cm_LE   C.P.x/c
   101   1.8000  -0.5005   0.0000   0.1499   0.0003   0.0009  -0.1191   0.0063   0.0063   0.0001   0.0000  -0.0013   0.0029    0.461
   102   1.8002  -0.5048   0.0000   0.1493   0.0010   0.0028  -0.0153   0.0188   0.0188   0.0004   0.0000  -0.0040   0.0087    0.462
   103   1.8005  -0.5133   0.0000   0.1481   0.0016   0.0045   0.0054   0.0306   0.0306   0.0006   0.0000  -0.0065   0.0141    0.462
   104   1.8009  -0.5258   0.0000   0.1463   0.0021   0.0061   0.0165   0.0414   0.0414   0.0007   0.0000  -0.0087   0.0190    0.459
   105   1.8014  -0.5419   0.0000   0.1440   0.0026   0.0073   0.0151   0.0504   0.0504   0.0008   0.0000  -0.0103   0.0229    0.455
   106   1.8021  -0.5613   0.0000   0.1412   0.0029   0.0081   0.0174   0.0574   0.0574   0.0009   0.0000  -0.0115   0.0258    0.450
   107   1.8029  -0.5836   0.0000   0.1381   0.0032   0.0086   0.0177   0.0623   0.0623   0.0010   0.0000  -0.0123   0.0279    0.447
   108   1.8037  -0.6080   0.0000   0.1346   0.0034   0.0088   0.0180   0.0657   0.0657   0.0010   0.0000  -0.0128   0.0292    0.445
   109   1.8046  -0.6341   0.0000   0.1308   0.0035   0.0089   0.0107   0.0677   0.0677   0.0010   0.0000  -0.0132   0.0301    0.445
   110   1.8055  -0.6613   0.0000   0.1270   0.0035   0.0087   0.0157   0.0686   0.0686   0.0010   0.0000  -0.0134   0.0305    0.445
   111   1.8065  -0.6887   0.0000   0.1230   0.0034   0.0084   0.0162   0.0684   0.0684   0.0010   0.0000  -0.0134   0.0305    0.446
   112   1.8074  -0.7159   0.0000   0.1192   0.0032   0.0080   0.0181   0.0673   0.0673   0.0010   0.0000  -0.0134   0.0302    0.449
   113   1.8083  -0.7420   0.0000   0.1154   0.0029   0.0075   0.0140   0.0651   0.0651   0.0009   0.0000  -0.0132   0.0295    0.453
   114   1.8091  -0.7664   0.0000   0.1119   0.0026   0.0069   0.0162   0.0619   0.0619   0.0009   0.0000  -0.0129   0.0284    0.458
   115   1.8099  -0.7887   0.0000   0.1088   0.0023   0.0062   0.0178   0.0573   0.0573   0.0009   0.0000  -0.0124   0.0267    0.465
   116   1.8106  -0.8081   0.0000   0.1060   0.0019   0.0054   0.0204   0.0513   0.0513   0.0008   0.0000  -0.0115   0.0243    0.474
   117   1.8111  -0.8242   0.0000   0.1037   0.0015   0.0045   0.0947   0.0435   0.0435   0.0007   0.0000  -0.0101   0.0210    0.483
   118   1.8115  -0.8367   0.0000   0.1019   0.0011   0.0034   0.0194   0.0335   0.0335   0.0006   0.0000  -0.0081   0.0164    0.491
   119   1.8118  -0.8452   0.0000   0.1007   0.0006   0.0021   0.0227   0.0213   0.0213   0.0004   0.0000  -0.0053   0.0106    0.496
   120   1.8120  -0.8495   0.0000   0.1001   0.0002   0.0007   0.0244   0.0073   0.0073   0.0001   0.0000  -0.0018   0.0037    0.498

  Surface # 7     fin_panel_0                             
     # Chordwise = 12   # Spanwise = 20     First strip =121
     Surface area Ssurf =    0.050000     Ave. chord Cave =    0.125000

 Forces referred to Sref, Cref, Bref about Xref, Yref, Zref
 Standard axis orientation,  X fwd, Z down         
     CLsurf  =  -0.00000     Clsurf  =  -0.00001
     CYsurf  =  -0.00011     Cmsurf  =  -0.00000
     CDsurf  =  -0.00000     Cnsurf  =   0.00003
     CDisurf =  -0.00000     CDvsurf =   0.00000

 Forces referred to Ssurf, Cave 
     CLsurf  =  -0.00280     CDsurf  =  -0.00001

 Strip Forces referred to Strip Area, Chord
    j     Xle      Yle      Zle      Chord    Area     c_cl     ai     cl_norm    cl       cd       cdv    cm_c/4     cm_LE   C.P.x/c
   121   1.8000   0.5000   0.3994   0.1499   0.0004  -0.0001  -0.0011  -0.0007  -0.0007  -0.0000   0.0000   0.0003   0.0004    0.655
   122   1.8002   0.5000   0.3945   0.1493   0.0011  -0.0003  -0.0010  -0.0019  -0.0019  -0.0000   0.0000   0.0008   0.0012    0.649
   123   1.8005   0.5000   0.3848   0.1481   0.0018  -0.0005  -0.0008  -0.0030  -0.0030  -0.0000   0.0000   0.0012   0.0019    0.639
   124   1.8009   0.5000   0.3705   0.1463   0.0024  -0.0006  -0.0006  -0.0040  -0.0040  -0.0000   0.0000   0.0015   0.0025    0.623
   125   1.8014   0.5000   0.3521   0.1440   0.0029  -0.0007  -0.0004  -0.0048  -0.0048  -0.0000   0.0000   0.0017   0.0029    0.605
   126   1.8021   0.5000   0.3299   0.1412   0.0034  -0.0008  -0.0003  -0.0055  -0.0055  -0.0000   0.0000   0.0018   0.0032    0.585
   127   1.8029   0.5000   0.3045   0.1381   0.0037  -0.0008  -0.0002  -0.0061  -0.0061  -0.0000   0.0000   0.0019   0.0034    0.567
   128   1.8037   0.5000   0.2765   0.1346   0.0039  -0.0009  -0.0002  -0.0065  -0.0065  -0.0000   0.0000   0.0020   0.0036    0.552
   129   1.8046   0.5000   0.2467   0.1308   0.0040  -0.0009  -0.0003  -0.0068  -0.0068  -0.0000   0.0000   0.0020   0.0037    0.540
   130   1.8055   0.5000   0.2157   0.1270   0.0040  -0.0009  -0.0005  -0.0070  -0.0070  -0.0000   0.0000   0.0020   0.0037    0.532
   131   1.8065   0.5000   0.1843   0.1230   0.0038  -0.0008  -0.0007  -0.0069  -0.0068   0.0000   0.0000   0.0019   0.0036    0.531
   132   1.8074   0.5000   0.1533   0.1192   0.0036  -0.0008  -0.0009  -0.0063  -0.0063   0.0000   0.0000   0.0018   0.0034    0.539
   133   1.8083   0.5000   0.1235   0.1154   0.0033  -0.0006  -0.0012  -0.0052  -0.0052   0.0000   0.0000   0.0017   0.0030    0.570
   134   1.8091   0.5000   0.0955   0.1119   0.0030  -0.0004  -0.0015  -0.0032  -0.0032   0.0000   0.0000   0.0014   0.0022    0.685
   135   1.8099   0.5000   0.0701   0.1088   0.0026   0.0000  -0.0016   0.0001   0.0001   0.0000   0.0000   0.0009   0.0009  999.000
   136   1.8106   0.5000   0.0479   0.1060   0.0022   0.0006  -0.0009   0.0053   0.0053  -0.0000   0.0000   0.0002  -0.0011    0.213
   137   1.8111   0.5000   0.0295   0.1037   0.0017   0.0013   0.0020   0.0125   0.0125  -0.0000   0.0000  -0.0009  -0.0040    0.320
   138   1.8115   0.5000   0.0152   0.1019   0.0012   0.0022   0.0093   0.0212   0.0212  -0.0001   0.0000  -0.0022  -0.0075    0.355
   139   1.8118   0.5000   0.0055   0.1007   0.0007   0.0030   0.0254   0.0295   0.0295  -0.0001   0.0000  -0.0035  -0.0109    0.369
   140   1.8120   0.5000   0.0006   0.1001   0.0002   0.0035   0.0863   0.0352   0.0352  -0.0007   0.0000  -0.0043  -0.0131    0.371

  Surface # 8     hstab_panel_0                           
     # Chordwise = 12   # Spanwise = 20     First strip =141
     Surface area Ssurf =    0.043750     Ave. chord Cave =    0.125000

 Forces referred to Sref, Cref, Bref about Xref, Yref, Zref
 Standard axis orientation,  X fwd, Z down         
     CLsurf  =   0.00215     Clsurf  =   0.00015
     CYsurf  =  -0.00000     Cmsurf  =  -0.01129
     CDsurf  =   0.00003     Cnsurf  =   0.00000
     CDisurf =   0.00003     CDvsurf =   0.00000

 Forces referred to Ssurf, Cave 
     CLsurf  =   0.06311     CDsurf  =   0.00091

 Strip Forces referred to Strip Area, Chord
    j     Xle      Yle      Zle      Chord    Area     c_cl     ai     cl_norm    cl       cd       cdv    cm_c/4     cm_LE   C.P.x/c
   141   1.8000  -0.4995   0.0000   0.1499   0.0003   0.0045  -0.1871   0.0302   0.0302   0.0008   0.0000  -0.0032  -0.0108    0.357
   142   1.8002  -0.4952   0.0000   0.1493   0.0010   0.0057  -0.0228   0.0382   0.0382   0.0006   0.0000  -0.0057  -0.0152    0.398
   143   1.8005  -0.4867   0.0000   0.1481   0.0016   0.0069   0.0043   0.0465   0.0465   0.0008   0.0000  -0.0080  -0.0196    0.422
   144   1.8009  -0.4742   0.0000   0.1463   0.0021   0.0079   0.0136   0.0541   0.0541   0.0009   0.0000  -0.0099  -0.0234    0.433
   145   1.8014  -0.4581   0.0000   0.1440   0.0026   0.0087   0.0163   0.0604   0.0604   0.0009   0.0000  -0.0113  -0.0264    0.437
   146   1.8021  -0.4387   0.0000   0.1412   0.0029   0.0092   0.0129   0.0651   0.0651   0.0010   0.0000  -0.0123  -0.0285    0.438
   147   1.8029  -0.4164   0.0000   0.1381   0.0032   0.0095   0.0175   0.0686   0.0686   0.0010   0.0000  -0.0129  -0.0300    0.438
   148   1.8037  -0.3920   0.0000   0.1346   0.0034   0.0095   0.0163   0.0709   0.0709   0.0010   0.0000  -0.0132  -0.0309    0.437
   149   1.8046  -0.3659   0.0000   0.1308   0.0035   0.0095   0.0153   0.0723   0.0723   0.0010   0.0000  -0.0135  -0.0315    0.436
   150   1.8055  -0.3387   0.0000   0.1270   0.0035   0.0092   0.0172   0.0728   0.0728   0.0010   0.0000  -0.0136  -0.0318    0.437
   151   1.8065  -0.3113   0.0000   0.1230   0.0034   0.0089   0.0152   0.0725   0.0725   0.0010   0.0000  -0.0136  -0.0317    0.438
   152   1.8074  -0.2841   0.0000   0.1192   0.0032   0.0085   0.0147   0.0713   0.0713   0.0010   0.0000  -0.0135  -0.0314    0.440
   153   1.8083  -0.2580   0.0000   0.1154   0.0029   0.0080   0.0192   0.0691   0.0691   0.0009   0.0000  -0.0134  -0.0306    0.443
   154   1.8091  -0.2336   0.0000   0.1119   0.0026   0.0074   0.0157   0.0658   0.0658   0.0009   0.0000  -0.0130  -0.0294    0.447
   155   1.8099  -0.2113   0.0000   0.1088   0.0023   0.0067   0.0162   0.0611   0.0611   0.0009   0.0000  -0.0124  -0.0277    0.453
   156   1.8106  -0.1919   0.0000   0.1060   0.0019   0.0058   0.0170   0.0548   0.0548   0.0008   0.0000  -0.0115  -0.0252    0.460
   157   1.8111  -0.1758   0.0000   0.1037   0.0015   0.0048   0.0196   0.0465   0.0465   0.0007   0.0000  -0.0101  -0.0217    0.467
   158   1.8115  -0.1633   0.0000   0.1019   0.0011   0.0037   0.0213   0.0358   0.0358   0.0006   0.0000  -0.0080  -0.0170    0.474
   159   1.8118  -0.1548   0.0000   0.1007   0.0006   0.0023   0.0232   0.0228   0.0228   0.0004   0.0000  -0.0052  -0.0109    0.478
   160   1.8120  -0.1505   0.0000   0.1001   0.0002   0.0008   0.0245   0.0079   0.0079   0.0001   0.0000  -0.0018  -0.0038    0.479

  Surface # 9     hstab_panel_0 (YDUP)                    
     # Chordwise = 12   # Spanwise = 20     First strip =161
     Surface area Ssurf =    0.043750     Ave. chord Cave =    0.125000

 Forces referred to Sref, Cref, Bref about Xref, Yref, Zref
 Standard axis orientation,  X fwd, Z down         
     CLsurf  =   0.00202     Clsurf  =  -0.00014
     CYsurf  =   0.00000     Cmsurf  =  -0.01064
     CDsurf  =   0.00003     Cnsurf  =  -0.00000
     CDisurf =   0.00003     CDvsurf =   0.00000

 Forces referred to Ssurf, Cave 
     CLsurf  =   0.05944     CDsurf  =   0.00088

 Strip Forces referred to Strip Area, Chord
    j     Xle      Yle      Zle      Chord    Area     c_cl     ai     cl_norm    cl       cd       cdv    cm_c/4     cm_LE   C.P.x/c
   161   1.8000   0.4995   0.0000   0.1499   0.0003   0.0010  -0.1195   0.0065   0.0065   0.0001   0.0000  -0.0013   0.0030    0.458
   162   1.8002   0.4952   0.0000   0.1493   0.0010   0.0029  -0.0160   0.0192   0.0192   0.0004   0.0000  -0.0040   0.0088    0.459
   163   1.8005   0.4867   0.0000   0.1481   0.0016   0.0047   0.0044   0.0314   0.0314   0.0006   0.0000  -0.0066   0.0144    0.458
   164   1.8009   0.4742   0.0000   0.1463   0.0021   0.0062   0.0130   0.0426   0.0426   0.0007   0.0000  -0.0087   0.0194    0.455
   165   1.8014   0.4581   0.0000   0.1440   0.0026   0.0075   0.0162   0.0519   0.0519   0.0009   0.0000  -0.0104   0.0234    0.451
   166   1.8021   0.4387   0.0000   0.1412   0.0029   0.0083   0.0132   0.0591   0.0591   0.0009   0.0000  -0.0116   0.0264    0.446
   167   1.8029   0.4164   0.0000   0.1381   0.0032   0.0089   0.0178   0.0643   0.0643   0.0010   0.0000  -0.0124   0.0285    0.443
   168   1.8037   0.3920   0.0000   0.1346   0.0034   0.0091   0.0167   0.0679   0.0679   0.0010   0.0000  -0.0129   0.0299    0.441
   169   1.8046   0.3659   0.0000   0.1308   0.0035   0.0092   0.0156   0.0702   0.0702   0.0010   0.0000  -0.0133   0.0308    0.439
   170   1.8055   0.3387   0.0000   0.1270   0.0035   0.0091   0.0174   0.0713   0.0713   0.0010   0.0000  -0.0135   0.0313    0.439
   171   1.8065   0.3113   0.0000   0.1230   0.0034   0.0088   0.0153   0.0714   0.0714   0.0010   0.0000  -0.0135   0.0314    0.439
   172   1.8074   0.2841   0.0000   0.1192   0.0032   0.0084   0.0149   0.0705   0.0705   0.0010   0.0000  -0.0135   0.0311    0.441
   173   1.8083   0.2580   0.0000   0.1154   0.0029   0.0079   0.0193   0.0685   0.0685   0.0009   0.0000  -0.0133   0.0304    0.444
   174   1.8091   0.2336   0.0000   0.1119   0.0026   0.0073   0.0158   0.0654   0.0654   0.0009   0.0000  -0.0130   0.0293    0.448
   175   1.8099   0.2113   0.0000   0.1088   0.0023   0.0066   0.0163   0.0608   0.0608   0.0009   0.0000  -0.0124   0.0276    0.454
   176   1.8106   0.1919   0.0000   0.1060   0.0019   0.0058   0.0170   0.0546   0.0546   0.0008   0.0000  -0.0115   0.0251    0.460
   177   1.8111   0.1758   0.0000   0.1037   0.0015   0.0048   0.0196   0.0463   0.0463   0.0007   0.0000  -0.0101   0.0216    0.468
   178   1.8115   0.1633   0.0000   0.1019   0.0011   0.0036   0.0213   0.0357   0.0357   0.0006   0.0000  -0.0080   0.0169    0.475
   179   1.8118   0.1548   0.0000   0.1007   0.0006   0.0023   0.0232   0.0227   0.0227   0.0004   0.0000  -0.0052   0.0109    0.479
   180   1.8120   0.1505   0.0000   0.1001   0.0002   0.0008   0.0246   0.0078   0.0078   0.0001   0.0000  -0.0018   0.0038    0.480

  Surface #10     fin_panel_0                             
     # Chordwise = 12   # Spanwise = 20     First strip =181
     Surface area Ssurf =    0.050000     Ave. chord Cave =    0.125000

 Forces referred to Sref, Cref, Bref about Xref, Yref, Zref
 Standard axis orientation,  X fwd, Z down         
     CLsurf  =   0.00000     Clsurf  =   0.00000
     CYsurf  =   0.00012     Cmsurf  =   0.00000
     CDsurf  =  -0.00000     Cnsurf  =  -0.00003
     CDisurf =  -0.00000     CDvsurf =   0.00000

 Forces referred to Ssurf, Cave 
     CLsurf  =   0.00308     CDsurf  =  -0.00001

 Strip Forces referred to Strip Area, Chord
    j     Xle      Yle      Zle      Chord    Area     c_cl     ai     cl_norm    cl       cd       cdv    cm_c/4     cm_LE   C.P.x/c
   181   1.8000  -0.5000   0.3994   0.1499   0.0004  -0.0000  -0.0018  -0.0000  -0.0000   0.0000   0.0000   0.0003   0.0003  999.000
   182   1.8002  -0.5000   0.3945   0.1493   0.0011   0.0000  -0.0017   0.0000   0.0000   0.0000   0.0000   0.0009   0.0009  999.000
   183   1.8005  -0.5000   0.3848   0.1481   0.0018   0.0000  -0.0016   0.0001   0.0001   0.0000   0.0000   0.0013   0.0013  999.000
   184   1.8009  -0.5000   0.3705   0.1463   0.0024   0.0000  -0.0014   0.0002   0.0002  -0.0000   0.0000   0.0016   0.0016  999.000
   185   1.8014  -0.5000   0.3521   0.1440   0.0029   0.0000  -0.0013   0.0003   0.0003  -0.0000   0.0000   0.0018   0.0017  999.000
   186   1.8021  -0.5000   0.3299   0.1412   0.0034   0.0001  -0.0013   0.0004   0.0004  -0.0000   0.0000   0.0019   0.0018  999.000
   187   1.8029  -0.5000   0.3045   0.1381   0.0037   0.0001  -0.0013   0.0004   0.0004  -0.0000   0.0000   0.0019   0.0018  999.000
   188   1.8037  -0.5000   0.2765   0.1346   0.0039   0.0000  -0.0014   0.0003   0.0003  -0.0000   0.0000   0.0019   0.0018  999.000
   189   1.8046  -0.5000   0.2467   0.1308   0.0040   0.0000  -0.0016   0.0002   0.0002   0.0000   0.0000   0.0019   0.0018  999.000
   190   1.8055  -0.5000   0.2157   0.1270   0.0040   0.0000  -0.0018   0.0001   0.0001   0.0000   0.0000   0.0018   0.0018  999.000
   191   1.8065  -0.5000   0.1843   0.1230   0.0038   0.0000  -0.0020   0.0002   0.0002   0.0000   0.0000   0.0017   0.0017  999.000
   192   1.8074  -0.5000   0.1533   0.1192   0.0036   0.0001  -0.0023   0.0005   0.0005   0.0000   0.0000   0.0016   0.0015  999.000
   193   1.8083  -0.5000   0.1235   0.1154   0.0033   0.0002  -0.0026   0.0013   0.0013  -0.0000   0.0000   0.0015   0.0011   -0.846
   194   1.8091  -0.5000   0.0955   0.1119   0.0030   0.0003  -0.0029   0.0029   0.0029  -0.0000   0.0000   0.0012   0.0004   -0.149
   195   1.8099  -0.5000   0.0701   0.1088   0.0026   0.0006  -0.0030   0.0058   0.0058  -0.0000   0.0000   0.0007  -0.0007    0.129
   196   1.8106  -0.5000   0.0479   0.1060   0.0022   0.0011  -0.0024   0.0104   0.0104  -0.0000   0.0000  -0.0000  -0.0026    0.255
   197   1.8111  -0.5000   0.0295   0.1037   0.0017   0.0018   0.0003   0.0171   0.0171  -0.0001   0.0000  -0.0011  -0.0054    0.317
   198   1.8115  -0.5000   0.0152   0.1019   0.0012   0.0026   0.0074   0.0253   0.0253  -0.0001   0.0000  -0.0025  -0.0088    0.350
   199   1.8118  -0.5000   0.0055   0.1007   0.0007   0.0033   0.0232   0.0333   0.0333  -0.0002   0.0000  -0.0038  -0.0121    0.365
   200   1.8120  -0.5000   0.0006   0.1001   0.0002   0.0039   0.0814   0.0389   0.0389  -0.0008   0.0000  -0.0046  -0.0143    0.368
 ---------------------------------------------------------------
