 ---------------------------------------------------------------
 Surface and Strip Forces by surface

  Sref =  1.2850       Cref = 0.25900       Bref =  4.9540    
  Xref = 0.50000       Yref =  0.0000       Zref =  0.0000    

  Surface # 1     main_wing_panel_0                       
     # Chordwise = 12   # Spanwise = 20     First strip =  1
     Surface area Ssurf =    0.365400     Ave. chord Cave =    0.290000

 Forces referred to Sref, Cref, Bref about Xref, Yref, Zref
 Standard axis orientation,  X fwd, Z down         
     CLsurf  =   0.06942     Clsurf  =  -0.00874
     CYsurf  =  -0.00000     Cmsurf  =   0.01096
     CDsurf  =   0.00024     Cnsurf  =  -0.00002
     CDisurf =   0.00024     CDvsurf =   0.00000

 Forces referred to Ssurf, Cave 
     CLsurf  =   0.24414     CDsurf  =   0.00085

 Strip Forces referred to Strip Area, Chord
    j     Xle      Yle      Zle      Chord    Area     c_cl     ai     cl_norm    cl       cd       cdv    cm_c/4     cm_LE   C.P.x/c
     1   0.4000   0.0019   0.0000   0.2900   0.0022   0.0721   0.0013   0.2485   0.2485   0.0008   0.0000   0.0114  -0.0508    0.204
     2   0.4000   0.0174   0.0000   0.2900   0.0067   0.0721   0.0013   0.2485   0.2485   0.0008   0.0000   0.0114  -0.0508    0.204
     3   0.4000   0.0480   0.0000   0.2900   0.0110   0.0721   0.0008   0.2485   0.2485   0.0008   0.0000   0.0114  -0.0508    0.204
     4   0.4000   0.0928   0.0000   0.2900   0.0150   0.0721  -0.0014   0.2485   0.2485   0.0008   0.0000   0.0114  -0.0507    0.204
     5   0.4000   0.1509   0.0000   0.2900   0.0186   0.0720  -0.0406   0.2484   0.2484   0.0008   0.0000   0.0114  -0.0507    0.204
     6   0.4000   0.2208   0.0000   0.2900   0.0218   0.0720  -0.0229   0.2482   0.2482   0.0008   0.0000   0.0114  -0.0507    0.204
     7   0.4000   0.3008   0.0000   0.2900   0.0244   0.0719   0.0210   0.2479   0.2479   0.0008   0.0000   0.0114  -0.0506    0.204
     8   0.4000   0.3889   0.0000   0.2900   0.0265   0.0718   0.0141   0.2475   0.2475   0.0008   0.0000   0.0113  -0.0505    0.204
     9   0.4000   0.4829   0.0000   0.2900   0.0279   0.0716  -0.0434   0.2470   0.2470   0.0008   0.0000   0.0113  -0.0504    0.204
    10   0.4000   0.5806   0.0000   0.2900   0.0286   0.0714   0.0159   0.2462   0.2462   0.0008   0.0000   0.0113  -0.0502    0.204
    11   0.4000   0.6794   0.0000   0.2900   0.0286   0.0711   0.0078   0.2453   0.2453   0.0008   0.0000   0.0113  -0.0500    0.204
    12   0.4000   0.7771   0.0000   0.2900   0.0279   0.0708   0.0710   0.2441   0.2441   0.0009   0.0000   0.0113  -0.0498    0.204
    13   0.4000   0.8711   0.0000   0.2900   0.0265   0.0704  -0.0057   0.2427   0.2427   0.0009   0.0000   0.0112  -0.0495    0.204
    14   0.4000   0.9592   0.0000   0.2900   0.0244   0.0699   0.0044   0.2411   0.2411   0.0009   0.0000   0.0112  -0.0491    0.204
    15   0.4000   1.0392   0.0000   0.2900   0.0218   0.0694   0.0061   0.2394   0.2394   0.0010   0.0000   0.0111  -0.0487    0.203
    16   0.4000   1.1091   0.0000   0.2900   0.0186   0.0689   0.0070   0.2376   0.2376   0.0010   0.0000   0.0111  -0.0483    0.203
    17   0.4000   1.1672   0.0000   0.2900   0.0150   0.0684   0.0076   0.2358   0.2358   0.0010   0.0000   0.0111  -0.0479    0.203
    18   0.4000   1.2120   0.0000   0.2900   0.0110   0.0679   0.0081   0.2343   0.2343   0.0011   0.0000   0.0110  -0.0475    0.203
    19   0.4000   1.2426   0.0000   0.2900   0.0067   0.0676   0.0084   0.2331   0.2331   0.0011   0.0000   0.0110  -0.0473    0.203
    20   0.4000   1.2581   0.0000   0.2900   0.0022   0.0674   0.0085   0.2324   0.2324   0.0012   0.0000   0.0110  -0.0471    0.203

  Surface # 2     main_wing_panel_0 (YDUP)                
     # Chordwise = 12   # Spanwise = 20     First strip = 21
     Surface area Ssurf =    0.365400     Ave. chord Cave =    0.290000

 Forces referred to Sref, Cref, Bref about Xref, Yref, Zref
 Standard axis orientation,  X fwd, Z down         
     CLsurf  =   0.06942     Clsurf  =   0.00874
     CYsurf  =  -0.00000     Cmsurf  =   0.01096
     CDsurf  =   0.00024     Cnsurf  =   0.00002
     CDisurf =   0.00024     CDvsurf =   0.00000

 Forces referred to Ssurf, Cave 
     CLsurf  =   0.24414     CDsurf  =   0.00085

 Strip Forces referred to Strip Area, Chord
    j     Xle      Yle      Zle      Chord    Area     c_cl     ai     cl_norm    cl       cd       cdv    cm_c/4     cm_LE   C.P.x/c
    21   0.4000  -0.0019   0.0000   0.2900   0.0022   0.0721   0.0013   0.2485   0.2485   0.0008   0.0000   0.0114   0.0508    0.204
    22   0.4000  -0.0174   0.0000   0.2900   0.0067   0.0721   0.0013   0.2485   0.2485   0.0008   0.0000   0.0114   0.0508    0.204
    23   0.4000  -0.0480   0.0000   0.2900   0.0110   0.0721   0.0008   0.2485   0.2485   0.0008   0.0000   0.0114   0.0508    0.204
    24   0.4000  -0.0928   0.0000   0.2900   0.0150   0.0721  -0.0014   0.2485   0.2485   0.0008   0.0000   0.0114   0.0507    0.204
    25   0.4000  -0.1509   0.0000   0.2900   0.0186   0.0720  -0.0408   0.2484   0.2484   0.0008   0.0000   0.0114   0.0507    0.204
    26   0.4000  -0.2208   0.0000   0.2900   0.0218   0.0720  -0.0234   0.2482   0.2482   0.0008   0.0000   0.0114   0.0507    0.204
    27   0.4000  -0.3008   0.0000   0.2900   0.0244   0.0719   0.0215   0.2479   0.2479   0.0008   0.0000   0.0114   0.0506    0.204
    28   0.4000  -0.3889   0.0000   0.2900   0.0265   0.0718   0.0143   0.2475   0.2475   0.0008   0.0000   0.0113   0.0505    0.204
    29   0.4000  -0.4829   0.0000   0.2900   0.0279   0.0716  -0.0284   0.2470   0.2470   0.0008   0.0000   0.0113   0.0504    0.204
    30   0.4000  -0.5806   0.0000   0.2900   0.0286   0.0714   0.0166   0.2462   0.2462   0.0008   0.0000   0.0113   0.0502    0.204
    31   0.4000  -0.6794   0.0000   0.2900   0.0286   0.0711   0.0083   0.2453   0.2453   0.0008   0.0000   0.0113   0.0500    0.204
    32   0.4000  -0.7771   0.0000   0.2900   0.0279   0.0708   0.0703   0.2441   0.2441   0.0009   0.0000   0.0113   0.0498    0.204
    33   0.4000  -0.8711   0.0000   0.2900   0.0265   0.0704  -0.0057   0.2427   0.2427   0.0009   0.0000   0.0112   0.0495    0.204
    34   0.4000  -0.9592   0.0000   0.2900   0.0244   0.0699   0.0044   0.2411   0.2411   0.0009   0.0000   0.0112   0.0491    0.204
    35   0.4000  -1.0392   0.0000   0.2900   0.0218   0.0694   0.0061   0.2394   0.2394   0.0010   0.0000   0.0111   0.0487    0.203
    36   0.4000  -1.1091   0.0000   0.2900   0.0186   0.0689   0.0070   0.2376   0.2376   0.0010   0.0000   0.0111   0.0483    0.203
    37   0.4000  -1.1672   0.0000   0.2900   0.0150   0.0684   0.0076   0.2358   0.2358   0.0010   0.0000   0.0111   0.0479    0.203
    38   0.4000  -1.2120   0.0000   0.2900   0.0110   0.0679   0.0081   0.2343   0.2343   0.0011   0.0000   0.0110   0.0475    0.203
    39   0.4000  -1.2426   0.0000   0.2900   0.0067   0.0676   0.0084   0.2331   0.2331   0.0011   0.0000   0.0110   0.0473    0.203
    40   0.4000  -1.2581   0.0000   0.2900   0.0022   0.0674   0.0085   0.2324   0.2324   0.0012   0.0000   0.0110   0.0471    0.203

  Surface # 3     main_wing_panel_1                       
     # Chordwise = 12   # Spanwise = 20     First strip = 41
     Surface area Ssurf =    0.275268     Ave. chord Cave =    0.226186

 Forces referred to Sref, Cref, Bref about Xref, Yref, Zref
 Standard axis orientation,  X fwd, Z down         
     CLsurf  =   0.04484     Clsurf  =  -0.01584
     CYsurf  =   0.00001     Cmsurf  =   0.00697
     CDsurf  =   0.00019     Cnsurf  =  -0.00004
     CDisurf =   0.00019     CDvsurf =   0.00000

 Forces referred to Ssurf, Cave 
     CLsurf  =   0.20934     CDsurf  =   0.00088

 Strip Forces referred to Strip Area, Chord
    j     Xle      Yle      Zle      Chord    Area     c_cl     ai     cl_norm    cl       cd       cdv    cm_c/4     cm_LE   C.P.x/c
    41   0.4000   1.2617   0.0000   0.2899   0.0020   0.0674   0.0086   0.2324   0.2324   0.0012   0.0000   0.0110  -0.0471    0.203
    42   0.4001   1.2754   0.0000   0.2895   0.0059   0.0672   0.0086   0.2320   0.2320   0.0011   0.0000   0.0110  -0.0470    0.203
    43   0.4003   1.3025   0.0000   0.2887   0.0097   0.0668   0.0086   0.2313   0.2313   0.0011   0.0000   0.0110  -0.0469    0.203
    44   0.4005   1.3423   0.0000   0.2876   0.0132   0.0662   0.0087   0.2301   0.2301   0.0011   0.0000   0.0109  -0.0466    0.202
    45   0.4009   1.3938   0.0000   0.2861   0.0163   0.0653   0.0089   0.2282   0.2282   0.0011   0.0000   0.0109  -0.0462    0.202
    46   0.4013   1.4558   0.0000   0.2842   0.0189   0.0641   0.0091   0.2255   0.2255   0.0011   0.0000   0.0108  -0.0455    0.202
    47   0.4017   1.5267   0.0000   0.2821   0.0211   0.0625   0.0094   0.2215   0.2215   0.0011   0.0000   0.0107  -0.0447    0.202
    48   0.4034   1.6218   0.0000   0.2760   0.0319   0.0601   0.0093   0.2177   0.2177   0.0011   0.0000   0.0107  -0.0437    0.201
    49   0.4064   1.7407   0.0000   0.2654   0.0323   0.0564   0.0087   0.2125   0.2125   0.0009   0.0000   0.0107  -0.0425    0.200
    50   0.4095   1.8476   0.0000   0.2533   0.0232   0.0524   0.0082   0.2070   0.2070   0.0009   0.0000   0.0107  -0.0411    0.198
    51   0.4125   1.9394   0.0000   0.2397   0.0219   0.0484   0.0077   0.2020   0.2020   0.0008   0.0000   0.0107  -0.0398    0.197
    52   0.4161   2.0215   0.0000   0.2255   0.0163   0.0444   0.0075   0.1970   0.1970   0.0008   0.0000   0.0108  -0.0384    0.195
    53   0.4201   2.0922   0.0000   0.2109   0.0145   0.0405   0.0074   0.1918   0.1918   0.0007   0.0000   0.0111  -0.0368    0.192
    54   0.4256   2.1823   0.0000   0.1881   0.0207   0.0355   0.0069   0.1885   0.1885   0.0007   0.0000   0.0115  -0.0356    0.189
    55   0.4331   2.2799   0.0000   0.1570   0.0133   0.0291   0.0062   0.1852   0.1852   0.0006   0.0000   0.0120  -0.0342    0.185
    56   0.4393   2.3401   0.0000   0.1327   0.0049   0.0239   0.0058   0.1803   0.1803   0.0004   0.0000   0.0123  -0.0326    0.182
    57   0.4433   2.3732   0.0000   0.1167   0.0034   0.0198   0.0059   0.1700   0.1700   0.0004   0.0000   0.0120  -0.0303    0.179
    58   0.4499   2.4149   0.0000   0.0897   0.0046   0.0150   0.0051   0.1674   0.1674   0.0003   0.0000   0.0125  -0.0289    0.175
    59   0.4623   2.4550   0.0000   0.0412   0.0012   0.0080  -0.0037   0.1947   0.1947  -0.0009   0.0000   0.0161  -0.0293    0.167
    60   0.4718   2.4745   0.0000   0.0046   0.0000   0.0017  -0.0430   0.3757   0.3756  -0.0109   0.0000   0.0295  -0.0578    0.171

  Surface # 4     main_wing_panel_1 (YDUP)                
     # Chordwise = 12   # Spanwise = 20     First strip = 61
     Surface area Ssurf =    0.275268     Ave. chord Cave =    0.226186

 Forces referred to Sref, Cref, Bref about Xref, Yref, Zref
 Standard axis orientation,  X fwd, Z down         
     CLsurf  =   0.04484     Clsurf  =   0.01584
     CYsurf  =  -0.00001     Cmsurf  =   0.00697
     CDsurf  =   0.00019     Cnsurf  =   0.00004
     CDisurf =   0.00019     CDvsurf =   0.00000

 Forces referred to Ssurf, Cave 
     CLsurf  =   0.20934     CDsurf  =   0.00088

 Strip Forces referred to Strip Area, Chord
    j     Xle      Yle      Zle      Chord    Area     c_cl     ai     cl_norm    cl       cd       cdv    cm_c/4     cm_LE   C.P.x/c
    61   0.4000  -1.2617   0.0000   0.2899   0.0020   0.0674   0.0086   0.2324   0.2324   0.0012   0.0000   0.0110   0.0471    0.203
    62   0.4001  -1.2754   0.0000   0.2895   0.0059   0.0672   0.0086   0.2320   0.2320   0.0011   0.0000   0.0110   0.0470    0.203
    63   0.4003  -1.3025   0.0000   0.2887   0.0097   0.0668   0.0086   0.2313   0.2313   0.0011   0.0000   0.0110   0.0469    0.203
    64   0.4005  -1.3423   0.0000   0.2876   0.0132   0.0662   0.0087   0.2301   0.2301   0.0011   0.0000   0.0109   0.0466    0.202
    65   0.4009  -1.3938   0.0000   0.2861   0.0163   0.0653   0.0089   0.2282   0.2282   0.0011   0.0000   0.0109   0.0462    0.202
    66   0.4013  -1.4558   0.0000   0.2842   0.0189   0.0641   0.0091   0.2255   0.2255   0.0011   0.0000   0.0108   0.0455    0.202
    67   0.4017  -1.5267   0.0000   0.2821   0.0211   0.0625   0.0094   0.2215   0.2215   0.0011   0.0000   0.0107   0.0447    0.202
    68   0.4034  -1.6218   0.0000   0.2760   0.0319   0.0601   0.0093   0.2177   0.2177   0.0011   0.0000   0.0107   0.0437    0.201
    69   0.4064  -1.7407   0.0000   0.2654   0.0323   0.0564   0.0087   0.2125   0.2125   0.0009   0.0000   0.0107   0.0425    0.200
    70   0.4095  -1.8476   0.0000   0.2533   0.0232   0.0524   0.0082   0.2070   0.2070   0.0009   0.0000   0.0107   0.0411    0.198
    71   0.4125  -1.9394   0.0000   0.2397   0.0219   0.0484   0.0077   0.2020   0.2020   0.0008   0.0000   0.0107   0.0398    0.197
    72   0.4161  -2.0215   0.0000   0.2255   0.0163   0.0444   0.0075   0.1970   0.1970   0.0008   0.0000   0.0108   0.0384    0.195
    73   0.4201  -2.0922   0.0000   0.2109   0.0145   0.0405   0.0074   0.1918   0.1918   0.0007   0.0000   0.0111   0.0368    0.192
    74   0.4256  -2.1823   0.0000   0.1881   0.0207   0.0355   0.0069   0.1885   0.1885   0.0007   0.0000   0.0115   0.0356    0.189
    75   0.4331  -2.2799   0.0000   0.1570   0.0133   0.0291   0.0062   0.1852   0.1852   0.0006   0.0000   0.0120   0.0342    0.185
    76   0.4393  -2.3401   0.0000   0.1327   0.0049   0.0239   0.0058   0.1803   0.1803   0.0004   0.0000   0.0123   0.0326    0.182
    77   0.4433  -2.3732   0.0000   0.1167   0.0034   0.0198   0.0059   0.1700   0.1700   0.0004   0.0000   0.0120   0.0303    0.179
    78   0.4499  -2.4149   0.0000   0.0897   0.0046   0.0150   0.0051   0.1674   0.1674   0.0003   0.0000   0.0125   0.0289    0.175
    79   0.4623  -2.4550   0.0000   0.0412   0.0012   0.0080  -0.0037   0.1947   0.1947  -0.0009   0.0000   0.0161   0.0293    0.167
    80   0.4718  -2.4745   0.0000   0.0046   0.0000   0.0017  -0.0430   0.3757   0.3756  -0.0109   0.0000   0.0295   0.0578    0.171

  Surface # 5     hstab_panel_0                           
     # Chordwise = 12   # Spanwise = 20     First strip = 81
     Surface area Ssurf =    0.043750     Ave. chord Cave =    0.125000

 Forces referred to Sref, Cref, Bref about Xref, Yref, Zref
 Standard axis orientation,  X fwd, Z down         
     CLsurf  =   0.00168     Clsurf  =  -0.00022
     CYsurf  =   0.00000     Cmsurf  =  -0.00893
     CDsurf  =   0.00002     Cnsurf  =   0.00000
     CDisurf =   0.00002     CDvsurf =   0.00000

 Forces referred to Ssurf, Cave 
     CLsurf  =   0.04945     CDsurf  =   0.00064

 Strip Forces referred to Strip Area, Chord
    j     Xle      Yle      Zle      Chord    Area     c_cl     ai     cl_norm    cl       cd       cdv    cm_c/4     cm_LE   C.P.x/c
    81   1.8000   0.5005   0.0000   0.1499   0.0003   0.0030  -0.1706   0.0203   0.0203   0.0004   0.0000  -0.0037  -0.0088    0.433
    82   1.8002   0.5048   0.0000   0.1493   0.0010   0.0042  -0.0197   0.0281   0.0281   0.0004   0.0000  -0.0067  -0.0137    0.490
    83   1.8005   0.5133   0.0000   0.1481   0.0016   0.0053   0.0055   0.0360   0.0360   0.0005   0.0000  -0.0096  -0.0186    0.517
    84   1.8009   0.5258   0.0000   0.1463   0.0021   0.0063   0.0161   0.0430   0.0430   0.0006   0.0000  -0.0119  -0.0227    0.527
    85   1.8014   0.5419   0.0000   0.1440   0.0026   0.0070   0.0139   0.0486   0.0486   0.0007   0.0000  -0.0136  -0.0257    0.529
    86   1.8021   0.5613   0.0000   0.1412   0.0029   0.0074   0.0154   0.0526   0.0526   0.0007   0.0000  -0.0146  -0.0278    0.528
    87   1.8029   0.5836   0.0000   0.1381   0.0032   0.0076   0.0153   0.0553   0.0553   0.0007   0.0000  -0.0153  -0.0291    0.527
    88   1.8037   0.6080   0.0000   0.1346   0.0034   0.0077   0.0154   0.0569   0.0569   0.0007   0.0000  -0.0157  -0.0299    0.526
    89   1.8046   0.6341   0.0000   0.1308   0.0035   0.0075   0.0087   0.0576   0.0576   0.0007   0.0000  -0.0160  -0.0303    0.527
    90   1.8055   0.6613   0.0000   0.1270   0.0035   0.0073   0.0132   0.0575   0.0575   0.0007   0.0000  -0.0161  -0.0304    0.530
    91   1.8065   0.6887   0.0000   0.1230   0.0034   0.0070   0.0136   0.0567   0.0567   0.0007   0.0000  -0.0161  -0.0303    0.535
    92   1.8074   0.7159   0.0000   0.1192   0.0032   0.0066   0.0151   0.0552   0.0552   0.0007   0.0000  -0.0161  -0.0299    0.541
    93   1.8083   0.7420   0.0000   0.1154   0.0029   0.0061   0.0113   0.0530   0.0530   0.0006   0.0000  -0.0159  -0.0292    0.551
    94   1.8091   0.7664   0.0000   0.1119   0.0026   0.0056   0.0132   0.0500   0.0500   0.0006   0.0000  -0.0156  -0.0281    0.563
    95   1.8099   0.7887   0.0000   0.1088   0.0023   0.0050   0.0145   0.0462   0.0462   0.0006   0.0000  -0.0151  -0.0267    0.578
    96   1.8106   0.8081   0.0000   0.1060   0.0019   0.0044   0.0169   0.0414   0.0414   0.0005   0.0000  -0.0143  -0.0246    0.595
    97   1.8111   0.8242   0.0000   0.1037   0.0015   0.0036   0.0851   0.0352   0.0352   0.0005   0.0000  -0.0128  -0.0216    0.614
    98   1.8115   0.8367   0.0000   0.1019   0.0011   0.0028   0.0163   0.0273   0.0273   0.0004   0.0000  -0.0104  -0.0172    0.631
    99   1.8118   0.8452   0.0000   0.1007   0.0006   0.0018   0.0196   0.0175   0.0175   0.0003   0.0000  -0.0069  -0.0113    0.644
   100   1.8120   0.8495   0.0000   0.1001   0.0002   0.0006   0.0214   0.0061   0.0061   0.0001   0.0000  -0.0024  -0.0039    0.650

  Surface # 6     hstab_panel_0 (YDUP)                    
     # Chordwise = 12   # Spanwise = 20     First strip =101
     Surface area Ssurf =    0.043750     Ave. chord Cave =    0.125000

 Forces referred to Sref, Cref, Bref about Xref, Yref, Zref
 Standard axis orientation,  X fwd, Z down         
     CLsurf  =   0.00162     Clsurf  =   0.00022
     CYsurf  =  -0.00000     Cmsurf  =  -0.00857
     CDsurf  =   0.00002     Cnsurf  =  -0.00000
     CDisurf =   0.00002     CDvsurf =   0.00000

 Forces referred to Ssurf, Cave 
     CLsurf  =   0.04744     CDsurf  =   0.00062

 Strip Forces referred to Strip Area, Chord
    j     Xle      Yle      Zle      Chord    Area     c_cl     ai     cl_norm    cl       cd       cdv    cm_c/4     cm_LE   C.P.x/c
   101   1.8000  -0.5005   0.0000   0.1499   0.0003   0.0009  -0.1162   0.0057   0.0057   0.0001   0.0000  -0.0018   0.0032    0.564
   102   1.8002  -0.5048   0.0000   0.1493   0.0010   0.0025  -0.0136   0.0168   0.0168   0.0003   0.0000  -0.0053   0.0095    0.563
   103   1.8005  -0.5133   0.0000   0.1481   0.0016   0.0040   0.0058   0.0273   0.0273   0.0004   0.0000  -0.0085   0.0153    0.561
   104   1.8009  -0.5258   0.0000   0.1463   0.0021   0.0053   0.0156   0.0365   0.0365   0.0006   0.0000  -0.0111   0.0202    0.554
   105   1.8014  -0.5419   0.0000   0.1440   0.0026   0.0063   0.0137   0.0439   0.0439   0.0006   0.0000  -0.0130   0.0240    0.547
   106   1.8021  -0.5613   0.0000   0.1412   0.0029   0.0070   0.0154   0.0494   0.0494   0.0007   0.0000  -0.0143   0.0266    0.539
   107   1.8029  -0.5836   0.0000   0.1381   0.0032   0.0073   0.0154   0.0530   0.0530   0.0007   0.0000  -0.0151   0.0283    0.534
   108   1.8037  -0.6080   0.0000   0.1346   0.0034   0.0074   0.0155   0.0553   0.0553   0.0007   0.0000  -0.0156   0.0294    0.531
   109   1.8046  -0.6341   0.0000   0.1308   0.0035   0.0074   0.0088   0.0565   0.0565   0.0007   0.0000  -0.0159   0.0300    0.531
   110   1.8055  -0.6613   0.0000   0.1270   0.0035   0.0072   0.0132   0.0568   0.0568   0.0007   0.0000  -0.0160   0.0302    0.532
   111   1.8065  -0.6887   0.0000   0.1230   0.0034   0.0069   0.0136   0.0561   0.0561   0.0007   0.0000  -0.0161   0.0301    0.537
   112   1.8074  -0.7159   0.0000   0.1192   0.0032   0.0065   0.0152   0.0548   0.0548   0.0007   0.0000  -0.0161   0.0297    0.543
   113   1.8083  -0.7420   0.0000   0.1154   0.0029   0.0061   0.0113   0.0527   0.0527   0.0006   0.0000  -0.0159   0.0291    0.552
   114   1.8091  -0.7664   0.0000   0.1119   0.0026   0.0056   0.0132   0.0498   0.0498   0.0006   0.0000  -0.0156   0.0281    0.564
   115   1.8099  -0.7887   0.0000   0.1088   0.0023   0.0050   0.0145   0.0460   0.0460   0.0006   0.0000  -0.0151   0.0266    0.579
   116   1.8106  -0.8081   0.0000   0.1060   0.0019   0.0044   0.0169   0.0412   0.0412   0.0005   0.0000  -0.0143   0.0246    0.596
   117   1.8111  -0.8242   0.0000   0.1037   0.0015   0.0036   0.0851   0.0351   0.0351   0.0005   0.0000  -0.0128   0.0216    0.615
   118   1.8115  -0.8367   0.0000   0.1019   0.0011   0.0028   0.0163   0.0273   0.0273   0.0004   0.0000  -0.0104   0.0172    0.632
   119   1.8118  -0.8452   0.0000   0.1007   0.0006   0.0018   0.0196   0.0175   0.0175   0.0003   0.0000  -0.0069   0.0113    0.645
   120   1.8120  -0.8495   0.0000   0.1001   0.0002   0.0006   0.0214   0.0061   0.0061   0.0001   0.0000  -0.0024   0.0039    0.651

  Surface # 7     fin_panel_0                             
     # Chordwise = 12   # Spanwise = 20     First strip =121
     Surface area Ssurf =    0.050000     Ave. chord Cave =    0.125000

 Forces referred to Sref, Cref, Bref about Xref, Yref, Zref
 Standard axis orientation,  X fwd, Z down         
     CLsurf  =   0.00000     Clsurf  =  -0.00001
     CYsurf  =  -0.00010     Cmsurf  =  -0.00000
     CDsurf  =  -0.00000     Cnsurf  =   0.00003
     CDisurf =  -0.00000     CDvsurf =   0.00000

 Forces referred to Ssurf, Cave 
     CLsurf  =  -0.00248     CDsurf  =  -0.00000

 Strip Forces referred to Strip Area, Chord
    j     Xle      Yle      Zle      Chord    Area     c_cl     ai     cl_norm    cl       cd       cdv    cm_c/4     cm_LE   C.P.x/c
   121   1.8000   0.5000   0.3994   0.1499   0.0004  -0.0001  -0.0003  -0.0004  -0.0004  -0.0000   0.0000   0.0003   0.0004    1.118
   122   1.8002   0.5000   0.3945   0.1493   0.0011  -0.0002  -0.0002  -0.0012  -0.0012  -0.0000   0.0000   0.0010   0.0013    1.104
   123   1.8005   0.5000   0.3848   0.1481   0.0018  -0.0003  -0.0000  -0.0018  -0.0018  -0.0000   0.0000   0.0015   0.0020    1.079
   124   1.8009   0.5000   0.3705   0.1463   0.0024  -0.0004   0.0002  -0.0024  -0.0024  -0.0000   0.0000   0.0019   0.0025    1.041
   125   1.8014   0.5000   0.3521   0.1440   0.0029  -0.0004   0.0003  -0.0029  -0.0029  -0.0000   0.0000   0.0021   0.0029    0.989
   126   1.8021   0.5000   0.3299   0.1412   0.0034  -0.0005   0.0004  -0.0033  -0.0033  -0.0000   0.0000   0.0023   0.0031    0.927
   127   1.8029   0.5000   0.3045   0.1381   0.0037  -0.0005   0.0004  -0.0038  -0.0038  -0.0000   0.0000   0.0023   0.0033    0.863
   128   1.8037   0.5000   0.2765   0.1346   0.0039  -0.0006   0.0003  -0.0043  -0.0043  -0.0000   0.0000   0.0024   0.0034    0.801
   129   1.8046   0.5000   0.2467   0.1308   0.0040  -0.0006   0.0001  -0.0048  -0.0048  -0.0000   0.0000   0.0024   0.0036    0.748
   130   1.8055   0.5000   0.2157   0.1270   0.0040  -0.0007  -0.0001  -0.0052  -0.0052  -0.0000   0.0000   0.0024   0.0036    0.705
   131   1.8065   0.5000   0.1843   0.1230   0.0038  -0.0007  -0.0003  -0.0055  -0.0055  -0.0000   0.0000   0.0023   0.0037    0.675
   132   1.8074   0.5000   0.1533   0.1192   0.0036  -0.0007  -0.0006  -0.0055  -0.0055   0.0000   0.0000   0.0023   0.0036    0.660
   133   1.8083   0.5000   0.1235   0.1154   0.0033  -0.0006  -0.0010  -0.0051  -0.0051   0.0000   0.0000   0.0021   0.0034    0.666
   134   1.8091   0.5000   0.0955   0.1119   0.0030  -0.0005  -0.0013  -0.0040  -0.0040   0.0000   0.0000   0.0019   0.0029    0.719
   135   1.8099   0.5000   0.0701   0.1088   0.0026  -0.0002  -0.0015  -0.0020  -0.0020   0.0000   0.0000   0.0015   0.0020    1.011
   136   1.8106   0.5000   0.0479   0.1060   0.0022   0.0002  -0.0011   0.0016   0.0016   0.0000   0.0000   0.0008   0.0004   -0.244
   137   1.8111   0.5000   0.0295   0.1037   0.0017   0.0007   0.0009   0.0068   0.0068  -0.0000   0.0000  -0.0004  -0.0021    0.308
   138   1.8115   0.5000   0.0152   0.1019   0.0012   0.0014   0.0063   0.0133   0.0133  -0.0000   0.0000  -0.0020  -0.0054    0.403
   139   1.8118   0.5000   0.0055   0.1007   0.0007   0.0020   0.0187   0.0196   0.0196  -0.0001   0.0000  -0.0038  -0.0087    0.442
   140   1.8120   0.5000   0.0006   0.1001   0.0002   0.0024   0.0650   0.0241   0.0241  -0.0003   0.0000  -0.0049  -0.0109    0.453

  Surface # 8     hstab_panel_0                           
     # Chordwise = 12   # Spanwise = 20     First strip =141
     Surface area Ssurf =    0.043750     Ave. chord Cave =    0.125000

 Forces referred to Sref, Cref, Bref about Xref, Yref, Zref
 Standard axis orientation,  X fwd, Z down         
     CLsurf  =   0.00177     Clsurf  =   0.00012
     CYsurf  =   0.00000     Cmsurf  =  -0.00939
     CDsurf  =   0.00002     Cnsurf  =  -0.00000
     CDisurf =   0.00002     CDvsurf =   0.00000

 Forces referred to Ssurf, Cave 
     CLsurf  =   0.05204     CDsurf  =   0.00065

 Strip Forces referred to Strip Area, Chord
    j     Xle      Yle      Zle      Chord    Area     c_cl     ai     cl_norm    cl       cd       cdv    cm_c/4     cm_LE   C.P.x/c
   141   1.8000  -0.4995   0.0000   0.1499   0.0003   0.0034  -0.1659   0.0225   0.0225   0.0004   0.0000  -0.0038  -0.0095    0.421
   142   1.8002  -0.4952   0.0000   0.1493   0.0010   0.0045  -0.0188   0.0302   0.0302   0.0004   0.0000  -0.0069  -0.0144    0.478
   143   1.8005  -0.4867   0.0000   0.1481   0.0016   0.0056   0.0051   0.0381   0.0381   0.0005   0.0000  -0.0097  -0.0193    0.506
   144   1.8009  -0.4742   0.0000   0.1463   0.0021   0.0066   0.0129   0.0452   0.0452   0.0006   0.0000  -0.0121  -0.0234    0.517
   145   1.8014  -0.4581   0.0000   0.1440   0.0026   0.0073   0.0148   0.0507   0.0507   0.0007   0.0000  -0.0137  -0.0264    0.520
   146   1.8021  -0.4387   0.0000   0.1412   0.0029   0.0077   0.0114   0.0548   0.0548   0.0007   0.0000  -0.0148  -0.0285    0.520
   147   1.8029  -0.4164   0.0000   0.1381   0.0032   0.0079   0.0154   0.0575   0.0575   0.0007   0.0000  -0.0154  -0.0298    0.518
   148   1.8037  -0.3920   0.0000   0.1346   0.0034   0.0080   0.0142   0.0593   0.0593   0.0007   0.0000  -0.0158  -0.0306    0.517
   149   1.8046  -0.3659   0.0000   0.1308   0.0035   0.0079   0.0131   0.0601   0.0601   0.0007   0.0000  -0.0161  -0.0311    0.517
   150   1.8055  -0.3387   0.0000   0.1270   0.0035   0.0076   0.0147   0.0602   0.0602   0.0007   0.0000  -0.0162  -0.0312    0.519
   151   1.8065  -0.3113   0.0000   0.1230   0.0034   0.0073   0.0127   0.0596   0.0596   0.0007   0.0000  -0.0162  -0.0311    0.522
   152   1.8074  -0.2841   0.0000   0.1192   0.0032   0.0069   0.0122   0.0582   0.0582   0.0007   0.0000  -0.0162  -0.0307    0.528
   153   1.8083  -0.2580   0.0000   0.1154   0.0029   0.0065   0.0161   0.0561   0.0561   0.0006   0.0000  -0.0160  -0.0300    0.535
   154   1.8091  -0.2336   0.0000   0.1119   0.0026   0.0060   0.0128   0.0532   0.0532   0.0006   0.0000  -0.0157  -0.0290    0.545
   155   1.8099  -0.2113   0.0000   0.1088   0.0023   0.0054   0.0132   0.0494   0.0494   0.0006   0.0000  -0.0152  -0.0275    0.557
   156   1.8106  -0.1919   0.0000   0.1060   0.0019   0.0047   0.0138   0.0443   0.0443   0.0005   0.0000  -0.0143  -0.0253    0.572
   157   1.8111  -0.1758   0.0000   0.1037   0.0015   0.0039   0.0163   0.0377   0.0377   0.0005   0.0000  -0.0128  -0.0222    0.589
   158   1.8115  -0.1633   0.0000   0.1019   0.0011   0.0030   0.0181   0.0293   0.0293   0.0004   0.0000  -0.0104  -0.0177    0.604
   159   1.8118  -0.1548   0.0000   0.1007   0.0006   0.0019   0.0201   0.0188   0.0188   0.0003   0.0000  -0.0069  -0.0116    0.615
   160   1.8120  -0.1505   0.0000   0.1001   0.0002   0.0007   0.0216   0.0065   0.0065   0.0001   0.0000  -0.0024  -0.0040    0.620

  Surface # 9     hstab_panel_0 (YDUP)                    
     # Chordwise = 12   # Spanwise = 20     First strip =161
     Surface area Ssurf =    0.043750     Ave. chord Cave =    0.125000

 Forces referred to Sref, Cref, Bref about Xref, Yref, Zref
 Standard axis orientation,  X fwd, Z down         
     CLsurf  =   0.00169     Clsurf  =  -0.00011
     CYsurf  =  -0.00000     Cmsurf  =  -0.00896
     CDsurf  =   0.00002     Cnsurf  =   0.00000
     CDisurf =   0.00002     CDvsurf =   0.00000

 Forces referred to Ssurf, Cave 
     CLsurf  =   0.04961     CDsurf  =   0.00063

 Strip Forces referred to Strip Area, Chord
    j     Xle      Yle      Zle      Chord    Area     c_cl     ai     cl_norm    cl       cd       cdv    cm_c/4     cm_LE   C.P.x/c
   161   1.8000   0.4995   0.0000   0.1499   0.0003   0.0009  -0.1167   0.0058   0.0058   0.0001   0.0000  -0.0018   0.0032    0.559
   162   1.8002   0.4952   0.0000   0.1493   0.0010   0.0026  -0.0142   0.0172   0.0172   0.0003   0.0000  -0.0053   0.0096    0.557
   163   1.8005   0.4867   0.0000   0.1481   0.0016   0.0041   0.0049   0.0280   0.0280   0.0004   0.0000  -0.0085   0.0155    0.554
   164   1.8009   0.4742   0.0000   0.1463   0.0021   0.0055   0.0124   0.0375   0.0375   0.0006   0.0000  -0.0112   0.0206    0.548
   165   1.8014   0.4581   0.0000   0.1440   0.0026   0.0065   0.0147   0.0452   0.0452   0.0007   0.0000  -0.0131   0.0244    0.540
   166   1.8021   0.4387   0.0000   0.1412   0.0029   0.0072   0.0116   0.0509   0.0509   0.0007   0.0000  -0.0144   0.0271    0.532
   167   1.8029   0.4164   0.0000   0.1381   0.0032   0.0076   0.0155   0.0548   0.0548   0.0007   0.0000  -0.0152   0.0289    0.527
   168   1.8037   0.3920   0.0000   0.1346   0.0034   0.0077   0.0143   0.0573   0.0573   0.0007   0.0000  -0.0157   0.0300    0.523
   169   1.8046   0.3659   0.0000   0.1308   0.0035   0.0077   0.0133   0.0587   0.0587   0.0007   0.0000  -0.0160   0.0306    0.522
   170   1.8055   0.3387   0.0000   0.1270   0.0035   0.0075   0.0148   0.0592   0.0592   0.0007   0.0000  -0.0161   0.0309    0.522
   171   1.8065   0.3113   0.0000   0.1230   0.0034   0.0072   0.0128   0.0588   0.0588   0.0007   0.0000  -0.0162   0.0309    0.525
   172   1.8074   0.2841   0.0000   0.1192   0.0032   0.0069   0.0123   0.0577   0.0577   0.0007   0.0000  -0.0161   0.0305    0.530
   173   1.8083   0.2580   0.0000   0.1154   0.0029   0.0064   0.0162   0.0557   0.0557   0.0006   0.0000  -0.0160   0.0299    0.537
   174   1.8091   0.2336   0.0000   0.1119   0.0026   0.0059   0.0128   0.0529   0.0529   0.0006   0.0000  -0.0157   0.0289    0.546
   175   1.8099   0.2113   0.0000   0.1088   0.0023   0.0053   0.0132   0.0491   0.0491   0.0006   0.0000  -0.0152   0.0274    0.559
   176   1.8106   0.1919   0.0000   0.1060   0.0019   0.0047   0.0138   0.0441   0.0441   0.0005   0.0000  -0.0143   0.0253    0.573
   177   1.8111   0.1758   0.0000   0.1037   0.0015   0.0039   0.0163   0.0376   0.0376   0.0005   0.0000  -0.0128   0.0222    0.590
   178   1.8115   0.1633   0.0000   0.1019   0.0011   0.0030   0.0181   0.0292   0.0292   0.0004   0.0000  -0.0104   0.0177    0.605
   179   1.8118   0.1548   0.0000   0.1007   0.0006   0.0019   0.0201   0.0187   0.0187   0.0003   0.0000  -0.0069   0.0115    0.616
   180   1.8120   0.1505   0.0000   0.1001   0.0002   0.0006   0.0216   0.0065   0.0065   0.0001   0.0000  -0.0024   0.0040    0.621

  Surface #10     fin_panel_0                             
     # Chordwise = 12   # Spanwise = 20     First strip =181
     Surface area Ssurf =    0.050000     Ave. chord Cave =    0.125000

 Forces referred to Sref, Cref, Bref about Xref, Yref, Zref
 Standard axis orientation,  X fwd, Z down         
     CLsurf  =  -0.00000     Clsurf  =   0.00000
     CYsurf  =   0.00011     Cmsurf  =  -0.00000
     CDsurf  =  -0.00000     Cnsurf  =  -0.00003
     CDisurf =  -0.00000     CDvsurf =   0.00000

 Forces referred to Ssurf, Cave 
     CLsurf  =   0.00283     CDsurf  =  -0.00001

 Strip Forces referred to Strip Area, Chord
    j     Xle      Yle      Zle      Chord    Area     c_cl     ai     cl_norm    cl       cd       cdv    cm_c/4     cm_LE   C.P.x/c
   181   1.8000  -0.5000   0.3994   0.1499   0.0004   0.0000  -0.0009   0.0002   0.0002   0.0000   0.0000   0.0004   0.0003  999.000
   182   1.8002  -0.5000   0.3945   0.1493   0.0011   0.0001  -0.0008   0.0006   0.0006   0.0000   0.0000   0.0011   0.0009  999.000
   183   1.8005  -0.5000   0.3848   0.1481   0.0018   0.0001  -0.0007   0.0010   0.0010  -0.0000   0.0000   0.0016   0.0014  999.000
   184   1.8009  -0.5000   0.3705   0.1463   0.0024   0.0002  -0.0006   0.0014   0.0014  -0.0000   0.0000   0.0020   0.0017  999.000
   185   1.8014  -0.5000   0.3521   0.1440   0.0029   0.0002  -0.0005   0.0017   0.0017  -0.0000   0.0000   0.0022   0.0018  999.000
   186   1.8021  -0.5000   0.3299   0.1412   0.0034   0.0003  -0.0005   0.0019   0.0019  -0.0000   0.0000   0.0023   0.0018   -0.927
   187   1.8029  -0.5000   0.3045   0.1381   0.0037   0.0003  -0.0006   0.0020   0.0020  -0.0000   0.0000   0.0023   0.0018   -0.905
   188   1.8037  -0.5000   0.2765   0.1346   0.0039   0.0003  -0.0007   0.0019   0.0019  -0.0000   0.0000   0.0023   0.0018   -0.973
   189   1.8046  -0.5000   0.2467   0.1308   0.0040   0.0002  -0.0010   0.0016   0.0016  -0.0000   0.0000   0.0023   0.0019  999.000
   190   1.8055  -0.5000   0.2157   0.1270   0.0040   0.0002  -0.0012   0.0013   0.0013  -0.0000   0.0000   0.0022   0.0019  999.000
   191   1.8065  -0.5000   0.1843   0.1230   0.0038   0.0001  -0.0015   0.0009   0.0009  -0.0000   0.0000   0.0022   0.0019  999.000
   192   1.8074  -0.5000   0.1533   0.1192   0.0036   0.0001  -0.0018   0.0007   0.0007   0.0000   0.0000   0.0021   0.0019  999.000
   193   1.8083  -0.5000   0.1235   0.1154   0.0033   0.0001  -0.0022   0.0008   0.0008   0.0000   0.0000   0.0019   0.0017  999.000
   194   1.8091  -0.5000   0.0955   0.1119   0.0030   0.0002  -0.0025   0.0015   0.0015   0.0000   0.0000   0.0017   0.0013   -0.884
   195   1.8099  -0.5000   0.0701   0.1088   0.0026   0.0003  -0.0028   0.0032   0.0032  -0.0000   0.0000   0.0013   0.0005   -0.158
   196   1.8106  -0.5000   0.0479   0.1060   0.0022   0.0007  -0.0025   0.0062   0.0062  -0.0000   0.0000   0.0006  -0.0010    0.160
   197   1.8111  -0.5000   0.0295   0.1037   0.0017   0.0011  -0.0007   0.0109   0.0109  -0.0000   0.0000  -0.0006  -0.0034    0.308
   198   1.8115  -0.5000   0.0152   0.1019   0.0012   0.0017   0.0046   0.0170   0.0170  -0.0000   0.0000  -0.0023  -0.0065    0.385
   199   1.8118  -0.5000   0.0055   0.1007   0.0007   0.0023   0.0167   0.0231   0.0231  -0.0001   0.0000  -0.0040  -0.0098    0.425
   200   1.8120  -0.5000   0.0006   0.1001   0.0002   0.0027   0.0606   0.0274   0.0274  -0.0004   0.0000  -0.0052  -0.0120    0.439
 ---------------------------------------------------------------
