 ---------------------------------------------------------------
 Surface and Strip Forces by surface

  Sref =  1.2850       Cref = 0.25900       Bref =  4.9540    
  Xref = 0.50000       Yref =  0.0000       Zref =  0.0000    

  Surface # 1     mace0_panel_0                           
     # Chordwise = 12   # Spanwise = 20     First strip =  1
     Surface area Ssurf =    0.365400     Ave. chord Cave =    0.290000

 Forces referred to Sref, Cref, Bref about Xref, Yref, Zref
 Standard axis orientation,  X fwd, Z down         
     CLsurf  =   0.19927     Clsurf  =  -0.02507
     CYsurf  =  -0.00000     Cmsurf  =   0.03168
     CDsurf  =   0.00189     Cnsurf  =  -0.00166
     CDisurf =   0.00189     CDvsurf =   0.00000

 Forces referred to Ssurf, Cave 
     CLsurf  =   0.70078     CDsurf  =   0.00666

 Strip Forces referred to Strip Area, Chord
    j     Xle      Yle      Zle      Chord    Area     c_cl     ai     cl_norm    cl       cd       cdv    cm_c/4     cm_LE   C.P.x/c
     1   0.4000   0.0019   0.0000   0.2900   0.0022   0.2060   0.0022   0.7118   0.7118   0.0060   0.0000   0.0335  -0.1440    0.203
     2   0.4000   0.0174   0.0000   0.2900   0.0067   0.2060   0.0020   0.7118   0.7118   0.0060   0.0000   0.0335  -0.1440    0.203
     3   0.4000   0.0480   0.0000   0.2900   0.0110   0.2060   0.0006   0.7118   0.7118   0.0060   0.0000   0.0335  -0.1440    0.203
     4   0.4000   0.0928   0.0000   0.2900   0.0150   0.2059  -0.0060   0.7117   0.7117   0.0060   0.0000   0.0335  -0.1440    0.203
     5   0.4000   0.1509   0.0000   0.2900   0.0186   0.2059  -0.1285   0.7115   0.7115   0.0060   0.0000   0.0335  -0.1440    0.203
     6   0.4000   0.2208   0.0000   0.2900   0.0218   0.2057  -0.0779   0.7110   0.7110   0.0060   0.0000   0.0335  -0.1439    0.203
     7   0.4000   0.3008   0.0000   0.2900   0.0244   0.2055   0.0592   0.7103   0.7103   0.0061   0.0000   0.0335  -0.1437    0.203
     8   0.4000   0.3889   0.0000   0.2900   0.0265   0.2052   0.0391   0.7093   0.7093   0.0061   0.0000   0.0334  -0.1435    0.203
     9   0.4000   0.4829   0.0000   0.2900   0.0279   0.2048  -0.1337   0.7078   0.7078   0.0062   0.0000   0.0334  -0.1432    0.203
    10   0.4000   0.5806   0.0000   0.2900   0.0286   0.2043   0.0446   0.7059   0.7059   0.0064   0.0000   0.0333  -0.1427    0.203
    11   0.4000   0.6794   0.0000   0.2900   0.0286   0.2035   0.0267   0.7034   0.7034   0.0065   0.0000   0.0333  -0.1422    0.203
    12   0.4000   0.7771   0.0000   0.2900   0.0279   0.2027   0.2353   0.7005   0.7005   0.0067   0.0000   0.0332  -0.1415    0.203
    13   0.4000   0.8711   0.0000   0.2900   0.0265   0.2017  -0.0200   0.6970   0.6970   0.0069   0.0000   0.0331  -0.1408    0.203
    14   0.4000   0.9592   0.0000   0.2900   0.0244   0.2006   0.0106   0.6930   0.6930   0.0071   0.0000   0.0330  -0.1399    0.202
    15   0.4000   1.0392   0.0000   0.2900   0.0218   0.1993   0.0159   0.6888   0.6888   0.0074   0.0000   0.0329  -0.1390    0.202
    16   0.4000   1.1091   0.0000   0.2900   0.0186   0.1981   0.0185   0.6844   0.6844   0.0076   0.0000   0.0328  -0.1380    0.202
    17   0.4000   1.1672   0.0000   0.2900   0.0150   0.1969   0.0201   0.6802   0.6802   0.0079   0.0000   0.0327  -0.1371    0.202
    18   0.4000   1.2120   0.0000   0.2900   0.0110   0.1958   0.0213   0.6765   0.6765   0.0081   0.0000   0.0326  -0.1362    0.202
    19   0.4000   1.2426   0.0000   0.2900   0.0067   0.1950   0.0221   0.6737   0.6737   0.0084   0.0000   0.0325  -0.1356    0.202
    20   0.4000   1.2581   0.0000   0.2900   0.0022   0.1946   0.0226   0.6722   0.6722   0.0090   0.0000   0.0324  -0.1353    0.202

  Surface # 2     mace0_panel_0 (YDUP)                    
     # Chordwise = 12   # Spanwise = 20     First strip = 21
     Surface area Ssurf =    0.365400     Ave. chord Cave =    0.290000

 Forces referred to Sref, Cref, Bref about Xref, Yref, Zref
 Standard axis orientation,  X fwd, Z down         
     CLsurf  =   0.19927     Clsurf  =   0.02507
     CYsurf  =   0.00000     Cmsurf  =   0.03168
     CDsurf  =   0.00189     Cnsurf  =   0.00166
     CDisurf =   0.00189     CDvsurf =   0.00000

 Forces referred to Ssurf, Cave 
     CLsurf  =   0.70078     CDsurf  =   0.00666

 Strip Forces referred to Strip Area, Chord
    j     Xle      Yle      Zle      Chord    Area     c_cl     ai     cl_norm    cl       cd       cdv    cm_c/4     cm_LE   C.P.x/c
    21   0.4000  -0.0019   0.0000   0.2900   0.0022   0.2060   0.0022   0.7118   0.7118   0.0060   0.0000   0.0335   0.1440    0.203
    22   0.4000  -0.0174   0.0000   0.2900   0.0067   0.2060   0.0020   0.7118   0.7118   0.0060   0.0000   0.0335   0.1440    0.203
    23   0.4000  -0.0480   0.0000   0.2900   0.0110   0.2060   0.0005   0.7118   0.7118   0.0060   0.0000   0.0335   0.1440    0.203
    24   0.4000  -0.0928   0.0000   0.2900   0.0150   0.2059  -0.0062   0.7117   0.7117   0.0060   0.0000   0.0335   0.1440    0.203
    25   0.4000  -0.1509   0.0000   0.2900   0.0186   0.2059  -0.1295   0.7115   0.7115   0.0060   0.0000   0.0335   0.1440    0.203
    26   0.4000  -0.2208   0.0000   0.2900   0.0218   0.2057  -0.0813   0.7110   0.7110   0.0060   0.0000   0.0335   0.1439    0.203
    27   0.4000  -0.3008   0.0000   0.2900   0.0244   0.2055   0.0624   0.7103   0.7103   0.0061   0.0000   0.0335   0.1437    0.203
    28   0.4000  -0.3889   0.0000   0.2900   0.0265   0.2052   0.0400   0.7093   0.7093   0.0061   0.0000   0.0334   0.1435    0.203
    29   0.4000  -0.4829   0.0000   0.2900   0.0279   0.2048  -0.0640   0.7078   0.7078   0.0062   0.0000   0.0334   0.1432    0.203
    30   0.4000  -0.5806   0.0000   0.2900   0.0286   0.2043   0.0493   0.7059   0.7059   0.0064   0.0000   0.0333   0.1427    0.203
    31   0.4000  -0.6794   0.0000   0.2900   0.0286   0.2035   0.0306   0.7034   0.7034   0.0065   0.0000   0.0333   0.1422    0.203
    32   0.4000  -0.7771   0.0000   0.2900   0.0279   0.2027   0.2309   0.7005   0.7005   0.0067   0.0000   0.0332   0.1415    0.203
    33   0.4000  -0.8711   0.0000   0.2900   0.0265   0.2017  -0.0198   0.6970   0.6970   0.0069   0.0000   0.0331   0.1408    0.203
    34   0.4000  -0.9592   0.0000   0.2900   0.0244   0.2006   0.0106   0.6930   0.6930   0.0071   0.0000   0.0330   0.1399    0.202
    35   0.4000  -1.0392   0.0000   0.2900   0.0218   0.1993   0.0158   0.6888   0.6888   0.0074   0.0000   0.0329   0.1390    0.202
    36   0.4000  -1.1091   0.0000   0.2900   0.0186   0.1981   0.0184   0.6844   0.6844   0.0076   0.0000   0.0328   0.1380    0.202
    37   0.4000  -1.1672   0.0000   0.2900   0.0150   0.1969   0.0201   0.6802   0.6802   0.0079   0.0000   0.0327   0.1371    0.202
    38   0.4000  -1.2120   0.0000   0.2900   0.0110   0.1958   0.0213   0.6765   0.6765   0.0081   0.0000   0.0326   0.1362    0.202
    39   0.4000  -1.2426   0.0000   0.2900   0.0067   0.1950   0.0221   0.6737   0.6737   0.0084   0.0000   0.0325   0.1356    0.202
    40   0.4000  -1.2581   0.0000   0.2900   0.0022   0.1946   0.0226   0.6722   0.6722   0.0090   0.0000   0.0324   0.1353    0.202

  Surface # 3     mace0_panel_1                           
     # Chordwise = 12   # Spanwise = 20     First strip = 41
     Surface area Ssurf =    0.275268     Ave. chord Cave =    0.226186

 Forces referred to Sref, Cref, Bref about Xref, Yref, Zref
 Standard axis orientation,  X fwd, Z down         
     CLsurf  =   0.13658     Clsurf  =  -0.04853
     CYsurf  =  -0.00073     Cmsurf  =   0.02136
     CDsurf  =   0.00184     Cnsurf  =  -0.00302
     CDisurf =   0.00184     CDvsurf =   0.00000

 Forces referred to Ssurf, Cave 
     CLsurf  =   0.63756     CDsurf  =   0.00859

 Strip Forces referred to Strip Area, Chord
    j     Xle      Yle      Zle      Chord    Area     c_cl     ai     cl_norm    cl       cd       cdv    cm_c/4     cm_LE   C.P.x/c
    41   0.4000   1.2617   0.0000   0.2899   0.0020   0.1945   0.0227   0.6720   0.6720   0.0091   0.0000   0.0324  -0.1353    0.202
    42   0.4001   1.2754   0.0000   0.2895   0.0059   0.1941   0.0228   0.6716   0.6716   0.0085   0.0000   0.0325  -0.1351    0.202
    43   0.4003   1.3025   0.0000   0.2887   0.0097   0.1932   0.0230   0.6704   0.6703   0.0084   0.0000   0.0325  -0.1348    0.202
    44   0.4005   1.3423   0.0000   0.2876   0.0132   0.1918   0.0235   0.6682   0.6682   0.0084   0.0000   0.0325  -0.1342    0.201
    45   0.4009   1.3938   0.0000   0.2861   0.0163   0.1898   0.0241   0.6647   0.6647   0.0085   0.0000   0.0325  -0.1333    0.201
    46   0.4013   1.4558   0.0000   0.2842   0.0189   0.1871   0.0250   0.6594   0.6594   0.0087   0.0000   0.0325  -0.1321    0.201
    47   0.4017   1.5267   0.0000   0.2821   0.0211   0.1835   0.0262   0.6515   0.6515   0.0091   0.0000   0.0323  -0.1302    0.200
    48   0.4034   1.6218   0.0000   0.2760   0.0319   0.1780   0.0268   0.6464   0.6463   0.0091   0.0000   0.0326  -0.1287    0.200
    49   0.4064   1.7407   0.0000   0.2654   0.0323   0.1698   0.0272   0.6408   0.6408   0.0088   0.0000   0.0331  -0.1267    0.198
    50   0.4095   1.8476   0.0000   0.2533   0.0232   0.1604   0.0276   0.6343   0.6343   0.0088   0.0000   0.0338  -0.1244    0.197
    51   0.4125   1.9394   0.0000   0.2397   0.0219   0.1505   0.0279   0.6288   0.6288   0.0091   0.0000   0.0346  -0.1223    0.195
    52   0.4161   2.0215   0.0000   0.2255   0.0163   0.1400   0.0284   0.6220   0.6220   0.0091   0.0000   0.0356  -0.1195    0.193
    53   0.4201   2.0922   0.0000   0.2109   0.0145   0.1291   0.0289   0.6130   0.6130   0.0088   0.0000   0.0367  -0.1161    0.190
    54   0.4256   2.1823   0.0000   0.1881   0.0207   0.1148   0.0284   0.6115   0.6115   0.0087   0.0000   0.0385  -0.1139    0.187
    55   0.4331   2.2799   0.0000   0.1570   0.0133   0.0955   0.0273   0.6097   0.6097   0.0082   0.0000   0.0403  -0.1114    0.184
    56   0.4393   2.3401   0.0000   0.1327   0.0049   0.0792   0.0265   0.5981   0.5981   0.0070   0.0000   0.0412  -0.1073    0.181
    57   0.4433   2.3732   0.0000   0.1167   0.0034   0.0660   0.0266   0.5667   0.5667   0.0064   0.0000   0.0404  -0.1002    0.179
    58   0.4499   2.4149   0.0000   0.0897   0.0046   0.0502   0.0236   0.5607   0.5607   0.0054   0.0000   0.0421  -0.0963    0.175
    59   0.4623   2.4550   0.0000   0.0412   0.0012   0.0269  -0.0062   0.6556   0.6553  -0.0083   0.0000   0.0541  -0.0981    0.167
    60   0.4718   2.4745   0.0000   0.0046   0.0000   0.0058  -0.1387   1.2754   1.2748  -0.1201   0.0000   0.0993  -0.1943    0.172

  Surface # 4     mace0_panel_1 (YDUP)                    
     # Chordwise = 12   # Spanwise = 20     First strip = 61
     Surface area Ssurf =    0.275268     Ave. chord Cave =    0.226186

 Forces referred to Sref, Cref, Bref about Xref, Yref, Zref
 Standard axis orientation,  X fwd, Z down         
     CLsurf  =   0.13658     Clsurf  =   0.04853
     CYsurf  =   0.00073     Cmsurf  =   0.02136
     CDsurf  =   0.00184     Cnsurf  =   0.00302
     CDisurf =   0.00184     CDvsurf =   0.00000

 Forces referred to Ssurf, Cave 
     CLsurf  =   0.63757     CDsurf  =   0.00859

 Strip Forces referred to Strip Area, Chord
    j     Xle      Yle      Zle      Chord    Area     c_cl     ai     cl_norm    cl       cd       cdv    cm_c/4     cm_LE   C.P.x/c
    61   0.4000  -1.2617   0.0000   0.2899   0.0020   0.1945   0.0227   0.6720   0.6720   0.0091   0.0000   0.0324   0.1353    0.202
    62   0.4001  -1.2754   0.0000   0.2895   0.0059   0.1941   0.0227   0.6716   0.6716   0.0085   0.0000   0.0325   0.1351    0.202
    63   0.4003  -1.3025   0.0000   0.2887   0.0097   0.1932   0.0230   0.6704   0.6704   0.0084   0.0000   0.0325   0.1348    0.202
    64   0.4005  -1.3423   0.0000   0.2876   0.0132   0.1918   0.0234   0.6682   0.6682   0.0084   0.0000   0.0325   0.1342    0.201
    65   0.4009  -1.3938   0.0000   0.2861   0.0163   0.1898   0.0241   0.6647   0.6647   0.0085   0.0000   0.0325   0.1333    0.201
    66   0.4013  -1.4558   0.0000   0.2842   0.0189   0.1871   0.0250   0.6594   0.6594   0.0087   0.0000   0.0325   0.1321    0.201
    67   0.4017  -1.5267   0.0000   0.2821   0.0211   0.1835   0.0262   0.6515   0.6515   0.0091   0.0000   0.0323   0.1302    0.200
    68   0.4034  -1.6218   0.0000   0.2760   0.0319   0.1780   0.0268   0.6464   0.6463   0.0091   0.0000   0.0326   0.1287    0.200
    69   0.4064  -1.7407   0.0000   0.2654   0.0323   0.1698   0.0272   0.6408   0.6408   0.0088   0.0000   0.0331   0.1267    0.198
    70   0.4095  -1.8476   0.0000   0.2533   0.0232   0.1604   0.0276   0.6343   0.6343   0.0088   0.0000   0.0338   0.1244    0.197
    71   0.4125  -1.9394   0.0000   0.2397   0.0219   0.1505   0.0279   0.6288   0.6288   0.0091   0.0000   0.0346   0.1223    0.195
    72   0.4161  -2.0215   0.0000   0.2255   0.0163   0.1400   0.0284   0.6220   0.6220   0.0091   0.0000   0.0356   0.1195    0.193
    73   0.4201  -2.0922   0.0000   0.2109   0.0145   0.1291   0.0289   0.6130   0.6130   0.0088   0.0000   0.0367   0.1161    0.190
    74   0.4256  -2.1823   0.0000   0.1881   0.0207   0.1148   0.0284   0.6115   0.6115   0.0087   0.0000   0.0385   0.1139    0.187
    75   0.4331  -2.2799   0.0000   0.1570   0.0133   0.0955   0.0273   0.6097   0.6097   0.0082   0.0000   0.0403   0.1114    0.184
    76   0.4393  -2.3401   0.0000   0.1327   0.0049   0.0792   0.0265   0.5981   0.5981   0.0070   0.0000   0.0412   0.1073    0.181
    77   0.4433  -2.3732   0.0000   0.1167   0.0034   0.0660   0.0266   0.5667   0.5667   0.0064   0.0000   0.0404   0.1002    0.179
    78   0.4499  -2.4149   0.0000   0.0897   0.0046   0.0502   0.0236   0.5607   0.5607   0.0054   0.0000   0.0421   0.0963    0.175
    79   0.4623  -2.4550   0.0000   0.0412   0.0012   0.0269  -0.0062   0.6556   0.6553  -0.0083   0.0000   0.0541   0.0981    0.167
    80   0.4718  -2.4745   0.0000   0.0046   0.0000   0.0058  -0.1387   1.2754   1.2749  -0.1201   0.0000   0.0993   0.1944    0.172

  Surface # 5     hstab_panel_0                           
     # Chordwise = 12   # Spanwise = 20     First strip = 81
     Surface area Ssurf =    0.043750     Ave. chord Cave =    0.125000

 Forces referred to Sref, Cref, Bref about Xref, Yref, Zref
 Standard axis orientation,  X fwd, Z down         
     CLsurf  =   0.00526     Clsurf  =  -0.00070
     CYsurf  =  -0.00004     Cmsurf  =  -0.02710
     CDsurf  =   0.00020     Cnsurf  =  -0.00002
     CDisurf =   0.00020     CDvsurf =   0.00000

 Forces referred to Ssurf, Cave 
     CLsurf  =   0.15455     CDsurf  =   0.00585

 Strip Forces referred to Strip Area, Chord
    j     Xle      Yle      Zle      Chord    Area     c_cl     ai     cl_norm    cl       cd       cdv    cm_c/4     cm_LE   C.P.x/c
    81   1.8000   0.5005   0.0000   0.1499   0.0003   0.0138  -0.4238   0.0913   0.0913   0.0114   0.0000   0.0030  -0.0200    0.217
    82   1.8002   0.5048   0.0000   0.1493   0.0010   0.0155  -0.0611   0.1036   0.1036   0.0060   0.0000   0.0045  -0.0215    0.207
    83   1.8005   0.5133   0.0000   0.1481   0.0016   0.0175   0.0040   0.1180   0.1180   0.0057   0.0000   0.0054  -0.0241    0.204
    84   1.8009   0.5258   0.0000   0.1463   0.0021   0.0195   0.0351   0.1334   0.1334   0.0057   0.0000   0.0058  -0.0276    0.207
    85   1.8014   0.5419   0.0000   0.1440   0.0026   0.0212   0.0337   0.1473   0.1473   0.0058   0.0000   0.0055  -0.0313    0.213
    86   1.8021   0.5613   0.0000   0.1412   0.0029   0.0224   0.0404   0.1588   0.1588   0.0060   0.0000   0.0049  -0.0348    0.219
    87   1.8029   0.5836   0.0000   0.1381   0.0032   0.0231   0.0422   0.1676   0.1676   0.0062   0.0000   0.0043  -0.0376    0.225
    88   1.8037   0.6080   0.0000   0.1346   0.0034   0.0234   0.0437   0.1739   0.1739   0.0063   0.0000   0.0037  -0.0398    0.229
    89   1.8046   0.6341   0.0000   0.1308   0.0035   0.0233   0.0276   0.1779   0.1779   0.0063   0.0000   0.0032  -0.0412    0.232
    90   1.8055   0.6613   0.0000   0.1270   0.0035   0.0228   0.0394   0.1795   0.1795   0.0063   0.0000   0.0029  -0.0419    0.234
    91   1.8065   0.6887   0.0000   0.1230   0.0034   0.0220   0.0411   0.1788   0.1788   0.0063   0.0000   0.0028  -0.0418    0.234
    92   1.8074   0.7159   0.0000   0.1192   0.0032   0.0209   0.0456   0.1756   0.1756   0.0062   0.0000   0.0029  -0.0409    0.233
    93   1.8083   0.7420   0.0000   0.1154   0.0029   0.0196   0.0365   0.1697   0.1697   0.0060   0.0000   0.0033  -0.0391    0.230
    94   1.8091   0.7664   0.0000   0.1119   0.0026   0.0180   0.0416   0.1604   0.1604   0.0058   0.0000   0.0040  -0.0361    0.225
    95   1.8099   0.7887   0.0000   0.1088   0.0023   0.0160   0.0450   0.1474   0.1474   0.0055   0.0000   0.0049  -0.0320    0.217
    96   1.8106   0.8081   0.0000   0.1060   0.0019   0.0138   0.0499   0.1299   0.1299   0.0050   0.0000   0.0059  -0.0266    0.205
    97   1.8111   0.8242   0.0000   0.1037   0.0015   0.0112   0.2183   0.1077   0.1077   0.0043   0.0000   0.0067  -0.0202    0.188
    98   1.8115   0.8367   0.0000   0.1019   0.0011   0.0082   0.0423   0.0809   0.0809   0.0035   0.0000   0.0067  -0.0135    0.167
    99   1.8118   0.8452   0.0000   0.1007   0.0006   0.0051   0.0464   0.0503   0.0502   0.0023   0.0000   0.0052  -0.0074    0.146
   100   1.8120   0.8495   0.0000   0.1001   0.0002   0.0017   0.0479   0.0170   0.0170   0.0009   0.0000   0.0020  -0.0022    0.131

  Surface # 6     hstab_panel_0 (YDUP)                    
     # Chordwise = 12   # Spanwise = 20     First strip =101
     Surface area Ssurf =    0.043750     Ave. chord Cave =    0.125000

 Forces referred to Sref, Cref, Bref about Xref, Yref, Zref
 Standard axis orientation,  X fwd, Z down         
     CLsurf  =   0.00482     Clsurf  =   0.00065
     CYsurf  =   0.00004     Cmsurf  =  -0.02481
     CDsurf  =   0.00018     Cnsurf  =   0.00001
     CDisurf =   0.00018     CDvsurf =   0.00000

 Forces referred to Ssurf, Cave 
     CLsurf  =   0.14158     CDsurf  =   0.00528

 Strip Forces referred to Strip Area, Chord
    j     Xle      Yle      Zle      Chord    Area     c_cl     ai     cl_norm    cl       cd       cdv    cm_c/4     cm_LE   C.P.x/c
   101   1.8000  -0.5005   0.0000   0.1499   0.0003   0.0020  -0.1817   0.0134   0.0134   0.0007   0.0000   0.0017   0.0016    0.123
   102   1.8002  -0.5048   0.0000   0.1493   0.0010   0.0060  -0.0340   0.0400   0.0400   0.0019   0.0000   0.0047   0.0053    0.133
   103   1.8005  -0.5133   0.0000   0.1481   0.0016   0.0099   0.0051   0.0666   0.0666   0.0030   0.0000   0.0066   0.0100    0.150
   104   1.8009  -0.5258   0.0000   0.1463   0.0021   0.0136   0.0322   0.0928   0.0928   0.0039   0.0000   0.0075   0.0157    0.169
   105   1.8014  -0.5419   0.0000   0.1440   0.0026   0.0168   0.0326   0.1168   0.1168   0.0047   0.0000   0.0073   0.0219    0.187
   106   1.8021  -0.5613   0.0000   0.1412   0.0029   0.0193   0.0407   0.1366   0.1366   0.0053   0.0000   0.0065   0.0276    0.202
   107   1.8029  -0.5836   0.0000   0.1381   0.0032   0.0210   0.0432   0.1519   0.1519   0.0057   0.0000   0.0055   0.0324    0.213
   108   1.8037  -0.6080   0.0000   0.1346   0.0034   0.0219   0.0448   0.1628   0.1628   0.0060   0.0000   0.0046   0.0361    0.222
   109   1.8046  -0.6341   0.0000   0.1308   0.0035   0.0222   0.0285   0.1701   0.1701   0.0061   0.0000   0.0039   0.0386    0.227
   110   1.8055  -0.6613   0.0000   0.1270   0.0035   0.0221   0.0402   0.1740   0.1740   0.0062   0.0000   0.0034   0.0401    0.231
   111   1.8065  -0.6887   0.0000   0.1230   0.0034   0.0215   0.0416   0.1749   0.1749   0.0062   0.0000   0.0031   0.0405    0.232
   112   1.8074  -0.7159   0.0000   0.1192   0.0032   0.0206   0.0460   0.1728   0.1728   0.0061   0.0000   0.0032   0.0400    0.232
   113   1.8083  -0.7420   0.0000   0.1154   0.0029   0.0194   0.0368   0.1677   0.1677   0.0060   0.0000   0.0035   0.0384    0.229
   114   1.8091  -0.7664   0.0000   0.1119   0.0026   0.0178   0.0418   0.1590   0.1590   0.0058   0.0000   0.0041   0.0356    0.224
   115   1.8099  -0.7887   0.0000   0.1088   0.0023   0.0159   0.0451   0.1463   0.1463   0.0055   0.0000   0.0049   0.0316    0.216
   116   1.8106  -0.8081   0.0000   0.1060   0.0019   0.0137   0.0500   0.1291   0.1291   0.0050   0.0000   0.0060   0.0263    0.204
   117   1.8111  -0.8242   0.0000   0.1037   0.0015   0.0111   0.2184   0.1072   0.1072   0.0043   0.0000   0.0068   0.0200    0.187
   118   1.8115  -0.8367   0.0000   0.1019   0.0011   0.0082   0.0424   0.0805   0.0805   0.0034   0.0000   0.0067   0.0134    0.166
   119   1.8118  -0.8452   0.0000   0.1007   0.0006   0.0050   0.0464   0.0500   0.0500   0.0023   0.0000   0.0052   0.0073    0.146
   120   1.8120  -0.8495   0.0000   0.1001   0.0002   0.0017   0.0479   0.0170   0.0170   0.0009   0.0000   0.0020   0.0022    0.130

  Surface # 7     fin_panel_0                             
     # Chordwise = 12   # Spanwise = 20     First strip =121
     Surface area Ssurf =    0.050000     Ave. chord Cave =    0.125000

 Forces referred to Sref, Cref, Bref about Xref, Yref, Zref
 Standard axis orientation,  X fwd, Z down         
     CLsurf  =   0.00000     Clsurf  =  -0.00003
     CYsurf  =  -0.00025     Cmsurf  =   0.00000
     CDsurf  =  -0.00001     Cnsurf  =   0.00007
     CDisurf =  -0.00001     CDvsurf =   0.00000

 Forces referred to Ssurf, Cave 
     CLsurf  =  -0.00630     CDsurf  =  -0.00015

 Strip Forces referred to Strip Area, Chord
    j     Xle      Yle      Zle      Chord    Area     c_cl     ai     cl_norm    cl       cd       cdv    cm_c/4     cm_LE   C.P.x/c
   121   1.8000   0.5000   0.3994   0.1499   0.0004  -0.0004  -0.0061  -0.0024  -0.0023   0.0000   0.0000   0.0008   0.0014    0.577
   122   1.8002   0.5000   0.3945   0.1493   0.0011  -0.0010  -0.0057  -0.0069  -0.0069   0.0000   0.0000   0.0022   0.0039    0.575
   123   1.8005   0.5000   0.3848   0.1481   0.0018  -0.0016  -0.0051  -0.0110  -0.0109   0.0000   0.0000   0.0035   0.0062    0.569
   124   1.8009   0.5000   0.3705   0.1463   0.0024  -0.0021  -0.0043  -0.0144  -0.0143   0.0000   0.0000   0.0044   0.0080    0.560
   125   1.8014   0.5000   0.3521   0.1440   0.0029  -0.0025  -0.0035  -0.0172  -0.0171   0.0000   0.0000   0.0051   0.0094    0.549
   126   1.8021   0.5000   0.3299   0.1412   0.0034  -0.0027  -0.0030  -0.0193  -0.0192   0.0000   0.0000   0.0055   0.0103    0.539
   127   1.8029   0.5000   0.3045   0.1381   0.0037  -0.0029  -0.0026  -0.0208  -0.0207   0.0000   0.0000   0.0058   0.0110    0.531
   128   1.8037   0.5000   0.2765   0.1346   0.0039  -0.0029  -0.0025  -0.0217  -0.0216   0.0000   0.0000   0.0059   0.0113    0.526
   129   1.8046   0.5000   0.2467   0.1308   0.0040  -0.0029  -0.0025  -0.0220  -0.0218   0.0000   0.0000   0.0060   0.0114    0.525
   130   1.8055   0.5000   0.2157   0.1270   0.0040  -0.0027  -0.0027  -0.0214  -0.0213   0.0000   0.0000   0.0059   0.0112    0.529
   131   1.8065   0.5000   0.1843   0.1230   0.0038  -0.0024  -0.0032  -0.0198  -0.0197   0.0000   0.0000   0.0058   0.0107    0.544
   132   1.8074   0.5000   0.1533   0.1192   0.0036  -0.0020  -0.0038  -0.0168  -0.0167   0.0000   0.0000   0.0055   0.0097    0.579
   133   1.8083   0.5000   0.1235   0.1154   0.0033  -0.0013  -0.0045  -0.0118  -0.0117   0.0000   0.0000   0.0050   0.0079    0.680
   134   1.8091   0.5000   0.0955   0.1119   0.0030  -0.0004  -0.0051  -0.0036  -0.0036   0.0000   0.0000   0.0043   0.0052    1.440
   135   1.8099   0.5000   0.0701   0.1088   0.0026   0.0010  -0.0049   0.0089   0.0089  -0.0000   0.0000   0.0033   0.0011   -0.120
   136   1.8106   0.5000   0.0479   0.1060   0.0022   0.0029  -0.0018   0.0274   0.0272  -0.0001   0.0000   0.0021  -0.0046    0.172
   137   1.8111   0.5000   0.0295   0.1037   0.0017   0.0054   0.0084   0.0525   0.0521  -0.0005   0.0000   0.0013  -0.0117    0.225
   138   1.8115   0.5000   0.0152   0.1019   0.0012   0.0083   0.0322   0.0817   0.0812  -0.0013   0.0000   0.0015  -0.0187    0.232
   139   1.8118   0.5000   0.0055   0.1007   0.0007   0.0109   0.0826   0.1091   0.1084  -0.0027   0.0000   0.0029  -0.0240    0.224
   140   1.8120   0.5000   0.0006   0.1001   0.0002   0.0128   0.2871   0.1282   0.1275  -0.0149   0.0000   0.0042  -0.0274    0.217

  Surface # 8     hstab_panel_0                           
     # Chordwise = 12   # Spanwise = 20     First strip =141
     Surface area Ssurf =    0.043750     Ave. chord Cave =    0.125000

 Forces referred to Sref, Cref, Bref about Xref, Yref, Zref
 Standard axis orientation,  X fwd, Z down         
     CLsurf  =   0.00550     Clsurf  =   0.00038
     CYsurf  =  -0.00004     Cmsurf  =  -0.02834
     CDsurf  =   0.00020     Cnsurf  =   0.00003
     CDisurf =   0.00020     CDvsurf =   0.00000

 Forces referred to Ssurf, Cave 
     CLsurf  =   0.16163     CDsurf  =   0.00594

 Strip Forces referred to Strip Area, Chord
    j     Xle      Yle      Zle      Chord    Area     c_cl     ai     cl_norm    cl       cd       cdv    cm_c/4     cm_LE   C.P.x/c
   141   1.8000  -0.4995   0.0000   0.1499   0.0003   0.0147  -0.4114   0.0971   0.0971   0.0124   0.0000   0.0027  -0.0218    0.223
   142   1.8002  -0.4952   0.0000   0.1493   0.0010   0.0164  -0.0588   0.1095   0.1095   0.0063   0.0000   0.0041  -0.0233    0.213
   143   1.8005  -0.4867   0.0000   0.1481   0.0016   0.0184   0.0030   0.1239   0.1239   0.0060   0.0000   0.0050  -0.0260    0.209
   144   1.8009  -0.4742   0.0000   0.1463   0.0021   0.0204   0.0270   0.1392   0.1392   0.0059   0.0000   0.0053  -0.0295    0.212
   145   1.8014  -0.4581   0.0000   0.1440   0.0026   0.0221   0.0360   0.1532   0.1532   0.0060   0.0000   0.0051  -0.0332    0.217
   146   1.8021  -0.4387   0.0000   0.1412   0.0029   0.0233   0.0303   0.1648   0.1648   0.0061   0.0000   0.0045  -0.0366    0.223
   147   1.8029  -0.4164   0.0000   0.1381   0.0032   0.0240   0.0423   0.1738   0.1738   0.0063   0.0000   0.0039  -0.0395    0.228
   148   1.8037  -0.3920   0.0000   0.1346   0.0034   0.0243   0.0404   0.1804   0.1804   0.0063   0.0000   0.0033  -0.0417    0.232
   149   1.8046  -0.3659   0.0000   0.1308   0.0035   0.0242   0.0386   0.1848   0.1848   0.0064   0.0000   0.0029  -0.0433    0.234
   150   1.8055  -0.3387   0.0000   0.1270   0.0035   0.0237   0.0433   0.1869   0.1869   0.0064   0.0000   0.0026  -0.0441    0.236
   151   1.8065  -0.3113   0.0000   0.1230   0.0034   0.0230   0.0388   0.1867   0.1867   0.0063   0.0000   0.0025  -0.0441    0.236
   152   1.8074  -0.2841   0.0000   0.1192   0.0032   0.0219   0.0381   0.1840   0.1840   0.0062   0.0000   0.0027  -0.0433    0.235
   153   1.8083  -0.2580   0.0000   0.1154   0.0029   0.0206   0.0487   0.1784   0.1784   0.0061   0.0000   0.0031  -0.0415    0.233
   154   1.8091  -0.2336   0.0000   0.1119   0.0026   0.0189   0.0404   0.1693   0.1693   0.0058   0.0000   0.0038  -0.0385    0.228
   155   1.8099  -0.2113   0.0000   0.1088   0.0023   0.0170   0.0414   0.1561   0.1561   0.0055   0.0000   0.0048  -0.0342    0.220
   156   1.8106  -0.1919   0.0000   0.1060   0.0019   0.0146   0.0420   0.1381   0.1381   0.0050   0.0000   0.0059  -0.0286    0.207
   157   1.8111  -0.1758   0.0000   0.1037   0.0015   0.0119   0.0460   0.1148   0.1148   0.0044   0.0000   0.0068  -0.0219    0.191
   158   1.8115  -0.1633   0.0000   0.1019   0.0011   0.0088   0.0466   0.0865   0.0865   0.0035   0.0000   0.0068  -0.0148    0.171
   159   1.8118  -0.1548   0.0000   0.1007   0.0006   0.0054   0.0474   0.0538   0.0538   0.0024   0.0000   0.0054  -0.0081    0.150
   160   1.8120  -0.1505   0.0000   0.1001   0.0002   0.0018   0.0480   0.0183   0.0183   0.0009   0.0000   0.0021  -0.0025    0.136

  Surface # 9     hstab_panel_0 (YDUP)                    
     # Chordwise = 12   # Spanwise = 20     First strip =161
     Surface area Ssurf =    0.043750     Ave. chord Cave =    0.125000

 Forces referred to Sref, Cref, Bref about Xref, Yref, Zref
 Standard axis orientation,  X fwd, Z down         
     CLsurf  =   0.00502     Clsurf  =  -0.00033
     CYsurf  =   0.00004     Cmsurf  =  -0.02585
     CDsurf  =   0.00018     Cnsurf  =  -0.00002
     CDisurf =   0.00018     CDvsurf =   0.00000

 Forces referred to Ssurf, Cave 
     CLsurf  =   0.14752     CDsurf  =   0.00534

 Strip Forces referred to Strip Area, Chord
    j     Xle      Yle      Zle      Chord    Area     c_cl     ai     cl_norm    cl       cd       cdv    cm_c/4     cm_LE   C.P.x/c
   161   1.8000   0.4995   0.0000   0.1499   0.0003   0.0021  -0.1828   0.0137   0.0137   0.0008   0.0000   0.0017   0.0018    0.128
   162   1.8002   0.4952   0.0000   0.1493   0.0010   0.0062  -0.0356   0.0412   0.0412   0.0020   0.0000   0.0046   0.0057    0.139
   163   1.8005   0.4867   0.0000   0.1481   0.0016   0.0102   0.0029   0.0686   0.0686   0.0031   0.0000   0.0065   0.0106    0.155
   164   1.8009   0.4742   0.0000   0.1463   0.0021   0.0140   0.0240   0.0956   0.0956   0.0040   0.0000   0.0073   0.0166    0.174
   165   1.8014   0.4581   0.0000   0.1440   0.0026   0.0173   0.0350   0.1203   0.1203   0.0048   0.0000   0.0071   0.0230    0.191
   166   1.8021   0.4387   0.0000   0.1412   0.0029   0.0199   0.0309   0.1408   0.1408   0.0054   0.0000   0.0063   0.0289    0.205
   167   1.8029   0.4164   0.0000   0.1381   0.0032   0.0216   0.0435   0.1566   0.1566   0.0058   0.0000   0.0053   0.0338    0.216
   168   1.8037   0.3920   0.0000   0.1346   0.0034   0.0226   0.0417   0.1682   0.1682   0.0060   0.0000   0.0044   0.0377    0.224
   169   1.8046   0.3659   0.0000   0.1308   0.0035   0.0230   0.0397   0.1761   0.1761   0.0062   0.0000   0.0036   0.0404    0.229
   170   1.8055   0.3387   0.0000   0.1270   0.0035   0.0229   0.0442   0.1807   0.1807   0.0062   0.0000   0.0032   0.0420    0.233
   171   1.8065   0.3113   0.0000   0.1230   0.0034   0.0224   0.0395   0.1823   0.1823   0.0062   0.0000   0.0029   0.0426    0.234
   172   1.8074   0.2841   0.0000   0.1192   0.0032   0.0215   0.0386   0.1808   0.1808   0.0062   0.0000   0.0030   0.0422    0.234
   173   1.8083   0.2580   0.0000   0.1154   0.0029   0.0203   0.0491   0.1760   0.1760   0.0060   0.0000   0.0033   0.0407    0.231
   174   1.8091   0.2336   0.0000   0.1119   0.0026   0.0187   0.0408   0.1675   0.1675   0.0058   0.0000   0.0039   0.0379    0.227
   175   1.8099   0.2113   0.0000   0.1088   0.0023   0.0168   0.0416   0.1548   0.1548   0.0055   0.0000   0.0049   0.0338    0.219
   176   1.8106   0.1919   0.0000   0.1060   0.0019   0.0145   0.0421   0.1371   0.1371   0.0050   0.0000   0.0060   0.0283    0.207
   177   1.8111   0.1758   0.0000   0.1037   0.0015   0.0118   0.0461   0.1141   0.1141   0.0044   0.0000   0.0068   0.0217    0.190
   178   1.8115   0.1633   0.0000   0.1019   0.0011   0.0088   0.0467   0.0859   0.0859   0.0035   0.0000   0.0069   0.0146    0.170
   179   1.8118   0.1548   0.0000   0.1007   0.0006   0.0054   0.0475   0.0535   0.0535   0.0024   0.0000   0.0054   0.0080    0.150
   180   1.8120   0.1505   0.0000   0.1001   0.0002   0.0018   0.0481   0.0182   0.0182   0.0009   0.0000   0.0021   0.0025    0.135

  Surface #10     fin_panel_0                             
     # Chordwise = 12   # Spanwise = 20     First strip =181
     Surface area Ssurf =    0.050000     Ave. chord Cave =    0.125000

 Forces referred to Sref, Cref, Bref about Xref, Yref, Zref
 Standard axis orientation,  X fwd, Z down         
     CLsurf  =   0.00000     Clsurf  =  -0.00000
     CYsurf  =   0.00030     Cmsurf  =   0.00000
     CDsurf  =  -0.00001     Cnsurf  =  -0.00007
     CDisurf =  -0.00001     CDvsurf =   0.00000

 Forces referred to Ssurf, Cave 
     CLsurf  =   0.00764     CDsurf  =  -0.00019

 Strip Forces referred to Strip Area, Chord
    j     Xle      Yle      Zle      Chord    Area     c_cl     ai     cl_norm    cl       cd       cdv    cm_c/4     cm_LE   C.P.x/c
   181   1.8000  -0.5000   0.3994   0.1499   0.0004  -0.0001  -0.0078  -0.0008  -0.0008   0.0000   0.0000   0.0009   0.0011    1.323
   182   1.8002  -0.5000   0.3945   0.1493   0.0011  -0.0003  -0.0075  -0.0023  -0.0023   0.0000   0.0000   0.0025   0.0031    1.322
   183   1.8005  -0.5000   0.3848   0.1481   0.0018  -0.0005  -0.0069  -0.0036  -0.0036   0.0000   0.0000   0.0038   0.0047    1.324
   184   1.8009  -0.5000   0.3705   0.1463   0.0024  -0.0006  -0.0063  -0.0044  -0.0044   0.0000   0.0000   0.0048   0.0059    1.326
   185   1.8014  -0.5000   0.3521   0.1440   0.0029  -0.0007  -0.0058  -0.0050  -0.0050   0.0000   0.0000   0.0053   0.0066    1.324
   186   1.8021  -0.5000   0.3299   0.1412   0.0034  -0.0007  -0.0054  -0.0053  -0.0053   0.0000   0.0000   0.0056   0.0070    1.318
   187   1.8029  -0.5000   0.3045   0.1381   0.0037  -0.0008  -0.0053  -0.0055  -0.0054   0.0000   0.0000   0.0058   0.0071    1.313
   188   1.8037  -0.5000   0.2765   0.1346   0.0039  -0.0007  -0.0053  -0.0054  -0.0054   0.0000   0.0000   0.0058   0.0072    1.322
   189   1.8046  -0.5000   0.2467   0.1308   0.0040  -0.0007  -0.0055  -0.0052  -0.0051   0.0000   0.0000   0.0058   0.0070    1.369
   190   1.8055  -0.5000   0.2157   0.1270   0.0040  -0.0006  -0.0058  -0.0045  -0.0045   0.0000   0.0000   0.0056   0.0068    1.516
   191   1.8065  -0.5000   0.1843   0.1230   0.0038  -0.0004  -0.0063  -0.0031  -0.0031   0.0000   0.0000   0.0054   0.0062  999.000
   192   1.8074  -0.5000   0.1533   0.1192   0.0036  -0.0001  -0.0069  -0.0005  -0.0005   0.0000   0.0000   0.0051   0.0053  999.000
   193   1.8083  -0.5000   0.1235   0.1154   0.0033   0.0004  -0.0077   0.0038   0.0038   0.0000   0.0000   0.0046   0.0037   -0.967
   194   1.8091  -0.5000   0.0955   0.1119   0.0030   0.0012  -0.0084   0.0110   0.0109  -0.0000   0.0000   0.0038   0.0011   -0.102
   195   1.8099  -0.5000   0.0701   0.1088   0.0026   0.0024  -0.0083   0.0224   0.0223  -0.0001   0.0000   0.0028  -0.0027    0.124
   196   1.8106  -0.5000   0.0479   0.1060   0.0022   0.0042  -0.0055   0.0396   0.0394  -0.0003   0.0000   0.0016  -0.0082    0.210
   197   1.8111  -0.5000   0.0295   0.1037   0.0017   0.0065   0.0043   0.0634   0.0631  -0.0007   0.0000   0.0007  -0.0150    0.239
   198   1.8115  -0.5000   0.0152   0.1019   0.0012   0.0093   0.0277   0.0916   0.0911  -0.0015   0.0000   0.0008  -0.0218    0.241
   199   1.8118  -0.5000   0.0055   0.1007   0.0007   0.0118   0.0773   0.1183   0.1176  -0.0031   0.0000   0.0022  -0.0270    0.231
   200   1.8120  -0.5000   0.0006   0.1001   0.0002   0.0136   0.2755   0.1370   0.1362  -0.0163   0.0000   0.0035  -0.0303    0.224
 ---------------------------------------------------------------
