 ---------------------------------------------------------------
 Surface and Strip Forces by surface

  Sref =  1.2850       Cref = 0.25900       Bref =  4.9540    
  Xref = 0.50000       Yref =  0.0000       Zref =  0.0000    

  Surface # 1     main_wing_panel_0                       
     # Chordwise = 12   # Spanwise = 20     First strip =  1
     Surface area Ssurf =    0.365400     Ave. chord Cave =    0.290000

 Forces referred to Sref, Cref, Bref about Xref, Yref, Zref
 Standard axis orientation,  X fwd, Z down         
     CLsurf  =   0.10565     Clsurf  =  -0.01332
     CYsurf  =  -0.00000     Cmsurf  =   0.01738
     CDsurf  =   0.00053     Cnsurf  =  -0.00033
     CDisurf =   0.00053     CDvsurf =   0.00000

 Forces referred to Ssurf, Cave 
     CLsurf  =   0.37155     CDsurf  =   0.00187

 Strip Forces referred to Strip Area, Chord
    j     Xle      Yle      Zle      Chord    Area     c_cl     ai     cl_norm    cl       cd       cdv    cm_c/4     cm_LE   C.P.x/c
     1   0.4000   0.0019   0.0000   0.2900   0.0022   0.1094   0.0009   0.3774   0.3774   0.0017   0.0000   0.0196  -0.0747    0.198
     2   0.4000   0.0174   0.0000   0.2900   0.0067   0.1094   0.0008   0.3774   0.3774   0.0017   0.0000   0.0196  -0.0747    0.198
     3   0.4000   0.0480   0.0000   0.2900   0.0110   0.1094   0.0001   0.3773   0.3773   0.0017   0.0000   0.0196  -0.0747    0.198
     4   0.4000   0.0928   0.0000   0.2900   0.0150   0.1094  -0.0036   0.3773   0.3773   0.0017   0.0000   0.0196  -0.0747    0.198
     5   0.4000   0.1509   0.0000   0.2900   0.0186   0.1093  -0.0714   0.3772   0.3772   0.0017   0.0000   0.0196  -0.0747    0.198
     6   0.4000   0.2208   0.0000   0.2900   0.0218   0.1093  -0.0377   0.3769   0.3769   0.0017   0.0000   0.0196  -0.0746    0.198
     7   0.4000   0.3008   0.0000   0.2900   0.0244   0.1092   0.0307   0.3766   0.3766   0.0017   0.0000   0.0195  -0.0746    0.198
     8   0.4000   0.3889   0.0000   0.2900   0.0265   0.1090   0.0207   0.3760   0.3760   0.0017   0.0000   0.0195  -0.0744    0.198
     9   0.4000   0.4829   0.0000   0.2900   0.0279   0.1088  -0.0705   0.3752   0.3752   0.0017   0.0000   0.0195  -0.0743    0.198
    10   0.4000   0.5806   0.0000   0.2900   0.0286   0.1085   0.0236   0.3742   0.3742   0.0018   0.0000   0.0195  -0.0741    0.198
    11   0.4000   0.6794   0.0000   0.2900   0.0286   0.1081   0.0144   0.3729   0.3729   0.0018   0.0000   0.0194  -0.0738    0.198
    12   0.4000   0.7771   0.0000   0.2900   0.0279   0.1077   0.1193   0.3714   0.3714   0.0019   0.0000   0.0194  -0.0734    0.198
    13   0.4000   0.8711   0.0000   0.2900   0.0265   0.1071  -0.0116   0.3695   0.3695   0.0019   0.0000   0.0193  -0.0730    0.198
    14   0.4000   0.9592   0.0000   0.2900   0.0244   0.1065   0.0054   0.3675   0.3675   0.0020   0.0000   0.0192  -0.0726    0.198
    15   0.4000   1.0392   0.0000   0.2900   0.0218   0.1059   0.0083   0.3652   0.3652   0.0021   0.0000   0.0192  -0.0721    0.198
    16   0.4000   1.1091   0.0000   0.2900   0.0186   0.1052   0.0097   0.3630   0.3630   0.0021   0.0000   0.0191  -0.0716    0.197
    17   0.4000   1.1672   0.0000   0.2900   0.0150   0.1046   0.0105   0.3608   0.3608   0.0022   0.0000   0.0190  -0.0711    0.197
    18   0.4000   1.2120   0.0000   0.2900   0.0110   0.1040   0.0112   0.3589   0.3589   0.0023   0.0000   0.0190  -0.0707    0.197
    19   0.4000   1.2426   0.0000   0.2900   0.0067   0.1036   0.0116   0.3574   0.3574   0.0023   0.0000   0.0189  -0.0704    0.197
    20   0.4000   1.2581   0.0000   0.2900   0.0022   0.1034   0.0118   0.3566   0.3566   0.0025   0.0000   0.0189  -0.0702    0.197

  Surface # 2     main_wing_panel_0 (YDUP)                
     # Chordwise = 12   # Spanwise = 20     First strip = 21
     Surface area Ssurf =    0.365400     Ave. chord Cave =    0.290000

 Forces referred to Sref, Cref, Bref about Xref, Yref, Zref
 Standard axis orientation,  X fwd, Z down         
     CLsurf  =   0.10565     Clsurf  =   0.01332
     CYsurf  =  -0.00000     Cmsurf  =   0.01738
     CDsurf  =   0.00053     Cnsurf  =   0.00033
     CDisurf =   0.00053     CDvsurf =   0.00000

 Forces referred to Ssurf, Cave 
     CLsurf  =   0.37155     CDsurf  =   0.00187

 Strip Forces referred to Strip Area, Chord
    j     Xle      Yle      Zle      Chord    Area     c_cl     ai     cl_norm    cl       cd       cdv    cm_c/4     cm_LE   C.P.x/c
    21   0.4000  -0.0019   0.0000   0.2900   0.0022   0.1094   0.0009   0.3774   0.3774   0.0017   0.0000   0.0196   0.0747    0.198
    22   0.4000  -0.0174   0.0000   0.2900   0.0067   0.1094   0.0008   0.3774   0.3774   0.0017   0.0000   0.0196   0.0747    0.198
    23   0.4000  -0.0480   0.0000   0.2900   0.0110   0.1094   0.0000   0.3773   0.3773   0.0017   0.0000   0.0196   0.0747    0.198
    24   0.4000  -0.0928   0.0000   0.2900   0.0150   0.1094  -0.0037   0.3773   0.3773   0.0017   0.0000   0.0196   0.0747    0.198
    25   0.4000  -0.1509   0.0000   0.2900   0.0186   0.1093  -0.0719   0.3772   0.3772   0.0017   0.0000   0.0196   0.0747    0.198
    26   0.4000  -0.2208   0.0000   0.2900   0.0218   0.1093  -0.0391   0.3769   0.3769   0.0017   0.0000   0.0196   0.0746    0.198
    27   0.4000  -0.3008   0.0000   0.2900   0.0244   0.1092   0.0320   0.3766   0.3766   0.0017   0.0000   0.0195   0.0746    0.198
    28   0.4000  -0.3889   0.0000   0.2900   0.0265   0.1090   0.0210   0.3760   0.3760   0.0017   0.0000   0.0195   0.0744    0.198
    29   0.4000  -0.4829   0.0000   0.2900   0.0279   0.1088  -0.0386   0.3752   0.3752   0.0017   0.0000   0.0195   0.0743    0.198
    30   0.4000  -0.5806   0.0000   0.2900   0.0286   0.1085   0.0259   0.3742   0.3742   0.0018   0.0000   0.0195   0.0741    0.198
    31   0.4000  -0.6794   0.0000   0.2900   0.0286   0.1081   0.0161   0.3729   0.3729   0.0018   0.0000   0.0194   0.0738    0.198
    32   0.4000  -0.7771   0.0000   0.2900   0.0279   0.1077   0.1176   0.3714   0.3714   0.0019   0.0000   0.0194   0.0734    0.198
    33   0.4000  -0.8711   0.0000   0.2900   0.0265   0.1071  -0.0116   0.3695   0.3695   0.0019   0.0000   0.0193   0.0730    0.198
    34   0.4000  -0.9592   0.0000   0.2900   0.0244   0.1065   0.0054   0.3675   0.3675   0.0020   0.0000   0.0192   0.0726    0.198
    35   0.4000  -1.0392   0.0000   0.2900   0.0218   0.1059   0.0083   0.3652   0.3652   0.0021   0.0000   0.0192   0.0721    0.198
    36   0.4000  -1.1091   0.0000   0.2900   0.0186   0.1052   0.0096   0.3630   0.3630   0.0021   0.0000   0.0191   0.0716    0.197
    37   0.4000  -1.1672   0.0000   0.2900   0.0150   0.1046   0.0105   0.3608   0.3608   0.0022   0.0000   0.0190   0.0711    0.197
    38   0.4000  -1.2120   0.0000   0.2900   0.0110   0.1040   0.0111   0.3589   0.3589   0.0023   0.0000   0.0190   0.0707    0.197
    39   0.4000  -1.2426   0.0000   0.2900   0.0067   0.1036   0.0116   0.3574   0.3574   0.0023   0.0000   0.0189   0.0704    0.197
    40   0.4000  -1.2581   0.0000   0.2900   0.0022   0.1034   0.0118   0.3567   0.3567   0.0025   0.0000   0.0189   0.0702    0.197

  Surface # 3     main_wing_panel_1                       
     # Chordwise = 12   # Spanwise = 20     First strip = 41
     Surface area Ssurf =    0.275268     Ave. chord Cave =    0.226186

 Forces referred to Sref, Cref, Bref about Xref, Yref, Zref
 Standard axis orientation,  X fwd, Z down         
     CLsurf  =   0.07260     Clsurf  =  -0.02584
     CYsurf  =  -0.00012     Cmsurf  =   0.01167
     CDsurf  =   0.00052     Cnsurf  =  -0.00059
     CDisurf =   0.00052     CDvsurf =   0.00000

 Forces referred to Ssurf, Cave 
     CLsurf  =   0.33890     CDsurf  =   0.00244

 Strip Forces referred to Strip Area, Chord
    j     Xle      Yle      Zle      Chord    Area     c_cl     ai     cl_norm    cl       cd       cdv    cm_c/4     cm_LE   C.P.x/c
    41   0.4000   1.2617   0.0000   0.2899   0.0020   0.1034   0.0119   0.3566   0.3566   0.0026   0.0000   0.0189  -0.0702    0.197
    42   0.4001   1.2754   0.0000   0.2895   0.0059   0.1032   0.0119   0.3563   0.3563   0.0024   0.0000   0.0189  -0.0702    0.197
    43   0.4003   1.3025   0.0000   0.2887   0.0097   0.1027   0.0121   0.3558   0.3558   0.0024   0.0000   0.0189  -0.0700    0.197
    44   0.4005   1.3423   0.0000   0.2876   0.0132   0.1020   0.0124   0.3547   0.3547   0.0024   0.0000   0.0189  -0.0697    0.197
    45   0.4009   1.3938   0.0000   0.2861   0.0163   0.1010   0.0127   0.3530   0.3530   0.0024   0.0000   0.0189  -0.0693    0.196
    46   0.4013   1.4558   0.0000   0.2842   0.0189   0.0996   0.0133   0.3504   0.3504   0.0025   0.0000   0.0189  -0.0687    0.196
    47   0.4017   1.5267   0.0000   0.2821   0.0211   0.0977   0.0140   0.3464   0.3464   0.0026   0.0000   0.0188  -0.0677    0.196
    48   0.4034   1.6218   0.0000   0.2760   0.0319   0.0949   0.0144   0.3441   0.3441   0.0026   0.0000   0.0190  -0.0670    0.195
    49   0.4064   1.7407   0.0000   0.2654   0.0323   0.0906   0.0148   0.3415   0.3415   0.0026   0.0000   0.0193  -0.0660    0.193
    50   0.4095   1.8476   0.0000   0.2533   0.0232   0.0856   0.0151   0.3381   0.3381   0.0026   0.0000   0.0196  -0.0649    0.192
    51   0.4125   1.9394   0.0000   0.2397   0.0219   0.0802   0.0150   0.3348   0.3348   0.0026   0.0000   0.0199  -0.0637    0.191
    52   0.4161   2.0215   0.0000   0.2255   0.0163   0.0746   0.0151   0.3307   0.3307   0.0026   0.0000   0.0203  -0.0623    0.189
    53   0.4201   2.0922   0.0000   0.2109   0.0145   0.0686   0.0151   0.3254   0.3254   0.0025   0.0000   0.0207  -0.0605    0.186
    54   0.4256   2.1823   0.0000   0.1881   0.0207   0.0610   0.0148   0.3242   0.3241   0.0024   0.0000   0.0212  -0.0597    0.185
    55   0.4331   2.2799   0.0000   0.1570   0.0133   0.0507   0.0143   0.3230   0.3230   0.0022   0.0000   0.0216  -0.0589    0.183
    56   0.4393   2.3401   0.0000   0.1327   0.0049   0.0420   0.0139   0.3168   0.3168   0.0019   0.0000   0.0219  -0.0569    0.181
    57   0.4433   2.3732   0.0000   0.1167   0.0034   0.0350   0.0139   0.3000   0.3000   0.0017   0.0000   0.0214  -0.0532    0.179
    58   0.4499   2.4149   0.0000   0.0897   0.0046   0.0266   0.0123   0.2967   0.2967   0.0015   0.0000   0.0223  -0.0511    0.175
    59   0.4623   2.4550   0.0000   0.0412   0.0012   0.0143  -0.0034   0.3464   0.3463  -0.0024   0.0000   0.0287  -0.0520    0.167
    60   0.4718   2.4745   0.0000   0.0046   0.0000   0.0031  -0.0735   0.6704   0.6701  -0.0337   0.0000   0.0526  -0.1030    0.171

  Surface # 4     main_wing_panel_1 (YDUP)                
     # Chordwise = 12   # Spanwise = 20     First strip = 61
     Surface area Ssurf =    0.275268     Ave. chord Cave =    0.226186

 Forces referred to Sref, Cref, Bref about Xref, Yref, Zref
 Standard axis orientation,  X fwd, Z down         
     CLsurf  =   0.07260     Clsurf  =   0.02584
     CYsurf  =   0.00012     Cmsurf  =   0.01167
     CDsurf  =   0.00052     Cnsurf  =   0.00059
     CDisurf =   0.00052     CDvsurf =   0.00000

 Forces referred to Ssurf, Cave 
     CLsurf  =   0.33890     CDsurf  =   0.00244

 Strip Forces referred to Strip Area, Chord
    j     Xle      Yle      Zle      Chord    Area     c_cl     ai     cl_norm    cl       cd       cdv    cm_c/4     cm_LE   C.P.x/c
    61   0.4000  -1.2617   0.0000   0.2899   0.0020   0.1034   0.0119   0.3566   0.3566   0.0026   0.0000   0.0189   0.0702    0.197
    62   0.4001  -1.2754   0.0000   0.2895   0.0059   0.1032   0.0119   0.3563   0.3563   0.0024   0.0000   0.0189   0.0702    0.197
    63   0.4003  -1.3025   0.0000   0.2887   0.0097   0.1027   0.0121   0.3558   0.3558   0.0024   0.0000   0.0189   0.0700    0.197
    64   0.4005  -1.3423   0.0000   0.2876   0.0132   0.1020   0.0123   0.3547   0.3547   0.0024   0.0000   0.0189   0.0697    0.197
    65   0.4009  -1.3938   0.0000   0.2861   0.0163   0.1010   0.0127   0.3530   0.3530   0.0024   0.0000   0.0189   0.0693    0.196
    66   0.4013  -1.4558   0.0000   0.2842   0.0189   0.0996   0.0132   0.3504   0.3504   0.0025   0.0000   0.0189   0.0687    0.196
    67   0.4017  -1.5267   0.0000   0.2821   0.0211   0.0977   0.0140   0.3464   0.3464   0.0026   0.0000   0.0188   0.0677    0.196
    68   0.4034  -1.6218   0.0000   0.2760   0.0319   0.0949   0.0144   0.3441   0.3441   0.0026   0.0000   0.0190   0.0670    0.195
    69   0.4064  -1.7407   0.0000   0.2654   0.0323   0.0906   0.0148   0.3415   0.3415   0.0026   0.0000   0.0193   0.0660    0.193
    70   0.4095  -1.8476   0.0000   0.2533   0.0232   0.0856   0.0150   0.3381   0.3381   0.0026   0.0000   0.0196   0.0649    0.192
    71   0.4125  -1.9394   0.0000   0.2397   0.0219   0.0802   0.0150   0.3348   0.3348   0.0026   0.0000   0.0199   0.0637    0.191
    72   0.4161  -2.0215   0.0000   0.2255   0.0163   0.0746   0.0151   0.3307   0.3307   0.0026   0.0000   0.0203   0.0623    0.189
    73   0.4201  -2.0922   0.0000   0.2109   0.0145   0.0686   0.0151   0.3254   0.3254   0.0025   0.0000   0.0207   0.0606    0.186
    74   0.4256  -2.1823   0.0000   0.1881   0.0207   0.0610   0.0148   0.3242   0.3241   0.0024   0.0000   0.0212   0.0597    0.185
    75   0.4331  -2.2799   0.0000   0.1570   0.0133   0.0507   0.0143   0.3230   0.3230   0.0022   0.0000   0.0216   0.0589    0.183
    76   0.4393  -2.3401   0.0000   0.1327   0.0049   0.0420   0.0139   0.3168   0.3168   0.0019   0.0000   0.0219   0.0569    0.181
    77   0.4433  -2.3732   0.0000   0.1167   0.0034   0.0350   0.0139   0.3000   0.3000   0.0017   0.0000   0.0214   0.0532    0.179
    78   0.4499  -2.4149   0.0000   0.0897   0.0046   0.0266   0.0123   0.2967   0.2967   0.0015   0.0000   0.0223   0.0511    0.175
    79   0.4623  -2.4550   0.0000   0.0412   0.0012   0.0143  -0.0034   0.3464   0.3463  -0.0024   0.0000   0.0287   0.0520    0.167
    80   0.4718  -2.4745   0.0000   0.0046   0.0000   0.0031  -0.0735   0.6704   0.6701  -0.0337   0.0000   0.0526   0.1030    0.171

  Surface # 5     hstab_panel_0                           
     # Chordwise = 12   # Spanwise = 20     First strip = 81
     Surface area Ssurf =    0.043750     Ave. chord Cave =    0.125000

 Forces referred to Sref, Cref, Bref about Xref, Yref, Zref
 Standard axis orientation,  X fwd, Z down         
     CLsurf  =   0.00282     Clsurf  =  -0.00038
     CYsurf  =  -0.00001     Cmsurf  =  -0.01472
     CDsurf  =   0.00006     Cnsurf  =  -0.00000
     CDisurf =   0.00006     CDvsurf =   0.00000

 Forces referred to Ssurf, Cave 
     CLsurf  =   0.08293     CDsurf  =   0.00164

 Strip Forces referred to Strip Area, Chord
    j     Xle      Yle      Zle      Chord    Area     c_cl     ai     cl_norm    cl       cd       cdv    cm_c/4     cm_LE   C.P.x/c
    81   1.8000   0.5005   0.0000   0.1499   0.0003   0.0064  -0.2434   0.0429   0.0429   0.0019   0.0000  -0.0021  -0.0128    0.299
    82   1.8002   0.5048   0.0000   0.1493   0.0010   0.0077  -0.0325   0.0517   0.0517   0.0013   0.0000  -0.0037  -0.0166    0.321
    83   1.8005   0.5133   0.0000   0.1481   0.0016   0.0091   0.0039   0.0613   0.0613   0.0014   0.0000  -0.0053  -0.0206    0.336
    84   1.8009   0.5258   0.0000   0.1463   0.0021   0.0103   0.0202   0.0706   0.0706   0.0015   0.0000  -0.0067  -0.0243    0.345
    85   1.8014   0.5419   0.0000   0.1440   0.0026   0.0113   0.0188   0.0785   0.0785   0.0016   0.0000  -0.0078  -0.0274    0.349
    86   1.8021   0.5613   0.0000   0.1412   0.0029   0.0120   0.0217   0.0847   0.0847   0.0017   0.0000  -0.0086  -0.0298    0.352
    87   1.8029   0.5836   0.0000   0.1381   0.0032   0.0123   0.0223   0.0894   0.0894   0.0017   0.0000  -0.0092  -0.0316    0.353
    88   1.8037   0.6080   0.0000   0.1346   0.0034   0.0125   0.0229   0.0927   0.0927   0.0018   0.0000  -0.0096  -0.0328    0.354
    89   1.8046   0.6341   0.0000   0.1308   0.0035   0.0124   0.0143   0.0948   0.0948   0.0018   0.0000  -0.0099  -0.0336    0.355
    90   1.8055   0.6613   0.0000   0.1270   0.0035   0.0122   0.0206   0.0958   0.0958   0.0018   0.0000  -0.0100  -0.0340    0.355
    91   1.8065   0.6887   0.0000   0.1230   0.0034   0.0118   0.0216   0.0957   0.0957   0.0018   0.0000  -0.0101  -0.0340    0.355
    92   1.8074   0.7159   0.0000   0.1192   0.0032   0.0112   0.0241   0.0943   0.0943   0.0018   0.0000  -0.0100  -0.0335    0.356
    93   1.8083   0.7420   0.0000   0.1154   0.0029   0.0106   0.0194   0.0916   0.0916   0.0018   0.0000  -0.0097  -0.0326    0.356
    94   1.8091   0.7664   0.0000   0.1119   0.0026   0.0098   0.0223   0.0873   0.0873   0.0017   0.0000  -0.0092  -0.0310    0.356
    95   1.8099   0.7887   0.0000   0.1088   0.0023   0.0088   0.0244   0.0809   0.0809   0.0016   0.0000  -0.0085  -0.0288    0.356
    96   1.8106   0.8081   0.0000   0.1060   0.0019   0.0077   0.0276   0.0722   0.0722   0.0015   0.0000  -0.0076  -0.0256    0.355
    97   1.8111   0.8242   0.0000   0.1037   0.0015   0.0063   0.1175   0.0608   0.0608   0.0013   0.0000  -0.0063  -0.0215    0.353
    98   1.8115   0.8367   0.0000   0.1019   0.0011   0.0047   0.0259   0.0465   0.0465   0.0011   0.0000  -0.0046  -0.0163    0.350
    99   1.8118   0.8452   0.0000   0.1007   0.0006   0.0030   0.0294   0.0293   0.0293   0.0007   0.0000  -0.0028  -0.0101    0.346
   100   1.8120   0.8495   0.0000   0.1001   0.0002   0.0010   0.0311   0.0100   0.0100   0.0003   0.0000  -0.0009  -0.0034    0.341

  Surface # 6     hstab_panel_0 (YDUP)                    
     # Chordwise = 12   # Spanwise = 20     First strip =101
     Surface area Ssurf =    0.043750     Ave. chord Cave =    0.125000

 Forces referred to Sref, Cref, Bref about Xref, Yref, Zref
 Standard axis orientation,  X fwd, Z down         
     CLsurf  =   0.00263     Clsurf  =   0.00036
     CYsurf  =   0.00001     Cmsurf  =  -0.01374
     CDsurf  =   0.00005     Cnsurf  =   0.00000
     CDisurf =   0.00005     CDvsurf =   0.00000

 Forces referred to Ssurf, Cave 
     CLsurf  =   0.07738     CDsurf  =   0.00155

 Strip Forces referred to Strip Area, Chord
    j     Xle      Yle      Zle      Chord    Area     c_cl     ai     cl_norm    cl       cd       cdv    cm_c/4     cm_LE   C.P.x/c
   101   1.8000  -0.5005   0.0000   0.1499   0.0003   0.0012  -0.1325   0.0079   0.0079   0.0002   0.0000  -0.0007   0.0026    0.334
   102   1.8002  -0.5048   0.0000   0.1493   0.0010   0.0035  -0.0195   0.0235   0.0235   0.0006   0.0000  -0.0021   0.0079    0.338
   103   1.8005  -0.5133   0.0000   0.1481   0.0016   0.0057   0.0049   0.0386   0.0386   0.0009   0.0000  -0.0036   0.0132    0.343
   104   1.8009  -0.5258   0.0000   0.1463   0.0021   0.0077   0.0193   0.0528   0.0528   0.0012   0.0000  -0.0051   0.0183    0.347
   105   1.8014  -0.5419   0.0000   0.1440   0.0026   0.0094   0.0186   0.0653   0.0653   0.0014   0.0000  -0.0065   0.0228    0.350
   106   1.8021  -0.5613   0.0000   0.1412   0.0029   0.0106   0.0221   0.0752   0.0752   0.0016   0.0000  -0.0076   0.0264    0.352
   107   1.8029  -0.5836   0.0000   0.1381   0.0032   0.0114   0.0229   0.0827   0.0827   0.0017   0.0000  -0.0085   0.0292    0.353
   108   1.8037  -0.6080   0.0000   0.1346   0.0034   0.0119   0.0235   0.0881   0.0881   0.0017   0.0000  -0.0091   0.0311    0.354
   109   1.8046  -0.6341   0.0000   0.1308   0.0035   0.0120   0.0148   0.0916   0.0916   0.0018   0.0000  -0.0096   0.0325    0.354
   110   1.8055  -0.6613   0.0000   0.1270   0.0035   0.0119   0.0210   0.0936   0.0936   0.0018   0.0000  -0.0098   0.0332    0.355
   111   1.8065  -0.6887   0.0000   0.1230   0.0034   0.0116   0.0218   0.0941   0.0941   0.0018   0.0000  -0.0099   0.0334    0.355
   112   1.8074  -0.7159   0.0000   0.1192   0.0032   0.0111   0.0242   0.0932   0.0932   0.0018   0.0000  -0.0098   0.0331    0.356
   113   1.8083  -0.7420   0.0000   0.1154   0.0029   0.0105   0.0195   0.0909   0.0909   0.0017   0.0000  -0.0096   0.0323    0.356
   114   1.8091  -0.7664   0.0000   0.1119   0.0026   0.0097   0.0224   0.0867   0.0867   0.0017   0.0000  -0.0092   0.0308    0.356
   115   1.8099  -0.7887   0.0000   0.1088   0.0023   0.0088   0.0245   0.0805   0.0805   0.0016   0.0000  -0.0085   0.0286    0.356
   116   1.8106  -0.8081   0.0000   0.1060   0.0019   0.0076   0.0277   0.0719   0.0719   0.0015   0.0000  -0.0075   0.0255    0.355
   117   1.8111  -0.8242   0.0000   0.1037   0.0015   0.0063   0.1175   0.0606   0.0606   0.0013   0.0000  -0.0062   0.0214    0.353
   118   1.8115  -0.8367   0.0000   0.1019   0.0011   0.0047   0.0259   0.0463   0.0463   0.0011   0.0000  -0.0046   0.0162    0.350
   119   1.8118  -0.8452   0.0000   0.1007   0.0006   0.0029   0.0294   0.0292   0.0292   0.0007   0.0000  -0.0028   0.0101    0.346
   120   1.8120  -0.8495   0.0000   0.1001   0.0002   0.0010   0.0311   0.0100   0.0100   0.0003   0.0000  -0.0009   0.0034    0.341

  Surface # 7     fin_panel_0                             
     # Chordwise = 12   # Spanwise = 20     First strip =121
     Surface area Ssurf =    0.050000     Ave. chord Cave =    0.125000

 Forces referred to Sref, Cref, Bref about Xref, Yref, Zref
 Standard axis orientation,  X fwd, Z down         
     CLsurf  =   0.00000     Clsurf  =  -0.00001
     CYsurf  =  -0.00014     Cmsurf  =   0.00000
     CDsurf  =  -0.00000     Cnsurf  =   0.00004
     CDisurf =  -0.00000     CDvsurf =   0.00000

 Forces referred to Ssurf, Cave 
     CLsurf  =  -0.00349     CDsurf  =  -0.00002

 Strip Forces referred to Strip Area, Chord
    j     Xle      Yle      Zle      Chord    Area     c_cl     ai     cl_norm    cl       cd       cdv    cm_c/4     cm_LE   C.P.x/c
   121   1.8000   0.5000   0.3994   0.1499   0.0004  -0.0002  -0.0027  -0.0011  -0.0011   0.0000   0.0000   0.0002   0.0005    0.451
   122   1.8002   0.5000   0.3945   0.1493   0.0011  -0.0005  -0.0025  -0.0034  -0.0034   0.0000   0.0000   0.0007   0.0015    0.451
   123   1.8005   0.5000   0.3848   0.1481   0.0018  -0.0008  -0.0023  -0.0054  -0.0054   0.0000   0.0000   0.0011   0.0024    0.451
   124   1.8009   0.5000   0.3705   0.1463   0.0024  -0.0010  -0.0020  -0.0071  -0.0071   0.0000   0.0000   0.0014   0.0032    0.448
   125   1.8014   0.5000   0.3521   0.1440   0.0029  -0.0012  -0.0017  -0.0085  -0.0085   0.0000   0.0000   0.0017   0.0038    0.445
   126   1.8021   0.5000   0.3299   0.1412   0.0034  -0.0014  -0.0014  -0.0096  -0.0096   0.0000   0.0000   0.0018   0.0042    0.441
   127   1.8029   0.5000   0.3045   0.1381   0.0037  -0.0014  -0.0012  -0.0103  -0.0103   0.0000   0.0000   0.0019   0.0045    0.439
   128   1.8037   0.5000   0.2765   0.1346   0.0039  -0.0014  -0.0011  -0.0107  -0.0107   0.0000   0.0000   0.0020   0.0047    0.438
   129   1.8046   0.5000   0.2467   0.1308   0.0040  -0.0014  -0.0011  -0.0108  -0.0108   0.0000   0.0000   0.0020   0.0047    0.439
   130   1.8055   0.5000   0.2157   0.1270   0.0040  -0.0013  -0.0012  -0.0105  -0.0105   0.0000   0.0000   0.0020   0.0046    0.443
   131   1.8065   0.5000   0.1843   0.1230   0.0038  -0.0012  -0.0013  -0.0096  -0.0096   0.0000   0.0000   0.0019   0.0043    0.452
   132   1.8074   0.5000   0.1533   0.1192   0.0036  -0.0010  -0.0015  -0.0081  -0.0081   0.0000   0.0000   0.0018   0.0038    0.472
   133   1.8083   0.5000   0.1235   0.1154   0.0033  -0.0007  -0.0018  -0.0057  -0.0057   0.0000   0.0000   0.0016   0.0030    0.524
   134   1.8091   0.5000   0.0955   0.1119   0.0030  -0.0002  -0.0021  -0.0019  -0.0019   0.0000   0.0000   0.0012   0.0017    0.854
   135   1.8099   0.5000   0.0701   0.1088   0.0026   0.0004  -0.0019   0.0038   0.0037  -0.0000   0.0000   0.0006  -0.0003    0.094
   136   1.8106   0.5000   0.0479   0.1060   0.0022   0.0013  -0.0006   0.0121   0.0120  -0.0000   0.0000  -0.0002  -0.0032    0.271
   137   1.8111   0.5000   0.0295   0.1037   0.0017   0.0024   0.0041   0.0233   0.0233  -0.0001   0.0000  -0.0013  -0.0071    0.305
   138   1.8115   0.5000   0.0152   0.1019   0.0012   0.0037   0.0150   0.0364   0.0364  -0.0002   0.0000  -0.0023  -0.0113    0.313
   139   1.8118   0.5000   0.0055   0.1007   0.0007   0.0049   0.0386   0.0487   0.0486  -0.0004   0.0000  -0.0029  -0.0151    0.311
   140   1.8120   0.5000   0.0006   0.1001   0.0002   0.0057   0.1296   0.0571   0.0571  -0.0022   0.0000  -0.0032  -0.0174    0.306

  Surface # 8     hstab_panel_0                           
     # Chordwise = 12   # Spanwise = 20     First strip =141
     Surface area Ssurf =    0.043750     Ave. chord Cave =    0.125000

 Forces referred to Sref, Cref, Bref about Xref, Yref, Zref
 Standard axis orientation,  X fwd, Z down         
     CLsurf  =   0.00295     Clsurf  =   0.00020
     CYsurf  =  -0.00001     Cmsurf  =  -0.01537
     CDsurf  =   0.00006     Cnsurf  =   0.00000
     CDisurf =   0.00006     CDvsurf =   0.00000

 Forces referred to Ssurf, Cave 
     CLsurf  =   0.08659     CDsurf  =   0.00166

 Strip Forces referred to Strip Area, Chord
    j     Xle      Yle      Zle      Chord    Area     c_cl     ai     cl_norm    cl       cd       cdv    cm_c/4     cm_LE   C.P.x/c
   141   1.8000  -0.4995   0.0000   0.1499   0.0003   0.0069  -0.2369   0.0458   0.0458   0.0021   0.0000  -0.0023  -0.0137    0.300
   142   1.8002  -0.4952   0.0000   0.1493   0.0010   0.0082  -0.0314   0.0547   0.0547   0.0013   0.0000  -0.0039  -0.0175    0.321
   143   1.8005  -0.4867   0.0000   0.1481   0.0016   0.0095   0.0033   0.0643   0.0643   0.0014   0.0000  -0.0055  -0.0216    0.336
   144   1.8009  -0.4742   0.0000   0.1463   0.0021   0.0108   0.0159   0.0735   0.0735   0.0016   0.0000  -0.0069  -0.0253    0.344
   145   1.8014  -0.4581   0.0000   0.1440   0.0026   0.0117   0.0200   0.0815   0.0815   0.0016   0.0000  -0.0080  -0.0284    0.349
   146   1.8021  -0.4387   0.0000   0.1412   0.0029   0.0124   0.0163   0.0877   0.0877   0.0017   0.0000  -0.0089  -0.0308    0.351
   147   1.8029  -0.4164   0.0000   0.1381   0.0032   0.0128   0.0224   0.0925   0.0925   0.0018   0.0000  -0.0094  -0.0326    0.352
   148   1.8037  -0.3920   0.0000   0.1346   0.0034   0.0129   0.0212   0.0960   0.0960   0.0018   0.0000  -0.0098  -0.0338    0.352
   149   1.8046  -0.3659   0.0000   0.1308   0.0035   0.0129   0.0202   0.0984   0.0984   0.0018   0.0000  -0.0101  -0.0347    0.353
   150   1.8055  -0.3387   0.0000   0.1270   0.0035   0.0126   0.0227   0.0996   0.0996   0.0018   0.0000  -0.0102  -0.0351    0.353
   151   1.8065  -0.3113   0.0000   0.1230   0.0034   0.0123   0.0204   0.0997   0.0997   0.0018   0.0000  -0.0102  -0.0351    0.352
   152   1.8074  -0.2841   0.0000   0.1192   0.0032   0.0118   0.0201   0.0987   0.0987   0.0018   0.0000  -0.0101  -0.0347    0.352
   153   1.8083  -0.2580   0.0000   0.1154   0.0029   0.0111   0.0258   0.0961   0.0961   0.0018   0.0000  -0.0098  -0.0338    0.352
   154   1.8091  -0.2336   0.0000   0.1119   0.0026   0.0103   0.0217   0.0919   0.0919   0.0017   0.0000  -0.0093  -0.0323    0.352
   155   1.8099  -0.2113   0.0000   0.1088   0.0023   0.0093   0.0225   0.0854   0.0854   0.0016   0.0000  -0.0086  -0.0300    0.351
   156   1.8106  -0.1919   0.0000   0.1060   0.0019   0.0081   0.0234   0.0765   0.0765   0.0015   0.0000  -0.0076  -0.0267    0.349
   157   1.8111  -0.1758   0.0000   0.1037   0.0015   0.0067   0.0265   0.0645   0.0645   0.0014   0.0000  -0.0062  -0.0223    0.347
   158   1.8115  -0.1633   0.0000   0.1019   0.0011   0.0050   0.0281   0.0494   0.0494   0.0011   0.0000  -0.0046  -0.0169    0.343
   159   1.8118  -0.1548   0.0000   0.1007   0.0006   0.0031   0.0299   0.0312   0.0312   0.0007   0.0000  -0.0027  -0.0105    0.338
   160   1.8120  -0.1505   0.0000   0.1001   0.0002   0.0011   0.0311   0.0107   0.0107   0.0003   0.0000  -0.0009  -0.0036    0.333

  Surface # 9     hstab_panel_0 (YDUP)                    
     # Chordwise = 12   # Spanwise = 20     First strip =161
     Surface area Ssurf =    0.043750     Ave. chord Cave =    0.125000

 Forces referred to Sref, Cref, Bref about Xref, Yref, Zref
 Standard axis orientation,  X fwd, Z down         
     CLsurf  =   0.00274     Clsurf  =  -0.00018
     CYsurf  =   0.00001     Cmsurf  =  -0.01428
     CDsurf  =   0.00005     Cnsurf  =  -0.00000
     CDisurf =   0.00005     CDvsurf =   0.00000

 Forces referred to Ssurf, Cave 
     CLsurf  =   0.08046     CDsurf  =   0.00156

 Strip Forces referred to Strip Area, Chord
    j     Xle      Yle      Zle      Chord    Area     c_cl     ai     cl_norm    cl       cd       cdv    cm_c/4     cm_LE   C.P.x/c
   161   1.8000   0.4995   0.0000   0.1499   0.0003   0.0012  -0.1330   0.0081   0.0081   0.0002   0.0000  -0.0007   0.0027    0.334
   162   1.8002   0.4952   0.0000   0.1493   0.0010   0.0036  -0.0203   0.0240   0.0240   0.0006   0.0000  -0.0021   0.0081    0.338
   163   1.8005   0.4867   0.0000   0.1481   0.0016   0.0059   0.0037   0.0396   0.0396   0.0009   0.0000  -0.0037   0.0136    0.343
   164   1.8009   0.4742   0.0000   0.1463   0.0021   0.0079   0.0149   0.0543   0.0543   0.0012   0.0000  -0.0052   0.0188    0.347
   165   1.8014   0.4581   0.0000   0.1440   0.0026   0.0097   0.0199   0.0671   0.0671   0.0014   0.0000  -0.0066   0.0234    0.349
   166   1.8021   0.4387   0.0000   0.1412   0.0029   0.0109   0.0169   0.0774   0.0774   0.0016   0.0000  -0.0078   0.0271    0.351
   167   1.8029   0.4164   0.0000   0.1381   0.0032   0.0118   0.0231   0.0852   0.0852   0.0017   0.0000  -0.0087   0.0299    0.352
   168   1.8037   0.3920   0.0000   0.1346   0.0034   0.0122   0.0219   0.0909   0.0909   0.0017   0.0000  -0.0093   0.0320    0.352
   169   1.8046   0.3659   0.0000   0.1308   0.0035   0.0124   0.0207   0.0947   0.0947   0.0018   0.0000  -0.0097   0.0334    0.353
   170   1.8055   0.3387   0.0000   0.1270   0.0035   0.0123   0.0231   0.0971   0.0971   0.0018   0.0000  -0.0100   0.0342    0.353
   171   1.8065   0.3113   0.0000   0.1230   0.0034   0.0121   0.0207   0.0979   0.0979   0.0018   0.0000  -0.0100   0.0345    0.353
   172   1.8074   0.2841   0.0000   0.1192   0.0032   0.0116   0.0203   0.0974   0.0974   0.0018   0.0000  -0.0100   0.0343    0.352
   173   1.8083   0.2580   0.0000   0.1154   0.0029   0.0110   0.0260   0.0952   0.0952   0.0017   0.0000  -0.0097   0.0335    0.352
   174   1.8091   0.2336   0.0000   0.1119   0.0026   0.0102   0.0218   0.0912   0.0912   0.0017   0.0000  -0.0093   0.0320    0.352
   175   1.8099   0.2113   0.0000   0.1088   0.0023   0.0092   0.0226   0.0849   0.0849   0.0016   0.0000  -0.0086   0.0298    0.351
   176   1.8106   0.1919   0.0000   0.1060   0.0019   0.0081   0.0235   0.0761   0.0761   0.0015   0.0000  -0.0075   0.0266    0.349
   177   1.8111   0.1758   0.0000   0.1037   0.0015   0.0067   0.0266   0.0642   0.0642   0.0014   0.0000  -0.0062   0.0223    0.347
   178   1.8115   0.1633   0.0000   0.1019   0.0011   0.0050   0.0282   0.0492   0.0492   0.0011   0.0000  -0.0046   0.0169    0.343
   179   1.8118   0.1548   0.0000   0.1007   0.0006   0.0031   0.0299   0.0311   0.0311   0.0007   0.0000  -0.0027   0.0105    0.338
   180   1.8120   0.1505   0.0000   0.1001   0.0002   0.0011   0.0312   0.0106   0.0106   0.0003   0.0000  -0.0009   0.0035    0.333

  Surface #10     fin_panel_0                             
     # Chordwise = 12   # Spanwise = 20     First strip =181
     Surface area Ssurf =    0.050000     Ave. chord Cave =    0.125000

 Forces referred to Sref, Cref, Bref about Xref, Yref, Zref
 Standard axis orientation,  X fwd, Z down         
     CLsurf  =   0.00000     Clsurf  =  -0.00000
     CYsurf  =   0.00015     Cmsurf  =   0.00000
     CDsurf  =  -0.00000     Cnsurf  =  -0.00004
     CDisurf =  -0.00000     CDvsurf =   0.00000

 Forces referred to Ssurf, Cave 
     CLsurf  =   0.00381     CDsurf  =  -0.00003

 Strip Forces referred to Strip Area, Chord
    j     Xle      Yle      Zle      Chord    Area     c_cl     ai     cl_norm    cl       cd       cdv    cm_c/4     cm_LE   C.P.x/c
   181   1.8000  -0.5000   0.3994   0.1499   0.0004  -0.0001  -0.0036  -0.0003  -0.0003   0.0000   0.0000   0.0003   0.0004    1.071
   182   1.8002  -0.5000   0.3945   0.1493   0.0011  -0.0001  -0.0035  -0.0010  -0.0010   0.0000   0.0000   0.0008   0.0010    1.068
   183   1.8005  -0.5000   0.3848   0.1481   0.0018  -0.0002  -0.0033  -0.0015  -0.0015   0.0000   0.0000   0.0012   0.0016    1.066
   184   1.8009  -0.5000   0.3705   0.1463   0.0024  -0.0003  -0.0031  -0.0019  -0.0019   0.0000   0.0000   0.0015   0.0020    1.062
   185   1.8014  -0.5000   0.3521   0.1440   0.0029  -0.0003  -0.0029  -0.0021  -0.0021   0.0000   0.0000   0.0017   0.0023    1.057
   186   1.8021  -0.5000   0.3299   0.1412   0.0034  -0.0003  -0.0027  -0.0023  -0.0023   0.0000   0.0000   0.0018   0.0024    1.054
   187   1.8029  -0.5000   0.3045   0.1381   0.0037  -0.0003  -0.0027  -0.0023  -0.0023   0.0000   0.0000   0.0019   0.0024    1.059
   188   1.8037  -0.5000   0.2765   0.1346   0.0039  -0.0003  -0.0026  -0.0022  -0.0022   0.0000   0.0000   0.0019   0.0024    1.085
   189   1.8046  -0.5000   0.2467   0.1308   0.0040  -0.0003  -0.0027  -0.0020  -0.0020   0.0000   0.0000   0.0019   0.0024    1.157
   190   1.8055  -0.5000   0.2157   0.1270   0.0040  -0.0002  -0.0028  -0.0016  -0.0016   0.0000   0.0000   0.0018   0.0022    1.354
   191   1.8065  -0.5000   0.1843   0.1230   0.0038  -0.0001  -0.0030  -0.0009  -0.0009   0.0000   0.0000   0.0017   0.0019  999.000
   192   1.8074  -0.5000   0.1533   0.1192   0.0036   0.0000  -0.0032   0.0004   0.0004   0.0000   0.0000   0.0016   0.0015  999.000
   193   1.8083  -0.5000   0.1235   0.1154   0.0033   0.0003  -0.0035   0.0024   0.0024  -0.0000   0.0000   0.0013   0.0007   -0.294
   194   1.8091  -0.5000   0.0955   0.1119   0.0030   0.0006  -0.0038   0.0057   0.0057  -0.0000   0.0000   0.0009  -0.0005    0.090
   195   1.8099  -0.5000   0.0701   0.1088   0.0026   0.0012  -0.0037   0.0107   0.0107  -0.0000   0.0000   0.0003  -0.0024    0.222
   196   1.8106  -0.5000   0.0479   0.1060   0.0022   0.0019  -0.0025   0.0184   0.0184  -0.0001   0.0000  -0.0006  -0.0051    0.280
   197   1.8111  -0.5000   0.0295   0.1037   0.0017   0.0030   0.0019   0.0289   0.0289  -0.0001   0.0000  -0.0016  -0.0088    0.306
   198   1.8115  -0.5000   0.0152   0.1019   0.0012   0.0042   0.0127   0.0415   0.0415  -0.0003   0.0000  -0.0026  -0.0130    0.314
   199   1.8118  -0.5000   0.0055   0.1007   0.0007   0.0054   0.0358   0.0534   0.0533  -0.0005   0.0000  -0.0033  -0.0166    0.313
   200   1.8120  -0.5000   0.0006   0.1001   0.0002   0.0062   0.1235   0.0616   0.0615  -0.0025   0.0000  -0.0036  -0.0190    0.309
 ---------------------------------------------------------------
