 ---------------------------------------------------------------
 Surface and Strip Forces by surface

  Sref =  1.2850       Cref = 0.25900       Bref =  4.9540    
  Xref = 0.50000       Yref =  0.0000       Zref =  0.0000    

  Surface # 1     main_wing_panel_0                       
     # Chordwise = 12   # Spanwise = 20     First strip =  1
     Surface area Ssurf =    0.365400     Ave. chord Cave =    0.290000

 Forces referred to Sref, Cref, Bref about Xref, Yref, Zref
 Standard axis orientation,  X fwd, Z down         
     CLsurf  =   0.05626     Clsurf  =  -0.00708
     CYsurf  =  -0.00000     Cmsurf  =   0.00860
     CDsurf  =   0.00016     Cnsurf  =   0.00005
     CDisurf =   0.00016     CDvsurf =   0.00000

 Forces referred to Ssurf, Cave 
     CLsurf  =   0.19784     CDsurf  =   0.00057

 Strip Forces referred to Strip Area, Chord
    j     Xle      Yle      Zle      Chord    Area     c_cl     ai     cl_norm    cl       cd       cdv    cm_c/4     cm_LE   C.P.x/c
     1   0.4000   0.0019   0.0000   0.2900   0.0022   0.0584   0.0014   0.2015   0.2015   0.0005   0.0000   0.0083  -0.0420    0.209
     2   0.4000   0.0174   0.0000   0.2900   0.0067   0.0584   0.0013   0.2015   0.2015   0.0005   0.0000   0.0083  -0.0420    0.209
     3   0.4000   0.0480   0.0000   0.2900   0.0110   0.0584   0.0010   0.2015   0.2015   0.0005   0.0000   0.0083  -0.0420    0.209
     4   0.4000   0.0928   0.0000   0.2900   0.0150   0.0584  -0.0007   0.2014   0.2014   0.0005   0.0000   0.0083  -0.0420    0.209
     5   0.4000   0.1509   0.0000   0.2900   0.0186   0.0584  -0.0303   0.2014   0.2014   0.0005   0.0000   0.0083  -0.0420    0.209
     6   0.4000   0.2208   0.0000   0.2900   0.0218   0.0584  -0.0160   0.2012   0.2012   0.0005   0.0000   0.0083  -0.0420    0.209
     7   0.4000   0.3008   0.0000   0.2900   0.0244   0.0583   0.0168   0.2010   0.2010   0.0005   0.0000   0.0083  -0.0419    0.209
     8   0.4000   0.3889   0.0000   0.2900   0.0265   0.0582   0.0114   0.2007   0.2007   0.0005   0.0000   0.0083  -0.0419    0.209
     9   0.4000   0.4829   0.0000   0.2900   0.0279   0.0581  -0.0328   0.2002   0.2002   0.0005   0.0000   0.0083  -0.0417    0.209
    10   0.4000   0.5806   0.0000   0.2900   0.0286   0.0579   0.0129   0.1996   0.1996   0.0005   0.0000   0.0083  -0.0416    0.208
    11   0.4000   0.6794   0.0000   0.2900   0.0286   0.0576   0.0057   0.1988   0.1988   0.0006   0.0000   0.0083  -0.0414    0.208
    12   0.4000   0.7771   0.0000   0.2900   0.0279   0.0574   0.0515   0.1978   0.1978   0.0006   0.0000   0.0082  -0.0412    0.208
    13   0.4000   0.8711   0.0000   0.2900   0.0265   0.0570  -0.0039   0.1966   0.1966   0.0006   0.0000   0.0082  -0.0409    0.208
    14   0.4000   0.9592   0.0000   0.2900   0.0244   0.0566   0.0038   0.1953   0.1953   0.0006   0.0000   0.0082  -0.0406    0.208
    15   0.4000   1.0392   0.0000   0.2900   0.0218   0.0562   0.0052   0.1939   0.1939   0.0006   0.0000   0.0082  -0.0403    0.208
    16   0.4000   1.1091   0.0000   0.2900   0.0186   0.0558   0.0059   0.1924   0.1924   0.0007   0.0000   0.0081  -0.0400    0.208
    17   0.4000   1.1672   0.0000   0.2900   0.0150   0.0554   0.0064   0.1909   0.1909   0.0007   0.0000   0.0081  -0.0396    0.207
    18   0.4000   1.2120   0.0000   0.2900   0.0110   0.0550   0.0068   0.1896   0.1896   0.0007   0.0000   0.0081  -0.0393    0.207
    19   0.4000   1.2426   0.0000   0.2900   0.0067   0.0547   0.0070   0.1887   0.1887   0.0007   0.0000   0.0081  -0.0391    0.207
    20   0.4000   1.2581   0.0000   0.2900   0.0022   0.0546   0.0072   0.1881   0.1881   0.0008   0.0000   0.0081  -0.0390    0.207

  Surface # 2     main_wing_panel_0 (YDUP)                
     # Chordwise = 12   # Spanwise = 20     First strip = 21
     Surface area Ssurf =    0.365400     Ave. chord Cave =    0.290000

 Forces referred to Sref, Cref, Bref about Xref, Yref, Zref
 Standard axis orientation,  X fwd, Z down         
     CLsurf  =   0.05626     Clsurf  =   0.00708
     CYsurf  =  -0.00000     Cmsurf  =   0.00860
     CDsurf  =   0.00016     Cnsurf  =  -0.00005
     CDisurf =   0.00016     CDvsurf =   0.00000

 Forces referred to Ssurf, Cave 
     CLsurf  =   0.19784     CDsurf  =   0.00057

 Strip Forces referred to Strip Area, Chord
    j     Xle      Yle      Zle      Chord    Area     c_cl     ai     cl_norm    cl       cd       cdv    cm_c/4     cm_LE   C.P.x/c
    21   0.4000  -0.0019   0.0000   0.2900   0.0022   0.0584   0.0014   0.2015   0.2015   0.0005   0.0000   0.0083   0.0420    0.209
    22   0.4000  -0.0174   0.0000   0.2900   0.0067   0.0584   0.0013   0.2015   0.2015   0.0005   0.0000   0.0083   0.0420    0.209
    23   0.4000  -0.0480   0.0000   0.2900   0.0110   0.0584   0.0010   0.2015   0.2015   0.0005   0.0000   0.0083   0.0420    0.209
    24   0.4000  -0.0928   0.0000   0.2900   0.0150   0.0584  -0.0007   0.2014   0.2014   0.0005   0.0000   0.0083   0.0420    0.209
    25   0.4000  -0.1509   0.0000   0.2900   0.0186   0.0584  -0.0304   0.2014   0.2014   0.0005   0.0000   0.0083   0.0420    0.209
    26   0.4000  -0.2208   0.0000   0.2900   0.0218   0.0584  -0.0162   0.2012   0.2012   0.0005   0.0000   0.0083   0.0420    0.209
    27   0.4000  -0.3008   0.0000   0.2900   0.0244   0.0583   0.0170   0.2010   0.2010   0.0005   0.0000   0.0083   0.0419    0.209
    28   0.4000  -0.3889   0.0000   0.2900   0.0265   0.0582   0.0115   0.2007   0.2007   0.0005   0.0000   0.0083   0.0419    0.209
    29   0.4000  -0.4829   0.0000   0.2900   0.0279   0.0581  -0.0249   0.2002   0.2002   0.0005   0.0000   0.0083   0.0417    0.209
    30   0.4000  -0.5806   0.0000   0.2900   0.0286   0.0579   0.0130   0.1996   0.1996   0.0005   0.0000   0.0083   0.0416    0.208
    31   0.4000  -0.6794   0.0000   0.2900   0.0286   0.0576   0.0058   0.1988   0.1988   0.0006   0.0000   0.0083   0.0414    0.208
    32   0.4000  -0.7771   0.0000   0.2900   0.0279   0.0574   0.0513   0.1978   0.1978   0.0006   0.0000   0.0082   0.0412    0.208
    33   0.4000  -0.8711   0.0000   0.2900   0.0265   0.0570  -0.0039   0.1966   0.1966   0.0006   0.0000   0.0082   0.0409    0.208
    34   0.4000  -0.9592   0.0000   0.2900   0.0244   0.0566   0.0038   0.1953   0.1953   0.0006   0.0000   0.0082   0.0406    0.208
    35   0.4000  -1.0392   0.0000   0.2900   0.0218   0.0562   0.0052   0.1939   0.1939   0.0006   0.0000   0.0082   0.0403    0.208
    36   0.4000  -1.1091   0.0000   0.2900   0.0186   0.0558   0.0059   0.1924   0.1924   0.0007   0.0000   0.0081   0.0400    0.208
    37   0.4000  -1.1672   0.0000   0.2900   0.0150   0.0554   0.0064   0.1909   0.1909   0.0007   0.0000   0.0081   0.0396    0.207
    38   0.4000  -1.2120   0.0000   0.2900   0.0110   0.0550   0.0068   0.1896   0.1896   0.0007   0.0000   0.0081   0.0393    0.207
    39   0.4000  -1.2426   0.0000   0.2900   0.0067   0.0547   0.0070   0.1887   0.1887   0.0007   0.0000   0.0081   0.0391    0.207
    40   0.4000  -1.2581   0.0000   0.2900   0.0022   0.0546   0.0072   0.1881   0.1881   0.0008   0.0000   0.0081   0.0390    0.207

  Surface # 3     main_wing_panel_1                       
     # Chordwise = 12   # Spanwise = 20     First strip = 41
     Surface area Ssurf =    0.275268     Ave. chord Cave =    0.226186

 Forces referred to Sref, Cref, Bref about Xref, Yref, Zref
 Standard axis orientation,  X fwd, Z down         
     CLsurf  =   0.03495     Clsurf  =  -0.01225
     CYsurf  =   0.00004     Cmsurf  =   0.00533
     CDsurf  =   0.00011     Cnsurf  =   0.00008
     CDisurf =   0.00011     CDvsurf =   0.00000

 Forces referred to Ssurf, Cave 
     CLsurf  =   0.16316     CDsurf  =   0.00053

 Strip Forces referred to Strip Area, Chord
    j     Xle      Yle      Zle      Chord    Area     c_cl     ai     cl_norm    cl       cd       cdv    cm_c/4     cm_LE   C.P.x/c
    41   0.4000   1.2617   0.0000   0.2899   0.0020   0.0545   0.0072   0.1881   0.1881   0.0008   0.0000   0.0081  -0.0389    0.207
    42   0.4001   1.2754   0.0000   0.2895   0.0059   0.0544   0.0072   0.1878   0.1878   0.0007   0.0000   0.0081  -0.0389    0.207
    43   0.4003   1.3025   0.0000   0.2887   0.0097   0.0541   0.0073   0.1872   0.1872   0.0007   0.0000   0.0081  -0.0387    0.207
    44   0.4005   1.3423   0.0000   0.2876   0.0132   0.0535   0.0074   0.1862   0.1862   0.0007   0.0000   0.0081  -0.0384    0.206
    45   0.4009   1.3938   0.0000   0.2861   0.0163   0.0528   0.0076   0.1846   0.1846   0.0007   0.0000   0.0081  -0.0380    0.206
    46   0.4013   1.4558   0.0000   0.2842   0.0189   0.0518   0.0079   0.1823   0.1823   0.0008   0.0000   0.0081  -0.0375    0.205
    47   0.4017   1.5267   0.0000   0.2821   0.0211   0.0504   0.0083   0.1788   0.1788   0.0008   0.0000   0.0081  -0.0366    0.205
    48   0.4034   1.6218   0.0000   0.2760   0.0319   0.0483   0.0081   0.1750   0.1750   0.0007   0.0000   0.0081  -0.0357    0.204
    49   0.4064   1.7407   0.0000   0.2654   0.0323   0.0449   0.0075   0.1693   0.1693   0.0006   0.0000   0.0080  -0.0343    0.203
    50   0.4095   1.8476   0.0000   0.2533   0.0232   0.0411   0.0066   0.1623   0.1623   0.0005   0.0000   0.0079  -0.0327    0.201
    51   0.4125   1.9394   0.0000   0.2397   0.0219   0.0372   0.0053   0.1551   0.1551   0.0004   0.0000   0.0077  -0.0311    0.200
    52   0.4161   2.0215   0.0000   0.2255   0.0163   0.0334   0.0044   0.1482   0.1482   0.0003   0.0000   0.0076  -0.0294    0.199
    53   0.4201   2.0922   0.0000   0.2109   0.0145   0.0298   0.0039   0.1414   0.1414   0.0003   0.0000   0.0076  -0.0277    0.196
    54   0.4256   2.1823   0.0000   0.1881   0.0207   0.0256   0.0032   0.1359   0.1359   0.0002   0.0000   0.0078  -0.0261    0.193
    55   0.4331   2.2799   0.0000   0.1570   0.0133   0.0205   0.0023   0.1306   0.1306   0.0001   0.0000   0.0081  -0.0244    0.188
    56   0.4393   2.3401   0.0000   0.1327   0.0049   0.0167   0.0018   0.1255   0.1255   0.0001   0.0000   0.0083  -0.0229    0.184
    57   0.4433   2.3732   0.0000   0.1167   0.0034   0.0137   0.0019   0.1174   0.1174   0.0001   0.0000   0.0081  -0.0210    0.181
    58   0.4499   2.4149   0.0000   0.0897   0.0046   0.0103   0.0014   0.1146   0.1146   0.0000   0.0000   0.0084  -0.0199    0.176
    59   0.4623   2.4550   0.0000   0.0412   0.0012   0.0055  -0.0045   0.1324   0.1324  -0.0006   0.0000   0.0109  -0.0200    0.168
    60   0.4718   2.4745   0.0000   0.0046   0.0000   0.0012  -0.0311   0.2545   0.2544  -0.0053   0.0000   0.0200  -0.0392    0.171

  Surface # 4     main_wing_panel_1 (YDUP)                
     # Chordwise = 12   # Spanwise = 20     First strip = 61
     Surface area Ssurf =    0.275268     Ave. chord Cave =    0.226186

 Forces referred to Sref, Cref, Bref about Xref, Yref, Zref
 Standard axis orientation,  X fwd, Z down         
     CLsurf  =   0.03495     Clsurf  =   0.01225
     CYsurf  =  -0.00004     Cmsurf  =   0.00533
     CDsurf  =   0.00011     Cnsurf  =  -0.00008
     CDisurf =   0.00011     CDvsurf =   0.00000

 Forces referred to Ssurf, Cave 
     CLsurf  =   0.16316     CDsurf  =   0.00053

 Strip Forces referred to Strip Area, Chord
    j     Xle      Yle      Zle      Chord    Area     c_cl     ai     cl_norm    cl       cd       cdv    cm_c/4     cm_LE   C.P.x/c
    61   0.4000  -1.2617   0.0000   0.2899   0.0020   0.0545   0.0072   0.1881   0.1881   0.0008   0.0000   0.0081   0.0389    0.207
    62   0.4001  -1.2754   0.0000   0.2895   0.0059   0.0544   0.0072   0.1878   0.1878   0.0007   0.0000   0.0081   0.0389    0.207
    63   0.4003  -1.3025   0.0000   0.2887   0.0097   0.0541   0.0073   0.1872   0.1872   0.0007   0.0000   0.0081   0.0387    0.207
    64   0.4005  -1.3423   0.0000   0.2876   0.0132   0.0535   0.0074   0.1862   0.1862   0.0007   0.0000   0.0081   0.0384    0.206
    65   0.4009  -1.3938   0.0000   0.2861   0.0163   0.0528   0.0076   0.1846   0.1846   0.0007   0.0000   0.0081   0.0380    0.206
    66   0.4013  -1.4558   0.0000   0.2842   0.0189   0.0518   0.0079   0.1823   0.1823   0.0008   0.0000   0.0081   0.0375    0.205
    67   0.4017  -1.5267   0.0000   0.2821   0.0211   0.0504   0.0083   0.1788   0.1788   0.0008   0.0000   0.0081   0.0366    0.205
    68   0.4034  -1.6218   0.0000   0.2760   0.0319   0.0483   0.0081   0.1750   0.1750   0.0007   0.0000   0.0081   0.0357    0.204
    69   0.4064  -1.7407   0.0000   0.2654   0.0323   0.0449   0.0075   0.1693   0.1693   0.0006   0.0000   0.0080   0.0343    0.203
    70   0.4095  -1.8476   0.0000   0.2533   0.0232   0.0411   0.0066   0.1623   0.1623   0.0005   0.0000   0.0079   0.0327    0.201
    71   0.4125  -1.9394   0.0000   0.2397   0.0219   0.0372   0.0053   0.1551   0.1551   0.0004   0.0000   0.0077   0.0311    0.200
    72   0.4161  -2.0215   0.0000   0.2255   0.0163   0.0334   0.0044   0.1482   0.1482   0.0003   0.0000   0.0076   0.0294    0.199
    73   0.4201  -2.0922   0.0000   0.2109   0.0145   0.0298   0.0039   0.1414   0.1414   0.0003   0.0000   0.0076   0.0277    0.196
    74   0.4256  -2.1823   0.0000   0.1881   0.0207   0.0256   0.0032   0.1359   0.1359   0.0002   0.0000   0.0078   0.0261    0.193
    75   0.4331  -2.2799   0.0000   0.1570   0.0133   0.0205   0.0023   0.1306   0.1306   0.0001   0.0000   0.0081   0.0244    0.188
    76   0.4393  -2.3401   0.0000   0.1327   0.0049   0.0167   0.0018   0.1255   0.1255   0.0001   0.0000   0.0083   0.0229    0.184
    77   0.4433  -2.3732   0.0000   0.1167   0.0034   0.0137   0.0019   0.1174   0.1174   0.0001   0.0000   0.0081   0.0210    0.181
    78   0.4499  -2.4149   0.0000   0.0897   0.0046   0.0103   0.0014   0.1146   0.1146   0.0000   0.0000   0.0084   0.0199    0.176
    79   0.4623  -2.4550   0.0000   0.0412   0.0012   0.0055  -0.0045   0.1324   0.1324  -0.0006   0.0000   0.0109   0.0200    0.168
    80   0.4718  -2.4745   0.0000   0.0046   0.0000   0.0012  -0.0311   0.2545   0.2544  -0.0053   0.0000   0.0200   0.0392    0.171

  Surface # 5     hstab_panel_0                           
     # Chordwise = 12   # Spanwise = 20     First strip = 81
     Surface area Ssurf =    0.043750     Ave. chord Cave =    0.125000

 Forces referred to Sref, Cref, Bref about Xref, Yref, Zref
 Standard axis orientation,  X fwd, Z down         
     CLsurf  =   0.00127     Clsurf  =  -0.00017
     CYsurf  =   0.00000     Cmsurf  =  -0.00685
     CDsurf  =   0.00001     Cnsurf  =   0.00000
     CDisurf =   0.00001     CDvsurf =   0.00000

 Forces referred to Ssurf, Cave 
     CLsurf  =   0.03724     CDsurf  =   0.00039

 Strip Forces referred to Strip Area, Chord
    j     Xle      Yle      Zle      Chord    Area     c_cl     ai     cl_norm    cl       cd       cdv    cm_c/4     cm_LE   C.P.x/c
    81   1.8000   0.5005   0.0000   0.1499   0.0003   0.0017  -0.1439   0.0113   0.0113   0.0002   0.0000  -0.0050  -0.0078    0.691
    82   1.8002   0.5048   0.0000   0.1493   0.0010   0.0028  -0.0147   0.0190   0.0190   0.0002   0.0000  -0.0089  -0.0137    0.721
    83   1.8005   0.5133   0.0000   0.1481   0.0016   0.0039   0.0061   0.0263   0.0263   0.0003   0.0000  -0.0126  -0.0192    0.728
    84   1.8009   0.5258   0.0000   0.1463   0.0021   0.0048   0.0144   0.0326   0.0326   0.0004   0.0000  -0.0155  -0.0236    0.725
    85   1.8014   0.5419   0.0000   0.1440   0.0026   0.0054   0.0120   0.0373   0.0373   0.0004   0.0000  -0.0175  -0.0268    0.719
    86   1.8021   0.5613   0.0000   0.1412   0.0029   0.0057   0.0128   0.0404   0.0404   0.0005   0.0000  -0.0187  -0.0288    0.713
    87   1.8029   0.5836   0.0000   0.1381   0.0032   0.0058   0.0125   0.0423   0.0423   0.0005   0.0000  -0.0194  -0.0300    0.709
    88   1.8037   0.6080   0.0000   0.1346   0.0034   0.0058   0.0124   0.0433   0.0433   0.0005   0.0000  -0.0198  -0.0307    0.708
    89   1.8046   0.6341   0.0000   0.1308   0.0035   0.0057   0.0067   0.0436   0.0436   0.0004   0.0000  -0.0201  -0.0310    0.710
    90   1.8055   0.6613   0.0000   0.1270   0.0035   0.0055   0.0103   0.0433   0.0433   0.0004   0.0000  -0.0202  -0.0310    0.716
    91   1.8065   0.6887   0.0000   0.1230   0.0034   0.0052   0.0105   0.0424   0.0424   0.0004   0.0000  -0.0202  -0.0308    0.727
    92   1.8074   0.7159   0.0000   0.1192   0.0032   0.0049   0.0117   0.0411   0.0411   0.0004   0.0000  -0.0202  -0.0304    0.741
    93   1.8083   0.7420   0.0000   0.1154   0.0029   0.0045   0.0085   0.0393   0.0393   0.0004   0.0000  -0.0200  -0.0298    0.760
    94   1.8091   0.7664   0.0000   0.1119   0.0026   0.0042   0.0100   0.0371   0.0371   0.0004   0.0000  -0.0198  -0.0290    0.783
    95   1.8099   0.7887   0.0000   0.1088   0.0023   0.0037   0.0112   0.0344   0.0344   0.0003   0.0000  -0.0193  -0.0279    0.810
    96   1.8106   0.8081   0.0000   0.1060   0.0019   0.0033   0.0133   0.0311   0.0311   0.0003   0.0000  -0.0184  -0.0261    0.840
    97   1.8111   0.8242   0.0000   0.1037   0.0015   0.0028   0.0704   0.0269   0.0269   0.0003   0.0000  -0.0167  -0.0234    0.870
    98   1.8115   0.8367   0.0000   0.1019   0.0011   0.0022   0.0138   0.0213   0.0213   0.0003   0.0000  -0.0138  -0.0191    0.896
    99   1.8118   0.8452   0.0000   0.1007   0.0006   0.0014   0.0172   0.0139   0.0139   0.0002   0.0000  -0.0092  -0.0127    0.914
   100   1.8120   0.8495   0.0000   0.1001   0.0002   0.0005   0.0192   0.0049   0.0049   0.0001   0.0000  -0.0033  -0.0045    0.923

  Surface # 6     hstab_panel_0 (YDUP)                    
     # Chordwise = 12   # Spanwise = 20     First strip =101
     Surface area Ssurf =    0.043750     Ave. chord Cave =    0.125000

 Forces referred to Sref, Cref, Bref about Xref, Yref, Zref
 Standard axis orientation,  X fwd, Z down         
     CLsurf  =   0.00125     Clsurf  =   0.00017
     CYsurf  =  -0.00000     Cmsurf  =  -0.00673
     CDsurf  =   0.00001     Cnsurf  =  -0.00000
     CDisurf =   0.00001     CDvsurf =   0.00000

 Forces referred to Ssurf, Cave 
     CLsurf  =   0.03660     CDsurf  =   0.00039

 Strip Forces referred to Strip Area, Chord
    j     Xle      Yle      Zle      Chord    Area     c_cl     ai     cl_norm    cl       cd       cdv    cm_c/4     cm_LE   C.P.x/c
   101   1.8000  -0.5005   0.0000   0.1499   0.0003   0.0007  -0.1137   0.0049   0.0049   0.0001   0.0000  -0.0024   0.0037    0.750
   102   1.8002  -0.5048   0.0000   0.1493   0.0010   0.0022  -0.0114   0.0144   0.0144   0.0002   0.0000  -0.0072   0.0108    0.748
   103   1.8005  -0.5133   0.0000   0.1481   0.0016   0.0034   0.0064   0.0231   0.0231   0.0003   0.0000  -0.0114   0.0172    0.743
   104   1.8009  -0.5258   0.0000   0.1463   0.0021   0.0045   0.0142   0.0304   0.0304   0.0004   0.0000  -0.0148   0.0224    0.735
   105   1.8014  -0.5419   0.0000   0.1440   0.0026   0.0052   0.0120   0.0359   0.0359   0.0004   0.0000  -0.0171   0.0260    0.726
   106   1.8021  -0.5613   0.0000   0.1412   0.0029   0.0056   0.0128   0.0396   0.0396   0.0005   0.0000  -0.0185   0.0284    0.718
   107   1.8029  -0.5836   0.0000   0.1381   0.0032   0.0058   0.0124   0.0418   0.0418   0.0005   0.0000  -0.0194   0.0298    0.713
   108   1.8037  -0.6080   0.0000   0.1346   0.0034   0.0058   0.0123   0.0430   0.0430   0.0005   0.0000  -0.0198   0.0305    0.711
   109   1.8046  -0.6341   0.0000   0.1308   0.0035   0.0057   0.0066   0.0434   0.0434   0.0004   0.0000  -0.0201   0.0309    0.712
   110   1.8055  -0.6613   0.0000   0.1270   0.0035   0.0055   0.0102   0.0431   0.0431   0.0004   0.0000  -0.0202   0.0309    0.718
   111   1.8065  -0.6887   0.0000   0.1230   0.0034   0.0052   0.0105   0.0423   0.0423   0.0004   0.0000  -0.0202   0.0308    0.728
   112   1.8074  -0.7159   0.0000   0.1192   0.0032   0.0049   0.0117   0.0410   0.0410   0.0004   0.0000  -0.0202   0.0304    0.742
   113   1.8083  -0.7420   0.0000   0.1154   0.0029   0.0045   0.0085   0.0392   0.0392   0.0004   0.0000  -0.0200   0.0298    0.761
   114   1.8091  -0.7664   0.0000   0.1119   0.0026   0.0041   0.0100   0.0370   0.0370   0.0004   0.0000  -0.0198   0.0290    0.784
   115   1.8099  -0.7887   0.0000   0.1088   0.0023   0.0037   0.0112   0.0343   0.0343   0.0003   0.0000  -0.0193   0.0278    0.811
   116   1.8106  -0.8081   0.0000   0.1060   0.0019   0.0033   0.0133   0.0311   0.0311   0.0003   0.0000  -0.0184   0.0261    0.841
   117   1.8111  -0.8242   0.0000   0.1037   0.0015   0.0028   0.0703   0.0269   0.0269   0.0003   0.0000  -0.0167   0.0234    0.871
   118   1.8115  -0.8367   0.0000   0.1019   0.0011   0.0022   0.0138   0.0213   0.0213   0.0003   0.0000  -0.0138   0.0191    0.897
   119   1.8118  -0.8452   0.0000   0.1007   0.0006   0.0014   0.0172   0.0139   0.0139   0.0002   0.0000  -0.0092   0.0127    0.914
   120   1.8120  -0.8495   0.0000   0.1001   0.0002   0.0005   0.0192   0.0049   0.0049   0.0001   0.0000  -0.0033   0.0045    0.923

  Surface # 7     fin_panel_0                             
     # Chordwise = 12   # Spanwise = 20     First strip =121
     Surface area Ssurf =    0.050000     Ave. chord Cave =    0.125000

 Forces referred to Sref, Cref, Bref about Xref, Yref, Zref
 Standard axis orientation,  X fwd, Z down         
     CLsurf  =   0.00000     Clsurf  =  -0.00000
     CYsurf  =  -0.00008     Cmsurf  =  -0.00000
     CDsurf  =  -0.00000     Cnsurf  =   0.00002
     CDisurf =  -0.00000     CDvsurf =   0.00000

 Forces referred to Ssurf, Cave 
     CLsurf  =  -0.00206     CDsurf  =  -0.00000

 Strip Forces referred to Strip Area, Chord
    j     Xle      Yle      Zle      Chord    Area     c_cl     ai     cl_norm    cl       cd       cdv    cm_c/4     cm_LE   C.P.x/c
   121   1.8000   0.5000   0.3994   0.1499   0.0004  -0.0000   0.0004  -0.0002  -0.0002  -0.0000   0.0000   0.0003   0.0004  999.000
   122   1.8002   0.5000   0.3945   0.1493   0.0011  -0.0001   0.0005  -0.0005  -0.0005  -0.0000   0.0000   0.0009   0.0010  999.000
   123   1.8005   0.5000   0.3848   0.1481   0.0018  -0.0001   0.0006  -0.0007  -0.0007  -0.0000   0.0000   0.0014   0.0016  999.000
   124   1.8009   0.5000   0.3705   0.1463   0.0024  -0.0001   0.0007  -0.0010  -0.0010  -0.0000   0.0000   0.0017   0.0020  999.000
   125   1.8014   0.5000   0.3521   0.1440   0.0029  -0.0002   0.0008  -0.0012  -0.0012  -0.0000   0.0000   0.0019   0.0022    1.893
   126   1.8021   0.5000   0.3299   0.1412   0.0034  -0.0002   0.0008  -0.0014  -0.0014  -0.0000   0.0000   0.0020   0.0024    1.684
   127   1.8029   0.5000   0.3045   0.1381   0.0037  -0.0002   0.0008  -0.0017  -0.0017  -0.0000   0.0000   0.0021   0.0025    1.448
   128   1.8037   0.5000   0.2765   0.1346   0.0039  -0.0003   0.0007  -0.0021  -0.0021  -0.0000   0.0000   0.0021   0.0026    1.227
   129   1.8046   0.5000   0.2467   0.1308   0.0040  -0.0003   0.0005  -0.0026  -0.0026  -0.0000   0.0000   0.0021   0.0027    1.048
   130   1.8055   0.5000   0.2157   0.1270   0.0040  -0.0004   0.0003  -0.0032  -0.0032  -0.0000   0.0000   0.0021   0.0029    0.912
   131   1.8065   0.5000   0.1843   0.1230   0.0038  -0.0005   0.0001  -0.0037  -0.0037  -0.0000   0.0000   0.0021   0.0030    0.814
   132   1.8074   0.5000   0.1533   0.1192   0.0036  -0.0005  -0.0002  -0.0041  -0.0041  -0.0000   0.0000   0.0020   0.0030    0.746
   133   1.8083   0.5000   0.1235   0.1154   0.0033  -0.0005  -0.0005  -0.0043  -0.0043   0.0000   0.0000   0.0019   0.0030    0.703
   134   1.8091   0.5000   0.0955   0.1119   0.0030  -0.0005  -0.0008  -0.0041  -0.0041   0.0000   0.0000   0.0018   0.0028    0.680
   135   1.8099   0.5000   0.0701   0.1088   0.0026  -0.0004  -0.0010  -0.0034  -0.0034   0.0000   0.0000   0.0014   0.0023    0.672
   136   1.8106   0.5000   0.0479   0.1060   0.0022  -0.0002  -0.0010  -0.0018  -0.0018   0.0000   0.0000   0.0007   0.0012    0.661
   137   1.8111   0.5000   0.0295   0.1037   0.0017   0.0001  -0.0001   0.0009   0.0009  -0.0000   0.0000  -0.0006  -0.0008    0.902
   138   1.8115   0.5000   0.0152   0.1019   0.0012   0.0005   0.0029   0.0045   0.0045  -0.0000   0.0000  -0.0026  -0.0037    0.833
   139   1.8118   0.5000   0.0055   0.1007   0.0007   0.0008   0.0105   0.0082   0.0082  -0.0000   0.0000  -0.0049  -0.0070    0.852
   140   1.8120   0.5000   0.0006   0.1001   0.0002   0.0011   0.0362   0.0109   0.0109  -0.0002   0.0000  -0.0066  -0.0093    0.853

  Surface # 8     hstab_panel_0                           
     # Chordwise = 12   # Spanwise = 20     First strip =141
     Surface area Ssurf =    0.043750     Ave. chord Cave =    0.125000

 Forces referred to Sref, Cref, Bref about Xref, Yref, Zref
 Standard axis orientation,  X fwd, Z down         
     CLsurf  =   0.00134     Clsurf  =   0.00009
     CYsurf  =   0.00000     Cmsurf  =  -0.00722
     CDsurf  =   0.00001     Cnsurf  =  -0.00000
     CDisurf =   0.00001     CDvsurf =   0.00000

 Forces referred to Ssurf, Cave 
     CLsurf  =   0.03936     CDsurf  =   0.00039

 Strip Forces referred to Strip Area, Chord
    j     Xle      Yle      Zle      Chord    Area     c_cl     ai     cl_norm    cl       cd       cdv    cm_c/4     cm_LE   C.P.x/c
   141   1.8000  -0.4995   0.0000   0.1499   0.0003   0.0020  -0.1400   0.0132   0.0132   0.0002   0.0000  -0.0051  -0.0084    0.639
   142   1.8002  -0.4952   0.0000   0.1493   0.0010   0.0031  -0.0140   0.0208   0.0208   0.0002   0.0000  -0.0091  -0.0142    0.686
   143   1.8005  -0.4867   0.0000   0.1481   0.0016   0.0042   0.0058   0.0282   0.0282   0.0003   0.0000  -0.0127  -0.0197    0.702
   144   1.8009  -0.4742   0.0000   0.1463   0.0021   0.0050   0.0118   0.0344   0.0344   0.0004   0.0000  -0.0156  -0.0242    0.704
   145   1.8014  -0.4581   0.0000   0.1440   0.0026   0.0056   0.0128   0.0390   0.0390   0.0004   0.0000  -0.0176  -0.0274    0.701
   146   1.8021  -0.4387   0.0000   0.1412   0.0029   0.0060   0.0095   0.0422   0.0422   0.0005   0.0000  -0.0188  -0.0294    0.696
   147   1.8029  -0.4164   0.0000   0.1381   0.0032   0.0061   0.0125   0.0442   0.0442   0.0005   0.0000  -0.0195  -0.0306    0.692
   148   1.8037  -0.3920   0.0000   0.1346   0.0034   0.0061   0.0113   0.0453   0.0453   0.0005   0.0000  -0.0199  -0.0312    0.690
   149   1.8046  -0.3659   0.0000   0.1308   0.0035   0.0060   0.0103   0.0457   0.0457   0.0004   0.0000  -0.0202  -0.0316    0.691
   150   1.8055  -0.3387   0.0000   0.1270   0.0035   0.0058   0.0116   0.0455   0.0455   0.0004   0.0000  -0.0203  -0.0316    0.695
   151   1.8065  -0.3113   0.0000   0.1230   0.0034   0.0055   0.0098   0.0448   0.0448   0.0004   0.0000  -0.0203  -0.0315    0.703
   152   1.8074  -0.2841   0.0000   0.1192   0.0032   0.0052   0.0093   0.0436   0.0436   0.0004   0.0000  -0.0202  -0.0311    0.714
   153   1.8083  -0.2580   0.0000   0.1154   0.0029   0.0048   0.0125   0.0419   0.0419   0.0004   0.0000  -0.0201  -0.0305    0.730
   154   1.8091  -0.2336   0.0000   0.1119   0.0026   0.0044   0.0097   0.0397   0.0397   0.0004   0.0000  -0.0198  -0.0297    0.749
   155   1.8099  -0.2113   0.0000   0.1088   0.0023   0.0040   0.0101   0.0370   0.0370   0.0003   0.0000  -0.0193  -0.0285    0.772
   156   1.8106  -0.1919   0.0000   0.1060   0.0019   0.0036   0.0107   0.0335   0.0335   0.0003   0.0000  -0.0184  -0.0267    0.798
   157   1.8111  -0.1758   0.0000   0.1037   0.0015   0.0030   0.0132   0.0290   0.0290   0.0003   0.0000  -0.0167  -0.0239    0.825
   158   1.8115  -0.1633   0.0000   0.1019   0.0011   0.0023   0.0153   0.0229   0.0229   0.0003   0.0000  -0.0137  -0.0194    0.848
   159   1.8118  -0.1548   0.0000   0.1007   0.0006   0.0015   0.0177   0.0149   0.0149   0.0002   0.0000  -0.0092  -0.0129    0.865
   160   1.8120  -0.1505   0.0000   0.1001   0.0002   0.0005   0.0194   0.0052   0.0052   0.0001   0.0000  -0.0033  -0.0046    0.874

  Surface # 9     hstab_panel_0 (YDUP)                    
     # Chordwise = 12   # Spanwise = 20     First strip =161
     Surface area Ssurf =    0.043750     Ave. chord Cave =    0.125000

 Forces referred to Sref, Cref, Bref about Xref, Yref, Zref
 Standard axis orientation,  X fwd, Z down         
     CLsurf  =   0.00131     Clsurf  =  -0.00009
     CYsurf  =  -0.00000     Cmsurf  =  -0.00705
     CDsurf  =   0.00001     Cnsurf  =   0.00000
     CDisurf =   0.00001     CDvsurf =   0.00000

 Forces referred to Ssurf, Cave 
     CLsurf  =   0.03839     CDsurf  =   0.00039

 Strip Forces referred to Strip Area, Chord
    j     Xle      Yle      Zle      Chord    Area     c_cl     ai     cl_norm    cl       cd       cdv    cm_c/4     cm_LE   C.P.x/c
   161   1.8000   0.4995   0.0000   0.1499   0.0003   0.0007  -0.1142   0.0050   0.0050   0.0001   0.0000  -0.0025   0.0037    0.741
   162   1.8002   0.4952   0.0000   0.1493   0.0010   0.0022  -0.0119   0.0148   0.0148   0.0002   0.0000  -0.0072   0.0109    0.737
   163   1.8005   0.4867   0.0000   0.1481   0.0016   0.0035   0.0056   0.0237   0.0237   0.0003   0.0000  -0.0114   0.0174    0.732
   164   1.8009   0.4742   0.0000   0.1463   0.0021   0.0046   0.0115   0.0313   0.0313   0.0004   0.0000  -0.0148   0.0226    0.724
   165   1.8014   0.4581   0.0000   0.1440   0.0026   0.0053   0.0128   0.0370   0.0370   0.0004   0.0000  -0.0172   0.0264    0.714
   166   1.8021   0.4387   0.0000   0.1412   0.0029   0.0058   0.0096   0.0408   0.0408   0.0005   0.0000  -0.0186   0.0288    0.705
   167   1.8029   0.4164   0.0000   0.1381   0.0032   0.0060   0.0126   0.0433   0.0433   0.0005   0.0000  -0.0194   0.0302    0.699
   168   1.8037   0.3920   0.0000   0.1346   0.0034   0.0060   0.0113   0.0446   0.0446   0.0005   0.0000  -0.0199   0.0310    0.695
   169   1.8046   0.3659   0.0000   0.1308   0.0035   0.0059   0.0103   0.0452   0.0452   0.0004   0.0000  -0.0201   0.0314    0.695
   170   1.8055   0.3387   0.0000   0.1270   0.0035   0.0057   0.0116   0.0451   0.0451   0.0004   0.0000  -0.0202   0.0315    0.699
   171   1.8065   0.3113   0.0000   0.1230   0.0034   0.0055   0.0098   0.0445   0.0445   0.0004   0.0000  -0.0203   0.0314    0.706
   172   1.8074   0.2841   0.0000   0.1192   0.0032   0.0052   0.0093   0.0433   0.0433   0.0004   0.0000  -0.0202   0.0310    0.717
   173   1.8083   0.2580   0.0000   0.1154   0.0029   0.0048   0.0125   0.0417   0.0417   0.0004   0.0000  -0.0201   0.0305    0.731
   174   1.8091   0.2336   0.0000   0.1119   0.0026   0.0044   0.0097   0.0396   0.0396   0.0004   0.0000  -0.0198   0.0297    0.751
   175   1.8099   0.2113   0.0000   0.1088   0.0023   0.0040   0.0101   0.0369   0.0369   0.0003   0.0000  -0.0193   0.0285    0.774
   176   1.8106   0.1919   0.0000   0.1060   0.0019   0.0035   0.0107   0.0334   0.0334   0.0003   0.0000  -0.0184   0.0267    0.800
   177   1.8111   0.1758   0.0000   0.1037   0.0015   0.0030   0.0132   0.0289   0.0289   0.0003   0.0000  -0.0167   0.0239    0.826
   178   1.8115   0.1633   0.0000   0.1019   0.0011   0.0023   0.0153   0.0229   0.0229   0.0003   0.0000  -0.0137   0.0194    0.850
   179   1.8118   0.1548   0.0000   0.1007   0.0006   0.0015   0.0177   0.0149   0.0149   0.0002   0.0000  -0.0092   0.0129    0.866
   180   1.8120   0.1505   0.0000   0.1001   0.0002   0.0005   0.0194   0.0052   0.0052   0.0001   0.0000  -0.0033   0.0046    0.875

  Surface #10     fin_panel_0                             
     # Chordwise = 12   # Spanwise = 20     First strip =181
     Surface area Ssurf =    0.050000     Ave. chord Cave =    0.125000

 Forces referred to Sref, Cref, Bref about Xref, Yref, Zref
 Standard axis orientation,  X fwd, Z down         
     CLsurf  =   0.00000     Clsurf  =   0.00000
     CYsurf  =   0.00009     Cmsurf  =  -0.00000
     CDsurf  =  -0.00000     Cnsurf  =  -0.00002
     CDisurf =  -0.00000     CDvsurf =   0.00000

 Forces referred to Ssurf, Cave 
     CLsurf  =   0.00235     CDsurf  =  -0.00000

 Strip Forces referred to Strip Area, Chord
    j     Xle      Yle      Zle      Chord    Area     c_cl     ai     cl_norm    cl       cd       cdv    cm_c/4     cm_LE   C.P.x/c
   181   1.8000  -0.5000   0.3994   0.1499   0.0004   0.0000  -0.0001   0.0003   0.0003   0.0000   0.0000   0.0003   0.0003   -0.859
   182   1.8002  -0.5000   0.3945   0.1493   0.0011   0.0001  -0.0001   0.0009   0.0009   0.0000   0.0000   0.0010   0.0008   -0.795
   183   1.8005  -0.5000   0.3848   0.1481   0.0018   0.0002   0.0000   0.0016   0.0016   0.0000   0.0000   0.0015   0.0011   -0.695
   184   1.8009  -0.5000   0.3705   0.1463   0.0024   0.0003   0.0001   0.0022   0.0022  -0.0000   0.0000   0.0018   0.0013   -0.588
   185   1.8014  -0.5000   0.3521   0.1440   0.0029   0.0004   0.0002   0.0027   0.0027  -0.0000   0.0000   0.0020   0.0013   -0.499
   186   1.8021  -0.5000   0.3299   0.1412   0.0034   0.0004   0.0001   0.0030   0.0030  -0.0000   0.0000   0.0021   0.0013   -0.441
   187   1.8029  -0.5000   0.3045   0.1381   0.0037   0.0004  -0.0000   0.0031   0.0031  -0.0000   0.0000   0.0021   0.0013   -0.418
   188   1.8037  -0.5000   0.2765   0.1346   0.0039   0.0004  -0.0002   0.0030   0.0030  -0.0000   0.0000   0.0020   0.0013   -0.437
   189   1.8046  -0.5000   0.2467   0.1308   0.0040   0.0003  -0.0004   0.0027   0.0027  -0.0000   0.0000   0.0020   0.0014   -0.508
   190   1.8055  -0.5000   0.2157   0.1270   0.0040   0.0003  -0.0006   0.0022   0.0022  -0.0000   0.0000   0.0020   0.0014   -0.657
   191   1.8065  -0.5000   0.1843   0.1230   0.0038   0.0002  -0.0009   0.0016   0.0016  -0.0000   0.0000   0.0019   0.0015   -0.947
   192   1.8074  -0.5000   0.1533   0.1192   0.0036   0.0001  -0.0011   0.0011   0.0011  -0.0000   0.0000   0.0019   0.0016  999.000
   193   1.8083  -0.5000   0.1235   0.1154   0.0033   0.0001  -0.0014   0.0006   0.0006   0.0000   0.0000   0.0018   0.0016  999.000
   194   1.8091  -0.5000   0.0955   0.1119   0.0030   0.0001  -0.0018   0.0005   0.0005   0.0000   0.0000   0.0016   0.0015  999.000
   195   1.8099  -0.5000   0.0701   0.1088   0.0026   0.0001  -0.0021   0.0008   0.0008   0.0000   0.0000   0.0013   0.0011  999.000
   196   1.8106  -0.5000   0.0479   0.1060   0.0022   0.0002  -0.0021   0.0020   0.0020   0.0000   0.0000   0.0006   0.0001   -0.026
   197   1.8111  -0.5000   0.0295   0.1037   0.0017   0.0004  -0.0014   0.0043   0.0043  -0.0000   0.0000  -0.0008  -0.0018    0.428
   198   1.8115  -0.5000   0.0152   0.1019   0.0012   0.0008   0.0015   0.0076   0.0076  -0.0000   0.0000  -0.0028  -0.0047    0.624
   199   1.8118  -0.5000   0.0055   0.1007   0.0007   0.0011   0.0088   0.0111   0.0111  -0.0000   0.0000  -0.0052  -0.0079    0.718
   200   1.8120  -0.5000   0.0006   0.1001   0.0002   0.0014   0.0326   0.0136   0.0136  -0.0002   0.0000  -0.0068  -0.0102    0.751
 ---------------------------------------------------------------
