 ---------------------------------------------------------------
 Surface and Strip Forces by surface

  Sref =  1.2850       Cref = 0.25900       Bref =  4.9540    
  Xref = 0.50000       Yref =  0.0000       Zref =  0.0000    

  Surface # 1     mace0_panel_0                           
     # Chordwise = 12   # Spanwise = 20     First strip =  1
     Surface area Ssurf =    0.365400     Ave. chord Cave =    0.290000

 Forces referred to Sref, Cref, Bref about Xref, Yref, Zref
 Standard axis orientation,  X fwd, Z down         
     CLsurf  =   0.09727     Clsurf  =  -0.01226
     CYsurf  =  -0.00000     Cmsurf  =   0.01357
     CDsurf  =   0.00046     Cnsurf  =  -0.00013
     CDisurf =   0.00046     CDvsurf =   0.00000

 Forces referred to Ssurf, Cave 
     CLsurf  =   0.34209     CDsurf  =   0.00163

 Strip Forces referred to Strip Area, Chord
    j     Xle      Yle      Zle      Chord    Area     c_cl     ai     cl_norm    cl       cd       cdv    cm_c/4     cm_LE   C.P.x/c
     1   0.4000   0.0019   0.0000   0.2900   0.0022   0.1007   0.0022   0.3474   0.3474   0.0014   0.0000   0.0102  -0.0766    0.221
     2   0.4000   0.0174   0.0000   0.2900   0.0067   0.1007   0.0021   0.3474   0.3474   0.0014   0.0000   0.0102  -0.0766    0.221
     3   0.4000   0.0480   0.0000   0.2900   0.0110   0.1007   0.0015   0.3474   0.3474   0.0014   0.0000   0.0102  -0.0766    0.221
     4   0.4000   0.0928   0.0000   0.2900   0.0150   0.1007  -0.0014   0.3474   0.3474   0.0014   0.0000   0.0102  -0.0766    0.221
     5   0.4000   0.1509   0.0000   0.2900   0.0186   0.1007  -0.0537   0.3473   0.3473   0.0015   0.0000   0.0102  -0.0766    0.221
     6   0.4000   0.2208   0.0000   0.2900   0.0218   0.1006  -0.0275   0.3471   0.3471   0.0015   0.0000   0.0102  -0.0765    0.221
     7   0.4000   0.3008   0.0000   0.2900   0.0244   0.1005   0.0258   0.3467   0.3467   0.0015   0.0000   0.0102  -0.0765    0.221
     8   0.4000   0.3889   0.0000   0.2900   0.0265   0.1004   0.0178   0.3462   0.3462   0.0015   0.0000   0.0102  -0.0763    0.221
     9   0.4000   0.4829   0.0000   0.2900   0.0279   0.1002  -0.0534   0.3455   0.3455   0.0015   0.0000   0.0102  -0.0762    0.220
    10   0.4000   0.5806   0.0000   0.2900   0.0286   0.0999   0.0202   0.3446   0.3446   0.0015   0.0000   0.0102  -0.0760    0.220
    11   0.4000   0.6794   0.0000   0.2900   0.0286   0.0996   0.0120   0.3434   0.3434   0.0016   0.0000   0.0102  -0.0757    0.220
    12   0.4000   0.7771   0.0000   0.2900   0.0279   0.0992   0.0925   0.3420   0.3420   0.0016   0.0000   0.0102  -0.0753    0.220
    13   0.4000   0.8711   0.0000   0.2900   0.0265   0.0987  -0.0071   0.3403   0.3403   0.0017   0.0000   0.0101  -0.0749    0.220
    14   0.4000   0.9592   0.0000   0.2900   0.0244   0.0981   0.0062   0.3384   0.3384   0.0018   0.0000   0.0101  -0.0745    0.220
    15   0.4000   1.0392   0.0000   0.2900   0.0218   0.0975   0.0085   0.3363   0.3363   0.0018   0.0000   0.0101  -0.0739    0.220
    16   0.4000   1.1091   0.0000   0.2900   0.0186   0.0969   0.0096   0.3341   0.3341   0.0019   0.0000   0.0101  -0.0734    0.220
    17   0.4000   1.1672   0.0000   0.2900   0.0150   0.0963   0.0105   0.3320   0.3320   0.0019   0.0000   0.0101  -0.0729    0.220
    18   0.4000   1.2120   0.0000   0.2900   0.0110   0.0958   0.0110   0.3302   0.3302   0.0020   0.0000   0.0101  -0.0724    0.219
    19   0.4000   1.2426   0.0000   0.2900   0.0067   0.0954   0.0115   0.3288   0.3288   0.0021   0.0000   0.0101  -0.0721    0.219
    20   0.4000   1.2581   0.0000   0.2900   0.0022   0.0951   0.0117   0.3280   0.3280   0.0022   0.0000   0.0101  -0.0719    0.219

  Surface # 2     mace0_panel_0 (YDUP)                    
     # Chordwise = 12   # Spanwise = 20     First strip = 21
     Surface area Ssurf =    0.365400     Ave. chord Cave =    0.290000

 Forces referred to Sref, Cref, Bref about Xref, Yref, Zref
 Standard axis orientation,  X fwd, Z down         
     CLsurf  =   0.09727     Clsurf  =   0.01226
     CYsurf  =  -0.00000     Cmsurf  =   0.01357
     CDsurf  =   0.00046     Cnsurf  =   0.00013
     CDisurf =   0.00046     CDvsurf =   0.00000

 Forces referred to Ssurf, Cave 
     CLsurf  =   0.34209     CDsurf  =   0.00163

 Strip Forces referred to Strip Area, Chord
    j     Xle      Yle      Zle      Chord    Area     c_cl     ai     cl_norm    cl       cd       cdv    cm_c/4     cm_LE   C.P.x/c
    21   0.4000  -0.0019   0.0000   0.2900   0.0022   0.1007   0.0022   0.3474   0.3474   0.0014   0.0000   0.0102   0.0766    0.221
    22   0.4000  -0.0174   0.0000   0.2900   0.0067   0.1007   0.0021   0.3474   0.3474   0.0014   0.0000   0.0102   0.0766    0.221
    23   0.4000  -0.0480   0.0000   0.2900   0.0110   0.1007   0.0014   0.3474   0.3474   0.0014   0.0000   0.0102   0.0766    0.221
    24   0.4000  -0.0928   0.0000   0.2900   0.0150   0.1007  -0.0014   0.3474   0.3474   0.0014   0.0000   0.0102   0.0766    0.221
    25   0.4000  -0.1509   0.0000   0.2900   0.0186   0.1007  -0.0541   0.3473   0.3473   0.0015   0.0000   0.0102   0.0766    0.221
    26   0.4000  -0.2208   0.0000   0.2900   0.0218   0.1006  -0.0287   0.3471   0.3471   0.0015   0.0000   0.0102   0.0765    0.221
    27   0.4000  -0.3008   0.0000   0.2900   0.0244   0.1005   0.0269   0.3467   0.3467   0.0015   0.0000   0.0102   0.0765    0.221
    28   0.4000  -0.3889   0.0000   0.2900   0.0265   0.1004   0.0181   0.3462   0.3462   0.0015   0.0000   0.0102   0.0763    0.221
    29   0.4000  -0.4829   0.0000   0.2900   0.0279   0.1002  -0.0312   0.3455   0.3455   0.0015   0.0000   0.0102   0.0762    0.220
    30   0.4000  -0.5806   0.0000   0.2900   0.0286   0.0999   0.0216   0.3446   0.3446   0.0015   0.0000   0.0102   0.0760    0.220
    31   0.4000  -0.6794   0.0000   0.2900   0.0286   0.0996   0.0132   0.3434   0.3434   0.0016   0.0000   0.0102   0.0757    0.220
    32   0.4000  -0.7771   0.0000   0.2900   0.0279   0.0992   0.0910   0.3420   0.3420   0.0016   0.0000   0.0102   0.0753    0.220
    33   0.4000  -0.8711   0.0000   0.2900   0.0265   0.0987  -0.0070   0.3403   0.3403   0.0017   0.0000   0.0101   0.0749    0.220
    34   0.4000  -0.9592   0.0000   0.2900   0.0244   0.0981   0.0062   0.3384   0.3384   0.0018   0.0000   0.0101   0.0745    0.220
    35   0.4000  -1.0392   0.0000   0.2900   0.0218   0.0975   0.0085   0.3363   0.3363   0.0018   0.0000   0.0101   0.0739    0.220
    36   0.4000  -1.1091   0.0000   0.2900   0.0186   0.0969   0.0096   0.3341   0.3341   0.0019   0.0000   0.0101   0.0734    0.220
    37   0.4000  -1.1672   0.0000   0.2900   0.0150   0.0963   0.0104   0.3320   0.3320   0.0019   0.0000   0.0101   0.0729    0.220
    38   0.4000  -1.2120   0.0000   0.2900   0.0110   0.0958   0.0110   0.3302   0.3302   0.0020   0.0000   0.0101   0.0724    0.219
    39   0.4000  -1.2426   0.0000   0.2900   0.0067   0.0954   0.0115   0.3288   0.3288   0.0021   0.0000   0.0101   0.0721    0.219
    40   0.4000  -1.2581   0.0000   0.2900   0.0022   0.0951   0.0117   0.3280   0.3280   0.0022   0.0000   0.0101   0.0719    0.219

  Surface # 3     mace0_panel_1                           
     # Chordwise = 12   # Spanwise = 20     First strip = 41
     Surface area Ssurf =    0.275268     Ave. chord Cave =    0.226186

 Forces referred to Sref, Cref, Bref about Xref, Yref, Zref
 Standard axis orientation,  X fwd, Z down         
     CLsurf  =   0.06430     Clsurf  =  -0.02271
     CYsurf  =  -0.00002     Cmsurf  =   0.00921
     CDsurf  =   0.00041     Cnsurf  =  -0.00021
     CDisurf =   0.00041     CDvsurf =   0.00000

 Forces referred to Ssurf, Cave 
     CLsurf  =   0.30017     CDsurf  =   0.00189

 Strip Forces referred to Strip Area, Chord
    j     Xle      Yle      Zle      Chord    Area     c_cl     ai     cl_norm    cl       cd       cdv    cm_c/4     cm_LE   C.P.x/c
    41   0.4000   1.2617   0.0000   0.2899   0.0020   0.0951   0.0118   0.3280   0.3280   0.0022   0.0000   0.0101  -0.0719    0.219
    42   0.4001   1.2754   0.0000   0.2895   0.0059   0.0949   0.0118   0.3277   0.3277   0.0021   0.0000   0.0101  -0.0718    0.219
    43   0.4003   1.3025   0.0000   0.2887   0.0097   0.0944   0.0119   0.3270   0.3270   0.0021   0.0000   0.0102  -0.0716    0.219
    44   0.4005   1.3423   0.0000   0.2876   0.0132   0.0937   0.0121   0.3258   0.3258   0.0021   0.0000   0.0103  -0.0712    0.219
    45   0.4009   1.3938   0.0000   0.2861   0.0163   0.0927   0.0124   0.3239   0.3239   0.0021   0.0000   0.0104  -0.0706    0.218
    46   0.4013   1.4558   0.0000   0.2842   0.0189   0.0912   0.0129   0.3210   0.3210   0.0022   0.0000   0.0105  -0.0698    0.217
    47   0.4017   1.5267   0.0000   0.2821   0.0211   0.0893   0.0136   0.3167   0.3167   0.0023   0.0000   0.0106  -0.0686    0.217
    48   0.4034   1.6218   0.0000   0.2760   0.0319   0.0864   0.0139   0.3133   0.3133   0.0022   0.0000   0.0110  -0.0673    0.215
    49   0.4064   1.7407   0.0000   0.2654   0.0323   0.0819   0.0140   0.3087   0.3087   0.0022   0.0000   0.0116  -0.0655    0.212
    50   0.4095   1.8476   0.0000   0.2533   0.0232   0.0766   0.0139   0.3026   0.3026   0.0021   0.0000   0.0123  -0.0633    0.209
    51   0.4125   1.9394   0.0000   0.2397   0.0219   0.0710   0.0136   0.2960   0.2960   0.0021   0.0000   0.0129  -0.0611    0.206
    52   0.4161   2.0215   0.0000   0.2255   0.0163   0.0648   0.0128   0.2876   0.2876   0.0019   0.0000   0.0134  -0.0584    0.203
    53   0.4201   2.0922   0.0000   0.2109   0.0145   0.0584   0.0115   0.2770   0.2770   0.0016   0.0000   0.0137  -0.0554    0.200
    54   0.4256   2.1823   0.0000   0.1881   0.0207   0.0504   0.0092   0.2679   0.2679   0.0012   0.0000   0.0141  -0.0527    0.197
    55   0.4331   2.2799   0.0000   0.1570   0.0133   0.0406   0.0070   0.2587   0.2587   0.0009   0.0000   0.0150  -0.0495    0.192
    56   0.4393   2.3401   0.0000   0.1327   0.0049   0.0331   0.0061   0.2494   0.2494   0.0007   0.0000   0.0158  -0.0462    0.186
    57   0.4433   2.3732   0.0000   0.1167   0.0034   0.0272   0.0058   0.2333   0.2333   0.0006   0.0000   0.0159  -0.0421    0.182
    58   0.4499   2.4149   0.0000   0.0897   0.0046   0.0205   0.0047   0.2280   0.2280   0.0004   0.0000   0.0168  -0.0396    0.176
    59   0.4623   2.4550   0.0000   0.0412   0.0012   0.0109  -0.0071   0.2640   0.2639  -0.0019   0.0000   0.0217  -0.0398    0.168
    60   0.4718   2.4745   0.0000   0.0046   0.0000   0.0023  -0.0602   0.5082   0.5079  -0.0205   0.0000   0.0399  -0.0782    0.171

  Surface # 4     mace0_panel_1 (YDUP)                    
     # Chordwise = 12   # Spanwise = 20     First strip = 61
     Surface area Ssurf =    0.275268     Ave. chord Cave =    0.226186

 Forces referred to Sref, Cref, Bref about Xref, Yref, Zref
 Standard axis orientation,  X fwd, Z down         
     CLsurf  =   0.06430     Clsurf  =   0.02271
     CYsurf  =   0.00002     Cmsurf  =   0.00921
     CDsurf  =   0.00041     Cnsurf  =   0.00021
     CDisurf =   0.00041     CDvsurf =   0.00000

 Forces referred to Ssurf, Cave 
     CLsurf  =   0.30017     CDsurf  =   0.00189

 Strip Forces referred to Strip Area, Chord
    j     Xle      Yle      Zle      Chord    Area     c_cl     ai     cl_norm    cl       cd       cdv    cm_c/4     cm_LE   C.P.x/c
    61   0.4000  -1.2617   0.0000   0.2899   0.0020   0.0951   0.0118   0.3280   0.3280   0.0022   0.0000   0.0101   0.0719    0.219
    62   0.4001  -1.2754   0.0000   0.2895   0.0059   0.0949   0.0118   0.3277   0.3277   0.0021   0.0000   0.0101   0.0718    0.219
    63   0.4003  -1.3025   0.0000   0.2887   0.0097   0.0944   0.0119   0.3270   0.3270   0.0021   0.0000   0.0102   0.0716    0.219
    64   0.4005  -1.3423   0.0000   0.2876   0.0132   0.0937   0.0121   0.3258   0.3258   0.0021   0.0000   0.0103   0.0712    0.219
    65   0.4009  -1.3938   0.0000   0.2861   0.0163   0.0927   0.0124   0.3239   0.3239   0.0021   0.0000   0.0104   0.0706    0.218
    66   0.4013  -1.4558   0.0000   0.2842   0.0189   0.0912   0.0129   0.3210   0.3210   0.0022   0.0000   0.0105   0.0698    0.217
    67   0.4017  -1.5267   0.0000   0.2821   0.0211   0.0893   0.0136   0.3167   0.3167   0.0023   0.0000   0.0106   0.0686    0.217
    68   0.4034  -1.6218   0.0000   0.2760   0.0319   0.0864   0.0139   0.3133   0.3133   0.0022   0.0000   0.0110   0.0673    0.215
    69   0.4064  -1.7407   0.0000   0.2654   0.0323   0.0819   0.0140   0.3087   0.3087   0.0022   0.0000   0.0116   0.0655    0.212
    70   0.4095  -1.8476   0.0000   0.2533   0.0232   0.0766   0.0139   0.3026   0.3026   0.0021   0.0000   0.0123   0.0633    0.209
    71   0.4125  -1.9394   0.0000   0.2397   0.0219   0.0710   0.0136   0.2960   0.2960   0.0021   0.0000   0.0129   0.0611    0.206
    72   0.4161  -2.0215   0.0000   0.2255   0.0163   0.0648   0.0128   0.2876   0.2876   0.0019   0.0000   0.0134   0.0584    0.203
    73   0.4201  -2.0922   0.0000   0.2109   0.0145   0.0584   0.0115   0.2770   0.2770   0.0016   0.0000   0.0137   0.0554    0.200
    74   0.4256  -2.1823   0.0000   0.1881   0.0207   0.0504   0.0092   0.2679   0.2679   0.0012   0.0000   0.0141   0.0527    0.197
    75   0.4331  -2.2799   0.0000   0.1570   0.0133   0.0406   0.0070   0.2587   0.2587   0.0009   0.0000   0.0150   0.0495    0.192
    76   0.4393  -2.3401   0.0000   0.1327   0.0049   0.0331   0.0061   0.2494   0.2494   0.0007   0.0000   0.0158   0.0462    0.186
    77   0.4433  -2.3732   0.0000   0.1167   0.0034   0.0272   0.0058   0.2334   0.2334   0.0006   0.0000   0.0159   0.0421    0.182
    78   0.4499  -2.4149   0.0000   0.0897   0.0046   0.0205   0.0047   0.2280   0.2280   0.0004   0.0000   0.0168   0.0396    0.176
    79   0.4623  -2.4550   0.0000   0.0412   0.0012   0.0109  -0.0071   0.2640   0.2639  -0.0019   0.0000   0.0217   0.0398    0.168
    80   0.4718  -2.4745   0.0000   0.0046   0.0000   0.0023  -0.0602   0.5082   0.5079  -0.0205   0.0000   0.0399   0.0782    0.171

  Surface # 5     hstab_panel_0                           
     # Chordwise = 12   # Spanwise = 20     First strip = 81
     Surface area Ssurf =    0.043750     Ave. chord Cave =    0.125000

 Forces referred to Sref, Cref, Bref about Xref, Yref, Zref
 Standard axis orientation,  X fwd, Z down         
     CLsurf  =   0.00218     Clsurf  =  -0.00029
     CYsurf  =  -0.00000     Cmsurf  =  -0.01146
     CDsurf  =   0.00004     Cnsurf  =   0.00000
     CDisurf =   0.00004     CDvsurf =   0.00000

 Forces referred to Ssurf, Cave 
     CLsurf  =   0.06399     CDsurf  =   0.00111

 Strip Forces referred to Strip Area, Chord
    j     Xle      Yle      Zle      Chord    Area     c_cl     ai     cl_norm    cl       cd       cdv    cm_c/4     cm_LE   C.P.x/c
    81   1.8000   0.5005   0.0000   0.1499   0.0003   0.0045  -0.1979   0.0302   0.0302   0.0009   0.0000  -0.0029  -0.0105    0.347
    82   1.8002   0.5048   0.0000   0.1493   0.0010   0.0057  -0.0237   0.0384   0.0384   0.0007   0.0000  -0.0055  -0.0151    0.394
    83   1.8005   0.5133   0.0000   0.1481   0.0016   0.0069   0.0059   0.0469   0.0469   0.0009   0.0000  -0.0080  -0.0197    0.420
    84   1.8009   0.5258   0.0000   0.1463   0.0021   0.0080   0.0190   0.0549   0.0549   0.0010   0.0000  -0.0101  -0.0238    0.434
    85   1.8014   0.5419   0.0000   0.1440   0.0026   0.0088   0.0168   0.0614   0.0614   0.0011   0.0000  -0.0116  -0.0269    0.439
    86   1.8021   0.5613   0.0000   0.1412   0.0029   0.0094   0.0190   0.0663   0.0663   0.0012   0.0000  -0.0126  -0.0292    0.441
    87   1.8029   0.5836   0.0000   0.1381   0.0032   0.0096   0.0193   0.0698   0.0698   0.0012   0.0000  -0.0133  -0.0307    0.441
    88   1.8037   0.6080   0.0000   0.1346   0.0034   0.0097   0.0198   0.0722   0.0722   0.0012   0.0000  -0.0137  -0.0318    0.440
    89   1.8046   0.6341   0.0000   0.1308   0.0035   0.0096   0.0118   0.0735   0.0735   0.0012   0.0000  -0.0140  -0.0324    0.440
    90   1.8055   0.6613   0.0000   0.1270   0.0035   0.0094   0.0175   0.0740   0.0740   0.0012   0.0000  -0.0142  -0.0326    0.441
    91   1.8065   0.6887   0.0000   0.1230   0.0034   0.0091   0.0182   0.0736   0.0736   0.0012   0.0000  -0.0142  -0.0326    0.443
    92   1.8074   0.7159   0.0000   0.1192   0.0032   0.0086   0.0204   0.0723   0.0723   0.0012   0.0000  -0.0142  -0.0322    0.446
    93   1.8083   0.7420   0.0000   0.1154   0.0029   0.0081   0.0159   0.0700   0.0700   0.0012   0.0000  -0.0140  -0.0315    0.450
    94   1.8091   0.7664   0.0000   0.1119   0.0026   0.0074   0.0185   0.0665   0.0665   0.0011   0.0000  -0.0137  -0.0303    0.455
    95   1.8099   0.7887   0.0000   0.1088   0.0023   0.0067   0.0202   0.0617   0.0617   0.0011   0.0000  -0.0131  -0.0285    0.463
    96   1.8106   0.8081   0.0000   0.1060   0.0019   0.0059   0.0231   0.0552   0.0552   0.0010   0.0000  -0.0122  -0.0260    0.471
    97   1.8111   0.8242   0.0000   0.1037   0.0015   0.0049   0.1061   0.0468   0.0468   0.0009   0.0000  -0.0108  -0.0224    0.480
    98   1.8115   0.8367   0.0000   0.1019   0.0011   0.0037   0.0219   0.0361   0.0361   0.0007   0.0000  -0.0086  -0.0176    0.488
    99   1.8118   0.8452   0.0000   0.1007   0.0006   0.0023   0.0255   0.0229   0.0229   0.0005   0.0000  -0.0056  -0.0113    0.494
   100   1.8120   0.8495   0.0000   0.1001   0.0002   0.0008   0.0273   0.0079   0.0079   0.0002   0.0000  -0.0019  -0.0039    0.496

  Surface # 6     hstab_panel_0 (YDUP)                    
     # Chordwise = 12   # Spanwise = 20     First strip =101
     Surface area Ssurf =    0.043750     Ave. chord Cave =    0.125000

 Forces referred to Sref, Cref, Bref about Xref, Yref, Zref
 Standard axis orientation,  X fwd, Z down         
     CLsurf  =   0.00204     Clsurf  =   0.00028
     CYsurf  =   0.00000     Cmsurf  =  -0.01076
     CDsurf  =   0.00004     Cnsurf  =  -0.00000
     CDisurf =   0.00004     CDvsurf =   0.00000

 Forces referred to Ssurf, Cave 
     CLsurf  =   0.06003     CDsurf  =   0.00106

 Strip Forces referred to Strip Area, Chord
    j     Xle      Yle      Zle      Chord    Area     c_cl     ai     cl_norm    cl       cd       cdv    cm_c/4     cm_LE   C.P.x/c
   101   1.8000  -0.5005   0.0000   0.1499   0.0003   0.0010  -0.1209   0.0065   0.0065   0.0001   0.0000  -0.0014   0.0031    0.472
   102   1.8002  -0.5048   0.0000   0.1493   0.0010   0.0029  -0.0148   0.0193   0.0193   0.0004   0.0000  -0.0043   0.0091    0.473
   103   1.8005  -0.5133   0.0000   0.1481   0.0016   0.0047   0.0065   0.0315   0.0315   0.0006   0.0000  -0.0070   0.0149    0.471
   104   1.8009  -0.5258   0.0000   0.1463   0.0021   0.0063   0.0183   0.0427   0.0427   0.0008   0.0000  -0.0093   0.0199    0.466
   105   1.8014  -0.5419   0.0000   0.1440   0.0026   0.0075   0.0165   0.0522   0.0522   0.0010   0.0000  -0.0110   0.0240    0.460
   106   1.8021  -0.5613   0.0000   0.1412   0.0029   0.0084   0.0191   0.0596   0.0596   0.0011   0.0000  -0.0121   0.0270    0.454
   107   1.8029  -0.5836   0.0000   0.1381   0.0032   0.0090   0.0196   0.0650   0.0650   0.0012   0.0000  -0.0129   0.0292    0.449
   108   1.8037  -0.6080   0.0000   0.1346   0.0034   0.0092   0.0200   0.0687   0.0687   0.0012   0.0000  -0.0135   0.0306    0.446
   109   1.8046  -0.6341   0.0000   0.1308   0.0035   0.0093   0.0120   0.0711   0.0711   0.0012   0.0000  -0.0138   0.0316    0.444
   110   1.8055  -0.6613   0.0000   0.1270   0.0035   0.0092   0.0177   0.0722   0.0722   0.0012   0.0000  -0.0140   0.0321    0.444
   111   1.8065  -0.6887   0.0000   0.1230   0.0034   0.0089   0.0184   0.0723   0.0723   0.0012   0.0000  -0.0141   0.0322    0.445
   112   1.8074  -0.7159   0.0000   0.1192   0.0032   0.0085   0.0205   0.0713   0.0713   0.0012   0.0000  -0.0141   0.0319    0.448
   113   1.8083  -0.7420   0.0000   0.1154   0.0029   0.0080   0.0160   0.0693   0.0693   0.0012   0.0000  -0.0139   0.0312    0.451
   114   1.8091  -0.7664   0.0000   0.1119   0.0026   0.0074   0.0185   0.0660   0.0660   0.0011   0.0000  -0.0136   0.0301    0.457
   115   1.8099  -0.7887   0.0000   0.1088   0.0023   0.0067   0.0203   0.0613   0.0613   0.0011   0.0000  -0.0131   0.0284    0.463
   116   1.8106  -0.8081   0.0000   0.1060   0.0019   0.0058   0.0232   0.0549   0.0549   0.0010   0.0000  -0.0122   0.0259    0.472
   117   1.8111  -0.8242   0.0000   0.1037   0.0015   0.0048   0.1061   0.0466   0.0466   0.0009   0.0000  -0.0107   0.0224    0.481
   118   1.8115  -0.8367   0.0000   0.1019   0.0011   0.0037   0.0219   0.0359   0.0359   0.0007   0.0000  -0.0086   0.0176    0.489
   119   1.8118  -0.8452   0.0000   0.1007   0.0006   0.0023   0.0255   0.0229   0.0229   0.0005   0.0000  -0.0056   0.0113    0.495
   120   1.8120  -0.8495   0.0000   0.1001   0.0002   0.0008   0.0273   0.0079   0.0079   0.0002   0.0000  -0.0019   0.0039    0.497

  Surface # 7     fin_panel_0                             
     # Chordwise = 12   # Spanwise = 20     First strip =121
     Surface area Ssurf =    0.050000     Ave. chord Cave =    0.125000

 Forces referred to Sref, Cref, Bref about Xref, Yref, Zref
 Standard axis orientation,  X fwd, Z down         
     CLsurf  =  -0.00000     Clsurf  =  -0.00001
     CYsurf  =  -0.00012     Cmsurf  =   0.00000
     CDsurf  =  -0.00000     Cnsurf  =   0.00004
     CDisurf =  -0.00000     CDvsurf =   0.00000

 Forces referred to Ssurf, Cave 
     CLsurf  =  -0.00320     CDsurf  =  -0.00001

 Strip Forces referred to Strip Area, Chord
    j     Xle      Yle      Zle      Chord    Area     c_cl     ai     cl_norm    cl       cd       cdv    cm_c/4     cm_LE   C.P.x/c
   121   1.8000   0.5000   0.3994   0.1499   0.0004  -0.0001  -0.0023  -0.0009  -0.0009   0.0000   0.0000   0.0004   0.0007    0.723
   122   1.8002   0.5000   0.3945   0.1493   0.0011  -0.0004  -0.0021  -0.0027  -0.0027   0.0000   0.0000   0.0013   0.0020    0.718
   123   1.8005   0.5000   0.3848   0.1481   0.0018  -0.0006  -0.0018  -0.0043  -0.0043   0.0000   0.0000   0.0020   0.0031    0.709
   124   1.8009   0.5000   0.3705   0.1463   0.0024  -0.0008  -0.0014  -0.0056  -0.0056   0.0000   0.0000   0.0025   0.0039    0.697
   125   1.8014   0.5000   0.3521   0.1440   0.0029  -0.0010  -0.0011  -0.0066  -0.0066  -0.0000   0.0000   0.0029   0.0045    0.682
   126   1.8021   0.5000   0.3299   0.1412   0.0034  -0.0010  -0.0008  -0.0073  -0.0073  -0.0000   0.0000   0.0031   0.0049    0.669
   127   1.8029   0.5000   0.3045   0.1381   0.0037  -0.0011  -0.0006  -0.0078  -0.0078  -0.0000   0.0000   0.0032   0.0052    0.658
   128   1.8037   0.5000   0.2765   0.1346   0.0039  -0.0011  -0.0005  -0.0081  -0.0081  -0.0000   0.0000   0.0033   0.0053    0.652
   129   1.8046   0.5000   0.2467   0.1308   0.0040  -0.0011  -0.0005  -0.0082  -0.0082  -0.0000   0.0000   0.0033   0.0053    0.653
   130   1.8055   0.5000   0.2157   0.1270   0.0040  -0.0010  -0.0005  -0.0080  -0.0080   0.0000   0.0000   0.0033   0.0053    0.662
   131   1.8065   0.5000   0.1843   0.1230   0.0038  -0.0009  -0.0007  -0.0074  -0.0074   0.0000   0.0000   0.0032   0.0051    0.686
   132   1.8074   0.5000   0.1533   0.1192   0.0036  -0.0008  -0.0008  -0.0064  -0.0064   0.0000   0.0000   0.0031   0.0047    0.738
   133   1.8083   0.5000   0.1235   0.1154   0.0033  -0.0006  -0.0011  -0.0048  -0.0048   0.0000   0.0000   0.0030   0.0042    0.868
   134   1.8091   0.5000   0.0955   0.1119   0.0030  -0.0003  -0.0013  -0.0023  -0.0023   0.0000   0.0000   0.0027   0.0033    1.435
   135   1.8099   0.5000   0.0701   0.1088   0.0026   0.0002  -0.0012   0.0016   0.0016   0.0000   0.0000   0.0022   0.0018  999.000
   136   1.8106   0.5000   0.0479   0.1060   0.0022   0.0008  -0.0004   0.0072   0.0072  -0.0000   0.0000   0.0015  -0.0004    0.050
   137   1.8111   0.5000   0.0295   0.1037   0.0017   0.0016   0.0027   0.0150   0.0150  -0.0000   0.0000   0.0003  -0.0034    0.230
   138   1.8115   0.5000   0.0152   0.1019   0.0012   0.0025   0.0102   0.0241   0.0241  -0.0001   0.0000  -0.0012  -0.0072    0.301
   139   1.8118   0.5000   0.0055   0.1007   0.0007   0.0033   0.0268   0.0327   0.0327  -0.0001   0.0000  -0.0027  -0.0109    0.334
   140   1.8120   0.5000   0.0006   0.1001   0.0002   0.0039   0.0903   0.0387   0.0387  -0.0008   0.0000  -0.0038  -0.0134    0.348

  Surface # 8     hstab_panel_0                           
     # Chordwise = 12   # Spanwise = 20     First strip =141
     Surface area Ssurf =    0.043750     Ave. chord Cave =    0.125000

 Forces referred to Sref, Cref, Bref about Xref, Yref, Zref
 Standard axis orientation,  X fwd, Z down         
     CLsurf  =   0.00230     Clsurf  =   0.00016
     CYsurf  =  -0.00000     Cmsurf  =  -0.01207
     CDsurf  =   0.00004     Cnsurf  =   0.00000
     CDisurf =   0.00004     CDvsurf =   0.00000

 Forces referred to Ssurf, Cave 
     CLsurf  =   0.06748     CDsurf  =   0.00112

 Strip Forces referred to Strip Area, Chord
    j     Xle      Yle      Zle      Chord    Area     c_cl     ai     cl_norm    cl       cd       cdv    cm_c/4     cm_LE   C.P.x/c
   141   1.8000  -0.4995   0.0000   0.1499   0.0003   0.0050  -0.1916   0.0331   0.0331   0.0010   0.0000  -0.0031  -0.0114    0.343
   142   1.8002  -0.4952   0.0000   0.1493   0.0010   0.0062  -0.0226   0.0413   0.0413   0.0008   0.0000  -0.0057  -0.0160    0.388
   143   1.8005  -0.4867   0.0000   0.1481   0.0016   0.0074   0.0054   0.0498   0.0498   0.0009   0.0000  -0.0082  -0.0206    0.414
   144   1.8009  -0.4742   0.0000   0.1463   0.0021   0.0084   0.0152   0.0577   0.0577   0.0010   0.0000  -0.0103  -0.0247    0.428
   145   1.8014  -0.4581   0.0000   0.1440   0.0026   0.0093   0.0180   0.0643   0.0643   0.0011   0.0000  -0.0118  -0.0279    0.434
   146   1.8021  -0.4387   0.0000   0.1412   0.0029   0.0098   0.0142   0.0692   0.0692   0.0012   0.0000  -0.0128  -0.0301    0.435
   147   1.8029  -0.4164   0.0000   0.1381   0.0032   0.0101   0.0194   0.0729   0.0729   0.0012   0.0000  -0.0135  -0.0317    0.435
   148   1.8037  -0.3920   0.0000   0.1346   0.0034   0.0101   0.0182   0.0754   0.0754   0.0012   0.0000  -0.0139  -0.0327    0.434
   149   1.8046  -0.3659   0.0000   0.1308   0.0035   0.0101   0.0172   0.0770   0.0770   0.0012   0.0000  -0.0141  -0.0334    0.434
   150   1.8055  -0.3387   0.0000   0.1270   0.0035   0.0099   0.0194   0.0777   0.0777   0.0012   0.0000  -0.0143  -0.0337    0.434
   151   1.8065  -0.3113   0.0000   0.1230   0.0034   0.0095   0.0172   0.0775   0.0775   0.0012   0.0000  -0.0143  -0.0337    0.435
   152   1.8074  -0.2841   0.0000   0.1192   0.0032   0.0091   0.0168   0.0764   0.0764   0.0012   0.0000  -0.0143  -0.0333    0.437
   153   1.8083  -0.2580   0.0000   0.1154   0.0029   0.0086   0.0218   0.0742   0.0742   0.0012   0.0000  -0.0141  -0.0326    0.440
   154   1.8091  -0.2336   0.0000   0.1119   0.0026   0.0079   0.0179   0.0708   0.0708   0.0012   0.0000  -0.0137  -0.0314    0.444
   155   1.8099  -0.2113   0.0000   0.1088   0.0023   0.0072   0.0185   0.0659   0.0659   0.0011   0.0000  -0.0131  -0.0296    0.449
   156   1.8106  -0.1919   0.0000   0.1060   0.0019   0.0063   0.0193   0.0592   0.0592   0.0010   0.0000  -0.0122  -0.0270    0.456
   157   1.8111  -0.1758   0.0000   0.1037   0.0015   0.0052   0.0222   0.0502   0.0502   0.0009   0.0000  -0.0107  -0.0232    0.463
   158   1.8115  -0.1633   0.0000   0.1019   0.0011   0.0039   0.0240   0.0387   0.0387   0.0007   0.0000  -0.0085  -0.0182    0.470
   159   1.8118  -0.1548   0.0000   0.1007   0.0006   0.0025   0.0260   0.0246   0.0246   0.0005   0.0000  -0.0055  -0.0117    0.474
   160   1.8120  -0.1505   0.0000   0.1001   0.0002   0.0008   0.0275   0.0085   0.0085   0.0002   0.0000  -0.0019  -0.0040    0.475

  Surface # 9     hstab_panel_0 (YDUP)                    
     # Chordwise = 12   # Spanwise = 20     First strip =161
     Surface area Ssurf =    0.043750     Ave. chord Cave =    0.125000

 Forces referred to Sref, Cref, Bref about Xref, Yref, Zref
 Standard axis orientation,  X fwd, Z down         
     CLsurf  =   0.00214     Clsurf  =  -0.00014
     CYsurf  =   0.00000     Cmsurf  =  -0.01127
     CDsurf  =   0.00004     Cnsurf  =  -0.00000
     CDisurf =   0.00004     CDvsurf =   0.00000

 Forces referred to Ssurf, Cave 
     CLsurf  =   0.06296     CDsurf  =   0.00107

 Strip Forces referred to Strip Area, Chord
    j     Xle      Yle      Zle      Chord    Area     c_cl     ai     cl_norm    cl       cd       cdv    cm_c/4     cm_LE   C.P.x/c
   161   1.8000   0.4995   0.0000   0.1499   0.0003   0.0010  -0.1215   0.0067   0.0067   0.0001   0.0000  -0.0015   0.0031    0.468
   162   1.8002   0.4952   0.0000   0.1493   0.0010   0.0030  -0.0156   0.0199   0.0199   0.0004   0.0000  -0.0043   0.0093    0.468
   163   1.8005   0.4867   0.0000   0.1481   0.0016   0.0048   0.0054   0.0325   0.0325   0.0007   0.0000  -0.0070   0.0152    0.466
   164   1.8009   0.4742   0.0000   0.1463   0.0021   0.0065   0.0143   0.0441   0.0441   0.0009   0.0000  -0.0093   0.0204    0.461
   165   1.8014   0.4581   0.0000   0.1440   0.0026   0.0078   0.0177   0.0540   0.0540   0.0010   0.0000  -0.0111   0.0245    0.455
   166   1.8021   0.4387   0.0000   0.1412   0.0029   0.0087   0.0144   0.0617   0.0617   0.0011   0.0000  -0.0122   0.0277    0.449
   167   1.8029   0.4164   0.0000   0.1381   0.0032   0.0093   0.0197   0.0674   0.0674   0.0012   0.0000  -0.0130   0.0299    0.444
   168   1.8037   0.3920   0.0000   0.1346   0.0034   0.0096   0.0185   0.0714   0.0714   0.0012   0.0000  -0.0136   0.0314    0.440
   169   1.8046   0.3659   0.0000   0.1308   0.0035   0.0097   0.0175   0.0741   0.0741   0.0012   0.0000  -0.0139   0.0324    0.438
   170   1.8055   0.3387   0.0000   0.1270   0.0035   0.0096   0.0196   0.0755   0.0755   0.0012   0.0000  -0.0141   0.0330    0.437
   171   1.8065   0.3113   0.0000   0.1230   0.0034   0.0093   0.0174   0.0759   0.0759   0.0012   0.0000  -0.0142   0.0332    0.437
   172   1.8074   0.2841   0.0000   0.1192   0.0032   0.0090   0.0169   0.0752   0.0752   0.0012   0.0000  -0.0142   0.0330    0.438
   173   1.8083   0.2580   0.0000   0.1154   0.0029   0.0085   0.0220   0.0734   0.0734   0.0012   0.0000  -0.0140   0.0323    0.441
   174   1.8091   0.2336   0.0000   0.1119   0.0026   0.0079   0.0180   0.0702   0.0702   0.0011   0.0000  -0.0137   0.0312    0.445
   175   1.8099   0.2113   0.0000   0.1088   0.0023   0.0071   0.0186   0.0654   0.0654   0.0011   0.0000  -0.0131   0.0294    0.450
   176   1.8106   0.1919   0.0000   0.1060   0.0019   0.0062   0.0194   0.0588   0.0588   0.0010   0.0000  -0.0122   0.0268    0.457
   177   1.8111   0.1758   0.0000   0.1037   0.0015   0.0052   0.0223   0.0499   0.0499   0.0009   0.0000  -0.0107   0.0232    0.464
   178   1.8115   0.1633   0.0000   0.1019   0.0011   0.0039   0.0241   0.0385   0.0385   0.0007   0.0000  -0.0085   0.0181    0.471
   179   1.8118   0.1548   0.0000   0.1007   0.0006   0.0025   0.0261   0.0245   0.0245   0.0005   0.0000  -0.0055   0.0116    0.475
   180   1.8120   0.1505   0.0000   0.1001   0.0002   0.0008   0.0275   0.0085   0.0085   0.0002   0.0000  -0.0019   0.0040    0.476

  Surface #10     fin_panel_0                             
     # Chordwise = 12   # Spanwise = 20     First strip =181
     Surface area Ssurf =    0.050000     Ave. chord Cave =    0.125000

 Forces referred to Sref, Cref, Bref about Xref, Yref, Zref
 Standard axis orientation,  X fwd, Z down         
     CLsurf  =  -0.00000     Clsurf  =   0.00000
     CYsurf  =   0.00014     Cmsurf  =   0.00000
     CDsurf  =  -0.00000     Cnsurf  =  -0.00004
     CDisurf =  -0.00000     CDvsurf =   0.00000

 Forces referred to Ssurf, Cave 
     CLsurf  =   0.00372     CDsurf  =  -0.00001

 Strip Forces referred to Strip Area, Chord
    j     Xle      Yle      Zle      Chord    Area     c_cl     ai     cl_norm    cl       cd       cdv    cm_c/4     cm_LE   C.P.x/c
   181   1.8000  -0.5000   0.3994   0.1499   0.0004  -0.0000  -0.0031  -0.0002  -0.0002   0.0000   0.0000   0.0005   0.0005  999.000
   182   1.8002  -0.5000   0.3945   0.1493   0.0011  -0.0001  -0.0029  -0.0005  -0.0005   0.0000   0.0000   0.0014   0.0015  999.000
   183   1.8005  -0.5000   0.3848   0.1481   0.0018  -0.0001  -0.0027  -0.0007  -0.0007   0.0000   0.0000   0.0022   0.0023  999.000
   184   1.8009  -0.5000   0.3705   0.1463   0.0024  -0.0001  -0.0024  -0.0007  -0.0007   0.0000   0.0000   0.0027   0.0028  999.000
   185   1.8014  -0.5000   0.3521   0.1440   0.0029  -0.0001  -0.0021  -0.0006  -0.0006   0.0000   0.0000   0.0030   0.0031  999.000
   186   1.8021  -0.5000   0.3299   0.1412   0.0034  -0.0001  -0.0019  -0.0004  -0.0004   0.0000   0.0000   0.0031   0.0033  999.000
   187   1.8029  -0.5000   0.3045   0.1381   0.0037  -0.0000  -0.0018  -0.0003  -0.0003   0.0000   0.0000   0.0032   0.0033  999.000
   188   1.8037  -0.5000   0.2765   0.1346   0.0039  -0.0000  -0.0018  -0.0001  -0.0001   0.0000   0.0000   0.0032   0.0033  999.000
   189   1.8046  -0.5000   0.2467   0.1308   0.0040   0.0000  -0.0019   0.0001   0.0001   0.0000   0.0000   0.0032   0.0032  999.000
   190   1.8055  -0.5000   0.2157   0.1270   0.0040   0.0001  -0.0020   0.0004   0.0004   0.0000   0.0000   0.0032   0.0031  999.000
   191   1.8065  -0.5000   0.1843   0.1230   0.0038   0.0001  -0.0021   0.0009   0.0009   0.0000   0.0000   0.0031   0.0029  999.000
   192   1.8074  -0.5000   0.1533   0.1192   0.0036   0.0002  -0.0023   0.0016   0.0016   0.0000   0.0000   0.0030   0.0026  999.000
   193   1.8083  -0.5000   0.1235   0.1154   0.0033   0.0003  -0.0026   0.0029   0.0029  -0.0000   0.0000   0.0028   0.0021   -0.716
   194   1.8091  -0.5000   0.0955   0.1119   0.0030   0.0006  -0.0028   0.0050   0.0050  -0.0000   0.0000   0.0025   0.0012   -0.251
   195   1.8099  -0.5000   0.0701   0.1088   0.0026   0.0009  -0.0029   0.0083   0.0083  -0.0000   0.0000   0.0020  -0.0001    0.009
   196   1.8106  -0.5000   0.0479   0.1060   0.0022   0.0014  -0.0022   0.0133   0.0133  -0.0000   0.0000   0.0012  -0.0021    0.160
   197   1.8111  -0.5000   0.0295   0.1037   0.0017   0.0021   0.0007   0.0204   0.0204  -0.0000   0.0000   0.0000  -0.0051    0.250
   198   1.8115  -0.5000   0.0152   0.1019   0.0012   0.0030   0.0080   0.0290   0.0290  -0.0001   0.0000  -0.0015  -0.0088    0.303
   199   1.8118  -0.5000   0.0055   0.1007   0.0007   0.0038   0.0242   0.0373   0.0372  -0.0002   0.0000  -0.0031  -0.0124    0.333
   200   1.8120  -0.5000   0.0006   0.1001   0.0002   0.0043   0.0846   0.0431   0.0431  -0.0010   0.0000  -0.0042  -0.0149    0.346
 ---------------------------------------------------------------
