 ---------------------------------------------------------------
 Surface and Strip Forces by surface

  Sref =  1.2850       Cref = 0.25900       Bref =  4.9540    
  Xref = 0.50000       Yref =  0.0000       Zref =  0.0000    

  Surface # 1     main_wing_panel_0                       
     # Chordwise = 12   # Spanwise = 20     First strip =  1
     Surface area Ssurf =    0.365400     Ave. chord Cave =    0.290000

 Forces referred to Sref, Cref, Bref about Xref, Yref, Zref
 Standard axis orientation,  X fwd, Z down         
     CLsurf  =   0.02199     Clsurf  =  -0.00276
     CYsurf  =  -0.00000     Cmsurf  =   0.00351
     CDsurf  =   0.00003     Cnsurf  =   0.00005
     CDisurf =   0.00003     CDvsurf =   0.00000

 Forces referred to Ssurf, Cave 
     CLsurf  =   0.07734     CDsurf  =   0.00009

 Strip Forces referred to Strip Area, Chord
    j     Xle      Yle      Zle      Chord    Area     c_cl     ai     cl_norm    cl       cd       cdv    cm_c/4     cm_LE   C.P.x/c
     1   0.4000   0.0019   0.0000   0.2900   0.0022   0.0229   0.0008   0.0791   0.0791   0.0001   0.0000   0.0037  -0.0160    0.203
     2   0.4000   0.0174   0.0000   0.2900   0.0067   0.0229   0.0008   0.0791   0.0791   0.0001   0.0000   0.0037  -0.0160    0.203
     3   0.4000   0.0480   0.0000   0.2900   0.0110   0.0229   0.0006   0.0791   0.0791   0.0001   0.0000   0.0037  -0.0160    0.203
     4   0.4000   0.0928   0.0000   0.2900   0.0150   0.0229   0.0000   0.0791   0.0791   0.0001   0.0000   0.0037  -0.0160    0.203
     5   0.4000   0.1509   0.0000   0.2900   0.0186   0.0229  -0.0108   0.0791   0.0791   0.0001   0.0000   0.0037  -0.0160    0.203
     6   0.4000   0.2208   0.0000   0.2900   0.0218   0.0229  -0.0026   0.0790   0.0790   0.0001   0.0000   0.0037  -0.0160    0.203
     7   0.4000   0.3008   0.0000   0.2900   0.0244   0.0229   0.0066   0.0789   0.0789   0.0001   0.0000   0.0037  -0.0160    0.203
     8   0.4000   0.3889   0.0000   0.2900   0.0265   0.0228   0.0047   0.0788   0.0788   0.0001   0.0000   0.0037  -0.0159    0.203
     9   0.4000   0.4829   0.0000   0.2900   0.0279   0.0228  -0.0110   0.0785   0.0785   0.0001   0.0000   0.0037  -0.0159    0.203
    10   0.4000   0.5806   0.0000   0.2900   0.0286   0.0227   0.0053   0.0782   0.0782   0.0001   0.0000   0.0037  -0.0158    0.202
    11   0.4000   0.6794   0.0000   0.2900   0.0286   0.0226   0.0015   0.0778   0.0778   0.0001   0.0000   0.0037  -0.0157    0.202
    12   0.4000   0.7771   0.0000   0.2900   0.0279   0.0224   0.0119   0.0774   0.0774   0.0001   0.0000   0.0037  -0.0156    0.202
    13   0.4000   0.8711   0.0000   0.2900   0.0265   0.0223  -0.0012   0.0768   0.0768   0.0001   0.0000   0.0037  -0.0155    0.202
    14   0.4000   0.9592   0.0000   0.2900   0.0244   0.0221   0.0018   0.0761   0.0761   0.0001   0.0000   0.0037  -0.0154    0.202
    15   0.4000   1.0392   0.0000   0.2900   0.0218   0.0219   0.0023   0.0754   0.0754   0.0001   0.0000   0.0037  -0.0152    0.202
    16   0.4000   1.1091   0.0000   0.2900   0.0186   0.0216   0.0026   0.0746   0.0746   0.0001   0.0000   0.0036  -0.0150    0.201
    17   0.4000   1.1672   0.0000   0.2900   0.0150   0.0214   0.0028   0.0738   0.0738   0.0001   0.0000   0.0036  -0.0148    0.201
    18   0.4000   1.2120   0.0000   0.2900   0.0110   0.0212   0.0030   0.0731   0.0731   0.0001   0.0000   0.0036  -0.0147    0.201
    19   0.4000   1.2426   0.0000   0.2900   0.0067   0.0210   0.0031   0.0725   0.0725   0.0001   0.0000   0.0036  -0.0146    0.201
    20   0.4000   1.2581   0.0000   0.2900   0.0022   0.0209   0.0032   0.0722   0.0722   0.0001   0.0000   0.0036  -0.0145    0.201

  Surface # 2     main_wing_panel_0 (YDUP)                
     # Chordwise = 12   # Spanwise = 20     First strip = 21
     Surface area Ssurf =    0.365400     Ave. chord Cave =    0.290000

 Forces referred to Sref, Cref, Bref about Xref, Yref, Zref
 Standard axis orientation,  X fwd, Z down         
     CLsurf  =   0.02199     Clsurf  =   0.00276
     CYsurf  =   0.00000     Cmsurf  =   0.00351
     CDsurf  =   0.00003     Cnsurf  =  -0.00005
     CDisurf =   0.00003     CDvsurf =   0.00000

 Forces referred to Ssurf, Cave 
     CLsurf  =   0.07734     CDsurf  =   0.00009

 Strip Forces referred to Strip Area, Chord
    j     Xle      Yle      Zle      Chord    Area     c_cl     ai     cl_norm    cl       cd       cdv    cm_c/4     cm_LE   C.P.x/c
    21   0.4000  -0.0019   0.0000   0.2900   0.0022   0.0229   0.0008   0.0791   0.0791   0.0001   0.0000   0.0037   0.0160    0.203
    22   0.4000  -0.0174   0.0000   0.2900   0.0067   0.0229   0.0008   0.0791   0.0791   0.0001   0.0000   0.0037   0.0160    0.203
    23   0.4000  -0.0480   0.0000   0.2900   0.0110   0.0229   0.0006   0.0791   0.0791   0.0001   0.0000   0.0037   0.0160    0.203
    24   0.4000  -0.0928   0.0000   0.2900   0.0150   0.0229   0.0000   0.0791   0.0791   0.0001   0.0000   0.0037   0.0160    0.203
    25   0.4000  -0.1509   0.0000   0.2900   0.0186   0.0229  -0.0106   0.0791   0.0791   0.0001   0.0000   0.0037   0.0160    0.203
    26   0.4000  -0.2208   0.0000   0.2900   0.0218   0.0229  -0.0021   0.0790   0.0790   0.0001   0.0000   0.0037   0.0160    0.203
    27   0.4000  -0.3008   0.0000   0.2900   0.0244   0.0229   0.0062   0.0789   0.0789   0.0001   0.0000   0.0037   0.0160    0.203
    28   0.4000  -0.3889   0.0000   0.2900   0.0265   0.0228   0.0046   0.0788   0.0788   0.0001   0.0000   0.0037   0.0159    0.203
    29   0.4000  -0.4829   0.0000   0.2900   0.0279   0.0228  -0.0150   0.0785   0.0785   0.0001   0.0000   0.0037   0.0159    0.203
    30   0.4000  -0.5806   0.0000   0.2900   0.0286   0.0227   0.0047   0.0782   0.0782   0.0001   0.0000   0.0037   0.0158    0.202
    31   0.4000  -0.6794   0.0000   0.2900   0.0286   0.0226   0.0009   0.0778   0.0778   0.0001   0.0000   0.0037   0.0157    0.202
    32   0.4000  -0.7771   0.0000   0.2900   0.0279   0.0224   0.0127   0.0774   0.0774   0.0001   0.0000   0.0037   0.0156    0.202
    33   0.4000  -0.8711   0.0000   0.2900   0.0265   0.0223  -0.0012   0.0768   0.0768   0.0001   0.0000   0.0037   0.0155    0.202
    34   0.4000  -0.9592   0.0000   0.2900   0.0244   0.0221   0.0018   0.0761   0.0761   0.0001   0.0000   0.0037   0.0154    0.202
    35   0.4000  -1.0392   0.0000   0.2900   0.0218   0.0219   0.0023   0.0754   0.0754   0.0001   0.0000   0.0037   0.0152    0.202
    36   0.4000  -1.1091   0.0000   0.2900   0.0186   0.0216   0.0026   0.0746   0.0746   0.0001   0.0000   0.0036   0.0150    0.201
    37   0.4000  -1.1672   0.0000   0.2900   0.0150   0.0214   0.0028   0.0738   0.0738   0.0001   0.0000   0.0036   0.0148    0.201
    38   0.4000  -1.2120   0.0000   0.2900   0.0110   0.0212   0.0030   0.0731   0.0731   0.0001   0.0000   0.0036   0.0147    0.201
    39   0.4000  -1.2426   0.0000   0.2900   0.0067   0.0210   0.0031   0.0725   0.0725   0.0001   0.0000   0.0036   0.0146    0.201
    40   0.4000  -1.2581   0.0000   0.2900   0.0022   0.0209   0.0032   0.0722   0.0722   0.0001   0.0000   0.0036   0.0145    0.201

  Surface # 3     main_wing_panel_1                       
     # Chordwise = 12   # Spanwise = 20     First strip = 41
     Surface area Ssurf =    0.275268     Ave. chord Cave =    0.226186

 Forces referred to Sref, Cref, Bref about Xref, Yref, Zref
 Standard axis orientation,  X fwd, Z down         
     CLsurf  =   0.01237     Clsurf  =  -0.00429
     CYsurf  =   0.00002     Cmsurf  =   0.00194
     CDsurf  =   0.00001     Cnsurf  =   0.00007
     CDisurf =   0.00001     CDvsurf =   0.00000

 Forces referred to Ssurf, Cave 
     CLsurf  =   0.05773     CDsurf  =   0.00006

 Strip Forces referred to Strip Area, Chord
    j     Xle      Yle      Zle      Chord    Area     c_cl     ai     cl_norm    cl       cd       cdv    cm_c/4     cm_LE   C.P.x/c
    41   0.4000   1.2617   0.0000   0.2899   0.0020   0.0209   0.0032   0.0722   0.0722   0.0001   0.0000   0.0036  -0.0145    0.201
    42   0.4001   1.2754   0.0000   0.2895   0.0059   0.0208   0.0032   0.0720   0.0720   0.0001   0.0000   0.0036  -0.0144    0.200
    43   0.4003   1.3025   0.0000   0.2887   0.0097   0.0207   0.0031   0.0716   0.0716   0.0001   0.0000   0.0036  -0.0143    0.200
    44   0.4005   1.3423   0.0000   0.2876   0.0132   0.0204   0.0031   0.0708   0.0708   0.0001   0.0000   0.0035  -0.0142    0.200
    45   0.4009   1.3938   0.0000   0.2861   0.0163   0.0199   0.0031   0.0697   0.0697   0.0001   0.0000   0.0035  -0.0139    0.200
    46   0.4013   1.4558   0.0000   0.2842   0.0189   0.0194   0.0030   0.0681   0.0681   0.0001   0.0000   0.0034  -0.0136    0.200
    47   0.4017   1.5267   0.0000   0.2821   0.0211   0.0186   0.0030   0.0659   0.0659   0.0001   0.0000   0.0033  -0.0131    0.199
    48   0.4034   1.6218   0.0000   0.2760   0.0319   0.0175   0.0027   0.0633   0.0633   0.0001   0.0000   0.0032  -0.0126    0.199
    49   0.4064   1.7407   0.0000   0.2654   0.0323   0.0158   0.0020   0.0596   0.0596   0.0001   0.0000   0.0030  -0.0118    0.199
    50   0.4095   1.8476   0.0000   0.2533   0.0232   0.0142   0.0016   0.0560   0.0560   0.0000   0.0000   0.0029  -0.0111    0.198
    51   0.4125   1.9394   0.0000   0.2397   0.0219   0.0127   0.0014   0.0530   0.0530   0.0000   0.0000   0.0028  -0.0104    0.196
    52   0.4161   2.0215   0.0000   0.2255   0.0163   0.0113   0.0011   0.0501   0.0501   0.0000   0.0000   0.0028  -0.0097    0.194
    53   0.4201   2.0922   0.0000   0.2109   0.0145   0.0099   0.0009   0.0470   0.0470   0.0000   0.0000   0.0027  -0.0090    0.192
    54   0.4256   2.1823   0.0000   0.1881   0.0207   0.0083   0.0003   0.0439   0.0439   0.0000   0.0000   0.0026  -0.0083    0.190
    55   0.4331   2.2799   0.0000   0.1570   0.0133   0.0064  -0.0002   0.0410   0.0410  -0.0000   0.0000   0.0026  -0.0077    0.188
    56   0.4393   2.3401   0.0000   0.1327   0.0049   0.0052  -0.0003   0.0391   0.0391  -0.0000   0.0000   0.0026  -0.0072    0.184
    57   0.4433   2.3732   0.0000   0.1167   0.0034   0.0042  -0.0002   0.0363   0.0363  -0.0000   0.0000   0.0025  -0.0065    0.182
    58   0.4499   2.4149   0.0000   0.0897   0.0046   0.0032  -0.0003   0.0352   0.0352  -0.0000   0.0000   0.0026  -0.0061    0.177
    59   0.4623   2.4550   0.0000   0.0412   0.0012   0.0017  -0.0021   0.0404   0.0404  -0.0001   0.0000   0.0033  -0.0061    0.168
    60   0.4718   2.4745   0.0000   0.0046   0.0000   0.0004  -0.0102   0.0774   0.0774  -0.0005   0.0000   0.0061  -0.0119    0.171

  Surface # 4     main_wing_panel_1 (YDUP)                
     # Chordwise = 12   # Spanwise = 20     First strip = 61
     Surface area Ssurf =    0.275268     Ave. chord Cave =    0.226186

 Forces referred to Sref, Cref, Bref about Xref, Yref, Zref
 Standard axis orientation,  X fwd, Z down         
     CLsurf  =   0.01237     Clsurf  =   0.00429
     CYsurf  =  -0.00002     Cmsurf  =   0.00194
     CDsurf  =   0.00001     Cnsurf  =  -0.00007
     CDisurf =   0.00001     CDvsurf =   0.00000

 Forces referred to Ssurf, Cave 
     CLsurf  =   0.05773     CDsurf  =   0.00006

 Strip Forces referred to Strip Area, Chord
    j     Xle      Yle      Zle      Chord    Area     c_cl     ai     cl_norm    cl       cd       cdv    cm_c/4     cm_LE   C.P.x/c
    61   0.4000  -1.2617   0.0000   0.2899   0.0020   0.0209   0.0032   0.0722   0.0722   0.0001   0.0000   0.0036   0.0145    0.201
    62   0.4001  -1.2754   0.0000   0.2895   0.0059   0.0208   0.0032   0.0720   0.0720   0.0001   0.0000   0.0036   0.0144    0.200
    63   0.4003  -1.3025   0.0000   0.2887   0.0097   0.0207   0.0031   0.0716   0.0716   0.0001   0.0000   0.0036   0.0143    0.200
    64   0.4005  -1.3423   0.0000   0.2876   0.0132   0.0204   0.0031   0.0708   0.0708   0.0001   0.0000   0.0035   0.0142    0.200
    65   0.4009  -1.3938   0.0000   0.2861   0.0163   0.0199   0.0031   0.0697   0.0697   0.0001   0.0000   0.0035   0.0139    0.200
    66   0.4013  -1.4558   0.0000   0.2842   0.0189   0.0194   0.0030   0.0681   0.0681   0.0001   0.0000   0.0034   0.0136    0.200
    67   0.4017  -1.5267   0.0000   0.2821   0.0211   0.0186   0.0030   0.0659   0.0659   0.0001   0.0000   0.0033   0.0131    0.199
    68   0.4034  -1.6218   0.0000   0.2760   0.0319   0.0175   0.0027   0.0633   0.0633   0.0001   0.0000   0.0032   0.0126    0.199
    69   0.4064  -1.7407   0.0000   0.2654   0.0323   0.0158   0.0020   0.0596   0.0596   0.0001   0.0000   0.0030   0.0118    0.199
    70   0.4095  -1.8476   0.0000   0.2533   0.0232   0.0142   0.0016   0.0560   0.0560   0.0000   0.0000   0.0029   0.0111    0.198
    71   0.4125  -1.9394   0.0000   0.2397   0.0219   0.0127   0.0014   0.0530   0.0530   0.0000   0.0000   0.0028   0.0104    0.196
    72   0.4161  -2.0215   0.0000   0.2255   0.0163   0.0113   0.0011   0.0501   0.0501   0.0000   0.0000   0.0028   0.0097    0.194
    73   0.4201  -2.0922   0.0000   0.2109   0.0145   0.0099   0.0009   0.0470   0.0470   0.0000   0.0000   0.0027   0.0090    0.192
    74   0.4256  -2.1823   0.0000   0.1881   0.0207   0.0083   0.0003   0.0439   0.0439   0.0000   0.0000   0.0026   0.0083    0.190
    75   0.4331  -2.2799   0.0000   0.1570   0.0133   0.0064  -0.0002   0.0410   0.0410  -0.0000   0.0000   0.0026   0.0077    0.188
    76   0.4393  -2.3401   0.0000   0.1327   0.0049   0.0052  -0.0003   0.0391   0.0391  -0.0000   0.0000   0.0026   0.0072    0.184
    77   0.4433  -2.3732   0.0000   0.1167   0.0034   0.0042  -0.0002   0.0363   0.0363  -0.0000   0.0000   0.0025   0.0065    0.182
    78   0.4499  -2.4149   0.0000   0.0897   0.0046   0.0032  -0.0003   0.0352   0.0352  -0.0000   0.0000   0.0026   0.0061    0.177
    79   0.4623  -2.4550   0.0000   0.0412   0.0012   0.0017  -0.0021   0.0404   0.0404  -0.0001   0.0000   0.0033   0.0061    0.168
    80   0.4718  -2.4745   0.0000   0.0046   0.0000   0.0004  -0.0102   0.0774   0.0774  -0.0005   0.0000   0.0061   0.0119    0.171

  Surface # 5     hstab_panel_0                           
     # Chordwise = 12   # Spanwise = 20     First strip = 81
     Surface area Ssurf =    0.043750     Ave. chord Cave =    0.125000

 Forces referred to Sref, Cref, Bref about Xref, Yref, Zref
 Standard axis orientation,  X fwd, Z down         
     CLsurf  =   0.00042     Clsurf  =  -0.00006
     CYsurf  =   0.00000     Cmsurf  =  -0.00251
     CDsurf  =   0.00000     Cnsurf  =   0.00000
     CDisurf =   0.00000     CDvsurf =   0.00000

 Forces referred to Ssurf, Cave 
     CLsurf  =   0.01239     CDsurf  =   0.00007

 Strip Forces referred to Strip Area, Chord
    j     Xle      Yle      Zle      Chord    Area     c_cl     ai     cl_norm    cl       cd       cdv    cm_c/4     cm_LE   C.P.x/c
    81   1.8000   0.5005   0.0000   0.1499   0.0003  -0.0006  -0.0773  -0.0040  -0.0040   0.0004   0.0000  -0.0060  -0.0050  999.000
    82   1.8002   0.5048   0.0000   0.1493   0.0010   0.0003  -0.0049   0.0020   0.0020   0.0001   0.0000  -0.0105  -0.0110  999.000
    83   1.8005   0.5133   0.0000   0.1481   0.0016   0.0011   0.0054   0.0071   0.0071   0.0001   0.0000  -0.0145  -0.0163  999.000
    84   1.8009   0.5258   0.0000   0.1463   0.0021   0.0016   0.0085   0.0109   0.0109   0.0001   0.0000  -0.0176  -0.0204    1.872
    85   1.8014   0.5419   0.0000   0.1440   0.0026   0.0019   0.0063   0.0132   0.0132   0.0001   0.0000  -0.0197  -0.0230    1.739
    86   1.8021   0.5613   0.0000   0.1412   0.0029   0.0020   0.0059   0.0144   0.0144   0.0001   0.0000  -0.0208  -0.0244    1.695
    87   1.8029   0.5836   0.0000   0.1381   0.0032   0.0021   0.0052   0.0149   0.0149   0.0001   0.0000  -0.0215  -0.0252    1.690
    88   1.8037   0.6080   0.0000   0.1346   0.0034   0.0020   0.0049   0.0149   0.0149   0.0001   0.0000  -0.0218  -0.0255    1.708
    89   1.8046   0.6341   0.0000   0.1308   0.0035   0.0019   0.0020   0.0147   0.0147   0.0001   0.0000  -0.0219  -0.0256    1.745
    90   1.8055   0.6613   0.0000   0.1270   0.0035   0.0018   0.0036   0.0142   0.0142   0.0001   0.0000  -0.0220  -0.0255    1.798
    91   1.8065   0.6887   0.0000   0.1230   0.0034   0.0017   0.0036   0.0136   0.0136   0.0000   0.0000  -0.0220  -0.0254    1.865
    92   1.8074   0.7159   0.0000   0.1192   0.0032   0.0015   0.0042   0.0130   0.0130   0.0000   0.0000  -0.0220  -0.0252    1.942
    93   1.8083   0.7420   0.0000   0.1154   0.0029   0.0014   0.0025   0.0124   0.0124   0.0000   0.0000  -0.0219  -0.0250  999.000
    94   1.8091   0.7664   0.0000   0.1119   0.0026   0.0013   0.0033   0.0119   0.0119   0.0000   0.0000  -0.0217  -0.0247  999.000
    95   1.8099   0.7887   0.0000   0.1088   0.0023   0.0012   0.0040   0.0114   0.0114   0.0000   0.0000  -0.0214  -0.0242  999.000
    96   1.8106   0.8081   0.0000   0.1060   0.0019   0.0012   0.0054   0.0111   0.0111   0.0000   0.0000  -0.0206  -0.0233  999.000
    97   1.8111   0.8242   0.0000   0.1037   0.0015   0.0011   0.0346   0.0105   0.0105   0.0001   0.0000  -0.0189  -0.0215  999.000
    98   1.8115   0.8367   0.0000   0.1019   0.0011   0.0009   0.0076   0.0091   0.0091   0.0001   0.0000  -0.0158  -0.0181    1.985
    99   1.8118   0.8452   0.0000   0.1007   0.0006   0.0006   0.0105   0.0064   0.0064   0.0001   0.0000  -0.0107  -0.0123    1.922
   100   1.8120   0.8495   0.0000   0.1001   0.0002   0.0002   0.0124   0.0023   0.0023   0.0000   0.0000  -0.0038  -0.0044    1.888

  Surface # 6     hstab_panel_0 (YDUP)                    
     # Chordwise = 12   # Spanwise = 20     First strip =101
     Surface area Ssurf =    0.043750     Ave. chord Cave =    0.125000

 Forces referred to Sref, Cref, Bref about Xref, Yref, Zref
 Standard axis orientation,  X fwd, Z down         
     CLsurf  =   0.00048     Clsurf  =   0.00006
     CYsurf  =  -0.00000     Cmsurf  =  -0.00280
     CDsurf  =   0.00000     Cnsurf  =  -0.00000
     CDisurf =   0.00000     CDvsurf =   0.00000

 Forces referred to Ssurf, Cave 
     CLsurf  =   0.01403     CDsurf  =   0.00006

 Strip Forces referred to Strip Area, Chord
    j     Xle      Yle      Zle      Chord    Area     c_cl     ai     cl_norm    cl       cd       cdv    cm_c/4     cm_LE   C.P.x/c
   101   1.8000  -0.5005   0.0000   0.1499   0.0003   0.0004  -0.0891   0.0028   0.0028   0.0000   0.0000  -0.0029   0.0036    1.286
   102   1.8002  -0.5048   0.0000   0.1493   0.0010   0.0012  -0.0060   0.0081   0.0081   0.0001   0.0000  -0.0085   0.0105    1.291
   103   1.8005  -0.5133   0.0000   0.1481   0.0016   0.0019   0.0057   0.0126   0.0126   0.0001   0.0000  -0.0133   0.0164    1.308
   104   1.8009  -0.5258   0.0000   0.1463   0.0021   0.0023   0.0090   0.0156   0.0156   0.0001   0.0000  -0.0170   0.0209    1.343
   105   1.8014  -0.5419   0.0000   0.1440   0.0026   0.0025   0.0066   0.0171   0.0171   0.0001   0.0000  -0.0195   0.0237    1.391
   106   1.8021  -0.5613   0.0000   0.1412   0.0029   0.0025   0.0059   0.0174   0.0174   0.0001   0.0000  -0.0209   0.0252    1.446
   107   1.8029  -0.5836   0.0000   0.1381   0.0032   0.0024   0.0051   0.0172   0.0172   0.0001   0.0000  -0.0216   0.0259    1.505
   108   1.8037  -0.6080   0.0000   0.1346   0.0034   0.0022   0.0047   0.0166   0.0166   0.0001   0.0000  -0.0219   0.0260    1.569
   109   1.8046  -0.6341   0.0000   0.1308   0.0035   0.0021   0.0018   0.0159   0.0159   0.0001   0.0000  -0.0220   0.0260    1.638
   110   1.8055  -0.6613   0.0000   0.1270   0.0035   0.0019   0.0034   0.0151   0.0151   0.0001   0.0000  -0.0221   0.0258    1.714
   111   1.8065  -0.6887   0.0000   0.1230   0.0034   0.0018   0.0035   0.0142   0.0142   0.0000   0.0000  -0.0221   0.0256    1.799
   112   1.8074  -0.7159   0.0000   0.1192   0.0032   0.0016   0.0041   0.0134   0.0134   0.0000   0.0000  -0.0220   0.0254    1.889
   113   1.8083  -0.7420   0.0000   0.1154   0.0029   0.0015   0.0024   0.0127   0.0127   0.0000   0.0000  -0.0219   0.0251    1.975
   114   1.8091  -0.7664   0.0000   0.1119   0.0026   0.0014   0.0032   0.0121   0.0121   0.0000   0.0000  -0.0217   0.0248  999.000
   115   1.8099  -0.7887   0.0000   0.1088   0.0023   0.0013   0.0039   0.0116   0.0116   0.0000   0.0000  -0.0214   0.0243  999.000
   116   1.8106  -0.8081   0.0000   0.1060   0.0019   0.0012   0.0054   0.0112   0.0112   0.0000   0.0000  -0.0206   0.0234  999.000
   117   1.8111  -0.8242   0.0000   0.1037   0.0015   0.0011   0.0346   0.0106   0.0106   0.0001   0.0000  -0.0189   0.0215  999.000
   118   1.8115  -0.8367   0.0000   0.1019   0.0011   0.0009   0.0075   0.0092   0.0092   0.0001   0.0000  -0.0158   0.0181    1.974
   119   1.8118  -0.8452   0.0000   0.1007   0.0006   0.0006   0.0105   0.0064   0.0064   0.0001   0.0000  -0.0107   0.0123    1.913
   120   1.8120  -0.8495   0.0000   0.1001   0.0002   0.0002   0.0124   0.0024   0.0024   0.0000   0.0000  -0.0038   0.0044    1.880

  Surface # 7     fin_panel_0                             
     # Chordwise = 12   # Spanwise = 20     First strip =121
     Surface area Ssurf =    0.050000     Ave. chord Cave =    0.125000

 Forces referred to Sref, Cref, Bref about Xref, Yref, Zref
 Standard axis orientation,  X fwd, Z down         
     CLsurf  =  -0.00000     Clsurf  =   0.00000
     CYsurf  =  -0.00004     Cmsurf  =   0.00000
     CDsurf  =  -0.00000     Cnsurf  =   0.00001
     CDisurf =  -0.00000     CDvsurf =   0.00000

 Forces referred to Ssurf, Cave 
     CLsurf  =  -0.00098     CDsurf  =  -0.00001

 Strip Forces referred to Strip Area, Chord
    j     Xle      Yle      Zle      Chord    Area     c_cl     ai     cl_norm    cl       cd       cdv    cm_c/4     cm_LE   C.P.x/c
   121   1.8000   0.5000   0.3994   0.1499   0.0004   0.0000   0.0016   0.0002   0.0002   0.0000   0.0000   0.0001  -0.0000    0.006
   122   1.8002   0.5000   0.3945   0.1493   0.0011   0.0001   0.0016   0.0007   0.0007   0.0000   0.0000   0.0002  -0.0000    0.021
   123   1.8005   0.5000   0.3848   0.1481   0.0018   0.0002   0.0015   0.0011   0.0011   0.0000   0.0000   0.0002  -0.0000    0.042
   124   1.8009   0.5000   0.3705   0.1463   0.0024   0.0002   0.0015   0.0015   0.0015   0.0000   0.0000   0.0003  -0.0001    0.064
   125   1.8014   0.5000   0.3521   0.1440   0.0029   0.0002   0.0014   0.0017   0.0017   0.0000   0.0000   0.0003  -0.0001    0.083
   126   1.8021   0.5000   0.3299   0.1412   0.0034   0.0002   0.0013   0.0018   0.0018   0.0000   0.0000   0.0003  -0.0002    0.094
   127   1.8029   0.5000   0.3045   0.1381   0.0037   0.0002   0.0012   0.0017   0.0017   0.0000   0.0000   0.0003  -0.0002    0.093
   128   1.8037   0.5000   0.2765   0.1346   0.0039   0.0002   0.0010   0.0014   0.0014   0.0000   0.0000   0.0003  -0.0001    0.071
   129   1.8046   0.5000   0.2467   0.1308   0.0040   0.0001   0.0009   0.0010   0.0010   0.0000   0.0000   0.0002   0.0000   -0.004
   130   1.8055   0.5000   0.2157   0.1270   0.0040   0.0001   0.0008   0.0004   0.0004   0.0000   0.0000   0.0003   0.0002   -0.386
   131   1.8065   0.5000   0.1843   0.1230   0.0038  -0.0000   0.0006  -0.0003  -0.0003  -0.0000   0.0000   0.0003   0.0003    1.054
   132   1.8074   0.5000   0.1533   0.1192   0.0036  -0.0001   0.0005  -0.0012  -0.0012  -0.0000   0.0000   0.0003   0.0006    0.485
   133   1.8083   0.5000   0.1235   0.1154   0.0033  -0.0003   0.0004  -0.0022  -0.0022  -0.0000   0.0000   0.0003   0.0008    0.381
   134   1.8091   0.5000   0.0955   0.1119   0.0030  -0.0004   0.0002  -0.0034  -0.0034  -0.0000   0.0000   0.0003   0.0011    0.327
   135   1.8099   0.5000   0.0701   0.1088   0.0026  -0.0005  -0.0001  -0.0047  -0.0047  -0.0000   0.0000   0.0001   0.0013    0.273
   136   1.8106   0.5000   0.0479   0.1060   0.0022  -0.0007  -0.0005  -0.0062  -0.0062  -0.0000   0.0000  -0.0004   0.0012    0.190
   137   1.8111   0.5000   0.0295   0.1037   0.0017  -0.0008  -0.0013  -0.0078  -0.0078  -0.0000   0.0000  -0.0015   0.0004    0.055
   138   1.8115   0.5000   0.0152   0.1019   0.0012  -0.0009  -0.0025  -0.0092  -0.0092  -0.0001   0.0000  -0.0036  -0.0013   -0.142
   139   1.8118   0.5000   0.0055   0.1007   0.0007  -0.0010  -0.0035  -0.0101  -0.0101  -0.0001   0.0000  -0.0061  -0.0036   -0.358
   140   1.8120   0.5000   0.0006   0.1001   0.0002  -0.0011  -0.0144  -0.0109  -0.0109  -0.0008   0.0000  -0.0079  -0.0051   -0.475

  Surface # 8     hstab_panel_0                           
     # Chordwise = 12   # Spanwise = 20     First strip =141
     Surface area Ssurf =    0.043750     Ave. chord Cave =    0.125000

 Forces referred to Sref, Cref, Bref about Xref, Yref, Zref
 Standard axis orientation,  X fwd, Z down         
     CLsurf  =   0.00045     Clsurf  =   0.00003
     CYsurf  =   0.00000     Cmsurf  =  -0.00267
     CDsurf  =   0.00000     Cnsurf  =  -0.00000
     CDisurf =   0.00000     CDvsurf =   0.00000

 Forces referred to Ssurf, Cave 
     CLsurf  =   0.01328     CDsurf  =   0.00007

 Strip Forces referred to Strip Area, Chord
    j     Xle      Yle      Zle      Chord    Area     c_cl     ai     cl_norm    cl       cd       cdv    cm_c/4     cm_LE   C.P.x/c
   141   1.8000  -0.4995   0.0000   0.1499   0.0003  -0.0005  -0.0756  -0.0032  -0.0032   0.0004   0.0000  -0.0061  -0.0053  999.000
   142   1.8002  -0.4952   0.0000   0.1493   0.0010   0.0004  -0.0046   0.0028   0.0028   0.0001   0.0000  -0.0105  -0.0112  999.000
   143   1.8005  -0.4867   0.0000   0.1481   0.0016   0.0012   0.0053   0.0079   0.0079   0.0001   0.0000  -0.0146  -0.0166  999.000
   144   1.8009  -0.4742   0.0000   0.1463   0.0021   0.0017   0.0072   0.0117   0.0117   0.0001   0.0000  -0.0177  -0.0206    1.769
   145   1.8014  -0.4581   0.0000   0.1440   0.0026   0.0020   0.0067   0.0140   0.0140   0.0001   0.0000  -0.0197  -0.0232    1.661
   146   1.8021  -0.4387   0.0000   0.1412   0.0029   0.0021   0.0043   0.0152   0.0152   0.0001   0.0000  -0.0209  -0.0247    1.624
   147   1.8029  -0.4164   0.0000   0.1381   0.0032   0.0022   0.0053   0.0157   0.0157   0.0001   0.0000  -0.0215  -0.0254    1.619
   148   1.8037  -0.3920   0.0000   0.1346   0.0034   0.0021   0.0044   0.0158   0.0158   0.0001   0.0000  -0.0218  -0.0258    1.634
   149   1.8046  -0.3659   0.0000   0.1308   0.0035   0.0020   0.0038   0.0155   0.0155   0.0001   0.0000  -0.0220  -0.0258    1.663
   150   1.8055  -0.3387   0.0000   0.1270   0.0035   0.0019   0.0042   0.0151   0.0151   0.0001   0.0000  -0.0220  -0.0258    1.706
   151   1.8065  -0.3113   0.0000   0.1230   0.0034   0.0018   0.0033   0.0146   0.0146   0.0000   0.0000  -0.0220  -0.0257    1.759
   152   1.8074  -0.2841   0.0000   0.1192   0.0032   0.0017   0.0030   0.0140   0.0140   0.0000   0.0000  -0.0220  -0.0255    1.819
   153   1.8083  -0.2580   0.0000   0.1154   0.0029   0.0016   0.0045   0.0134   0.0134   0.0000   0.0000  -0.0219  -0.0253    1.880
   154   1.8091  -0.2336   0.0000   0.1119   0.0026   0.0014   0.0032   0.0129   0.0129   0.0000   0.0000  -0.0217  -0.0250    1.932
   155   1.8099  -0.2113   0.0000   0.1088   0.0023   0.0014   0.0035   0.0125   0.0125   0.0000   0.0000  -0.0214  -0.0245    1.962
   156   1.8106  -0.1919   0.0000   0.1060   0.0019   0.0013   0.0042   0.0120   0.0120   0.0000   0.0000  -0.0206  -0.0236    1.959
   157   1.8111  -0.1758   0.0000   0.1037   0.0015   0.0012   0.0061   0.0113   0.0113   0.0001   0.0000  -0.0189  -0.0217    1.922
   158   1.8115  -0.1633   0.0000   0.1019   0.0011   0.0010   0.0083   0.0098   0.0098   0.0001   0.0000  -0.0158  -0.0182    1.868
   159   1.8118  -0.1548   0.0000   0.1007   0.0006   0.0007   0.0108   0.0068   0.0068   0.0001   0.0000  -0.0107  -0.0124    1.818
   160   1.8120  -0.1505   0.0000   0.1001   0.0002   0.0002   0.0125   0.0025   0.0025   0.0000   0.0000  -0.0038  -0.0044    1.791

  Surface # 9     hstab_panel_0 (YDUP)                    
     # Chordwise = 12   # Spanwise = 20     First strip =161
     Surface area Ssurf =    0.043750     Ave. chord Cave =    0.125000

 Forces referred to Sref, Cref, Bref about Xref, Yref, Zref
 Standard axis orientation,  X fwd, Z down         
     CLsurf  =   0.00050     Clsurf  =  -0.00004
     CYsurf  =  -0.00000     Cmsurf  =  -0.00293
     CDsurf  =   0.00000     Cnsurf  =   0.00000
     CDisurf =   0.00000     CDvsurf =   0.00000

 Forces referred to Ssurf, Cave 
     CLsurf  =   0.01477     CDsurf  =   0.00006

 Strip Forces referred to Strip Area, Chord
    j     Xle      Yle      Zle      Chord    Area     c_cl     ai     cl_norm    cl       cd       cdv    cm_c/4     cm_LE   C.P.x/c
   161   1.8000   0.4995   0.0000   0.1499   0.0003   0.0004  -0.0893   0.0028   0.0028   0.0000   0.0000  -0.0029   0.0036    1.270
   162   1.8002   0.4952   0.0000   0.1493   0.0010   0.0012  -0.0063   0.0083   0.0083   0.0001   0.0000  -0.0085   0.0105    1.273
   163   1.8005   0.4867   0.0000   0.1481   0.0016   0.0019   0.0053   0.0128   0.0128   0.0001   0.0000  -0.0133   0.0165    1.287
   164   1.8009   0.4742   0.0000   0.1463   0.0021   0.0023   0.0077   0.0160   0.0160   0.0001   0.0000  -0.0171   0.0210    1.319
   165   1.8014   0.4581   0.0000   0.1440   0.0026   0.0025   0.0070   0.0175   0.0175   0.0001   0.0000  -0.0195   0.0239    1.362
   166   1.8021   0.4387   0.0000   0.1412   0.0029   0.0025   0.0044   0.0180   0.0180   0.0001   0.0000  -0.0209   0.0254    1.412
   167   1.8029   0.4164   0.0000   0.1381   0.0032   0.0025   0.0052   0.0178   0.0178   0.0001   0.0000  -0.0216   0.0260    1.463
   168   1.8037   0.3920   0.0000   0.1346   0.0034   0.0023   0.0043   0.0173   0.0173   0.0001   0.0000  -0.0219   0.0262    1.517
   169   1.8046   0.3659   0.0000   0.1308   0.0035   0.0022   0.0036   0.0167   0.0167   0.0001   0.0000  -0.0221   0.0262    1.575
   170   1.8055   0.3387   0.0000   0.1270   0.0035   0.0020   0.0041   0.0159   0.0159   0.0001   0.0000  -0.0221   0.0261    1.638
   171   1.8065   0.3113   0.0000   0.1230   0.0034   0.0019   0.0032   0.0152   0.0152   0.0000   0.0000  -0.0221   0.0259    1.707
   172   1.8074   0.2841   0.0000   0.1192   0.0032   0.0017   0.0029   0.0144   0.0144   0.0000   0.0000  -0.0220   0.0256    1.778
   173   1.8083   0.2580   0.0000   0.1154   0.0029   0.0016   0.0044   0.0137   0.0137   0.0000   0.0000  -0.0219   0.0254    1.848
   174   1.8091   0.2336   0.0000   0.1119   0.0026   0.0015   0.0031   0.0131   0.0131   0.0000   0.0000  -0.0218   0.0250    1.907
   175   1.8099   0.2113   0.0000   0.1088   0.0023   0.0014   0.0034   0.0126   0.0126   0.0000   0.0000  -0.0214   0.0245    1.942
   176   1.8106   0.1919   0.0000   0.1060   0.0019   0.0013   0.0041   0.0122   0.0122   0.0000   0.0000  -0.0206   0.0236    1.944
   177   1.8111   0.1758   0.0000   0.1037   0.0015   0.0012   0.0061   0.0114   0.0114   0.0001   0.0000  -0.0189   0.0217    1.911
   178   1.8115   0.1633   0.0000   0.1019   0.0011   0.0010   0.0083   0.0098   0.0098   0.0001   0.0000  -0.0158   0.0182    1.859
   179   1.8118   0.1548   0.0000   0.1007   0.0006   0.0007   0.0108   0.0069   0.0069   0.0001   0.0000  -0.0107   0.0124    1.811
   180   1.8120   0.1505   0.0000   0.1001   0.0002   0.0002   0.0125   0.0025   0.0025   0.0000   0.0000  -0.0038   0.0044    1.785

  Surface #10     fin_panel_0                             
     # Chordwise = 12   # Spanwise = 20     First strip =181
     Surface area Ssurf =    0.050000     Ave. chord Cave =    0.125000

 Forces referred to Sref, Cref, Bref about Xref, Yref, Zref
 Standard axis orientation,  X fwd, Z down         
     CLsurf  =  -0.00000     Clsurf  =   0.00000
     CYsurf  =   0.00004     Cmsurf  =   0.00000
     CDsurf  =  -0.00000     Cnsurf  =  -0.00001
     CDisurf =  -0.00000     CDvsurf =   0.00000

 Forces referred to Ssurf, Cave 
     CLsurf  =   0.00099     CDsurf  =  -0.00001

 Strip Forces referred to Strip Area, Chord
    j     Xle      Yle      Zle      Chord    Area     c_cl     ai     cl_norm    cl       cd       cdv    cm_c/4     cm_LE   C.P.x/c
   181   1.8000  -0.5000   0.3994   0.1499   0.0004   0.0001   0.0014   0.0005   0.0005   0.0000   0.0000   0.0001  -0.0000    0.092
   182   1.8002  -0.5000   0.3945   0.1493   0.0011   0.0002   0.0014   0.0014   0.0014   0.0000   0.0000   0.0002  -0.0001    0.104
   183   1.8005  -0.5000   0.3848   0.1481   0.0018   0.0003   0.0013   0.0022   0.0022   0.0000   0.0000   0.0003  -0.0003    0.122
   184   1.8009  -0.5000   0.3705   0.1463   0.0024   0.0004   0.0012   0.0029   0.0029   0.0000   0.0000   0.0003  -0.0004    0.142
   185   1.8014  -0.5000   0.3521   0.1440   0.0029   0.0005   0.0011   0.0034   0.0034   0.0000   0.0000   0.0003  -0.0005    0.161
   186   1.8021  -0.5000   0.3299   0.1412   0.0034   0.0005   0.0010   0.0037   0.0037   0.0000   0.0000   0.0003  -0.0007    0.176
   187   1.8029  -0.5000   0.3045   0.1381   0.0037   0.0005   0.0008   0.0038   0.0038   0.0000   0.0000   0.0002  -0.0007    0.186
   188   1.8037  -0.5000   0.2765   0.1346   0.0039   0.0005   0.0007   0.0037   0.0037   0.0000   0.0000   0.0002  -0.0007    0.191
   189   1.8046  -0.5000   0.2467   0.1308   0.0040   0.0004   0.0005   0.0033   0.0033   0.0000   0.0000   0.0002  -0.0006    0.190
   190   1.8055  -0.5000   0.2157   0.1270   0.0040   0.0004   0.0003   0.0028   0.0028   0.0000   0.0000   0.0002  -0.0005    0.179
   191   1.8065  -0.5000   0.1843   0.1230   0.0038   0.0003   0.0002   0.0020   0.0020  -0.0000   0.0000   0.0002  -0.0003    0.151
   192   1.8074  -0.5000   0.1533   0.1192   0.0036   0.0001   0.0001   0.0011   0.0011  -0.0000   0.0000   0.0002  -0.0001    0.060
   193   1.8083  -0.5000   0.1235   0.1154   0.0033   0.0000  -0.0001   0.0000   0.0000  -0.0000   0.0000   0.0002   0.0002  999.000
   194   1.8091  -0.5000   0.0955   0.1119   0.0030  -0.0001  -0.0003  -0.0013  -0.0013  -0.0000   0.0000   0.0002   0.0005    0.395
   195   1.8099  -0.5000   0.0701   0.1088   0.0026  -0.0003  -0.0005  -0.0028  -0.0028  -0.0000   0.0000   0.0000   0.0007    0.261
   196   1.8106  -0.5000   0.0479   0.1060   0.0022  -0.0005  -0.0011  -0.0045  -0.0045  -0.0000   0.0000  -0.0005   0.0007    0.149
   197   1.8111  -0.5000   0.0295   0.1037   0.0017  -0.0007  -0.0019  -0.0063  -0.0063  -0.0000   0.0000  -0.0016  -0.0000   -0.007
   198   1.8115  -0.5000   0.0152   0.1019   0.0012  -0.0008  -0.0031  -0.0078  -0.0078  -0.0000   0.0000  -0.0037  -0.0017   -0.224
   199   1.8118  -0.5000   0.0055   0.1007   0.0007  -0.0009  -0.0043  -0.0089  -0.0089  -0.0001   0.0000  -0.0063  -0.0040   -0.456
   200   1.8120  -0.5000   0.0006   0.1001   0.0002  -0.0010  -0.0160  -0.0097  -0.0097  -0.0007   0.0000  -0.0080  -0.0056   -0.577
 ---------------------------------------------------------------
