 ---------------------------------------------------------------
 Surface and Strip Forces by surface

  Sref =  1.2850       Cref = 0.25900       Bref =  4.9540    
  Xref = 0.50000       Yref =  0.0000       Zref =  0.0000    

  Surface # 1     main_wing_panel_0                       
     # Chordwise = 12   # Spanwise = 20     First strip =  1
     Surface area Ssurf =    0.365400     Ave. chord Cave =    0.290000

 Forces referred to Sref, Cref, Bref about Xref, Yref, Zref
 Standard axis orientation,  X fwd, Z down         
     CLsurf  =   0.14578     Clsurf  =  -0.01836
     CYsurf  =  -0.00000     Cmsurf  =   0.02465
     CDsurf  =   0.00101     Cnsurf  =  -0.00081
     CDisurf =   0.00101     CDvsurf =   0.00000

 Forces referred to Ssurf, Cave 
     CLsurf  =   0.51267     CDsurf  =   0.00354

 Strip Forces referred to Strip Area, Chord
    j     Xle      Yle      Zle      Chord    Area     c_cl     ai     cl_norm    cl       cd       cdv    cm_c/4     cm_LE   C.P.x/c
     1   0.4000   0.0019   0.0000   0.2900   0.0022   0.1509   0.0009   0.5207   0.5207   0.0032   0.0000   0.0292  -0.1009    0.194
     2   0.4000   0.0174   0.0000   0.2900   0.0067   0.1509   0.0008   0.5207   0.5207   0.0032   0.0000   0.0292  -0.1009    0.194
     3   0.4000   0.0480   0.0000   0.2900   0.0110   0.1509  -0.0004   0.5207   0.5207   0.0032   0.0000   0.0292  -0.1009    0.194
     4   0.4000   0.0928   0.0000   0.2900   0.0150   0.1508  -0.0056   0.5206   0.5206   0.0032   0.0000   0.0292  -0.1009    0.194
     5   0.4000   0.1509   0.0000   0.2900   0.0186   0.1508  -0.1022   0.5205   0.5205   0.0032   0.0000   0.0292  -0.1008    0.194
     6   0.4000   0.2208   0.0000   0.2900   0.0218   0.1507  -0.0559   0.5201   0.5201   0.0032   0.0000   0.0291  -0.1008    0.194
     7   0.4000   0.3008   0.0000   0.2900   0.0244   0.1505   0.0431   0.5196   0.5196   0.0032   0.0000   0.0291  -0.1006    0.194
     8   0.4000   0.3889   0.0000   0.2900   0.0265   0.1503   0.0288   0.5188   0.5188   0.0033   0.0000   0.0291  -0.1005    0.194
     9   0.4000   0.4829   0.0000   0.2900   0.0279   0.1500  -0.1013   0.5178   0.5178   0.0033   0.0000   0.0291  -0.1003    0.194
    10   0.4000   0.5806   0.0000   0.2900   0.0286   0.1496   0.0330   0.5164   0.5164   0.0034   0.0000   0.0290  -0.1000    0.194
    11   0.4000   0.6794   0.0000   0.2900   0.0286   0.1491   0.0205   0.5146   0.5146   0.0035   0.0000   0.0289  -0.0996    0.194
    12   0.4000   0.7771   0.0000   0.2900   0.0279   0.1485   0.1737   0.5124   0.5124   0.0036   0.0000   0.0288  -0.0991    0.194
    13   0.4000   0.8711   0.0000   0.2900   0.0265   0.1477  -0.0171   0.5099   0.5099   0.0037   0.0000   0.0288  -0.0986    0.194
    14   0.4000   0.9592   0.0000   0.2900   0.0244   0.1469   0.0072   0.5070   0.5070   0.0038   0.0000   0.0286  -0.0980    0.193
    15   0.4000   1.0392   0.0000   0.2900   0.0218   0.1460   0.0112   0.5039   0.5039   0.0039   0.0000   0.0285  -0.0973    0.193
    16   0.4000   1.1091   0.0000   0.2900   0.0186   0.1451   0.0131   0.5008   0.5008   0.0040   0.0000   0.0284  -0.0967    0.193
    17   0.4000   1.1672   0.0000   0.2900   0.0150   0.1442   0.0143   0.4978   0.4978   0.0042   0.0000   0.0283  -0.0960    0.193
    18   0.4000   1.2120   0.0000   0.2900   0.0110   0.1435   0.0152   0.4952   0.4952   0.0043   0.0000   0.0282  -0.0955    0.193
    19   0.4000   1.2426   0.0000   0.2900   0.0067   0.1429   0.0158   0.4932   0.4932   0.0044   0.0000   0.0281  -0.0951    0.193
    20   0.4000   1.2581   0.0000   0.2900   0.0022   0.1426   0.0161   0.4922   0.4922   0.0048   0.0000   0.0281  -0.0948    0.193

  Surface # 2     main_wing_panel_0 (YDUP)                
     # Chordwise = 12   # Spanwise = 20     First strip = 21
     Surface area Ssurf =    0.365400     Ave. chord Cave =    0.290000

 Forces referred to Sref, Cref, Bref about Xref, Yref, Zref
 Standard axis orientation,  X fwd, Z down         
     CLsurf  =   0.14578     Clsurf  =   0.01836
     CYsurf  =   0.00000     Cmsurf  =   0.02465
     CDsurf  =   0.00101     Cnsurf  =   0.00081
     CDisurf =   0.00101     CDvsurf =   0.00000

 Forces referred to Ssurf, Cave 
     CLsurf  =   0.51268     CDsurf  =   0.00354

 Strip Forces referred to Strip Area, Chord
    j     Xle      Yle      Zle      Chord    Area     c_cl     ai     cl_norm    cl       cd       cdv    cm_c/4     cm_LE   C.P.x/c
    21   0.4000  -0.0019   0.0000   0.2900   0.0022   0.1509   0.0009   0.5207   0.5207   0.0032   0.0000   0.0292   0.1009    0.194
    22   0.4000  -0.0174   0.0000   0.2900   0.0067   0.1509   0.0007   0.5207   0.5207   0.0032   0.0000   0.0292   0.1009    0.194
    23   0.4000  -0.0480   0.0000   0.2900   0.0110   0.1509  -0.0004   0.5207   0.5207   0.0032   0.0000   0.0292   0.1009    0.194
    24   0.4000  -0.0928   0.0000   0.2900   0.0150   0.1508  -0.0056   0.5206   0.5206   0.0032   0.0000   0.0292   0.1009    0.194
    25   0.4000  -0.1509   0.0000   0.2900   0.0186   0.1508  -0.1029   0.5205   0.5205   0.0032   0.0000   0.0292   0.1008    0.194
    26   0.4000  -0.2208   0.0000   0.2900   0.0218   0.1507  -0.0582   0.5201   0.5201   0.0032   0.0000   0.0291   0.1008    0.194
    27   0.4000  -0.3008   0.0000   0.2900   0.0244   0.1505   0.0453   0.5196   0.5196   0.0032   0.0000   0.0291   0.1006    0.194
    28   0.4000  -0.3889   0.0000   0.2900   0.0265   0.1503   0.0294   0.5189   0.5189   0.0033   0.0000   0.0291   0.1005    0.194
    29   0.4000  -0.4829   0.0000   0.2900   0.0279   0.1500  -0.0518   0.5178   0.5178   0.0033   0.0000   0.0291   0.1003    0.194
    30   0.4000  -0.5806   0.0000   0.2900   0.0286   0.1496   0.0366   0.5164   0.5164   0.0034   0.0000   0.0290   0.1000    0.194
    31   0.4000  -0.6794   0.0000   0.2900   0.0286   0.1491   0.0233   0.5146   0.5146   0.0035   0.0000   0.0289   0.0996    0.194
    32   0.4000  -0.7771   0.0000   0.2900   0.0279   0.1485   0.1708   0.5124   0.5124   0.0036   0.0000   0.0288   0.0991    0.194
    33   0.4000  -0.8711   0.0000   0.2900   0.0265   0.1477  -0.0169   0.5099   0.5099   0.0037   0.0000   0.0288   0.0986    0.194
    34   0.4000  -0.9592   0.0000   0.2900   0.0244   0.1469   0.0071   0.5070   0.5070   0.0038   0.0000   0.0286   0.0980    0.193
    35   0.4000  -1.0392   0.0000   0.2900   0.0218   0.1460   0.0111   0.5040   0.5040   0.0039   0.0000   0.0285   0.0973    0.193
    36   0.4000  -1.1091   0.0000   0.2900   0.0186   0.1451   0.0131   0.5008   0.5008   0.0040   0.0000   0.0284   0.0967    0.193
    37   0.4000  -1.1672   0.0000   0.2900   0.0150   0.1442   0.0143   0.4978   0.4978   0.0042   0.0000   0.0283   0.0960    0.193
    38   0.4000  -1.2120   0.0000   0.2900   0.0110   0.1435   0.0152   0.4952   0.4952   0.0043   0.0000   0.0282   0.0955    0.193
    39   0.4000  -1.2426   0.0000   0.2900   0.0067   0.1429   0.0158   0.4932   0.4932   0.0044   0.0000   0.0281   0.0951    0.193
    40   0.4000  -1.2581   0.0000   0.2900   0.0022   0.1426   0.0161   0.4922   0.4922   0.0048   0.0000   0.0281   0.0948    0.193

  Surface # 3     main_wing_panel_1                       
     # Chordwise = 12   # Spanwise = 20     First strip = 41
     Surface area Ssurf =    0.275268     Ave. chord Cave =    0.226186

 Forces referred to Sref, Cref, Bref about Xref, Yref, Zref
 Standard axis orientation,  X fwd, Z down         
     CLsurf  =   0.10070     Clsurf  =  -0.03585
     CYsurf  =  -0.00034     Cmsurf  =   0.01650
     CDsurf  =   0.00101     Cnsurf  =  -0.00146
     CDisurf =   0.00101     CDvsurf =   0.00000

 Forces referred to Ssurf, Cave 
     CLsurf  =   0.47009     CDsurf  =   0.00470

 Strip Forces referred to Strip Area, Chord
    j     Xle      Yle      Zle      Chord    Area     c_cl     ai     cl_norm    cl       cd       cdv    cm_c/4     cm_LE   C.P.x/c
    41   0.4000   1.2617   0.0000   0.2899   0.0020   0.1426   0.0162   0.4921   0.4921   0.0049   0.0000   0.0281  -0.0948    0.193
    42   0.4001   1.2754   0.0000   0.2895   0.0059   0.1423   0.0163   0.4918   0.4918   0.0045   0.0000   0.0281  -0.0947    0.193
    43   0.4003   1.3025   0.0000   0.2887   0.0097   0.1417   0.0165   0.4910   0.4910   0.0045   0.0000   0.0281  -0.0945    0.193
    44   0.4005   1.3423   0.0000   0.2876   0.0132   0.1407   0.0169   0.4896   0.4896   0.0045   0.0000   0.0281  -0.0942    0.193
    45   0.4009   1.3938   0.0000   0.2861   0.0163   0.1393   0.0174   0.4873   0.4873   0.0045   0.0000   0.0281  -0.0936    0.192
    46   0.4013   1.4558   0.0000   0.2842   0.0189   0.1374   0.0181   0.4839   0.4839   0.0047   0.0000   0.0280  -0.0928    0.192
    47   0.4017   1.5267   0.0000   0.2821   0.0211   0.1349   0.0191   0.4786   0.4786   0.0049   0.0000   0.0279  -0.0917    0.192
    48   0.4034   1.6218   0.0000   0.2760   0.0319   0.1312   0.0197   0.4756   0.4756   0.0049   0.0000   0.0281  -0.0907    0.191
    49   0.4064   1.7407   0.0000   0.2654   0.0323   0.1254   0.0204   0.4727   0.4727   0.0049   0.0000   0.0286  -0.0895    0.190
    50   0.4095   1.8476   0.0000   0.2533   0.0232   0.1186   0.0209   0.4687   0.4687   0.0050   0.0000   0.0289  -0.0881    0.188
    51   0.4125   1.9394   0.0000   0.2397   0.0219   0.1114   0.0209   0.4650   0.4650   0.0051   0.0000   0.0292  -0.0869    0.187
    52   0.4161   2.0215   0.0000   0.2255   0.0163   0.1037   0.0212   0.4603   0.4602   0.0050   0.0000   0.0295  -0.0854    0.186
    53   0.4201   2.0922   0.0000   0.2109   0.0145   0.0957   0.0216   0.4540   0.4540   0.0048   0.0000   0.0296  -0.0837    0.185
    54   0.4256   2.1823   0.0000   0.1881   0.0207   0.0852   0.0214   0.4535   0.4534   0.0048   0.0000   0.0299  -0.0832    0.184
    55   0.4331   2.2799   0.0000   0.1570   0.0133   0.0710   0.0207   0.4527   0.4527   0.0045   0.0000   0.0303  -0.0824    0.183
    56   0.4393   2.3401   0.0000   0.1327   0.0049   0.0589   0.0201   0.4442   0.4442   0.0038   0.0000   0.0307  -0.0797    0.181
    57   0.4433   2.3732   0.0000   0.1167   0.0034   0.0491   0.0201   0.4209   0.4209   0.0035   0.0000   0.0301  -0.0745    0.178
    58   0.4499   2.4149   0.0000   0.0897   0.0046   0.0373   0.0178   0.4164   0.4164   0.0030   0.0000   0.0313  -0.0716    0.175
    59   0.4623   2.4550   0.0000   0.0412   0.0012   0.0200  -0.0043   0.4866   0.4864  -0.0046   0.0000   0.0403  -0.0729    0.167
    60   0.4718   2.4745   0.0000   0.0046   0.0000   0.0043  -0.1028   0.9436   0.9432  -0.0662   0.0000   0.0739  -0.1445    0.172

  Surface # 4     main_wing_panel_1 (YDUP)                
     # Chordwise = 12   # Spanwise = 20     First strip = 61
     Surface area Ssurf =    0.275268     Ave. chord Cave =    0.226186

 Forces referred to Sref, Cref, Bref about Xref, Yref, Zref
 Standard axis orientation,  X fwd, Z down         
     CLsurf  =   0.10070     Clsurf  =   0.03585
     CYsurf  =   0.00034     Cmsurf  =   0.01650
     CDsurf  =   0.00101     Cnsurf  =   0.00146
     CDisurf =   0.00101     CDvsurf =   0.00000

 Forces referred to Ssurf, Cave 
     CLsurf  =   0.47009     CDsurf  =   0.00470

 Strip Forces referred to Strip Area, Chord
    j     Xle      Yle      Zle      Chord    Area     c_cl     ai     cl_norm    cl       cd       cdv    cm_c/4     cm_LE   C.P.x/c
    61   0.4000  -1.2617   0.0000   0.2899   0.0020   0.1426   0.0162   0.4921   0.4921   0.0049   0.0000   0.0281   0.0948    0.193
    62   0.4001  -1.2754   0.0000   0.2895   0.0059   0.1423   0.0162   0.4918   0.4918   0.0045   0.0000   0.0281   0.0947    0.193
    63   0.4003  -1.3025   0.0000   0.2887   0.0097   0.1417   0.0165   0.4910   0.4910   0.0045   0.0000   0.0281   0.0945    0.193
    64   0.4005  -1.3423   0.0000   0.2876   0.0132   0.1407   0.0168   0.4896   0.4896   0.0045   0.0000   0.0281   0.0942    0.193
    65   0.4009  -1.3938   0.0000   0.2861   0.0163   0.1393   0.0174   0.4873   0.4873   0.0045   0.0000   0.0281   0.0936    0.192
    66   0.4013  -1.4558   0.0000   0.2842   0.0189   0.1374   0.0181   0.4839   0.4839   0.0047   0.0000   0.0280   0.0928    0.192
    67   0.4017  -1.5267   0.0000   0.2821   0.0211   0.1349   0.0191   0.4786   0.4786   0.0049   0.0000   0.0279   0.0917    0.192
    68   0.4034  -1.6218   0.0000   0.2760   0.0319   0.1312   0.0197   0.4756   0.4756   0.0049   0.0000   0.0281   0.0907    0.191
    69   0.4064  -1.7407   0.0000   0.2654   0.0323   0.1254   0.0204   0.4728   0.4727   0.0049   0.0000   0.0286   0.0895    0.190
    70   0.4095  -1.8476   0.0000   0.2533   0.0232   0.1186   0.0209   0.4687   0.4687   0.0050   0.0000   0.0289   0.0881    0.188
    71   0.4125  -1.9394   0.0000   0.2397   0.0219   0.1114   0.0209   0.4650   0.4650   0.0051   0.0000   0.0292   0.0869    0.187
    72   0.4161  -2.0215   0.0000   0.2255   0.0163   0.1037   0.0212   0.4603   0.4602   0.0050   0.0000   0.0295   0.0854    0.186
    73   0.4201  -2.0922   0.0000   0.2109   0.0145   0.0957   0.0216   0.4540   0.4540   0.0048   0.0000   0.0296   0.0837    0.185
    74   0.4256  -2.1823   0.0000   0.1881   0.0207   0.0852   0.0214   0.4535   0.4534   0.0048   0.0000   0.0299   0.0832    0.184
    75   0.4331  -2.2799   0.0000   0.1570   0.0133   0.0710   0.0207   0.4527   0.4527   0.0045   0.0000   0.0303   0.0824    0.183
    76   0.4393  -2.3401   0.0000   0.1327   0.0049   0.0589   0.0201   0.4442   0.4442   0.0038   0.0000   0.0307   0.0797    0.181
    77   0.4433  -2.3732   0.0000   0.1167   0.0034   0.0491   0.0201   0.4209   0.4209   0.0035   0.0000   0.0301   0.0745    0.178
    78   0.4499  -2.4149   0.0000   0.0897   0.0046   0.0373   0.0178   0.4165   0.4164   0.0030   0.0000   0.0313   0.0716    0.175
    79   0.4623  -2.4550   0.0000   0.0412   0.0012   0.0200  -0.0043   0.4866   0.4864  -0.0046   0.0000   0.0403   0.0729    0.167
    80   0.4718  -2.4745   0.0000   0.0046   0.0000   0.0043  -0.1028   0.9436   0.9432  -0.0662   0.0000   0.0739   0.1445    0.172

  Surface # 5     hstab_panel_0                           
     # Chordwise = 12   # Spanwise = 20     First strip = 81
     Surface area Ssurf =    0.043750     Ave. chord Cave =    0.125000

 Forces referred to Sref, Cref, Bref about Xref, Yref, Zref
 Standard axis orientation,  X fwd, Z down         
     CLsurf  =   0.00405     Clsurf  =  -0.00054
     CYsurf  =  -0.00002     Cmsurf  =  -0.02097
     CDsurf  =   0.00011     Cnsurf  =  -0.00001
     CDisurf =   0.00011     CDvsurf =   0.00000

 Forces referred to Ssurf, Cave 
     CLsurf  =   0.11885     CDsurf  =   0.00331

 Strip Forces referred to Strip Area, Chord
    j     Xle      Yle      Zle      Chord    Area     c_cl     ai     cl_norm    cl       cd       cdv    cm_c/4     cm_LE   C.P.x/c
    81   1.8000   0.5005   0.0000   0.1499   0.0003   0.0099  -0.3327   0.0661   0.0661   0.0051   0.0000  -0.0005  -0.0171    0.258
    82   1.8002   0.5048   0.0000   0.1493   0.0010   0.0115  -0.0469   0.0768   0.0768   0.0029   0.0000  -0.0010  -0.0202    0.263
    83   1.8005   0.5133   0.0000   0.1481   0.0016   0.0132   0.0034   0.0890   0.0890   0.0030   0.0000  -0.0017  -0.0240    0.270
    84   1.8009   0.5258   0.0000   0.1463   0.0021   0.0148   0.0266   0.1013   0.1013   0.0031   0.0000  -0.0026  -0.0279    0.276
    85   1.8014   0.5419   0.0000   0.1440   0.0026   0.0161   0.0253   0.1121   0.1121   0.0032   0.0000  -0.0035  -0.0315    0.281
    86   1.8021   0.5613   0.0000   0.1412   0.0029   0.0171   0.0299   0.1209   0.1209   0.0033   0.0000  -0.0042  -0.0344    0.285
    87   1.8029   0.5836   0.0000   0.1381   0.0032   0.0176   0.0311   0.1276   0.1276   0.0034   0.0000  -0.0049  -0.0368    0.288
    88   1.8037   0.6080   0.0000   0.1346   0.0034   0.0178   0.0322   0.1325   0.1325   0.0035   0.0000  -0.0054  -0.0385    0.291
    89   1.8046   0.6341   0.0000   0.1308   0.0035   0.0178   0.0204   0.1357   0.1357   0.0036   0.0000  -0.0057  -0.0396    0.292
    90   1.8055   0.6613   0.0000   0.1270   0.0035   0.0174   0.0292   0.1374   0.1374   0.0036   0.0000  -0.0059  -0.0402    0.293
    91   1.8065   0.6887   0.0000   0.1230   0.0034   0.0169   0.0305   0.1373   0.1373   0.0036   0.0000  -0.0059  -0.0402    0.293
    92   1.8074   0.7159   0.0000   0.1192   0.0032   0.0161   0.0340   0.1355   0.1355   0.0036   0.0000  -0.0057  -0.0396    0.292
    93   1.8083   0.7420   0.0000   0.1154   0.0029   0.0152   0.0276   0.1316   0.1316   0.0035   0.0000  -0.0054  -0.0382    0.291
    94   1.8091   0.7664   0.0000   0.1119   0.0026   0.0140   0.0317   0.1252   0.1252   0.0034   0.0000  -0.0047  -0.0360    0.288
    95   1.8099   0.7887   0.0000   0.1088   0.0023   0.0126   0.0346   0.1159   0.1159   0.0033   0.0000  -0.0039  -0.0328    0.283
    96   1.8106   0.8081   0.0000   0.1060   0.0019   0.0109   0.0388   0.1030   0.1030   0.0030   0.0000  -0.0027  -0.0285    0.277
    97   1.8111   0.8242   0.0000   0.1037   0.0015   0.0089   0.1623   0.0862   0.0862   0.0026   0.0000  -0.0015  -0.0230    0.267
    98   1.8115   0.8367   0.0000   0.1019   0.0011   0.0067   0.0351   0.0654   0.0654   0.0021   0.0000  -0.0004  -0.0167    0.255
    99   1.8118   0.8452   0.0000   0.1007   0.0006   0.0041   0.0391   0.0410   0.0410   0.0014   0.0000   0.0003  -0.0100    0.243
   100   1.8120   0.8495   0.0000   0.1001   0.0002   0.0014   0.0408   0.0140   0.0140   0.0005   0.0000   0.0002  -0.0033    0.234

  Surface # 6     hstab_panel_0 (YDUP)                    
     # Chordwise = 12   # Spanwise = 20     First strip =101
     Surface area Ssurf =    0.043750     Ave. chord Cave =    0.125000

 Forces referred to Sref, Cref, Bref about Xref, Yref, Zref
 Standard axis orientation,  X fwd, Z down         
     CLsurf  =   0.00374     Clsurf  =   0.00051
     CYsurf  =   0.00002     Cmsurf  =  -0.01936
     CDsurf  =   0.00010     Cnsurf  =   0.00001
     CDisurf =   0.00010     CDvsurf =   0.00000

 Forces referred to Ssurf, Cave 
     CLsurf  =   0.10979     CDsurf  =   0.00305

 Strip Forces referred to Strip Area, Chord
    j     Xle      Yle      Zle      Chord    Area     c_cl     ai     cl_norm    cl       cd       cdv    cm_c/4     cm_LE   C.P.x/c
   101   1.8000  -0.5005   0.0000   0.1499   0.0003   0.0016  -0.1614   0.0106   0.0106   0.0004   0.0000   0.0002   0.0024    0.229
   102   1.8002  -0.5048   0.0000   0.1493   0.0010   0.0047  -0.0270   0.0317   0.0317   0.0011   0.0000   0.0004   0.0075    0.236
   103   1.8005  -0.5133   0.0000   0.1481   0.0016   0.0078   0.0047   0.0525   0.0525   0.0017   0.0000   0.0001   0.0130    0.247
   104   1.8009  -0.5258   0.0000   0.1463   0.0021   0.0106   0.0250   0.0725   0.0725   0.0023   0.0000  -0.0006   0.0187    0.258
   105   1.8014  -0.5419   0.0000   0.1440   0.0026   0.0130   0.0249   0.0906   0.0906   0.0027   0.0000  -0.0016   0.0243    0.268
   106   1.8021  -0.5613   0.0000   0.1412   0.0029   0.0149   0.0305   0.1053   0.1053   0.0030   0.0000  -0.0028   0.0291    0.276
   107   1.8029  -0.5836   0.0000   0.1381   0.0032   0.0161   0.0320   0.1166   0.1166   0.0032   0.0000  -0.0038   0.0329    0.282
   108   1.8037  -0.6080   0.0000   0.1346   0.0034   0.0168   0.0331   0.1248   0.1248   0.0034   0.0000  -0.0046   0.0358    0.287
   109   1.8046  -0.6341   0.0000   0.1308   0.0035   0.0171   0.0211   0.1304   0.1304   0.0035   0.0000  -0.0052   0.0377    0.290
   110   1.8055  -0.6613   0.0000   0.1270   0.0035   0.0170   0.0298   0.1337   0.1337   0.0035   0.0000  -0.0055   0.0389    0.291
   111   1.8065  -0.6887   0.0000   0.1230   0.0034   0.0166   0.0309   0.1347   0.1347   0.0035   0.0000  -0.0057   0.0393    0.292
   112   1.8074  -0.7159   0.0000   0.1192   0.0032   0.0159   0.0343   0.1337   0.1337   0.0035   0.0000  -0.0056   0.0390    0.292
   113   1.8083  -0.7420   0.0000   0.1154   0.0029   0.0150   0.0278   0.1303   0.1303   0.0035   0.0000  -0.0052   0.0378    0.290
   114   1.8091  -0.7664   0.0000   0.1119   0.0026   0.0139   0.0319   0.1243   0.1243   0.0034   0.0000  -0.0047   0.0357    0.287
   115   1.8099  -0.7887   0.0000   0.1088   0.0023   0.0125   0.0347   0.1152   0.1152   0.0032   0.0000  -0.0038   0.0326    0.283
   116   1.8106  -0.8081   0.0000   0.1060   0.0019   0.0109   0.0388   0.1025   0.1025   0.0030   0.0000  -0.0027   0.0283    0.276
   117   1.8111  -0.8242   0.0000   0.1037   0.0015   0.0089   0.1624   0.0859   0.0859   0.0026   0.0000  -0.0014   0.0229    0.267
   118   1.8115  -0.8367   0.0000   0.1019   0.0011   0.0066   0.0351   0.0652   0.0652   0.0021   0.0000  -0.0003   0.0166    0.255
   119   1.8118  -0.8452   0.0000   0.1007   0.0006   0.0041   0.0391   0.0409   0.0409   0.0014   0.0000   0.0003   0.0099    0.243
   120   1.8120  -0.8495   0.0000   0.1001   0.0002   0.0014   0.0409   0.0139   0.0139   0.0005   0.0000   0.0002   0.0033    0.233

  Surface # 7     fin_panel_0                             
     # Chordwise = 12   # Spanwise = 20     First strip =121
     Surface area Ssurf =    0.050000     Ave. chord Cave =    0.125000

 Forces referred to Sref, Cref, Bref about Xref, Yref, Zref
 Standard axis orientation,  X fwd, Z down         
     CLsurf  =   0.00000     Clsurf  =  -0.00002
     CYsurf  =  -0.00018     Cmsurf  =   0.00000
     CDsurf  =  -0.00000     Cnsurf  =   0.00005
     CDisurf =  -0.00000     CDvsurf =   0.00000

 Forces referred to Ssurf, Cave 
     CLsurf  =  -0.00472     CDsurf  =  -0.00007

 Strip Forces referred to Strip Area, Chord
    j     Xle      Yle      Zle      Chord    Area     c_cl     ai     cl_norm    cl       cd       cdv    cm_c/4     cm_LE   C.P.x/c
   121   1.8000   0.5000   0.3994   0.1499   0.0004  -0.0003  -0.0047  -0.0018  -0.0018   0.0000   0.0000   0.0004   0.0008    0.455
   122   1.8002   0.5000   0.3945   0.1493   0.0011  -0.0008  -0.0045  -0.0053  -0.0053   0.0000   0.0000   0.0011   0.0024    0.456
   123   1.8005   0.5000   0.3848   0.1481   0.0018  -0.0013  -0.0040  -0.0085  -0.0085   0.0000   0.0000   0.0017   0.0038    0.455
   124   1.8009   0.5000   0.3705   0.1463   0.0024  -0.0016  -0.0035  -0.0112  -0.0111   0.0000   0.0000   0.0023   0.0050    0.453
   125   1.8014   0.5000   0.3521   0.1440   0.0029  -0.0019  -0.0030  -0.0133  -0.0133   0.0000   0.0000   0.0027   0.0060    0.450
   126   1.8021   0.5000   0.3299   0.1412   0.0034  -0.0021  -0.0026  -0.0149  -0.0148   0.0000   0.0000   0.0029   0.0066    0.447
   127   1.8029   0.5000   0.3045   0.1381   0.0037  -0.0022  -0.0023  -0.0159  -0.0159   0.0000   0.0000   0.0031   0.0071    0.446
   128   1.8037   0.5000   0.2765   0.1346   0.0039  -0.0022  -0.0020  -0.0165  -0.0164   0.0000   0.0000   0.0032   0.0073    0.446
   129   1.8046   0.5000   0.2467   0.1308   0.0040  -0.0021  -0.0020  -0.0164  -0.0164   0.0000   0.0000   0.0033   0.0073    0.449
   130   1.8055   0.5000   0.2157   0.1270   0.0040  -0.0020  -0.0020  -0.0157  -0.0157   0.0000   0.0000   0.0032   0.0071    0.456
   131   1.8065   0.5000   0.1843   0.1230   0.0038  -0.0017  -0.0022  -0.0142  -0.0142   0.0000   0.0000   0.0031   0.0066    0.469
   132   1.8074   0.5000   0.1533   0.1192   0.0036  -0.0014  -0.0025  -0.0117  -0.0117   0.0000   0.0000   0.0029   0.0058    0.498
   133   1.8083   0.5000   0.1235   0.1154   0.0033  -0.0009  -0.0029  -0.0077  -0.0077   0.0000   0.0000   0.0025   0.0044    0.580
   134   1.8091   0.5000   0.0955   0.1119   0.0030  -0.0002  -0.0032  -0.0016  -0.0016   0.0000   0.0000   0.0020   0.0024    1.467
   135   1.8099   0.5000   0.0701   0.1088   0.0026   0.0008  -0.0029   0.0074   0.0074  -0.0000   0.0000   0.0012  -0.0007    0.094
   136   1.8106   0.5000   0.0479   0.1060   0.0022   0.0022  -0.0007   0.0205   0.0205  -0.0001   0.0000   0.0001  -0.0050    0.244
   137   1.8111   0.5000   0.0295   0.1037   0.0017   0.0039   0.0065   0.0381   0.0380  -0.0002   0.0000  -0.0009  -0.0104    0.274
   138   1.8115   0.5000   0.0152   0.1019   0.0012   0.0059   0.0234   0.0585   0.0584  -0.0006   0.0000  -0.0016  -0.0161    0.277
   139   1.8118   0.5000   0.0055   0.1007   0.0007   0.0078   0.0592   0.0775   0.0773  -0.0012   0.0000  -0.0015  -0.0207    0.269
   140   1.8120   0.5000   0.0006   0.1001   0.0002   0.0090   0.2008   0.0906   0.0903  -0.0063   0.0000  -0.0012  -0.0236    0.263

  Surface # 8     hstab_panel_0                           
     # Chordwise = 12   # Spanwise = 20     First strip =141
     Surface area Ssurf =    0.043750     Ave. chord Cave =    0.125000

 Forces referred to Sref, Cref, Bref about Xref, Yref, Zref
 Standard axis orientation,  X fwd, Z down         
     CLsurf  =   0.00422     Clsurf  =   0.00029
     CYsurf  =  -0.00002     Cmsurf  =  -0.02186
     CDsurf  =   0.00011     Cnsurf  =   0.00001
     CDisurf =   0.00011     CDvsurf =   0.00000

 Forces referred to Ssurf, Cave 
     CLsurf  =   0.12393     CDsurf  =   0.00334

 Strip Forces referred to Strip Area, Chord
    j     Xle      Yle      Zle      Chord    Area     c_cl     ai     cl_norm    cl       cd       cdv    cm_c/4     cm_LE   C.P.x/c
   141   1.8000  -0.4995   0.0000   0.1499   0.0003   0.0106  -0.3238   0.0702   0.0702   0.0056   0.0000  -0.0008  -0.0184    0.261
   142   1.8002  -0.4952   0.0000   0.1493   0.0010   0.0121  -0.0453   0.0810   0.0810   0.0031   0.0000  -0.0013  -0.0216    0.266
   143   1.8005  -0.4867   0.0000   0.1481   0.0016   0.0138   0.0026   0.0931   0.0931   0.0031   0.0000  -0.0021  -0.0254    0.272
   144   1.8009  -0.4742   0.0000   0.1463   0.0021   0.0154   0.0206   0.1054   0.1054   0.0032   0.0000  -0.0029  -0.0293    0.278
   145   1.8014  -0.4581   0.0000   0.1440   0.0026   0.0167   0.0270   0.1163   0.1163   0.0033   0.0000  -0.0038  -0.0328    0.283
   146   1.8021  -0.4387   0.0000   0.1412   0.0029   0.0177   0.0225   0.1251   0.1251   0.0034   0.0000  -0.0045  -0.0358    0.286
   147   1.8029  -0.4164   0.0000   0.1381   0.0032   0.0182   0.0312   0.1320   0.1320   0.0035   0.0000  -0.0052  -0.0381    0.289
   148   1.8037  -0.3920   0.0000   0.1346   0.0034   0.0185   0.0297   0.1371   0.1371   0.0035   0.0000  -0.0056  -0.0399    0.291
   149   1.8046  -0.3659   0.0000   0.1308   0.0035   0.0184   0.0284   0.1407   0.1407   0.0036   0.0000  -0.0060  -0.0411    0.292
   150   1.8055  -0.3387   0.0000   0.1270   0.0035   0.0181   0.0320   0.1427   0.1427   0.0036   0.0000  -0.0061  -0.0418    0.293
   151   1.8065  -0.3113   0.0000   0.1230   0.0034   0.0176   0.0289   0.1430   0.1430   0.0036   0.0000  -0.0061  -0.0418    0.293
   152   1.8074  -0.2841   0.0000   0.1192   0.0032   0.0169   0.0285   0.1415   0.1415   0.0036   0.0000  -0.0059  -0.0413    0.292
   153   1.8083  -0.2580   0.0000   0.1154   0.0029   0.0159   0.0366   0.1379   0.1379   0.0035   0.0000  -0.0055  -0.0400    0.290
   154   1.8091  -0.2336   0.0000   0.1119   0.0026   0.0147   0.0308   0.1316   0.1316   0.0034   0.0000  -0.0049  -0.0378    0.287
   155   1.8099  -0.2113   0.0000   0.1088   0.0023   0.0133   0.0319   0.1222   0.1222   0.0033   0.0000  -0.0040  -0.0345    0.282
   156   1.8106  -0.1919   0.0000   0.1060   0.0019   0.0115   0.0329   0.1089   0.1089   0.0030   0.0000  -0.0028  -0.0300    0.275
   157   1.8111  -0.1758   0.0000   0.1037   0.0015   0.0095   0.0367   0.0914   0.0914   0.0027   0.0000  -0.0014  -0.0243    0.266
   158   1.8115  -0.1633   0.0000   0.1019   0.0011   0.0071   0.0382   0.0694   0.0694   0.0022   0.0000  -0.0003  -0.0176    0.254
   159   1.8118  -0.1548   0.0000   0.1007   0.0006   0.0044   0.0398   0.0436   0.0436   0.0015   0.0000   0.0004  -0.0105    0.241
   160   1.8120  -0.1505   0.0000   0.1001   0.0002   0.0015   0.0409   0.0149   0.0149   0.0006   0.0000   0.0003  -0.0034    0.232

  Surface # 9     hstab_panel_0 (YDUP)                    
     # Chordwise = 12   # Spanwise = 20     First strip =161
     Surface area Ssurf =    0.043750     Ave. chord Cave =    0.125000

 Forces referred to Sref, Cref, Bref about Xref, Yref, Zref
 Standard axis orientation,  X fwd, Z down         
     CLsurf  =   0.00388     Clsurf  =  -0.00026
     CYsurf  =   0.00002     Cmsurf  =  -0.02011
     CDsurf  =   0.00010     Cnsurf  =  -0.00001
     CDisurf =   0.00010     CDvsurf =   0.00000

 Forces referred to Ssurf, Cave 
     CLsurf  =   0.11405     CDsurf  =   0.00307

 Strip Forces referred to Strip Area, Chord
    j     Xle      Yle      Zle      Chord    Area     c_cl     ai     cl_norm    cl       cd       cdv    cm_c/4     cm_LE   C.P.x/c
   161   1.8000   0.4995   0.0000   0.1499   0.0003   0.0016  -0.1621   0.0109   0.0109   0.0004   0.0000   0.0002   0.0025    0.232
   162   1.8002   0.4952   0.0000   0.1493   0.0010   0.0049  -0.0281   0.0325   0.0325   0.0011   0.0000   0.0004   0.0078    0.239
   163   1.8005   0.4867   0.0000   0.1481   0.0016   0.0080   0.0030   0.0539   0.0539   0.0018   0.0000   0.0000   0.0134    0.249
   164   1.8009   0.4742   0.0000   0.1463   0.0021   0.0109   0.0189   0.0745   0.0745   0.0023   0.0000  -0.0007   0.0194    0.260
   165   1.8014   0.4581   0.0000   0.1440   0.0026   0.0134   0.0267   0.0931   0.0931   0.0027   0.0000  -0.0018   0.0251    0.270
   166   1.8021   0.4387   0.0000   0.1412   0.0029   0.0153   0.0232   0.1083   0.1083   0.0031   0.0000  -0.0030   0.0300    0.277
   167   1.8029   0.4164   0.0000   0.1381   0.0032   0.0166   0.0322   0.1200   0.1200   0.0033   0.0000  -0.0040   0.0340    0.283
   168   1.8037   0.3920   0.0000   0.1346   0.0034   0.0173   0.0308   0.1287   0.1287   0.0034   0.0000  -0.0048   0.0369    0.287
   169   1.8046   0.3659   0.0000   0.1308   0.0035   0.0176   0.0293   0.1348   0.1348   0.0035   0.0000  -0.0054   0.0390    0.290
   170   1.8055   0.3387   0.0000   0.1270   0.0035   0.0176   0.0327   0.1385   0.1385   0.0035   0.0000  -0.0057   0.0403    0.291
   171   1.8065   0.3113   0.0000   0.1230   0.0034   0.0172   0.0294   0.1400   0.1400   0.0035   0.0000  -0.0058   0.0408    0.292
   172   1.8074   0.2841   0.0000   0.1192   0.0032   0.0166   0.0289   0.1394   0.1394   0.0035   0.0000  -0.0057   0.0406    0.291
   173   1.8083   0.2580   0.0000   0.1154   0.0029   0.0157   0.0369   0.1363   0.1363   0.0035   0.0000  -0.0054   0.0395    0.290
   174   1.8091   0.2336   0.0000   0.1119   0.0026   0.0146   0.0310   0.1305   0.1305   0.0034   0.0000  -0.0048   0.0374    0.287
   175   1.8099   0.2113   0.0000   0.1088   0.0023   0.0132   0.0321   0.1213   0.1213   0.0033   0.0000  -0.0039   0.0342    0.282
   176   1.8106   0.1919   0.0000   0.1060   0.0019   0.0115   0.0331   0.1083   0.1083   0.0030   0.0000  -0.0027   0.0298    0.275
   177   1.8111   0.1758   0.0000   0.1037   0.0015   0.0094   0.0368   0.0909   0.0909   0.0027   0.0000  -0.0014   0.0241    0.265
   178   1.8115   0.1633   0.0000   0.1019   0.0011   0.0070   0.0383   0.0691   0.0691   0.0022   0.0000  -0.0002   0.0175    0.254
   179   1.8118   0.1548   0.0000   0.1007   0.0006   0.0044   0.0398   0.0434   0.0434   0.0015   0.0000   0.0004   0.0104    0.241
   180   1.8120   0.1505   0.0000   0.1001   0.0002   0.0015   0.0410   0.0148   0.0148   0.0006   0.0000   0.0003   0.0034    0.231

  Surface #10     fin_panel_0                             
     # Chordwise = 12   # Spanwise = 20     First strip =181
     Surface area Ssurf =    0.050000     Ave. chord Cave =    0.125000

 Forces referred to Sref, Cref, Bref about Xref, Yref, Zref
 Standard axis orientation,  X fwd, Z down         
     CLsurf  =   0.00000     Clsurf  =  -0.00000
     CYsurf  =   0.00021     Cmsurf  =   0.00000
     CDsurf  =  -0.00000     Cnsurf  =  -0.00005
     CDisurf =  -0.00000     CDvsurf =   0.00000

 Forces referred to Ssurf, Cave 
     CLsurf  =   0.00536     CDsurf  =  -0.00009

 Strip Forces referred to Strip Area, Chord
    j     Xle      Yle      Zle      Chord    Area     c_cl     ai     cl_norm    cl       cd       cdv    cm_c/4     cm_LE   C.P.x/c
   181   1.8000  -0.5000   0.3994   0.1499   0.0004  -0.0001  -0.0060  -0.0007  -0.0007   0.0000   0.0000   0.0004   0.0006    0.886
   182   1.8002  -0.5000   0.3945   0.1493   0.0011  -0.0003  -0.0058  -0.0020  -0.0020   0.0000   0.0000   0.0013   0.0018    0.883
   183   1.8005  -0.5000   0.3848   0.1481   0.0018  -0.0005  -0.0054  -0.0031  -0.0031   0.0000   0.0000   0.0019   0.0027    0.879
   184   1.8009  -0.5000   0.3705   0.1463   0.0024  -0.0006  -0.0050  -0.0039  -0.0039   0.0000   0.0000   0.0024   0.0034    0.874
   185   1.8014  -0.5000   0.3521   0.1440   0.0029  -0.0006  -0.0047  -0.0045  -0.0045   0.0000   0.0000   0.0028   0.0039    0.868
   186   1.8021  -0.5000   0.3299   0.1412   0.0034  -0.0007  -0.0044  -0.0048  -0.0048   0.0000   0.0000   0.0029   0.0041    0.866
   187   1.8029  -0.5000   0.3045   0.1381   0.0037  -0.0007  -0.0042  -0.0049  -0.0048   0.0000   0.0000   0.0030   0.0042    0.873
   188   1.8037  -0.5000   0.2765   0.1346   0.0039  -0.0006  -0.0042  -0.0047  -0.0047   0.0000   0.0000   0.0030   0.0042    0.897
   189   1.8046  -0.5000   0.2467   0.1308   0.0040  -0.0006  -0.0042  -0.0043  -0.0043   0.0000   0.0000   0.0030   0.0041    0.954
   190   1.8055  -0.5000   0.2157   0.1270   0.0040  -0.0004  -0.0043  -0.0035  -0.0035   0.0000   0.0000   0.0029   0.0038    1.096
   191   1.8065  -0.5000   0.1843   0.1230   0.0038  -0.0003  -0.0045  -0.0021  -0.0021   0.0000   0.0000   0.0028   0.0033    1.572
   192   1.8074  -0.5000   0.1533   0.1192   0.0036   0.0000  -0.0048   0.0001   0.0001   0.0000   0.0000   0.0026   0.0025  999.000
   193   1.8083  -0.5000   0.1235   0.1154   0.0033   0.0004  -0.0052   0.0035   0.0035  -0.0000   0.0000   0.0022   0.0013   -0.371
   194   1.8091  -0.5000   0.0955   0.1119   0.0030   0.0010  -0.0056   0.0089   0.0089  -0.0000   0.0000   0.0016  -0.0006    0.069
   195   1.8099  -0.5000   0.0701   0.1088   0.0026   0.0019  -0.0055   0.0171   0.0171  -0.0001   0.0000   0.0008  -0.0035    0.204
   196   1.8106  -0.5000   0.0479   0.1060   0.0022   0.0031  -0.0034   0.0293   0.0292  -0.0002   0.0000  -0.0003  -0.0076    0.260
   197   1.8111  -0.5000   0.0295   0.1037   0.0017   0.0048   0.0035   0.0460   0.0459  -0.0003   0.0000  -0.0014  -0.0128    0.280
   198   1.8115  -0.5000   0.0152   0.1019   0.0012   0.0067   0.0202   0.0656   0.0654  -0.0007   0.0000  -0.0020  -0.0183    0.281
   199   1.8118  -0.5000   0.0055   0.1007   0.0007   0.0084   0.0554   0.0840   0.0838  -0.0013   0.0000  -0.0020  -0.0229    0.274
   200   1.8120  -0.5000   0.0006   0.1001   0.0002   0.0097   0.1923   0.0968   0.0966  -0.0070   0.0000  -0.0017  -0.0257    0.268
 ---------------------------------------------------------------
