 ---------------------------------------------------------------
 Vortex Lattice Output -- Total Forces

 Configuration: MACE0                                                       
     # Surfaces =  10
     # Strips   = 200
     # Vortices =2400

  Sref =  1.2850       Cref = 0.25900       Bref =  4.9540    
  Xref = 0.50000       Yref =  0.0000       Zref =  0.0000    

 Standard axis orientation,  X fwd, Z down         

 Run case: u_13_sl                                 

  Alpha =   0.88339     pb/2V =  -0.00000     p'b/2V =  -0.00000
  Beta  =   0.00000     qc/2V =  -0.00000
  Mach  =     0.000     rb/2V =  -0.00000     r'b/2V =  -0.00000

  CXtot =   0.00323     Cltot =  -0.00001     Cl'tot =  -0.00001
  CYtot =   0.00002     Cmtot =  -0.00000
  CZtot =  -0.33180     Cntot =  -0.00000     Cn'tot =  -0.00000

  CLtot =   0.33182
  CDtot =   0.00188
  CDvis =   0.00000     CDind = 0.0018823
  CLff  =   0.33184     CDff  = 0.0015407    | Trefftz
  CYff  =   0.00002         e =    1.1912    | Plane  

   elevator        =   1.25063
   rudder          =  -0.31348

 ---------------------------------------------------------------
