 ---------------------------------------------------------------
 Vortex Lattice Output -- Total Forces

 Configuration: MACE0                                                       
     # Surfaces =  10
     # Strips   = 200
     # Vortices =2400

  Sref =  1.2850       Cref = 0.25900       Bref =  4.9540    
  Xref = 0.50000       Yref =  0.0000       Zref =  0.0000    

 Standard axis orientation,  X fwd, Z down         

 Run case: u_14_9000m                              

  Alpha =   4.94323     pb/2V =  -0.00000     p'b/2V =  -0.00000
  Beta  =   0.00000     qc/2V =   0.00000
  Mach  =     0.000     rb/2V =  -0.00000     r'b/2V =  -0.00000

  CXtot =   0.05499     Cltot =  -0.00005     Cl'tot =  -0.00005
  CYtot =   0.00005     Cmtot =  -0.00000
  CZtot =  -0.74835     Cntot =  -0.00000     Cn'tot =  -0.00000

  CLtot =   0.75030
  CDtot =   0.00969
  CDvis =   0.00000     CDind = 0.0096945
  CLff  =   0.75113     CDff  = 0.0079799    | Trefftz
  CYff  =   0.00004         e =    1.1783    | Plane  

   elevator        =  -0.51902
   rudder          =  -0.54657

 ---------------------------------------------------------------
