 ---------------------------------------------------------------
 Vortex Lattice Output -- Total Forces

 Configuration: MACE0                                                       
     # Surfaces =  10
     # Strips   = 200
     # Vortices =2400

  Sref =  1.2850       Cref = 0.25900       Bref =  4.9540    
  Xref = 0.50000       Yref =  0.0000       Zref =  0.0000    

 Standard axis orientation,  X fwd, Z down         

 Run case: u_16_sl                                 

  Alpha =  -2.18938     pb/2V =  -0.00000     p'b/2V =  -0.00000
  Beta  =   0.00000     qc/2V =  -0.00000
  Mach  =     0.000     rb/2V =  -0.00000     r'b/2V =  -0.00000

  CXtot =  -0.00089     Cltot =   0.00001     Cl'tot =   0.00001
  CYtot =   0.00000     Cmtot =  -0.00000
  CZtot =  -0.02231     Cntot =  -0.00000     Cn'tot =  -0.00000

  CLtot =   0.02233
  CDtot =   0.00003
  CDvis =   0.00000     CDind = 0.0000321
  CLff  =   0.02233     CDff  = 0.0000148    | Trefftz
  CYff  =  -0.00000         e =    0.5606    | Plane  

   elevator        =   3.45060
   rudder          =  -0.02068

 ---------------------------------------------------------------
