 ---------------------------------------------------------------
 Vortex Lattice Output -- Total Forces

 Configuration: MACE0                                                       
     # Surfaces =  10
     # Strips   = 200
     # Vortices =2400

  Sref =  1.2850       Cref = 0.25900       Bref =  4.9540    
  Xref = 0.50000       Yref =  0.0000       Zref =  0.0000    

 Standard axis orientation,  X fwd, Z down         

 Run case: u_19_9000m                              

  Alpha =   2.06668     pb/2V =  -0.00000     p'b/2V =  -0.00000
  Beta  =   0.00000     qc/2V =  -0.00000
  Mach  =     0.000     rb/2V =  -0.00000     r'b/2V =  -0.00000

  CXtot =   0.01184     Cltot =  -0.00002     Cl'tot =  -0.00002
  CYtot =   0.00001     Cmtot =  -0.00000
  CZtot =  -0.40720     Cntot =  -0.00000     Cn'tot =  -0.00000

  CLtot =   0.40737
  CDtot =   0.00285
  CDvis =   0.00000     CDind = 0.0028529
  CLff  =   0.40747     CDff  = 0.0023128    | Trefftz
  CYff  =   0.00001         e =    1.1964    | Plane  

   elevator        =   0.61558
   rudder          =  -0.22708

 ---------------------------------------------------------------
